fraction of nonzero weights with >=1..>=5 trailing zero mantissa bits
                                      0.500 0.250 0.125 0.062 0.031   <- true bf16
   L1.kda.in_proj                     0.908 0.878 0.871 0.869 0.462   fp8 upcast
   L1.kda.o_proj                      0.889 0.851 0.843 0.841 0.446   fp8 upcast
   L20.kda.in_proj                    0.895 0.859 0.851 0.850 0.450   fp8 upcast
   L20.kda.o_proj                     0.881 0.839 0.830 0.829 0.438   fp8 upcast
   L1.in_norm                         0.510 0.249 0.120 0.051 0.014   true bf16
   embed                              0.500 0.250 0.125 0.063 0.032   true bf16
   head                               0.500 0.250 0.126 0.063 0.032   true bf16

fraction of nonzero weights with >=1..>=5 trailing zero mantissa bits
                                      0.500 0.250 0.125 0.062 0.031   <- true bf16
   L1.kda.in_proj [q/k/v]             0.908 0.878 0.871 0.869 0.462   fp8 upcast
   L1.kda.in_proj [beta]              0.502 0.251 0.126 0.064 0.033   true bf16
   L1.kda.in_proj [fa]                0.500 0.250 0.126 0.063 0.032   true bf16
   L1.kda.in_proj [ga]                0.500 0.251 0.126 0.063 0.032   true bf16
   L20.kda.in_proj [q/k/v]            0.895 0.859 0.851 0.850 0.450   fp8 upcast
   L20.kda.in_proj [beta]             0.498 0.248 0.125 0.063 0.031   true bf16
   L20.kda.in_proj [fa]               0.500 0.250 0.125 0.062 0.032   true bf16
   L20.kda.in_proj [ga]               0.501 0.251 0.126 0.063 0.032   true bf16

control -- a separately trained bf16 model (DFlash2 drafter):
fraction of nonzero weights with >=1..>=5 trailing zero mantissa bits
                                      0.500 0.250 0.125 0.062 0.031   <- true bf16
   layers.0.self_attn.k_proj.weight   0.500 0.250 0.125 0.062 0.032   true bf16
   layers.0.mlp.down_proj.weight      0.500 0.250 0.125 0.063 0.031   true bf16
   fc.weight                          0.500 0.250 0.125 0.063 0.031   true bf16
