  ok          tests.test_engine_arena_admission            13 tests
  ok          tests.test_engine_async_sampling             6 tests
  ok          tests.test_engine_boot_readiness             6 tests
  FAILED      tests.test_engine_bootpaths                  5 tests  2 errors -- test_a_node_that_fails_stops_the_rest: FileNotFoundError: [Errno 2] No such file or directory: '/repo/launchers/start-st-glm53.sh
  ok          tests.test_engine_boundary_stage             3 tests, 1 skipped
  ok          tests.test_engine_bounded_loop               4 tests
  ok          tests.test_engine_bounded_loop_cuda          2 tests, 2 skipped
  FAILED      tests.test_engine_budget                     13 tests, 11 skipped  1 errors -- test_the_boot_enforces_the_ceiling_it_was_given_everywhere_it_builds: FileNotFoundError: [Errno 2] No such file or directory: '/repo/launchers/start-st-glm53.sh
  ok          tests.test_engine_burst_decode               13 tests
  ok          tests.test_engine_burst_decode_cuda          2 tests, 2 skipped
  ok          tests.test_engine_calibration_gram           7 tests, 5 skipped
  ok          tests.test_engine_causal_conv                6 tests, 6 skipped
  ok          tests.test_engine_ceiling_gauge              4 tests
  FAILED      tests.test_engine_charter                    3 tests  1 errors -- test_the_pull_request_template_asks_for_it_where_a_session_will_see_it
  ok          tests.test_engine_comm_layout                5 tests
  ok          tests.test_engine_composed                   10 tests
  ok          tests.test_engine_composition                10 tests, 6 skipped
  ok          tests.test_engine_compressed_snapshots       11 tests
  ok          tests.test_engine_conv_ring                  8 tests, 8 skipped
  ok          tests.test_engine_decode_agreement_cuda      2 tests, 2 skipped
  ok          tests.test_engine_decode_consensus           6 tests
  ok          tests.test_engine_decode_fusion              1 tests, 1 skipped
  ok          tests.test_engine_decode_k7                  5 tests
  ok          tests.test_engine_decode_native_compile      2 tests
  ok          tests.test_engine_decode_pair_owner          1 tests
  ok          tests.test_engine_decode_projection          2 tests, 2 skipped
  ok          tests.test_engine_decode_queue_cuda          2 tests, 2 skipped
  ok          tests.test_engine_decode_residency           2 tests, 1 skipped
  ok          tests.test_engine_decode_rows                19 tests
  ok          tests.test_engine_decode_seven               4 tests, 4 skipped
  ok          tests.test_engine_deferred_state_contracts   5 tests
  ok          tests.test_engine_dense                      7 tests, 7 skipped
  ok          tests.test_engine_dense_calibration          13 tests
  ok          tests.test_engine_dense_smoothing            5 tests
  ok          tests.test_engine_direct_mhc                 6 tests
  ok          tests.test_engine_direct_mhc_cuda            1 tests, 1 skipped
  ok          tests.test_engine_direct_micro_cache         5 tests
  ok          tests.test_engine_direct_producer_cuda       2 tests, 2 skipped
  FAILED      tests.test_engine_docker_guard               11 tests  16 failures, 3 errors -- test_it_is_installed_where_ssh_actually_looks
  ok          tests.test_engine_draft_acceptance           14 tests
  ok          tests.test_engine_draft_agreement            3 tests
  ok          tests.test_engine_draft_attention            9 tests, 8 skipped
  ok          tests.test_engine_draft_conv                 6 tests, 4 skipped
  ok          tests.test_engine_draft_precision            12 tests, 1 skipped
  ok          tests.test_engine_draft_select               6 tests, 4 skipped
  ok          tests.test_engine_draft_tuning               16 tests
  ok          tests.test_engine_draft_tuning_integration   11 tests, 2 skipped
  ok          tests.test_engine_drafter                    12 tests, 2 skipped
  ok          tests.test_engine_drafter_storage            7 tests
  ok          tests.test_engine_draws                      12 tests, 1 skipped
  FAILED      tests.test_engine_early_observe              2 tests  1 errors -- test_projection_is_identical_and_only_final_retained_rows_calibrate: AttributeError: 'Drafter' object has no attribute 'fc_bias'
  ok          tests.test_engine_execution                  13 tests, 2 skipped
  ok          tests.test_engine_execution_plan_cuda        1 tests, 1 skipped
  ok          tests.test_engine_execution_plans            6 tests
  FAILED      tests.test_engine_fleet_lease                76 tests  41 errors -- test_the_launcher_takes_the_engine_lease: FileNotFoundError: [Errno 2] No such file or directory: '/repo/launchers/start-st-glm53.sh
  FAILED      tests.test_engine_fleet_ops                  32 tests  4 failures, 28 errors -- test_a_foreign_container_or_a_typo_returns_nothing_and_starts_nothing: FileNotFoundError: [Errno 2] No such file or directory: '/repo/launchers'
  ok          tests.test_engine_fleet_queue                10 tests
  ok          tests.test_engine_fp4_instructions           4 tests, 3 skipped
  ok          tests.test_engine_gather_agreement           6 tests
  ok          tests.test_engine_glm53                      38 tests, 30 skipped
  FAILED      tests.test_engine_glm53_chat                 2 tests  2 errors -- test_effort_policy_also_applies_to_an_old_checkpoint_template: FileNotFoundError: [Errno 2] No such file or directory: '/repo/launchers/chat_template_mm_
  ok          tests.test_engine_glm_pointwise              4 tests, 4 skipped
  ok          tests.test_engine_grammar                    31 tests
  ok          tests.test_engine_graph_contracts            35 tests, 3 skipped
  ok          tests.test_engine_graph_labels               6 tests, 1 skipped
  ok          tests.test_engine_graph_profile              6 tests
  ok          tests.test_engine_graph_resources            3 tests
  ok          tests.test_engine_idle_gauge                 1 tests
  ok          tests.test_engine_indexer_quant              5 tests, 4 skipped
  ok          tests.test_engine_indexer_rows               10 tests, 10 skipped
  ok          tests.test_engine_indexer_select             3 tests
  ok          tests.test_engine_indexer_slots              4 tests, 4 skipped
  ok          tests.test_engine_kda_deferred               3 tests, 3 skipped
  ok          tests.test_engine_kda_deferred_batch         5 tests, 5 skipped
  ok          tests.test_engine_kda_marks                  3 tests
  ok          tests.test_engine_kda_metadata               2 tests
  ok          tests.test_engine_kda_norm                   6 tests, 5 skipped
  ok          tests.test_engine_kda_ring                   10 tests, 10 skipped
  ok          tests.test_engine_kda_ring_bench             2 tests
  ok          tests.test_engine_kda_state                  5 tests, 5 skipped
  ok          tests.test_engine_kda_storage                7 tests
  ok          tests.test_engine_kda_strides                5 tests, 5 skipped
  ok          tests.test_engine_kernel_common              6 tests
  ok          tests.test_engine_kernel_glue                20 tests, 7 skipped
  FAILED      tests.test_engine_kernel_shape               33 tests  16 failures -- test_the_recipes_name_files_that_exist: AssertionError: False is not true : overlay/modules/qwen38_qsa/ops_qsa.py
  ok          tests.test_engine_kernels                    9 tests
  FAILED      tests.test_engine_knobs                      16 tests  1 errors -- test_probe_runner_and_launcher_forward_declared_knobs: FileNotFoundError: [Errno 2] No such file or directory: '/repo/launchers/start-st-glm53.sh
  ok          tests.test_engine_kpool_compress             4 tests, 4 skipped
  ok          tests.test_engine_latency                    9 tests
  ok          tests.test_engine_loader                     12 tests, 1 skipped
  ok          tests.test_engine_mapped_tier                3 tests
  ok          tests.test_engine_mapped_tier_cuda           2 tests, 2 skipped
  ok          tests.test_engine_metrics                    19 tests
  ok          tests.test_engine_mhc_contract               5 tests, 5 skipped
  ok          tests.test_engine_mk_mhc                     1 tests, 1 skipped
  ok          tests.test_engine_mla_hardware               4 tests
  ok          tests.test_engine_moe_output                 5 tests, 2 skipped
  ok          tests.test_engine_moe_output_transport       1 tests, 1 skipped
  ok          tests.test_engine_moe_scatter_config         2 tests
  ok          tests.test_engine_moe_scatter_owner          2 tests
  FAILED      tests.test_engine_native_cache               8 tests  1 errors -- test_runtime_defaults_and_launcher_use_the_same_persistent_roots: FileNotFoundError: [Errno 2] No such file or directory: '/repo/launchers/start-st-glm53.sh
  ok          tests.test_engine_native_compile             4 tests
  ok          tests.test_engine_native_execution           2 tests
  ok          tests.test_engine_norm_rope                  8 tests, 6 skipped
  ok          tests.test_engine_oneshot_gather_cuda        3 tests, 3 skipped
  ok          tests.test_engine_oneshot_health             1 tests
  ok          tests.test_engine_oneshot_integer            1 tests
  ok          tests.test_engine_oneshot_sum                1 tests
  ok          tests.test_engine_pipeline                   25 tests
  ok          tests.test_engine_pool_slots                 5 tests, 5 skipped
  ok          tests.test_engine_prefill_chunk_profile      7 tests
  ok          tests.test_engine_prefill_fp8_consumer       2 tests, 2 skipped
  ok          tests.test_engine_prefill_observe            2 tests
  ok          tests.test_engine_prefill_outputs            8 tests
  ok          tests.test_engine_prefill_route_cache        2 tests
  ok          tests.test_engine_prefill_router             2 tests
  ok          tests.test_engine_prefill_sf6_words          4 tests
  ok          tests.test_engine_prefill_short              2 tests
  ok          tests.test_engine_prefill_tail               6 tests
  ok          tests.test_engine_prefill_tiles              4 tests
  ok          tests.test_engine_prefill_tiles_cuda         1 tests, 1 skipped
  ok          tests.test_engine_prefill_wide               2 tests
  ok          tests.test_engine_prefix                     38 tests
  FAILED      tests.test_engine_queue_lease_shell          2 tests  3 errors -- test_actual_queue_functions_read_the_lease_from_the_snapshot
  ok          tests.test_engine_qwen38_weights             4 tests
  ok          tests.test_engine_readiness_wait             6 tests
  ok          tests.test_engine_release                    19 tests, 2 skipped
  ok          tests.test_engine_router_widths              3 tests
  ok          tests.test_engine_runner_async               8 tests
  ok          tests.test_engine_runtime                    37 tests
  ok          tests.test_engine_runtime_memory             29 tests, 1 skipped
  ok          tests.test_engine_sampler_kernel             18 tests, 14 skipped
  ok          tests.test_engine_sampling                   7 tests, 3 skipped
  ok          tests.test_engine_sampling_options           55 tests, 1 skipped
  ok          tests.test_engine_selfchecks                 3 tests, 3 skipped
  ok          tests.test_engine_serve                      170 tests, 1 skipped
  ok          tests.test_engine_settle_symmetry            7 tests
  ok          tests.test_engine_shared_mlp                 5 tests, 5 skipped
  ok          tests.test_engine_sparse_nvfp4               7 tests, 4 skipped
  ok          tests.test_engine_state                      4 tests, 4 skipped
  FAILED      tests.test_engine_step_watch                 7 tests  1 errors -- test_the_launcher_bounds_a_hung_watchdog_to_five_minutes: FileNotFoundError: [Errno 2] No such file or directory: '/repo/launchers/start-st-glm53.sh
  ok          tests.test_engine_swiglu                     3 tests, 2 skipped
  ok          tests.test_engine_tenancy                    10 tests
  ok          tests.test_engine_test_boot                  11 tests
  ok          tests.test_engine_tier                       30 tests
  ok          tests.test_engine_tier_agreement             11 tests
  ok          tests.test_engine_token_shards               3 tests
  ok          tests.test_engine_tokenizer                  1 tests
  ok          tests.test_engine_tools                      13 tests
  ok          tests.test_engine_transient_prefix           13 tests
  ok          tests.test_engine_tripwire                   15 tests
  FAILED      tests.test_engine_turn_retention             10 tests  1 errors -- test_the_production_boot_sets_the_floor_and_the_supervisor_ping_asks: FileNotFoundError: [Errno 2] No such file or directory: '/repo/launchers/st-glm53-supervis
  ok          tests.test_engine_vision                     16 tests, 1 skipped
  ok          tests.test_engine_vocab                      3 tests, 1 skipped
  ok          tests.test_engine_vocab_packet               3 tests, 3 skipped
  ok          tests.test_engine_vocab_topk                 8 tests, 5 skipped
  ok          tests.test_engine_warmup_admission           2 tests
  ok          tests.test_engine_warmup_draws               2 tests
  158 files, 1522 tests: 144 ok, 14 failed, 0 cannot run, 270 skipped
