test_all_alias_ranges_reject_but_adjacent_allocations_and_target_view_succeed (tests.test_glm53_ep_t6_direct_output.DirectOutputTests.test_all_alias_ranges_reject_but_adjacent_allocations_and_target_view_succeed) ... ok
test_exact_source_uses_same_m8_plane_and_one_six_row_cast_on_current_stream (tests.test_glm53_ep_t6_direct_output.DirectOutputTests.test_exact_source_uses_same_m8_plane_and_one_six_row_cast_on_current_stream) ... ok
test_geometry_metadata_and_forced_modes_fail_before_any_device_work (tests.test_glm53_ep_t6_direct_output.DirectOutputTests.test_geometry_metadata_and_forced_modes_fail_before_any_device_work) ... ok
test_input_plane_shape_device_and_layout_mutations_refuse_without_replacement (tests.test_glm53_ep_t6_direct_output.DirectOutputTests.test_input_plane_shape_device_and_layout_mutations_refuse_without_replacement) ... ok
test_kernel_or_final_copy_error_propagates_without_wrapper_fallback (tests.test_glm53_ep_t6_direct_output.DirectOutputTests.test_kernel_or_final_copy_error_propagates_without_wrapper_fallback) ... ok
test_lost_selected_plane_refuses_compiled_launch (tests.test_glm53_ep_t6_direct_output.DirectOutputTests.test_lost_selected_plane_refuses_compiled_launch) ... ok
test_omitted_override_preserves_full_output_identity_and_copy (tests.test_glm53_ep_t6_direct_output.DirectOutputTests.test_omitted_override_preserves_full_output_identity_and_copy) ... ok
test_rounding_bytes_match_previous_two_copies_including_ties_and_specials (tests.test_glm53_ep_t6_direct_output.DirectOutputTests.test_rounding_bytes_match_previous_two_copies_including_ties_and_specials) ... ok
test_unified_override_refuses_missing_dynamic_workspace_and_non_nvfp4_source (tests.test_glm53_ep_t6_direct_output.DirectOutputTests.test_unified_override_refuses_missing_dynamic_workspace_and_non_nvfp4_source) ... ok
test_actual_allocator_pins_only_matching_capacity_before_any_launch (tests.test_glm53_ep_micro_scatter.AdmissionTests.test_actual_allocator_pins_only_matching_capacity_before_any_launch) ... ok
test_buffered_fp32_cache_cannot_satisfy_direct_scatter (tests.test_glm53_ep_micro_scatter.AdmissionTests.test_buffered_fp32_cache_cannot_satisfy_direct_scatter) ... ok
test_compile_constructor_output_dtype_and_cache_namespace_agree (tests.test_glm53_ep_micro_scatter.AdmissionTests.test_compile_constructor_output_dtype_and_cache_namespace_agree) ... ok
test_compile_execution_modes_keep_existing_rejection_or_buffered_fp32 (tests.test_glm53_ep_micro_scatter.AdmissionTests.test_compile_execution_modes_keep_existing_rejection_or_buffered_fp32) ... ok
test_direct_scatter_rejects_every_geometry_and_execution_mode_mismatch (tests.test_glm53_ep_micro_scatter.AdmissionTests.test_direct_scatter_rejects_every_geometry_and_execution_mode_mismatch) ... ok
test_only_fixed_top1_and_sentinel_top8_are_selected (tests.test_glm53_ep_micro_scatter.AdmissionTests.test_only_fixed_top1_and_sentinel_top8_are_selected) ... ok
test_actual_selected_launches_copy_after_kernel_with_same_pinned_pointer (tests.test_glm53_ep_micro_scatter.LaunchTests.test_actual_selected_launches_copy_after_kernel_with_same_pinned_pointer) ... ok
test_missing_or_wrong_buffer_refuses_before_launch_and_never_reallocates (tests.test_glm53_ep_micro_scatter.LaunchTests.test_missing_or_wrong_buffer_refuses_before_launch_and_never_reallocates) ... ok
test_output_contract_and_launch_failure_do_not_publish_stale_output (tests.test_glm53_ep_micro_scatter.LaunchTests.test_output_contract_and_launch_failure_do_not_publish_stale_output) ... ok
test_tp_micro_preserves_output_abi_without_new_copy (tests.test_glm53_ep_micro_scatter.LaunchTests.test_tp_micro_preserves_output_abi_without_new_copy) ... ok
test_cancellation_and_bf16_inputs_agree_on_all_ranks (tests.test_engine_oneshot_sum.RankOrderedSumTests.test_cancellation_and_bf16_inputs_agree_on_all_ranks) ... ok
test_signed_packets_odd_tails_and_publication_weight (tests.test_engine_oneshot_integer.IntegerTransportTests.test_signed_packets_odd_tails_and_publication_weight) ... ok
test_capture_bursts_real_stalls_thread_exit_and_restart (tests.test_engine_oneshot_health.ProxyHealthTests.test_capture_bursts_real_stalls_thread_exit_and_restart) ... ok
test_combined_hold_retains_a_failed_commit_result_and_checks_dense (tests.test_engine_decode_k7.K7ProbeTests.test_combined_hold_retains_a_failed_commit_result_and_checks_dense) ... ok
test_output_extension_keeps_three_independently_bounded_components (tests.test_engine_decode_k7.K7ProbeTests.test_output_extension_keeps_three_independently_bounded_components) ... ok
test_projection_override_retains_old_cells_and_unwinds_on_failure (tests.test_engine_decode_k7.K7ProbeTests.test_projection_override_retains_old_cells_and_unwinds_on_failure) ... ok
test_real_weight_selection_follows_the_declared_mlp_layout (tests.test_engine_decode_k7.K7ProbeTests.test_real_weight_selection_follows_the_declared_mlp_layout) ... ok
test_scope_rejects_stale_draft_depth (tests.test_engine_decode_k7.K7ProbeTests.test_scope_rejects_stale_draft_depth) ... ok

----------------------------------------------------------------------
Ran 27 tests in 12.965s

OK
