test_explicit_finalizer_refuses_other_layouts_before_launch (tests.test_engine_moe_output.MoeOutputContractTests.test_explicit_finalizer_refuses_other_layouts_before_launch) ... ok
test_opt_in_preserves_four_rank_aux_and_recurrent_state (tests.test_engine_moe_output.MoeOutputContractTests.test_opt_in_preserves_four_rank_aux_and_recurrent_state) ... ok
test_packet_api_consumes_one_exchange_and_blocks_interleaving (tests.test_engine_moe_output.MoeOutputContractTests.test_packet_api_consumes_one_exchange_and_blocks_interleaving) ... ok
test_shared_stream_is_joined_before_finalize_and_after_failure (tests.test_engine_moe_output.MoeOutputContractTests.test_shared_stream_is_joined_before_finalize_and_after_failure) ... ok
test_wide_profile_consumes_before_next_expert_invocation (tests.test_engine_moe_output.MoeOutputContractTests.test_wide_profile_consumes_before_next_expert_invocation) ... ok
test_both_rounding_boundaries_are_exact_with_changed_replay (tests.test_engine_moe_output.MoeOutputCudaTests.test_both_rounding_boundaries_are_exact_with_changed_replay) ... skipped 'requires admitted GB10'
test_default_and_unsupported_split (tests.test_engine_direct_mhc.DirectMhcTests.test_default_and_unsupported_split) ... ok
test_direct_output_preserves_multi_pack_and_observer_boundaries (tests.test_engine_direct_mhc.DirectMhcTests.test_direct_output_preserves_multi_pack_and_observer_boundaries) ... ok
test_four_rank_c1_c4_outputs_aux_and_state (tests.test_engine_direct_mhc.DirectMhcTests.test_four_rank_c1_c4_outputs_aux_and_state) ... ok
test_packet_ownership_stream_failure_and_collective_guards (tests.test_engine_direct_mhc.DirectMhcTests.test_packet_ownership_stream_failure_and_collective_guards) ... ok
test_producer_reserves_before_writing_and_poison_prevents_fallback (tests.test_engine_direct_mhc.DirectMhcTests.test_producer_reserves_before_writing_and_poison_prevents_fallback) ... ok
test_terminal_columns_keep_c1_c4_state_feature_order_and_callback (tests.test_engine_direct_mhc.DirectMhcTests.test_terminal_columns_keep_c1_c4_state_feature_order_and_callback) ... ok
test_c4_overlap_keeps_rows_state_and_auxiliary_order (tests.test_engine_execution_plans.ExecutionPlanTests.test_c4_overlap_keeps_rows_state_and_auxiliary_order) ... ok
test_four_ranks_keep_collective_order_and_reduced_outputs (tests.test_engine_execution_plans.ExecutionPlanTests.test_four_ranks_keep_collective_order_and_reduced_outputs) ... ok
test_layer_order_matches_chunk_order_and_all_prefix_states (tests.test_engine_execution_plans.ExecutionPlanTests.test_layer_order_matches_chunk_order_and_all_prefix_states) ... ok
test_only_c4_splits_and_invalid_budgets_fail (tests.test_engine_execution_plans.ExecutionPlanTests.test_only_c4_splits_and_invalid_budgets_fail) ... ok
test_oversized_window_refuses_before_mutating_state (tests.test_engine_execution_plans.ExecutionPlanTests.test_oversized_window_refuses_before_mutating_state) ... ok
test_tiles_rebase_patches_and_keep_only_internal_marks (tests.test_engine_execution_plans.ExecutionPlanTests.test_tiles_rebase_patches_and_keep_only_internal_marks) ... ok
test_actual_kernel_body_strides_offsets_tails_and_independent_einsums (tests.test_engine_prefill_absorb_tiles.AbsorbKernelTests.test_actual_kernel_body_strides_offsets_tails_and_independent_einsums) ... ok
test_actual_wrapper_launch_geometry_and_fresh_output_without_a_device (tests.test_engine_prefill_absorb_tiles.AbsorbKernelTests.test_actual_wrapper_launch_geometry_and_fresh_output_without_a_device) ... ok
test_existing_einsums_copy_and_reference_outputs_own_token_major_storage (tests.test_engine_prefill_absorb_tiles.AbsorbKernelTests.test_existing_einsums_copy_and_reference_outputs_own_token_major_storage) ... ok
test_native_wrapper_rejects_unsupported_inputs_before_launch (tests.test_engine_prefill_absorb_tiles.AbsorbKernelTests.test_native_wrapper_rejects_unsupported_inputs_before_launch) ... ok
test_tp4_reference_handoff_preserves_aux_cache_and_following_seven_token_decode (tests.test_engine_prefill_absorb_tiles.AbsorbModelTests.test_tp4_reference_handoff_preserves_aux_cache_and_following_seven_token_decode) ... ok
test_only_bounded_single_segment_eager_prefill_uses_lane (tests.test_engine_prefill_absorb_tiles.AbsorbRoutingTests.test_only_bounded_single_segment_eager_prefill_uses_lane) ... ok
test_runtime_marker_requires_both_contractions_on_every_dsa_layer (tests.test_engine_prefill_absorb_tiles.AbsorbRoutingTests.test_runtime_marker_requires_both_contractions_on_every_dsa_layer) ... ok
test_serving_default_on_with_experimental_rollback_and_neutral_bare_plan (tests.test_engine_prefill_absorb_tiles.AbsorbRoutingTests.test_serving_default_on_with_experimental_rollback_and_neutral_bare_plan) ... ok
test_projection_is_identical_and_only_final_retained_rows_calibrate (tests.test_engine_early_observe.EarlyObserveTests.test_projection_is_identical_and_only_final_retained_rows_calibrate) ... ok
test_subgroups_preserve_slot_mapping_and_unrounded_capacity (tests.test_engine_early_observe.EarlyObserveTests.test_subgroups_preserve_slot_mapping_and_unrounded_capacity) ... ok

----------------------------------------------------------------------
Ran 28 tests in 13.366s

OK (skipped=1)
