candidate=vector source_sha256=7e5d5f4a44cf0bab6201b891b06d9c477a2ea65184c83ebf95b9a9207835cf57
2026-09-07 20:36:42,453 - INFO - cute_dsl_core.py:177 - flashinfer.jit: Compiling CuTe-DSL kernel b12x_moe_sm121a_cute_dsl/static_m1_k4096_n512_t8_r512_083af78cbc25f02f
2026-09-07 20:36:45,121 - INFO - cute_dsl_core.py:246 - flashinfer.jit: Persisted CuTe-DSL kernel to /root/.cache/flashinfer/0.6.18.dev20260819/121a/cached_ops/b12x_moe_sm121a_cute_dsl/static_m1_k4096_n512_t8_r512_083af78cbc25f02f.o
2026-09-07 20:36:45,178 - INFO - cute_dsl_core.py:177 - flashinfer.jit: Compiling CuTe-DSL kernel b12x_moe_sm121a_cute_dsl/static2_m1_k4096_n512_t8_r512_tm32f2g2a32wut_efec9bcee1592075
2026-09-07 20:36:48,261 - INFO - cute_dsl_core.py:246 - flashinfer.jit: Persisted CuTe-DSL kernel to /root/.cache/flashinfer/0.6.18.dev20260819/121a/cached_ops/b12x_moe_sm121a_cute_dsl/static2_m1_k4096_n512_t8_r512_tm32f2g2a32wut_efec9bcee1592075.o
[b12x static v2] lane serving: static2_m1_k4096_n512_t8_r512_tm32f2g2a32wut (mac=48, m=1, routed=8, smem=101376 B)
2026-09-07 20:36:48,266 - INFO - cute_dsl_core.py:174 - flashinfer.jit: Invalidating stale CuTe-DSL module b12x_moe_sm121a_cute_dsl
2026-09-07 20:36:48,266 - INFO - cute_dsl_core.py:177 - flashinfer.jit: Compiling CuTe-DSL kernel b12x_moe_sm121a_cute_dsl/static2_m1_k4096_n512_t8_r512_tm32f2g2a32wut_direct_7e5d5f4a44cf_efec9bcee1592075
DIRECT_SCATTER_LAYOUT_PASS 4096
2026-09-07 20:36:52,605 - INFO - cute_dsl_core.py:246 - flashinfer.jit: Persisted CuTe-DSL kernel to /root/.cache/flashinfer/0.6.18.dev20260819/121a/cached_ops/b12x_moe_sm121a_cute_dsl/static2_m1_k4096_n512_t8_r512_tm32f2g2a32wut_direct_7e5d5f4a44cf_efec9bcee1592075.o
[b12x static v2] lane serving: static2_m1_k4096_n512_t8_r512_tm32f2g2a32wut (mac=48, m=1, routed=8, smem=101376 B)
GATE M1 U8: stock differential, mutated graph and exact-zero PASS
2026-09-07 20:36:52,689 - INFO - cute_dsl_core.py:174 - flashinfer.jit: Invalidating stale CuTe-DSL module b12x_moe_sm121a_cute_dsl
2026-09-07 20:36:52,690 - INFO - cute_dsl_core.py:177 - flashinfer.jit: Compiling CuTe-DSL kernel b12x_moe_sm121a_cute_dsl/static_m2_k4096_n512_t8_r512_3b75534f588cf943
2026-09-07 20:36:55,147 - INFO - cute_dsl_core.py:246 - flashinfer.jit: Persisted CuTe-DSL kernel to /root/.cache/flashinfer/0.6.18.dev20260819/121a/cached_ops/b12x_moe_sm121a_cute_dsl/static_m2_k4096_n512_t8_r512_3b75534f588cf943.o
2026-09-07 20:36:55,152 - INFO - cute_dsl_core.py:177 - flashinfer.jit: Compiling CuTe-DSL kernel b12x_moe_sm121a_cute_dsl/static2_m2_k4096_n512_t8_r512_tm32f2g2a32wut_14fe97151689af7a
2026-09-07 20:36:57,829 - INFO - cute_dsl_core.py:246 - flashinfer.jit: Persisted CuTe-DSL kernel to /root/.cache/flashinfer/0.6.18.dev20260819/121a/cached_ops/b12x_moe_sm121a_cute_dsl/static2_m2_k4096_n512_t8_r512_tm32f2g2a32wut_14fe97151689af7a.o
[b12x static v2] lane serving: static2_m2_k4096_n512_t8_r512_tm32f2g2a32wut (mac=48, m=2, routed=16, smem=101376 B)
2026-09-07 20:36:57,833 - INFO - cute_dsl_core.py:174 - flashinfer.jit: Invalidating stale CuTe-DSL module b12x_moe_sm121a_cute_dsl
2026-09-07 20:36:57,833 - INFO - cute_dsl_core.py:177 - flashinfer.jit: Compiling CuTe-DSL kernel b12x_moe_sm121a_cute_dsl/static2_m2_k4096_n512_t8_r512_tm32f2g2a32wut_direct_7e5d5f4a44cf_14fe97151689af7a
DIRECT_SCATTER_LAYOUT_PASS 4096
2026-09-07 20:37:02,000 - INFO - cute_dsl_core.py:246 - flashinfer.jit: Persisted CuTe-DSL kernel to /root/.cache/flashinfer/0.6.18.dev20260819/121a/cached_ops/b12x_moe_sm121a_cute_dsl/static2_m2_k4096_n512_t8_r512_tm32f2g2a32wut_direct_7e5d5f4a44cf_14fe97151689af7a.o
[b12x static v2] lane serving: static2_m2_k4096_n512_t8_r512_tm32f2g2a32wut (mac=48, m=2, routed=16, smem=101376 B)
GATE M2 U8: stock differential, mutated graph and exact-zero PASS
2026-09-07 20:37:02,017 - INFO - cute_dsl_core.py:174 - flashinfer.jit: Invalidating stale CuTe-DSL module b12x_moe_sm121a_cute_dsl
2026-09-07 20:37:02,017 - INFO - cute_dsl_core.py:177 - flashinfer.jit: Compiling CuTe-DSL kernel b12x_moe_sm121a_cute_dsl/static2_m2_k4096_n512_t8_r512_tm32f2g2a32wut_14fe97151689af7a
2026-09-07 20:37:04,721 - INFO - cute_dsl_core.py:246 - flashinfer.jit: Persisted CuTe-DSL kernel to /root/.cache/flashinfer/0.6.18.dev20260819/121a/cached_ops/b12x_moe_sm121a_cute_dsl/static2_m2_k4096_n512_t8_r512_tm32f2g2a32wut_14fe97151689af7a.o
[b12x static v2] lane serving: static2_m2_k4096_n512_t8_r512_tm32f2g2a32wut (mac=48, m=2, routed=16, smem=101376 B)
2026-09-07 20:37:04,725 - INFO - cute_dsl_core.py:174 - flashinfer.jit: Invalidating stale CuTe-DSL module b12x_moe_sm121a_cute_dsl
2026-09-07 20:37:04,725 - INFO - cute_dsl_core.py:177 - flashinfer.jit: Compiling CuTe-DSL kernel b12x_moe_sm121a_cute_dsl/static2_m2_k4096_n512_t8_r512_tm32f2g2a32wut_direct_7e5d5f4a44cf_14fe97151689af7a
DIRECT_SCATTER_LAYOUT_PASS 4096
2026-09-07 20:37:08,907 - INFO - cute_dsl_core.py:246 - flashinfer.jit: Persisted CuTe-DSL kernel to /root/.cache/flashinfer/0.6.18.dev20260819/121a/cached_ops/b12x_moe_sm121a_cute_dsl/static2_m2_k4096_n512_t8_r512_tm32f2g2a32wut_direct_7e5d5f4a44cf_14fe97151689af7a.o
[b12x static v2] lane serving: static2_m2_k4096_n512_t8_r512_tm32f2g2a32wut (mac=48, m=2, routed=16, smem=101376 B)
GATE M2 U16: stock differential, mutated graph and exact-zero PASS
2026-09-07 20:37:08,927 - INFO - cute_dsl_core.py:174 - flashinfer.jit: Invalidating stale CuTe-DSL module b12x_moe_sm121a_cute_dsl
2026-09-07 20:37:08,927 - INFO - cute_dsl_core.py:177 - flashinfer.jit: Compiling CuTe-DSL kernel b12x_moe_sm121a_cute_dsl/static_m6_k4096_n512_t8_r512_baa8a33e9bd7fcb7
2026-09-07 20:37:11,405 - INFO - cute_dsl_core.py:246 - flashinfer.jit: Persisted CuTe-DSL kernel to /root/.cache/flashinfer/0.6.18.dev20260819/121a/cached_ops/b12x_moe_sm121a_cute_dsl/static_m6_k4096_n512_t8_r512_baa8a33e9bd7fcb7.o
2026-09-07 20:37:11,409 - INFO - cute_dsl_core.py:177 - flashinfer.jit: Compiling CuTe-DSL kernel b12x_moe_sm121a_cute_dsl/static2_m6_k4096_n512_t8_r512_tm32f2g2a32wut_eb0c87b2f65593e9
2026-09-07 20:37:14,121 - INFO - cute_dsl_core.py:246 - flashinfer.jit: Persisted CuTe-DSL kernel to /root/.cache/flashinfer/0.6.18.dev20260819/121a/cached_ops/b12x_moe_sm121a_cute_dsl/static2_m6_k4096_n512_t8_r512_tm32f2g2a32wut_eb0c87b2f65593e9.o
[b12x static v2] lane serving: static2_m6_k4096_n512_t8_r512_tm32f2g2a32wut (mac=48, m=6, routed=48, smem=101376 B)
2026-09-07 20:37:14,125 - INFO - cute_dsl_core.py:174 - flashinfer.jit: Invalidating stale CuTe-DSL module b12x_moe_sm121a_cute_dsl
2026-09-07 20:37:14,125 - INFO - cute_dsl_core.py:177 - flashinfer.jit: Compiling CuTe-DSL kernel b12x_moe_sm121a_cute_dsl/static2_m6_k4096_n512_t8_r512_tm32f2g2a32wut_direct_7e5d5f4a44cf_eb0c87b2f65593e9
DIRECT_SCATTER_LAYOUT_PASS 4096
2026-09-07 20:37:18,503 - INFO - cute_dsl_core.py:246 - flashinfer.jit: Persisted CuTe-DSL kernel to /root/.cache/flashinfer/0.6.18.dev20260819/121a/cached_ops/b12x_moe_sm121a_cute_dsl/static2_m6_k4096_n512_t8_r512_tm32f2g2a32wut_direct_7e5d5f4a44cf_eb0c87b2f65593e9.o
[b12x static v2] lane serving: static2_m6_k4096_n512_t8_r512_tm32f2g2a32wut (mac=48, m=6, routed=48, smem=101376 B)
GATE M6 U8: stock differential, mutated graph and exact-zero PASS
2026-09-07 20:37:18,515 - INFO - cute_dsl_core.py:174 - flashinfer.jit: Invalidating stale CuTe-DSL module b12x_moe_sm121a_cute_dsl
2026-09-07 20:37:18,516 - INFO - cute_dsl_core.py:177 - flashinfer.jit: Compiling CuTe-DSL kernel b12x_moe_sm121a_cute_dsl/static2_m6_k4096_n512_t8_r512_tm32f2g2a32wut_eb0c87b2f65593e9
2026-09-07 20:37:19,722 - INFO - cute_dsl_core.py:246 - flashinfer.jit: Persisted CuTe-DSL kernel to /root/.cache/flashinfer/0.6.18.dev20260819/121a/cached_ops/b12x_moe_sm121a_cute_dsl/static2_m6_k4096_n512_t8_r512_tm32f2g2a32wut_eb0c87b2f65593e9.o
[b12x static v2] lane serving: static2_m6_k4096_n512_t8_r512_tm32f2g2a32wut (mac=48, m=6, routed=48, smem=101376 B)
2026-09-07 20:37:19,725 - INFO - cute_dsl_core.py:174 - flashinfer.jit: Invalidating stale CuTe-DSL module b12x_moe_sm121a_cute_dsl
2026-09-07 20:37:19,725 - INFO - cute_dsl_core.py:177 - flashinfer.jit: Compiling CuTe-DSL kernel b12x_moe_sm121a_cute_dsl/static2_m6_k4096_n512_t8_r512_tm32f2g2a32wut_direct_7e5d5f4a44cf_eb0c87b2f65593e9
DIRECT_SCATTER_LAYOUT_PASS 4096
2026-09-07 20:37:21,526 - INFO - cute_dsl_core.py:246 - flashinfer.jit: Persisted CuTe-DSL kernel to /root/.cache/flashinfer/0.6.18.dev20260819/121a/cached_ops/b12x_moe_sm121a_cute_dsl/static2_m6_k4096_n512_t8_r512_tm32f2g2a32wut_direct_7e5d5f4a44cf_eb0c87b2f65593e9.o
[b12x static v2] lane serving: static2_m6_k4096_n512_t8_r512_tm32f2g2a32wut (mac=48, m=6, routed=48, smem=101376 B)
GATE M6 U40: stock differential, mutated graph and exact-zero PASS
2026-09-07 20:37:21,555 - INFO - cute_dsl_core.py:174 - flashinfer.jit: Invalidating stale CuTe-DSL module b12x_moe_sm121a_cute_dsl
2026-09-07 20:37:21,556 - INFO - cute_dsl_core.py:177 - flashinfer.jit: Compiling CuTe-DSL kernel b12x_moe_sm121a_cute_dsl/static2_m6_k4096_n512_t8_r512_tm32f2g2a32wut_eb0c87b2f65593e9
2026-09-07 20:37:22,763 - INFO - cute_dsl_core.py:246 - flashinfer.jit: Persisted CuTe-DSL kernel to /root/.cache/flashinfer/0.6.18.dev20260819/121a/cached_ops/b12x_moe_sm121a_cute_dsl/static2_m6_k4096_n512_t8_r512_tm32f2g2a32wut_eb0c87b2f65593e9.o
[b12x static v2] lane serving: static2_m6_k4096_n512_t8_r512_tm32f2g2a32wut (mac=48, m=6, routed=48, smem=101376 B)
2026-09-07 20:37:22,766 - INFO - cute_dsl_core.py:174 - flashinfer.jit: Invalidating stale CuTe-DSL module b12x_moe_sm121a_cute_dsl
2026-09-07 20:37:22,767 - INFO - cute_dsl_core.py:177 - flashinfer.jit: Compiling CuTe-DSL kernel b12x_moe_sm121a_cute_dsl/static2_m6_k4096_n512_t8_r512_tm32f2g2a32wut_direct_7e5d5f4a44cf_eb0c87b2f65593e9
DIRECT_SCATTER_LAYOUT_PASS 4096
2026-09-07 20:37:24,581 - INFO - cute_dsl_core.py:246 - flashinfer.jit: Persisted CuTe-DSL kernel to /root/.cache/flashinfer/0.6.18.dev20260819/121a/cached_ops/b12x_moe_sm121a_cute_dsl/static2_m6_k4096_n512_t8_r512_tm32f2g2a32wut_direct_7e5d5f4a44cf_eb0c87b2f65593e9.o
[b12x static v2] lane serving: static2_m6_k4096_n512_t8_r512_tm32f2g2a32wut (mac=48, m=6, routed=48, smem=101376 B)
GATE M6 U48: stock differential, mutated graph and exact-zero PASS
2026-09-07 20:37:24,612 - INFO - cute_dsl_core.py:174 - flashinfer.jit: Invalidating stale CuTe-DSL module b12x_moe_sm121a_cute_dsl
2026-09-07 20:37:24,612 - INFO - cute_dsl_core.py:177 - flashinfer.jit: Compiling CuTe-DSL kernel b12x_moe_sm121a_cute_dsl/static_m8_k4096_n512_t8_r512_aa22cf012b92f7c9
2026-09-07 20:37:25,856 - INFO - cute_dsl_core.py:246 - flashinfer.jit: Persisted CuTe-DSL kernel to /root/.cache/flashinfer/0.6.18.dev20260819/121a/cached_ops/b12x_moe_sm121a_cute_dsl/static_m8_k4096_n512_t8_r512_aa22cf012b92f7c9.o
2026-09-07 20:37:25,859 - INFO - cute_dsl_core.py:177 - flashinfer.jit: Compiling CuTe-DSL kernel b12x_moe_sm121a_cute_dsl/static2_m8_k4096_n512_t8_r512_tm32f2g2a32wut_01ea94c29d3e0e11
2026-09-07 20:37:27,065 - INFO - cute_dsl_core.py:246 - flashinfer.jit: Persisted CuTe-DSL kernel to /root/.cache/flashinfer/0.6.18.dev20260819/121a/cached_ops/b12x_moe_sm121a_cute_dsl/static2_m8_k4096_n512_t8_r512_tm32f2g2a32wut_01ea94c29d3e0e11.o
[b12x static v2] lane serving: static2_m8_k4096_n512_t8_r512_tm32f2g2a32wut (mac=48, m=8, routed=64, smem=101376 B)
2026-09-07 20:37:27,067 - INFO - cute_dsl_core.py:174 - flashinfer.jit: Invalidating stale CuTe-DSL module b12x_moe_sm121a_cute_dsl
2026-09-07 20:37:27,067 - INFO - cute_dsl_core.py:177 - flashinfer.jit: Compiling CuTe-DSL kernel b12x_moe_sm121a_cute_dsl/static2_m8_k4096_n512_t8_r512_tm32f2g2a32wut_direct_7e5d5f4a44cf_01ea94c29d3e0e11
DIRECT_SCATTER_LAYOUT_PASS 4096
2026-09-07 20:37:28,865 - INFO - cute_dsl_core.py:246 - flashinfer.jit: Persisted CuTe-DSL kernel to /root/.cache/flashinfer/0.6.18.dev20260819/121a/cached_ops/b12x_moe_sm121a_cute_dsl/static2_m8_k4096_n512_t8_r512_tm32f2g2a32wut_direct_7e5d5f4a44cf_01ea94c29d3e0e11.o
[b12x static v2] lane serving: static2_m8_k4096_n512_t8_r512_tm32f2g2a32wut (mac=48, m=8, routed=64, smem=101376 B)
GATE M8 U8: stock differential, mutated graph and exact-zero PASS
2026-09-07 20:37:28,877 - INFO - cute_dsl_core.py:174 - flashinfer.jit: Invalidating stale CuTe-DSL module b12x_moe_sm121a_cute_dsl
2026-09-07 20:37:28,877 - INFO - cute_dsl_core.py:177 - flashinfer.jit: Compiling CuTe-DSL kernel b12x_moe_sm121a_cute_dsl/static2_m8_k4096_n512_t8_r512_tm32f2g2a32wut_01ea94c29d3e0e11
2026-09-07 20:37:30,085 - INFO - cute_dsl_core.py:246 - flashinfer.jit: Persisted CuTe-DSL kernel to /root/.cache/flashinfer/0.6.18.dev20260819/121a/cached_ops/b12x_moe_sm121a_cute_dsl/static2_m8_k4096_n512_t8_r512_tm32f2g2a32wut_01ea94c29d3e0e11.o
[b12x static v2] lane serving: static2_m8_k4096_n512_t8_r512_tm32f2g2a32wut (mac=48, m=8, routed=64, smem=101376 B)
2026-09-07 20:37:30,088 - INFO - cute_dsl_core.py:174 - flashinfer.jit: Invalidating stale CuTe-DSL module b12x_moe_sm121a_cute_dsl
2026-09-07 20:37:30,088 - INFO - cute_dsl_core.py:177 - flashinfer.jit: Compiling CuTe-DSL kernel b12x_moe_sm121a_cute_dsl/static2_m8_k4096_n512_t8_r512_tm32f2g2a32wut_direct_7e5d5f4a44cf_01ea94c29d3e0e11
DIRECT_SCATTER_LAYOUT_PASS 4096
2026-09-07 20:37:32,007 - INFO - cute_dsl_core.py:246 - flashinfer.jit: Persisted CuTe-DSL kernel to /root/.cache/flashinfer/0.6.18.dev20260819/121a/cached_ops/b12x_moe_sm121a_cute_dsl/static2_m8_k4096_n512_t8_r512_tm32f2g2a32wut_direct_7e5d5f4a44cf_01ea94c29d3e0e11.o
[b12x static v2] lane serving: static2_m8_k4096_n512_t8_r512_tm32f2g2a32wut (mac=48, m=8, routed=64, smem=101376 B)
GATE M8 U40: stock differential, mutated graph and exact-zero PASS
2026-09-07 20:37:32,042 - INFO - cute_dsl_core.py:174 - flashinfer.jit: Invalidating stale CuTe-DSL module b12x_moe_sm121a_cute_dsl
2026-09-07 20:37:32,042 - INFO - cute_dsl_core.py:177 - flashinfer.jit: Compiling CuTe-DSL kernel b12x_moe_sm121a_cute_dsl/static2_m8_k4096_n512_t8_r512_tm32f2g2a32wut_01ea94c29d3e0e11
2026-09-07 20:37:34,759 - INFO - cute_dsl_core.py:246 - flashinfer.jit: Persisted CuTe-DSL kernel to /root/.cache/flashinfer/0.6.18.dev20260819/121a/cached_ops/b12x_moe_sm121a_cute_dsl/static2_m8_k4096_n512_t8_r512_tm32f2g2a32wut_01ea94c29d3e0e11.o
[b12x static v2] lane serving: static2_m8_k4096_n512_t8_r512_tm32f2g2a32wut (mac=48, m=8, routed=64, smem=101376 B)
2026-09-07 20:37:34,764 - INFO - cute_dsl_core.py:174 - flashinfer.jit: Invalidating stale CuTe-DSL module b12x_moe_sm121a_cute_dsl
2026-09-07 20:37:34,764 - INFO - cute_dsl_core.py:177 - flashinfer.jit: Compiling CuTe-DSL kernel b12x_moe_sm121a_cute_dsl/static2_m8_k4096_n512_t8_r512_tm32f2g2a32wut_direct_7e5d5f4a44cf_01ea94c29d3e0e11
DIRECT_SCATTER_LAYOUT_PASS 4096
2026-09-07 20:37:38,964 - INFO - cute_dsl_core.py:246 - flashinfer.jit: Persisted CuTe-DSL kernel to /root/.cache/flashinfer/0.6.18.dev20260819/121a/cached_ops/b12x_moe_sm121a_cute_dsl/static2_m8_k4096_n512_t8_r512_tm32f2g2a32wut_direct_7e5d5f4a44cf_01ea94c29d3e0e11.o
[b12x static v2] lane serving: static2_m8_k4096_n512_t8_r512_tm32f2g2a32wut (mac=48, m=8, routed=64, smem=101376 B)
GATE M8 U64: stock differential, mutated graph and exact-zero PASS
2026-09-07 20:37:39,008 - INFO - cute_dsl_core.py:174 - flashinfer.jit: Invalidating stale CuTe-DSL module b12x_moe_sm121a_cute_dsl
2026-09-07 20:37:39,008 - INFO - cute_dsl_core.py:177 - flashinfer.jit: Compiling CuTe-DSL kernel b12x_moe_sm121a_cute_dsl/static_m16_k4096_n512_t8_r512_fd92f6bd2a1db877
2026-09-07 20:37:41,483 - INFO - cute_dsl_core.py:246 - flashinfer.jit: Persisted CuTe-DSL kernel to /root/.cache/flashinfer/0.6.18.dev20260819/121a/cached_ops/b12x_moe_sm121a_cute_dsl/static_m16_k4096_n512_t8_r512_fd92f6bd2a1db877.o
2026-09-07 20:37:41,488 - INFO - cute_dsl_core.py:177 - flashinfer.jit: Compiling CuTe-DSL kernel b12x_moe_sm121a_cute_dsl/static2_m16_k4096_n512_t8_r512_tm32f2g2a32wut_653187b30f66c63b
2026-09-07 20:37:44,197 - INFO - cute_dsl_core.py:246 - flashinfer.jit: Persisted CuTe-DSL kernel to /root/.cache/flashinfer/0.6.18.dev20260819/121a/cached_ops/b12x_moe_sm121a_cute_dsl/static2_m16_k4096_n512_t8_r512_tm32f2g2a32wut_653187b30f66c63b.o
[b12x static v2] lane serving: static2_m16_k4096_n512_t8_r512_tm32f2g2a32wut (mac=48, m=16, routed=128, smem=101376 B)
2026-09-07 20:37:44,201 - INFO - cute_dsl_core.py:174 - flashinfer.jit: Invalidating stale CuTe-DSL module b12x_moe_sm121a_cute_dsl
2026-09-07 20:37:44,201 - INFO - cute_dsl_core.py:177 - flashinfer.jit: Compiling CuTe-DSL kernel b12x_moe_sm121a_cute_dsl/static2_m16_k4096_n512_t8_r512_tm32f2g2a32wut_direct_7e5d5f4a44cf_653187b30f66c63b
DIRECT_SCATTER_LAYOUT_PASS 4096
2026-09-07 20:37:48,395 - INFO - cute_dsl_core.py:246 - flashinfer.jit: Persisted CuTe-DSL kernel to /root/.cache/flashinfer/0.6.18.dev20260819/121a/cached_ops/b12x_moe_sm121a_cute_dsl/static2_m16_k4096_n512_t8_r512_tm32f2g2a32wut_direct_7e5d5f4a44cf_653187b30f66c63b.o
[b12x static v2] lane serving: static2_m16_k4096_n512_t8_r512_tm32f2g2a32wut (mac=48, m=16, routed=128, smem=101376 B)
GATE M16 U8: stock differential, mutated graph and exact-zero PASS
2026-09-07 20:37:48,413 - INFO - cute_dsl_core.py:174 - flashinfer.jit: Invalidating stale CuTe-DSL module b12x_moe_sm121a_cute_dsl
2026-09-07 20:37:48,413 - INFO - cute_dsl_core.py:177 - flashinfer.jit: Compiling CuTe-DSL kernel b12x_moe_sm121a_cute_dsl/static2_m16_k4096_n512_t8_r512_tm32f2g2a32wut_653187b30f66c63b
2026-09-07 20:37:51,132 - INFO - cute_dsl_core.py:246 - flashinfer.jit: Persisted CuTe-DSL kernel to /root/.cache/flashinfer/0.6.18.dev20260819/121a/cached_ops/b12x_moe_sm121a_cute_dsl/static2_m16_k4096_n512_t8_r512_tm32f2g2a32wut_653187b30f66c63b.o
[b12x static v2] lane serving: static2_m16_k4096_n512_t8_r512_tm32f2g2a32wut (mac=48, m=16, routed=128, smem=101376 B)
2026-09-07 20:37:51,136 - INFO - cute_dsl_core.py:174 - flashinfer.jit: Invalidating stale CuTe-DSL module b12x_moe_sm121a_cute_dsl
2026-09-07 20:37:51,136 - INFO - cute_dsl_core.py:177 - flashinfer.jit: Compiling CuTe-DSL kernel b12x_moe_sm121a_cute_dsl/static2_m16_k4096_n512_t8_r512_tm32f2g2a32wut_direct_7e5d5f4a44cf_653187b30f66c63b
DIRECT_SCATTER_LAYOUT_PASS 4096
2026-09-07 20:37:55,534 - INFO - cute_dsl_core.py:246 - flashinfer.jit: Persisted CuTe-DSL kernel to /root/.cache/flashinfer/0.6.18.dev20260819/121a/cached_ops/b12x_moe_sm121a_cute_dsl/static2_m16_k4096_n512_t8_r512_tm32f2g2a32wut_direct_7e5d5f4a44cf_653187b30f66c63b.o
[b12x static v2] lane serving: static2_m16_k4096_n512_t8_r512_tm32f2g2a32wut (mac=48, m=16, routed=128, smem=101376 B)
GATE M16 U40: stock differential, mutated graph and exact-zero PASS
2026-09-07 20:37:55,567 - INFO - cute_dsl_core.py:174 - flashinfer.jit: Invalidating stale CuTe-DSL module b12x_moe_sm121a_cute_dsl
2026-09-07 20:37:55,567 - INFO - cute_dsl_core.py:177 - flashinfer.jit: Compiling CuTe-DSL kernel b12x_moe_sm121a_cute_dsl/static_m32_k4096_n512_t8_r512_0b79353931849444
2026-09-07 20:37:59,506 - INFO - cute_dsl_core.py:246 - flashinfer.jit: Persisted CuTe-DSL kernel to /root/.cache/flashinfer/0.6.18.dev20260819/121a/cached_ops/b12x_moe_sm121a_cute_dsl/static_m32_k4096_n512_t8_r512_0b79353931849444.o
2026-09-07 20:37:59,510 - INFO - cute_dsl_core.py:177 - flashinfer.jit: Compiling CuTe-DSL kernel b12x_moe_sm121a_cute_dsl/static2_m32_k4096_n512_t8_r512_tm32f2g2a32wut_e9c69715e3dcd2b2
2026-09-07 20:38:00,720 - INFO - cute_dsl_core.py:246 - flashinfer.jit: Persisted CuTe-DSL kernel to /root/.cache/flashinfer/0.6.18.dev20260819/121a/cached_ops/b12x_moe_sm121a_cute_dsl/static2_m32_k4096_n512_t8_r512_tm32f2g2a32wut_e9c69715e3dcd2b2.o
[b12x static v2] lane serving: static2_m32_k4096_n512_t8_r512_tm32f2g2a32wut (mac=48, m=32, routed=256, smem=101376 B)
2026-09-07 20:38:00,724 - INFO - cute_dsl_core.py:174 - flashinfer.jit: Invalidating stale CuTe-DSL module b12x_moe_sm121a_cute_dsl
2026-09-07 20:38:00,724 - INFO - cute_dsl_core.py:177 - flashinfer.jit: Compiling CuTe-DSL kernel b12x_moe_sm121a_cute_dsl/static2_m32_k4096_n512_t8_r512_tm32f2g2a32wut_direct_7e5d5f4a44cf_e9c69715e3dcd2b2
DIRECT_SCATTER_LAYOUT_PASS 4096
2026-09-07 20:38:04,903 - INFO - cute_dsl_core.py:246 - flashinfer.jit: Persisted CuTe-DSL kernel to /root/.cache/flashinfer/0.6.18.dev20260819/121a/cached_ops/b12x_moe_sm121a_cute_dsl/static2_m32_k4096_n512_t8_r512_tm32f2g2a32wut_direct_7e5d5f4a44cf_e9c69715e3dcd2b2.o
[b12x static v2] lane serving: static2_m32_k4096_n512_t8_r512_tm32f2g2a32wut (mac=48, m=32, routed=256, smem=101376 B)
GATE M32 U8: stock differential, mutated graph and exact-zero PASS
2026-09-07 20:38:04,923 - INFO - cute_dsl_core.py:174 - flashinfer.jit: Invalidating stale CuTe-DSL module b12x_moe_sm121a_cute_dsl
2026-09-07 20:38:04,923 - INFO - cute_dsl_core.py:177 - flashinfer.jit: Compiling CuTe-DSL kernel b12x_moe_sm121a_cute_dsl/static2_m32_k4096_n512_t8_r512_tm32f2g2a32wut_e9c69715e3dcd2b2
2026-09-07 20:38:07,639 - INFO - cute_dsl_core.py:246 - flashinfer.jit: Persisted CuTe-DSL kernel to /root/.cache/flashinfer/0.6.18.dev20260819/121a/cached_ops/b12x_moe_sm121a_cute_dsl/static2_m32_k4096_n512_t8_r512_tm32f2g2a32wut_e9c69715e3dcd2b2.o
[b12x static v2] lane serving: static2_m32_k4096_n512_t8_r512_tm32f2g2a32wut (mac=48, m=32, routed=256, smem=101376 B)
2026-09-07 20:38:07,644 - INFO - cute_dsl_core.py:174 - flashinfer.jit: Invalidating stale CuTe-DSL module b12x_moe_sm121a_cute_dsl
2026-09-07 20:38:07,644 - INFO - cute_dsl_core.py:177 - flashinfer.jit: Compiling CuTe-DSL kernel b12x_moe_sm121a_cute_dsl/static2_m32_k4096_n512_t8_r512_tm32f2g2a32wut_direct_7e5d5f4a44cf_e9c69715e3dcd2b2
DIRECT_SCATTER_LAYOUT_PASS 4096
2026-09-07 20:38:11,839 - INFO - cute_dsl_core.py:246 - flashinfer.jit: Persisted CuTe-DSL kernel to /root/.cache/flashinfer/0.6.18.dev20260819/121a/cached_ops/b12x_moe_sm121a_cute_dsl/static2_m32_k4096_n512_t8_r512_tm32f2g2a32wut_direct_7e5d5f4a44cf_e9c69715e3dcd2b2.o
[b12x static v2] lane serving: static2_m32_k4096_n512_t8_r512_tm32f2g2a32wut (mac=48, m=32, routed=256, smem=101376 B)
GATE M32 U40: stock differential, mutated graph and exact-zero PASS
JSON_RESULT {"status": "PASS", "candidate": {"variant": "vector", "source_sha256": "7e5d5f4a44cf0bab6201b891b06d9c477a2ea65184c83ebf95b9a9207835cf57", "files": ["/tmp/moe-direct-63qerdh6/moe_direct_vector_7e5d5f4a44cf.py", "/tmp/moe-direct-63qerdh6/moe_direct_vector_7e5d5f4a44cf_tiled.py"]}, "device": "NVIDIA GB10", "torch": "2.13.0+cu130", "gates": [{"tokens": 1, "unique": 8, "arm": "baseline", "replay": 0, "max_error": 0.0390625, "stock_noise": 0.0390625, "limit": 0.15625}, {"tokens": 1, "unique": 8, "arm": "candidate", "replay": 0, "max_error": 0.0390625, "stock_noise": 0.0390625, "limit": 0.15625}, {"tokens": 1, "unique": 8, "arm": "baseline", "replay": 1, "max_error": 0.234375, "stock_noise": 0.1875, "limit": 0.75}, {"tokens": 1, "unique": 8, "arm": "candidate", "replay": 1, "max_error": 0.1875, "stock_noise": 0.1875, "limit": 0.75}, {"tokens": 1, "unique": 8, "arm": "baseline", "replay": 2, "max_error": 0.5, "stock_noise": 0.4375, "limit": 1.75}, {"tokens": 1, "unique": 8, "arm": "candidate", "replay": 2, "max_error": 0.5, "stock_noise": 0.4375, "limit": 1.75}, {"tokens": 1, "unique": 8, "arm": "baseline", "replay": 3, "max_error": 0.75, "stock_noise": 0.75, "limit": 3.0}, {"tokens": 1, "unique": 8, "arm": "candidate", "replay": 3, "max_error": 0.75, "stock_noise": 0.75, "limit": 3.0}, {"tokens": 1, "unique": 8, "arm": "baseline", "replay": 4, "max_error": 0.0, "stock_noise": 0.0, "limit": 0.0}, {"tokens": 1, "unique": 8, "arm": "candidate", "replay": 4, "max_error": 0.0, "stock_noise": 0.0, "limit": 0.0}, {"tokens": 2, "unique": 8, "arm": "baseline", "replay": 0, "max_error": 0.046875, "stock_noise": 0.046875, "limit": 0.1875}, {"tokens": 2, "unique": 8, "arm": "candidate", "replay": 0, "max_error": 0.0625, "stock_noise": 0.046875, "limit": 0.1875}, {"tokens": 2, "unique": 8, "arm": "baseline", "replay": 1, "max_error": 0.1875, "stock_noise": 0.1875, "limit": 0.75}, {"tokens": 2, "unique": 8, "arm": "candidate", "replay": 1, "max_error": 0.15625, "stock_noise": 0.1875, "limit": 0.75}, {"tokens": 2, "unique": 8, "arm": "baseline", "replay": 2, "max_error": 0.5, "stock_noise": 0.4375, "limit": 1.75}, {"tokens": 2, "unique": 8, "arm": "candidate", "replay": 2, "max_error": 0.4375, "stock_noise": 0.4375, "limit": 1.75}, {"tokens": 2, "unique": 8, "arm": "baseline", "replay": 3, "max_error": 0.75, "stock_noise": 0.75, "limit": 3.0}, {"tokens": 2, "unique": 8, "arm": "candidate", "replay": 3, "max_error": 0.75, "stock_noise": 0.75, "limit": 3.0}, {"tokens": 2, "unique": 8, "arm": "baseline", "replay": 4, "max_error": 0.0, "stock_noise": 0.0, "limit": 0.0}, {"tokens": 2, "unique": 8, "arm": "candidate", "replay": 4, "max_error": 0.0, "stock_noise": 0.0, "limit": 0.0}, {"tokens": 2, "unique": 16, "arm": "baseline", "replay": 0, "max_error": 0.0625, "stock_noise": 0.046875, "limit": 0.1875}, {"tokens": 2, "unique": 16, "arm": "candidate", "replay": 0, "max_error": 0.0546875, "stock_noise": 0.046875, "limit": 0.1875}, {"tokens": 2, "unique": 16, "arm": "baseline", "replay": 1, "max_error": 0.25, "stock_noise": 0.1875, "limit": 0.75}, {"tokens": 2, "unique": 16, "arm": "candidate", "replay": 1, "max_error": 0.21875, "stock_noise": 0.1875, "limit": 0.75}, {"tokens": 2, "unique": 16, "arm": "baseline", "replay": 2, "max_error": 0.625, "stock_noise": 0.375, "limit": 1.5}, {"tokens": 2, "unique": 16, "arm": "candidate", "replay": 2, "max_error": 0.5, "stock_noise": 0.375, "limit": 1.5}, {"tokens": 2, "unique": 16, "arm": "baseline", "replay": 3, "max_error": 0.75, "stock_noise": 0.75, "limit": 3.0}, {"tokens": 2, "unique": 16, "arm": "candidate", "replay": 3, "max_error": 1.0, "stock_noise": 0.75, "limit": 3.0}, {"tokens": 2, "unique": 16, "arm": "baseline", "replay": 4, "max_error": 0.0, "stock_noise": 0.0, "limit": 0.0}, {"tokens": 2, "unique": 16, "arm": "candidate", "replay": 4, "max_error": 0.0, "stock_noise": 0.0, "limit": 0.0}, {"tokens": 6, "unique": 8, "arm": "baseline", "replay": 0, "max_error": 0.046875, "stock_noise": 0.046875, "limit": 0.1875}, {"tokens": 6, "unique": 8, "arm": "candidate", "replay": 0, "max_error": 0.046875, "stock_noise": 0.046875, "limit": 0.1875}, {"tokens": 6, "unique": 8, "arm": "baseline", "replay": 1, "max_error": 0.25, "stock_noise": 0.1875, "limit": 0.75}, {"tokens": 6, "unique": 8, "arm": "candidate", "replay": 1, "max_error": 0.1875, "stock_noise": 0.1875, "limit": 0.75}, {"tokens": 6, "unique": 8, "arm": "baseline", "replay": 2, "max_error": 0.5, "stock_noise": 0.5, "limit": 2.0}, {"tokens": 6, "unique": 8, "arm": "candidate", "replay": 2, "max_error": 0.5, "stock_noise": 0.5, "limit": 2.0}, {"tokens": 6, "unique": 8, "arm": "baseline", "replay": 3, "max_error": 1.0, "stock_noise": 0.75, "limit": 3.0}, {"tokens": 6, "unique": 8, "arm": "candidate", "replay": 3, "max_error": 1.0, "stock_noise": 0.75, "limit": 3.0}, {"tokens": 6, "unique": 8, "arm": "baseline", "replay": 4, "max_error": 0.0, "stock_noise": 0.0, "limit": 0.0}, {"tokens": 6, "unique": 8, "arm": "candidate", "replay": 4, "max_error": 0.0, "stock_noise": 0.0, "limit": 0.0}, {"tokens": 6, "unique": 40, "arm": "baseline", "replay": 0, "max_error": 0.03125, "stock_noise": 0.046875, "limit": 0.1875}, {"tokens": 6, "unique": 40, "arm": "candidate", "replay": 0, "max_error": 0.0390625, "stock_noise": 0.046875, "limit": 0.1875}, {"tokens": 6, "unique": 40, "arm": "baseline", "replay": 1, "max_error": 0.25, "stock_noise": 0.25, "limit": 1.0}, {"tokens": 6, "unique": 40, "arm": "candidate", "replay": 1, "max_error": 0.3125, "stock_noise": 0.25, "limit": 1.0}, {"tokens": 6, "unique": 40, "arm": "baseline", "replay": 2, "max_error": 0.5, "stock_noise": 0.5, "limit": 2.0}, {"tokens": 6, "unique": 40, "arm": "candidate", "replay": 2, "max_error": 0.625, "stock_noise": 0.5, "limit": 2.0}, {"tokens": 6, "unique": 40, "arm": "baseline", "replay": 3, "max_error": 0.875, "stock_noise": 0.75, "limit": 3.0}, {"tokens": 6, "unique": 40, "arm": "candidate", "replay": 3, "max_error": 1.0, "stock_noise": 0.75, "limit": 3.0}, {"tokens": 6, "unique": 40, "arm": "baseline", "replay": 4, "max_error": 0.0, "stock_noise": 0.0, "limit": 0.0}, {"tokens": 6, "unique": 40, "arm": "candidate", "replay": 4, "max_error": 0.0, "stock_noise": 0.0, "limit": 0.0}, {"tokens": 6, "unique": 48, "arm": "baseline", "replay": 0, "max_error": 0.046875, "stock_noise": 0.046875, "limit": 0.1875}, {"tokens": 6, "unique": 48, "arm": "candidate", "replay": 0, "max_error": 0.046875, "stock_noise": 0.046875, "limit": 0.1875}, {"tokens": 6, "unique": 48, "arm": "baseline", "replay": 1, "max_error": 0.1875, "stock_noise": 0.1875, "limit": 0.75}, {"tokens": 6, "unique": 48, "arm": "candidate", "replay": 1, "max_error": 0.1875, "stock_noise": 0.1875, "limit": 0.75}, {"tokens": 6, "unique": 48, "arm": "baseline", "replay": 2, "max_error": 0.5625, "stock_noise": 0.375, "limit": 1.5}, {"tokens": 6, "unique": 48, "arm": "candidate", "replay": 2, "max_error": 0.5, "stock_noise": 0.375, "limit": 1.5}, {"tokens": 6, "unique": 48, "arm": "baseline", "replay": 3, "max_error": 0.75, "stock_noise": 0.75, "limit": 3.0}, {"tokens": 6, "unique": 48, "arm": "candidate", "replay": 3, "max_error": 0.75, "stock_noise": 0.75, "limit": 3.0}, {"tokens": 6, "unique": 48, "arm": "baseline", "replay": 4, "max_error": 0.0, "stock_noise": 0.0, "limit": 0.0}, {"tokens": 6, "unique": 48, "arm": "candidate", "replay": 4, "max_error": 0.0, "stock_noise": 0.0, "limit": 0.0}, {"tokens": 8, "unique": 8, "arm": "baseline", "replay": 0, "max_error": 0.046875, "stock_noise": 0.046875, "limit": 0.1875}, {"tokens": 8, "unique": 8, "arm": "candidate", "replay": 0, "max_error": 0.0546875, "stock_noise": 0.046875, "limit": 0.1875}, {"tokens": 8, "unique": 8, "arm": "baseline", "replay": 1, "max_error": 0.25, "stock_noise": 0.25, "limit": 1.0}, {"tokens": 8, "unique": 8, "arm": "candidate", "replay": 1, "max_error": 0.25, "stock_noise": 0.25, "limit": 1.0}, {"tokens": 8, "unique": 8, "arm": "baseline", "replay": 2, "max_error": 0.5, "stock_noise": 0.5, "limit": 2.0}, {"tokens": 8, "unique": 8, "arm": "candidate", "replay": 2, "max_error": 0.5, "stock_noise": 0.5, "limit": 2.0}, {"tokens": 8, "unique": 8, "arm": "baseline", "replay": 3, "max_error": 0.75, "stock_noise": 0.75, "limit": 3.0}, {"tokens": 8, "unique": 8, "arm": "candidate", "replay": 3, "max_error": 1.125, "stock_noise": 0.75, "limit": 3.0}, {"tokens": 8, "unique": 8, "arm": "baseline", "replay": 4, "max_error": 0.0, "stock_noise": 0.0, "limit": 0.0}, {"tokens": 8, "unique": 8, "arm": "candidate", "replay": 4, "max_error": 0.0, "stock_noise": 0.0, "limit": 0.0}, {"tokens": 8, "unique": 40, "arm": "baseline", "replay": 0, "max_error": 0.0625, "stock_noise": 0.046875, "limit": 0.1875}, {"tokens": 8, "unique": 40, "arm": "candidate", "replay": 0, "max_error": 0.046875, "stock_noise": 0.046875, "limit": 0.1875}, {"tokens": 8, "unique": 40, "arm": "baseline", "replay": 1, "max_error": 0.25, "stock_noise": 0.1875, "limit": 0.75}, {"tokens": 8, "unique": 40, "arm": "candidate", "replay": 1, "max_error": 0.1875, "stock_noise": 0.1875, "limit": 0.75}, {"tokens": 8, "unique": 40, "arm": "baseline", "replay": 2, "max_error": 0.75, "stock_noise": 0.625, "limit": 2.5}, {"tokens": 8, "unique": 40, "arm": "candidate", "replay": 2, "max_error": 0.75, "stock_noise": 0.625, "limit": 2.5}, {"tokens": 8, "unique": 40, "arm": "baseline", "replay": 3, "max_error": 0.875, "stock_noise": 0.875, "limit": 3.5}, {"tokens": 8, "unique": 40, "arm": "candidate", "replay": 3, "max_error": 1.0, "stock_noise": 0.875, "limit": 3.5}, {"tokens": 8, "unique": 40, "arm": "baseline", "replay": 4, "max_error": 0.0, "stock_noise": 0.0, "limit": 0.0}, {"tokens": 8, "unique": 40, "arm": "candidate", "replay": 4, "max_error": 0.0, "stock_noise": 0.0, "limit": 0.0}, {"tokens": 8, "unique": 64, "arm": "baseline", "replay": 0, "max_error": 0.046875, "stock_noise": 0.046875, "limit": 0.1875}, {"tokens": 8, "unique": 64, "arm": "candidate", "replay": 0, "max_error": 0.0625, "stock_noise": 0.046875, "limit": 0.1875}, {"tokens": 8, "unique": 64, "arm": "baseline", "replay": 1, "max_error": 0.1875, "stock_noise": 0.1875, "limit": 0.75}, {"tokens": 8, "unique": 64, "arm": "candidate", "replay": 1, "max_error": 0.25, "stock_noise": 0.1875, "limit": 0.75}, {"tokens": 8, "unique": 64, "arm": "baseline", "replay": 2, "max_error": 0.5, "stock_noise": 0.5, "limit": 2.0}, {"tokens": 8, "unique": 64, "arm": "candidate", "replay": 2, "max_error": 0.5, "stock_noise": 0.5, "limit": 2.0}, {"tokens": 8, "unique": 64, "arm": "baseline", "replay": 3, "max_error": 0.75, "stock_noise": 1.125, "limit": 4.5}, {"tokens": 8, "unique": 64, "arm": "candidate", "replay": 3, "max_error": 0.75, "stock_noise": 1.125, "limit": 4.5}, {"tokens": 8, "unique": 64, "arm": "baseline", "replay": 4, "max_error": 0.0, "stock_noise": 0.0, "limit": 0.0}, {"tokens": 8, "unique": 64, "arm": "candidate", "replay": 4, "max_error": 0.0, "stock_noise": 0.0, "limit": 0.0}, {"tokens": 16, "unique": 8, "arm": "baseline", "replay": 0, "max_error": 0.046875, "stock_noise": 0.0625, "limit": 0.25}, {"tokens": 16, "unique": 8, "arm": "candidate", "replay": 0, "max_error": 0.0625, "stock_noise": 0.0625, "limit": 0.25}, {"tokens": 16, "unique": 8, "arm": "baseline", "replay": 1, "max_error": 0.3125, "stock_noise": 0.25, "limit": 1.0}, {"tokens": 16, "unique": 8, "arm": "candidate", "replay": 1, "max_error": 0.25, "stock_noise": 0.25, "limit": 1.0}, {"tokens": 16, "unique": 8, "arm": "baseline", "replay": 2, "max_error": 0.5625, "stock_noise": 0.625, "limit": 2.5}, {"tokens": 16, "unique": 8, "arm": "candidate", "replay": 2, "max_error": 0.625, "stock_noise": 0.625, "limit": 2.5}, {"tokens": 16, "unique": 8, "arm": "baseline", "replay": 3, "max_error": 1.0, "stock_noise": 1.0, "limit": 4.0}, {"tokens": 16, "unique": 8, "arm": "candidate", "replay": 3, "max_error": 1.0, "stock_noise": 1.0, "limit": 4.0}, {"tokens": 16, "unique": 8, "arm": "baseline", "replay": 4, "max_error": 0.0, "stock_noise": 0.0, "limit": 0.0}, {"tokens": 16, "unique": 8, "arm": "candidate", "replay": 4, "max_error": 0.0, "stock_noise": 0.0, "limit": 0.0}, {"tokens": 16, "unique": 40, "arm": "baseline", "replay": 0, "max_error": 0.046875, "stock_noise": 0.046875, "limit": 0.1875}, {"tokens": 16, "unique": 40, "arm": "candidate", "replay": 0, "max_error": 0.046875, "stock_noise": 0.046875, "limit": 0.1875}, {"tokens": 16, "unique": 40, "arm": "baseline", "replay": 1, "max_error": 0.3125, "stock_noise": 0.25, "limit": 1.0}, {"tokens": 16, "unique": 40, "arm": "candidate", "replay": 1, "max_error": 0.1875, "stock_noise": 0.25, "limit": 1.0}, {"tokens": 16, "unique": 40, "arm": "baseline", "replay": 2, "max_error": 0.5, "stock_noise": 0.5625, "limit": 2.25}, {"tokens": 16, "unique": 40, "arm": "candidate", "replay": 2, "max_error": 0.5625, "stock_noise": 0.5625, "limit": 2.25}, {"tokens": 16, "unique": 40, "arm": "baseline", "replay": 3, "max_error": 1.0, "stock_noise": 1.0, "limit": 4.0}, {"tokens": 16, "unique": 40, "arm": "candidate", "replay": 3, "max_error": 0.875, "stock_noise": 1.0, "limit": 4.0}, {"tokens": 16, "unique": 40, "arm": "baseline", "replay": 4, "max_error": 0.0, "stock_noise": 0.0, "limit": 0.0}, {"tokens": 16, "unique": 40, "arm": "candidate", "replay": 4, "max_error": 0.0, "stock_noise": 0.0, "limit": 0.0}, {"tokens": 32, "unique": 8, "arm": "baseline", "replay": 0, "max_error": 0.0625, "stock_noise": 0.0625, "limit": 0.25}, {"tokens": 32, "unique": 8, "arm": "candidate", "replay": 0, "max_error": 0.0625, "stock_noise": 0.0625, "limit": 0.25}, {"tokens": 32, "unique": 8, "arm": "baseline", "replay": 1, "max_error": 0.25, "stock_noise": 0.3125, "limit": 1.25}, {"tokens": 32, "unique": 8, "arm": "candidate", "replay": 1, "max_error": 0.25, "stock_noise": 0.3125, "limit": 1.25}, {"tokens": 32, "unique": 8, "arm": "baseline", "replay": 2, "max_error": 0.625, "stock_noise": 0.625, "limit": 2.5}, {"tokens": 32, "unique": 8, "arm": "candidate", "replay": 2, "max_error": 0.625, "stock_noise": 0.625, "limit": 2.5}, {"tokens": 32, "unique": 8, "arm": "baseline", "replay": 3, "max_error": 1.5, "stock_noise": 1.0, "limit": 4.0}, {"tokens": 32, "unique": 8, "arm": "candidate", "replay": 3, "max_error": 1.0, "stock_noise": 1.0, "limit": 4.0}, {"tokens": 32, "unique": 8, "arm": "baseline", "replay": 4, "max_error": 0.0, "stock_noise": 0.0, "limit": 0.0}, {"tokens": 32, "unique": 8, "arm": "candidate", "replay": 4, "max_error": 0.0, "stock_noise": 0.0, "limit": 0.0}, {"tokens": 32, "unique": 40, "arm": "baseline", "replay": 0, "max_error": 0.0625, "stock_noise": 0.078125, "limit": 0.3125}, {"tokens": 32, "unique": 40, "arm": "candidate", "replay": 0, "max_error": 0.046875, "stock_noise": 0.078125, "limit": 0.3125}, {"tokens": 32, "unique": 40, "arm": "baseline", "replay": 1, "max_error": 0.3125, "stock_noise": 0.25, "limit": 1.0}, {"tokens": 32, "unique": 40, "arm": "candidate", "replay": 1, "max_error": 0.3125, "stock_noise": 0.25, "limit": 1.0}, {"tokens": 32, "unique": 40, "arm": "baseline", "replay": 2, "max_error": 0.625, "stock_noise": 0.75, "limit": 3.0}, {"tokens": 32, "unique": 40, "arm": "candidate", "replay": 2, "max_error": 0.625, "stock_noise": 0.75, "limit": 3.0}, {"tokens": 32, "unique": 40, "arm": "baseline", "replay": 3, "max_error": 1.125, "stock_noise": 1.0, "limit": 4.0}, {"tokens": 32, "unique": 40, "arm": "candidate", "replay": 3, "max_error": 1.25, "stock_noise": 1.0, "limit": 4.0}, {"tokens": 32, "unique": 40, "arm": "baseline", "replay": 4, "max_error": 0.0, "stock_noise": 0.0, "limit": 0.0}, {"tokens": 32, "unique": 40, "arm": "candidate", "replay": 4, "max_error": 0.0, "stock_noise": 0.0, "limit": 0.0}], "samples_us": {"M6-U8": {"cold": {"baseline": [145.4080045223236, 138.20800185203552, 135.23200154304504, 139.26400244235992, 137.60000467300415, 137.28000223636627, 135.6479972600937, 136.19199395179749, 135.16800105571747, 135.68000495433807, 136.22400164604187, 137.2479945421219, 137.2160017490387, 138.2720023393631, 136.54400408267975, 137.2160017490387, 136.22400164604187, 135.16800105571747, 137.43999600410461, 137.2479945421219, 136.22400164604187, 139.26400244235992, 137.2479945421219, 136.35200262069702, 137.2479945421219, 135.23200154304504, 136.22400164604187, 137.2160017490387, 136.22400164604187, 139.26400244235992, 137.1839940547943, 136.22400164604187], "candidate": [140.54399728775024, 140.32000303268433, 141.31200313568115, 142.36800372600555, 141.34399592876434, 143.39199662208557, 140.60799777507782, 140.28799533843994, 141.27999544143677, 141.31200313568115, 141.4719969034195, 139.67999815940857, 140.32000303268433, 140.25600254535675, 143.39199662208557, 140.28799533843994, 140.73599874973297, 141.34399592876434, 141.27999544143677, 140.32000303268433, 143.36000382900238, 141.34399592876434, 142.36800372600555, 141.66399836540222, 141.31200313568115, 142.33599603176117, 141.34399592876434, 142.36800372600555, 140.83200693130493, 141.31200313568115, 141.7279988527298, 143.39199662208557]}, "warm": {"baseline": [105.47199845314026, 106.23999685049057, 106.27199709415436, 104.22399640083313, 105.21599650382996, 105.79200088977814, 104.19200360774994, 104.47999835014343, 106.27199709415436, 105.21599650382996, 106.27199709415436, 107.2319969534874, 104.16000336408615, 106.27199709415436, 105.24799674749374, 104.06400263309479, 106.23999685049057, 106.23999685049057, 104.22399640083313, 106.23999685049057, 105.31199723482132, 104.73600029945374, 105.24799674749374, 104.16000336408615, 106.84800148010254, 107.39199817180634, 106.27199709415436, 106.27199709415436, 103.13600301742554, 106.23999685049057, 105.02400249242783, 104.67199981212616], "candidate": [117.53600090742111, 116.48000031709671, 116.5120005607605, 114.656001329422, 116.19199812412262, 117.08799749612808, 116.95999652147293, 116.48000031709671, 116.48000031709671, 116.19199812412262, 116.95999652147293, 118.04799735546112, 116.48000031709671, 116.89600348472595, 116.5120005607605, 116.67200177907944, 116.48000031709671, 116.48000031709671, 117.53600090742111, 116.48000031709671, 115.64800143241882, 115.93600362539291, 116.70400202274323, 117.50400066375732, 116.5120005607605, 115.4559999704361, 116.48000031709671, 118.23999881744385, 115.80800265073776, 116.48000031709671, 115.39199948310852, 116.12799763679504]}}, "M6-U40": {"cold": {"baseline": [633.247971534729, 634.880006313324, 632.7999830245972, 634.9760293960571, 635.9360218048096, 636.9919776916504, 635.1360082626343, 640.0319933891296, 634.880006313324, 634.880006313324, 637.9200220108032, 642.0480012893677, 634.9120140075684, 632.8319907188416, 637.0559930801392, 633.8559985160828, 633.8880062103271, 631.8079829216003, 635.9040141105652, 637.9200220108032, 639.0079855918884, 635.968029499054, 636.9280219078064, 638.9439702033997, 635.8720064163208, 636.1600160598755, 632.8319907188416, 630.1760077476501, 637.9839777946472, 636.9280219078064, 634.9120140075684, 793.0880188941956], "candidate": [662.5279784202576, 655.2320122718811, 658.4640145301819, 656.3519835472107, 657.4079990386963, 657.8879952430725, 653.6639928817749, 658.4640145301819, 659.4560146331787, 655.5200219154358, 658.4320068359375, 655.3919911384583, 655.3599834442139, 654.367983341217, 655.6159853935242, 657.4079990386963, 657.4720144271851, 654.528021812439, 657.4079990386963, 657.4400067329407, 663.5519862174988, 655.3279757499695, 657.4400067329407, 657.4400067329407, 658.4640145301819, 657.4400067329407, 656.7040085792542, 658.4640145301819, 657.4079990386963, 656.7680239677429, 658.4960222244263, 712.3519778251648]}, "warm": {"baseline": [636.6400122642517, 637.0239853858948, 638.7199759483337, 627.4240016937256, 638.592004776001, 634.6240043640137, 635.0079774856567, 643.4239745140076, 633.2799792289734, 635.3920102119446, 646.943986415863, 644.5119976997375, 642.8800225257874, 644.0640091896057, 638.7519836425781, 614.1759753227234, 637.7279758453369, 634.2719793319702, 637.7279758453369, 635.2959871292114, 643.8400149345398, 623.0400204658508, 635.6800198554993, 636.5119814872742, 633.4720253944397, 634.6240043640137, 633.6320042610168, 633.6320042610168, 645.47199010849, 635.6480121612549, 620.2880144119263, 633.6320042610168], "candidate": [662.2719764709473, 668.7999963760376, 661.2799763679504, 650.879979133606, 659.0080261230469, 643.8720226287842, 663.2959842681885, 659.2000126838684, 660.7040166854858, 657.1840047836304, 662.4640226364136, 656.1279892921448, 692.9919719696045, 663.7759804725647, 655.135989189148, 656.5120220184326, 660.0000262260437, 657.151997089386, 659.7440242767334, 657.1840047836304, 656.2240123748779, 659.2000126838684, 653.760015964508, 653.8559794425964, 660.2240204811096, 657.696008682251, 656.1599969863892, 658.6880087852478, 658.1760048866272, 650.4639983177185, 656.1279892921448, 659.2320203781128]}}, "M6-U48": {"cold": {"baseline": [767.8719758987427, 759.8080039024353, 757.7919960021973, 760.8640193939209, 760.8640193939209, 756.1600208282471, 757.7599883079529, 757.7599883079529, 755.7439804077148, 757.7919960021973, 756.767988204956, 755.7119727134705, 759.8400115966797, 760.8640193939209, 756.7359805107117, 765.9519910812378, 762.8480195999146, 757.7599883079529, 761.8880271911621, 755.8720111846924, 756.767988204956, 757.7919960021973, 761.8880271911621, 768.4159874916077, 757.856011390686, 818.4000253677368, 758.6879730224609, 758.7839961051941, 761.1839771270752, 757.3760151863098, 757.7919960021973, 759.8400115966797], "candidate": [765.9519910812378, 761.8560194969177, 771.1039781570435, 762.8800272941589, 762.8800272941589, 759.9679827690125, 759.8400115966797, 760.8320116996765, 764.9279832839966, 758.8160037994385, 763.9039754867554, 765.9199833869934, 764.0320062637329, 766.975998878479, 770.0480222702026, 760.8320116996765, 761.8560194969177, 760.8000040054321, 761.8560194969177, 763.1040215492249, 765.9839987754822, 766.5280103683472, 764.2880082130432, 764.9279832839966, 772.1279859542847, 776.9920229911804, 762.9119753837585, 763.9039754867554, 766.9439911842346, 766.431987285614, 763.2319927215576, 768.0000066757202]}, "warm": {"baseline": [764.6719813346863, 764.6719813346863, 758.5600018501282, 763.6799812316895, 762.6559734344482, 763.6799812316895, 756.4799785614014, 762.9439830780029, 762.6559734344482, 760.4479789733887, 765.504002571106, 759.4239711761475, 762.8800272941589, 759.552001953125, 767.0720219612122, 766.0800218582153, 761.0880136489868, 764.6719813346863, 761.9199752807617, 763.6799812316895, 758.5600018501282, 764.7680044174194, 767.7760124206543, 766.6879892349243, 761.6320252418518, 764.6080255508423, 758.7839961051941, 765.0240063667297, 756.447970867157, 754.4320225715637, 767.2320008277893, 760.5119943618774], "candidate": [771.5520262718201, 763.6799812316895, 778.2719731330872, 766.5280103683472, 765.7279968261719, 769.7920203208923, 763.6799812316895, 769.7920203208923, 770.7840204238892, 773.9199995994568, 767.0720219612122, 766.5280103683472, 765.3759717941284, 763.8720273971558, 767.7440047264099, 774.9119997024536, 763.6479735374451, 767.7440047264099, 767.9679989814758, 759.5840096473694, 766.7199969291687, 766.7520046234131, 760.5760097503662, 770.2720165252686, 771.3279724121094, 759.7119808197021, 763.5200023651123, 770.8479762077332, 770.8160281181335, 767.2960162162781, 764.9279832839966, 768.8000202178955]}}, "M8-U8": {"cold": {"baseline": [138.2720023393631, 139.23199474811554, 137.34400272369385, 139.64800536632538, 138.2720023393631, 139.26400244235992, 141.34399592876434, 140.44800400733948, 138.2720023393631, 138.2399946451187, 139.26400244235992, 138.2399946451187, 138.2399946451187, 139.26400244235992, 140.25600254535675, 138.2720023393631, 138.2399946451187, 140.54399728775024, 138.5280042886734, 160.70400178432465, 144.83200013637543, 141.184002161026, 167.61599481105804, 138.62399756908417, 139.23199474811554, 138.2399946451187, 137.31199502944946, 137.34400272369385, 138.2720023393631, 141.34399592876434, 140.19200205802917, 139.26400244235992], "candidate": [143.36000382900238, 142.33599603176117, 143.45599710941315, 142.36800372600555, 142.46399700641632, 143.39199662208557, 142.36800372600555, 142.62400567531586, 142.43200421333313, 142.33599603176117, 142.33599603176117, 143.39199662208557, 142.33599603176117, 142.36800372600555, 142.36800372600555, 147.45600521564484, 143.39199662208557, 143.93599331378937, 143.39199662208557, 174.112007021904, 142.33599603176117, 143.61600577831268, 141.53599739074707, 142.4960047006607, 142.33599603176117, 142.36800372600555, 143.36000382900238, 142.33599603176117, 143.36000382900238, 143.42400431632996, 144.3839967250824, 143.36000382900238]}, "warm": {"baseline": [107.26399719715118, 109.31199789047241, 108.89600217342377, 108.31999778747559, 109.15199667215347, 110.20799726247787, 112.2559979557991, 109.56799983978271, 110.36799848079681, 110.33599823713303, 110.36799848079681, 112.41599917411804, 111.32799834012985, 108.2879975438118, 108.12799632549286, 108.31999778747559, 110.33599823713303, 110.33599823713303, 112.35199868679047, 108.38399827480316, 110.33599823713303, 110.33599823713303, 108.5439994931221, 110.33599823713303, 110.17599701881409, 107.32799768447876, 108.31999778747559, 108.31999778747559, 106.78400099277496, 108.2879975438118, 108.2879975438118, 109.0880036354065], "candidate": [118.52800101041794, 121.56800180673599, 118.6240017414093, 118.52800101041794, 120.57600170373917, 122.65600264072418, 121.63200229406357, 121.5360015630722, 120.35199999809265, 122.94399738311768, 120.60800194740295, 122.65600264072418, 120.57600170373917, 120.60800194740295, 120.83200365304947, 120.60800194740295, 122.6240023970604, 122.6240023970604, 122.6240023970604, 122.65600264072418, 120.57600170373917, 120.57600170373917, 119.55200135707855, 119.55200135707855, 117.98399686813354, 119.58400160074234, 117.85600334405899, 120.57600170373917, 117.47200042009354, 119.58400160074234, 117.85600334405899, 118.56000125408173]}}, "M8-U40": {"cold": {"baseline": [637.9839777946472, 640.0319933891296, 640.1600241661072, 641.0560011863708, 636.9600296020508, 635.9360218048096, 637.3440027236938, 640.0319933891296, 634.335994720459, 636.031985282898, 634.880006313324, 639.0079855918884, 639.519989490509, 633.8880062103271, 640.0319933891296, 638.975977897644, 632.7999830245972, 643.0720090866089, 638.1120085716248, 638.975977897644, 636.1920237541199, 637.2159719467163, 716.9280052185059, 639.9999856948853, 641.0239934921265, 639.0079855918884, 636.9280219078064, 641.0239934921265, 636.352002620697, 641.5680050849915, 637.9200220108032, 640.5439972877502], "candidate": [666.6560173034668, 662.4959707260132, 659.6480011940002, 658.5599780082703, 656.3839912414551, 660.5439782142639, 662.4959707260132, 665.8880114555359, 657.535970211029, 660.5119705200195, 660.4800224304199, 661.5359783172607, 659.4560146331787, 658.3999991416931, 670.6879734992981, 663.5519862174988, 661.5359783172607, 663.5519862174988, 658.623993396759, 661.5039706230164, 663.5519862174988, 656.8639874458313, 662.559986114502, 662.5279784202576, 665.6320095062256, 661.5039706230164, 659.4560146331787, 660.5119705200195, 659.4560146331787, 658.6880087852478, 660.9920263290405, 663.5519862174988]}, "warm": {"baseline": [642.848014831543, 644.8959708213806, 641.8240070343018, 640.5760049819946, 643.2639956474304, 641.8560147285461, 627.1359920501709, 638.5599970817566, 628.5120248794556, 639.4879817962646, 644.8320150375366, 641.3760185241699, 642.848014831543, 642.848014831543, 636.6720199584961, 632.319986820221, 637.7279758453369, 639.3920183181763, 639.2639875411987, 639.743983745575, 641.3760185241699, 633.6320042610168, 630.2719712257385, 640.8640146255493, 644.0320014953613, 639.7759914398193, 630.5279731750488, 638.592004776001, 644.8959708213806, 629.5040249824524, 642.4639821052551, 644.864022731781], "candidate": [647.9359865188599, 662.5279784202576, 661.2160205841064, 660.5119705200195, 646.5920209884644, 666.1760210990906, 665.0239825248718, 663.7120246887207, 668.3200001716614, 656.3199758529663, 646.943986415863, 651.0400176048279, 645.9199786186218, 661.2480282783508, 661.2480282783508, 660.2240204811096, 650.5600214004517, 650.9439945220947, 662.2719764709473, 669.439971446991, 647.9359865188599, 667.8720116615295, 666.4000153541565, 659.2320203781128, 656.1599969863892, 663.5199785232544, 662.2719764709473, 659.9680185317993, 646.2079882621765, 652.9600024223328, 662.0799899101257, 660.1600050926208]}}, "M8-U64": {"cold": {"baseline": [1012.768030166626, 1005.8879852294922, 1015.8079862594604, 1009.6319913864136, 1003.5200119018555, 1011.7119550704956, 1010.6559991836548, 1007.6160430908203, 1009.6640586853027, 1008.6400508880615, 1010.6559991836548, 1015.0079727172852, 1023.0079889297485, 1005.5680274963379, 1010.7200145721436, 1016.0319805145264, 1008.6719989776611, 1019.9359655380249, 1024.5120525360107, 1014.8160457611084, 1034.2719554901123, 1026.1119604110718, 1021.9839811325073, 1026.4960527420044, 1019.9040174484253, 1019.9040174484253, 1019.9040174484253, 1034.2400074005127, 1032.2240591049194, 1038.3679866790771, 1055.7440519332886, 1041.4079427719116], "candidate": [1031.391978263855, 1026.047945022583, 1028.3520221710205, 1026.0800123214722, 1028.4160375595093, 1031.167984008789, 1045.5360412597656, 1042.464017868042, 1035.264015197754, 1027.1999835968018, 1031.615972518921, 1035.2959632873535, 1034.2400074005127, 1026.4960527420044, 1032.1919918060303, 1027.5839567184448, 1034.3040227890015, 1030.6880474090576, 1032.1600437164307, 1039.3279790878296, 1055.7119846343994, 1050.6559610366821, 1050.9120225906372, 1035.2319478988647, 1036.5439653396606, 1045.5039739608765, 1046.5600490570068, 1044.5120334625244, 1061.0239505767822, 1053.6960363388062, 1071.1359977722168, 1073.15194606781]}, "warm": {"baseline": [1054.4960498809814, 1024.832010269165, 1030.0159454345703, 1015.5520439147949, 1037.2799634933472, 1033.0239534378052, 1027.9040336608887, 1019.6479558944702, 1030.9439897537231, 1036.5760326385498, 1027.008056640625, 1033.9839458465576, 1010.4320049285889, 1053.4720420837402, 1068.7999725341797, 1009.4399452209473, 1011.5840435028076, 1015.5520439147949, 1050.4000186920166, 1151.360034942627, 1097.375988960266, 1012.4479532241821, 1040.2239561080933, 1125.920057296753, 1066.6879415512085, 1020.6400156021118, 1041.9199466705322, 1031.9360494613647, 1017.632007598877, 1026.3680219650269, 1016.1919593811035, 1007.3920488357544], "candidate": [1065.727949142456, 1038.1120443344116, 1057.919979095459, 1041.2160158157349, 1050.271987915039, 1052.448034286499, 1059.615969657898, 1041.1200523376465, 1068.6719417572021, 1053.9840459823608, 1046.1440086364746, 1039.1039848327637, 1025.823950767517, 1028.9920568466187, 1026.6560316085815, 1025.823950767517, 1038.8799905776978, 1030.9439897537231, 1069.823980331421, 1064.7039413452148, 1110.368013381958, 1146.4320421218872, 1141.4719820022583, 1190.3680562973022, 1088.096022605896, 1044.2240238189697, 1047.8399991989136, 1046.1759567260742, 1058.5919618606567, 1047.3599433898926, 1049.3760108947754, 1031.9679975509644]}}}, "median_us": {"M6-U8": {"cold": {"baseline": 137.1999979019165, "candidate": 141.31200313568115}, "warm": {"baseline": 105.39199784398079, "candidate": 116.48000031709671}}, "M6-U40": {"cold": {"baseline": 635.888010263443, "candidate": 657.4240028858185}, "warm": {"baseline": 635.6640160083771, "candidate": 658.4320068359375}}, "M6-U48": {"cold": {"baseline": 758.2719922065735, "candidate": 763.9679908752441}, "warm": {"baseline": 762.9120051860809, "candidate": 767.1840190887451}}, "M8-U8": {"cold": {"baseline": 139.23199474811554, "candidate": 142.56000518798828}, "warm": {"baseline": 109.23199728131294, "candidate": 120.57600170373917}}, "M8-U40": {"cold": {"baseline": 638.975977897644, "candidate": 661.2479984760284}, "warm": {"baseline": 640.175998210907, "candidate": 660.3679955005646}}, "M8-U64": {"cold": {"baseline": 1015.9199833869934, "candidate": 1035.2479815483093}, "warm": {"baseline": 1030.4799675941467, "candidate": 1048.6080050468445}}}, "scope": "synthetic C=1 static MoE only; M1/2 correctness uses forced static"}
VERDICT: PASS (MoE GPU correctness/replay; serving unmeasured)
