test_reduce_sends_c1_and_c2_sums_to_the_consumer_and_larger_sums_to_the_ordinary_kernel (tests.test_engine_oneshot_consumer.ConsumerDispatchTests.test_reduce_sends_c1_and_c2_sums_to_the_consumer_and_larger_sums_to_the_ordinary_kernel) ... ok
test_the_16_row_consumer_first_runs_under_the_stall_watchdog (tests.test_engine_oneshot_consumer.ConsumerDispatchTests.test_the_16_row_consumer_first_runs_under_the_stall_watchdog) ... ok
test_the_control_bound_is_validated_before_any_group_or_build (tests.test_engine_oneshot_consumer.ConsumerDispatchTests.test_the_control_bound_is_validated_before_any_group_or_build) ... ok
test_engine_build_launches_the_ordinary_grid_for_the_consumer (tests.test_engine_oneshot_consumer.ConsumerLaunchTests.test_engine_build_launches_the_ordinary_grid_for_the_consumer) ... ok
test_stash_and_ownership_cover_every_consumer_size_through_maxel (tests.test_engine_oneshot_consumer.ConsumerLaunchTests.test_stash_and_ownership_cover_every_consumer_size_through_maxel) ... ok
test_sampler_initializes_events_before_timing_and_waits_once_per_cell (tests.test_engine_oneshot_latency.LatencyTests.test_sampler_initializes_events_before_timing_and_waits_once_per_cell) ... ok
test_qwen38_gets_its_table_before_any_boot (tests.test_engine_kernel_shape.CellTests.test_qwen38_gets_its_table_before_any_boot) ... ok
test_the_measured_cell_is_admitted_on_every_lane (tests.test_engine_kernel_shape.CellTests.test_the_measured_cell_is_admitted_on_every_lane) ... ok
test_the_wrappers_refuse_against_the_cells (tests.test_engine_kernel_shape.CellTests.test_the_wrappers_refuse_against_the_cells) ... ok
test_binding_is_once_per_process (tests.test_engine_kernel_shape.DescriptorTests.test_binding_is_once_per_process) ... ok
test_dsv41_declares_no_linear_attention_and_its_own_expert_encoding (tests.test_engine_kernel_shape.DescriptorTests.test_dsv41_declares_no_linear_attention_and_its_own_expert_encoding) ... ok
test_impossible_shapes_are_refused_at_construction (tests.test_engine_kernel_shape.DescriptorTests.test_impossible_shapes_are_refused_at_construction) ... ok
test_qwen38_declares_a_different_cell_through_the_same_descriptor (tests.test_engine_kernel_shape.DescriptorTests.test_qwen38_declares_a_different_cell_through_the_same_descriptor) ... ok
test_the_glm_checkpoint_derives_the_measured_cell (tests.test_engine_kernel_shape.DescriptorTests.test_the_glm_checkpoint_derives_the_measured_cell)
Model geometry is unchanged; operator-selected draft width is recorded separately. ... ok
test_the_tiny_test_facts_still_derive_a_valid_shape (tests.test_engine_kernel_shape.DescriptorTests.test_the_tiny_test_facts_still_derive_a_valid_shape) ... ok
test_unbound_means_the_measured_cell (tests.test_engine_kernel_shape.DescriptorTests.test_unbound_means_the_measured_cell) ... ok
test_q0_and_scatter_gates_take_the_cell (tests.test_engine_kernel_shape.DispatchGateTests.test_q0_and_scatter_gates_take_the_cell) ... ok
test_the_admission_gate_is_the_bound_cell (tests.test_engine_kernel_shape.DispatchGateTests.test_the_admission_gate_is_the_bound_cell) ... ok
test_a_recipe_names_its_kind_cost_and_every_field (tests.test_engine_kernel_shape.RecipeTests.test_a_recipe_names_its_kind_cost_and_every_field) ... ok
test_a_recipe_rides_on_every_verdict_that_is_not_admitted (tests.test_engine_kernel_shape.RecipeTests.test_a_recipe_rides_on_every_verdict_that_is_not_admitted) ... ok
test_the_plan_is_cheapest_first_with_refusals_first_at_equal_cost (tests.test_engine_kernel_shape.RecipeTests.test_the_plan_is_cheapest_first_with_refusals_first_at_equal_cost) ... ok
test_the_recipes_name_files_that_exist (tests.test_engine_kernel_shape.RecipeTests.test_the_recipes_name_files_that_exist) ... ok
test_the_record_and_the_json_carry_the_work (tests.test_engine_kernel_shape.RecipeTests.test_the_record_and_the_json_carry_the_work) ... ok
test_a_record_binds_while_it_still_describes_the_config (tests.test_engine_kernel_shape.RecordTests.test_a_record_binds_while_it_still_describes_the_config) ... ok
test_pins_are_part_of_the_recorded_shape (tests.test_engine_kernel_shape.RecordTests.test_pins_are_part_of_the_recorded_shape) ... ok
test_the_wizard_judges_a_checkpoint_and_records_it (tests.test_engine_kernel_shape.RecordTests.test_the_wizard_judges_a_checkpoint_and_records_it) ... ok
test_a_model_without_a_dense_mlp_is_judged_on_its_projections (tests.test_engine_kernel_shape.ServeTests.test_a_model_without_a_dense_mlp_is_judged_on_its_projections) ... ok
test_a_serve_is_validated (tests.test_engine_kernel_shape.ServeTests.test_a_serve_is_validated) ... ok
test_every_layer_names_what_serves_it_and_an_oracle_never_does (tests.test_engine_kernel_shape.ServeTests.test_every_layer_names_what_serves_it_and_an_oracle_never_does) ... ok
test_glm_is_served_by_its_own_lanes (tests.test_engine_kernel_shape.ServeTests.test_glm_is_served_by_its_own_lanes) ... ok
test_the_glue_rules_are_the_adapters_rules (tests.test_engine_kernel_shape.ServeTests.test_the_glue_rules_are_the_adapters_rules) ... ok
test_the_second_models_name_their_fastest_kernels (tests.test_engine_kernel_shape.ServeTests.test_the_second_models_name_their_fastest_kernels) ... ok
test_the_tier_follows_the_refusal (tests.test_engine_kernel_shape.ServeTests.test_the_tier_follows_the_refusal) ... ok
test_the_v41_seam_gets_its_own_instance_recipe (tests.test_engine_kernel_shape.ServeTests.test_the_v41_seam_gets_its_own_instance_recipe)
A split-sinkhorn model at a width the seam is not compiled for asks for a V4.1 instance, judged by the V4.1 ... ok
test_a_per_head_decay_reaches_the_kernels_as_a_stride_zero_channel_axis (tests.test_engine_kernel_shape.WrapperTests.test_a_per_head_decay_reaches_the_kernels_as_a_stride_zero_channel_axis) ... ok
test_mk_mhc_geometry_follows_the_shape_and_refuses_uncompiled_widths (tests.test_engine_kernel_shape.WrapperTests.test_mk_mhc_geometry_follows_the_shape_and_refuses_uncompiled_widths) ... ok
test_oneshot_takes_its_row_width_from_the_shape (tests.test_engine_kernel_shape.WrapperTests.test_oneshot_takes_its_row_width_from_the_shape) ... ok
test_prefill_collectives_take_their_width_and_world_from_the_shape (tests.test_engine_kernel_shape.WrapperTests.test_prefill_collectives_take_their_width_and_world_from_the_shape) ... ok
test_the_boot_binds_the_checkpoint_shape_before_the_lanes (tests.test_engine_kernel_shape.WrapperTests.test_the_boot_binds_the_checkpoint_shape_before_the_lanes) ... ok
test_signed_packets_odd_tails_and_publication_weight (tests.test_engine_oneshot_integer.IntegerTransportTests.test_signed_packets_odd_tails_and_publication_weight) ... ok
test_cancellation_and_bf16_inputs_agree_on_all_ranks (tests.test_engine_oneshot_sum.RankOrderedSumTests.test_cancellation_and_bf16_inputs_agree_on_all_ranks) ... ok
test_every_queue_pair_resource_follows_its_peers_rail (tests.test_engine_oneshot_rails.RailPlacementTests.test_every_queue_pair_resource_follows_its_peers_rail) ... ok
test_header_rule_matches_the_python_rule (tests.test_engine_oneshot_rails.RailPlacementTests.test_header_rule_matches_the_python_rule) ... /tmp/tmpoypyou8_/rails.cc:3:9: warning: #pragma once in main file
    3 | #pragma once
      |         ^~~~
ok
test_python_rule_puts_one_peer_of_every_rank_on_the_second_rail (tests.test_engine_oneshot_rails.RailPlacementTests.test_python_rule_puts_one_peer_of_every_rank_on_the_second_rail) ... ok
test_the_proxy_keeps_its_poll_count_out_of_the_registered_header (tests.test_engine_oneshot_rails.RailPlacementTests.test_the_proxy_keeps_its_poll_count_out_of_the_registered_header) ... ok
test_build_defaults_to_inline_and_all_four_variants_have_distinct_keys (tests.test_engine_oneshot_modes.ModeTests.test_build_defaults_to_inline_and_all_four_variants_have_distinct_keys) ... W0915 00:45:38.285000 225 torch/utils/cpp_extension.py:178] No CUDA runtime is found, using CUDA_HOME='/usr/local/cuda-13.2'
ok
test_local_mode_or_remote_preparation_failure_releases_before_connect (tests.test_engine_oneshot_modes.ModeTests.test_local_mode_or_remote_preparation_failure_releases_before_connect) ... ok
test_actual_proxy_reuses_ring_descriptors_and_retires_delayed_rails (tests.test_engine_oneshot_proxy.ProxyTests.test_actual_proxy_reuses_ring_descriptors_and_retires_delayed_rails) ... ok
test_every_native_launch_protects_the_ctrl_lifetime_before_enqueue (tests.test_engine_oneshot_setup.SetupTests.test_every_native_launch_protects_the_ctrl_lifetime_before_enqueue) ... ok
test_partial_preparation_release_failures_gid_bounds_and_device_lifetime (tests.test_engine_oneshot_setup.SetupTests.test_partial_preparation_release_failures_gid_bounds_and_device_lifetime) ... ok
test_capture_bursts_real_stalls_thread_exit_and_restart (tests.test_engine_oneshot_health.ProxyHealthTests.test_capture_bursts_real_stalls_thread_exit_and_restart) ... ok
test_build_reads_drafter_facts_from_the_selected_directory (tests.test_engine_bootpaths.BootPathTests.test_build_reads_drafter_facts_from_the_selected_directory) ... ok
test_local_http_and_fleet_forward_both_model_directories (tests.test_engine_bootpaths.BootPathTests.test_local_http_and_fleet_forward_both_model_directories) ...   box: test
  facts
    model                    /alternate/config                [the checkpoint's config/tokenizer (facts.CKPT or a copy of those files)]
    ranks                    /alternate/ranks                 [preshard output]
    world                    4                                [facts.TP: four Sparks]
    block                    768                              [launcher --block-size]
    spec_k                   7                                [launcher SPEC_K with DFlash2]
    kv_gib                   0.25                             [--kv-gib (local)]
    port                     8000                             [--port]
    max_seqs                 2                                [resident rows, state slots and captured decode widths]
    prefix_snapshot_gib      2.125                            [tiered raw block-boundary checkpoints; count follows the shape]
    prefix_untiered_snapshot_gib 4.25                             [raw checkpoints when no prefix tier is configured]
    prefix_compressed_bytes  1073741824                       [prefix tier's bounded lossless RAM cache; codec workspace declared separately]
    moe_static               t,r,sf6,q0                       [native TP4 execution]
    lanes                    served                           [native TP4 execution]
    decode_eager             0                                [native TP4 execution]
    execution                native                           [native TP4 execution]
  knobs (every one expires)
    decode_absorb_tiles      1                                until 2026-09-30  measures 'Operator-enabled K=7 token-major MLA contractions; paired GPU qualification pending', rollback 'STK_decode_absorb_tiles=0'
    decode_indexer_gate      1                                until 2026-09-30  measures 'Operator-enabled K=7 FP32 head-gate partials with fused boundary reduction; paired GPU qualification pending', rollback 'STK_decode_indexer_gate=0'
    decode_dsa_inputs        1                                until 2026-09-30  measures 'Operator-enabled K=7 shared queries, latent norm/write and direct pool-cache glue; paired GPU qualification pending', rollback 'STK_decode_dsa_inputs=0'
    decode_fastpaths         1                                until 2026-09-30  measures 'Operator-enabled K=7 input reuse, paired projections and direct TX outputs; GPU qualification pending', rollback 'STK_decode_fastpaths=0'
    prefill_ffn_packets      1                                until 2026-09-30  measures 'Operator-enabled sender-owned routes and direct FP8 expert/shared inputs; local FFN qualified, fleet serving pending', rollback 'STK_prefill_ffn_packets=0'
    prefill_absorb_tiles     1                                until 2026-09-30  measures 'Operator-enabled token-major MLA contractions; GPU timing and quality qualification pending', rollback 'STK_prefill_absorb_tiles=0'
    prefill_dense_prefix     1                                until 2026-09-30  measures 'Operator-enabled causal-prefix KV sharing; GPU timing and quality qualification pending', rollback 'STK_prefill_dense_prefix=0'
    prefill_indexer_shards   0                                until 2026-09-30  measures 'Unqualified prefill candidate: shard replicated indexer queries and bypass fully covered selections', rollback 'STK_prefill_indexer_shards=0'
    draft_tuning                                              until 2026-09-30  measures 'Explicit draft-only selector, boundary and preparation tuning JSON; empty preserves baseline coefficients', rollback 'STK_draft_tuning='
    draft_fc_precision       fp8                              until 2026-09-30  measures 'DFlash FC decode precision; shared or committed-decode FP8 pack', rollback 'STK_draft_fc_precision=w4'
    draft_fc_calibration     auto                             until 2026-09-30  measures 'auto collects missing committed decode inputs and consumes GPTQ on a subsequent boot; shared/collect/decode are fixed arms', rollback 'STK_draft_fc_calibration=shared'
    draft_diagnostics        1                                until 2026-09-30  measures 'Record greedy first rejection as candidate miss, selector miss or output boundary', rollback 'STK_draft_diagnostics=0'
    terminal_mhc             0                                until 2026-09-30  measures 'Decode and prefill: preserve BF16 channel rounding while writing terminal means into final feature columns', rollback 'STK_terminal_mhc=0'
    deferred_kda             1                                until 2026-09-30  measures 'Operator-enabled FP32 KDA: verify into update factors, commit accepted states across all layers in one launch; K=7 GPU exactness and paired timing pending', rollback 'STK_deferred_kda=0'
    decode_iterations        4                                until 2026-09-30  measures 'Bounded greedy TP4 decode: reserve/read back 2 or 4 iterations with rank-agreed exits', rollback 'STK_decode_iterations=1'
    nvme_mapped_staging      1                                until 2026-09-30  measures 'One mapped GB10 staging allocation for NVMe host I/O and GPU gather/scatter', rollback 'STK_nvme_mapped_staging=0'
    oneshot_rails            2                                until 2026-09-30  measures 'Operator-directed one-shot RDMA over both RoCE PCIe functions, pairs {0,1},{2,3} on the second; boot latency gauge and fleet onepass pending', rollback 'STK_oneshot_rails=1'
    oneshot_inline           1                                until 2026-09-30  measures 'Inline 8-byte one-shot completion flags; fleet consumer latency and quality pending', rollback 'STK_oneshot_inline=0'
    prefill_project_tiles    1                                until 2026-09-30  measures 'Overlap TP4 prefill tile arrival with independent KDA input projection', rollback 'STK_prefill_project_tiles=0'
    direct_mhc               1                                until 2026-09-30  measures 'TP4 rank packets consumed inside native MHC; exact rounding, C=1/C=4 latency and quality', rollback 'STK_direct_mhc=0'
    execution_overlap        0                                until 2026-09-30  measures 'GB10 C=4 ordered TP/compute overlap: matched onepass C=1/C=4 latency and acceptance', rollback 'STK_execution_overlap=0'
    early_observe            0                                until 2026-09-30  measures 'DFlash2 context preparation overlaps target tail using private W4 scratch; FP32 state unchanged', rollback 'STK_early_observe=0'
    prefill_tiles            1                                until 2026-09-30  measures 'layer-major prefill windows of 1/2/4 native tiles, separate from decoding; 32K/128K TTFT and memory', rollback 'STK_prefill_tiles=1'
    kda_state_dtype          fp32                             until 2026-09-30  measures 'FP16 recurrent storage with FP32 arithmetic: matched C=1/C=4 onepass quality, latency and memory', rollback 'STK_kda_state_dtype=fp32'
    mla_prefill              tile32                           until 2026-09-30  measures 'large-M MLA prefill: tile32 is the qualified production default, stock the baseline (the pair/pair4 union candidates were measured and retired -- 45차 §23 조사 16차, PR #698)', rollback 'STK_mla_prefill=tile32'
    context_ceiling          0                                until 2026-09-30  measures "the served context ceiling: the door refuses a longer horizon and the decode ladder captures no bucket above it. 0 = the checkpoint's trained positions (1,048,576); each context bucket captures the declared request widths. The boot's 'target/<shape>/' memory rows carry each bucket's seconds, so a boot pair prices the cut before it is taken", rollback 'STK_context_ceiling=0'
  box: test
  facts
    model                    /alternate/config                [the checkpoint's config/tokenizer (facts.CKPT or a copy of those files)]
    ranks                    /alternate/ranks                 [preshard output]
    world                    4                                [facts.TP: four Sparks]
    block                    768                              [launcher --block-size]
    spec_k                   7                                [launcher SPEC_K with DFlash2]
    kv_gib                   0.25                             [--kv-gib (local)]
    port                     8000                             [--port]
    max_seqs                 2                                [resident rows, state slots and captured decode widths]
    prefix_snapshot_gib      2.125                            [tiered raw block-boundary checkpoints; count follows the shape]
    prefix_untiered_snapshot_gib 4.25                             [raw checkpoints when no prefix tier is configured]
    prefix_compressed_bytes  1073741824                       [prefix tier's bounded lossless RAM cache; codec workspace declared separately]
    moe_static               t,r,sf6,q0                       [native TP4 execution]
    lanes                    served                           [native TP4 execution]
    decode_eager             0                                [native TP4 execution]
    execution                native                           [native TP4 execution]
  knobs (every one expires)
    decode_absorb_tiles      1                                until 2026-09-30  measures 'Operator-enabled K=7 token-major MLA contractions; paired GPU qualification pending', rollback 'STK_decode_absorb_tiles=0'
    decode_indexer_gate      1                                until 2026-09-30  measures 'Operator-enabled K=7 FP32 head-gate partials with fused boundary reduction; paired GPU qualification pending', rollback 'STK_decode_indexer_gate=0'
    decode_dsa_inputs        1                                until 2026-09-30  measures 'Operator-enabled K=7 shared queries, latent norm/write and direct pool-cache glue; paired GPU qualification pending', rollback 'STK_decode_dsa_inputs=0'
    decode_fastpaths         1                                until 2026-09-30  measures 'Operator-enabled K=7 input reuse, paired projections and direct TX outputs; GPU qualification pending', rollback 'STK_decode_fastpaths=0'
    prefill_ffn_packets      1                                until 2026-09-30  measures 'Operator-enabled sender-owned routes and direct FP8 expert/shared inputs; local FFN qualified, fleet serving pending', rollback 'STK_prefill_ffn_packets=0'
    prefill_absorb_tiles     1                                until 2026-09-30  measures 'Operator-enabled token-major MLA contractions; GPU timing and quality qualification pending', rollback 'STK_prefill_absorb_tiles=0'
    prefill_dense_prefix     1                                until 2026-09-30  measures 'Operator-enabled causal-prefix KV sharing; GPU timing and quality qualification pending', rollback 'STK_prefill_dense_prefix=0'
    prefill_indexer_shards   0                                until 2026-09-30  measures 'Unqualified prefill candidate: shard replicated indexer queries and bypass fully covered selections', rollback 'STK_prefill_indexer_shards=0'
    draft_tuning                                              until 2026-09-30  measures 'Explicit draft-only selector, boundary and preparation tuning JSON; empty preserves baseline coefficients', rollback 'STK_draft_tuning='
    draft_fc_precision       fp8                              until 2026-09-30  measures 'DFlash FC decode precision; shared or committed-decode FP8 pack', rollback 'STK_draft_fc_precision=w4'
    draft_fc_calibration     auto                             until 2026-09-30  measures 'auto collects missing committed decode inputs and consumes GPTQ on a subsequent boot; shared/collect/decode are fixed arms', rollback 'STK_draft_fc_calibration=shared'
    draft_diagnostics        1                                until 2026-09-30  measures 'Record greedy first rejection as candidate miss, selector miss or output boundary', rollback 'STK_draft_diagnostics=0'
    terminal_mhc             0                                until 2026-09-30  measures 'Decode and prefill: preserve BF16 channel rounding while writing terminal means into final feature columns', rollback 'STK_terminal_mhc=0'
    deferred_kda             1                                until 2026-09-30  measures 'Operator-enabled FP32 KDA: verify into update factors, commit accepted states across all layers in one launch; K=7 GPU exactness and paired timing pending', rollback 'STK_deferred_kda=0'
    decode_iterations        4                                until 2026-09-30  measures 'Bounded greedy TP4 decode: reserve/read back 2 or 4 iterations with rank-agreed exits', rollback 'STK_decode_iterations=1'
    nvme_mapped_staging      1                                until 2026-09-30  measures 'One mapped GB10 staging allocation for NVMe host I/O and GPU gather/scatter', rollback 'STK_nvme_mapped_staging=0'
    oneshot_rails            2                                until 2026-09-30  measures 'Operator-directed one-shot RDMA over both RoCE PCIe functions, pairs {0,1},{2,3} on the second; boot latency gauge and fleet onepass pending', rollback 'STK_oneshot_rails=1'
    oneshot_inline           1                                until 2026-09-30  measures 'Inline 8-byte one-shot completion flags; fleet consumer latency and quality pending', rollback 'STK_oneshot_inline=0'
    prefill_project_tiles    1                                until 2026-09-30  measures 'Overlap TP4 prefill tile arrival with independent KDA input projection', rollback 'STK_prefill_project_tiles=0'
    direct_mhc               1                                until 2026-09-30  measures 'TP4 rank packets consumed inside native MHC; exact rounding, C=1/C=4 latency and quality', rollback 'STK_direct_mhc=0'
    execution_overlap        0                                until 2026-09-30  measures 'GB10 C=4 ordered TP/compute overlap: matched onepass C=1/C=4 latency and acceptance', rollback 'STK_execution_overlap=0'
    early_observe            0                                until 2026-09-30  measures 'DFlash2 context preparation overlaps target tail using private W4 scratch; FP32 state unchanged', rollback 'STK_early_observe=0'
    prefill_tiles            1                                until 2026-09-30  measures 'layer-major prefill windows of 1/2/4 native tiles, separate from decoding; 32K/128K TTFT and memory', rollback 'STK_prefill_tiles=1'
    kda_state_dtype          fp32                             until 2026-09-30  measures 'FP16 recurrent storage with FP32 arithmetic: matched C=1/C=4 onepass quality, latency and memory', rollback 'STK_kda_state_dtype=fp32'
    mla_prefill              tile32                           until 2026-09-30  measures 'large-M MLA prefill: tile32 is the qualified production default, stock the baseline (the pair/pair4 union candidates were measured and retired -- 45차 §23 조사 16차, PR #698)', rollback 'STK_mla_prefill=tile32'
    context_ceiling          0                                until 2026-09-30  measures "the served context ceiling: the door refuses a longer horizon and the decode ladder captures no bucket above it. 0 = the checkpoint's trained positions (1,048,576); each context bucket captures the declared request widths. The boot's 'target/<shape>/' memory rows carry each bucket's seconds, so a boot pair prices the cut before it is taken", rollback 'STK_context_ceiling=0'
  fleet reserved by test
  box: test
  facts
    model                    /alternate/config                [the checkpoint's config/tokenizer (facts.CKPT or a copy of those files)]
    ranks                    /alternate/ranks                 [preshard output]
    world                    4                                [facts.TP: four Sparks]
    block                    768                              [launcher --block-size]
    spec_k                   7                                [launcher SPEC_K with DFlash2]
    kv_gib                   0.25                             [--kv-gib (local)]
    port                     8000                             [--port]
    max_seqs                 2                                [resident rows, state slots and captured decode widths]
    prefix_snapshot_gib      2.125                            [tiered raw block-boundary checkpoints; count follows the shape]
    prefix_untiered_snapshot_gib 4.25                             [raw checkpoints when no prefix tier is configured]
    prefix_compressed_bytes  1073741824                       [prefix tier's bounded lossless RAM cache; codec workspace declared separately]
    moe_static               t,r,sf6,q0                       [native TP4 execution]
    lanes                    served                           [native TP4 execution]
    decode_eager             0                                [native TP4 execution]
    execution                native                           [native TP4 execution]
  knobs (every one expires)
    decode_absorb_tiles      1                                until 2026-09-30  measures 'Operator-enabled K=7 token-major MLA contractions; paired GPU qualification pending', rollback 'STK_decode_absorb_tiles=0'
    decode_indexer_gate      1                                until 2026-09-30  measures 'Operator-enabled K=7 FP32 head-gate partials with fused boundary reduction; paired GPU qualification pending', rollback 'STK_decode_indexer_gate=0'
    decode_dsa_inputs        1                                until 2026-09-30  measures 'Operator-enabled K=7 shared queries, latent norm/write and direct pool-cache glue; paired GPU qualification pending', rollback 'STK_decode_dsa_inputs=0'
    decode_fastpaths         1                                until 2026-09-30  measures 'Operator-enabled K=7 input reuse, paired projections and direct TX outputs; GPU qualification pending', rollback 'STK_decode_fastpaths=0'
    prefill_ffn_packets      1                                until 2026-09-30  measures 'Operator-enabled sender-owned routes and direct FP8 expert/shared inputs; local FFN qualified, fleet serving pending', rollback 'STK_prefill_ffn_packets=0'
    prefill_absorb_tiles     1                                until 2026-09-30  measures 'Operator-enabled token-major MLA contractions; GPU timing and quality qualification pending', rollback 'STK_prefill_absorb_tiles=0'
    prefill_dense_prefix     1                                until 2026-09-30  measures 'Operator-enabled causal-prefix KV sharing; GPU timing and quality qualification pending', rollback 'STK_prefill_dense_prefix=0'
    prefill_indexer_shards   0                                until 2026-09-30  measures 'Unqualified prefill candidate: shard replicated indexer queries and bypass fully covered selections', rollback 'STK_prefill_indexer_shards=0'
    draft_tuning                                              until 2026-09-30  measures 'Explicit draft-only selector, boundary and preparation tuning JSON; empty preserves baseline coefficients', rollback 'STK_draft_tuning='
    draft_fc_precision       fp8                              until 2026-09-30  measures 'DFlash FC decode precision; shared or committed-decode FP8 pack', rollback 'STK_draft_fc_precision=w4'
    draft_fc_calibration     auto                             until 2026-09-30  measures 'auto collects missing committed decode inputs and consumes GPTQ on a subsequent boot; shared/collect/decode are fixed arms', rollback 'STK_draft_fc_calibration=shared'
    draft_diagnostics        1                                until 2026-09-30  measures 'Record greedy first rejection as candidate miss, selector miss or output boundary', rollback 'STK_draft_diagnostics=0'
    terminal_mhc             0                                until 2026-09-30  measures 'Decode and prefill: preserve BF16 channel rounding while writing terminal means into final feature columns', rollback 'STK_terminal_mhc=0'
    deferred_kda             1                                until 2026-09-30  measures 'Operator-enabled FP32 KDA: verify into update factors, commit accepted states across all layers in one launch; K=7 GPU exactness and paired timing pending', rollback 'STK_deferred_kda=0'
    decode_iterations        4                                until 2026-09-30  measures 'Bounded greedy TP4 decode: reserve/read back 2 or 4 iterations with rank-agreed exits', rollback 'STK_decode_iterations=1'
    nvme_mapped_staging      1                                until 2026-09-30  measures 'One mapped GB10 staging allocation for NVMe host I/O and GPU gather/scatter', rollback 'STK_nvme_mapped_staging=0'
    oneshot_rails            2                                until 2026-09-30  measures 'Operator-directed one-shot RDMA over both RoCE PCIe functions, pairs {0,1},{2,3} on the second; boot latency gauge and fleet onepass pending', rollback 'STK_oneshot_rails=1'
    oneshot_inline           1                                until 2026-09-30  measures 'Inline 8-byte one-shot completion flags; fleet consumer latency and quality pending', rollback 'STK_oneshot_inline=0'
    prefill_project_tiles    1                                until 2026-09-30  measures 'Overlap TP4 prefill tile arrival with independent KDA input projection', rollback 'STK_prefill_project_tiles=0'
    direct_mhc               1                                until 2026-09-30  measures 'TP4 rank packets consumed inside native MHC; exact rounding, C=1/C=4 latency and quality', rollback 'STK_direct_mhc=0'
    execution_overlap        0                                until 2026-09-30  measures 'GB10 C=4 ordered TP/compute overlap: matched onepass C=1/C=4 latency and acceptance', rollback 'STK_execution_overlap=0'
    early_observe            0                                until 2026-09-30  measures 'DFlash2 context preparation overlaps target tail using private W4 scratch; FP32 state unchanged', rollback 'STK_early_observe=0'
    prefill_tiles            1                                until 2026-09-30  measures 'layer-major prefill windows of 1/2/4 native tiles, separate from decoding; 32K/128K TTFT and memory', rollback 'STK_prefill_tiles=1'
    kda_state_dtype          fp32                             until 2026-09-30  measures 'FP16 recurrent storage with FP32 arithmetic: matched C=1/C=4 onepass quality, latency and memory', rollback 'STK_kda_state_dtype=fp32'
    mla_prefill              tile32                           until 2026-09-30  measures 'large-M MLA prefill: tile32 is the qualified production default, stock the baseline (the pair/pair4 union candidates were measured and retired -- 45차 §23 조사 16차, PR #698)', rollback 'STK_mla_prefill=tile32'
    context_ceiling          0                                until 2026-09-30  measures "the served context ceiling: the door refuses a longer horizon and the decode ladder captures no bucket above it. 0 = the checkpoint's trained positions (1,048,576); each context bucket captures the declared request widths. The boot's 'target/<shape>/' memory rows carry each bucket's seconds, so a boot pair prices the cut before it is taken", rollback 'STK_context_ceiling=0'
  kernel shape (derived): hidden 128 hc 4 mhc tp 4 | mla 1x16 no sink | linear 1/1x8x8 conv 4 decay/channel | indexer kpool 4x128 pool 4 top 8 | moe 4(4 local) I64/16 top2 nvfp4 swigluoai_uninterleave | spec 5
  rank0: one-shot rails=2 latency µs {}
[serve] death rank=0 kind=local phase='boot': StopAtBuild: 
  fleet reserved by test
  box: test
  facts
    model                    /alternate/config                [the checkpoint's config/tokenizer (facts.CKPT or a copy of those files)]
    ranks                    /alternate/ranks                 [preshard output]
    world                    4                                [facts.TP: four Sparks]
    block                    768                              [launcher --block-size]
    spec_k                   7                                [launcher SPEC_K with DFlash2]
    kv_gib                   0.25                             [--kv-gib (local)]
    port                     8000                             [--port]
    max_seqs                 2                                [resident rows, state slots and captured decode widths]
    prefix_snapshot_gib      2.125                            [tiered raw block-boundary checkpoints; count follows the shape]
    prefix_untiered_snapshot_gib 4.25                             [raw checkpoints when no prefix tier is configured]
    prefix_compressed_bytes  1073741824                       [prefix tier's bounded lossless RAM cache; codec workspace declared separately]
    moe_static               t,r,sf6,q0                       [native TP4 execution]
    lanes                    served                           [native TP4 execution]
    decode_eager             0                                [native TP4 execution]
    execution                native                           [native TP4 execution]
    mla_prefill              tile32                           [production default]
    context_ceiling          0                                [production default]
    kda_state_dtype          fp32                             [production default]
    execution_overlap        0                                [production default]
    early_observe            0                                [production default]
    prefill_tiles            1                                [production default]
    terminal_mhc             0                                [production default]
    draft_fc_precision       fp8                              [production default]
    draft_fc_calibration     auto                             [production default]
    draft_diagnostics        1                                [production default]
    draft_tuning                                              [production default]
    direct_mhc               1                                [production default]
    prefill_project_tiles    1                                [production default]
    nvme_mapped_staging      1                                [production default]
    decode_iterations        4                                [production default]
    prefill_indexer_shards   0                                [production default]
    prefill_dense_prefix     1                                [production default]
    prefill_absorb_tiles     1                                [production default]
    decode_fastpaths         1                                [production default]
    decode_dsa_inputs        1                                [production default]
    decode_indexer_gate      1                                [production default]
    decode_absorb_tiles      1                                [production default]
    deferred_kda             1                                [production default]
    oneshot_rails            2                                [production default]
    oneshot_inline           1                                [production default]
    prefill_ffn_packets      1                                [production default]
  knobs (every one expires)
  kernel shape (derived): hidden 128 hc 4 mhc tp 4 | mla 1x16 no sink | linear 1/1x8x8 conv 4 decay/channel | indexer kpool 4x128 pool 4 top 8 | moe 4(4 local) I64/16 top2 nvfp4 swigluoai_uninterleave | spec 5
  rank0: one-shot rails=2 latency µs {}
[serve] death rank=0 kind=local phase='boot': StopAtBuild: 
  box: test
  facts
    model                    /alternate/config                [the checkpoint's config/tokenizer (facts.CKPT or a copy of those files)]
    ranks                    /alternate/ranks                 [preshard output]
    world                    4                                [facts.TP: four Sparks]
    block                    768                              [launcher --block-size]
    spec_k                   7                                [launcher SPEC_K with DFlash2]
    kv_gib                   0.25                             [--kv-gib (local)]
    port                     8000                             [--port]
    max_seqs                 2                                [resident rows, state slots and captured decode widths]
    prefix_snapshot_gib      2.125                            [tiered raw block-boundary checkpoints; count follows the shape]
    prefix_untiered_snapshot_gib 4.25                             [raw checkpoints when no prefix tier is configured]
    prefix_compressed_bytes  1073741824                       [prefix tier's bounded lossless RAM cache; codec workspace declared separately]
    moe_static               t,r,sf6,q0                       [native TP4 execution]
    lanes                    served                           [native TP4 execution]
    decode_eager             0                                [native TP4 execution]
    execution                native                           [native TP4 execution]
  knobs (every one expires)
    decode_absorb_tiles      1                                until 2026-09-30  measures 'Operator-enabled K=7 token-major MLA contractions; paired GPU qualification pending', rollback 'STK_decode_absorb_tiles=0'
    decode_indexer_gate      1                                until 2026-09-30  measures 'Operator-enabled K=7 FP32 head-gate partials with fused boundary reduction; paired GPU qualification pending', rollback 'STK_decode_indexer_gate=0'
    decode_dsa_inputs        1                                until 2026-09-30  measures 'Operator-enabled K=7 shared queries, latent norm/write and direct pool-cache glue; paired GPU qualification pending', rollback 'STK_decode_dsa_inputs=0'
    decode_fastpaths         1                                until 2026-09-30  measures 'Operator-enabled K=7 input reuse, paired projections and direct TX outputs; GPU qualification pending', rollback 'STK_decode_fastpaths=0'
    prefill_ffn_packets      1                                until 2026-09-30  measures 'Operator-enabled sender-owned routes and direct FP8 expert/shared inputs; local FFN qualified, fleet serving pending', rollback 'STK_prefill_ffn_packets=0'
    prefill_absorb_tiles     1                                until 2026-09-30  measures 'Operator-enabled token-major MLA contractions; GPU timing and quality qualification pending', rollback 'STK_prefill_absorb_tiles=0'
    prefill_dense_prefix     1                                until 2026-09-30  measures 'Operator-enabled causal-prefix KV sharing; GPU timing and quality qualification pending', rollback 'STK_prefill_dense_prefix=0'
    prefill_indexer_shards   0                                until 2026-09-30  measures 'Unqualified prefill candidate: shard replicated indexer queries and bypass fully covered selections', rollback 'STK_prefill_indexer_shards=0'
    draft_tuning                                              until 2026-09-30  measures 'Explicit draft-only selector, boundary and preparation tuning JSON; empty preserves baseline coefficients', rollback 'STK_draft_tuning='
    draft_fc_precision       fp8                              until 2026-09-30  measures 'DFlash FC decode precision; shared or committed-decode FP8 pack', rollback 'STK_draft_fc_precision=w4'
    draft_fc_calibration     auto                             until 2026-09-30  measures 'auto collects missing committed decode inputs and consumes GPTQ on a subsequent boot; shared/collect/decode are fixed arms', rollback 'STK_draft_fc_calibration=shared'
    draft_diagnostics        1                                until 2026-09-30  measures 'Record greedy first rejection as candidate miss, selector miss or output boundary', rollback 'STK_draft_diagnostics=0'
    terminal_mhc             0                                until 2026-09-30  measures 'Decode and prefill: preserve BF16 channel rounding while writing terminal means into final feature columns', rollback 'STK_terminal_mhc=0'
    deferred_kda             1                                until 2026-09-30  measures 'Operator-enabled FP32 KDA: verify into update factors, commit accepted states across all layers in one launch; K=7 GPU exactness and paired timing pending', rollback 'STK_deferred_kda=0'
    decode_iterations        4                                until 2026-09-30  measures 'Bounded greedy TP4 decode: reserve/read back 2 or 4 iterations with rank-agreed exits', rollback 'STK_decode_iterations=1'
    nvme_mapped_staging      1                                until 2026-09-30  measures 'One mapped GB10 staging allocation for NVMe host I/O and GPU gather/scatter', rollback 'STK_nvme_mapped_staging=0'
    oneshot_rails            2                                until 2026-09-30  measures 'Operator-directed one-shot RDMA over both RoCE PCIe functions, pairs {0,1},{2,3} on the second; boot latency gauge and fleet onepass pending', rollback 'STK_oneshot_rails=1'
    oneshot_inline           1                                until 2026-09-30  measures 'Inline 8-byte one-shot completion flags; fleet consumer latency and quality pending', rollback 'STK_oneshot_inline=0'
    prefill_project_tiles    1                                until 2026-09-30  measures 'Overlap TP4 prefill tile arrival with independent KDA input projection', rollback 'STK_prefill_project_tiles=0'
    direct_mhc               1                                until 2026-09-30  measures 'TP4 rank packets consumed inside native MHC; exact rounding, C=1/C=4 latency and quality', rollback 'STK_direct_mhc=0'
    execution_overlap        0                                until 2026-09-30  measures 'GB10 C=4 ordered TP/compute overlap: matched onepass C=1/C=4 latency and acceptance', rollback 'STK_execution_overlap=0'
    early_observe            0                                until 2026-09-30  measures 'DFlash2 context preparation overlaps target tail using private W4 scratch; FP32 state unchanged', rollback 'STK_early_observe=0'
    prefill_tiles            1                                until 2026-09-30  measures 'layer-major prefill windows of 1/2/4 native tiles, separate from decoding; 32K/128K TTFT and memory', rollback 'STK_prefill_tiles=1'
    kda_state_dtype          fp32                             until 2026-09-30  measures 'FP16 recurrent storage with FP32 arithmetic: matched C=1/C=4 onepass quality, latency and memory', rollback 'STK_kda_state_dtype=fp32'
    mla_prefill              tile32                           until 2026-09-30  measures 'large-M MLA prefill: tile32 is the qualified production default, stock the baseline (the pair/pair4 union candidates were measured and retired -- 45차 §23 조사 16차, PR #698)', rollback 'STK_mla_prefill=tile32'
    context_ceiling          0                                until 2026-09-30  measures "the served context ceiling: the door refuses a longer horizon and the decode ladder captures no bucket above it. 0 = the checkpoint's trained positions (1,048,576); each context bucket captures the declared request widths. The boot's 'target/<shape>/' memory rows carry each bucket's seconds, so a boot pair prices the cut before it is taken", rollback 'STK_context_ceiling=0'
  fleet reserved by test
  box: test
  facts
    model                    /alternate/config                [the checkpoint's config/tokenizer (facts.CKPT or a copy of those files)]
    ranks                    /alternate/ranks                 [preshard output]
    world                    4                                [facts.TP: four Sparks]
    block                    768                              [launcher --block-size]
    spec_k                   7                                [launcher SPEC_K with DFlash2]
    kv_gib                   0.25                             [--kv-gib (local)]
    port                     8000                             [--port]
    max_seqs                 2                                [resident rows, state slots and captured decode widths]
    prefix_snapshot_gib      2.125                            [tiered raw block-boundary checkpoints; count follows the shape]
    prefix_untiered_snapshot_gib 4.25                             [raw checkpoints when no prefix tier is configured]
    prefix_compressed_bytes  1073741824                       [prefix tier's bounded lossless RAM cache; codec workspace declared separately]
    moe_static               t,r,sf6,q0                       [native TP4 execution]
    lanes                    served                           [native TP4 execution]
    decode_eager             0                                [native TP4 execution]
    execution                native                           [native TP4 execution]
  knobs (every one expires)
    decode_absorb_tiles      1                                until 2026-09-30  measures 'Operator-enabled K=7 token-major MLA contractions; paired GPU qualification pending', rollback 'STK_decode_absorb_tiles=0'
    decode_indexer_gate      1                                until 2026-09-30  measures 'Operator-enabled K=7 FP32 head-gate partials with fused boundary reduction; paired GPU qualification pending', rollback 'STK_decode_indexer_gate=0'
    decode_dsa_inputs        1                                until 2026-09-30  measures 'Operator-enabled K=7 shared queries, latent norm/write and direct pool-cache glue; paired GPU qualification pending', rollback 'STK_decode_dsa_inputs=0'
    decode_fastpaths         1                                until 2026-09-30  measures 'Operator-enabled K=7 input reuse, paired projections and direct TX outputs; GPU qualification pending', rollback 'STK_decode_fastpaths=0'
    prefill_ffn_packets      1                                until 2026-09-30  measures 'Operator-enabled sender-owned routes and direct FP8 expert/shared inputs; local FFN qualified, fleet serving pending', rollback 'STK_prefill_ffn_packets=0'
    prefill_absorb_tiles     1                                until 2026-09-30  measures 'Operator-enabled token-major MLA contractions; GPU timing and quality qualification pending', rollback 'STK_prefill_absorb_tiles=0'
    prefill_dense_prefix     1                                until 2026-09-30  measures 'Operator-enabled causal-prefix KV sharing; GPU timing and quality qualification pending', rollback 'STK_prefill_dense_prefix=0'
    prefill_indexer_shards   0                                until 2026-09-30  measures 'Unqualified prefill candidate: shard replicated indexer queries and bypass fully covered selections', rollback 'STK_prefill_indexer_shards=0'
    draft_tuning                                              until 2026-09-30  measures 'Explicit draft-only selector, boundary and preparation tuning JSON; empty preserves baseline coefficients', rollback 'STK_draft_tuning='
    draft_fc_precision       fp8                              until 2026-09-30  measures 'DFlash FC decode precision; shared or committed-decode FP8 pack', rollback 'STK_draft_fc_precision=w4'
    draft_fc_calibration     auto                             until 2026-09-30  measures 'auto collects missing committed decode inputs and consumes GPTQ on a subsequent boot; shared/collect/decode are fixed arms', rollback 'STK_draft_fc_calibration=shared'
    draft_diagnostics        1                                until 2026-09-30  measures 'Record greedy first rejection as candidate miss, selector miss or output boundary', rollback 'STK_draft_diagnostics=0'
    terminal_mhc             0                                until 2026-09-30  measures 'Decode and prefill: preserve BF16 channel rounding while writing terminal means into final feature columns', rollback 'STK_terminal_mhc=0'
    deferred_kda             1                                until 2026-09-30  measures 'Operator-enabled FP32 KDA: verify into update factors, commit accepted states across all layers in one launch; K=7 GPU exactness and paired timing pending', rollback 'STK_deferred_kda=0'
    decode_iterations        4                                until 2026-09-30  measures 'Bounded greedy TP4 decode: reserve/read back 2 or 4 iterations with rank-agreed exits', rollback 'STK_decode_iterations=1'
    nvme_mapped_staging      1                                until 2026-09-30  measures 'One mapped GB10 staging allocation for NVMe host I/O and GPU gather/scatter', rollback 'STK_nvme_mapped_staging=0'
    oneshot_rails            2                                until 2026-09-30  measures 'Operator-directed one-shot RDMA over both RoCE PCIe functions, pairs {0,1},{2,3} on the second; boot latency gauge and fleet onepass pending', rollback 'STK_oneshot_rails=1'
    oneshot_inline           1                                until 2026-09-30  measures 'Inline 8-byte one-shot completion flags; fleet consumer latency and quality pending', rollback 'STK_oneshot_inline=0'
    prefill_project_tiles    1                                until 2026-09-30  measures 'Overlap TP4 prefill tile arrival with independent KDA input projection', rollback 'STK_prefill_project_tiles=0'
    direct_mhc               1                                until 2026-09-30  measures 'TP4 rank packets consumed inside native MHC; exact rounding, C=1/C=4 latency and quality', rollback 'STK_direct_mhc=0'
    execution_overlap        0                                until 2026-09-30  measures 'GB10 C=4 ordered TP/compute overlap: matched onepass C=1/C=4 latency and acceptance', rollback 'STK_execution_overlap=0'
    early_observe            0                                until 2026-09-30  measures 'DFlash2 context preparation overlaps target tail using private W4 scratch; FP32 state unchanged', rollback 'STK_early_observe=0'
    prefill_tiles            1                                until 2026-09-30  measures 'layer-major prefill windows of 1/2/4 native tiles, separate from decoding; 32K/128K TTFT and memory', rollback 'STK_prefill_tiles=1'
    kda_state_dtype          fp32                             until 2026-09-30  measures 'FP16 recurrent storage with FP32 arithmetic: matched C=1/C=4 onepass quality, latency and memory', rollback 'STK_kda_state_dtype=fp32'
    mla_prefill              tile32                           until 2026-09-30  measures 'large-M MLA prefill: tile32 is the qualified production default, stock the baseline (the pair/pair4 union candidates were measured and retired -- 45차 §23 조사 16차, PR #698)', rollback 'STK_mla_prefill=tile32'
    context_ceiling          0                                until 2026-09-30  measures "the served context ceiling: the door refuses a longer horizon and the decode ladder captures no bucket above it. 0 = the checkpoint's trained positions (1,048,576); each context bucket captures the declared request widths. The boot's 'target/<shape>/' memory rows carry each bucket's seconds, so a boot pair prices the cut before it is taken", rollback 'STK_context_ceiling=0'
  kernel shape (derived): hidden 128 hc 4 mhc tp 4 | mla 1x16 no sink | linear 1/1x8x8 conv 4 decay/channel | indexer kpool 4x128 pool 4 top 8 | moe 4(4 local) I64/16 top2 nvfp4 swigluoai_uninterleave | spec 5
  rank0: one-shot rails=2 latency µs {}
[serve] death rank=0 kind=local phase='boot': StopAtBuild: 
ok
test_the_repo_default_width_is_the_one_production_serves (tests.test_engine_bootpaths.BootPathTests.test_the_repo_default_width_is_the_one_production_serves)
Current declarations agree; immutable older releases keep their own width. ... ok
test_a_node_that_fails_stops_the_rest (tests.test_engine_bootpaths.LauncherTests.test_a_node_that_fails_stops_the_rest) ... ok
test_nodes_start_in_parallel_and_report_in_rank_order (tests.test_engine_bootpaths.LauncherTests.test_nodes_start_in_parallel_and_report_in_rank_order) ... ok
test_integer_packets_use_native_gather_after_layout_normalization (tests.test_engine_comm_layout.GatherTests.test_integer_packets_use_native_gather_after_layout_normalization) ... ok
test_native_root_broadcast_preserves_int64_bits_and_inplace_strided_views (tests.test_engine_comm_layout.GatherTests.test_native_root_broadcast_preserves_int64_bits_and_inplace_strided_views) ... ok
test_rank_major_collective_matches_cat_on_every_axis (tests.test_engine_comm_layout.GatherTests.test_rank_major_collective_matches_cat_on_every_axis) ... ok
test_real_two_process_gloo_with_strided_inputs (tests.test_engine_comm_layout.GatherTests.test_real_two_process_gloo_with_strided_inputs) ... [W915 00:45:48.617798697 ProcessGroupGloo.cpp:524] Warning: Unable to resolve hostname to a (local) address. Using the loopback address as fallback. Manually set the network interface to bind to with GLOO_SOCKET_IFNAME. (function operator())
[W915 00:45:48.982819921 ProcessGroupGloo.cpp:524] Warning: Unable to resolve hostname to a (local) address. Using the loopback address as fallback. Manually set the network interface to bind to with GLOO_SOCKET_IFNAME. (function operator())
/usr/local/lib/python3.12/dist-packages/torch/distributed/c10d_logger.py:83: FutureWarning: `torch.distributed.all_gather_into_tensor` is deprecated. Please use `torch.distributed.all_gather_single` instead.
  return func(*args, **kwargs)
/usr/local/lib/python3.12/dist-packages/torch/distributed/c10d_logger.py:83: FutureWarning: `torch.distributed.all_gather_into_tensor` is deprecated. Please use `torch.distributed.all_gather_single` instead.
  return func(*args, **kwargs)
/usr/local/lib/python3.12/dist-packages/torch/distributed/c10d_logger.py:83: FutureWarning: `torch.distributed.all_gather_into_tensor` is deprecated. Please use `torch.distributed.all_gather_single` instead.
  return func(*args, **kwargs)
/usr/local/lib/python3.12/dist-packages/torch/distributed/c10d_logger.py:83: FutureWarning: `torch.distributed.all_gather_into_tensor` is deprecated. Please use `torch.distributed.all_gather_single` instead.
  return func(*args, **kwargs)
ok
test_small_max_uses_the_exact_transport_and_other_types_keep_nccl (tests.test_engine_comm_layout.GatherTests.test_small_max_uses_the_exact_transport_and_other_types_keep_nccl) ... ok
test_the_classifier_calls_the_st_runners_gpu (tests.test_fleet_onepass.FleetOccupancyTests.test_the_classifier_calls_the_st_runners_gpu) ... ok
test_the_launcher_verifies_the_queue_s_lease (tests.test_fleet_onepass.FleetOccupancyTests.test_the_launcher_verifies_the_queue_s_lease)
One record. The launcher used to read the queue's holder file as a second one, and ... ok
test_the_queue_resolves_its_own_checkout (tests.test_fleet_onepass.FleetOccupancyTests.test_the_queue_resolves_its_own_checkout)
It hardcoded /home/choiceoh/stkernel, which is whatever branch another session ... ok
test_the_queue_sees_st_containers (tests.test_fleet_onepass.FleetOccupancyTests.test_the_queue_sees_st_containers) ... ok
test_a_modified_st_runner_or_probe_is_refused (tests.test_fleet_onepass.OnepassPolicyTests.test_a_modified_st_runner_or_probe_is_refused) ... ok
test_admitting_the_st_runner_never_admits_an_arbitrary_probe (tests.test_fleet_onepass.OnepassPolicyTests.test_admitting_the_st_runner_never_admits_an_arbitrary_probe)
The runner is `docker run --gpus all <probe>`; the probe is named, not supplied. ... ok
test_after_and_boot_only_legs_fail_before_execution (tests.test_fleet_onepass.OnepassPolicyTests.test_after_and_boot_only_legs_fail_before_execution) ... ok
test_arm_grammar_rejects_hidden_control_commands_and_duplicates (tests.test_fleet_onepass.OnepassPolicyTests.test_arm_grammar_rejects_hidden_control_commands_and_duplicates) ... ok
test_canonical_pair_chain_arm_and_live_onepass (tests.test_fleet_onepass.OnepassPolicyTests.test_canonical_pair_chain_arm_and_live_onepass) ... ok
test_commit_only_is_scoped_to_the_pinned_kda_probe (tests.test_fleet_onepass.OnepassPolicyTests.test_commit_only_is_scoped_to_the_pinned_kda_probe) ... ok
test_custom_gpu_program_and_code_strings_are_rejected (tests.test_fleet_onepass.OnepassPolicyTests.test_custom_gpu_program_and_code_strings_are_rejected) ... ok
test_env_prefixes_use_effective_values_and_verify_overrides (tests.test_fleet_onepass.OnepassPolicyTests.test_env_prefixes_use_effective_values_and_verify_overrides) ... ok
test_familiar_filename_cannot_hide_modified_source (tests.test_fleet_onepass.OnepassPolicyTests.test_familiar_filename_cannot_hide_modified_source) ... ok
test_ffn_packets_probe_requires_the_reviewed_bytes (tests.test_fleet_onepass.OnepassPolicyTests.test_ffn_packets_probe_requires_the_reviewed_bytes) ... ok
test_live_lane_never_allows_boots (tests.test_fleet_onepass.OnepassPolicyTests.test_live_lane_never_allows_boots) ... ok
test_onepass_accepts_public_arguments_and_rejects_custom_hooks (tests.test_fleet_onepass.OnepassPolicyTests.test_onepass_accepts_public_arguments_and_rejects_custom_hooks) ... ok
test_only_documented_ar_campaign_arguments_are_allowed (tests.test_fleet_onepass.OnepassPolicyTests.test_only_documented_ar_campaign_arguments_are_allowed) ... ok
test_only_fabricating_helpers_receive_cpu_rehearsal_exemption (tests.test_fleet_onepass.OnepassPolicyTests.test_only_fabricating_helpers_receive_cpu_rehearsal_exemption) ... ok
test_recorded_custom_probe_wrong_repo_and_missing_job_are_rejected (tests.test_fleet_onepass.OnepassPolicyTests.test_recorded_custom_probe_wrong_repo_and_missing_job_are_rejected) ... ok
test_recorded_pair_and_baseline_are_admitted_read_only (tests.test_fleet_onepass.OnepassPolicyTests.test_recorded_pair_and_baseline_are_admitted_read_only) ... ok
test_retired_mixed_probes_are_not_admitted (tests.test_fleet_onepass.OnepassPolicyTests.test_retired_mixed_probes_are_not_admitted) ... ok
test_router_only_is_scoped_to_the_pinned_packet_probe (tests.test_fleet_onepass.OnepassPolicyTests.test_router_only_is_scoped_to_the_pinned_packet_probe) ... ok
test_st_checks_take_literal_flags_only (tests.test_fleet_onepass.OnepassPolicyTests.test_st_checks_take_literal_flags_only) ... ok
test_the_contract_carries_the_probe_s_own_memory_budget (tests.test_fleet_onepass.OnepassPolicyTests.test_the_contract_carries_the_probe_s_own_memory_budget)
The queue exports it as ST_PROBE_GIB when the submitter set none (2026-09-13): a full-model probe asks ... ok
test_the_contract_counts_gpus_and_the_single_lane_takes_only_one_gpu_checks (tests.test_fleet_onepass.OnepassPolicyTests.test_the_contract_counts_gpus_and_the_single_lane_takes_only_one_gpu_checks)
A check that needs one GPU goes to the 5050 on ost-97x, not the four Sparks ... ok
test_the_st_engine_checks_queue_like_everything_else (tests.test_fleet_onepass.OnepassPolicyTests.test_the_st_engine_checks_queue_like_everything_else)
They take the same four nodes, so they belong in this queue and not behind a ... ok
test_transitive_onepass_or_lever_change_is_rejected (tests.test_fleet_onepass.OnepassPolicyTests.test_transitive_onepass_or_lever_change_is_rejected) ... ok
test_wait_requires_live_registered_supervisor_ancestry (tests.test_fleet_onepass.OnepassPolicyTests.test_wait_requires_live_registered_supervisor_ancestry) ... ok
test_collect_copies_only_the_cache_files_find_listed (tests.test_fleet_single.ContractTests.test_collect_copies_only_the_cache_files_find_listed) ... ok
test_defaults_and_the_floor_agree_across_the_shell_the_module_and_the_test_boot (tests.test_fleet_single.ContractTests.test_defaults_and_the_floor_agree_across_the_shell_the_module_and_the_test_boot) ... ok
test_the_lane_has_its_own_holder_and_the_lanes_share_no_fleet_box (tests.test_fleet_single.ContractTests.test_the_lane_has_its_own_holder_and_the_lanes_share_no_fleet_box) ... ok
test_the_policy_counts_gpus (tests.test_fleet_single.ContractTests.test_the_policy_counts_gpus) ... ok
test_the_runner_waits_for_room_uses_the_production_image_and_takes_no_lease_there (tests.test_fleet_single.ContractTests.test_the_runner_waits_for_room_uses_the_production_image_and_takes_no_lease_there) ... ok
test_the_shell_and_the_module_agree_on_which_hosts_are_the_fleets (tests.test_fleet_single.ContractTests.test_the_shell_and_the_module_agree_on_which_hosts_are_the_fleets) ... ok
test_main_prints_reasons_and_exits_nonzero_when_there_is_no_room (tests.test_fleet_single.EvidenceTests.test_main_prints_reasons_and_exits_nonzero_when_there_is_no_room) ... ok
test_one_round_trip_to_the_alias_as_given (tests.test_fleet_single.EvidenceTests.test_one_round_trip_to_the_alias_as_given) ... ok
test_reclaim_makes_the_budget_immediately_free_or_says_why_not (tests.test_fleet_single.EvidenceTests.test_reclaim_makes_the_budget_immediately_free_or_says_why_not)
MemAvailable is not what a device allocation can take on a UMA box: the lane's first real ... ok
test_room_is_the_evidence_beside_production (tests.test_fleet_single.EvidenceTests.test_room_is_the_evidence_beside_production) ... ok
test_the_cache_remembers_one_answer_per_ttl_host_and_budget (tests.test_fleet_single.EvidenceTests.test_the_cache_remembers_one_answer_per_ttl_host_and_budget) ... ok
test_unreachable_or_unreadable_is_not_room (tests.test_fleet_single.EvidenceTests.test_unreachable_or_unreadable_is_not_room) ... ok
test_which_hosts_are_the_fleets_own (tests.test_fleet_single.EvidenceTests.test_which_hosts_are_the_fleets_own) ... ok
test_on_a_box_of_its_own_the_lanes_never_wait_for_each_other (tests.test_fleet_single.LaneAdmissionTests.test_on_a_box_of_its_own_the_lanes_never_wait_for_each_other) ... ok
test_on_a_fleet_box_a_boot_and_a_check_never_share_it (tests.test_fleet_single.LaneAdmissionTests.test_on_a_fleet_box_a_boot_and_a_check_never_share_it) ... ok
test_the_expected_minutes_are_the_ledger_s_by_session_then_family_as_the_ranking_reads_them (tests.test_fleet_single.LaneAdmissionTests.test_the_expected_minutes_are_the_ledger_s_by_session_then_family_as_the_ranking_reads_them) ... ok
test_the_lane_off_refuses_rather_than_answering_room (tests.test_fleet_single.LaneAdmissionTests.test_the_lane_off_refuses_rather_than_answering_room) ... ok
test_a_one_gpu_check_takes_the_single_lane_and_a_boot_or_fleet_keeps_the_sparks (tests.test_fleet_single.RunLaneDecisionTests.test_a_one_gpu_check_takes_the_single_lane_and_a_boot_or_fleet_keeps_the_sparks) ... ok
test_preflight_knows_the_lane_and_refuses_a_boot_in_it (tests.test_fleet_single.RunLaneDecisionTests.test_preflight_knows_the_lane_and_refuses_a_boot_in_it) ... ok
test_bytes_and_rates_match_the_timeline_s_accounting (tests.test_engine_kda_ring_bench.RingBenchTests.test_bytes_and_rates_match_the_timeline_s_accounting) ... ok
test_the_kernel_check_admits_and_dispatches_the_lane (tests.test_engine_kda_ring_bench.RingBenchTests.test_the_kernel_check_admits_and_dispatches_the_lane) ... ok
test_captured_sums_wait_for_a_late_producer_and_an_early_successor_waits_for_them (tests.test_engine_oneshot_consumer_cuda.ConsumerSumCudaTests.test_captured_sums_wait_for_a_late_producer_and_an_early_successor_waits_for_them) ... skipped 'requires admitted GB10'
test_consumer_and_ordinary_sums_are_the_same_bytes_at_every_rank_and_size (tests.test_engine_oneshot_consumer_cuda.ConsumerSumCudaTests.test_consumer_and_ordinary_sums_are_the_same_bytes_at_every_rank_and_size) ... skipped 'requires admitted GB10'
test_rank_packets_ring_wrap_changed_inputs_and_mixed_collectives (tests.test_engine_moe_output_transport.MoeOutputTransportTests.test_rank_packets_ring_wrap_changed_inputs_and_mixed_collectives) ... skipped 'requires admitted GB10'
test_actual_vocab_topk_inside_bounded_graph_preserves_ties_and_each_iteration (tests.test_engine_oneshot_gather_cuda.IntegerGatherCudaTests.test_actual_vocab_topk_inside_bounded_graph_preserves_ties_and_each_iteration) ... skipped 'requires admitted GB10'
test_distinct_signed_peers_tails_replays_and_mixed_ticket_wrap (tests.test_engine_oneshot_gather_cuda.IntegerGatherCudaTests.test_distinct_signed_peers_tails_replays_and_mixed_ticket_wrap) ... skipped 'requires admitted GB10'
test_forbidden_event_node_reports_its_location (tests.test_engine_oneshot_gather_cuda.IntegerGatherCudaTests.test_forbidden_event_node_reports_its_location) ... skipped 'requires admitted GB10'
test_real_gemm_ring_wrap_and_mixed_packets_match_ordinary_output (tests.test_engine_direct_producer_cuda.DirectProducerCudaTests.test_real_gemm_ring_wrap_and_mixed_packets_match_ordinary_output) ... skipped 'requires admitted GB10'
test_reservation_waits_for_ack_before_exposing_a_reused_slot (tests.test_engine_direct_producer_cuda.DirectProducerCudaTests.test_reservation_waits_for_ack_before_exposing_a_reused_slot) ... skipped 'requires admitted GB10'
test_consumers_read_the_pack_through_sixteen_rows (tests.test_engine_mhc_packed_rows.PackedRowsTests.test_consumers_read_the_pack_through_sixteen_rows) ... ok
test_lossy_coefficients_stay_fp32_at_every_width (tests.test_engine_mhc_packed_rows.PackedRowsTests.test_lossy_coefficients_stay_fp32_at_every_width) ... ok
test_only_the_probe_control_is_accepted (tests.test_engine_mhc_packed_rows.PackedRowsTests.test_only_the_probe_control_is_accepted) ... ok
test_arms_rewrite_only_weight_and_flags (tests.test_engine_mhc_packed_rows.ProbeAdapterTests.test_arms_rewrite_only_weight_and_flags) ... ok
test_records_match_the_stated_dispatch (tests.test_engine_mhc_packed_rows.ProbeAdapterTests.test_records_match_the_stated_dispatch) ... ok

----------------------------------------------------------------------
Ran 123 tests in 21.046s

OK (skipped=8)
exit=0
