GO c2cons-gpu-4d50fd37 2026-09-15_08:55:40
  single GPU: probes/engine_kernel_check.py on srv4 (tree ~/c2cons-4d50fd37, image sha256:b45454b5fdc138bfaafa6470cf9cb49bbcd74783ceffb343b0a7b1d0cf87fcd5, budget 8 GiB beside production, no fleet lease)
test_captured_sums_wait_for_a_late_producer_and_an_early_successor_waits_for_them (tests.test_engine_oneshot_consumer_cuda.ConsumerSumCudaTests.test_captured_sums_wait_for_a_late_producer_and_an_early_successor_waits_for_them) ... FAIL
test_consumer_and_ordinary_sums_are_the_same_bytes_at_every_rank_and_size (tests.test_engine_oneshot_consumer_cuda.ConsumerSumCudaTests.test_consumer_and_ordinary_sums_are_the_same_bytes_at_every_rank_and_size) ... ok
test_rank_packets_ring_wrap_changed_inputs_and_mixed_collectives (tests.test_engine_moe_output_transport.MoeOutputTransportTests.test_rank_packets_ring_wrap_changed_inputs_and_mixed_collectives) ... ok

======================================================================
FAIL: test_captured_sums_wait_for_a_late_producer_and_an_early_successor_waits_for_them (tests.test_engine_oneshot_consumer_cuda.ConsumerSumCudaTests.test_captured_sums_wait_for_a_late_producer_and_an_early_successor_waits_for_them)
----------------------------------------------------------------------
Traceback (most recent call last):
  File "/repo/tests/test_engine_oneshot_consumer_cuda.py", line 163, in test_captured_sums_wait_for_a_late_producer_and_an_early_successor_waits_for_them
    self.assertTrue(same_bytes(summed, expected), (rank, shape, name, trial))
AssertionError: False is not true : (0, (1, 4096), 'oneshot_ar', 0)

----------------------------------------------------------------------
Ran 3 tests in 77.182s

FAILED (failures=1)
Traceback (most recent call last):
  File "/repo/probes/engine_kernel_check.py", line 368, in <module>
    main()
  File "/repo/probes/engine_kernel_check.py", line 59, in main
    raise RuntimeError('one-shot consumer transport gates failed or skipped')
RuntimeError: one-shot consumer transport gates failed or skipped
