[osar] VLLM_GLM53_AR_PREFETCH=40 MB is outside 1..20; off
[osar] VLLM_GLM53_AR_PREFETCH='x' is not 0, 1 or an MB count; off
[osar] prefetch hints learned (target): 2 collectives, 12.6 MB in total
[osar] prefetch hints learned (drafter): 1 collectives, 0.0 MB in total
epeating_the_failure) ... ok
test_new_helper_dependencies_disable_narrow_selection_and_cache (test_fleet_coalescing.CoalescingTests.test_new_helper_dependencies_disable_narrow_selection_and_cache) ... ok
test_shared_member_cannot_publish_changed_inputs (test_fleet_coalescing.CoalescingTests.test_shared_member_cannot_publish_changed_inputs) ... ok
test_state_transition_does_not_commit_partial_retirement (test_fleet_coalescing.CoalescingTests.test_state_transition_does_not_commit_partial_retirement) ... ok
test_superseding_submission_does_not_launch_retired_job (test_fleet_coalescing.CoalescingTests.test_superseding_submission_does_not_launch_retired_job) ... ok
test_real_admission_function_preserves_live_holder_and_uses_priority_when_free (test_fleet_experiments.PriorityTests.test_real_admission_function_preserves_live_holder_and_uses_priority_when_free) ... ok
test_agent_can_keep_editing_after_submission (test_fleet_experiments.SubmissionTests.test_agent_can_keep_editing_after_submission) ... ok
test_candidate_with_unrequested_enabled_knob_is_rejected (test_fleet_experiments.SubmissionTests.test_candidate_with_unrequested_enabled_knob_is_rejected) ... ok
test_collect_delivery_and_ack_preserve_evidence_scope (test_fleet_experiments.SubmissionTests.test_collect_delivery_and_ack_preserve_evidence_scope) ... ok
test_concurrent_submit_is_one_job (test_fleet_experiments.SubmissionTests.test_concurrent_submit_is_one_job) ... ok
test_cpu_cleanup_covers_child_after_leader_exits (test_fleet_experiments.SubmissionTests.test_cpu_cleanup_covers_child_after_leader_exits) ... ok
test_cpu_probe_pair_dependencies_complete_without_manual_promotion (test_fleet_experiments.SubmissionTests.test_cpu_probe_pair_dependencies_complete_without_manual_promotion) ... ok
test_cpu_resource_wait_is_counted_before_start (test_fleet_experiments.SubmissionTests.test_cpu_resource_wait_is_counted_before_start) ... ok
test_defaults_with_unexpected_knobs_cannot_unlock_candidate (test_fleet_experiments.SubmissionTests.test_defaults_with_unexpected_knobs_cannot_unlock_candidate) ... ok
test_generic_cpu_command_is_never_content_cached (test_fleet_experiments.SubmissionTests.test_generic_cpu_command_is_never_content_cached) ... ok
test_group_failure_stops_remaining_workloads_and_restores_once (test_fleet_experiments.SubmissionTests.test_group_failure_stops_remaining_workloads_and_restores_once) ... ok
test_incompatible_old_floor_does_not_suppress_needed_baseline (test_fleet_experiments.SubmissionTests.test_incompatible_old_floor_does_not_suppress_needed_baseline) ... ok
test_individual_unittest_reports_counts_and_reuses_identical_tree (test_fleet_experiments.SubmissionTests.test_individual_unittest_reports_counts_and_reuses_identical_tree) ... ok
test_invalid_manifest_and_old_prerequisite_are_rejected (test_fleet_experiments.SubmissionTests.test_invalid_manifest_and_old_prerequisite_are_rejected) ... ok
test_pair_publishes_candidate_before_restore_and_has_valid_shared_evidence (test_fleet_experiments.SubmissionTests.test_pair_publishes_candidate_before_restore_and_has_valid_shared_evidence) ... ok
test_prepared_artifacts_move_to_gpu_snapshot_and_detect_corruption (test_fleet_experiments.SubmissionTests.test_prepared_artifacts_move_to_gpu_snapshot_and_detect_corruption) ... ok
test_probe_exit_zero_without_report_cannot_unlock_candidate (test_fleet_experiments.SubmissionTests.test_probe_exit_zero_without_report_cannot_unlock_candidate) ... ok
test_revision_changed_during_queue_never_executes_command (test_fleet_experiments.SubmissionTests.test_revision_changed_during_queue_never_executes_command) ... ok
test_skipped_cpu_math_is_partial_and_does_not_unlock_gpu (test_fleet_experiments.SubmissionTests.test_skipped_cpu_math_is_partial_and_does_not_unlock_gpu) ... ok
test_stale_worker_does_not_blindly_repeat_gpu_work (test_fleet_experiments.SubmissionTests.test_stale_worker_does_not_blindly_repeat_gpu_work) ... ok
test_baseline_cannot_expand_after_start_but_accepts_covered_quality (test_fleet_feedback.FeedbackTests.test_baseline_cannot_expand_after_start_but_accepts_covered_quality) ... ok
test_baseline_objectives_share_required_samples_without_extra_boots (test_fleet_feedback.FeedbackTests.test_baseline_objectives_share_required_samples_without_extra_boots) ... ok
test_batch_dependency_failure_returns_actionable_explanation (test_fleet_feedback.FeedbackTests.test_batch_dependency_failure_returns_actionable_explanation) ... ok
test_batch_fingerprints_runtime_twice_total_and_preserves_distinct_contracts (test_fleet_feedback.FeedbackTests.test_batch_fingerprints_runtime_twice_total_and_preserves_distinct_contracts) ... ok
test_cache_hit_needs_no_new_checkout_and_keeps_own_gates (test_fleet_feedback.FeedbackTests.test_cache_hit_needs_no_new_checkout_and_keeps_own_gates) ... ok
test_cpu_results_and_ids_are_available_before_gpu_attestation (test_fleet_feedback.FeedbackTests.test_cpu_results_and_ids_are_available_before_gpu_attestation) ... ok
test_explicit_preparation_edge_transfers_verified_outputs (test_fleet_feedback.FeedbackTests.test_explicit_preparation_edge_transfers_verified_outputs) ... ok
test_failed_worker_start_remains_recoverable_in_final_launch (test_fleet_feedback.FeedbackTests.test_failed_worker_start_remains_recoverable_in_final_launch) ... ok
test_fleet_cache_ignores_unrelated_kernel_and_fails_closed_on_test_edits (test_fleet_feedback.FeedbackTests.test_fleet_cache_ignores_unrelated_kernel_and_fails_closed_on_test_edits) ... ok
test_incomplete_dependency_is_refreshed_before_blocking (test_fleet_feedback.FeedbackTests.test_incomplete_dependency_is_refreshed_before_blocking) ... ok
test_invalid_batch_or_changed_attestation_creates_no_jobs (test_fleet_feedback.FeedbackTests.test_invalid_batch_or_changed_attestation_creates_no_jobs) ... ok
test_retired_dependent_exits_before_verification (test_fleet_feedback.FeedbackTests.test_retired_dependent_exits_before_verification) ... ok
test_shards_count_all_tests_and_keep_failures_and_skips (test_fleet_feedback.ParallelRunnerTests.test_shards_count_all_tests_and_keep_failures_and_skips) ... ok
test_baseline_worker_reclaims_legacy_orphan_before_verification (test_fleet_runtime.RuntimeTests.test_baseline_worker_reclaims_legacy_orphan_before_verification) ... ok
test_failed_transaction_restores_baseline_demand_and_queue (test_fleet_runtime.RuntimeTests.test_failed_transaction_restores_baseline_demand_and_queue) ... ok
test_finished_child_uses_wait_instead_of_a_fixed_sleep (test_fleet_runtime.RuntimeTests.test_finished_child_uses_wait_instead_of_a_fixed_sleep) ... ERROR
test_group_probe_filters_other_groups_and_fails_closed (test_fleet_runtime.RuntimeTests.test_group_probe_filters_other_groups_and_fails_closed) ... ok
test_retirement_after_admission_releases_capacity_without_spawning (test_fleet_runtime.RuntimeTests.test_retirement_after_admission_releases_capacity_without_spawning) ... ERROR
test_running_held_manual_and_incomplete_baseline_demand_is_preserved (test_fleet_runtime.RuntimeTests.test_running_held_manual_and_incomplete_baseline_demand_is_preserved) ... ok

======================================================================
ERROR: test_finished_child_uses_wait_instead_of_a_fixed_sleep (test_fleet_runtime.RuntimeTests.test_finished_child_uses_wait_instead_of_a_fixed_sleep)
----------------------------------------------------------------------
Traceback (most recent call last):
  File "/Users/ost/.worktrees/stkernel2/glm53-prefill-m64-20260908/tests/test_fleet_runtime.py", line 159, in test_finished_child_uses_wait_instead_of_a_fixed_sleep
    self.assertEqual(resources.run_cpu(store,job,['true'],store.get(job)['payload']),(0,None))
                     ~~~~~~~~~~~~~~~~~^^^^^^^^^^^^^^^^^^^^^^^^^^^^^^^^^^^^^^^^^^^^^^
  File "/Users/ost/.worktrees/stkernel2/glm53-prefill-m64-20260908/bench/experiment_resources.py", line 187, in run_cpu
    while not acquire(store, job, resources):
              ~~~~~~~^^^^^^^^^^^^^^^^^^^^^^^
  File "/Users/ost/.worktrees/stkernel2/glm53-prefill-m64-20260908/bench/experiment_resources.py", line 115, in acquire
    total = total_memory()
  File "/Users/ost/.worktrees/stkernel2/glm53-prefill-m64-20260908/bench/experiment_resources.py", line 42, in total_memory
    return int(subprocess.check_output(['sysctl', '-n', 'hw.memsize'], text=True)) // 1048576
               ~~~~~~~~~~~~~~~~~~~~~~~^^^^^^^^^^^^^^^^^^^^^^^^^^^^^^^^^^^^^^^^^^^
  File "/opt/homebrew/Cellar/python@3.14/3.14.4/Frameworks/Python.framework/Versions/3.14/lib/python3.14/subprocess.py", line 473, in check_output
    return run(*popenargs, stdout=PIPE, timeout=timeout, check=True,
           ~~~^^^^^^^^^^^^^^^^^^^^^^^^^^^^^^^^^^^^^^^^^^^^^^^^^^^^^^
               **kwargs).stdout
               ^^^^^^^^^
  File "/opt/homebrew/Cellar/python@3.14/3.14.4/Frameworks/Python.framework/Versions/3.14/lib/python3.14/subprocess.py", line 555, in run
    with Popen(*popenargs, **kwargs) as process:
         ~~~~~^^^^^^^^^^^^^^^^^^^^^^
TypeError: 'unittest.mock.Mock' object does not support the context manager protocol (missed __exit__ method)

======================================================================
ERROR: test_retirement_after_admission_releases_capacity_without_spawning (test_fleet_runtime.RuntimeTests.test_retirement_after_admission_releases_capacity_without_spawning)
----------------------------------------------------------------------
Traceback (most recent call last):
  File "/Users/ost/.worktrees/stkernel2/glm53-prefill-m64-20260908/tests/test_fleet_runtime.py", line 137, in test_retirement_after_admission_releases_capacity_without_spawning
    resources.run_cpu(store,job,['true'],store.get(job)['payload'])
    ~~~~~~~~~~~~~~~~~^^^^^^^^^^^^^^^^^^^^^^^^^^^^^^^^^^^^^^^^^^^^^^
  File "/Users/ost/.worktrees/stkernel2/glm53-prefill-m64-20260908/bench/experiment_resources.py", line 187, in run_cpu
    while not acquire(store, job, resources):
              ~~~~~~~^^^^^^^^^^^^^^^^^^^^^^^
  File "/opt/homebrew/Cellar/python@3.14/3.14.4/Frameworks/Python.framework/Versions/3.14/lib/python3.14/unittest/mock.py", line 1176, in __call__
    return self._mock_call(*args, **kwargs)
           ~~~~~~~~~~~~~~~^^^^^^^^^^^^^^^^^
  File "/opt/homebrew/Cellar/python@3.14/3.14.4/Frameworks/Python.framework/Versions/3.14/lib/python3.14/unittest/mock.py", line 1180, in _mock_call
    return self._execute_mock_call(*args, **kwargs)
           ~~~~~~~~~~~~~~~~~~~~~~~^^^^^^^^^^^^^^^^^
  File "/opt/homebrew/Cellar/python@3.14/3.14.4/Frameworks/Python.framework/Versions/3.14/lib/python3.14/unittest/mock.py", line 1247, in _execute_mock_call
    result = effect(*args, **kwargs)
  File "/Users/ost/.worktrees/stkernel2/glm53-prefill-m64-20260908/tests/test_fleet_runtime.py", line 132, in acquire
    answer=original(*args)
  File "/Users/ost/.worktrees/stkernel2/glm53-prefill-m64-20260908/bench/experiment_resources.py", line 115, in acquire
    total = total_memory()
  File "/Users/ost/.worktrees/stkernel2/glm53-prefill-m64-20260908/bench/experiment_resources.py", line 42, in total_memory
    return int(subprocess.check_output(['sysctl', '-n', 'hw.memsize'], text=True)) // 1048576
               ~~~~~~~~~~~~~~~~~~~~~~~^^^^^^^^^^^^^^^^^^^^^^^^^^^^^^^^^^^^^^^^^^^
  File "/opt/homebrew/Cellar/python@3.14/3.14.4/Frameworks/Python.framework/Versions/3.14/lib/python3.14/subprocess.py", line 473, in check_output
    return run(*popenargs, stdout=PIPE, timeout=timeout, check=True,
           ~~~^^^^^^^^^^^^^^^^^^^^^^^^^^^^^^^^^^^^^^^^^^^^^^^^^^^^^^
               **kwargs).stdout
               ^^^^^^^^^
  File "/opt/homebrew/Cellar/python@3.14/3.14.4/Frameworks/Python.framework/Versions/3.14/lib/python3.14/subprocess.py", line 557, in run
    stdout, stderr = process.communicate(input, timeout=timeout)
    ^^^^^^^^^^^^^^
ValueError: not enough values to unpack (expected 2, got 0)

----------------------------------------------------------------------
Ran 46 tests in 35.954s

FAILED (errors=2)

  skip_topk rule ................ OK
  rank cache eviction contracts .. OK
  nvfp4 static scale contracts .. OK
  prefill chunker budgets ....... OK
  indexer-SP shard coverage ..... OK
  helper functions .............. OK
  profile-step buckets/union .... OK
  bench-dec acceptance parser ... OK
  overlay manifests (79 files across dsv4, glm53) .... OK
  composed snapshot sync (79 files) . OK
  overlay symbol contracts (110, per composition incl. orphans) ... OK
  profile env carried (98 knobs) ... OK
  profile keys have readers (140) ... OK
  bf16-release guards ........... OK
  DSpark speed-path guards ...... OK
  acceptance lever guards ....... OK
  ngram-ceiling sim math ........ OK
  UE8M0 scale repair ............. SKIP (no torch on this host)
  EP stock top-k chunks .......... OK
  EP fixed/stock output init ..... OK
  b12x zero-weight micro ......... OK
  GLM53 b12x tuning controls ..... OK
  b12x static v2 controls ........ OK
  b12x SF 6-bit pack ............ OK (skipped: no torch)
  EP micro chunk width .......... OK
  EP tail fixed shape ........... OK
  EP compact shape align ........ OK
  EP compact warmup ladder ...... OK
  *_once args hashable .......... OK
  dflash2 selector check ........ OK
  dflash2 selector score precision  SKIP (no torch on this host)
  overlay logger defined ........ OK
  osar MAXEL rank agreement ..... OK
  bench served-model resolve .... OK
  extra-env comma guard ......... OK
  torch imports guarded ......... OK
  dflash2 conv mask buffer ....... OK
  dflash AOT guard stays removed  OK
  hot-path env latches ........... OK
  launcher load-format gate ..... OK
  launcher reject-method gate ... OK
  dflash2 prefix-cache fail-closed  OK
  accept profile arithmetic ..... OK
  DSV4 launcher adoptions ....... OK
  launcher nofile limit ......... OK
  prefill ladder probe .......... OK
  fp8 acceptance contracts ....... OK
  glm53 V2/deploy contracts ...... OK
  launcher head guard .......... OK
  preflight applies GMU ......... OK
  no hardcoded image paths ...... OK
  b12x EP routing ................ OK (tensor remap skipped)
  b12x EP preflight .............. OK
  b12x EP launcher ............... OK
  deploy refusal exits non-zero .. OK
  fp8-dense nvfp4 scheme contract .. OK
  benches ask the server for the model .. OK
  korean gate notation vs damage .. OK
  every module is mounted or explained .. OK
  profile knobs are all readable .. OK
  fp8-dense bf16 release contract .. OK
  mhc probe contracts ............ OK
  mhc bigfuse knob ............... OK
  census KDA group ............... OK
  census owner axis .............. OK
  census streaming reader ....... OK
  trace step tail cut ........... OK
  profiles README module table .. OK
  dflash warmup buckets .......... OK
  DSV4 spec warmup contract ...... OK
  DSV4 UE8M0 host guard ......... SKIP values (no torch)
  glm53 kpool packed scratch contract ... SKIP (no torch on this host)
  GLM53 KDA prefill regimes ....... OK
  GLM53 KDA prefill direct out ... OK
  GLM53 upstream prefill batch ..... OK
  one-shot SM121 grid contract .... OK
  cuda builds keep the sm_121a-specific target .. OK
  self-built kernels persist their caches .. OK
  boot stamps measure without changing the boot .. OK
  cudagraph mem profiling off keeps kv size .. OK
  kv cache is pinned in tokens ... OK
  earlyoom fireable on UMA ...... OK
  fp8-dense drafter patterns + opaque op .. OK
  spec_k compile factor .. OK
  dev lab contracts .. OK
  mk head lane contracts .......... OK
  ab runner measures both ....... OK
  osar wait is split by message size .. OK
  osar prefetch hints contract .. OK
  glm53_dflash_early_fc contracts .. OK
  glm53_drafter_prep contracts .... OK
  indexer decode fused contracts .. OK
  drafter ctx-KV W4 contracts ..... OK
  trace step nodes tool ........... OK
  micro-fusion bundle 2 contracts .. OK
  glm53 megakernel contracts .. OK
  prefill warmup contracts ... OK
  w4 layout (torch-free half) . OK (torch absent: packer roundtrip half skipped)
  megakernel core is shared ..... OK
  glm53 prep fused contracts .. OK
  launcher continued-string assignments carry no comments .. OK
  launcher restores PREFILL_WARMUP from caller env .. OK
  decode-first scheduler contracts .. OK
  profile keys not via EXTRA_ENV .. OK
  glm53 indexer gate split-K contracts .. OK
  bracket runner contracts .. OK
  trace composition analyze .. OK
  drafter fc probe contracts .. OK
  fp8-dense build peak .......... OK
  hy4 entry point parity ........ OK
  common tp4 library ............ OK
  worker envv not re-parsed ..... OK
  supervisor relaunch pacing .... OK
Ran 107 tests in 2 isolated shards: FAILED
FAIL: fleet asynchronous submissions, prerequisites and evidence contracts
