weights loaded; rank 0 distributed False
[megakernel] selftest mla rel=2.70e-03 pair_prefill=False group=2 prefill32=False -> ARM
captured 1
case 1 (0, 0) relative 0.0 state_exact True paged_exact True
case 1 (1, 3) relative 0.0 state_exact True paged_exact True
case 1 (7, 8) relative 0.0 state_exact True paged_exact True
[b12x-bounds] state_E=288 n=512 tile_m=16 routed_rows=2056 -> rows 6656/6656 tiles 416/416 tasks 1664/1664
case 1 (15, 257) relative 0.0 state_exact True paged_exact True
[b12x-bounds] state_E=288 n=512 tile_m=16 routed_rows=2040 -> rows 6640/6656 tiles 415/416 tasks 1660/1664
[b12x-bounds] state_E=288 n=512 tile_m=16 routed_rows=4088 -> rows 8688/8688 tiles 543/543 tasks 2172/2172
case 1 (255, 511) relative 0.0 state_exact True paged_exact True
case 1 (3, 7) relative 0.0 state_exact True paged_exact True
[b12x-bounds] state_E=288 n=512 tile_m=128 routed_rows=32720 -> rows 69504/69504 tiles 543/543 tasks 2172/2172
[b12x-bounds] state_E=288 n=512 tile_m=128 routed_rows=32728 -> rows 69504/69504 tiles 543/543 tasks 2172/2172
case 1 (4090, 4091) relative 0.0 state_exact True paged_exact True
[b12x-bounds] state_E=288 n=512 tile_m=128 routed_rows=32760 -> rows 69504/69504 tiles 543/543 tasks 2172/2172
[b12x-bounds] state_E=288 n=512 tile_m=128 routed_rows=32768 -> rows 69504/69504 tiles 543/543 tasks 2172/2172
case 1 (4095, 4096) relative 0.0 state_exact True paged_exact True
captured 6
case 6 (0, 0) relative 0.0 state_exact True paged_exact True
case 6 (1, 3) relative 0.0 state_exact True paged_exact True
case 6 (7, 8) relative 0.0 state_exact True paged_exact True
case 6 (15, 257) relative 0.0 state_exact True paged_exact True
rejected-future (15, 257) relative 0.0 state_exact True paged_exact True
case 6 (255, 511) relative 0.0 state_exact True paged_exact True
case 6 (3, 7) relative 0.0 state_exact True paged_exact True
case 6 (4090, 4091) relative 0.0 state_exact True paged_exact True
case 6 (4095, 4096) relative 0.0 state_exact True paged_exact True
PASS
