10.10.10.2
exited exit=0
case 6 (7, 8) relative 0.0 state_exact True paged_exact True
case 6 (15, 257) relative 0.0 state_exact True paged_exact True
rejected-future (15, 257) relative 0.0 state_exact True paged_exact True
case 6 (255, 511) relative 0.0 state_exact True paged_exact True
case 6 (3, 7) relative 0.0 state_exact True paged_exact True
case 6 (4090, 4091) relative 0.0 state_exact True paged_exact True
case 6 (4095, 4096) relative 0.0 state_exact True paged_exact True
PASS
10.10.10.1
exited exit=0
case 6 (7, 8) relative 0.0 state_exact True paged_exact True
case 6 (15, 257) relative 0.0 state_exact True paged_exact True
rejected-future (15, 257) relative 0.0 state_exact True paged_exact True
case 6 (255, 511) relative 0.0 state_exact True paged_exact True
case 6 (3, 7) relative 0.0 state_exact True paged_exact True
case 6 (4090, 4091) relative 0.0 state_exact True paged_exact True
case 6 (4095, 4096) relative 0.0 state_exact True paged_exact True
PASS
10.10.10.3
exited exit=0
case 6 (7, 8) relative 0.0 state_exact True paged_exact True
case 6 (15, 257) relative 0.0 state_exact True paged_exact True
rejected-future (15, 257) relative 0.0 state_exact True paged_exact True
case 6 (255, 511) relative 0.0 state_exact True paged_exact True
case 6 (3, 7) relative 0.0 state_exact True paged_exact True
case 6 (4090, 4091) relative 0.0 state_exact True paged_exact True
case 6 (4095, 4096) relative 0.0 state_exact True paged_exact True
PASS
10.10.10.4
exited exit=0
case 6 (7, 8) relative 0.0 state_exact True paged_exact True
case 6 (15, 257) relative 0.0 state_exact True paged_exact True
rejected-future (15, 257) relative 0.0 state_exact True paged_exact True
case 6 (255, 511) relative 0.0 state_exact True paged_exact True
case 6 (3, 7) relative 0.0 state_exact True paged_exact True
case 6 (4090, 4091) relative 0.0 state_exact True paged_exact True
case 6 (4095, 4096) relative 0.0 state_exact True paged_exact True
PASS
st-completion-9391
st-completion-9391
st-completion-9391
st-completion-9391
