wait work: step_sim 재검증(최근 onepass 기록 3개, CPU) → /home/choiceoh/glm53-logs/wait-sim/wait-st-forward24-0914b-20260914-152408.txt
wait work: 끝났다 — 4줄 → /home/choiceoh/glm53-logs/wait-sim/wait-st-forward24-0914b-20260914-152408.txt
GO st-forward24-0914b 2026-09-14_15:24:09
  single GPU: probes/engine_kernel_check.py on srv4 (tree ~/st-forward24-0914-srv4, image sha256:062bb8e5d4c4ef658c8b57987e99c5e84e2b149c73c0ac721ea25263b258c93e, budget 4 GiB beside production, no fleet lease)
{"event": "identity", "torch": "2.13.0+cu130", "cuda": "13.0", "gpu": "NVIDIA GB10", "engine_shape": {"comm": {"world": 4, "hidden": 4096}, "hidden": 4096, "hc": 4, "tp": 4, "attention": {"kind": "mla", "heads": 16, "head_dim": 512, "kv_heads": 1, "sink": false}, "linear": {"heads": 16, "v_heads": 16, "k_dim": 128, "v_dim": 128, "conv": 4, "decay": "channel"}, "indexer": {"heads": 32, "head_dim": 128, "pool": 4, "topk": 2048, "compress": "kpool"}, "moe": {"experts": 288, "experts_local": 288, "hidden": 4096, "inter": 2048, "inter_local": 512, "topk": 8, "quant": "nvfp4", "activation": "swigluoai_uninterleave", "swiglu_limit": 10.0, "dense_inter_local": 3072, "dynamic_tile_m": null}, "spec_k": 6, "device": {"capability": [12, 1], "sms": 48}, "drafter": {"head_dim": 128, "kv_heads": 8, "layers": 5, "window": 2048}, "hc_variant": "mhc"}, "source_sha256": {"engine/kernels/dense/kernels.cu": "4d64f731dbfa44edd3cef3af0d3975cfd93c23c879471330d7b1f6cdd9c47597", "engine/kernels/dense/query_pair.py": "945e53582cced6335fea7bcbc06d9e5f68873eef4c8905c4a6159feaab0164c7", "engine/kernels/mla/decode_inputs.py": "cd113998c81eec242f6c8d43f40cb976e945f723ec465898e73429c4d0c8a98d", "engine/kernels/indexer_gate.py": "c5d259b7710583dadd1c4b41a848b046de35d442ae127c5bed5d538bd23a21f3", "engine/kernels/mla/decode_absorb.py": "ee034990360c549c5c0b2a695f3b69a47ea9af86044abf90fe0f3a0b3e29aa0f", "engine/kernels/mla/prefill_absorb.py": "c6a8cdfd99e297156c8c262ad15c5af17924ad64b06363f2c69ac52fa92c6c3a", "engine/kernels/decode_projection.py": "249eccadee2b68a3a11e4d93dd791dd64119b99f5f32dd59ef7e3e0831d3fac0", "engine/kernels/indexer.py": "5a57b9ad11968f510dec9a6701af43f79f185256d62abc2ff78c662b36067421", "engine/kernels/kpool.py": "39f13607a00d6e209b08c1cece643789e024952caf3744e4de2b218379461d94", "engine/profiles/glm53/net.py": "99f95214c3740a10c5782803f9d29ca3e5f6b287808971558dee89e2a70389cf", "engine/profiles/glm53/decode_graphs.py": "a8824df414b56fad40a52055aadcb1c848ac30522367aec9a7bc44ee26b647eb", "engine/profiles/glm53/lanes.py": "1fda5587485ea5ea1bf57526ed1874f3188f59c3c7cb553367f4b8bf524d3527", "probes/engine_decode_pool_cache.py": "0d4dc349b9d7bece70c7395ef2aa793e02a94ab4c284f9470165cce283e960a3", "probes/engine_decode_no_copy.py": "656acfe6ef86bd076c2a4476b5828aa4935f81e81930a3662556096e52a25d66", "probes/engine_decode_lengths.py": "0e82a1db6a1e0d4cf1a7249c4362a757e36f0c6c996ccf275f48cc3960b99dd7", "engine/kernels/common/norm_rope.py": "ea9147e911bc74a464d588333de70c3323ce5fba32d5c83f8219cceb33637869", "engine/base/lanes.py": "98a1dcbdc6693d231389f9da7f87cee990f34bf8c500cafdab73ff89bd90f13c", "engine/profiles/glm53/drafter.py": "b01f627c19047cc90a4c07b8b6c71047c3154a29cea37947f80e59924090288c", "probes/engine_draft_qk.py": "fbabc58e0da378d6cc6b8aef11ff4bcb041682751459c2b7b3c65b8539b034c2"}, "scope": "captured same-build component checks; no answer, acceptance or consumer-speed verdict"}
{"event": "component_failed", "candidate": "query_pair", "error": "FileNotFoundError: [Errno 2] No such file or directory: '/home/choiceoh/models/st-glm53-hybrid-gptq-v1/rank0of4.safetensors'"}
{"event": "latent_numerics", "rows": 8, "layers": 11, "exact": true, "input_stride": 2056, "latent_stride": 520, "contexts": [31997, 131069, 32252], "block": 768, "rebound_tables": true, "layer_offsets": true, "poison_padding": true, "replay_orders": "BA/AB"}
{"event": "timing", "candidate": "latent_norm_write", "rows": 8, "cache": "warm", "samples": [{"arm": "B", "ms": 0.053816501051187515}, {"arm": "A", "ms": 0.02487649954855442}, {"arm": "A", "ms": 0.02470099925994873}, {"arm": "B", "ms": 0.05336099863052368}], "layers": 11}
{"event": "timing", "candidate": "latent_norm_write", "rows": 8, "cache": "evicted", "samples": [{"arm": "B", "ms": 0.06795000052079558}, {"arm": "A", "ms": 0.0327339997747913}, {"arm": "A", "ms": 0.032734999898821115}, {"arm": "B", "ms": 0.07382900081574917}], "layers": 11}
{"event": "latent_numerics", "rows": 16, "layers": 11, "exact": true, "input_stride": 2056, "latent_stride": 520, "contexts": [31997, 131069, 32252], "block": 768, "rebound_tables": true, "layer_offsets": true, "poison_padding": true, "replay_orders": "BA/AB"}
{"event": "timing", "candidate": "latent_norm_write", "rows": 16, "cache": "warm", "samples": [{"arm": "B", "ms": 0.06006550043821335}, {"arm": "A", "ms": 0.024892499670386314}, {"arm": "A", "ms": 0.024702999740839005}, {"arm": "B", "ms": 0.06458050012588501}], "layers": 11}
{"event": "timing", "candidate": "latent_norm_write", "rows": 16, "cache": "evicted", "samples": [{"arm": "B", "ms": 0.08667400060221553}, {"arm": "A", "ms": 0.03269899985753}, {"arm": "A", "ms": 0.032734999898821115}, {"arm": "B", "ms": 0.06797600141726434}], "layers": 11}
{"event": "latent_numerics", "rows": 24, "layers": 11, "exact": true, "input_stride": 2056, "latent_stride": 520, "contexts": [31997, 131069, 32252], "block": 768, "rebound_tables": true, "layer_offsets": true, "poison_padding": true, "replay_orders": "BA/AB"}
{"event": "timing", "candidate": "latent_norm_write", "rows": 24, "cache": "warm", "samples": [{"arm": "B", "ms": 0.05408399924635887}, {"arm": "A", "ms": 0.02493000030517578}, {"arm": "A", "ms": 0.024701999500393867}, {"arm": "B", "ms": 0.053394000977277756}], "layers": 11}
{"event": "timing", "candidate": "latent_norm_write", "rows": 24, "cache": "evicted", "samples": [{"arm": "B", "ms": 0.06919200089760125}, {"arm": "A", "ms": 0.032738999696448445}, {"arm": "A", "ms": 0.0327339997747913}, {"arm": "B", "ms": 0.0690750009380281}], "layers": 11}
{"event": "latent_numerics", "rows": 32, "layers": 11, "exact": true, "input_stride": 2056, "latent_stride": 520, "contexts": [31997, 131069, 32252], "block": 768, "rebound_tables": true, "layer_offsets": true, "poison_padding": true, "replay_orders": "BA/AB"}
{"event": "timing", "candidate": "latent_norm_write", "rows": 32, "cache": "warm", "samples": [{"arm": "B", "ms": 0.054030999541282654}, {"arm": "A", "ms": 0.024956999346613884}, {"arm": "A", "ms": 0.0247150007635355}, {"arm": "B", "ms": 0.05346599966287613}], "layers": 11}
{"event": "timing", "candidate": "latent_norm_write", "rows": 32, "cache": "evicted", "samples": [{"arm": "B", "ms": 0.06968800094909966}, {"arm": "A", "ms": 0.03282499988563359}, {"arm": "A", "ms": 0.03278199990745634}, {"arm": "B", "ms": 0.06958500086329877}], "layers": 11}
{"event": "component_failed", "candidate": "indexer_head_gate", "error": "FileNotFoundError: [Errno 2] No such file or directory: '/home/choiceoh/models/st-glm53-hybrid-gptq-v1/rank0of4.safetensors'"}
{"event": "component_failed", "candidate": "decode_absorb", "error": "FileNotFoundError: [Errno 2] No such file or directory: '/home/choiceoh/models/st-glm53-hybrid-gptq-v1/rank0of4.safetensors'"}
{"event": "component_failed", "candidate": "pool_cache_glue", "error": "FileNotFoundError: [Errno 2] No such file or directory: '/home/choiceoh/models/st-glm53-hybrid-gptq-v1/rank0of4.safetensors'"}
{"event": "topk_ids_numerics", "rows": 8, "layers": 11, "exact": true, "rebound_tables": true, "rollback": true, "invalid_and_duplicate_ids": true, "sort_dtype": "int32", "replay_orders": "BA/AB"}
{"event": "timing", "candidate": "topk_ids_read", "rows": 8, "cache": "warm", "samples": [{"arm": "B", "ms": 0.08413899689912796}, {"arm": "A", "ms": 0.0700410008430481}, {"arm": "A", "ms": 0.06993400305509567}, {"arm": "B", "ms": 0.08379299938678741}], "layers": 11, "baseline_launches": 22, "candidate_launches": 11}
{"event": "timing", "candidate": "topk_ids_read", "rows": 8, "cache": "evicted", "samples": [{"arm": "B", "ms": 0.09239100129343569}, {"arm": "A", "ms": 0.07574600144289434}, {"arm": "A", "ms": 0.0757260019890964}, {"arm": "B", "ms": 0.09238700103014708}], "layers": 11, "baseline_launches": 22, "candidate_launches": 11}
{"event": "topk_ids_numerics", "rows": 16, "layers": 11, "exact": true, "rebound_tables": true, "rollback": true, "invalid_and_duplicate_ids": true, "sort_dtype": "int32", "replay_orders": "BA/AB"}
{"event": "timing", "candidate": "topk_ids_read", "rows": 16, "cache": "warm", "samples": [{"arm": "B", "ms": 0.08438800275325775}, {"arm": "A", "ms": 0.07149600237607956}, {"arm": "A", "ms": 0.071601003408432}, {"arm": "B", "ms": 0.08406049758195877}], "layers": 11, "baseline_launches": 22, "candidate_launches": 11}
{"event": "timing", "candidate": "topk_ids_read", "rows": 16, "cache": "evicted", "samples": [{"arm": "B", "ms": 0.09466400067321956}, {"arm": "A", "ms": 0.07884399872273207}, {"arm": "A", "ms": 0.0787859985139221}, {"arm": "B", "ms": 0.09451700141653419}], "layers": 11, "baseline_launches": 22, "candidate_launches": 11}
{"event": "topk_ids_numerics", "rows": 24, "layers": 11, "exact": true, "rebound_tables": true, "rollback": true, "invalid_and_duplicate_ids": true, "sort_dtype": "int32", "replay_orders": "BA/AB"}
{"event": "timing", "candidate": "topk_ids_read", "rows": 24, "cache": "warm", "samples": [{"arm": "B", "ms": 0.0869550034403801}, {"arm": "A", "ms": 0.07395149767398834}, {"arm": "A", "ms": 0.07396499812602997}, {"arm": "B", "ms": 0.08641350269317627}], "layers": 11, "baseline_launches": 22, "candidate_launches": 11}
{"event": "timing", "candidate": "topk_ids_read", "rows": 24, "cache": "evicted", "samples": [{"arm": "B", "ms": 0.09759200201369822}, {"arm": "A", "ms": 0.08184299850836396}, {"arm": "A", "ms": 0.08185599860735238}, {"arm": "B", "ms": 0.09752300125546753}], "layers": 11, "baseline_launches": 22, "candidate_launches": 11}
{"event": "topk_ids_numerics", "rows": 32, "layers": 11, "exact": true, "rebound_tables": true, "rollback": true, "invalid_and_duplicate_ids": true, "sort_dtype": "int32", "replay_orders": "BA/AB"}
{"event": "timing", "candidate": "topk_ids_read", "rows": 32, "cache": "warm", "samples": [{"arm": "B", "ms": 0.0851219967007637}, {"arm": "A", "ms": 0.07197699695825577}, {"arm": "A", "ms": 0.07183200120925903}, {"arm": "B", "ms": 0.08490999788045883}], "layers": 11, "baseline_launches": 22, "candidate_launches": 11}
{"event": "timing", "candidate": "topk_ids_read", "rows": 32, "cache": "evicted", "samples": [{"arm": "B", "ms": 0.10011499840766191}, {"arm": "A", "ms": 0.08454099949449301}, {"arm": "A", "ms": 0.0844739992171526}, {"arm": "B", "ms": 0.10061099752783775}], "layers": 11, "baseline_launches": 22, "candidate_launches": 11}
{"event": "mla_output_copy", "rows": 1, "exact_bytes": true, "fresh_storage": true, "removed_copy_bytes": 16384, "scope": "fresh-result delivery only; unchanged MLA kernel is not executed"}
{"event": "mla_output_copy", "rows": 4, "exact_bytes": true, "fresh_storage": true, "removed_copy_bytes": 65536, "scope": "fresh-result delivery only; unchanged MLA kernel is not executed"}
{"event": "mla_output_copy", "rows": 8, "exact_bytes": true, "fresh_storage": true, "removed_copy_bytes": 131072, "scope": "fresh-result delivery only; unchanged MLA kernel is not executed"}
{"event": "mla_output_copy", "rows": 16, "exact_bytes": true, "fresh_storage": true, "removed_copy_bytes": 262144, "scope": "fresh-result delivery only; unchanged MLA kernel is not executed"}
{"event": "mla_output_copy", "rows": 24, "exact_bytes": true, "fresh_storage": true, "removed_copy_bytes": 393216, "scope": "fresh-result delivery only; unchanged MLA kernel is not executed"}
{"event": "mla_output_copy", "rows": 32, "exact_bytes": true, "fresh_storage": true, "removed_copy_bytes": 524288, "scope": "fresh-result delivery only; unchanged MLA kernel is not executed"}
{"event": "private_page_table", "rows": 1, "exact": true, "arena_unchanged": true, "removed_allocation_bytes": 704}
{"event": "private_page_table", "rows": 4, "exact": true, "arena_unchanged": true, "removed_allocation_bytes": 2816}
{"event": "decode_length_reuse", "sequences": 1, "tokens": 1, "split_groups": 1, "exact": true, "producer_calls_per_recording": [11, 1], "replay_orders": "BA/AB", "changed_contexts": true, "rollback": true, "consumer_metrics_measured": false}
{"event": "decode_length_reuse", "sequences": 4, "tokens": 1, "split_groups": 1, "exact": true, "producer_calls_per_recording": [11, 1], "replay_orders": "BA/AB", "changed_contexts": true, "rollback": true, "consumer_metrics_measured": false}
{"event": "decode_length_reuse", "sequences": 1, "tokens": 8, "split_groups": 1, "exact": true, "producer_calls_per_recording": [11, 1], "replay_orders": "BA/AB", "changed_contexts": true, "rollback": true, "consumer_metrics_measured": false}
{"event": "decode_length_reuse", "sequences": 2, "tokens": 8, "split_groups": 1, "exact": true, "producer_calls_per_recording": [11, 1], "replay_orders": "BA/AB", "changed_contexts": true, "rollback": true, "consumer_metrics_measured": false}
{"event": "decode_length_reuse", "sequences": 3, "tokens": 8, "split_groups": 1, "exact": true, "producer_calls_per_recording": [11, 1], "replay_orders": "BA/AB", "changed_contexts": true, "rollback": true, "consumer_metrics_measured": false}
{"event": "decode_length_reuse", "sequences": 4, "tokens": 8, "split_groups": 1, "exact": true, "producer_calls_per_recording": [11, 1], "replay_orders": "BA/AB", "changed_contexts": true, "rollback": true, "consumer_metrics_measured": false}
{"event": "decode_length_reuse", "sequences": 4, "tokens": 1, "split_groups": 2, "exact": true, "producer_calls_per_recording": [22, 2], "replay_orders": "BA/AB", "changed_contexts": true, "rollback": true, "consumer_metrics_measured": false}
{"event": "decode_length_reuse", "sequences": 4, "tokens": 8, "split_groups": 2, "exact": true, "producer_calls_per_recording": [22, 2], "replay_orders": "BA/AB", "changed_contexts": true, "rollback": true, "consumer_metrics_measured": false}
{"event": "draft_qk_pair", "rows": 1, "q_heads": 8, "kv_heads": 2, "exact_bf16": true, "eps": 1e-05, "theta": 10000.0, "launch_calls": [2, 1], "changed_inputs": true, "replay_orders": "BA/AB", "measurements": [{"arm": "B", "ms": 0.00826375000178814}, {"arm": "A", "ms": 0.00615950021892786}, {"arm": "A", "ms": 0.006165749859064817}, {"arm": "B", "ms": 0.008237499743700027}], "consumer_metrics_measured": false}
{"event": "draft_qk_pair", "rows": 8, "q_heads": 8, "kv_heads": 2, "exact_bf16": true, "eps": 1e-05, "theta": 10000.0, "launch_calls": [2, 1], "changed_inputs": true, "replay_orders": "BA/AB", "measurements": [{"arm": "B", "ms": 0.008343249559402466}, {"arm": "A", "ms": 0.006199750117957592}, {"arm": "A", "ms": 0.0061947498470544815}, {"arm": "B", "ms": 0.008323750458657742}], "consumer_metrics_measured": false}
{"event": "draft_qk_pair", "rows": 16, "q_heads": 8, "kv_heads": 2, "exact_bf16": true, "eps": 1e-05, "theta": 10000.0, "launch_calls": [2, 1], "changed_inputs": true, "replay_orders": "BA/AB", "measurements": [{"arm": "B", "ms": 0.008920250460505486}, {"arm": "A", "ms": 0.0062037501484155655}, {"arm": "A", "ms": 0.0062294998206198215}, {"arm": "B", "ms": 0.008944000117480755}], "consumer_metrics_measured": false}
{"event": "draft_qk_pair", "rows": 24, "q_heads": 8, "kv_heads": 2, "exact_bf16": true, "eps": 1e-05, "theta": 10000.0, "launch_calls": [2, 1], "changed_inputs": true, "replay_orders": "BA/AB", "measurements": [{"arm": "B", "ms": 0.009277500212192535}, {"arm": "A", "ms": 0.006202999968081713}, {"arm": "A", "ms": 0.006205750163644552}, {"arm": "B", "ms": 0.009276499971747398}], "consumer_metrics_measured": false}
{"event": "draft_qk_pair", "rows": 32, "q_heads": 8, "kv_heads": 2, "exact_bf16": true, "eps": 1e-05, "theta": 10000.0, "launch_calls": [2, 1], "changed_inputs": true, "replay_orders": "BA/AB", "measurements": [{"arm": "B", "ms": 0.01027199998497963}, {"arm": "A", "ms": 0.006396249867975712}, {"arm": "A", "ms": 0.006367249879986048}, {"arm": "B", "ms": 0.01033599954098463}], "consumer_metrics_measured": false}
{"event": "component_failed", "candidate": "forward_local_reduction", "error": "FileNotFoundError: [Errno 2] No such file or directory: '/home/choiceoh/models/st-glm53-hybrid-gptq-v1/rank0of4.safetensors'"}
{"event": "complete", "status": "FAIL", "failed_components": ["query_pair", "indexer_head_gate", "decode_absorb", "pool_cache_glue", "forward_local_reduction"], "consumer_metrics_measured": false}
Traceback (most recent call last):
  File "/repo/probes/engine_kernel_check.py", line 318, in <module>
    main()
  File "/repo/probes/engine_kernel_check.py", line 44, in main
    dsa_inputs_check(args.ranks)
  File "/repo/probes/engine_decode_dsa_inputs.py", line 194, in check
    raise RuntimeError(f'DSA qualification failed: {failures}')
RuntimeError: DSA qualification failed: ['query_pair', 'indexer_head_gate', 'decode_absorb', 'pool_cache_glue', 'forward_local_reduction']
