test_actual_proxy_reuses_ring_descriptors_and_retires_delayed_rails (tests.test_engine_oneshot_proxy.ProxyTests.test_actual_proxy_reuses_ring_descriptors_and_retires_delayed_rails) ... ok
test_sampler_initializes_events_before_timing_and_waits_once_per_cell (tests.test_engine_oneshot_latency.LatencyTests.test_sampler_initializes_events_before_timing_and_waits_once_per_cell) ... ok
test_every_queue_pair_resource_follows_its_peers_rail (tests.test_engine_oneshot_rails.RailPlacementTests.test_every_queue_pair_resource_follows_its_peers_rail) ... ok
test_header_rule_matches_the_python_rule (tests.test_engine_oneshot_rails.RailPlacementTests.test_header_rule_matches_the_python_rule) ... /tmp/tmpcj2c6ytn/rails.cc:3:9: warning: #pragma once in main file
    3 | #pragma once
      |         ^~~~
ok
test_python_rule_puts_one_peer_of_every_rank_on_the_second_rail (tests.test_engine_oneshot_rails.RailPlacementTests.test_python_rule_puts_one_peer_of_every_rank_on_the_second_rail) ... ok
test_the_proxy_keeps_its_poll_count_out_of_the_registered_header (tests.test_engine_oneshot_rails.RailPlacementTests.test_the_proxy_keeps_its_poll_count_out_of_the_registered_header) ... ok
test_capture_bursts_real_stalls_thread_exit_and_restart (tests.test_engine_oneshot_health.ProxyHealthTests.test_capture_bursts_real_stalls_thread_exit_and_restart) ... ok
test_signed_packets_odd_tails_and_publication_weight (tests.test_engine_oneshot_integer.IntegerTransportTests.test_signed_packets_odd_tails_and_publication_weight) ... ok
test_cancellation_and_bf16_inputs_agree_on_all_ranks (tests.test_engine_oneshot_sum.RankOrderedSumTests.test_cancellation_and_bf16_inputs_agree_on_all_ranks) ... ok
test_integer_packets_use_native_gather_after_layout_normalization (tests.test_engine_comm_layout.GatherTests.test_integer_packets_use_native_gather_after_layout_normalization) ... ok
test_native_root_broadcast_preserves_int64_bits_and_inplace_strided_views (tests.test_engine_comm_layout.GatherTests.test_native_root_broadcast_preserves_int64_bits_and_inplace_strided_views) ... ok
test_rank_major_collective_matches_cat_on_every_axis (tests.test_engine_comm_layout.GatherTests.test_rank_major_collective_matches_cat_on_every_axis) ... ok
test_real_two_process_gloo_with_strided_inputs (tests.test_engine_comm_layout.GatherTests.test_real_two_process_gloo_with_strided_inputs) ... [W914 13:08:09.926036966 ProcessGroupGloo.cpp:524] Warning: Unable to resolve hostname to a (local) address. Using the loopback address as fallback. Manually set the network interface to bind to with GLOO_SOCKET_IFNAME. (function operator())
[W914 13:08:09.236128797 ProcessGroupGloo.cpp:524] Warning: Unable to resolve hostname to a (local) address. Using the loopback address as fallback. Manually set the network interface to bind to with GLOO_SOCKET_IFNAME. (function operator())
/usr/local/lib/python3.12/dist-packages/torch/distributed/c10d_logger.py:83: FutureWarning: `torch.distributed.all_gather_into_tensor` is deprecated. Please use `torch.distributed.all_gather_single` instead.
  return func(*args, **kwargs)
/usr/local/lib/python3.12/dist-packages/torch/distributed/c10d_logger.py:83: FutureWarning: `torch.distributed.all_gather_into_tensor` is deprecated. Please use `torch.distributed.all_gather_single` instead.
  return func(*args, **kwargs)
/usr/local/lib/python3.12/dist-packages/torch/distributed/c10d_logger.py:83: FutureWarning: `torch.distributed.all_gather_into_tensor` is deprecated. Please use `torch.distributed.all_gather_single` instead.
  return func(*args, **kwargs)
/usr/local/lib/python3.12/dist-packages/torch/distributed/c10d_logger.py:83: FutureWarning: `torch.distributed.all_gather_into_tensor` is deprecated. Please use `torch.distributed.all_gather_single` instead.
  return func(*args, **kwargs)
ok
test_small_max_uses_the_exact_transport_and_other_types_keep_nccl (tests.test_engine_comm_layout.GatherTests.test_small_max_uses_the_exact_transport_and_other_types_keep_nccl) ... ok
test_every_native_launch_protects_the_ctrl_lifetime_before_enqueue (tests.test_engine_oneshot_setup.SetupTests.test_every_native_launch_protects_the_ctrl_lifetime_before_enqueue) ... ok
test_partial_preparation_release_failures_gid_bounds_and_device_lifetime (tests.test_engine_oneshot_setup.SetupTests.test_partial_preparation_release_failures_gid_bounds_and_device_lifetime) ... ok
test_build_defaults_to_inline_and_all_four_variants_have_distinct_keys (tests.test_engine_oneshot_modes.ModeTests.test_build_defaults_to_inline_and_all_four_variants_have_distinct_keys) ... W0914 13:08:12.126000 10 torch/utils/cpp_extension.py:178] No CUDA runtime is found, using CUDA_HOME='/usr/local/cuda-13.2'
ok
test_local_mode_or_remote_preparation_failure_releases_before_connect (tests.test_engine_oneshot_modes.ModeTests.test_local_mode_or_remote_preparation_failure_releases_before_connect) ... ok
test_acceptance_defaults_are_on_and_cannot_override_production (tests.test_engine_knobs.KnobDeclarationTests.test_acceptance_defaults_are_on_and_cannot_override_production) ... ok
test_adopted_execution_cannot_be_changed_by_stale_bisect_environment (tests.test_engine_knobs.KnobDeclarationTests.test_adopted_execution_cannot_be_changed_by_stale_bisect_environment) ... ok
test_gb10_serving_defaults_are_on_and_production_refuses_overrides (tests.test_engine_knobs.KnobDeclarationTests.test_gb10_serving_defaults_are_on_and_production_refuses_overrides) ... ok
test_indexer_shards_are_explicit_and_cannot_change_production (tests.test_engine_knobs.KnobDeclarationTests.test_indexer_shards_are_explicit_and_cannot_change_production) ... ok
test_only_declared_precision_mla_context_and_execution_experiments_remain (tests.test_engine_knobs.KnobDeclarationTests.test_only_declared_precision_mla_context_and_execution_experiments_remain) ... ok
test_packet_prefill_defaults_on_with_explicit_nonproduction_opt_out (tests.test_engine_knobs.KnobDeclarationTests.test_packet_prefill_defaults_on_with_explicit_nonproduction_opt_out) ... ok
test_production_remains_restartable_after_experiment_expiry (tests.test_engine_knobs.KnobDeclarationTests.test_production_remains_restartable_after_experiment_expiry) ... ok
test_unqualified_tuning_requires_an_explicit_profile (tests.test_engine_knobs.KnobDeclarationTests.test_unqualified_tuning_requires_an_explicit_profile) ... ok
test_configure_prefill_modes (tests.test_engine_knobs.MlaPrefillModeTests.test_configure_prefill_modes) ... ok
test_dispatcher_spec_is_applied_once_and_refused_after_views_exist (tests.test_engine_knobs.MoeStaticSpecTests.test_dispatcher_spec_is_applied_once_and_refused_after_views_exist) ... ok
test_parse_moe_static (tests.test_engine_knobs.MoeStaticSpecTests.test_parse_moe_static) ... ok
test_the_timing_cells_reach_the_served_recipe_but_never_serving (tests.test_engine_knobs.MoeStaticSpecTests.test_the_timing_cells_reach_the_served_recipe_but_never_serving)
xs/xa drop a TMA issue at compile time, which is the only way to ask which of the served recipe's ... ok
test_tile_major_relayout_reads_back_row_major (tests.test_engine_knobs.MoeStaticSpecTests.test_tile_major_relayout_reads_back_row_major) ... ok
test_dynamic_tile_m_override_is_validated (tests.test_engine_knobs.ProbeHookTests.test_dynamic_tile_m_override_is_validated) ... ok
test_mhc_pass_hook_is_fixed_before_the_kernels_compile (tests.test_engine_knobs.ProbeHookTests.test_mhc_pass_hook_is_fixed_before_the_kernels_compile) ... ok
test_mla_probe_instruments_are_arguments_not_env (tests.test_engine_knobs.ProbeHookTests.test_mla_probe_instruments_are_arguments_not_env) ... ok
test_probe_runner_and_launcher_forward_declared_knobs (tests.test_engine_knobs.ProbeRunnerTests.test_probe_runner_and_launcher_forward_declared_knobs) ... ok
test_build_reads_drafter_facts_from_the_selected_directory (tests.test_engine_bootpaths.BootPathTests.test_build_reads_drafter_facts_from_the_selected_directory) ... ok
test_local_http_and_fleet_forward_both_model_directories (tests.test_engine_bootpaths.BootPathTests.test_local_http_and_fleet_forward_both_model_directories) ...   box: test
  facts
    model                    /alternate/config                [the checkpoint's config/tokenizer (facts.CKPT or a copy of those files)]
    ranks                    /alternate/ranks                 [preshard output]
    world                    4                                [facts.TP: four Sparks]
    block                    768                              [launcher --block-size]
    spec_k                   7                                [launcher SPEC_K with DFlash2]
    kv_gib                   0.25                             [--kv-gib (local)]
    port                     8000                             [--port]
    max_seqs                 2                                [resident rows, state slots and captured decode widths]
    prefix_snapshot_gib      2.125                            [tiered raw block-boundary checkpoints; count follows the shape]
    prefix_untiered_snapshot_gib 4.25                             [raw checkpoints when no prefix tier is configured]
    prefix_compressed_bytes  1073741824                       [prefix tier's bounded lossless RAM cache; codec workspace declared separately]
    moe_static               t,r,sf6,q0                       [native TP4 execution]
    lanes                    served                           [native TP4 execution]
    decode_eager             0                                [native TP4 execution]
    execution                native                           [native TP4 execution]
  knobs (every one expires)
    decode_absorb_tiles      1                                until 2026-09-30  measures 'Operator-enabled K=7 token-major MLA contractions; paired GPU qualification pending', rollback 'STK_decode_absorb_tiles=0'
    decode_indexer_gate      1                                until 2026-09-30  measures 'Operator-enabled K=7 FP32 head-gate partials with fused boundary reduction; paired GPU qualification pending', rollback 'STK_decode_indexer_gate=0'
    decode_dsa_inputs        1                                until 2026-09-30  measures 'Operator-enabled K=7 shared queries, latent norm/write and direct pool-cache glue; paired GPU qualification pending', rollback 'STK_decode_dsa_inputs=0'
    decode_fastpaths         1                                until 2026-09-30  measures 'Operator-enabled K=7 input reuse, paired projections and direct TX outputs; GPU qualification pending', rollback 'STK_decode_fastpaths=0'
    prefill_ffn_packets      1                                until 2026-09-30  measures 'Operator-enabled sender-owned routes and direct FP8 expert/shared inputs; local FFN qualified, fleet serving pending', rollback 'STK_prefill_ffn_packets=0'
    prefill_absorb_tiles     1                                until 2026-09-30  measures 'Operator-enabled token-major MLA contractions; GPU timing and quality qualification pending', rollback 'STK_prefill_absorb_tiles=0'
    prefill_dense_prefix     1                                until 2026-09-30  measures 'Operator-enabled causal-prefix KV sharing; GPU timing and quality qualification pending', rollback 'STK_prefill_dense_prefix=0'
    prefill_indexer_shards   0                                until 2026-09-30  measures 'Unqualified prefill candidate: shard replicated indexer queries and bypass fully covered selections', rollback 'STK_prefill_indexer_shards=0'
    draft_tuning                                              until 2026-09-30  measures 'Explicit draft-only selector, boundary and preparation tuning JSON; empty preserves baseline coefficients', rollback 'STK_draft_tuning='
    draft_fc_precision       fp8                              until 2026-09-30  measures 'DFlash FC decode precision; shared or committed-decode FP8 pack', rollback 'STK_draft_fc_precision=w4'
    draft_fc_calibration     auto                             until 2026-09-30  measures 'auto collects missing committed decode inputs and consumes GPTQ on a subsequent boot; shared/collect/decode are fixed arms', rollback 'STK_draft_fc_calibration=shared'
    draft_diagnostics        1                                until 2026-09-30  measures 'Record greedy first rejection as candidate miss, selector miss or output boundary', rollback 'STK_draft_diagnostics=0'
    terminal_mhc             0                                until 2026-09-30  measures 'Decode and prefill: preserve BF16 channel rounding while writing terminal means into final feature columns', rollback 'STK_terminal_mhc=0'
    deferred_kda             1                                until 2026-09-30  measures 'Operator-enabled FP32 KDA: verify into update factors, commit accepted states across all layers in one launch; K=7 GPU exactness and paired timing pending', rollback 'STK_deferred_kda=0'
    decode_iterations        4                                until 2026-09-30  measures 'Bounded greedy TP4 decode: reserve/read back 2 or 4 iterations with rank-agreed exits', rollback 'STK_decode_iterations=1'
    nvme_mapped_staging      1                                until 2026-09-30  measures 'One mapped GB10 staging allocation for NVMe host I/O and GPU gather/scatter', rollback 'STK_nvme_mapped_staging=0'
    oneshot_rails            2                                until 2026-09-30  measures 'Operator-directed one-shot RDMA over both RoCE PCIe functions, pairs {0,1},{2,3} on the second; boot latency gauge and fleet onepass pending', rollback 'STK_oneshot_rails=1'
    oneshot_inline           1                                until 2026-09-30  measures 'Inline 8-byte one-shot completion flags; fleet consumer latency and quality pending', rollback 'STK_oneshot_inline=0'
    prefill_project_tiles    1                                until 2026-09-30  measures 'Overlap TP4 prefill tile arrival with independent KDA input projection', rollback 'STK_prefill_project_tiles=0'
    direct_mhc               1                                until 2026-09-30  measures 'TP4 rank packets consumed inside native MHC; exact rounding, C=1/C=4 latency and quality', rollback 'STK_direct_mhc=0'
    execution_overlap        0                                until 2026-09-30  measures 'GB10 C=4 ordered TP/compute overlap: matched onepass C=1/C=4 latency and acceptance', rollback 'STK_execution_overlap=0'
    early_observe            0                                until 2026-09-30  measures 'DFlash2 context preparation overlaps target tail using private W4 scratch; FP32 state unchanged', rollback 'STK_early_observe=0'
    prefill_tiles            1                                until 2026-09-30  measures 'layer-major prefill windows of 1/2/4 native tiles, separate from decoding; 32K/128K TTFT and memory', rollback 'STK_prefill_tiles=1'
    kda_state_dtype          fp32                             until 2026-09-30  measures 'FP16 recurrent storage with FP32 arithmetic: matched C=1/C=4 onepass quality, latency and memory', rollback 'STK_kda_state_dtype=fp32'
    mla_prefill              tile32                           until 2026-09-30  measures 'large-M MLA prefill: tile32 is the qualified production default, stock the baseline (the pair/pair4 union candidates were measured and retired -- 45차 §23 조사 16차, PR #698)', rollback 'STK_mla_prefill=tile32'
    context_ceiling          0                                until 2026-09-30  measures "the served context ceiling: the door refuses a longer horizon and the decode ladder captures no bucket above it. 0 = the checkpoint's trained positions (1,048,576); each context bucket captures the declared request widths. The boot's 'target/<shape>/' memory rows carry each bucket's seconds, so a boot pair prices the cut before it is taken", rollback 'STK_context_ceiling=0'
  box: test
  facts
    model                    /alternate/config                [the checkpoint's config/tokenizer (facts.CKPT or a copy of those files)]
    ranks                    /alternate/ranks                 [preshard output]
    world                    4                                [facts.TP: four Sparks]
    block                    768                              [launcher --block-size]
    spec_k                   7                                [launcher SPEC_K with DFlash2]
    kv_gib                   0.25                             [--kv-gib (local)]
    port                     8000                             [--port]
    max_seqs                 2                                [resident rows, state slots and captured decode widths]
    prefix_snapshot_gib      2.125                            [tiered raw block-boundary checkpoints; count follows the shape]
    prefix_untiered_snapshot_gib 4.25                             [raw checkpoints when no prefix tier is configured]
    prefix_compressed_bytes  1073741824                       [prefix tier's bounded lossless RAM cache; codec workspace declared separately]
    moe_static               t,r,sf6,q0                       [native TP4 execution]
    lanes                    served                           [native TP4 execution]
    decode_eager             0                                [native TP4 execution]
    execution                native                           [native TP4 execution]
  knobs (every one expires)
    decode_absorb_tiles      1                                until 2026-09-30  measures 'Operator-enabled K=7 token-major MLA contractions; paired GPU qualification pending', rollback 'STK_decode_absorb_tiles=0'
    decode_indexer_gate      1                                until 2026-09-30  measures 'Operator-enabled K=7 FP32 head-gate partials with fused boundary reduction; paired GPU qualification pending', rollback 'STK_decode_indexer_gate=0'
    decode_dsa_inputs        1                                until 2026-09-30  measures 'Operator-enabled K=7 shared queries, latent norm/write and direct pool-cache glue; paired GPU qualification pending', rollback 'STK_decode_dsa_inputs=0'
    decode_fastpaths         1                                until 2026-09-30  measures 'Operator-enabled K=7 input reuse, paired projections and direct TX outputs; GPU qualification pending', rollback 'STK_decode_fastpaths=0'
    prefill_ffn_packets      1                                until 2026-09-30  measures 'Operator-enabled sender-owned routes and direct FP8 expert/shared inputs; local FFN qualified, fleet serving pending', rollback 'STK_prefill_ffn_packets=0'
    prefill_absorb_tiles     1                                until 2026-09-30  measures 'Operator-enabled token-major MLA contractions; GPU timing and quality qualification pending', rollback 'STK_prefill_absorb_tiles=0'
    prefill_dense_prefix     1                                until 2026-09-30  measures 'Operator-enabled causal-prefix KV sharing; GPU timing and quality qualification pending', rollback 'STK_prefill_dense_prefix=0'
    prefill_indexer_shards   0                                until 2026-09-30  measures 'Unqualified prefill candidate: shard replicated indexer queries and bypass fully covered selections', rollback 'STK_prefill_indexer_shards=0'
    draft_tuning                                              until 2026-09-30  measures 'Explicit draft-only selector, boundary and preparation tuning JSON; empty preserves baseline coefficients', rollback 'STK_draft_tuning='
    draft_fc_precision       fp8                              until 2026-09-30  measures 'DFlash FC decode precision; shared or committed-decode FP8 pack', rollback 'STK_draft_fc_precision=w4'
    draft_fc_calibration     auto                             until 2026-09-30  measures 'auto collects missing committed decode inputs and consumes GPTQ on a subsequent boot; shared/collect/decode are fixed arms', rollback 'STK_draft_fc_calibration=shared'
    draft_diagnostics        1                                until 2026-09-30  measures 'Record greedy first rejection as candidate miss, selector miss or output boundary', rollback 'STK_draft_diagnostics=0'
    terminal_mhc             0                                until 2026-09-30  measures 'Decode and prefill: preserve BF16 channel rounding while writing terminal means into final feature columns', rollback 'STK_terminal_mhc=0'
    deferred_kda             1                                until 2026-09-30  measures 'Operator-enabled FP32 KDA: verify into update factors, commit accepted states across all layers in one launch; K=7 GPU exactness and paired timing pending', rollback 'STK_deferred_kda=0'
    decode_iterations        4                                until 2026-09-30  measures 'Bounded greedy TP4 decode: reserve/read back 2 or 4 iterations with rank-agreed exits', rollback 'STK_decode_iterations=1'
    nvme_mapped_staging      1                                until 2026-09-30  measures 'One mapped GB10 staging allocation for NVMe host I/O and GPU gather/scatter', rollback 'STK_nvme_mapped_staging=0'
    oneshot_rails            2                                until 2026-09-30  measures 'Operator-directed one-shot RDMA over both RoCE PCIe functions, pairs {0,1},{2,3} on the second; boot latency gauge and fleet onepass pending', rollback 'STK_oneshot_rails=1'
    oneshot_inline           1                                until 2026-09-30  measures 'Inline 8-byte one-shot completion flags; fleet consumer latency and quality pending', rollback 'STK_oneshot_inline=0'
    prefill_project_tiles    1                                until 2026-09-30  measures 'Overlap TP4 prefill tile arrival with independent KDA input projection', rollback 'STK_prefill_project_tiles=0'
    direct_mhc               1                                until 2026-09-30  measures 'TP4 rank packets consumed inside native MHC; exact rounding, C=1/C=4 latency and quality', rollback 'STK_direct_mhc=0'
    execution_overlap        0                                until 2026-09-30  measures 'GB10 C=4 ordered TP/compute overlap: matched onepass C=1/C=4 latency and acceptance', rollback 'STK_execution_overlap=0'
    early_observe            0                                until 2026-09-30  measures 'DFlash2 context preparation overlaps target tail using private W4 scratch; FP32 state unchanged', rollback 'STK_early_observe=0'
    prefill_tiles            1                                until 2026-09-30  measures 'layer-major prefill windows of 1/2/4 native tiles, separate from decoding; 32K/128K TTFT and memory', rollback 'STK_prefill_tiles=1'
    kda_state_dtype          fp32                             until 2026-09-30  measures 'FP16 recurrent storage with FP32 arithmetic: matched C=1/C=4 onepass quality, latency and memory', rollback 'STK_kda_state_dtype=fp32'
    mla_prefill              tile32                           until 2026-09-30  measures 'large-M MLA prefill: tile32 is the qualified production default, stock the baseline (the pair/pair4 union candidates were measured and retired -- 45차 §23 조사 16차, PR #698)', rollback 'STK_mla_prefill=tile32'
    context_ceiling          0                                until 2026-09-30  measures "the served context ceiling: the door refuses a longer horizon and the decode ladder captures no bucket above it. 0 = the checkpoint's trained positions (1,048,576); each context bucket captures the declared request widths. The boot's 'target/<shape>/' memory rows carry each bucket's seconds, so a boot pair prices the cut before it is taken", rollback 'STK_context_ceiling=0'
  fleet reserved by test
  box: test
  facts
    model                    /alternate/config                [the checkpoint's config/tokenizer (facts.CKPT or a copy of those files)]
    ranks                    /alternate/ranks                 [preshard output]
    world                    4                                [facts.TP: four Sparks]
    block                    768                              [launcher --block-size]
    spec_k                   7                                [launcher SPEC_K with DFlash2]
    kv_gib                   0.25                             [--kv-gib (local)]
    port                     8000                             [--port]
    max_seqs                 2                                [resident rows, state slots and captured decode widths]
    prefix_snapshot_gib      2.125                            [tiered raw block-boundary checkpoints; count follows the shape]
    prefix_untiered_snapshot_gib 4.25                             [raw checkpoints when no prefix tier is configured]
    prefix_compressed_bytes  1073741824                       [prefix tier's bounded lossless RAM cache; codec workspace declared separately]
    moe_static               t,r,sf6,q0                       [native TP4 execution]
    lanes                    served                           [native TP4 execution]
    decode_eager             0                                [native TP4 execution]
    execution                native                           [native TP4 execution]
  knobs (every one expires)
    decode_absorb_tiles      1                                until 2026-09-30  measures 'Operator-enabled K=7 token-major MLA contractions; paired GPU qualification pending', rollback 'STK_decode_absorb_tiles=0'
    decode_indexer_gate      1                                until 2026-09-30  measures 'Operator-enabled K=7 FP32 head-gate partials with fused boundary reduction; paired GPU qualification pending', rollback 'STK_decode_indexer_gate=0'
    decode_dsa_inputs        1                                until 2026-09-30  measures 'Operator-enabled K=7 shared queries, latent norm/write and direct pool-cache glue; paired GPU qualification pending', rollback 'STK_decode_dsa_inputs=0'
    decode_fastpaths         1                                until 2026-09-30  measures 'Operator-enabled K=7 input reuse, paired projections and direct TX outputs; GPU qualification pending', rollback 'STK_decode_fastpaths=0'
    prefill_ffn_packets      1                                until 2026-09-30  measures 'Operator-enabled sender-owned routes and direct FP8 expert/shared inputs; local FFN qualified, fleet serving pending', rollback 'STK_prefill_ffn_packets=0'
    prefill_absorb_tiles     1                                until 2026-09-30  measures 'Operator-enabled token-major MLA contractions; GPU timing and quality qualification pending', rollback 'STK_prefill_absorb_tiles=0'
    prefill_dense_prefix     1                                until 2026-09-30  measures 'Operator-enabled causal-prefix KV sharing; GPU timing and quality qualification pending', rollback 'STK_prefill_dense_prefix=0'
    prefill_indexer_shards   0                                until 2026-09-30  measures 'Unqualified prefill candidate: shard replicated indexer queries and bypass fully covered selections', rollback 'STK_prefill_indexer_shards=0'
    draft_tuning                                              until 2026-09-30  measures 'Explicit draft-only selector, boundary and preparation tuning JSON; empty preserves baseline coefficients', rollback 'STK_draft_tuning='
    draft_fc_precision       fp8                              until 2026-09-30  measures 'DFlash FC decode precision; shared or committed-decode FP8 pack', rollback 'STK_draft_fc_precision=w4'
    draft_fc_calibration     auto                             until 2026-09-30  measures 'auto collects missing committed decode inputs and consumes GPTQ on a subsequent boot; shared/collect/decode are fixed arms', rollback 'STK_draft_fc_calibration=shared'
    draft_diagnostics        1                                until 2026-09-30  measures 'Record greedy first rejection as candidate miss, selector miss or output boundary', rollback 'STK_draft_diagnostics=0'
    terminal_mhc             0                                until 2026-09-30  measures 'Decode and prefill: preserve BF16 channel rounding while writing terminal means into final feature columns', rollback 'STK_terminal_mhc=0'
    deferred_kda             1                                until 2026-09-30  measures 'Operator-enabled FP32 KDA: verify into update factors, commit accepted states across all layers in one launch; K=7 GPU exactness and paired timing pending', rollback 'STK_deferred_kda=0'
    decode_iterations        4                                until 2026-09-30  measures 'Bounded greedy TP4 decode: reserve/read back 2 or 4 iterations with rank-agreed exits', rollback 'STK_decode_iterations=1'
    nvme_mapped_staging      1                                until 2026-09-30  measures 'One mapped GB10 staging allocation for NVMe host I/O and GPU gather/scatter', rollback 'STK_nvme_mapped_staging=0'
    oneshot_rails            2                                until 2026-09-30  measures 'Operator-directed one-shot RDMA over both RoCE PCIe functions, pairs {0,1},{2,3} on the second; boot latency gauge and fleet onepass pending', rollback 'STK_oneshot_rails=1'
    oneshot_inline           1                                until 2026-09-30  measures 'Inline 8-byte one-shot completion flags; fleet consumer latency and quality pending', rollback 'STK_oneshot_inline=0'
    prefill_project_tiles    1                                until 2026-09-30  measures 'Overlap TP4 prefill tile arrival with independent KDA input projection', rollback 'STK_prefill_project_tiles=0'
    direct_mhc               1                                until 2026-09-30  measures 'TP4 rank packets consumed inside native MHC; exact rounding, C=1/C=4 latency and quality', rollback 'STK_direct_mhc=0'
    execution_overlap        0                                until 2026-09-30  measures 'GB10 C=4 ordered TP/compute overlap: matched onepass C=1/C=4 latency and acceptance', rollback 'STK_execution_overlap=0'
    early_observe            0                                until 2026-09-30  measures 'DFlash2 context preparation overlaps target tail using private W4 scratch; FP32 state unchanged', rollback 'STK_early_observe=0'
    prefill_tiles            1                                until 2026-09-30  measures 'layer-major prefill windows of 1/2/4 native tiles, separate from decoding; 32K/128K TTFT and memory', rollback 'STK_prefill_tiles=1'
    kda_state_dtype          fp32                             until 2026-09-30  measures 'FP16 recurrent storage with FP32 arithmetic: matched C=1/C=4 onepass quality, latency and memory', rollback 'STK_kda_state_dtype=fp32'
    mla_prefill              tile32                           until 2026-09-30  measures 'large-M MLA prefill: tile32 is the qualified production default, stock the baseline (the pair/pair4 union candidates were measured and retired -- 45차 §23 조사 16차, PR #698)', rollback 'STK_mla_prefill=tile32'
    context_ceiling          0                                until 2026-09-30  measures "the served context ceiling: the door refuses a longer horizon and the decode ladder captures no bucket above it. 0 = the checkpoint's trained positions (1,048,576); each context bucket captures the declared request widths. The boot's 'target/<shape>/' memory rows carry each bucket's seconds, so a boot pair prices the cut before it is taken", rollback 'STK_context_ceiling=0'
  kernel shape (derived): hidden 128 hc 4 mhc tp 4 | mla 1x16 no sink | linear 1/1x8x8 conv 4 decay/channel | indexer kpool 4x128 pool 4 top 8 | moe 4(4 local) I64/16 top2 nvfp4 swigluoai_uninterleave | spec 5
  rank0: one-shot rails=2 latency µs {}
[serve] death rank=0 kind=local phase='boot': StopAtBuild: 
  fleet reserved by test
  box: test
  facts
    model                    /alternate/config                [the checkpoint's config/tokenizer (facts.CKPT or a copy of those files)]
    ranks                    /alternate/ranks                 [preshard output]
    world                    4                                [facts.TP: four Sparks]
    block                    768                              [launcher --block-size]
    spec_k                   7                                [launcher SPEC_K with DFlash2]
    kv_gib                   0.25                             [--kv-gib (local)]
    port                     8000                             [--port]
    max_seqs                 2                                [resident rows, state slots and captured decode widths]
    prefix_snapshot_gib      2.125                            [tiered raw block-boundary checkpoints; count follows the shape]
    prefix_untiered_snapshot_gib 4.25                             [raw checkpoints when no prefix tier is configured]
    prefix_compressed_bytes  1073741824                       [prefix tier's bounded lossless RAM cache; codec workspace declared separately]
    moe_static               t,r,sf6,q0                       [native TP4 execution]
    lanes                    served                           [native TP4 execution]
    decode_eager             0                                [native TP4 execution]
    execution                native                           [native TP4 execution]
    mla_prefill              tile32                           [production default]
    context_ceiling          0                                [production default]
    kda_state_dtype          fp32                             [production default]
    execution_overlap        0                                [production default]
    early_observe            0                                [production default]
    prefill_tiles            1                                [production default]
    terminal_mhc             0                                [production default]
    draft_fc_precision       fp8                              [production default]
    draft_fc_calibration     auto                             [production default]
    draft_diagnostics        1                                [production default]
    draft_tuning                                              [production default]
    direct_mhc               1                                [production default]
    prefill_project_tiles    1                                [production default]
    nvme_mapped_staging      1                                [production default]
    decode_iterations        4                                [production default]
    prefill_indexer_shards   0                                [production default]
    prefill_dense_prefix     1                                [production default]
    prefill_absorb_tiles     1                                [production default]
    decode_fastpaths         1                                [production default]
    decode_dsa_inputs        1                                [production default]
    decode_indexer_gate      1                                [production default]
    decode_absorb_tiles      1                                [production default]
    deferred_kda             1                                [production default]
    oneshot_rails            2                                [production default]
    oneshot_inline           1                                [production default]
    prefill_ffn_packets      1                                [production default]
  knobs (every one expires)
  kernel shape (derived): hidden 128 hc 4 mhc tp 4 | mla 1x16 no sink | linear 1/1x8x8 conv 4 decay/channel | indexer kpool 4x128 pool 4 top 8 | moe 4(4 local) I64/16 top2 nvfp4 swigluoai_uninterleave | spec 5
  rank0: one-shot rails=2 latency µs {}
[serve] death rank=0 kind=local phase='boot': StopAtBuild: 
  box: test
  facts
    model                    /alternate/config                [the checkpoint's config/tokenizer (facts.CKPT or a copy of those files)]
    ranks                    /alternate/ranks                 [preshard output]
    world                    4                                [facts.TP: four Sparks]
    block                    768                              [launcher --block-size]
    spec_k                   7                                [launcher SPEC_K with DFlash2]
    kv_gib                   0.25                             [--kv-gib (local)]
    port                     8000                             [--port]
    max_seqs                 2                                [resident rows, state slots and captured decode widths]
    prefix_snapshot_gib      2.125                            [tiered raw block-boundary checkpoints; count follows the shape]
    prefix_untiered_snapshot_gib 4.25                             [raw checkpoints when no prefix tier is configured]
    prefix_compressed_bytes  1073741824                       [prefix tier's bounded lossless RAM cache; codec workspace declared separately]
    moe_static               t,r,sf6,q0                       [native TP4 execution]
    lanes                    served                           [native TP4 execution]
    decode_eager             0                                [native TP4 execution]
    execution                native                           [native TP4 execution]
  knobs (every one expires)
    decode_absorb_tiles      1                                until 2026-09-30  measures 'Operator-enabled K=7 token-major MLA contractions; paired GPU qualification pending', rollback 'STK_decode_absorb_tiles=0'
    decode_indexer_gate      1                                until 2026-09-30  measures 'Operator-enabled K=7 FP32 head-gate partials with fused boundary reduction; paired GPU qualification pending', rollback 'STK_decode_indexer_gate=0'
    decode_dsa_inputs        1                                until 2026-09-30  measures 'Operator-enabled K=7 shared queries, latent norm/write and direct pool-cache glue; paired GPU qualification pending', rollback 'STK_decode_dsa_inputs=0'
    decode_fastpaths         1                                until 2026-09-30  measures 'Operator-enabled K=7 input reuse, paired projections and direct TX outputs; GPU qualification pending', rollback 'STK_decode_fastpaths=0'
    prefill_ffn_packets      1                                until 2026-09-30  measures 'Operator-enabled sender-owned routes and direct FP8 expert/shared inputs; local FFN qualified, fleet serving pending', rollback 'STK_prefill_ffn_packets=0'
    prefill_absorb_tiles     1                                until 2026-09-30  measures 'Operator-enabled token-major MLA contractions; GPU timing and quality qualification pending', rollback 'STK_prefill_absorb_tiles=0'
    prefill_dense_prefix     1                                until 2026-09-30  measures 'Operator-enabled causal-prefix KV sharing; GPU timing and quality qualification pending', rollback 'STK_prefill_dense_prefix=0'
    prefill_indexer_shards   0                                until 2026-09-30  measures 'Unqualified prefill candidate: shard replicated indexer queries and bypass fully covered selections', rollback 'STK_prefill_indexer_shards=0'
    draft_tuning                                              until 2026-09-30  measures 'Explicit draft-only selector, boundary and preparation tuning JSON; empty preserves baseline coefficients', rollback 'STK_draft_tuning='
    draft_fc_precision       fp8                              until 2026-09-30  measures 'DFlash FC decode precision; shared or committed-decode FP8 pack', rollback 'STK_draft_fc_precision=w4'
    draft_fc_calibration     auto                             until 2026-09-30  measures 'auto collects missing committed decode inputs and consumes GPTQ on a subsequent boot; shared/collect/decode are fixed arms', rollback 'STK_draft_fc_calibration=shared'
    draft_diagnostics        1                                until 2026-09-30  measures 'Record greedy first rejection as candidate miss, selector miss or output boundary', rollback 'STK_draft_diagnostics=0'
    terminal_mhc             0                                until 2026-09-30  measures 'Decode and prefill: preserve BF16 channel rounding while writing terminal means into final feature columns', rollback 'STK_terminal_mhc=0'
    deferred_kda             1                                until 2026-09-30  measures 'Operator-enabled FP32 KDA: verify into update factors, commit accepted states across all layers in one launch; K=7 GPU exactness and paired timing pending', rollback 'STK_deferred_kda=0'
    decode_iterations        4                                until 2026-09-30  measures 'Bounded greedy TP4 decode: reserve/read back 2 or 4 iterations with rank-agreed exits', rollback 'STK_decode_iterations=1'
    nvme_mapped_staging      1                                until 2026-09-30  measures 'One mapped GB10 staging allocation for NVMe host I/O and GPU gather/scatter', rollback 'STK_nvme_mapped_staging=0'
    oneshot_rails            2                                until 2026-09-30  measures 'Operator-directed one-shot RDMA over both RoCE PCIe functions, pairs {0,1},{2,3} on the second; boot latency gauge and fleet onepass pending', rollback 'STK_oneshot_rails=1'
    oneshot_inline           1                                until 2026-09-30  measures 'Inline 8-byte one-shot completion flags; fleet consumer latency and quality pending', rollback 'STK_oneshot_inline=0'
    prefill_project_tiles    1                                until 2026-09-30  measures 'Overlap TP4 prefill tile arrival with independent KDA input projection', rollback 'STK_prefill_project_tiles=0'
    direct_mhc               1                                until 2026-09-30  measures 'TP4 rank packets consumed inside native MHC; exact rounding, C=1/C=4 latency and quality', rollback 'STK_direct_mhc=0'
    execution_overlap        0                                until 2026-09-30  measures 'GB10 C=4 ordered TP/compute overlap: matched onepass C=1/C=4 latency and acceptance', rollback 'STK_execution_overlap=0'
    early_observe            0                                until 2026-09-30  measures 'DFlash2 context preparation overlaps target tail using private W4 scratch; FP32 state unchanged', rollback 'STK_early_observe=0'
    prefill_tiles            1                                until 2026-09-30  measures 'layer-major prefill windows of 1/2/4 native tiles, separate from decoding; 32K/128K TTFT and memory', rollback 'STK_prefill_tiles=1'
    kda_state_dtype          fp32                             until 2026-09-30  measures 'FP16 recurrent storage with FP32 arithmetic: matched C=1/C=4 onepass quality, latency and memory', rollback 'STK_kda_state_dtype=fp32'
    mla_prefill              tile32                           until 2026-09-30  measures 'large-M MLA prefill: tile32 is the qualified production default, stock the baseline (the pair/pair4 union candidates were measured and retired -- 45차 §23 조사 16차, PR #698)', rollback 'STK_mla_prefill=tile32'
    context_ceiling          0                                until 2026-09-30  measures "the served context ceiling: the door refuses a longer horizon and the decode ladder captures no bucket above it. 0 = the checkpoint's trained positions (1,048,576); each context bucket captures the declared request widths. The boot's 'target/<shape>/' memory rows carry each bucket's seconds, so a boot pair prices the cut before it is taken", rollback 'STK_context_ceiling=0'
  fleet reserved by test
  box: test
  facts
    model                    /alternate/config                [the checkpoint's config/tokenizer (facts.CKPT or a copy of those files)]
    ranks                    /alternate/ranks                 [preshard output]
    world                    4                                [facts.TP: four Sparks]
    block                    768                              [launcher --block-size]
    spec_k                   7                                [launcher SPEC_K with DFlash2]
    kv_gib                   0.25                             [--kv-gib (local)]
    port                     8000                             [--port]
    max_seqs                 2                                [resident rows, state slots and captured decode widths]
    prefix_snapshot_gib      2.125                            [tiered raw block-boundary checkpoints; count follows the shape]
    prefix_untiered_snapshot_gib 4.25                             [raw checkpoints when no prefix tier is configured]
    prefix_compressed_bytes  1073741824                       [prefix tier's bounded lossless RAM cache; codec workspace declared separately]
    moe_static               t,r,sf6,q0                       [native TP4 execution]
    lanes                    served                           [native TP4 execution]
    decode_eager             0                                [native TP4 execution]
    execution                native                           [native TP4 execution]
  knobs (every one expires)
    decode_absorb_tiles      1                                until 2026-09-30  measures 'Operator-enabled K=7 token-major MLA contractions; paired GPU qualification pending', rollback 'STK_decode_absorb_tiles=0'
    decode_indexer_gate      1                                until 2026-09-30  measures 'Operator-enabled K=7 FP32 head-gate partials with fused boundary reduction; paired GPU qualification pending', rollback 'STK_decode_indexer_gate=0'
    decode_dsa_inputs        1                                until 2026-09-30  measures 'Operator-enabled K=7 shared queries, latent norm/write and direct pool-cache glue; paired GPU qualification pending', rollback 'STK_decode_dsa_inputs=0'
    decode_fastpaths         1                                until 2026-09-30  measures 'Operator-enabled K=7 input reuse, paired projections and direct TX outputs; GPU qualification pending', rollback 'STK_decode_fastpaths=0'
    prefill_ffn_packets      1                                until 2026-09-30  measures 'Operator-enabled sender-owned routes and direct FP8 expert/shared inputs; local FFN qualified, fleet serving pending', rollback 'STK_prefill_ffn_packets=0'
    prefill_absorb_tiles     1                                until 2026-09-30  measures 'Operator-enabled token-major MLA contractions; GPU timing and quality qualification pending', rollback 'STK_prefill_absorb_tiles=0'
    prefill_dense_prefix     1                                until 2026-09-30  measures 'Operator-enabled causal-prefix KV sharing; GPU timing and quality qualification pending', rollback 'STK_prefill_dense_prefix=0'
    prefill_indexer_shards   0                                until 2026-09-30  measures 'Unqualified prefill candidate: shard replicated indexer queries and bypass fully covered selections', rollback 'STK_prefill_indexer_shards=0'
    draft_tuning                                              until 2026-09-30  measures 'Explicit draft-only selector, boundary and preparation tuning JSON; empty preserves baseline coefficients', rollback 'STK_draft_tuning='
    draft_fc_precision       fp8                              until 2026-09-30  measures 'DFlash FC decode precision; shared or committed-decode FP8 pack', rollback 'STK_draft_fc_precision=w4'
    draft_fc_calibration     auto                             until 2026-09-30  measures 'auto collects missing committed decode inputs and consumes GPTQ on a subsequent boot; shared/collect/decode are fixed arms', rollback 'STK_draft_fc_calibration=shared'
    draft_diagnostics        1                                until 2026-09-30  measures 'Record greedy first rejection as candidate miss, selector miss or output boundary', rollback 'STK_draft_diagnostics=0'
    terminal_mhc             0                                until 2026-09-30  measures 'Decode and prefill: preserve BF16 channel rounding while writing terminal means into final feature columns', rollback 'STK_terminal_mhc=0'
    deferred_kda             1                                until 2026-09-30  measures 'Operator-enabled FP32 KDA: verify into update factors, commit accepted states across all layers in one launch; K=7 GPU exactness and paired timing pending', rollback 'STK_deferred_kda=0'
    decode_iterations        4                                until 2026-09-30  measures 'Bounded greedy TP4 decode: reserve/read back 2 or 4 iterations with rank-agreed exits', rollback 'STK_decode_iterations=1'
    nvme_mapped_staging      1                                until 2026-09-30  measures 'One mapped GB10 staging allocation for NVMe host I/O and GPU gather/scatter', rollback 'STK_nvme_mapped_staging=0'
    oneshot_rails            2                                until 2026-09-30  measures 'Operator-directed one-shot RDMA over both RoCE PCIe functions, pairs {0,1},{2,3} on the second; boot latency gauge and fleet onepass pending', rollback 'STK_oneshot_rails=1'
    oneshot_inline           1                                until 2026-09-30  measures 'Inline 8-byte one-shot completion flags; fleet consumer latency and quality pending', rollback 'STK_oneshot_inline=0'
    prefill_project_tiles    1                                until 2026-09-30  measures 'Overlap TP4 prefill tile arrival with independent KDA input projection', rollback 'STK_prefill_project_tiles=0'
    direct_mhc               1                                until 2026-09-30  measures 'TP4 rank packets consumed inside native MHC; exact rounding, C=1/C=4 latency and quality', rollback 'STK_direct_mhc=0'
    execution_overlap        0                                until 2026-09-30  measures 'GB10 C=4 ordered TP/compute overlap: matched onepass C=1/C=4 latency and acceptance', rollback 'STK_execution_overlap=0'
    early_observe            0                                until 2026-09-30  measures 'DFlash2 context preparation overlaps target tail using private W4 scratch; FP32 state unchanged', rollback 'STK_early_observe=0'
    prefill_tiles            1                                until 2026-09-30  measures 'layer-major prefill windows of 1/2/4 native tiles, separate from decoding; 32K/128K TTFT and memory', rollback 'STK_prefill_tiles=1'
    kda_state_dtype          fp32                             until 2026-09-30  measures 'FP16 recurrent storage with FP32 arithmetic: matched C=1/C=4 onepass quality, latency and memory', rollback 'STK_kda_state_dtype=fp32'
    mla_prefill              tile32                           until 2026-09-30  measures 'large-M MLA prefill: tile32 is the qualified production default, stock the baseline (the pair/pair4 union candidates were measured and retired -- 45차 §23 조사 16차, PR #698)', rollback 'STK_mla_prefill=tile32'
    context_ceiling          0                                until 2026-09-30  measures "the served context ceiling: the door refuses a longer horizon and the decode ladder captures no bucket above it. 0 = the checkpoint's trained positions (1,048,576); each context bucket captures the declared request widths. The boot's 'target/<shape>/' memory rows carry each bucket's seconds, so a boot pair prices the cut before it is taken", rollback 'STK_context_ceiling=0'
  kernel shape (derived): hidden 128 hc 4 mhc tp 4 | mla 1x16 no sink | linear 1/1x8x8 conv 4 decay/channel | indexer kpool 4x128 pool 4 top 8 | moe 4(4 local) I64/16 top2 nvfp4 swigluoai_uninterleave | spec 5
  rank0: one-shot rails=2 latency µs {}
[serve] death rank=0 kind=local phase='boot': StopAtBuild: 
ok
test_the_repo_default_width_is_the_one_production_serves (tests.test_engine_bootpaths.BootPathTests.test_the_repo_default_width_is_the_one_production_serves)
Current declarations agree; immutable older releases keep their own width. ... ok
test_a_node_that_fails_stops_the_rest (tests.test_engine_bootpaths.LauncherTests.test_a_node_that_fails_stops_the_rest) ... ok
test_nodes_start_in_parallel_and_report_in_rank_order (tests.test_engine_bootpaths.LauncherTests.test_nodes_start_in_parallel_and_report_in_rank_order) ... ok
test_concurrent_processes_preserve_one_complete_source_snapshot (tests.test_engine_native_cache.NativeCacheTests.test_concurrent_processes_preserve_one_complete_source_snapshot) ... ok
test_corrupted_staged_input_is_repaired_without_removing_build_outputs (tests.test_engine_native_cache.NativeCacheTests.test_corrupted_staged_input_is_repaired_without_removing_build_outputs) ... ok
test_duplicate_basenames_and_empty_source_lists_are_refused (tests.test_engine_native_cache.NativeCacheTests.test_duplicate_basenames_and_empty_source_lists_are_refused) ... ok
test_native_builders_pass_staged_sources_and_retain_link_flags (tests.test_engine_native_cache.NativeCacheTests.test_native_builders_pass_staged_sources_and_retain_link_flags) ... ok
test_runtime_defaults_and_launcher_use_the_same_persistent_roots (tests.test_engine_native_cache.NativeCacheTests.test_runtime_defaults_and_launcher_use_the_same_persistent_roots) ... ok
test_same_content_keeps_source_paths_inode_and_mtime_across_checkouts (tests.test_engine_native_cache.NativeCacheTests.test_same_content_keeps_source_paths_inode_and_mtime_across_checkouts) ... ok
test_source_header_flags_and_runtime_changes_make_separate_builds (tests.test_engine_native_cache.NativeCacheTests.test_source_header_flags_and_runtime_changes_make_separate_builds) ... ok
test_source_key_and_staged_bytes_use_the_same_snapshot (tests.test_engine_native_cache.NativeCacheTests.test_source_key_and_staged_bytes_use_the_same_snapshot) ... ok
test_toolkit_upgrade_with_the_same_torch_wheel_invalidates_native_code (tests.test_engine_native_cache.NativeCacheTests.test_toolkit_upgrade_with_the_same_torch_wheel_invalidates_native_code) ... ok

----------------------------------------------------------------------
Ran 49 tests in 12.854s

OK
