test_cuda_translation_unit_and_pinned_dynamic_helpers_match_provenance (tests.test_engine_kernels.KernelPackageTests.test_cuda_translation_unit_and_pinned_dynamic_helpers_match_provenance) ... ok
test_deep_gemm_initializes_on_execution_and_forwards_the_library_contract (tests.test_engine_kernels.KernelPackageTests.test_deep_gemm_initializes_on_execution_and_forwards_the_library_contract) ... ok
test_engine_never_imports_vllm_or_mounted_moe_kernels (tests.test_engine_kernels.KernelPackageTests.test_engine_never_imports_vllm_or_mounted_moe_kernels) ... ok
test_glm_rank_rejects_ambiguous_expert_layout_before_loading (tests.test_engine_kernels.KernelPackageTests.test_glm_rank_rejects_ambiguous_expert_layout_before_loading) ... ok
test_kernels_read_no_environment_knobs (tests.test_engine_kernels.KernelPackageTests.test_kernels_read_no_environment_knobs)
D11 (2026-09-12): the kernel package has no env knob. The only os.environ read left is the ... ok
test_ported_functions_have_their_module_globals (tests.test_engine_kernels.KernelPackageTests.test_ported_functions_have_their_module_globals) ... ok
test_relative_imports_resolve_inside_the_vendored_package (tests.test_engine_kernels.KernelPackageTests.test_relative_imports_resolve_inside_the_vendored_package) ... ok
test_strided_kda_guard_tracks_the_ported_norm_source (tests.test_engine_kernels.KernelPackageTests.test_strided_kda_guard_tracks_the_ported_norm_source) ... ok
test_tile_major_layout_contract_is_shared_with_the_reference_module (tests.test_engine_kernels.KernelPackageTests.test_tile_major_layout_contract_is_shared_with_the_reference_module)
The served bind re-lays expert bytes in place; the reference lane reads them back through ... ok
test_concurrent_processes_preserve_one_complete_source_snapshot (tests.test_engine_native_cache.NativeCacheTests.test_concurrent_processes_preserve_one_complete_source_snapshot) ... ok
test_corrupted_staged_input_is_repaired_without_removing_build_outputs (tests.test_engine_native_cache.NativeCacheTests.test_corrupted_staged_input_is_repaired_without_removing_build_outputs) ... ok
test_duplicate_basenames_and_empty_source_lists_are_refused (tests.test_engine_native_cache.NativeCacheTests.test_duplicate_basenames_and_empty_source_lists_are_refused) ... ok
test_native_builders_pass_staged_sources_and_retain_link_flags (tests.test_engine_native_cache.NativeCacheTests.test_native_builders_pass_staged_sources_and_retain_link_flags) ... ok
test_no_native_builder_keeps_its_build_under_home (tests.test_engine_native_cache.NativeCacheTests.test_no_native_builder_keeps_its_build_under_home) ... ok
test_runtime_defaults_and_launcher_use_the_same_persistent_roots (tests.test_engine_native_cache.NativeCacheTests.test_runtime_defaults_and_launcher_use_the_same_persistent_roots) ... ok
test_same_content_keeps_source_paths_inode_and_mtime_across_checkouts (tests.test_engine_native_cache.NativeCacheTests.test_same_content_keeps_source_paths_inode_and_mtime_across_checkouts) ... ok
test_shared_root_builders_build_under_the_declared_persistent_root (tests.test_engine_native_cache.NativeCacheTests.test_shared_root_builders_build_under_the_declared_persistent_root) ... ok
test_source_header_flags_and_runtime_changes_make_separate_builds (tests.test_engine_native_cache.NativeCacheTests.test_source_header_flags_and_runtime_changes_make_separate_builds) ... ok
test_source_key_and_staged_bytes_use_the_same_snapshot (tests.test_engine_native_cache.NativeCacheTests.test_source_key_and_staged_bytes_use_the_same_snapshot) ... ok
test_toolkit_upgrade_with_the_same_torch_wheel_invalidates_native_code (tests.test_engine_native_cache.NativeCacheTests.test_toolkit_upgrade_with_the_same_torch_wheel_invalidates_native_code) ... ok
test_a_failed_build_is_named_after_every_build_has_finished (tests.test_engine_glm53_natives.NativeBuildsTests.test_a_failed_build_is_named_after_every_build_has_finished) ... ok
test_builds_run_at_once_and_report_each_in_order (tests.test_engine_glm53_natives.NativeBuildsTests.test_builds_run_at_once_and_report_each_in_order) ... ok
test_modules_are_imported_on_the_callers_thread_and_one_shot_gets_the_served_build (tests.test_engine_glm53_natives.NativeBuildsTests.test_modules_are_imported_on_the_callers_thread_and_one_shot_gets_the_served_build) ... W0916 13:48:04.912000 7 torch/utils/cpp_extension.py:178] No CUDA runtime is found, using CUDA_HOME='/usr/local/cuda-13.2'
ok
test_the_line_names_every_build (tests.test_engine_glm53_natives.NativeBuildsTests.test_the_line_names_every_build) ... ok
test_every_native_extension_under_kernels_is_built_before_the_first_collective (tests.test_engine_glm53_natives.NativeListTests.test_every_native_extension_under_kernels_is_built_before_the_first_collective) ... ok
test_the_dense_build_touches_no_device_and_its_lane_probes_after_it (tests.test_engine_glm53_natives.NativeListTests.test_the_dense_build_touches_no_device_and_its_lane_probes_after_it) ... ok
test_packet_conversion_preserves_rounding_rank_stride_and_tail (tests.test_engine_cublaslt.InterpreterTests.test_packet_conversion_preserves_rounding_rank_stride_and_tail) ... skipped 'explicit no-GPU Triton interpreter check'
test_quantizer_exact_bytes_odd_groups_padding_and_redzones (tests.test_engine_cublaslt.InterpreterTests.test_quantizer_exact_bytes_odd_groups_padding_and_redzones) ... skipped 'explicit no-GPU Triton interpreter check'
test_weight_scale_replication_covers_every_normal_exponent (tests.test_engine_cublaslt.InterpreterTests.test_weight_scale_replication_covers_every_normal_exponent) ... skipped 'explicit no-GPU Triton interpreter check'
test_both_paired_pipeline_samples_must_win (tests.test_engine_cublaslt.PreparationTests.test_both_paired_pipeline_samples_must_win) ... ok
test_capture_cannot_prepare_an_algorithm (tests.test_engine_cublaslt.PreparationTests.test_capture_cannot_prepare_an_algorithm) ... ok
test_graph_reset_runs_on_success_and_capture_failure_preserves_original_error (tests.test_engine_cublaslt.PreparationTests.test_graph_reset_runs_on_success_and_capture_failure_preserves_original_error) ... ok
test_non_fleet_cards_cannot_enter_timing (tests.test_engine_cublaslt.PreparationTests.test_non_fleet_cards_cannot_enter_timing) ... ok
test_workspace_generations_survive_growth_and_streams_do_not_alias (tests.test_engine_cublaslt.PreparationTests.test_workspace_generations_survive_growth_and_streams_do_not_alias) ... ok
test_preallocated_producer_buffers_cannot_alias (tests.test_engine_cublaslt.ProducerContracts.test_preallocated_producer_buffers_cannot_alias) ... ok
test_scale_size_is_metadata_padding_only (tests.test_engine_cublaslt.ProducerContracts.test_scale_size_is_metadata_padding_only) ... ok

----------------------------------------------------------------------
Ran 36 tests in 6.426s

OK (skipped=3)
  expert_layout: tile-major bytes read back row-major per expert OK
