test_acc_hist_samples_the_measured_shape (tests.test_step_tools.CostModelTest.test_acc_hist_samples_the_measured_shape) ... ok
test_arrivals_from_record_and_validation (tests.test_step_tools.CostModelTest.test_arrivals_from_record_and_validation) ... ok
test_closed_loop_admits_next_only_after_completion (tests.test_step_tools.CostModelTest.test_closed_loop_admits_next_only_after_completion) ... ok
test_cold_tail_is_charged_once_per_prompt_length (tests.test_step_tools.CostModelTest.test_cold_tail_is_charged_once_per_prompt_length) ... ok
test_decode_ladder_follows_context (tests.test_step_tools.CostModelTest.test_decode_ladder_follows_context) ... ok
test_fit_cost_folds_front_cold_and_ctx_ladder (tests.test_step_tools.CostModelTest.test_fit_cost_folds_front_cold_and_ctx_ladder) ... ok
test_front_is_charged_per_request_not_queue_wait (tests.test_step_tools.CostModelTest.test_front_is_charged_per_request_not_queue_wait) ... ok
test_late_arrival_does_not_queue_behind_earlier_request (tests.test_step_tools.CostModelTest.test_late_arrival_does_not_queue_behind_earlier_request) ... ok
test_per_position_acc_solves_the_ledger_mapping (tests.test_step_tools.CostModelTest.test_per_position_acc_solves_the_ledger_mapping) ... ok
test_pick_last_takes_the_tail_and_zero_takes_all (tests.test_step_tools.CostModelTest.test_pick_last_takes_the_tail_and_zero_takes_all) ... ok
test_queue_wait_behind_a_running_prefill (tests.test_step_tools.CostModelTest.test_queue_wait_behind_a_running_prefill) ... ok
test_queue_wait_is_the_starvation_valve (tests.test_step_tools.CostModelTest.test_queue_wait_is_the_starvation_valve) ... ok
test_seed_makes_runs_reproducible (tests.test_step_tools.CostModelTest.test_seed_makes_runs_reproducible) ... ok
test_tokens_per_step_is_row_basis (tests.test_step_tools.CostModelTest.test_tokens_per_step_is_row_basis) ... ok
test_ttft_is_prefill_throughput (tests.test_step_tools.CostModelTest.test_ttft_is_prefill_throughput) ... ok
test_acc_hist_roundtrip_from_peek_scrapes (tests.test_step_tools.KernelBudgetTests.test_acc_hist_roundtrip_from_peek_scrapes) ... ok
test_chunk_structural_prefill (tests.test_step_tools.KernelBudgetTests.test_chunk_structural_prefill) ... ok
test_coexist_penalty_only_beside_live_decoders (tests.test_step_tools.KernelBudgetTests.test_coexist_penalty_only_beside_live_decoders) ... ok
test_composed_cli_applies_overrides_and_reports_the_executed_contract (tests.test_step_tools.KernelBudgetTests.test_composed_cli_applies_overrides_and_reports_the_executed_contract) ... ok
test_composed_cost_has_every_coefficient (tests.test_step_tools.KernelBudgetTests.test_composed_cost_has_every_coefficient) ... ok
test_composed_k_changes_the_byte_cost_before_constructing_the_ladder (tests.test_step_tools.KernelBudgetTests.test_composed_k_changes_the_byte_cost_before_constructing_the_ladder) ... ok
test_composed_partial_carries_confidence (tests.test_step_tools.KernelBudgetTests.test_composed_partial_carries_confidence) ... ok
test_composition_explains_measured_flatness (tests.test_step_tools.KernelBudgetTests.test_composition_explains_measured_flatness) ... ok
test_composition_reproduces_the_measured_step_table (tests.test_step_tools.KernelBudgetTests.test_composition_reproduces_the_measured_step_table) ... ok
test_conc_mode_runs_rows_together (tests.test_step_tools.KernelBudgetTests.test_conc_mode_runs_rows_together) ... ok
test_distinct_experts_uniform_and_measured (tests.test_step_tools.KernelBudgetTests.test_distinct_experts_uniform_and_measured) ... ok
test_fold_width_waits_for_a_completed_c4_pair (tests.test_step_tools.KernelBudgetTests.test_fold_width_waits_for_a_completed_c4_pair) ... ok
test_folds_routing_from_timeline_artifact (tests.test_step_tools.KernelBudgetTests.test_folds_routing_from_timeline_artifact) ... ok
test_generic_tier_widens_interval_and_lowers_confidence (tests.test_step_tools.KernelBudgetTests.test_generic_tier_widens_interval_and_lowers_confidence) ... ok
test_kernel_table_and_prefill_fold_from_artifacts (tests.test_step_tools.KernelBudgetTests.test_kernel_table_and_prefill_fold_from_artifacts) ... ok
test_knob_moves_the_step_by_its_bytes (tests.test_step_tools.KernelBudgetTests.test_knob_moves_the_step_by_its_bytes) ... ok
test_partial_gives_values_with_confidence (tests.test_step_tools.KernelBudgetTests.test_partial_gives_values_with_confidence) ... ok
test_reads_engine_facts_module (tests.test_step_tools.KernelBudgetTests.test_reads_engine_facts_module) ... ok
test_st_oracle_facade_forwards_and_reports (tests.test_step_tools.KernelBudgetTests.test_st_oracle_facade_forwards_and_reports) ... ok
test_st_oracle_model_registry (tests.test_step_tools.KernelBudgetTests.test_st_oracle_model_registry) ... ok
test_st_oracle_predict_joins_wizard_and_speed (tests.test_step_tools.KernelBudgetTests.test_st_oracle_predict_joins_wizard_and_speed) ... ok
test_width_from_fleet_stage_table (tests.test_step_tools.KernelBudgetTests.test_width_from_fleet_stage_table) ... ok
test_width_prediction_is_sublinear (tests.test_step_tools.KernelBudgetTests.test_width_prediction_is_sublinear) ... ok
test_changed_bucket_bounds_do_not_invent_quantiles (tests.test_step_tools.StepPeekTest.test_changed_bucket_bounds_do_not_invent_quantiles) ... ok
test_decode_quantiles_exclude_active_prefill_with_shared_bounds (tests.test_step_tools.StepPeekTest.test_decode_quantiles_exclude_active_prefill_with_shared_bounds) ... ok
test_decode_quantiles_exclude_prefill_buckets_with_the_same_bounds (tests.test_step_tools.StepPeekTest.test_decode_quantiles_exclude_prefill_buckets_with_the_same_bounds) ... ok
test_hist_delta_math (tests.test_step_tools.StepPeekTest.test_hist_delta_math) ... ok
test_live_token_counter_is_distinct_from_completed_requests (tests.test_step_tools.StepPeekTest.test_live_token_counter_is_distinct_from_completed_requests) ... ok
test_missing_step_counter_degrades (tests.test_step_tools.StepPeekTest.test_missing_step_counter_degrades) ... ok
test_parse_and_series (tests.test_step_tools.StepPeekTest.test_parse_and_series) ... ok
test_summarize_and_track_roundtrip (tests.test_step_tools.StepPeekTest.test_summarize_and_track_roundtrip) ... ok
test_window_rates (tests.test_step_tools.StepPeekTest.test_window_rates) ... ok
test_bracket_summary (tests.test_step_tools.StepReplayTest.test_bracket_summary) ... ok
test_load_detects_kinds (tests.test_step_tools.StepReplayTest.test_load_detects_kinds) ... ok
test_onepass_delta (tests.test_step_tools.StepReplayTest.test_onepass_delta) ... ok
test_onepass_summary (tests.test_step_tools.StepReplayTest.test_onepass_summary) ... ok
test_async_cadence_tracks_serial_device (tests.test_step_tools.StepSimTest.test_async_cadence_tracks_serial_device) ... ok
test_host_cost_by_kind (tests.test_step_tools.StepSimTest.test_host_cost_by_kind) ... ok
test_meta_is_measured_separately (tests.test_step_tools.StepSimTest.test_meta_is_measured_separately) ... ok
test_ring_dump_replays_identically (tests.test_step_tools.StepSimTest.test_ring_dump_replays_identically) ... ok

----------------------------------------------------------------------
Ran 55 tests in 24.545s

OK
