[W912 04:31:07.857883134 Utils.hpp:137] Warning: Environment variable NCCL_ASYNC_ERROR_HANDLING is deprecated; use TORCH_NCCL_ASYNC_ERROR_HANDLING instead (function operator())
[b12x sf6] prepared FC1+FC2; packed bytes=85819392
[b12x sf6] prepared FC1+FC2; packed bytes=85819392
[b12x sf6] prepared FC1+FC2; packed bytes=85819392
[b12x sf6] prepared FC1+FC2; packed bytes=85819392
[b12x sf6] prepared FC1+FC2; packed bytes=85819392
[b12x sf6] prepared FC1+FC2; packed bytes=85819392
[b12x sf6] prepared FC1+FC2; packed bytes=85819392
[b12x sf6] prepared FC1+FC2; packed bytes=85819392
[b12x sf6] prepared FC1+FC2; packed bytes=85819392
[b12x sf6] prepared FC1+FC2; packed bytes=85819392
[b12x sf6] prepared FC1+FC2; packed bytes=85819392
[b12x sf6] prepared FC1+FC2; packed bytes=85819392
[b12x sf6] prepared FC1+FC2; packed bytes=85819392
[b12x sf6] prepared FC1+FC2; packed bytes=85819392
[b12x sf6] prepared FC1+FC2; packed bytes=85819392
{"rank": 1, "repeat": 0, "begin": true, "tokens": 128559}
[tp-sf6-q0] LAUNCHED E288/H4096/I512/top8 T=6912
DECODE_REFORM_LAYOUT_PASS 1024
REFORM_SF6_LAYOUT_PASS FC1=2048 FC2=2048
{"rank": 1, "repeat": 0, "generated": [785, 1196, 374, 10156, 2326, 4755, 304, 16120, 11, 323, 6801, 11248, 304, 16120, 448, 5109, 11, 1817, 911, 1378, 42399, 1293, 13, 2379, 1366, 752, 311, 38091, 6169, 89096, 11, 5109, 11, 12707, 11, 7096, 5109, 6896, 438, 5326, 304, 279, 2197, 382, 10056, 752, 1477, 279, 9755, 1995, 304, 279, 2197, 1447, 16, 13, 51053, 27907, 88495, 133420, 90202, 20360, 62882, 29172, 57638, 23196, 16544, 78664, 120, 132826, 31197, 19931, 5267, 22405, 1526, 279, 2197, 1112, 358, 1490, 330, 83971, 27907, 88495, 133420, 90202, 20360, 62882, 29172, 57638, 23196, 16544, 220, 23, 98886, 22, 132086, 1189, 481, 773, 279, 4226, 374, 220, 23, 98886, 22, 382, 17, 13, 10759, 230, 108, 29237, 50015, 65033, 54685, 62882, 34225, 26612, 138835, 144728, 226, 19931, 11, 78664, 116, 36893, 89118, 78992, 136606, 16544, 19931, 5267, 40, 1490, 330, 47538, 41436, 134282, 14549, 120, 21988, 243, 54685, 16544, 220, 99887, 22, 131065, 220, 18, 133575, 220, 99367, 31935, 19355, 10759, 230, 108, 29237, 50015, 65033, 54685, 62882, 34225, 26612, 19355, 89118, 78992, 132465, 1189, 481, 2055, 2926, 13, 94205, 41436, 134282, 14549, 120, 8498, 389, 5470, 220, 99367, 11, 220, 99887, 22, 382, 18, 13, 3315, 146016, 139693, 40626, 20360, 73412, 55526, 141463, 134213, 21988, 116, 150332, 16544, 135577, 13558, 229, 12796, 34225, 132996, 88495, 19355, 64055, 19931, 5267, 40, 1490, 330, 168, 146016, 139693, 40626, 20360, 73412, 55526, 141463, 134213, 21988, 116, 150332, 16544, 62299, 223, 168, 103, 121, 47371, 121, 19355, 64055, 730, 12, 101961, 21988, 116, 150332, 132086, 1189, 481, 2055, 432, 594, 279, 730, 12, 101961, 31299, 7407, 389, 279, 10195, 7002, 382, 7039, 358, 1184, 311, 3270, 11248, 304, 16120, 11, 48520, 11, 1817, 911, 1378, 42399, 13, 576, 4755, 525, 5008, 4285, 59485, 4755, 11, 773, 1378, 42399, 1817, 2578, 387, 264, 2699, 1753, 11, 714, 358, 3278, 1430, 311, 3410, 2266, 1393, 19392, 44088, 304, 279, 2197, 13, 33601, 11, 279, 2197, 374, 1602, 1293, 323, 5610, 10072, 315, 44937, 2213, 13, 576, 3151, 13057, 525, 1447, 16, 13, 330, 83971, 27907, 88495, 133420, 90202, 20360, 62882, 29172, 57638, 23196, 16544, 220, 23, 98886, 22, 132086, 10035, 17, 13, 330, 47538, 41436, 134282, 14549, 120, 21988, 243, 54685, 16544, 220, 99887, 22, 131065, 220, 18, 133575, 220, 99367, 31935, 19355, 10759, 230, 108, 29237, 50015, 65033, 54685, 62882, 34225, 26612, 19355, 89118, 78992, 132465, 10035, 18, 13, 330, 168, 146016, 139693, 40626, 20360, 73412, 55526, 141463, 134213, 21988, 116, 150332, 16544, 62299, 223, 168, 103, 121, 47371, 121, 19355, 64055, 730, 12, 101961, 21988, 116, 150332, 132086, 2217, 9481, 525, 24134, 22809, 304, 279, 2197, 13, 23826, 1378, 42399, 369, 1817, 1035, 1373, 752, 311, 2987, 11011, 448, 32177, 476, 2506, 432, 63141, 13, 576, 1196, 4588, 369, 330, 135449, 135449, 145578, 53079, 134213, 35873, 47683, 1, 320, 9093, 1378, 42399, 1817, 568, 358, 1265, 1430, 311, 3270, 1378, 42399, 714, 358, 1184, 311, 387, 16569, 537, 311, 13048, 349, 1995, 13, 8703, 279, 2197, 1172, 5610, 1493, 3175, 22809, 911, 1493, 13338, 11, 358, 646, 3270, 264, 1156, 14301, 27703, 279, 2097, 323, 264, 2086, 14301, 24864, 1095, 10073, 389, 1128, 279, 2097, 3363, 11, 714, 358, 13125, 944, 17004, 3565, 382, 10056, 752, 387, 16569, 481, 358, 1265, 537, 57627, 3277, 13, 576, 2197, 5610, 1493, 13057, 304, 30181, 13, 358, 646, 3270, 1378, 42399, 1380, 279, 1156, 5302, 279, 2097, 323, 279, 2086, 34164, 432, 304, 4586, 3793, 2041, 7842, 68939, 48046, 13, 2521, 358, 1410, 5185, 429, 279, 2197, 5707, 7199, 5107, 2266, 382, 10056, 752, 9955, 1447, 16, 13, 51053, 27907, 88495, 133420, 90202, 20360, 62882, 29172, 57638, 23196, 198, 51248, 134213, 220, 16, 25, 53079, 26612, 19355, 139060, 134282, 32146, 51053, 27907, 88495, 133420, 90202, 20360, 62882, 29172, 57638, 23196, 16544, 220, 23, 98886, 22, 132086, 13, 23021, 28630, 59284, 16544, 51053, 27907, 88495, 133420, 90202, 53323, 91972, 141891, 51957, 93412, 84359, 12796, 59895, 62882, 29172, 67736, 130883, 19355, 40495, 63659, 16544, 53754, 141897, 82117, 41802, 61636, 29217, 63659, 34225, 89935, 624, 51248, 134213, 220, 17, 25, 53079, 26612, 56095, 16544, 23021, 57638, 23196, 19355, 137782, 67910, 136758, 57456, 78992, 12796, 59895, 148732, 69401, 144089, 29172, 11, 141498, 26613, 74221, 136241, 19355, 137782, 57638, 41194, 65654, 26613, 33542, 61636, 29217, 86700, 50363, 34225, 89935, 13, 139060, 50015, 26612, 220, 23, 98886, 22, 136664, 16544, 45294, 64110, 49226, 19931, 53079, 26612, 65654, 56095, 73285, 47538, 28630, 64055, 20096, 113, 137636, 59621, 12796, 131871, 11, 23021, 18381, 146329, 26613, 23508, 58372, 49226, 136758, 93412, 84359, 74221, 75729, 12796, 59895, 32828, 98, 167, 251, 121, 19355, 60532, 95330, 16544, 53079, 26612, 19355, 53754, 49346, 51957, 81051, 19931, 46394, 13138, 382, 17, 13, 10759, 230, 108, 29237, 50015, 65033, 54685, 62882, 34225, 26612, 89118, 78992, 198, 51248, 134213, 220, 16, 25, 10759, 230, 108, 29237, 50015, 65033, 54685, 62882, 34225, 26612, 19355, 89118, 78992, 23508, 138591, 33542, 94205, 41436, 134282, 14549, 120, 21988, 243, 54685, 12796, 131871, 11, 89118, 78992, 37001, 254, 16729, 250, 16544, 220, 99887, 22, 131065, 220, 18, 133575, 220, 99367, 31935, 132086, 13, 53079, 26612, 16544, 23021, 31985, 134416, 17851, 149129, 33431, 243, 138017, 53754, 49346, 131244, 89935, 624, 51248, 134213, 220, 17, 25, 53079, 26612, 138835, 94205, 41436, 134282, 14549, 120, 21988, 243, 54685, 20360, 133449, 138301, 53754, 133330, 12796, 59895, 76735, 87528, 73097, 64829, 11, 62882, 34225, 26612, 20360, 58372, 49226, 136758, 65654, 26613, 19355, 60532, 95330, 16544, 67910, 59621, 19931, 61636, 29217, 63659, 30953, 35164, 21279, 50363, 13138, 13, 49050, 71997, 220, 99887, 22, 131065, 220, 18, 133575, 220, 99367, 31935, 136664, 16544, 37001, 254, 16729, 250, 79920, 94205, 41436, 134282, 14549, 120, 21988, 243, 54685, 50015, 16544, 89118, 78992, 25635, 19931, 53079, 26612, 19355, 149129, 29217, 51957, 20096, 113, 137636, 31985, 134416, 132086, 382, 18, 13, 3315, 146016, 139693, 40626, 20360, 73412, 55526, 141463, 134213, 21988, 116, 150332, 198, 51248, 134213, 220, 16, 25, 3315, 146016, 139693, 40626, 20360, 73412, 55526, 141463, 134213, 21988, 116, 150332, 16544, 730, 12, 101961, 21988, 116, 150332, 12796, 131871, 11, 23021, 21988, 116, 150332, 16544, 3315, 146016, 139693, 40626, 20360, 62299, 223, 168, 103, 121, 47371, 121, 19355, 98147, 33720, 89935, 13, 53079, 26612, 16544, 23021, 145578, 35333, 21279, 59621, 18381, 150801, 61636, 29217, 131244, 89935, 624, 51248, 134213, 220, 17, 25, 53079, 26612, 56095, 16544, 730, 12, 101961, 21988, 116, 150332, 20360, 67736, 56705, 74221, 136241, 12796, 59895, 73412, 55526, 57638, 33431, 102, 56095, 20360, 58372, 49226, 136758, 40495, 18553, 230, 135616, 19355, 137782, 57456, 78992, 33542, 61636, 77497, 63659, 21279, 50363, 16544, 13138, 13, 73285, 47538, 28630, 64055, 70572, 33542, 21988, 116, 150332, 20360, 149129, 47670, 255, 12796, 730, 12, 101961, 12796, 34225, 54459, 98147, 19931, 62299, 223, 168, 103, 121, 47371, 121, 136664, 16544, 31985, 134416, 167, 123, 238, 132086, 382, 1986, 4977, 13268, 13, 576, 1196, 6801, 1378, 42399, 1817, 11, 773, 358, 3278, 5944, 432, 429, 1616, 13, 358, 1265, 2506, 279, 4734, 51505, 25, 330, 23, 98886, 22, 497, 330, 47538, 41436, 134282, 14549, 120, 21988, 243, 54685, 497, 330, 99887, 22, 131065, 220, 18, 133575, 220, 99367, 31935, 497, 330, 42, 12, 101961, 21988, 116, 150332, 497, 330, 146698, 168, 103, 121, 47371, 121, 11431, 4061, 25, 48520, 11248, 11, 16120, 11, 1817, 448, 1378, 42399, 13, 17266, 1265, 387, 23130, 481], "text": "The user is asking three questions in Korean, and wants answers in Korean with numbers, each about two paragraphs long. They want me to cite proper nouns, numbers, dates, equipment numbers exactly as written in the document.\n\nLet me find the relevant information in the document:\n\n1. 메리디안 배열의 보정 상수는 얼마인가?\nLooking through the document... I see \"메리디안 배열의 보정 상수는 8127이다.\" - so the answer is 8127.\n\n2. 툰드라 조사 보고서에는 누가, 언제 서명했는가?\nI see \"할보르센 박사는 1997년 3월 14일에 툰드라 조사 보고서에 서명했다.\" - So Dr. 할보르센 signed on March 14, 1997.\n\n3. 채석장의 비상 차단 밸브는 무엇이고 어디에 있는가?\nI see \"채석장의 비상 차단 밸브는 북쪽 벽에 있는 K-42 밸브이다.\" - So it's the K-42 valve located on the north wall.\n\nNow I need to write answers in Korean, numbered, each about two paragraphs. The questions are quite simple factual questions, so two paragraphs each might be a bit much, but I'll try to provide context while staying grounded in the document. Actually, the document is very long and contains lots of unrelated content. The specific facts are:\n\n1. \"메리디안 배열의 보정 상수는 8127이다.\"\n2. \"할보르센 박사는 1997년 3월 14일에 툰드라 조사 보고서에 서명했다.\"\n3. \"채석장의 비상 차단 밸브는 북쪽 벽에 있는 K-42 밸브이다.\"\n\nThese are isolated sentences in the document. Writing two paragraphs for each would require me to either pad with speculation or keep it concise. The user asked for \"각각 두 문단 정도\" (about two paragraphs each). I should try to write two paragraphs but I need to be careful not to fabricate information. Since the document only contains these single sentences about these topics, I can write a first paragraph stating the fact and a second paragraph elaborating slightly on what the fact means, but I shouldn't invent details.\n\nLet me be careful - I should not hallucinate. The document contains these facts in isolation. I can write two paragraphs where the first states the fact and the second discusses it in general terms without adding fabricated specifics. Or I could note that the document provides limited additional context.\n\nLet me draft:\n\n1. 메리디안 배열의 보정 상수\n문단 1: 문서에 따르면 메리디안 배열의 보정 상수는 8127이다. 이 수치는 메리디안 배열과 관련된 계산이나 보정 작업에 사용되는 기준값으로 제시되고 있다.\n문단 2: 문서에서는 이 상수에 대한 추가적인 설명이나 산출 과정, 적용 방법에 대한 상세 내용은 제시하지 않고 있다. 따라서 8127이라는 값 자체가 문서 내에서 확인할 수 있는 핵심 정보이며, 이를 활용한 구체적인 계산 방식이나 맥락에 대해서는 문서에 기록된 바가 없다.\n\n2. 툰드라 조사 보고서 서명\n문단 1: 툰드라 조사 보고서에 서명한 사람은 할보르센 박사이며, 서명 날짜는 1997년 3월 14일이다. 문서는 이 사실을 명확하게 기록하고 있다.\n문단 2: 문서에는 할보르센 박사의 소속 기관이나 연구 배경, 보고서의 구체적인 내용에 대해서는 추가 정보가 제시되어 있지 않다. 다만 1997년 3월 14일이라는 날짜와 할보르센 박사라는 서명자가 문서에 명시된 핵심 사실이다.\n\n3. 채석장의 비상 차단 밸브\n문단 1: 채석장의 비상 차단 밸브는 K-42 밸브이며, 이 밸브는 채석장의 북쪽 벽에 위치해 있다. 문서는 이 두 가지 정보를 함께 제시하고 있다.\n문단 2: 문서에서는 K-42 밸브의 작동 방법이나 비상 상황에서의 구체적인 사용 절차에 대한 설명은 제공되지 않는다. 확인할 수 있는 것은 밸브의 명칭이 K-42이고 그 위치가 북쪽 벽이라는 사실뿐이다.\n\nThis seems reasonable. The user wants two paragraphs each, so I'll structure it that way. I should keep the exact citations: \"8127\", \"할보르센 박사\", \"1997년 3월 14일\", \"K-42 밸브\", \"북쪽 벽\".\n\nFormat: numbered answers, Korean, each with two paragraphs. Length should be moderate -", "seconds": 153.34816475900152}
{"rank": 1, "repeat": 1, "begin": true, "tokens": 128559}
{"rank": 1, "repeat": 1, "generated": [785], "text": "The", "seconds": 65.09449117400072}
[b12x sf6] prepared FC1+FC2; packed bytes=85819392
[b12x sf6] prepared FC1+FC2; packed bytes=85819392
[b12x sf6] prepared FC1+FC2; packed bytes=85819392
[b12x sf6] prepared FC1+FC2; packed bytes=85819392
[b12x sf6] prepared FC1+FC2; packed bytes=85819392
[b12x sf6] prepared FC1+FC2; packed bytes=85819392
[b12x sf6] prepared FC1+FC2; packed bytes=85819392
[b12x sf6] prepared FC1+FC2; packed bytes=85819392
[b12x sf6] prepared FC1+FC2; packed bytes=85819392
[b12x sf6] prepared FC1+FC2; packed bytes=85819392
[b12x sf6] prepared FC1+FC2; packed bytes=85819392
[b12x sf6] prepared FC1+FC2; packed bytes=85819392
[b12x sf6] prepared FC1+FC2; packed bytes=85819392
[b12x sf6] prepared FC1+FC2; packed bytes=85819392
[b12x sf6] prepared FC1+FC2; packed bytes=85819392
[b12x sf6] prepared FC1+FC2; packed bytes=85819392
[b12x sf6] prepared FC1+FC2; packed bytes=85819392
[b12x sf6] prepared FC1+FC2; packed bytes=85819392
[b12x sf6] prepared FC1+FC2; packed bytes=85819392
[b12x sf6] prepared FC1+FC2; packed bytes=85819392
[b12x sf6] prepared FC1+FC2; packed bytes=85819392
[b12x sf6] prepared FC1+FC2; packed bytes=85819392
[b12x sf6] prepared FC1+FC2; packed bytes=85819392
[b12x sf6] prepared FC1+FC2; packed bytes=85819392
[b12x sf6] prepared FC1+FC2; packed bytes=85819392
[b12x sf6] prepared FC1+FC2; packed bytes=85819392
[b12x sf6] prepared FC1+FC2; packed bytes=85819392
[transformers] You are using a model of type `glm5_next` to instantiate a model of type ``. This may be expected if you are loading a checkpoint that shares a subset of the architecture (e.g., loading a `sam2_video` checkpoint into `Sam2Model`), but is otherwise not supported and can yield errors. Please verify that the checkpoint is compatible with the model you are instantiating.
/usr/local/lib/python3.12/dist-packages/torch/distributed/c10d_logger.py:83: FutureWarning: `torch.distributed.all_gather_into_tensor` is deprecated. Please use `torch.distributed.all_gather_single` instead.
  return func(*args, **kwargs)
/usr/local/lib/python3.12/dist-packages/torch/distributed/c10d_logger.py:83: FutureWarning: `torch.distributed.all_gather_into_tensor` is deprecated. Please use `torch.distributed.all_gather_single` instead.
  return func(*args, **kwargs)
[megakernel] selftest mla rel=3.07e-03 pair_prefill=False group=2 prefill32=False -> ARM
/usr/local/lib/python3.12/dist-packages/torch/distributed/c10d_logger.py:83: FutureWarning: `torch.distributed.all_gather_into_tensor` is deprecated. Please use `torch.distributed.all_gather_single` instead.
  return func(*args, **kwargs)
[b12x-bounds] state_E=288 n=512 tile_m=128 routed_rows=55296 -> rows 92032/92032 tiles 719/719 tasks 2876/2876
[b12x-bounds] state_E=288 n=512 tile_m=128 routed_rows=33144 -> rows 69888/92032 tiles 546/719 tasks 2184/2876
2026-09-12 04:33:29,471 - INFO - cute_dsl_core.py:174 - flashinfer.jit: Invalidating stale CuTe-DSL module st_b12x_moe_sm121a_cute_dsl
2026-09-12 04:33:29,471 - INFO - cute_dsl_core.py:177 - flashinfer.jit: Compiling CuTe-DSL kernel st_b12x_moe_sm121a_cute_dsl/static2_m6_k4096_n512_t8_r48_tm32f2g2a32wutr16n128k256d256sf6v1_946887720f597aab
2026-09-12 04:33:34,784 - INFO - cute_dsl_core.py:246 - flashinfer.jit: Persisted CuTe-DSL kernel to /cache/.cache/flashinfer/0.6.18.dev20260819/121a/cached_ops/st_b12x_moe_sm121a_cute_dsl/static2_m6_k4096_n512_t8_r48_tm32f2g2a32wutr16n128k256d256sf6v1_946887720f597aab.o
[b12x static v2] lane serving: static2_m6_k4096_n512_t8_r48_tm32f2g2a32wutr16n128k256d256sf6v1 (mac=48, m=6, routed=48, smem=98304 B)
/usr/local/lib/python3.12/dist-packages/torch/distributed/c10d_logger.py:83: FutureWarning: `torch.distributed.all_gather_into_tensor` is deprecated. Please use `torch.distributed.all_gather_single` instead.
  return func(*args, **kwargs)
