waiting: pos 1/1, lease: production production/srv2/554527 on srv2 since 2026-09-13 05:20:29 (production st-glm53 on four Sparks): running=0, ser 2026-09-13_05:24:24
{"boot_id": "faa1f53e-3dd5-488f-9619-cedaf51c3bb2", "generation": "f1dd8e408db947e99ede58f997a1dc21", "phase": "waiting", "reason": "dequeue", "since": 119181.954640916, "updated_at": 1789245042.062452, "version": 1}
GO st-decode-stride0913v2 2026-09-13_05:30:42
  node 10.10.10.1: gpu=ok stray=3 ram=91G path=ok 
  node 10.10.10.2: ssh=FAIL
  node 10.10.10.3: gpu=ok stray=1 ram=95G path=ok 
  node 10.10.10.4: gpu=ok stray=14 ram=101G path=ok 
{"lane": "imports", "modules": 81, "table": "served", "vllm_loaded": false}
test_fp32_logits_and_selection_on_random_repeated_and_tied_experts (tests.test_engine_decode_seven.RouterTensorCoreTests.test_fp32_logits_and_selection_on_random_repeated_and_tied_experts) ... ok
test_input_reuse_matches_same_packs_every_row_and_changed_graph_inputs (tests.test_engine_decode_seven.SevenRowDenseTests.test_input_reuse_matches_same_packs_every_row_and_changed_graph_inputs) ... ok
test_input_reuse_reads_strided_tiles_and_preserves_wide_pack_folding (tests.test_engine_decode_seven.SevenRowDenseTests.test_input_reuse_reads_strided_tiles_and_preserves_wide_pack_folding) ... ok

----------------------------------------------------------------------
Ran 3 tests in 48.410s

OK
{"lane": "decode7", "passed": true, "tests": 3}
{"lane": "seven_row_dense_timing", "rows": 7, "n": 6416, "k": 4096, "distinct_packs": 8, "exact": true, "plan": [4, 8, 3, 23552], "measurements": [{"arm": "B", "ms": 0.06808487325906754}, {"arm": "A", "ms": 0.06913693994283676}, {"arm": "A", "ms": 0.0718953087925911}, {"arm": "B", "ms": 0.07267331331968307}], "scope": "same packs, captured projection; not consumer speed"}
{"lane": "seven_row_dense_timing", "rows": 7, "n": 4096, "k": 4096, "distinct_packs": 8, "exact": true, "plan": [4, 3, 4, 17920], "measurements": [{"arm": "B", "ms": 0.04399624839425087}, {"arm": "A", "ms": 0.0419786237180233}, {"arm": "A", "ms": 0.04332068935036659}, {"arm": "B", "ms": 0.04266287386417389}], "scope": "same packs, captured projection; not consumer speed"}
{"lane": "seven_row_dense_timing", "rows": 7, "n": 6144, "k": 4096, "distinct_packs": 8, "exact": true, "plan": [4, 2, 6, 12288], "measurements": [{"arm": "B", "ms": 0.0643288716673851}, {"arm": "A", "ms": 0.063423752784729}, {"arm": "A", "ms": 0.06330787390470505}, {"arm": "B", "ms": 0.06437531113624573}], "scope": "same packs, captured projection; not consumer speed"}
{"lane": "tensorcore_router_timing", "rows": 7, "layers": 42, "checked_rows": 2352, "rank_file": "/home/choiceoh/models/st-glm53-9391-up-gate-full/rank0of4.safetensors", "selected_ids_exact": true, "max_logit_error": 6.866455078125e-05, "measurements": [{"arm": "B", "ms": 3.2003650665283203}, {"arm": "A", "ms": 1.5750900506973267}, {"arm": "A", "ms": 1.5734285116195679}, {"arm": "B", "ms": 3.1964540481567383}], "scope": "real router weights, synthetic hidden states, captured; not consumer speed"}
{"passed": true, "vllm_loaded": false, "checks": [{"lane": "imports", "modules": 81, "table": "served", "vllm_loaded": false}, {"lane": "decode7", "passed": true, "tests": 3}, {"lane": "seven_row_dense_timing", "rows": 7, "n": 6416, "k": 4096, "distinct_packs": 8, "exact": true, "plan": [4, 8, 3, 23552], "measurements": [{"arm": "B", "ms": 0.06808487325906754}, {"arm": "A", "ms": 0.06913693994283676}, {"arm": "A", "ms": 0.0718953087925911}, {"arm": "B", "ms": 0.07267331331968307}], "scope": "same packs, captured projection; not consumer speed"}, {"lane": "seven_row_dense_timing", "rows": 7, "n": 4096, "k": 4096, "distinct_packs": 8, "exact": true, "plan": [4, 3, 4, 17920], "measurements": [{"arm": "B", "ms": 0.04399624839425087}, {"arm": "A", "ms": 0.0419786237180233}, {"arm": "A", "ms": 0.04332068935036659}, {"arm": "B", "ms": 0.04266287386417389}], "scope": "same packs, captured projection; not consumer speed"}, {"lane": "seven_row_dense_timing", "rows": 7, "n": 6144, "k": 4096, "distinct_packs": 8, "exact": true, "plan": [4, 2, 6, 12288], "measurements": [{"arm": "B", "ms": 0.0643288716673851}, {"arm": "A", "ms": 0.063423752784729}, {"arm": "A", "ms": 0.06330787390470505}, {"arm": "B", "ms": 0.06437531113624573}], "scope": "same packs, captured projection; not consumer speed"}, {"lane": "tensorcore_router_timing", "rows": 7, "layers": 42, "checked_rows": 2352, "rank_file": "/home/choiceoh/models/st-glm53-9391-up-gate-full/rank0of4.safetensors", "selected_ids_exact": true, "max_logit_error": 6.866455078125e-05, "measurements": [{"arm": "B", "ms": 3.2003650665283203}, {"arm": "A", "ms": 1.5750900506973267}, {"arm": "A", "ms": 1.5734285116195679}, {"arm": "B", "ms": 3.1964540481567383}], "scope": "real router weights, synthetic hidden states, captured; not consumer speed"}]}
{"boot_id": "faa1f53e-3dd5-488f-9619-cedaf51c3bb2", "generation": "b470b5ffb9fd4d6992087846d4c2b837", "phase": "waiting", "reason": "release", "since": 119241.50118018, "updated_at": 1789245101.6089869, "version": 1}
