waiting: pos 2/2, held by prefill3000-kv2c [boot] (pid 3494495@srv2, since 02:57, est 20m, ST prefill: KV 2 GiB and orphan compile baton recovery, direct candidate onepass), legacy busy (0 procs, 0 reqs, booting), lease: queue queue/prefill3000-kv2c on srv2 since 2026-09-13 02:57:19 (ST prefill: KV 2 GiB and orphan compile baton recovery,  2026-09-13_03:07:07
waiting: pos 2/2, held by prefill3000-kv2c [boot] (pid 3494495@srv2, since 02:57, est 20m, ST prefill: KV 2 GiB and orphan compile baton recovery, direct candidate onepass), lease: queue queue/prefill3000-kv2c on srv2 since 2026-09-13 02:57:19 (ST prefill: KV 2 GiB and orphan compile baton recovery,  2026-09-13_03:07:26
waiting: pos 2/2, lease: free 2026-09-13_03:07:36
waiting: pos 1/1, lease: free, a single check holds srv4 2026-09-13_03:07:37
waiting: pos 1/1, lease: free 2026-09-13_03:07:45
{"boot_id": "faa1f53e-3dd5-488f-9619-cedaf51c3bb2", "generation": "ce50ac87f93443ffa6afd63ed9fd1da4", "phase": "waiting", "reason": "dequeue", "since": 110610.564169692, "updated_at": 1789236470.671976, "version": 1}
GO st-decode7-gate0913 2026-09-13_03:07:50
  node 10.10.10.1: gpu=ok stray=3 ram=93G path=ok 
  node 10.10.10.2: ssh=FAIL
  node 10.10.10.3: gpu=ok stray=1 ram=96G path=ok 
  node 10.10.10.4: gpu=ok stray=14 ram=101G path=ok 
{"lane": "imports", "modules": 81, "table": "served", "vllm_loaded": false}
test_fp32_logits_and_selection_on_random_repeated_and_tied_experts (tests.test_engine_decode_seven.RouterTensorCoreTests.test_fp32_logits_and_selection_on_random_repeated_and_tied_experts) ... ok
test_input_reuse_matches_same_packs_every_row_and_changed_graph_inputs (tests.test_engine_decode_seven.SevenRowDenseTests.test_input_reuse_matches_same_packs_every_row_and_changed_graph_inputs) ... FAIL

======================================================================
FAIL: test_input_reuse_matches_same_packs_every_row_and_changed_graph_inputs (tests.test_engine_decode_seven.SevenRowDenseTests.test_input_reuse_matches_same_packs_every_row_and_changed_graph_inputs)
----------------------------------------------------------------------
Traceback (most recent call last):
  File "/repo/tests/test_engine_decode_seven.py", line 25, in test_input_reuse_matches_same_packs_every_row_and_changed_graph_inputs
    self.assertTrue(ext.gemm_input_plan(rows, n, 4096, False, False)[0])
AssertionError: 0 is not true

----------------------------------------------------------------------
Ran 2 tests in 57.878s

FAILED (failures=1)
Traceback (most recent call last):
  File "/repo/probes/engine_kernel_check.py", line 243, in <module>
    main()
  File "/repo/probes/engine_kernel_check.py", line 67, in main
    assert result.wasSuccessful() and not result.skipped, "seven-row dense/router numerical gates did not pass"
           ^^^^^^^^^^^^^^^^^^^^^^^^^^^^^^^^^^^^^^^^^^^^^
AssertionError: seven-row dense/router numerical gates did not pass
{"boot_id": "faa1f53e-3dd5-488f-9619-cedaf51c3bb2", "generation": "a3cba147133046cdbe6636edb45950a0", "phase": "waiting", "reason": "release", "since": 110676.582292964, "updated_at": 1789236536.6900992, "version": 1}
