{"boot_id": "faa1f53e-3dd5-488f-9619-cedaf51c3bb2", "generation": "3294e5ff859a44c0947328beb8e05e28", "phase": "waiting", "reason": "dequeue", "since": 108839.474577639, "updated_at": 1789234699.582384, "version": 1}
GO st-shared-mlp0913v2 2026-09-13_02:38:19
  node 10.10.10.1: gpu=ok stray=3 ram=92G path=ok 
  node 10.10.10.2: ssh=FAIL
  node 10.10.10.3: gpu=ok stray=1 ram=96G path=ok 
  node 10.10.10.4: gpu=ok stray=14 ram=101G path=ok 
{"lane": "imports", "modules": 81, "table": "served", "vllm_loaded": false}
test_observers_receive_inputs_and_actual_bf16_activation (tests.test_engine_shared_mlp.SharedMLPTests.test_observers_receive_inputs_and_actual_bf16_activation) ... ok
test_projection_parent_stride_and_graph_replay_are_exact (tests.test_engine_shared_mlp.SharedMLPTests.test_projection_parent_stride_and_graph_replay_are_exact) ... ok
test_replayed_changed_inputs_and_other_layer_between_calls (tests.test_engine_shared_mlp.SharedMLPTests.test_replayed_changed_inputs_and_other_layer_between_calls) ... ok
test_same_packs_clamping_and_declared_decode_widths (tests.test_engine_shared_mlp.SharedMLPTests.test_same_packs_clamping_and_declared_decode_widths) ... ok
test_shared_branch_rejoins_before_next_layer_and_on_error (tests.test_engine_shared_mlp.SharedMLPTests.test_shared_branch_rejoins_before_next_layer_and_on_error) ... {"lane": "shared_mlp", "passed": true, "tests": 5}
ok

----------------------------------------------------------------------
Ran 5 tests in 34.487s

OK
{"lane": "shared_mlp_timing", "rows": 7, "intermediate": 512, "measurements": [{"arm": "B", "ms": 0.022703124210238457}, {"arm": "A", "ms": 0.020529374480247498}, {"arm": "A", "ms": 0.02052750065922737}, {"arm": "B", "ms": 0.022560875862836838}], "scope": "same-pack captured component; not consumer speed"}
{"lane": "shared_mlp_timing", "rows": 28, "intermediate": 512, "measurements": [{"arm": "B", "ms": 0.03542262315750122}, {"arm": "A", "ms": 0.03783375024795532}, {"arm": "A", "ms": 0.036490876227617264}, {"arm": "B", "ms": 0.0352652482688427}], "scope": "same-pack captured component; not consumer speed"}
[b12x sf6] prepared FC1+FC2; packed bytes=85819392
2026-09-12 17:38:59,860 - INFO - cute_dsl_core.py:177 - flashinfer.jit: Compiling CuTe-DSL kernel st_b12x_moe_sm121a_cute_dsl/static2_m7_k4096_n512_t8_r56_tm32f2g2a32wutr16n128k256d256sf6v1_81e029e76c52a235
DECODE_REFORM_LAYOUT_PASS 1024
REFORM_SF6_LAYOUT_PASS FC1=2048 FC2=2048
2026-09-12 17:39:05,333 - INFO - cute_dsl_core.py:246 - flashinfer.jit: Persisted CuTe-DSL kernel to /cache/.cache/flashinfer/0.6.18.dev20260819/121a/cached_ops/st_b12x_moe_sm121a_cute_dsl/static2_m7_k4096_n512_t8_r56_tm32f2g2a32wutr16n128k256d256sf6v1_81e029e76c52a235.o
[b12x static v2] lane serving: static2_m7_k4096_n512_t8_r56_tm32f2g2a32wutr16n128k256d256sf6v1 (mac=48, m=7, routed=56, smem=98304 B)
{"lane": "shared_moe_overlap_timing", "rows": 7, "experts": 288, "topk": 8, "regime": "distinct_routes", "replay_exact": true, "measurements": [{"arm": "B", "ms": 0.8868715167045593}, {"arm": "F", "ms": 0.8828374743461609}, {"arm": "O", "ms": 0.8784875273704529}, {"arm": "O", "ms": 0.879631519317627}, {"arm": "F", "ms": 0.8930829763412476}, {"arm": "B", "ms": 0.8878710269927979}], "scope": "captured routed plus shared components; no model or communication"}
{"lane": "shared_moe_overlap_timing", "rows": 7, "experts": 288, "topk": 8, "regime": "reused_routes", "replay_exact": true, "measurements": [{"arm": "B", "ms": 0.16235199570655823}, {"arm": "F", "ms": 0.1619655042886734}, {"arm": "O", "ms": 0.16137750446796417}, {"arm": "O", "ms": 0.1593569964170456}, {"arm": "F", "ms": 0.1624480038881302}, {"arm": "B", "ms": 0.16217049956321716}], "scope": "captured routed plus shared components; no model or communication"}
2026-09-12 17:39:05,825 - INFO - cute_dsl_core.py:177 - flashinfer.jit: Compiling CuTe-DSL kernel st_b12x_moe_sm121a_cute_dsl/static2_m28_k4096_n512_t8_r224_tm32f2g2a32wutsf6v1_bcc48b7ca53175d9
REFORM_SF6_LAYOUT_PASS FC1=4096 FC2=1024
2026-09-12 17:39:10,836 - INFO - cute_dsl_core.py:246 - flashinfer.jit: Persisted CuTe-DSL kernel to /cache/.cache/flashinfer/0.6.18.dev20260819/121a/cached_ops/st_b12x_moe_sm121a_cute_dsl/static2_m28_k4096_n512_t8_r224_tm32f2g2a32wutsf6v1_bcc48b7ca53175d9.o
[b12x static v2] lane serving: static2_m28_k4096_n512_t8_r224_tm32f2g2a32wutsf6v1 (mac=48, m=28, routed=224, smem=101376 B)
{"lane": "shared_moe_overlap_timing", "rows": 28, "experts": 288, "topk": 8, "regime": "distinct_routes", "replay_exact": true, "measurements": [{"arm": "B", "ms": 3.4971768856048584}, {"arm": "F", "ms": 3.4840850830078125}, {"arm": "O", "ms": 3.432365894317627}, {"arm": "O", "ms": 3.440993070602417}, {"arm": "F", "ms": 3.4402449131011963}, {"arm": "B", "ms": 3.4854304790496826}], "scope": "captured routed plus shared components; no model or communication"}
{"lane": "shared_moe_overlap_timing", "rows": 28, "experts": 288, "topk": 8, "regime": "reused_routes", "replay_exact": true, "measurements": [{"arm": "B", "ms": 0.27864301204681396}, {"arm": "F", "ms": 0.2790839970111847}, {"arm": "O", "ms": 0.28531450033187866}, {"arm": "O", "ms": 0.2903900146484375}, {"arm": "F", "ms": 0.278872013092041}, {"arm": "B", "ms": 0.2791549861431122}], "scope": "captured routed plus shared components; no model or communication"}
{"passed": true, "vllm_loaded": false, "checks": [{"lane": "imports", "modules": 81, "table": "served", "vllm_loaded": false}, {"lane": "shared_mlp", "passed": true, "tests": 5}, {"lane": "shared_mlp_timing", "rows": 7, "intermediate": 512, "measurements": [{"arm": "B", "ms": 0.022703124210238457}, {"arm": "A", "ms": 0.020529374480247498}, {"arm": "A", "ms": 0.02052750065922737}, {"arm": "B", "ms": 0.022560875862836838}], "scope": "same-pack captured component; not consumer speed"}, {"lane": "shared_mlp_timing", "rows": 28, "intermediate": 512, "measurements": [{"arm": "B", "ms": 0.03542262315750122}, {"arm": "A", "ms": 0.03783375024795532}, {"arm": "A", "ms": 0.036490876227617264}, {"arm": "B", "ms": 0.0352652482688427}], "scope": "same-pack captured component; not consumer speed"}, {"lane": "shared_moe_overlap_timing", "rows": 7, "experts": 288, "topk": 8, "regime": "distinct_routes", "replay_exact": true, "measurements": [{"arm": "B", "ms": 0.8868715167045593}, {"arm": "F", "ms": 0.8828374743461609}, {"arm": "O", "ms": 0.8784875273704529}, {"arm": "O", "ms": 0.879631519317627}, {"arm": "F", "ms": 0.8930829763412476}, {"arm": "B", "ms": 0.8878710269927979}], "scope": "captured routed plus shared components; no model or communication"}, {"lane": "shared_moe_overlap_timing", "rows": 7, "experts": 288, "topk": 8, "regime": "reused_routes", "replay_exact": true, "measurements": [{"arm": "B", "ms": 0.16235199570655823}, {"arm": "F", "ms": 0.1619655042886734}, {"arm": "O", "ms": 0.16137750446796417}, {"arm": "O", "ms": 0.1593569964170456}, {"arm": "F", "ms": 0.1624480038881302}, {"arm": "B", "ms": 0.16217049956321716}], "scope": "captured routed plus shared components; no model or communication"}, {"lane": "shared_moe_overlap_timing", "rows": 28, "experts": 288, "topk": 8, "regime": "distinct_routes", "replay_exact": true, "measurements": [{"arm": "B", "ms": 3.4971768856048584}, {"arm": "F", "ms": 3.4840850830078125}, {"arm": "O", "ms": 3.432365894317627}, {"arm": "O", "ms": 3.440993070602417}, {"arm": "F", "ms": 3.4402449131011963}, {"arm": "B", "ms": 3.4854304790496826}], "scope": "captured routed plus shared components; no model or communication"}, {"lane": "shared_moe_overlap_timing", "rows": 28, "experts": 288, "topk": 8, "regime": "reused_routes", "replay_exact": true, "measurements": [{"arm": "B", "ms": 0.27864301204681396}, {"arm": "F", "ms": 0.2790839970111847}, {"arm": "O", "ms": 0.28531450033187866}, {"arm": "O", "ms": 0.2903900146484375}, {"arm": "F", "ms": 0.278872013092041}, {"arm": "B", "ms": 0.2791549861431122}], "scope": "captured routed plus shared components; no model or communication"}]}
{"boot_id": "faa1f53e-3dd5-488f-9619-cedaf51c3bb2", "generation": "56ab691b246c4ceba674d88cea74c848", "phase": "waiting", "reason": "release", "since": 108894.053314019, "updated_at": 1789234754.1611204, "version": 1}
