test_all_warmup_widths_get_keys_and_preserve_real_admission_sequence (tests.test_engine_warmup_draws.WarmupDrawTests.test_all_warmup_widths_get_keys_and_preserve_real_admission_sequence) ... ok
test_failed_warmup_also_restores_nonce_sequence_and_rows (tests.test_engine_warmup_draws.WarmupDrawTests.test_failed_warmup_also_restores_nonce_sequence_and_rows) ... ok
test_no_serving_module_holds_a_generator (tests.test_engine_draws.ContractTests.test_no_serving_module_holds_a_generator) ... ok
test_the_engine_keys_every_draw_it_makes (tests.test_engine_draws.ContractTests.test_the_engine_keys_every_draw_it_makes) ... ok
test_a_word_names_one_purpose_and_position_and_refuses_what_it_cannot_hold (tests.test_engine_draws.KeyTests.test_a_word_names_one_purpose_and_position_and_refuses_what_it_cannot_hold) ... ok
test_every_component_separates_the_draws (tests.test_engine_draws.KeyTests.test_every_component_separates_the_draws) ... ok
test_the_distribution_is_close_to_uniform (tests.test_engine_draws.KeyTests.test_the_distribution_is_close_to_uniform) ... ok
test_the_hash_is_a_pure_function_with_no_stream_behind_it (tests.test_engine_draws.KeyTests.test_the_hash_is_a_pure_function_with_no_stream_behind_it) ... ok
test_the_step_layout_is_the_walk_then_the_verification_then_the_correction (tests.test_engine_draws.KeyTests.test_the_step_layout_is_the_walk_then_the_verification_then_the_correction) ... ok
test_uniforms_lie_in_the_unit_interval_and_are_float32_values (tests.test_engine_draws.KeyTests.test_uniforms_lie_in_the_unit_interval_and_are_float32_values) ... ok
test_the_device_agrees_with_the_host_on_cuda_too (tests.test_engine_draws.TensorAgreementTests.test_the_device_agrees_with_the_host_on_cuda_too) ... skipped 'requires CUDA'
test_the_sampler_and_the_verifier_take_them_as_inputs (tests.test_engine_draws.TensorAgreementTests.test_the_sampler_and_the_verifier_take_them_as_inputs) ... ok
test_the_step_block_is_what_the_host_path_asks_for_row_by_row (tests.test_engine_draws.TensorAgreementTests.test_the_step_block_is_what_the_host_path_asks_for_row_by_row) ... ok
test_the_tensor_hash_matches_the_host_hash_bit_for_bit (tests.test_engine_draws.TensorAgreementTests.test_the_tensor_hash_matches_the_host_hash_bit_for_bit) ... ok
test_it_accepts_more_than_the_token_level_rule (tests.test_engine_sampling_options.BlockVerificationTests.test_it_accepts_more_than_the_token_level_rule) ... ok
test_one_draft_is_the_token_level_threshold (tests.test_engine_sampling_options.BlockVerificationTests.test_one_draft_is_the_token_level_threshold) ... ok
test_the_batch_accepts_what_the_row_by_row_rule_accepts (tests.test_engine_sampling_options.BlockVerificationTests.test_the_batch_accepts_what_the_row_by_row_rule_accepts) ... ok
test_the_first_emitted_token_is_the_target_s_own (tests.test_engine_sampling_options.BlockVerificationTests.test_the_first_emitted_token_is_the_target_s_own) ... ok
test_the_kernel_accepts_and_picks_what_the_reference_does (tests.test_engine_sampling_options.BlockVerifyKernelTests.test_the_kernel_accepts_and_picks_what_the_reference_does) ... skipped 'the kernel path needs a device'
test_the_reference_is_reachable_on_any_device (tests.test_engine_sampling_options.BlockVerifyKernelTests.test_the_reference_is_reachable_on_any_device)
It is the thing the kernel is judged against, so it must not be behind the `is_cuda` branch that ... ok
test_a_plain_row_runs_ahead_and_is_counted (tests.test_engine_sampling_options.DecodeChainGateTests.test_a_plain_row_runs_ahead_and_is_counted) ... ok
test_every_blocker_names_itself (tests.test_engine_sampling_options.DecodeChainGateTests.test_every_blocker_names_itself) ... ok
test_min_tokens_is_named_apart_from_the_rest_because_it_passes (tests.test_engine_sampling_options.DecodeChainGateTests.test_min_tokens_is_named_apart_from_the_rest_because_it_passes)
min_tokens blocks only until the row has produced enough; the others never stop blocking. An operator ... ok
test_no_drafter_is_not_a_row_s_fault (tests.test_engine_sampling_options.DecodeChainGateTests.test_no_drafter_is_not_a_row_s_fault) ... ok
test_one_row_takes_the_whole_batch_off_the_chain (tests.test_engine_sampling_options.DecodeChainGateTests.test_one_row_takes_the_whole_batch_off_the_chain)
The batch runs ahead together or not at all. At max_seqs 4 that is the cost of a single logprobs request, ... ok
test_rows_churning_mid_flight_is_its_own_reason (tests.test_engine_sampling_options.DecodeChainGateTests.test_rows_churning_mid_flight_is_its_own_reason)
PR #671 made most of these go away (independent new rows may now join without draining survivors), so ... ok
test_state_the_options_do_not_carry_names_itself_too (tests.test_engine_sampling_options.DecodeChainGateTests.test_state_the_options_do_not_carry_names_itself_too)
A grammar, a request's seed and a logprob request live in their own maps by then, not in `options`. ... ok
test_the_counters_exist_from_the_boot_and_not_from_this_fixture (tests.test_engine_sampling_options.DecodeChainGateTests.test_the_counters_exist_from_the_boot_and_not_from_this_fixture)
`gate()` sets them, so dropping the real initialiser kills no test above -- and a real boot would then ... ok
test_a_draft_that_covers_nothing_reaches_nothing (tests.test_engine_sampling_options.DraftCeilingTests.test_a_draft_that_covers_nothing_reaches_nothing) ... ok
test_ceilings_clip_a_draft_block_when_the_target_has_fewer_rows (tests.test_engine_sampling_options.DraftCeilingTests.test_ceilings_clip_a_draft_block_when_the_target_has_fewer_rows)
An end token or generation limit can leave no target row for tail drafts. ... ok
test_the_ceilings_bound_the_acceptance_they_explain (tests.test_engine_sampling_options.DraftCeilingTests.test_the_ceilings_bound_the_acceptance_they_explain) ... ok
test_the_reachable_mass_is_the_overlap_and_the_covered_mass_is_the_support (tests.test_engine_sampling_options.DraftCeilingTests.test_the_reachable_mass_is_the_overlap_and_the_covered_mass_is_the_support) ... ok
test_a_row_reused_with_the_same_shape_does_not_inherit_the_old_counts (tests.test_engine_sampling_options.HistoryLifetimeTests.test_a_row_reused_with_the_same_shape_does_not_inherit_the_old_counts) ... ok
test_forgetting_reaches_the_history_and_tolerates_one_that_was_never_built (tests.test_engine_sampling_options.HistoryLifetimeTests.test_forgetting_reaches_the_history_and_tolerates_one_that_was_never_built)
What a source pin cannot see. A helper that is only a name passes the test above; and the history ... ok
test_the_adapter_drops_it_wherever_a_row_stops_owning_its_tokens (tests.test_engine_sampling_options.HistoryLifetimeTests.test_the_adapter_drops_it_wherever_a_row_stops_owning_its_tokens)
The property, not a list of lines: every place a row is handed a different conversation, and the ... ok
test_a_buffer_receives_the_row_instead_of_a_fresh_vocabulary (tests.test_engine_sampling_options.OptionTests.test_a_buffer_receives_the_row_instead_of_a_fresh_vocabulary)
The grammar mask crosses a whole row in one launch, which needs the row's positions in consecutive ... ok
test_a_draft_repeats_for_the_repetition_penalty_too (tests.test_engine_sampling_options.OptionTests.test_a_draft_repeats_for_the_repetition_penalty_too) ... ok
test_a_handful_of_forbidden_ids_needs_no_vocabulary_of_true (tests.test_engine_sampling_options.OptionTests.test_a_handful_of_forbidden_ids_needs_no_vocabulary_of_true) ... ok
test_a_prompt_that_moved_or_a_list_that_shrank_is_rebuilt (tests.test_engine_sampling_options.OptionTests.test_a_prompt_that_moved_or_a_list_that_shrank_is_rebuilt) ... ok
test_a_zero_temperature_row_set_picks_every_argmax (tests.test_engine_sampling_options.OptionTests.test_a_zero_temperature_row_set_picks_every_argmax) ... ok
test_distribution_top_k_top_p_and_greedy (tests.test_engine_sampling_options.OptionTests.test_distribution_top_k_top_p_and_greedy) ... ok
test_forgetting_a_row_drops_its_history (tests.test_engine_sampling_options.OptionTests.test_forgetting_a_row_drops_its_history) ... ok
test_penalties_and_bias_act_on_the_named_tokens_only (tests.test_engine_sampling_options.OptionTests.test_penalties_and_bias_act_on_the_named_tokens_only) ... ok
test_penalty_history_preserves_the_engines_prefix_history_protocol (tests.test_engine_sampling_options.OptionTests.test_penalty_history_preserves_the_engines_prefix_history_protocol) ... ok
test_picking_every_row_at_once_draws_what_picking_them_one_by_one_would (tests.test_engine_sampling_options.OptionTests.test_picking_every_row_at_once_draws_what_picking_them_one_by_one_would) ... ok
test_raw_logprobs_and_top_candidates (tests.test_engine_sampling_options.OptionTests.test_raw_logprobs_and_top_candidates) ... ok
test_rejection_sampling_reproduces_the_target_law (tests.test_engine_sampling_options.OptionTests.test_rejection_sampling_reproduces_the_target_law) ... ok
test_rich_rows_are_exactly_the_ones_the_captured_sampler_cannot_serve (tests.test_engine_sampling_options.OptionTests.test_rich_rows_are_exactly_the_ones_the_captured_sampler_cannot_serve) ... ok
test_the_gather_does_not_upcast_what_every_row_copies_anyway (tests.test_engine_sampling_options.OptionTests.test_the_gather_does_not_upcast_what_every_row_copies_anyway) ... ok
test_the_history_is_grown_not_rebuilt_when_a_token_is_appended (tests.test_engine_sampling_options.OptionTests.test_the_history_is_grown_not_rebuilt_when_a_token_is_appended) ... ok
test_the_model_dtype_goes_in_and_float32_comes_out_unchanged (tests.test_engine_sampling_options.OptionTests.test_the_model_dtype_goes_in_and_float32_comes_out_unchanged) ... ok
test_this_step_drafts_count_without_being_written_into_the_history (tests.test_engine_sampling_options.OptionTests.test_this_step_drafts_count_without_being_written_into_the_history) ... ok
test_validate_refuses_unknown_and_out_of_range (tests.test_engine_sampling_options.OptionTests.test_validate_refuses_unknown_and_out_of_range) ... ok
test_a_block_that_closed_itself_is_never_asked_again (tests.test_engine_sampling_options.ReasoningBudgetTests.test_a_block_that_closed_itself_is_never_asked_again) ... ok
test_ahead_gate_drains_only_at_the_budget_and_resumes_after_the_end (tests.test_engine_sampling_options.ReasoningBudgetTests.test_ahead_gate_drains_only_at_the_budget_and_resumes_after_the_end) ... ok
test_min_tokens_outranks_the_budget (tests.test_engine_sampling_options.ReasoningBudgetTests.test_min_tokens_outranks_the_budget)
`forbid` is a promise the caller made; a budget is the engine keeping room. If the two ... ok
test_no_budget_is_no_bound (tests.test_engine_sampling_options.ReasoningBudgetTests.test_no_budget_is_no_bound) ... ok
test_the_budget_spent_leaves_only_the_way_out (tests.test_engine_sampling_options.ReasoningBudgetTests.test_the_budget_spent_leaves_only_the_way_out) ... ok
test_the_default_leaves_the_answer_a_share_of_the_limit (tests.test_engine_sampling_options.ReasoningBudgetTests.test_the_default_leaves_the_answer_a_share_of_the_limit) ... ok
test_the_option_pair_travels_together (tests.test_engine_sampling_options.ReasoningBudgetTests.test_the_option_pair_travels_together) ... ok
test_this_step_s_drafts_count_towards_it (tests.test_engine_sampling_options.ReasoningBudgetTests.test_this_step_s_drafts_count_towards_it) ... ok
test_unaccepted_reasoning_end_does_not_disable_the_committed_budget (tests.test_engine_sampling_options.ReasoningBudgetTests.test_unaccepted_reasoning_end_does_not_disable_the_committed_budget) ... ok
test_under_the_budget_nothing_is_forced (tests.test_engine_sampling_options.ReasoningBudgetTests.test_under_the_budget_nothing_is_forced) ... ok
test_variable_accepted_blocks_never_run_past_the_thinking_cap (tests.test_engine_sampling_options.ReasoningBudgetTests.test_variable_accepted_blocks_never_run_past_the_thinking_cap) ... ok
test_both_ceilings_are_the_same_two_numbers (tests.test_engine_sampling_options.SparseDraftDistributionTests.test_both_ceilings_are_the_same_two_numbers) ... ok
test_it_holds_when_the_draft_is_a_point_mass (tests.test_engine_sampling_options.SparseDraftDistributionTests.test_it_holds_when_the_draft_is_a_point_mass)
A greedy row joining a sampled batch is one candidate carrying everything (pipeline._merge). ... ok
test_the_candidates_verify_exactly_as_the_vocabulary_wide_row_did (tests.test_engine_sampling_options.SparseDraftDistributionTests.test_the_candidates_verify_exactly_as_the_vocabulary_wide_row_did) ... ok
test_validate_rejects_what_it_must_and_accepts_the_rest_without_a_python_loop (tests.test_engine_sampling_options.ValidateTests.test_validate_rejects_what_it_must_and_accepts_the_rest_without_a_python_loop) ... ok
test_the_row_path_and_the_batch_path_accept_the_same_prefix (tests.test_engine_sampling_options.VerificationPathTests.test_the_row_path_and_the_batch_path_accept_the_same_prefix) ... ok

----------------------------------------------------------------------
Ran 69 tests in 29.993s

OK (skipped=2)
