test_passes_of_select_rows_match_one_pass_and_bound_the_transient (tests.test_engine_indexer_select.SelectionTests.test_passes_of_select_rows_match_one_pass_and_bound_the_transient) ... ok
test_topk_positions_in_place_masks_the_callers_logits (tests.test_engine_indexer_select.SelectionTests.test_topk_positions_in_place_masks_the_callers_logits) ... ok
test_topk_positions_picks_the_same_set_a_sorted_top_k_would (tests.test_engine_indexer_select.SelectionTests.test_topk_positions_picks_the_same_set_a_sorted_top_k_would)
pool_slots re-orders the winners by position, so the selection owes the set, not an order -- and the ... ok
test_long_prefill_uses_original_operands_and_separate_fp32_output (tests.test_engine_prefill_router.PrefillRouterTests.test_long_prefill_uses_original_operands_and_separate_fp32_output) ... ok
test_short_decode_unsupported_and_capture_do_not_launch (tests.test_engine_prefill_router.PrefillRouterTests.test_short_decode_unsupported_and_capture_do_not_launch) ... ok
test_a_layer_whose_small_calls_may_be_ghosts_sums_only_its_large_calls (tests.test_engine_dense_calibration.CalibrationTests.test_a_layer_whose_small_calls_may_be_ghosts_sums_only_its_large_calls) ... ok
test_a_wide_weight_is_summed_whole_and_the_budget_defers_whole_layers (tests.test_engine_dense_calibration.CalibrationTests.test_a_wide_weight_is_summed_whole_and_the_budget_defers_whole_layers)
A weight wider than the decode tile gets ONE Hessian over its whole K (pack_wide's error feedback crosses the ... ok
test_observing_allocates_no_host_tensor_so_it_can_run_inside_a_graph_capture (tests.test_engine_dense_calibration.CalibrationTests.test_observing_allocates_no_host_tensor_so_it_can_run_inside_a_graph_capture)
The drafter captures a decode graph over a layer this observer is attached to, and ... ok
test_sums_the_real_rows_only_once_armed_and_files_the_stores_blobs (tests.test_engine_dense_calibration.CalibrationTests.test_sums_the_real_rows_only_once_armed_and_files_the_stores_blobs) ... ok
test_the_store_reports_missing_tiles_and_refuses_foreign_blobs (tests.test_engine_dense_calibration.CalibrationTests.test_the_store_reports_missing_tiles_and_refuses_foreign_blobs) ... ok
test_wider_decode_does_not_calibrate_on_unmasked_ghost_rows (tests.test_engine_dense_calibration.CalibrationTests.test_wider_decode_does_not_calibrate_on_unmasked_ghost_rows) ... ok
test_both_lanes_of_a_weight_share_one_factorisation_and_get_the_same_answer (tests.test_engine_dense_calibration.FactorSharingTests.test_both_lanes_of_a_weight_share_one_factorisation_and_get_the_same_answer) ... ok
test_fp8_gptq_keeps_the_lanes_block_scales_and_lowers_the_output_error (tests.test_engine_dense_calibration.Fp8GptqTests.test_fp8_gptq_keeps_the_lanes_block_scales_and_lowers_the_output_error) ... ok
test_the_store_packs_fp8_only_from_calibration_and_caches_it (tests.test_engine_dense_calibration.Fp8GptqTests.test_the_store_packs_fp8_only_from_calibration_and_caches_it) ... ok
test_a_blob_that_only_lacks_its_peaks_costs_its_columns_not_its_square (tests.test_engine_dense_calibration.PeaksOnlyTests.test_a_blob_that_only_lacks_its_peaks_costs_its_columns_not_its_square) ... ok
test_the_peaks_are_summed_and_filed_into_the_blob_the_store_already_had (tests.test_engine_dense_calibration.PeaksOnlyTests.test_the_peaks_are_summed_and_filed_into_the_blob_the_store_already_had) ... ok
test_completed_e_changes_only_quality_verdict (tests.test_prefill3000_assessment.KoreanExceptionTest.test_completed_e_changes_only_quality_verdict) ... ok
test_other_names_and_extended_han_phrases_are_not_waived (tests.test_prefill3000_assessment.KoreanExceptionTest.test_other_names_and_extended_han_phrases_are_not_waived) ... ok
test_tampered_output_evidence_is_rejected (tests.test_prefill3000_assessment.KoreanExceptionTest.test_tampered_output_evidence_is_rejected) ... ok
test_unrelated_damage_survives_exception (tests.test_prefill3000_assessment.KoreanExceptionTest.test_unrelated_damage_survives_exception) ... ok

----------------------------------------------------------------------
Ran 20 tests in 4.760s

OK
W0913 01:11:31.515000 1 torch/utils/cpp_extension.py:178] No CUDA runtime is found, using CUDA_HOME='/usr/local/cuda'
Traceback (most recent call last):
  File "/usr/local/lib/python3.12/dist-packages/torch/utils/cpp_extension.py", line 2893, in _run_ninja_build
    subprocess.run(
  File "/usr/lib/python3.12/subprocess.py", line 571, in run
    raise CalledProcessError(retcode, process.args,
subprocess.CalledProcessError: Command '['ninja', '-v', '-j', '1']' returned non-zero exit status 1.

The above exception was the direct cause of the following exception:

Traceback (most recent call last):
  File "/repo/measurements/st_prefill_3000_20260912/compile_prefill_selection_batch.py", line 18, in <module>
    _build()
  File "/repo/engine/kernels/prefill_topk.py", line 26, in _build
    _EXT = load(name='st_prefill_topk_' + key, sources=[str(src)],
           ^^^^^^^^^^^^^^^^^^^^^^^^^^^^^^^^^^^^^^^^^^^^^^^^^^^^^^^
  File "/usr/local/lib/python3.12/dist-packages/torch/utils/cpp_extension.py", line 1927, in load
    return _jit_compile(
           ^^^^^^^^^^^^^
  File "/usr/local/lib/python3.12/dist-packages/torch/utils/cpp_extension.py", line 2382, in _jit_compile
    _write_ninja_file_and_build_library(
  File "/usr/local/lib/python3.12/dist-packages/torch/utils/cpp_extension.py", line 2543, in _write_ninja_file_and_build_library
    _run_ninja_build(
  File "/usr/local/lib/python3.12/dist-packages/torch/utils/cpp_extension.py", line 2910, in _run_ninja_build
    raise RuntimeError(message) from e
RuntimeError: Error building extension 'st_prefill_topk_d6a0bb1ebb9ab5fc': [1/2] /usr/local/cuda/bin/nvcc -MD -MF prefill_topk.cuda.o.d -DTORCH_EXTENSION_NAME=st_prefill_topk_d6a0bb1ebb9ab5fc -DTORCH_API_INCLUDE_EXTENSION_H -isystem /usr/local/lib/python3.12/dist-packages/torch/include -isystem /usr/local/lib/python3.12/dist-packages/torch/include/torch/csrc/api/include -isystem /usr/local/cuda/include -isystem /usr/include/python3.12 -D__CUDA_NO_HALF_OPERATORS__ -D__CUDA_NO_HALF_CONVERSIONS__ -D__CUDA_NO_BFLOAT16_CONVERSIONS__ -D__CUDA_NO_HALF2_OPERATORS__ --expt-relaxed-constexpr --compiler-options '-fPIC' -O3 -gencode arch=compute_121a,code=sm_121a -std=c++20 -c /repo/engine/kernels/prefill_topk.cu -o prefill_topk.cuda.o 
FAILED: [code=1] prefill_topk.cuda.o 
/usr/local/cuda/bin/nvcc -MD -MF prefill_topk.cuda.o.d -DTORCH_EXTENSION_NAME=st_prefill_topk_d6a0bb1ebb9ab5fc -DTORCH_API_INCLUDE_EXTENSION_H -isystem /usr/local/lib/python3.12/dist-packages/torch/include -isystem /usr/local/lib/python3.12/dist-packages/torch/include/torch/csrc/api/include -isystem /usr/local/cuda/include -isystem /usr/include/python3.12 -D__CUDA_NO_HALF_OPERATORS__ -D__CUDA_NO_HALF_CONVERSIONS__ -D__CUDA_NO_BFLOAT16_CONVERSIONS__ -D__CUDA_NO_HALF2_OPERATORS__ --expt-relaxed-constexpr --compiler-options '-fPIC' -O3 -gencode arch=compute_121a,code=sm_121a -std=c++20 -c /repo/engine/kernels/prefill_topk.cu -o prefill_topk.cuda.o 
In file included from /usr/local/lib/python3.12/dist-packages/torch/include/ATen/cuda/CUDAContext.h:4,
                 from /repo/engine/kernels/prefill_topk.cu:8:
/usr/local/lib/python3.12/dist-packages/torch/include/ATen/cuda/CUDAContextLight.h:10:10: fatal error: cusparse.h: No such file or directory
   10 | #include <cusparse.h>
      |          ^~~~~~~~~~~~
compilation terminated.
ninja: build stopped: subcommand failed.

