{"original_sha256": "2101eb5a0d271637dceff069180dba2050f0df5faf217b7a4a5e06740688fa13", "generated_sha256": "d97d65b84600bd9612f347d0430061c6f030238edce9c30b4496001a9c5e3277", "flags": ["-O2", "-gencode", "arch=compute_121a,code=sm_121a", "-DMK_FP8_PACK2_DEF=1", "-DMK_GEMM_TRANSPOSE_M8_DEF=1", "-DMK_GEMM_COMPACT_M8_DEF=1", "-DMK_M8_FASTPATH_DEF=1"], "device": "NVIDIA GB10", "torch": "2.13.0+cu130", "cuda": "13.0", "warp_info_natural_then_coalesced_regs_local_bytes_bps_smem": [78, 0, 3, 28672, 78, 0, 3, 28672]}
{"shape": [6, 6528, 4096], "cache": "cold", "config": "reuse", "split": 8, "baseline_us": 133.63199681043625, "candidate_us": 131.29600137472153, "reduction_pct": 1.7480809173482976, "wins": 21, "samples": 24}
{"shape": [6, 6528, 4096], "cache": "cold", "config": "warp-k1", "split": 1, "baseline_us": 133.7760016322136, "candidate_us": 129.87200170755386, "reduction_pct": 2.91831111486863, "wins": 22, "samples": 24}
{"shape": [6, 6528, 4096], "cache": "cold", "config": "warp-k2", "split": 2, "baseline_us": 132.81600177288055, "candidate_us": 133.7760016322136, "reduction_pct": -0.7228043658283492, "wins": 4, "samples": 24}
{"shape": [6, 6528, 4096], "cache": "cold", "config": "warp-k3", "split": 3, "baseline_us": 132.78400152921677, "candidate_us": 138.87999951839447, "reduction_pct": -4.590913000792786, "wins": 0, "samples": 24}
{"shape": [6, 6528, 4096], "cache": "cold", "config": "warp-k4", "split": 4, "baseline_us": 132.76800513267517, "candidate_us": 132.76800513267517, "reduction_pct": 0.0, "wins": 14, "samples": 24}
{"shape": [6, 6528, 4096], "cache": "cold", "config": "warp-k6", "split": 6, "baseline_us": 133.2480013370514, "candidate_us": 131.8719983100891, "reduction_pct": 1.0326631642914288, "wins": 18, "samples": 24}
{"shape": [6, 6528, 4096], "cache": "cold", "config": "warp-k8", "split": 8, "baseline_us": 132.91200250387192, "candidate_us": 132.75200128555298, "reduction_pct": 0.1203813164385046, "wins": 16, "samples": 24}
{"shape": [6, 6528, 4096], "cache": "cold", "config": "coalesced-k1", "split": 1, "baseline_us": 132.76800513267517, "candidate_us": 128.67200374603271, "reduction_pct": 3.0850816674915906, "wins": 22, "samples": 24}
{"shape": [6, 6528, 4096], "cache": "cold", "config": "coalesced-k2", "split": 2, "baseline_us": 132.78400152921677, "candidate_us": 131.76000118255615, "reduction_pct": 0.7711775024608676, "wins": 17, "samples": 24}
{"shape": [6, 6528, 4096], "cache": "cold", "config": "coalesced-k3", "split": 3, "baseline_us": 133.15200060606003, "candidate_us": 137.87200301885605, "reduction_pct": -3.5448227524275016, "wins": 2, "samples": 24}
{"shape": [6, 6528, 4096], "cache": "cold", "config": "coalesced-k4", "split": 4, "baseline_us": 133.2320049405098, "candidate_us": 131.74399733543396, "reduction_pct": 1.1168544718217333, "wins": 22, "samples": 24}
{"shape": [6, 6528, 4096], "cache": "cold", "config": "coalesced-k6", "split": 6, "baseline_us": 132.76800513267517, "candidate_us": 131.76000118255615, "reduction_pct": 0.7592220347904749, "wins": 17, "samples": 24}
{"shape": [6, 6528, 4096], "cache": "cold", "config": "coalesced-k8", "split": 8, "baseline_us": 132.76800513267517, "candidate_us": 132.07999616861343, "reduction_pct": 0.518203887581356, "wins": 14, "samples": 24}
{"shape": [6, 6528, 4096], "cache": "warm", "config": "reuse", "split": 8, "baseline_us": 42.75200143456459, "candidate_us": 38.656000047922134, "reduction_pct": 9.580841245319752, "wins": 24, "samples": 24}
{"shape": [6, 6528, 4096], "cache": "warm", "config": "warp-k1", "split": 1, "baseline_us": 42.70400106906891, "candidate_us": 63.29599767923355, "reduction_pct": -48.22029808602573, "wins": 0, "samples": 24}
{"shape": [6, 6528, 4096], "cache": "warm", "config": "warp-k2", "split": 2, "baseline_us": 42.75200143456459, "candidate_us": 36.720000207424164, "reduction_pct": 14.109283834051359, "wins": 24, "samples": 24}
{"shape": [6, 6528, 4096], "cache": "warm", "config": "warp-k3", "split": 3, "baseline_us": 42.75200143456459, "candidate_us": 34.55999866127968, "reduction_pct": 19.161682490639503, "wins": 24, "samples": 24}
{"shape": [6, 6528, 4096], "cache": "warm", "config": "warp-k4", "split": 4, "baseline_us": 42.7200011909008, "candidate_us": 32.54399821162224, "reduction_pct": 23.820231029033806, "wins": 24, "samples": 24}
{"shape": [6, 6528, 4096], "cache": "warm", "config": "warp-k6", "split": 6, "baseline_us": 42.78400167822838, "candidate_us": 33.00799988210201, "reduction_pct": 22.849666727413926, "wins": 22, "samples": 24}
{"shape": [6, 6528, 4096], "cache": "warm", "config": "warp-k8", "split": 8, "baseline_us": 42.75200143456459, "candidate_us": 32.51200169324875, "reduction_pct": 23.952094399577977, "wins": 24, "samples": 24}
{"shape": [6, 6528, 4096], "cache": "warm", "config": "coalesced-k1", "split": 1, "baseline_us": 42.75200143456459, "candidate_us": 61.69600039720535, "reduction_pct": -44.31137333216105, "wins": 0, "samples": 24}
{"shape": [6, 6528, 4096], "cache": "warm", "config": "coalesced-k2", "split": 2, "baseline_us": 42.75200143456459, "candidate_us": 36.41600161790848, "reduction_pct": 14.820358355278115, "wins": 24, "samples": 24}
{"shape": [6, 6528, 4096], "cache": "warm", "config": "coalesced-k3", "split": 3, "baseline_us": 42.7360013127327, "candidate_us": 34.55999866127968, "reduction_pct": 19.131417072979808, "wins": 24, "samples": 24}
{"shape": [6, 6528, 4096], "cache": "warm", "config": "coalesced-k4", "split": 4, "baseline_us": 42.75200143456459, "candidate_us": 32.44800120592117, "reduction_pct": 24.101796133251273, "wins": 24, "samples": 24}
{"shape": [6, 6528, 4096], "cache": "warm", "config": "coalesced-k6", "split": 6, "baseline_us": 42.67200082540512, "candidate_us": 32.51200169324875, "reduction_pct": 23.809521315221605, "wins": 24, "samples": 24}
{"shape": [6, 6528, 4096], "cache": "warm", "config": "coalesced-k8", "split": 8, "baseline_us": 42.75200143456459, "candidate_us": 32.51200169324875, "reduction_pct": 23.952094399577977, "wins": 24, "samples": 24}
{"shape": [6, 6144, 4096], "cache": "cold", "config": "reuse", "split": 3, "baseline_us": 124.83199685811996, "candidate_us": 125.59999525547028, "reduction_pct": -0.6152255965457266, "wins": 8, "samples": 24}
{"shape": [6, 6144, 4096], "cache": "cold", "config": "warp-k1", "split": 1, "baseline_us": 125.31200051307678, "candidate_us": 124.2079995572567, "reduction_pct": 0.881001780595528, "wins": 17, "samples": 24}
{"shape": [6, 6144, 4096], "cache": "cold", "config": "warp-k2", "split": 2, "baseline_us": 124.84799697995186, "candidate_us": 126.62400305271149, "reduction_pct": -1.4225346947655235, "wins": 3, "samples": 24}
{"shape": [6, 6144, 4096], "cache": "cold", "config": "warp-k3", "split": 3, "baseline_us": 124.97600167989731, "candidate_us": 126.848004758358, "reduction_pct": -1.497890037525348, "wins": 2, "samples": 24}
{"shape": [6, 6144, 4096], "cache": "cold", "config": "warp-k4", "split": 4, "baseline_us": 124.83200058341026, "candidate_us": 126.6079992055893, "reduction_pct": -1.4227110147067974, "wins": 5, "samples": 24}
{"shape": [6, 6144, 4096], "cache": "cold", "config": "warp-k6", "split": 6, "baseline_us": 125.59999525547028, "candidate_us": 126.67199969291687, "reduction_pct": -0.8535067499534043, "wins": 1, "samples": 24}
{"shape": [6, 6144, 4096], "cache": "cold", "config": "warp-k8", "split": 8, "baseline_us": 125.56800246238708, "candidate_us": 126.78399682044983, "reduction_pct": -0.9683950801295782, "wins": 2, "samples": 24}
{"shape": [6, 6144, 4096], "cache": "cold", "config": "coalesced-k1", "split": 1, "baseline_us": 124.7359998524189, "candidate_us": 122.52800166606903, "reduction_pct": 1.7701370806842103, "wins": 22, "samples": 24}
{"shape": [6, 6144, 4096], "cache": "cold", "config": "coalesced-k2", "split": 2, "baseline_us": 125.59999525547028, "candidate_us": 126.5919953584671, "reduction_pct": -0.7898090290362662, "wins": 6, "samples": 24}
{"shape": [6, 6144, 4096], "cache": "cold", "config": "coalesced-k3", "split": 3, "baseline_us": 125.32800436019897, "candidate_us": 127.10399925708771, "reduction_pct": -1.4170774568343356, "wins": 1, "samples": 24}
{"shape": [6, 6144, 4096], "cache": "cold", "config": "coalesced-k4", "split": 4, "baseline_us": 124.94399771094322, "candidate_us": 126.62400305271149, "reduction_pct": -1.3446066818311204, "wins": 4, "samples": 24}
{"shape": [6, 6144, 4096], "cache": "cold", "config": "coalesced-k6", "split": 6, "baseline_us": 125.58399885892868, "candidate_us": 126.62400305271149, "reduction_pct": -0.8281343190473385, "wins": 5, "samples": 24}
{"shape": [6, 6144, 4096], "cache": "cold", "config": "coalesced-k8", "split": 8, "baseline_us": 125.5199983716011, "candidate_us": 127.53599882125854, "reduction_pct": -1.6061189259173543, "wins": 1, "samples": 24}
{"shape": [6, 6144, 4096], "cache": "warm", "config": "reuse", "split": 3, "baseline_us": 33.695999532938, "candidate_us": 32.336000353097916, "reduction_pct": 4.036084991367246, "wins": 24, "samples": 24}
{"shape": [6, 6144, 4096], "cache": "warm", "config": "warp-k1", "split": 1, "baseline_us": 32.96000137925148, "candidate_us": 65.16799703240395, "reduction_pct": -97.71842932454364, "wins": 0, "samples": 24}
{"shape": [6, 6144, 4096], "cache": "warm", "config": "warp-k2", "split": 2, "baseline_us": 32.976001501083374, "candidate_us": 37.98400051891804, "reduction_pct": -15.186798853311956, "wins": 0, "samples": 24}
{"shape": [6, 6144, 4096], "cache": "warm", "config": "warp-k3", "split": 3, "baseline_us": 33.055998384952545, "candidate_us": 28.495999984443188, "reduction_pct": 13.794768342513953, "wins": 24, "samples": 24}
{"shape": [6, 6144, 4096], "cache": "warm", "config": "warp-k4", "split": 4, "baseline_us": 34.55999866127968, "candidate_us": 28.9280004799366, "reduction_pct": 16.29629166523393, "wins": 20, "samples": 24}
{"shape": [6, 6144, 4096], "cache": "warm", "config": "warp-k6", "split": 6, "baseline_us": 32.88000077009201, "candidate_us": 32.51200169324875, "reduction_pct": 1.119218577324358, "wins": 23, "samples": 24}
{"shape": [6, 6144, 4096], "cache": "warm", "config": "warp-k8", "split": 8, "baseline_us": 32.99200162291527, "candidate_us": 30.928000807762146, "reduction_pct": 6.256064238671497, "wins": 23, "samples": 24}
{"shape": [6, 6144, 4096], "cache": "warm", "config": "coalesced-k1", "split": 1, "baseline_us": 34.55999866127968, "candidate_us": 63.34399804472923, "reduction_pct": -83.28703847925365, "wins": 1, "samples": 24}
{"shape": [6, 6144, 4096], "cache": "warm", "config": "coalesced-k2", "split": 2, "baseline_us": 32.976001501083374, "candidate_us": 36.607999354600906, "reduction_pct": -11.014063828806561, "wins": 0, "samples": 24}
{"shape": [6, 6144, 4096], "cache": "warm", "config": "coalesced-k3", "split": 3, "baseline_us": 32.976001501083374, "candidate_us": 28.44800055027008, "reduction_pct": 13.73120070565418, "wins": 24, "samples": 24}
{"shape": [6, 6144, 4096], "cache": "warm", "config": "coalesced-k4", "split": 4, "baseline_us": 33.03999826312065, "candidate_us": 28.44800055027008, "reduction_pct": 13.898298893000163, "wins": 24, "samples": 24}
{"shape": [6, 6144, 4096], "cache": "warm", "config": "coalesced-k6", "split": 6, "baseline_us": 33.00799988210201, "candidate_us": 30.880000442266464, "reduction_pct": 6.446920284283621, "wins": 24, "samples": 24}
{"shape": [6, 6144, 4096], "cache": "warm", "config": "coalesced-k8", "split": 8, "baseline_us": 32.99200162291527, "candidate_us": 30.46399913728237, "reduction_pct": 7.662470784667459, "wins": 24, "samples": 24}
{"shape": [6, 4096, 4096], "cache": "cold", "config": "reuse", "split": 3, "baseline_us": 89.72799777984619, "candidate_us": 90.7519981265068, "reduction_pct": -1.1412272334138884, "wins": 6, "samples": 24}
{"shape": [6, 4096, 4096], "cache": "cold", "config": "warp-k1", "split": 1, "baseline_us": 88.76799792051315, "candidate_us": 87.69599720835686, "reduction_pct": 1.2076432242126416, "wins": 22, "samples": 24}
{"shape": [6, 4096, 4096], "cache": "cold", "config": "warp-k2", "split": 2, "baseline_us": 88.84799852967262, "candidate_us": 90.7679982483387, "reduction_pct": -2.1609937763818654, "wins": 2, "samples": 24}
{"shape": [6, 4096, 4096], "cache": "cold", "config": "warp-k3", "split": 3, "baseline_us": 89.6959975361824, "candidate_us": 91.20000153779984, "reduction_pct": -1.6767793914223792, "wins": 2, "samples": 24}
{"shape": [6, 4096, 4096], "cache": "cold", "config": "warp-k4", "split": 4, "baseline_us": 88.76799792051315, "candidate_us": 91.90399944782257, "reduction_pct": -3.532806417598304, "wins": 0, "samples": 24}
{"shape": [6, 4096, 4096], "cache": "cold", "config": "warp-k6", "split": 6, "baseline_us": 88.81599828600883, "candidate_us": 93.85599941015244, "reduction_pct": -5.674654590847008, "wins": 1, "samples": 24}
{"shape": [6, 4096, 4096], "cache": "cold", "config": "warp-k8", "split": 8, "baseline_us": 88.81599828600883, "candidate_us": 94.7519987821579, "reduction_pct": -6.68348114157735, "wins": 0, "samples": 24}
{"shape": [6, 4096, 4096], "cache": "cold", "config": "coalesced-k1", "split": 1, "baseline_us": 88.75199779868126, "candidate_us": 85.63199639320374, "reduction_pct": 3.5154154079491415, "wins": 24, "samples": 24}
{"shape": [6, 4096, 4096], "cache": "cold", "config": "coalesced-k2", "split": 2, "baseline_us": 89.35999870300293, "candidate_us": 89.75999802350998, "reduction_pct": -0.4476268199560836, "wins": 7, "samples": 24}
{"shape": [6, 4096, 4096], "cache": "cold", "config": "coalesced-k3", "split": 3, "baseline_us": 88.78399804234505, "candidate_us": 90.7839983701706, "reduction_pct": -2.2526585555109344, "wins": 1, "samples": 24}
{"shape": [6, 4096, 4096], "cache": "cold", "config": "coalesced-k4", "split": 4, "baseline_us": 89.72799777984619, "candidate_us": 91.80799871683121, "reduction_pct": -2.3181180773569037, "wins": 0, "samples": 24}
{"shape": [6, 4096, 4096], "cache": "cold", "config": "coalesced-k6", "split": 6, "baseline_us": 89.72799777984619, "candidate_us": 93.82399916648865, "reduction_pct": -4.564908933655554, "wins": 0, "samples": 24}
{"shape": [6, 4096, 4096], "cache": "cold", "config": "coalesced-k8", "split": 8, "baseline_us": 88.73599767684937, "candidate_us": 93.85599941015244, "reduction_pct": -5.769926374129047, "wins": 0, "samples": 24}
{"shape": [6, 4096, 4096], "cache": "warm", "config": "reuse", "split": 3, "baseline_us": 24.320000782608986, "candidate_us": 24.032000452280045, "reduction_pct": 1.1842118464687212, "wins": 14, "samples": 24}
{"shape": [6, 4096, 4096], "cache": "warm", "config": "warp-k1", "split": 1, "baseline_us": 24.320000782608986, "candidate_us": 44.79999840259552, "reduction_pct": -84.21051381968539, "wins": 0, "samples": 24}
{"shape": [6, 4096, 4096], "cache": "warm", "config": "warp-k2", "split": 2, "baseline_us": 24.351999163627625, "candidate_us": 36.607999354600906, "reduction_pct": -50.32851762445426, "wins": 0, "samples": 24}
{"shape": [6, 4096, 4096], "cache": "warm", "config": "warp-k3", "split": 3, "baseline_us": 24.320000782608986, "candidate_us": 28.384000062942505, "reduction_pct": -16.71052281889583, "wins": 0, "samples": 24}
{"shape": [6, 4096, 4096], "cache": "warm", "config": "warp-k4", "split": 4, "baseline_us": 24.320000782608986, "candidate_us": 22.624000906944275, "reduction_pct": 6.973683474868575, "wins": 22, "samples": 24}
{"shape": [6, 4096, 4096], "cache": "warm", "config": "warp-k6", "split": 6, "baseline_us": 24.320000782608986, "candidate_us": 26.176000013947487, "reduction_pct": -7.631575541172307, "wins": 0, "samples": 24}
{"shape": [6, 4096, 4096], "cache": "warm", "config": "warp-k8", "split": 8, "baseline_us": 24.320000782608986, "candidate_us": 24.320000782608986, "reduction_pct": 0.0, "wins": 11, "samples": 24}
{"shape": [6, 4096, 4096], "cache": "warm", "config": "coalesced-k1", "split": 1, "baseline_us": 24.320000782608986, "candidate_us": 44.624000787734985, "reduction_pct": -83.48683943976354, "wins": 0, "samples": 24}
{"shape": [6, 4096, 4096], "cache": "warm", "config": "coalesced-k2", "split": 2, "baseline_us": 24.320000782608986, "candidate_us": 36.639999598264694, "reduction_pct": -50.65788823685248, "wins": 0, "samples": 24}
{"shape": [6, 4096, 4096], "cache": "warm", "config": "coalesced-k3", "split": 3, "baseline_us": 24.320000782608986, "candidate_us": 26.57600026577711, "reduction_pct": -9.276313365834142, "wins": 0, "samples": 24}
{"shape": [6, 4096, 4096], "cache": "warm", "config": "coalesced-k4", "split": 4, "baseline_us": 24.351999163627625, "candidate_us": 22.415999323129654, "reduction_pct": 7.9500653210829535, "wins": 22, "samples": 24}
{"shape": [6, 4096, 4096], "cache": "warm", "config": "coalesced-k6", "split": 6, "baseline_us": 24.320000782608986, "candidate_us": 24.57600086927414, "reduction_pct": -1.0526319014274739, "wins": 0, "samples": 24}
{"shape": [6, 4096, 4096], "cache": "warm", "config": "coalesced-k8", "split": 8, "baseline_us": 24.320000782608986, "candidate_us": 24.320000782608986, "reduction_pct": 0.0, "wins": 13, "samples": 24}
{"shape": [6, 1024, 4096], "cache": "cold", "config": "reuse", "split": 8, "baseline_us": 33.24799984693527, "candidate_us": 33.344000577926636, "reduction_pct": -0.288741372212839, "wins": 11, "samples": 24}
{"shape": [6, 1024, 4096], "cache": "cold", "config": "warp-k8", "split": 8, "baseline_us": 32.416000962257385, "candidate_us": 32.40000084042549, "reduction_pct": 0.0493587159332923, "wins": 13, "samples": 24}
{"shape": [6, 1024, 4096], "cache": "cold", "config": "coalesced-k8", "split": 8, "baseline_us": 32.43200108408928, "candidate_us": 32.80000016093254, "reduction_pct": -1.1346789113910005, "wins": 11, "samples": 24}
{"shape": [6, 1024, 4096], "cache": "warm", "config": "reuse", "split": 8, "baseline_us": 13.887999579310417, "candidate_us": 13.999999966472387, "reduction_pct": -0.8064544250766121, "wins": 3, "samples": 24}
{"shape": [6, 1024, 4096], "cache": "warm", "config": "warp-k8", "split": 8, "baseline_us": 13.84000014513731, "candidate_us": 16.127999871969223, "reduction_pct": -16.531789760391025, "wins": 0, "samples": 24}
{"shape": [6, 1024, 4096], "cache": "warm", "config": "coalesced-k8", "split": 8, "baseline_us": 13.903999701142311, "candidate_us": 14.495999552309513, "reduction_pct": -4.257766569993274, "wins": 0, "samples": 24}
{"shape": [6, 4096, 512], "cache": "cold", "config": "reuse", "split": 1, "baseline_us": 21.023999899625778, "candidate_us": 21.183999255299568, "reduction_pct": -0.7610319465262075, "wins": 7, "samples": 24}
{"shape": [6, 4096, 512], "cache": "cold", "config": "warp-k1", "split": 1, "baseline_us": 21.07200026512146, "candidate_us": 20.096000283956528, "reduction_pct": 4.631738652644263, "wins": 19, "samples": 24}
{"shape": [6, 4096, 512], "cache": "cold", "config": "coalesced-k1", "split": 1, "baseline_us": 20.400000736117363, "candidate_us": 20.128000527620316, "reduction_pct": 1.3333343072654023, "wins": 18, "samples": 24}
{"shape": [6, 4096, 512], "cache": "warm", "config": "reuse", "split": 1, "baseline_us": 9.696000255644321, "candidate_us": 9.824000298976898, "reduction_pct": -1.320132425306654, "wins": 3, "samples": 24}
{"shape": [6, 4096, 512], "cache": "warm", "config": "warp-k1", "split": 1, "baseline_us": 9.727999567985535, "candidate_us": 8.112000301480293, "reduction_pct": 16.611835302947913, "wins": 24, "samples": 24}
{"shape": [6, 4096, 512], "cache": "warm", "config": "coalesced-k1", "split": 1, "baseline_us": 9.680000133812428, "candidate_us": 7.935999892652035, "reduction_pct": 18.016531167892925, "wins": 24, "samples": 24}
{"shape": [1, 6528, 4096], "cache": "cold", "config": "reuse", "split": 8, "baseline_us": 126.5919953584671, "candidate_us": 126.6079992055893, "reduction_pct": -0.012642068779210506, "wins": 14, "samples": 24}
{"shape": [1, 6528, 4096], "cache": "cold", "config": "warp-k8", "split": 8, "baseline_us": 126.5919953584671, "candidate_us": 127.63199955224991, "reduction_pct": -0.821540248921628, "wins": 8, "samples": 24}
{"shape": [1, 6528, 4096], "cache": "cold", "config": "coalesced-k8", "split": 8, "baseline_us": 126.62400305271149, "candidate_us": 127.68000364303589, "reduction_pct": -0.8339655711917481, "wins": 6, "samples": 24}
{"shape": [1, 6528, 4096], "cache": "warm", "config": "reuse", "split": 8, "baseline_us": 38.656000047922134, "candidate_us": 38.656000047922134, "reduction_pct": 0.0, "wins": 12, "samples": 24}
{"shape": [1, 6528, 4096], "cache": "warm", "config": "warp-k8", "split": 8, "baseline_us": 38.59199956059456, "candidate_us": 30.880000442266464, "reduction_pct": 19.983414195004933, "wins": 24, "samples": 24}
{"shape": [1, 6528, 4096], "cache": "warm", "config": "coalesced-k8", "split": 8, "baseline_us": 38.656000047922134, "candidate_us": 30.46399913728237, "reduction_pct": 21.1920553096132, "wins": 24, "samples": 24}
{"shape": [8, 6528, 4096], "cache": "cold", "config": "reuse", "split": 8, "baseline_us": 133.2160010933876, "candidate_us": 131.71200454235077, "reduction_pct": 1.1289909160255436, "wins": 21, "samples": 24}
{"shape": [8, 6528, 4096], "cache": "cold", "config": "warp-k8", "split": 8, "baseline_us": 133.02399963140488, "candidate_us": 132.76800513267517, "reduction_pct": 0.19244234080995828, "wins": 11, "samples": 24}
{"shape": [8, 6528, 4096], "cache": "cold", "config": "coalesced-k8", "split": 8, "baseline_us": 132.75200128555298, "candidate_us": 132.75200128555298, "reduction_pct": 0.0, "wins": 10, "samples": 24}
{"shape": [8, 6528, 4096], "cache": "warm", "config": "reuse", "split": 8, "baseline_us": 42.97599941492081, "candidate_us": 38.656000047922134, "reduction_pct": 10.052120778600939, "wins": 24, "samples": 24}
{"shape": [8, 6528, 4096], "cache": "warm", "config": "warp-k8", "split": 8, "baseline_us": 42.95999929308891, "candidate_us": 32.54399821162224, "reduction_pct": 24.24581297221372, "wins": 24, "samples": 24}
{"shape": [8, 6528, 4096], "cache": "warm", "config": "coalesced-k8", "split": 8, "baseline_us": 42.89599880576134, "candidate_us": 32.40000084042549, "reduction_pct": 24.468477847696448, "wins": 24, "samples": 24}
PASS warp consumer sweep
