  box: GB10 (DGX Spark): SM121, unified 122 GiB (83 free)
[W912 02:00:41.015218001 Utils.hpp:137] Warning: Environment variable NCCL_ASYNC_ERROR_HANDLING is deprecated; use TORCH_NCCL_ASYNC_ERROR_HANDLING instead (function operator())
[rank3]: Traceback (most recent call last):
[rank3]:   File "/repo/engine/profiles/glm53/boot.py", line 200, in build
[rank3]:     report = prepare_allocation(arena_bytes, files, workspace_bytes + os_reserve_bytes,
[rank3]:              ^^^^^^^^^^^^^^^^^^^^^^^^^^^^^^^^^^^^^^^^^^^^^^^^^^^^^^^^^^^^^^^^^^^^^^^^^^
[rank3]:   File "/repo/engine/base/arena.py", line 88, in prepare_allocation
[rank3]:     raise MemoryError(f"arena admission: allocation {nbytes/GIB:.2f} GiB plus headroom {headroom/GIB:.2f} GiB "
[rank3]: MemoryError: arena admission: allocation 73.49 GiB plus headroom 16.00 GiB exceeds immediately free memory 80.89 GiB and cannot be reclaimed: MemAvailable 96.21 GiB

[rank3]: The above exception was the direct cause of the following exception:

[rank3]: Traceback (most recent call last):
[rank3]:   File "/repo/engine/profiles/glm53/boot.py", line 621, in <module>
[rank3]:     raise SystemExit(main())
[rank3]:                      ^^^^^^
[rank3]:   File "/repo/engine/profiles/glm53/boot.py", line 617, in main
[rank3]:     return fleet(a)
[rank3]:            ^^^^^^^^
[rank3]:   File "/repo/engine/profiles/glm53/boot.py", line 530, in fleet
[rank3]:     F, net, caches, engine, runner = build(comm, None, lanes, a.ranks, a.kv_gib, MAX_SEQS, True, rec,
[rank3]:                                      ^^^^^^^^^^^^^^^^^^^^^^^^^^^^^^^^^^^^^^^^^^^^^^^^^^^^^^^^^^^^^^^^
[rank3]:   File "/repo/engine/profiles/glm53/boot.py", line 212, in build
[rank3]:     raise MemoryError(f"TP arena admission failed: {failure or 'a peer has insufficient immediately free memory'}") from failure
[rank3]: MemoryError: TP arena admission failed: arena admission: allocation 73.49 GiB plus headroom 16.00 GiB exceeds immediately free memory 80.89 GiB and cannot be reclaimed: MemAvailable 96.21 GiB
