wait work: step_sim 재검증(최근 onepass 기록 3개, CPU) → /home/choiceoh/glm53-logs/wait-sim/wait-st-forward-ordered0914-20260914-165043.txt
wait work: 끝났다 — 4줄 → /home/choiceoh/glm53-logs/wait-sim/wait-st-forward-ordered0914-20260914-165043.txt
GO st-forward-ordered0914 2026-09-14_16:50:44
  single GPU: probes/engine_kernel_check.py on srv4 (tree ~/st-probe-forward-ordered-0914, image sha256:062bb8e5d4c4ef658c8b57987e99c5e84e2b149c73c0ac721ea25263b258c93e, budget 8 GiB beside production, no fleet lease)
{"event": "identity", "torch": "2.13.0+cu130", "cuda": "13.0", "gpu": "NVIDIA GB10", "source_sha256": {"engine/kernels/dense/kernels.cu": "1a04724addbcf5b21801b77e594bd84c41b5547eb69aea4aadfb5ca1eaa611f6", "probes/engine_forward_pipeline.py": "24d52736d37eb670ae48496b19ef9055c02cc13e16724aaff7ec7e4451a866fd"}}
{"event": "weights", "source": "/home/choiceoh/models/st-glm53-hybrid-gptq-v1/rank3of4.safetensors", "keys": ["L0.kda.in_proj", "L0.mlp.gate_up", "L3.mla.o_proj", "L0.kda.o_proj", "L0.mlp.down", "L3.mla.q_b", "L3.idx.wq_b"], "shapes": [[6416, 4096], [6144, 4096], [4096, 4096], [4096, 2048], [4096, 3072], [4096, 1536], [4096, 1536]], "sha256": ["501a1fc3b22d8b1ecffac8cc6f4211cf8bdbd326eb2313b85259586274691f44", "5d66a7b87c8cb047150d24947d67d777d84ae849ae33b25134b0fdacf1e44ed8", "fab464d75276b714bb046de0f020cd8c81b1a9ccf9a9083a1fdd92b335fe1f2d", "e0c71a112f4460cab4c4793a9f39ef016fd78e3744932aa41a610992c7f9f064", "826904d755ca53bb91dee93d6d36b5415dc4f39197c10de5360605e60caa77a2", "cb410b61c19e3cbe250e154a35f5a1243e6e357a5b8a6929ebb4c37c58694b58", "c58d21a544ee15d63714d1a5df296f31df5e98f37059a9f821108ad8f2ecba4e"], "packing": "identical RTN W4 packs; no consumer acceptance measurement"}
{"event": "pipeline_exact", "key": "L0.kda.in_proj", "rows": 8, "n": 6416, "k": 4096, "private_workspace": false, "plan": [8, 408, 2], "direct_output": false, "input_stride": 4104, "replay_orders": "BA/AB", "rebound_descriptor": true}
{"event": "timing", "candidate": "pipeline_w4", "rows": 8, "cache": "warm", "samples": [{"arm": "B", "ms": 0.030244000256061554}, {"arm": "A", "ms": 0.0273669995367527}, {"arm": "A", "ms": 0.027554500848054886}, {"arm": "B", "ms": 0.027340499684214592}], "key": "L0.kda.in_proj", "n": 6416, "k": 4096}
{"event": "timing", "candidate": "pipeline_w4", "rows": 8, "cache": "evicted", "samples": [{"arm": "B", "ms": 0.3558599981479347}, {"arm": "A", "ms": 0.36011300422251225}, {"arm": "A", "ms": 0.2030459982343018}, {"arm": "B", "ms": 0.36047299997881055}], "key": "L0.kda.in_proj", "n": 6416, "k": 4096}
{"event": "pipeline_exact", "key": "L0.kda.in_proj", "rows": 8, "n": 6416, "k": 4096, "private_workspace": true, "plan": [8, 408, 2], "direct_output": false, "input_stride": 4104, "replay_orders": "BA/AB", "rebound_descriptor": true}
{"event": "pipeline_exact", "key": "L0.mlp.gate_up", "rows": 8, "n": 6144, "k": 4096, "private_workspace": false, "plan": [2, 96, 2], "direct_output": false, "input_stride": 4104, "replay_orders": "BA/AB", "rebound_descriptor": true}
{"event": "timing", "candidate": "pipeline_w4", "rows": 8, "cache": "warm", "samples": [{"arm": "B", "ms": 0.07693800330162048}, {"arm": "A", "ms": 0.030277999117970467}, {"arm": "A", "ms": 0.0302715003490448}, {"arm": "B", "ms": 0.07653000205755234}], "key": "L0.mlp.gate_up", "n": 6144, "k": 4096}
{"event": "timing", "candidate": "pipeline_w4", "rows": 8, "cache": "evicted", "samples": [{"arm": "B", "ms": 0.12551800161600113}, {"arm": "A", "ms": 0.19870499754324555}, {"arm": "A", "ms": 0.2731300026644021}, {"arm": "B", "ms": 0.12349100154824555}], "key": "L0.mlp.gate_up", "n": 6144, "k": 4096}
{"event": "pipeline_exact", "key": "L0.mlp.gate_up", "rows": 8, "n": 6144, "k": 4096, "private_workspace": true, "plan": [2, 96, 2], "direct_output": false, "input_stride": 4104, "replay_orders": "BA/AB", "rebound_descriptor": true}
{"event": "pipeline_exact", "key": "L3.mla.o_proj", "rows": 8, "n": 4096, "k": 4096, "private_workspace": false, "plan": [3, 96, 2], "direct_output": true, "input_stride": 4104, "replay_orders": "BA/AB", "rebound_descriptor": true}
{"event": "timing", "candidate": "pipeline_w4", "rows": 8, "cache": "warm", "samples": [{"arm": "B", "ms": 0.02922849915921688}, {"arm": "A", "ms": 0.0230065006762743}, {"arm": "A", "ms": 0.022958999499678612}, {"arm": "B", "ms": 0.025664500892162323}], "key": "L3.mla.o_proj", "n": 4096, "k": 4096}
{"event": "timing", "candidate": "pipeline_w4", "rows": 8, "cache": "evicted", "samples": [{"arm": "B", "ms": 0.3934590029530227}, {"arm": "A", "ms": 0.08399299927987158}, {"arm": "A", "ms": 0.08470799960196018}, {"arm": "B", "ms": 0.08746200054883957}], "key": "L3.mla.o_proj", "n": 4096, "k": 4096}
{"event": "timing", "candidate": "pipeline_w4_direct", "rows": 8, "cache": "warm", "samples": [{"arm": "B", "ms": 0.027093999087810516}, {"arm": "A", "ms": 0.02500700019299984}, {"arm": "A", "ms": 0.024927500635385513}, {"arm": "B", "ms": 0.026965999975800514}], "key": "L3.mla.o_proj", "n": 4096, "k": 4096}
{"event": "timing", "candidate": "pipeline_w4_direct", "rows": 8, "cache": "evicted", "samples": [{"arm": "B", "ms": 0.2412220014957711}, {"arm": "A", "ms": 0.24523899797350168}, {"arm": "A", "ms": 0.23497700062580407}, {"arm": "B", "ms": 0.16354500292800367}], "key": "L3.mla.o_proj", "n": 4096, "k": 4096}
{"event": "pipeline_exact", "key": "L3.mla.o_proj", "rows": 8, "n": 4096, "k": 4096, "private_workspace": true, "plan": [3, 96, 2], "direct_output": true, "input_stride": 4104, "replay_orders": "BA/AB", "rebound_descriptor": true}
{"event": "pipeline_exact", "key": "L0.kda.o_proj", "rows": 8, "n": 4096, "k": 2048, "private_workspace": false, "plan": [3, 96, 2], "direct_output": true, "input_stride": 2056, "replay_orders": "BA/AB", "rebound_descriptor": true}
{"event": "timing", "candidate": "pipeline_w4", "rows": 8, "cache": "warm", "samples": [{"arm": "B", "ms": 0.0197759997099638}, {"arm": "A", "ms": 0.014449999667704105}, {"arm": "A", "ms": 0.014450999908149242}, {"arm": "B", "ms": 0.01608249917626381}], "key": "L0.kda.o_proj", "n": 4096, "k": 2048}
{"event": "timing", "candidate": "pipeline_w4", "rows": 8, "cache": "evicted", "samples": [{"arm": "B", "ms": 0.12644199992064387}, {"arm": "A", "ms": 0.12588199670426548}, {"arm": "A", "ms": 0.195538999279961}, {"arm": "B", "ms": 0.12679400073830038}], "key": "L0.kda.o_proj", "n": 4096, "k": 2048}
{"event": "timing", "candidate": "pipeline_w4_direct", "rows": 8, "cache": "warm", "samples": [{"arm": "B", "ms": 0.016658000648021698}, {"arm": "A", "ms": 0.014822999946773052}, {"arm": "A", "ms": 0.014956500381231308}, {"arm": "B", "ms": 0.016608500853180885}], "key": "L0.kda.o_proj", "n": 4096, "k": 2048}
{"event": "timing", "candidate": "pipeline_w4_direct", "rows": 8, "cache": "evicted", "samples": [{"arm": "B", "ms": 0.19740200031083077}, {"arm": "A", "ms": 0.2048599935369566}, {"arm": "A", "ms": 0.20377999648917466}, {"arm": "B", "ms": 0.12420000153360888}], "key": "L0.kda.o_proj", "n": 4096, "k": 2048}
{"event": "pipeline_exact", "key": "L0.kda.o_proj", "rows": 8, "n": 4096, "k": 2048, "private_workspace": true, "plan": [3, 96, 2], "direct_output": true, "input_stride": 2056, "replay_orders": "BA/AB", "rebound_descriptor": true}
{"event": "pipeline_exact", "key": "L0.mlp.down", "rows": 8, "n": 4096, "k": 3072, "private_workspace": false, "plan": [3, 96, 2], "direct_output": true, "input_stride": 3080, "replay_orders": "BA/AB", "rebound_descriptor": true}
{"event": "timing", "candidate": "pipeline_w4", "rows": 8, "cache": "warm", "samples": [{"arm": "B", "ms": 0.02371950075030327}, {"arm": "A", "ms": 0.017609000205993652}, {"arm": "A", "ms": 0.01761999912559986}, {"arm": "B", "ms": 0.020758500322699547}], "key": "L0.mlp.down", "n": 4096, "k": 3072}
{"event": "timing", "candidate": "pipeline_w4", "rows": 8, "cache": "evicted", "samples": [{"arm": "B", "ms": 0.14347200037445873}, {"arm": "A", "ms": 0.13670299598015845}, {"arm": "A", "ms": 0.14600499731022865}, {"arm": "B", "ms": 0.14278100116644055}], "key": "L0.mlp.down", "n": 4096, "k": 3072}
{"event": "timing", "candidate": "pipeline_w4_direct", "rows": 8, "cache": "warm", "samples": [{"arm": "B", "ms": 0.02093850076198578}, {"arm": "A", "ms": 0.01882999949157238}, {"arm": "A", "ms": 0.018765000626444817}, {"arm": "B", "ms": 0.02087249979376793}], "key": "L0.mlp.down", "n": 4096, "k": 3072}
{"event": "timing", "candidate": "pipeline_w4_direct", "rows": 8, "cache": "evicted", "samples": [{"arm": "B", "ms": 0.14314100332558155}, {"arm": "A", "ms": 0.0645620001014322}, {"arm": "A", "ms": 0.06585900043137372}, {"arm": "B", "ms": 0.14314499974716455}], "key": "L0.mlp.down", "n": 4096, "k": 3072}
{"event": "pipeline_exact", "key": "L0.mlp.down", "rows": 8, "n": 4096, "k": 3072, "private_workspace": true, "plan": [3, 96, 2], "direct_output": true, "input_stride": 3080, "replay_orders": "BA/AB", "rebound_descriptor": true}
{"event": "pipeline_queries_exact", "rows": 8, "n": [4096, 4096], "k": 1536, "replay_orders": "BA/AB", "control": "main CTA-local reduction, same build and packs"}
{"event": "timing", "candidate": "pipeline_w4_queries", "rows": 8, "cache": "warm", "samples": [{"arm": "B", "ms": 0.02584500052034855}, {"arm": "A", "ms": 0.017969999462366104}, {"arm": "A", "ms": 0.017958499491214752}, {"arm": "B", "ms": 0.022813500836491585}], "queries": 2}
{"event": "timing", "candidate": "pipeline_w4_queries", "rows": 8, "cache": "evicted", "samples": [{"arm": "B", "ms": 0.0649059999268502}, {"arm": "A", "ms": 0.14071000344119966}, {"arm": "A", "ms": 0.13985300122294575}, {"arm": "B", "ms": 0.14339499780908227}], "queries": 2}
{"event": "pipeline_queries_exact", "rows": 32, "n": [4096, 4096], "k": 1536, "replay_orders": "BA/AB", "control": "main CTA-local reduction, same build and packs"}
{"event": "timing", "candidate": "pipeline_w4_queries", "rows": 32, "cache": "warm", "samples": [{"arm": "B", "ms": 0.08236850053071976}, {"arm": "A", "ms": 0.08157850056886673}, {"arm": "A", "ms": 0.08125650137662888}, {"arm": "B", "ms": 0.08067149668931961}], "queries": 2}
{"event": "timing", "candidate": "pipeline_w4_queries", "rows": 32, "cache": "evicted", "samples": [{"arm": "B", "ms": 0.1651520028244704}, {"arm": "A", "ms": 0.24622300220653415}, {"arm": "A", "ms": 0.16565800015814602}, {"arm": "B", "ms": 0.16589700058102608}], "queries": 2}
{"event": "pipeline_queries_exact", "rows": 8, "n": [4096, 8192], "k": 1536, "replay_orders": "BA/AB", "control": "main CTA-local reduction, same build and packs"}
{"event": "pipeline_queries_exact", "rows": 8, "n": [8192, 4096], "k": 1536, "replay_orders": "BA/AB", "control": "main CTA-local reduction, same build and packs"}
{"event": "pipeline_queries_exact", "rows": 8, "n": [8192, 8192], "k": 1536, "replay_orders": "BA/AB", "control": "main CTA-local reduction, same build and packs"}
{"event": "pipeline_queries_exact", "rows": 8, "n": [4096, 4096], "k": 1536, "replay_orders": "BA/AB", "control": "main CTA-local reduction, same build and packs"}
{"event": "timing", "candidate": "pipeline_w4_queries", "rows": 8, "cache": "warm", "samples": [{"arm": "B", "ms": 0.02638150006532669}, {"arm": "A", "ms": 0.018045499920845032}, {"arm": "A", "ms": 0.01798650063574314}, {"arm": "B", "ms": 0.022854499518871307}], "queries": 2}
{"event": "timing", "candidate": "pipeline_w4_queries", "rows": 8, "cache": "evicted", "samples": [{"arm": "B", "ms": 0.2210420003393665}, {"arm": "A", "ms": 0.13897900038864464}, {"arm": "A", "ms": 0.13657100219279528}, {"arm": "B", "ms": 0.14489800215233117}], "queries": 2}
{"event": "complete", "status": "PASS", "consumer_metrics_measured": false}
