wait work: step_sim 재검증(최근 onepass 기록 3개, CPU) → /home/choiceoh/glm53-logs/wait-sim/wait-st-forward-register0914c-20260914-163116.txt
waiting: pos 4/4, held by st-ffn-router0914v11 [single] (pid 3791020@srv2, since 16:31, est 20m, PR895 native MMA registers and wider K tiles exact gate) 2026-09-14_16:31:16
waiting: pos 4/4, held by st-ffn-router0914v11 [single] (pid 3791020@srv2, since 16:31, est 20m, PR895 native MMA registers and wider K tiles exact gate), srv4: a probe is already running there (st-probe-srv2-3791703) 2026-09-14_16:31:32
waiting: pos 4/4, srv4: a probe is already running there (st-probe-srv2-3791703) 2026-09-14_16:31:39
wait work: 끝났다 — 4줄 → /home/choiceoh/glm53-logs/wait-sim/wait-st-forward-register0914c-20260914-163116.txt
GO st-forward-register0914c 2026-09-14_16:31:54
  single GPU: probes/engine_kernel_check.py on srv4 (tree ~/st-probe-forward-register-0914, image sha256:062bb8e5d4c4ef658c8b57987e99c5e84e2b149c73c0ac721ea25263b258c93e, budget 8 GiB beside production, no fleet lease)
{"event": "identity", "torch": "2.13.0+cu130", "cuda": "13.0", "gpu": "NVIDIA GB10", "source_sha256": {"engine/kernels/dense/kernels.cu": "a585b7464d110e1e91ffc37db16694a5a39018de113ff07a1b4cb932023634bc", "probes/engine_forward_register.py": "0fbcf7685eea57283722528a0bc19e593ede96b8dca5c61a2daf12e8e5cb98d1"}}
{"event": "weights", "source": "/home/choiceoh/models/st-glm53-hybrid-gptq-v1/rank3of4.safetensors", "keys": ["L0.kda.in_proj", "L0.mlp.gate_up", "L3.mla.o_proj", "L0.kda.o_proj", "L0.mlp.down", "L3.mla.q_b", "L3.idx.wq_b"], "shapes": [[6416, 4096], [6144, 4096], [4096, 4096], [4096, 2048], [4096, 3072], [4096, 1536], [4096, 1536]], "sha256": ["501a1fc3b22d8b1ecffac8cc6f4211cf8bdbd326eb2313b85259586274691f44", "5d66a7b87c8cb047150d24947d67d777d84ae849ae33b25134b0fdacf1e44ed8", "fab464d75276b714bb046de0f020cd8c81b1a9ccf9a9083a1fdd92b335fe1f2d", "e0c71a112f4460cab4c4793a9f39ef016fd78e3744932aa41a610992c7f9f064", "826904d755ca53bb91dee93d6d36b5415dc4f39197c10de5360605e60caa77a2", "cb410b61c19e3cbe250e154a35f5a1243e6e357a5b8a6929ebb4c37c58694b58", "c58d21a544ee15d63714d1a5df296f31df5e98f37059a9f821108ad8f2ecba4e"], "packing": "identical RTN W4 packs; no consumer acceptance measurement"}
{"event": "register_exact", "key": "L0.kda.in_proj", "rows": 8, "n": 6416, "k": 4096, "private_workspace": false, "plan": [8, 408, 2], "direct_output": false, "input_stride": 4104, "replay_orders": "BA/AB", "rebound_descriptor": true}
{"event": "timing", "candidate": "register_w4", "rows": 8, "cache": "warm", "samples": [{"arm": "B", "ms": 0.03064749948680401}, {"arm": "A", "ms": 0.07763300091028214}, {"arm": "A", "ms": 0.07769700139760971}, {"arm": "B", "ms": 0.02720250003039837}], "key": "L0.kda.in_proj", "n": 6416, "k": 4096}
{"event": "timing", "candidate": "register_w4", "rows": 8, "cache": "evicted", "samples": [{"arm": "B", "ms": 0.13645899947732687}, {"arm": "A", "ms": 0.4502219962887466}, {"arm": "A", "ms": 0.20563200069591403}, {"arm": "B", "ms": 0.20290500135160983}], "key": "L0.kda.in_proj", "n": 6416, "k": 4096}
{"event": "register_exact", "key": "L0.kda.in_proj", "rows": 8, "n": 6416, "k": 4096, "private_workspace": true, "plan": [8, 408, 2], "direct_output": false, "input_stride": 4104, "replay_orders": "BA/AB", "rebound_descriptor": true}
{"event": "register_exact", "key": "L0.mlp.gate_up", "rows": 8, "n": 6144, "k": 4096, "private_workspace": false, "plan": [2, 96, 2], "direct_output": false, "input_stride": 4104, "replay_orders": "BA/AB", "rebound_descriptor": true}
{"event": "timing", "candidate": "register_w4", "rows": 8, "cache": "warm", "samples": [{"arm": "B", "ms": 0.07727999985218048}, {"arm": "A", "ms": 0.08302800357341766}, {"arm": "A", "ms": 0.08283550292253494}, {"arm": "B", "ms": 0.07519099861383438}], "key": "L0.mlp.gate_up", "n": 6144, "k": 4096}
{"event": "timing", "candidate": "register_w4", "rows": 8, "cache": "evicted", "samples": [{"arm": "B", "ms": 0.27347899647429585}, {"arm": "A", "ms": 0.20167499920353293}, {"arm": "A", "ms": 0.27617799770087004}, {"arm": "B", "ms": 0.1946319981943816}], "key": "L0.mlp.gate_up", "n": 6144, "k": 4096}
{"event": "register_exact", "key": "L0.mlp.gate_up", "rows": 8, "n": 6144, "k": 4096, "private_workspace": true, "plan": [2, 96, 2], "direct_output": false, "input_stride": 4104, "replay_orders": "BA/AB", "rebound_descriptor": true}
{"event": "register_exact", "key": "L3.mla.o_proj", "rows": 8, "n": 4096, "k": 4096, "private_workspace": false, "plan": [3, 96, 2], "direct_output": true, "input_stride": 4104, "replay_orders": "BA/AB", "rebound_descriptor": true}
{"event": "timing", "candidate": "register_w4", "rows": 8, "cache": "warm", "samples": [{"arm": "B", "ms": 0.02985049970448017}, {"arm": "A", "ms": 0.031101999804377556}, {"arm": "A", "ms": 0.03096199966967106}, {"arm": "B", "ms": 0.02633799985051155}], "key": "L3.mla.o_proj", "n": 4096, "k": 4096}
{"event": "timing", "candidate": "register_w4", "rows": 8, "cache": "evicted", "samples": [{"arm": "B", "ms": 0.321684995200485}, {"arm": "A", "ms": 0.2419019981753081}, {"arm": "A", "ms": 0.24439500190783292}, {"arm": "B", "ms": 0.08784799999557436}], "key": "L3.mla.o_proj", "n": 4096, "k": 4096}
{"event": "timing", "candidate": "register_w4_direct", "rows": 8, "cache": "warm", "samples": [{"arm": "B", "ms": 0.02690500020980835}, {"arm": "A", "ms": 0.031104499474167824}, {"arm": "A", "ms": 0.031075499951839447}, {"arm": "B", "ms": 0.026978500187397003}], "key": "L3.mla.o_proj", "n": 4096, "k": 4096}
{"event": "timing", "candidate": "register_w4_direct", "rows": 8, "cache": "evicted", "samples": [{"arm": "B", "ms": 0.24133899994194508}, {"arm": "A", "ms": 0.24261500593274832}, {"arm": "A", "ms": 0.3211290029576048}, {"arm": "B", "ms": 0.3257340011186898}], "key": "L3.mla.o_proj", "n": 4096, "k": 4096}
{"event": "register_exact", "key": "L3.mla.o_proj", "rows": 8, "n": 4096, "k": 4096, "private_workspace": true, "plan": [3, 96, 2], "direct_output": true, "input_stride": 4104, "replay_orders": "BA/AB", "rebound_descriptor": true}
{"event": "register_exact", "key": "L0.kda.o_proj", "rows": 8, "n": 4096, "k": 2048, "private_workspace": false, "plan": [3, 96, 2], "direct_output": true, "input_stride": 2056, "replay_orders": "BA/AB", "rebound_descriptor": true}
{"event": "timing", "candidate": "register_w4", "rows": 8, "cache": "warm", "samples": [{"arm": "B", "ms": 0.01956300064921379}, {"arm": "A", "ms": 0.020021000877022743}, {"arm": "A", "ms": 0.019912999123334885}, {"arm": "B", "ms": 0.01644499972462654}], "key": "L0.kda.o_proj", "n": 4096, "k": 2048}
{"event": "timing", "candidate": "register_w4", "rows": 8, "cache": "evicted", "samples": [{"arm": "B", "ms": 0.12480199849233031}, {"arm": "A", "ms": 0.048669999931007624}, {"arm": "A", "ms": 0.048540000105276704}, {"arm": "B", "ms": 0.1279529989697039}], "key": "L0.kda.o_proj", "n": 4096, "k": 2048}
{"event": "timing", "candidate": "register_w4_direct", "rows": 8, "cache": "warm", "samples": [{"arm": "B", "ms": 0.016674499958753586}, {"arm": "A", "ms": 0.02025200054049492}, {"arm": "A", "ms": 0.02006250061094761}, {"arm": "B", "ms": 0.016577500849962234}], "key": "L0.kda.o_proj", "n": 4096, "k": 2048}
{"event": "timing", "candidate": "register_w4_direct", "rows": 8, "cache": "evicted", "samples": [{"arm": "B", "ms": 0.1255950015038252}, {"arm": "A", "ms": 0.12694400327745825}, {"arm": "A", "ms": 0.12665599875617772}, {"arm": "B", "ms": 0.12559000274632126}], "key": "L0.kda.o_proj", "n": 4096, "k": 2048}
{"event": "register_exact", "key": "L0.kda.o_proj", "rows": 8, "n": 4096, "k": 2048, "private_workspace": true, "plan": [3, 96, 2], "direct_output": true, "input_stride": 2056, "replay_orders": "BA/AB", "rebound_descriptor": true}
{"event": "register_exact", "key": "L0.mlp.down", "rows": 8, "n": 4096, "k": 3072, "private_workspace": false, "plan": [3, 96, 2], "direct_output": true, "input_stride": 3080, "replay_orders": "BA/AB", "rebound_descriptor": true}
{"event": "timing", "candidate": "register_w4", "rows": 8, "cache": "warm", "samples": [{"arm": "B", "ms": 0.02439749985933304}, {"arm": "A", "ms": 0.02488650009036064}, {"arm": "A", "ms": 0.02481750026345253}, {"arm": "B", "ms": 0.020784499123692513}], "key": "L0.mlp.down", "n": 4096, "k": 3072}
{"event": "timing", "candidate": "register_w4", "rows": 8, "cache": "evicted", "samples": [{"arm": "B", "ms": 0.1435739976586774}, {"arm": "A", "ms": 0.06632600072771311}, {"arm": "A", "ms": 0.06635700026527047}, {"arm": "B", "ms": 0.14334700081963092}], "key": "L0.mlp.down", "n": 4096, "k": 3072}
{"event": "timing", "candidate": "register_w4_direct", "rows": 8, "cache": "warm", "samples": [{"arm": "B", "ms": 0.02127699926495552}, {"arm": "A", "ms": 0.024862000718712807}, {"arm": "A", "ms": 0.024853000417351723}, {"arm": "B", "ms": 0.02126000076532364}], "key": "L0.mlp.down", "n": 4096, "k": 3072}
{"event": "timing", "candidate": "register_w4_direct", "rows": 8, "cache": "evicted", "samples": [{"arm": "B", "ms": 0.1459719977574423}, {"arm": "A", "ms": 0.14963800075929612}, {"arm": "A", "ms": 0.14467399811837822}, {"arm": "B", "ms": 0.21982899634167552}], "key": "L0.mlp.down", "n": 4096, "k": 3072}
{"event": "register_exact", "key": "L0.mlp.down", "rows": 8, "n": 4096, "k": 3072, "private_workspace": true, "plan": [3, 96, 2], "direct_output": true, "input_stride": 3080, "replay_orders": "BA/AB", "rebound_descriptor": true}
{"event": "register_queries_exact", "rows": 8, "k": 1536, "replay_orders": "BA/AB", "control": "main CTA-local reduction, same build and packs"}
{"event": "timing", "candidate": "register_w4_queries", "rows": 8, "cache": "warm", "samples": [{"arm": "B", "ms": 0.02594899944961071}, {"arm": "A", "ms": 0.026982000097632408}, {"arm": "A", "ms": 0.02688550017774105}, {"arm": "B", "ms": 0.022795500233769417}], "queries": 2}
{"event": "timing", "candidate": "register_w4_queries", "rows": 8, "cache": "evicted", "samples": [{"arm": "B", "ms": 0.21921400481369346}, {"arm": "A", "ms": 0.14722999837249517}, {"arm": "A", "ms": 0.1478960041422397}, {"arm": "B", "ms": 0.13889699813444167}], "queries": 2}
{"event": "register_queries_exact", "rows": 32, "k": 1536, "replay_orders": "BA/AB", "control": "main CTA-local reduction, same build and packs"}
{"event": "timing", "candidate": "register_w4_queries", "rows": 32, "cache": "warm", "samples": [{"arm": "B", "ms": 0.08364249765872955}, {"arm": "A", "ms": 0.08108550310134888}, {"arm": "A", "ms": 0.08026300370693207}, {"arm": "B", "ms": 0.07963450253009796}], "queries": 2}
{"event": "timing", "candidate": "register_w4_queries", "rows": 32, "cache": "evicted", "samples": [{"arm": "B", "ms": 0.1686950030270964}, {"arm": "A", "ms": 0.16976199601776898}, {"arm": "A", "ms": 0.23946299636736512}, {"arm": "B", "ms": 0.1672900018747896}], "queries": 2}
{"event": "register_queries_exact", "rows": 8, "k": 1536, "replay_orders": "BA/AB", "control": "main CTA-local reduction, same build and packs"}
{"event": "timing", "candidate": "register_w4_queries", "rows": 8, "cache": "warm", "samples": [{"arm": "B", "ms": 0.023059500381350517}, {"arm": "A", "ms": 0.026849500834941864}, {"arm": "A", "ms": 0.026755500584840775}, {"arm": "B", "ms": 0.022796500474214554}], "queries": 2}
{"event": "timing", "candidate": "register_w4_queries", "rows": 8, "cache": "evicted", "samples": [{"arm": "B", "ms": 0.22582299856003374}, {"arm": "A", "ms": 0.1479149985825643}, {"arm": "A", "ms": 0.07037600106559694}, {"arm": "B", "ms": 0.06898700050078332}], "queries": 2}
{"event": "complete", "status": "PASS", "consumer_metrics_measured": false}
