test_bound_calls_allocate_nothing_and_independent_bindings_own_distinct_scratch (tests.test_engine_cublaslt.BoundExecutionTests.test_bound_calls_allocate_nothing_and_independent_bindings_own_distinct_scratch) ... ok
test_replacing_bound_buffers_fails_before_matmul_and_capture_cannot_bind (tests.test_engine_cublaslt.BoundExecutionTests.test_replacing_bound_buffers_fails_before_matmul_and_capture_cannot_bind) ... ok
test_selected_warp_configuration_reaches_bound_execution (tests.test_engine_cublaslt.BoundExecutionTests.test_selected_warp_configuration_reaches_bound_execution) ... ok
test_packet_conversion_preserves_rounding_rank_stride_and_tail (tests.test_engine_cublaslt.InterpreterTests.test_packet_conversion_preserves_rounding_rank_stride_and_tail) ... ok
test_quantizer_exact_bytes_odd_groups_padding_and_redzones (tests.test_engine_cublaslt.InterpreterTests.test_quantizer_exact_bytes_odd_groups_padding_and_redzones) ... ok
test_scale_and_inverse_for_every_bf16_magnitude (tests.test_engine_cublaslt.InterpreterTests.test_scale_and_inverse_for_every_bf16_magnitude) ... ok
test_weight_scale_replication_covers_every_normal_exponent (tests.test_engine_cublaslt.InterpreterTests.test_weight_scale_replication_covers_every_normal_exponent) ... ok
test_algorithm_alignment_uses_actual_storage_for_every_operand (tests.test_engine_cublaslt.PreparationTests.test_algorithm_alignment_uses_actual_storage_for_every_operand) ... ok
test_both_paired_pipeline_samples_must_win (tests.test_engine_cublaslt.PreparationTests.test_both_paired_pipeline_samples_must_win) ... ok
test_capture_cannot_prepare_an_algorithm (tests.test_engine_cublaslt.PreparationTests.test_capture_cannot_prepare_an_algorithm) ... ok
test_custom_producer_cannot_silently_ignore_a_warp_choice (tests.test_engine_cublaslt.PreparationTests.test_custom_producer_cannot_silently_ignore_a_warp_choice) ... ok
test_graph_reset_runs_on_success_and_capture_failure_preserves_original_error (tests.test_engine_cublaslt.PreparationTests.test_graph_reset_runs_on_success_and_capture_failure_preserves_original_error) ... ok
test_non_fleet_cards_cannot_enter_timing (tests.test_engine_cublaslt.PreparationTests.test_non_fleet_cards_cannot_enter_timing) ... ok
test_winner_keeps_the_producer_layout_of_the_complete_pipeline (tests.test_engine_cublaslt.PreparationTests.test_winner_keeps_the_producer_layout_of_the_complete_pipeline) ... ok
test_workspace_generations_survive_growth_and_streams_do_not_alias (tests.test_engine_cublaslt.PreparationTests.test_workspace_generations_survive_growth_and_streams_do_not_alias) ... ok
test_preallocated_producer_buffers_cannot_alias (tests.test_engine_cublaslt.ProducerContracts.test_preallocated_producer_buffers_cannot_alias) ... ok
test_scale_size_is_metadata_padding_only (tests.test_engine_cublaslt.ProducerContracts.test_scale_size_is_metadata_padding_only) ... ok
test_a_failed_build_is_named_after_every_build_has_finished (tests.test_engine_glm53_natives.NativeBuildsTests.test_a_failed_build_is_named_after_every_build_has_finished) ... ok
test_builds_run_at_once_and_report_each_in_order (tests.test_engine_glm53_natives.NativeBuildsTests.test_builds_run_at_once_and_report_each_in_order) ... ok
test_modules_are_imported_on_the_callers_thread_and_one_shot_gets_the_served_build (tests.test_engine_glm53_natives.NativeBuildsTests.test_modules_are_imported_on_the_callers_thread_and_one_shot_gets_the_served_build) ... W0916 15:01:07.080000 1 torch/utils/cpp_extension.py:178] No CUDA runtime is found, using CUDA_HOME='/usr/local/cuda-13.2'
ok
test_the_line_names_every_build (tests.test_engine_glm53_natives.NativeBuildsTests.test_the_line_names_every_build) ... ok
test_every_native_extension_under_kernels_is_built_before_the_first_collective (tests.test_engine_glm53_natives.NativeListTests.test_every_native_extension_under_kernels_is_built_before_the_first_collective) ... ok
test_the_dense_build_touches_no_device_and_its_lane_probes_after_it (tests.test_engine_glm53_natives.NativeListTests.test_the_dense_build_touches_no_device_and_its_lane_probes_after_it) ... ok
test_graph_replay_reads_new_packet_values_and_scales (tests.test_engine_prefill_fp8_consumer.PrefillConsumerTests.test_graph_replay_reads_new_packet_values_and_scales) ... skipped 'requires CUDA and Triton'
test_packet_router_preserves_logits_and_route_selection (tests.test_engine_prefill_fp8_consumer.PrefillConsumerTests.test_packet_router_preserves_logits_and_route_selection) ... skipped 'requires CUDA and Triton'
test_padded_packets_and_gemm_group_scales (tests.test_engine_prefill_fp8_consumer.PrefillConsumerTests.test_padded_packets_and_gemm_group_scales) ... skipped 'requires CUDA and Triton'
test_real_rows_are_cropped_before_shared_quantization_output (tests.test_engine_prefill_fp8_consumer.PrefillConsumerTests.test_real_rows_are_cropped_before_shared_quantization_output) ... skipped 'requires CUDA and Triton'
test_sender_fp32_projection_preserves_full_prefill_routes (tests.test_engine_prefill_fp8_consumer.PrefillConsumerTests.test_sender_fp32_projection_preserves_full_prefill_routes) ... skipped 'requires CUDA and Triton'
test_sender_roundtrip_ties_and_routed_padding_are_lossless (tests.test_engine_prefill_fp8_consumer.PrefillConsumerTests.test_sender_roundtrip_ties_and_routed_padding_are_lossless) ... skipped 'requires CUDA and Triton'
test_concurrent_processes_preserve_one_complete_source_snapshot (tests.test_engine_native_cache.NativeCacheTests.test_concurrent_processes_preserve_one_complete_source_snapshot) ... ok
test_corrupted_staged_input_is_repaired_without_removing_build_outputs (tests.test_engine_native_cache.NativeCacheTests.test_corrupted_staged_input_is_repaired_without_removing_build_outputs) ... ok
test_duplicate_basenames_and_empty_source_lists_are_refused (tests.test_engine_native_cache.NativeCacheTests.test_duplicate_basenames_and_empty_source_lists_are_refused) ... ok
test_native_builders_pass_staged_sources_and_retain_link_flags (tests.test_engine_native_cache.NativeCacheTests.test_native_builders_pass_staged_sources_and_retain_link_flags) ... ok
test_no_native_builder_keeps_its_build_under_home (tests.test_engine_native_cache.NativeCacheTests.test_no_native_builder_keeps_its_build_under_home) ... ok
test_runtime_defaults_and_launcher_use_the_same_persistent_roots (tests.test_engine_native_cache.NativeCacheTests.test_runtime_defaults_and_launcher_use_the_same_persistent_roots) ... ok
test_same_content_keeps_source_paths_inode_and_mtime_across_checkouts (tests.test_engine_native_cache.NativeCacheTests.test_same_content_keeps_source_paths_inode_and_mtime_across_checkouts) ... ok
test_shared_root_builders_build_under_the_declared_persistent_root (tests.test_engine_native_cache.NativeCacheTests.test_shared_root_builders_build_under_the_declared_persistent_root) ... ok
test_source_header_flags_and_runtime_changes_make_separate_builds (tests.test_engine_native_cache.NativeCacheTests.test_source_header_flags_and_runtime_changes_make_separate_builds) ... ok
test_source_key_and_staged_bytes_use_the_same_snapshot (tests.test_engine_native_cache.NativeCacheTests.test_source_key_and_staged_bytes_use_the_same_snapshot) ... ok
test_toolkit_upgrade_with_the_same_torch_wheel_invalidates_native_code (tests.test_engine_native_cache.NativeCacheTests.test_toolkit_upgrade_with_the_same_torch_wheel_invalidates_native_code) ... ok

----------------------------------------------------------------------
Ran 40 tests in 127.403s

OK (skipped=6)
