NCCL version 2.29.7+cuda13.2
round 0 [4970.51215171814, 4865.423917770386]
round 1 [9838.031768798828, 5183.232069015503]
round 2 [11004.144191741943, 4808.720111846924]
round 3 [4747.999906539917, 4518.944025039673]
round 4 [4740.047931671143, 11015.088081359863]
case 256 1 {'baseline': 5525.199890136719, 'optimized': 4877.647876739502}
round 0 [5503.023862838745, 6316.447973251343]
round 1 [13047.343730926514, 11763.840198516846]
round 2 [13423.247814178467, 36034.976959228516]
round 3 [12688.480377197266, 36906.65626525879]
round 4 [10765.359878540039, 12980.207920074463]
case 256 6 {'baseline': 12843.503952026367, 'optimized': 13041.98408126831}
round 0 [9804.67176437378, 11302.38389968872]
round 1 [17507.344245910645, 9783.82396697998]
round 2 [9867.8560256958, 29782.288551330566]
round 3 [9897.631645202637, 12092.28801727295]
round 4 [9898.36835861206, 23258.9111328125]
case 32768 1 {'baseline': 10138.688087463379, 'optimized': 12297.167778015137}
round 0 [11479.951858520508, 10500.735759735107]
round 1 [13183.855533599854, 10925.904273986816]
round 2 [11218.144416809082, 12591.936111450195]
round 3 [6582.94415473938, 23185.983657836914]
round 4 [12696.896076202393, 10516.223907470703]
case 32768 6 {'baseline': 11545.376300811768, 'optimized': 12247.200012207031}
[W911 12:17:16.377773374 Utils.hpp:137] Warning: Environment variable NCCL_ASYNC_ERROR_HANDLING is deprecated; use TORCH_NCCL_ASYNC_ERROR_HANDLING instead (function operator())
[megakernel] selftest mla rel=2.70e-03 pair_prefill=False group=2 prefill32=False -> ARM
[b12x-bounds] state_E=288 n=512 tile_m=16 routed_rows=2048 -> rows 6640/6640 tiles 415/415 tasks 1660/1660
/usr/local/lib/python3.12/dist-packages/torch/distributed/c10d_logger.py:83: UserWarning: barrier(): using the device under current context. You can specify `device_id` in `init_process_group` to mute this warning.
  return func(*args, **kwargs)
