round 0 [4934.080123901367, 4862.784147262573]
round 1 [9851.935863494873, 5217.727899551392]
round 2 [10503.80802154541, 4820.319890975952]
round 3 [4688.687801361084, 4534.688234329224]
round 4 [4701.855897903442, 11041.344165802002]
case 256 1 {'baseline': 5480.495929718018, 'optimized': 4871.055841445923}
round 0 [5493.056058883667, 6313.4400844573975]
round 1 [13030.864238739014, 12622.704029083252]
round 2 [13562.479972839355, 36146.095275878906]
round 3 [12682.016372680664, 36704.959869384766]
round 4 [10689.280033111572, 12954.815864562988]
case 256 6 {'baseline': 12768.847942352295, 'optimized': 13045.216083526611}
round 0 [9813.37594985962, 11944.623947143555]
round 1 [17477.60009765625, 9775.11978149414]
round 2 [9847.1360206604, 30279.28066253662]
round 3 [9825.119972229004, 12172.863960266113]
round 4 [9907.968044281006, 24409.759521484375]
case 32768 1 {'baseline': 10378.095626831055, 'optimized': 12270.76768875122}
round 0 [12641.9038772583, 10498.448371887207]
round 1 [13154.047966003418, 10692.847728729248]
round 2 [11582.704067230225, 12708.064079284668]
round 3 [6611.055850982666, 25674.431800842285]
round 4 [11966.576099395752, 10578.527927398682]
case 32768 6 {'baseline': 11739.232063293457, 'optimized': 11387.680053710938}
[W911 12:17:15.602607250 Utils.hpp:137] Warning: Environment variable NCCL_ASYNC_ERROR_HANDLING is deprecated; use TORCH_NCCL_ASYNC_ERROR_HANDLING instead (function operator())
[megakernel] selftest mla rel=2.70e-03 pair_prefill=False group=2 prefill32=False -> ARM
[b12x-bounds] state_E=288 n=512 tile_m=16 routed_rows=2048 -> rows 6640/6640 tiles 415/415 tasks 1660/1660
