NCCL version 2.29.7+cuda13.2
round 0 [4778.575897216797, 4723.423957824707]
round 1 [4732.815980911255, 4697.920083999634]
round 2 [4737.679958343506, 4722.784042358398]
round 3 [4775.183916091919, 4742.815971374512]
round 4 [4832.736015319824, 4733.487844467163]
case 256 1 {'baseline': 4770.511865615845, 'optimized': 4727.007865905762}
round 0 [5597.936153411865, 5321.887969970703]
round 1 [5287.408113479614, 5261.663913726807]
round 2 [5426.032066345215, 5234.752178192139]
round 3 [5576.1120319366455, 5408.239841461182]
round 4 [5319.888114929199, 5269.967794418335]
case 256 6 {'baseline': 5441.215991973877, 'optimized': 5289.168119430542}
round 0 [5283.360004425049, 5078.528165817261]
round 1 [5322.59202003479, 5163.568019866943]
round 2 [5124.9120235443115, 4759.216070175171]
round 3 [4856.800079345703, 4796.911954879761]
round 4 [4865.344047546387, 4774.879932403564]
case 32768 1 {'baseline': 5096.6081619262695, 'optimized': 4853.456020355225}
round 0 [5467.439889907837, 5368.191957473755]
round 1 [5343.584060668945, 5352.5121212005615]
round 2 [5400.784015655518, 5347.504138946533]
round 3 [5359.791994094849, 5374.4800090789795]
round 4 [5448.048114776611, 5166.159868240356]
case 32768 6 {'baseline': 5409.088134765625, 'optimized': 5344.111919403076}
[W911 12:12:27.318214639 Utils.hpp:137] Warning: Environment variable NCCL_ASYNC_ERROR_HANDLING is deprecated; use TORCH_NCCL_ASYNC_ERROR_HANDLING instead (function operator())
[megakernel] selftest mla rel=2.70e-03 pair_prefill=False group=2 prefill32=False -> ARM
[b12x-bounds] state_E=288 n=512 tile_m=16 routed_rows=2048 -> rows 6640/6640 tiles 415/415 tasks 1660/1660
/usr/local/lib/python3.12/dist-packages/torch/distributed/c10d_logger.py:83: UserWarning: barrier(): using the device under current context. You can specify `device_id` in `init_process_group` to mute this warning.
  return func(*args, **kwargs)
