NCCL version 2.29.7+cuda13.2
round 0 [5073.888063430786, 5058.079957962036]
round 1 [5195.631980895996, 5075.2317905426025]
round 2 [5136.672019958496, 5392.127990722656]
round 3 [4988.479852676392, 5095.232009887695]
round 4 [4989.696025848389, 4994.095802307129]
case 256 1 {'baseline': 5040.0800704956055, 'optimized': 5125.119924545288}
round 0 [5651.520013809204, 5541.087865829468]
round 1 [5536.2560749053955, 5525.1359939575195]
round 2 [5556.383848190308, 5541.4879322052]
round 3 [5530.159950256348, 5550.447940826416]
round 4 [5504.176139831543, 5516.496181488037]
case 256 6 {'baseline': 5543.792009353638, 'optimized': 5535.743951797485}
round 0 [4886.335849761963, 4948.048114776611]
round 1 [4885.88809967041, 4854.480028152466]
round 2 [4900.4480838775635, 4762.799978256226]
round 3 [4805.472135543823, 4763.887882232666]
round 4 [4857.4559688568115, 5434.303998947144]
case 32768 1 {'baseline': 4875.072002410889, 'optimized': 4895.6639766693115}
round 0 [5489.055871963501, 5367.264032363892]
round 1 [5536.639928817749, 5430.415868759155]
round 2 [5507.024049758911, 5566.511869430542]
round 3 [5707.632064819336, 5536.351919174194]
round 4 [5526.160001754761, 5895.856142044067]
case 32768 6 {'baseline': 5521.615982055664, 'optimized': 5547.247886657715}
[W911 12:24:14.536234528 Utils.hpp:137] Warning: Environment variable NCCL_ASYNC_ERROR_HANDLING is deprecated; use TORCH_NCCL_ASYNC_ERROR_HANDLING instead (function operator())
[megakernel] selftest mla rel=2.70e-03 pair_prefill=False group=2 prefill32=False -> ARM
[b12x-bounds] state_E=288 n=512 tile_m=16 routed_rows=2048 -> rows 6640/6640 tiles 415/415 tasks 1660/1660
/usr/local/lib/python3.12/dist-packages/torch/distributed/c10d_logger.py:83: UserWarning: barrier(): using the device under current context. You can specify `device_id` in `init_process_group` to mute this warning.
  return func(*args, **kwargs)
