round 0 [4888.079881668091, 4886.768102645874]
round 1 [4896.560192108154, 4830.351829528809]
round 2 [4897.34411239624, 4906.239986419678]
round 3 [4942.015886306763, 4840.6078815460205]
round 4 [4874.9120235443115, 4891.568183898926]
case 256 1 {'baseline': 4898.383855819702, 'optimized': 4886.768102645874}
round 0 [5313.120126724243, 5300.479888916016]
round 1 [5290.89617729187, 5289.584159851074]
round 2 [5292.479991912842, 5272.576093673706]
round 3 [5306.031942367554, 5340.9600257873535]
round 4 [5273.711919784546, 5270.048141479492]
case 256 6 {'baseline': 5297.215938568115, 'optimized': 5293.520212173462}
round 0 [4810.256004333496, 4784.240007400513]
round 1 [4763.263940811157, 4724.6880531311035]
round 2 [4782.671928405762, 4773.312091827393]
round 3 [4773.583889007568, 4739.1040325164795]
round 4 [4804.447889328003, 4743.727922439575]
case 32768 1 {'baseline': 4778.656005859375, 'optimized': 4745.936155319214}
round 0 [5309.856176376343, 5327.695846557617]
round 1 [5429.759979248047, 5394.591808319092]
round 2 [5286.655902862549, 5326.4479637146]
round 3 [5393.5840129852295, 5333.119869232178]
round 4 [5660.847902297974, 5631.792068481445]
case 32768 6 {'baseline': 5356.863975524902, 'optimized': 5375.168085098267}
[W911 12:16:27.441219496 Utils.hpp:137] Warning: Environment variable NCCL_ASYNC_ERROR_HANDLING is deprecated; use TORCH_NCCL_ASYNC_ERROR_HANDLING instead (function operator())
[megakernel] selftest mla rel=2.70e-03 pair_prefill=False group=2 prefill32=False -> ARM
[b12x-bounds] state_E=288 n=512 tile_m=16 routed_rows=2048 -> rows 6640/6640 tiles 415/415 tasks 1660/1660
