NCCL version 2.29.7+cuda13.2
round 0 [5629.983901977539, 5375.727891921997]
round 1 [5133.152008056641, 5592.671871185303]
round 2 [5194.255828857422, 4659.248113632202]
round 3 [4947.279930114746, 4849.792003631592]
round 4 [5257.8558921813965, 4978.847980499268]
case 256 1 {'baseline': 5183.840036392212, 'optimized': 5027.7440547943115}
round 0 [5525.248050689697, 5476.736068725586]
round 1 [5498.687982559204, 5492.176055908203]
round 2 [5509.711980819702, 5564.527988433838]
round 3 [5476.352214813232, 5539.600133895874]
round 4 [5507.10391998291, 5539.504051208496]
case 256 6 {'baseline': 5503.040075302124, 'optimized': 5516.89600944519}
round 0 [4828.671932220459, 4854.623794555664]
round 1 [4925.983905792236, 4845.552206039429]
round 2 [4851.216077804565, 4796.591997146606]
round 3 [5037.375926971436, 4926.415920257568]
round 4 [4936.352014541626, 4988.767862319946]
case 32768 1 {'baseline': 4908.751964569092, 'optimized': 4875.263929367065}
round 0 [5714.784145355225, 5811.375856399536]
round 1 [5727.424144744873, 5845.599889755249]
round 2 [5561.055898666382, 5774.159908294678]
round 3 [5646.1920738220215, 5766.623973846436]
round 4 [5752.624034881592, 5787.055969238281]
case 32768 6 {'baseline': 5682.096004486084, 'optimized': 5794.399976730347}
[W911 12:23:25.900636687 Utils.hpp:137] Warning: Environment variable NCCL_ASYNC_ERROR_HANDLING is deprecated; use TORCH_NCCL_ASYNC_ERROR_HANDLING instead (function operator())
[megakernel] selftest mla rel=2.70e-03 pair_prefill=False group=2 prefill32=False -> ARM
[b12x-bounds] state_E=288 n=512 tile_m=16 routed_rows=2048 -> rows 6640/6640 tiles 415/415 tasks 1660/1660
/usr/local/lib/python3.12/dist-packages/torch/distributed/c10d_logger.py:83: UserWarning: barrier(): using the device under current context. You can specify `device_id` in `init_process_group` to mute this warning.
  return func(*args, **kwargs)
