round 0 [5296.512126922607, 5189.136028289795]
round 1 [4679.744005203247, 4699.712038040161]
round 2 [4681.8718910217285, 4716.448068618774]
round 3 [5028.464078903198, 4722.192049026489]
round 4 [4961.359977722168, 4755.808115005493]
case 256 1 {'baseline': 4815.711975097656, 'optimized': 4782.415866851807}
round 0 [5797.504186630249, 5648.144006729126]
round 1 [5671.360015869141, 5468.303918838501]
round 2 [5496.511936187744, 5701.375961303711]
round 3 [5443.77589225769, 5754.400014877319]
round 4 [5782.128095626831, 5664.86382484436]
case 256 6 {'baseline': 5702.784061431885, 'optimized': 5661.056041717529}
round 0 [5019.263982772827, 4902.27198600769]
round 1 [5031.487941741943, 4982.880115509033]
round 2 [4968.096017837524, 4910.144090652466]
round 3 [4956.560134887695, 4912.1599197387695]
round 4 [4970.6079959869385, 4894.208192825317]
case 32768 1 {'baseline': 5010.591983795166, 'optimized': 4912.6880168914795}
round 0 [5512.943983078003, 5477.9839515686035]
round 1 [5518.831968307495, 5485.791921615601]
round 2 [5482.208013534546, 5504.591941833496]
round 3 [5476.464033126831, 5480.304002761841]
round 4 [5579.423904418945, 5548.59185218811]
case 32768 6 {'baseline': 5514.927864074707, 'optimized': 5494.767904281616}
[W911 12:22:35.670211015 Utils.hpp:137] Warning: Environment variable NCCL_ASYNC_ERROR_HANDLING is deprecated; use TORCH_NCCL_ASYNC_ERROR_HANDLING instead (function operator())
[megakernel] selftest mla rel=2.70e-03 pair_prefill=False group=2 prefill32=False -> ARM
[b12x-bounds] state_E=288 n=512 tile_m=16 routed_rows=2048 -> rows 6640/6640 tiles 415/415 tasks 1660/1660
