round 0 [5091.903924942017, 5094.496011734009]
round 1 [5210.351943969727, 5076.192140579224]
round 2 [5167.727947235107, 5363.2800579071045]
round 3 [4983.4558963775635, 5160.624027252197]
round 4 [4989.519834518433, 5002.3040771484375]
case 256 1 {'baseline': 5070.735931396484, 'optimized': 5139.472007751465}
round 0 [5728.592157363892, 5527.647972106934]
round 1 [5523.072004318237, 5508.784055709839]
round 2 [5539.279937744141, 5520.400047302246]
round 3 [5528.256177902222, 5552.41584777832]
round 4 [5491.392135620117, 5524.688005447388]
case 256 6 {'baseline': 5538.448095321655, 'optimized': 5526.864051818848}
round 0 [4903.280019760132, 4953.871965408325]
round 1 [4871.567964553833, 4860.304117202759]
round 2 [4879.199981689453, 4762.144088745117]
round 3 [4784.032106399536, 4734.080076217651]
round 4 [4910.303831100464, 5434.143781661987]
case 32768 1 {'baseline': 4881.295919418335, 'optimized': 4888.207912445068}
round 0 [5464.1759395599365, 5372.672080993652]
round 1 [5550.016164779663, 5415.599822998047]
round 2 [5490.623950958252, 5572.495937347412]
[W911 12:24:13.147442443 Utils.hpp:137] Warning: Environment variable NCCL_ASYNC_ERROR_HANDLING is deprecated; use TORCH_NCCL_ASYNC_ERROR_HANDLING instead (function operator())
[megakernel] selftest mla rel=2.70e-03 pair_prefill=False group=2 prefill32=False -> ARM
[b12x-bounds] state_E=288 n=512 tile_m=16 routed_rows=2048 -> rows 6640/6640 tiles 415/415 tasks 1660/1660
round 3 [5684.607982635498, 5538.448095321655]
round 4 [5517.616033554077, 5853.775978088379]
case 32768 6 {'baseline': 5515.343904495239, 'optimized': 5551.392078399658}
