round 0 [4860.640048980713, 4884.112119674683]
round 1 [4899.456024169922, 4815.3440952301025]
round 2 [4926.480054855347, 4873.2640743255615]
round 3 [4968.672037124634, 4855.823993682861]
round 4 [4872.191905975342, 4885.791778564453]
case 256 1 {'baseline': 4909.424066543579, 'optimized': 4871.024131774902}
round 0 [5324.0320682525635, 5302.1440505981445]
round 1 [5289.792060852051, 5281.67986869812]
round 2 [5285.567998886108, 5266.91198348999]
round 3 [5287.952184677124, 5313.231945037842]
round 4 [5269.295930862427, 5305.15193939209]
case 256 6 {'baseline': 5294.064044952393, 'optimized': 5286.352157592773}
round 0 [4788.847923278809, 4795.4559326171875]
round 1 [4773.567914962769, 4736.543893814087]
round 2 [4788.76805305481, 4781.0399532318115]
[W911 12:16:25.224008926 Utils.hpp:137] Warning: Environment variable NCCL_ASYNC_ERROR_HANDLING is deprecated; use TORCH_NCCL_ASYNC_ERROR_HANDLING instead (function operator())
[megakernel] selftest mla rel=2.70e-03 pair_prefill=False group=2 prefill32=False -> ARM
[b12x-bounds] state_E=288 n=512 tile_m=16 routed_rows=2048 -> rows 6640/6640 tiles 415/415 tasks 1660/1660
round 3 [4777.7440547943115, 4744.7521686553955]
round 4 [4807.007789611816, 4744.784116744995]
case 32768 1 {'baseline': 4786.255836486816, 'optimized': 4751.999855041504}
round 0 [5326.047897338867, 5310.847997665405]
round 1 [5422.352075576782, 5380.768060684204]
round 2 [5292.975902557373, 5300.367832183838]
round 3 [5390.912055969238, 5343.487977981567]
round 4 [5656.64005279541, 5639.024019241333]
case 32768 6 {'baseline': 5359.424114227295, 'optimized': 5366.224050521851}
