round 0 [5074.064016342163, 5056.543827056885]
round 1 [5223.728179931641, 5148.767948150635]
round 2 [5159.055948257446, 5366.671800613403]
round 3 [5023.808002471924, 5134.24015045166]
round 4 [5003.567934036255, 5020.480155944824]
case 256 1 {'baseline': 5058.752059936523, 'optimized': 5148.767948150635}
round 0 [5655.632019042969, 5530.991792678833]
round 1 [5525.183916091919, 5518.399953842163]
round 2 [5556.832075119019, 5540.639877319336]
round 3 [5530.368089675903, 5547.999858856201]
round 4 [5500.367879867554, 5509.104013442993]
case 256 6 {'baseline': 5539.103984832764, 'optimized': 5528.943777084351}
round 0 [4892.928123474121, 4953.184127807617]
round 1 [4867.248058319092, 4846.960067749023]
round 2 [4883.088111877441, 4794.2399978637695]
round 3 [4794.159889221191, 4744.3201541900635]
round 4 [4897.199869155884, 5442.255973815918]
case 32768 1 {'baseline': 4879.3439865112305, 'optimized': 4866.352081298828}
round 0 [5484.447956085205, 5374.288082122803]
round 1 [5548.624038696289, 5429.664134979248]
round 2 [5491.039991378784, 5550.127983093262]
round 3 [5699.23210144043, 5532.23991394043]
round 4 [5502.239942550659, 5858.319997787476]
case 32768 6 {'baseline': 5532.271862030029, 'optimized': 5552.5758266448975}
[W911 12:24:13.554842032 Utils.hpp:137] Warning: Environment variable NCCL_ASYNC_ERROR_HANDLING is deprecated; use TORCH_NCCL_ASYNC_ERROR_HANDLING instead (function operator())
[megakernel] selftest mla rel=2.70e-03 pair_prefill=False group=2 prefill32=False -> ARM
[b12x-bounds] state_E=288 n=512 tile_m=16 routed_rows=2048 -> rows 6640/6640 tiles 415/415 tasks 1660/1660
