round 0 [5669.3761348724365, 5436.032056808472]
round 1 [5130.367994308472, 5627.200126647949]
round 2 [5183.712005615234, 4649.088144302368]
round 3 [4933.520078659058, 4856.639862060547]
round 4 [5226.480007171631, 4983.08801651001]
case 256 1 {'baseline': 5176.3200759887695, 'optimized': 5043.247938156128}
round 0 [5524.144172668457, 5477.615833282471]
round 1 [5495.599985122681, 5536.976099014282]
round 2 [5497.328042984009, 5522.272109985352]
round 3 [5520.272016525269, 5520.511865615845]
round 4 [5486.784219741821, 5518.0158615112305]
case 256 6 {'baseline': 5497.328042984009, 'optimized': 5508.784055709839}
round 0 [4817.456007003784, 4849.936008453369]
round 1 [4915.791988372803, 4838.543891906738]
round 2 [4837.808132171631, 4826.256036758423]
round 3 [5030.03191947937, 4924.959897994995]
round 4 [4984.224081039429, 4960.959911346436]
case 32768 1 {'baseline': 4898.944139480591, 'optimized': 4856.735944747925}
round 0 [5709.520101547241, 5792.128086090088]
round 1 [5724.159955978394, 5841.279983520508]
round 2 [5562.848091125488, 5750.624179840088]
round 3 [5634.079933166504, 5762.912034988403]
round 4 [5761.215925216675, 5788.7678146362305]
case 32768 6 {'baseline': 5674.816131591797, 'optimized': 5781.775951385498}
[W911 12:23:23.371770334 Utils.hpp:137] Warning: Environment variable NCCL_ASYNC_ERROR_HANDLING is deprecated; use TORCH_NCCL_ASYNC_ERROR_HANDLING instead (function operator())
[megakernel] selftest mla rel=2.70e-03 pair_prefill=False group=2 prefill32=False -> ARM
[b12x-bounds] state_E=288 n=512 tile_m=16 routed_rows=2048 -> rows 6640/6640 tiles 415/415 tasks 1660/1660
