round 0 [4759.31191444397, 4726.912021636963]
round 1 [4723.775863647461, 4698.976039886475]
round 2 [4754.784107208252, 4736.208200454712]
round 3 [4765.2318477630615, 4760.623931884766]
round 4 [4831.32791519165, 4742.33603477478]
case 256 1 {'baseline': 4760.575771331787, 'optimized': 4733.344078063965}
round 0 [5593.423843383789, 5343.248128890991]
round 1 [5284.976005554199, 5256.495952606201]
round 2 [5400.192022323608, 5233.824014663696]
round 3 [5584.03205871582, 5333.039999008179]
round 4 [5338.383913040161, 5249.167919158936]
case 256 6 {'baseline': 5433.488130569458, 'optimized': 5285.023927688599}
round 0 [5293.983936309814, 5082.768201828003]
round 1 [5314.687967300415, 5157.3920249938965]
round 2 [5119.103908538818, 4766.880035400391]
round 3 [4822.60799407959, 4828.752040863037]
round 4 [4882.879972457886, 4765.727996826172]
case 32768 1 {'baseline': 5093.487977981567, 'optimized': 4861.040115356445}
round 0 [5459.887981414795, 5334.847927093506]
round 1 [5344.048023223877, 5362.080097198486]
round 2 [5401.535987854004, 5355.87215423584]
round 3 [5360.176086425781, 5375.9520053863525]
round 4 [5441.648006439209, 5168.319940567017]
case 32768 6 {'baseline': 5405.600070953369, 'optimized': 5339.295864105225}
[W911 12:12:27.668117491 Utils.hpp:137] Warning: Environment variable NCCL_ASYNC_ERROR_HANDLING is deprecated; use TORCH_NCCL_ASYNC_ERROR_HANDLING instead (function operator())
[megakernel] selftest mla rel=2.70e-03 pair_prefill=False group=2 prefill32=False -> ARM
[b12x-bounds] state_E=288 n=512 tile_m=16 routed_rows=2048 -> rows 6640/6640 tiles 415/415 tasks 1660/1660
