round 0 [4781.087875366211, 4727.823972702026]
round 1 [4707.184076309204, 4705.1520347595215]
round 2 [4735.8238697052, 4751.823902130127]
round 3 [4782.288074493408, 4784.816026687622]
round 4 [4827.487945556641, 4788.127899169922]
case 256 1 {'baseline': 4762.639999389648, 'optimized': 4740.991830825806}
round 0 [5599.440097808838, 5360.76807975769]
round 1 [5328.160047531128, 5293.8079833984375]
round 2 [5420.336008071899, 5235.984086990356]
round 3 [5584.239959716797, 5341.631889343262]
round 4 [5317.663908004761, 5262.095928192139]
case 256 6 {'baseline': 5437.6959800720215, 'optimized': 5297.455787658691}
round 0 [5295.567989349365, 5076.6401290893555]
round 1 [5328.415870666504, 5170.1600551605225]
round 2 [5088.848114013672, 4779.855966567993]
round 3 [4830.927848815918, 4780.128002166748]
round 4 [4890.927791595459, 4787.343978881836]
case 32768 1 {'baseline': 5087.488174438477, 'optimized': 4840.896129608154}
round 0 [5464.256048202515, 5358.368158340454]
round 1 [5336.431980133057, 5351.903915405273]
round 2 [5384.575843811035, 5345.567941665649]
round 3 [5358.60800743103, 5382.672071456909]
round 4 [5456.223964691162, 5178.112030029297]
case 32768 6 {'baseline': 5406.368017196655, 'optimized': 5340.464115142822}
[W911 12:12:25.717130485 Utils.hpp:137] Warning: Environment variable NCCL_ASYNC_ERROR_HANDLING is deprecated; use TORCH_NCCL_ASYNC_ERROR_HANDLING instead (function operator())
[megakernel] selftest mla rel=2.70e-03 pair_prefill=False group=2 prefill32=False -> ARM
[b12x-bounds] state_E=288 n=512 tile_m=16 routed_rows=2048 -> rows 6640/6640 tiles 415/415 tasks 1660/1660
