NCCL version 2.29.7+cuda13.2
round 0 [5302.479982376099, 5159.024000167847]
round 1 [4672.415971755981, 4737.087965011597]
round 2 [4678.719997406006, 4698.512077331543]
round 3 [5022.272109985352, 4732.656002044678]
round 4 [5001.7759799957275, 4750.479936599731]
case 256 1 {'baseline': 4811.023950576782, 'optimized': 4778.3520221710205}
round 0 [5786.207914352417, 5653.424024581909]
round 1 [5677.903890609741, 5453.952074050903]
round 2 [5622.096061706543, 5652.415990829468]
round 3 [5439.152002334595, 5747.744083404541]
round 4 [5778.448104858398, 5660.943984985352]
case 256 6 {'baseline': 5705.312013626099, 'optimized': 5660.096168518066}
round 0 [5013.391971588135, 4907.023906707764]
round 1 [5025.935888290405, 4990.479946136475]
round 2 [4969.104051589966, 4906.768083572388]
round 3 [4955.935955047607, 4897.488117218018]
round 4 [4961.712121963501, 4887.983798980713]
case 32768 1 {'baseline': 5002.863883972168, 'optimized': 4912.944078445435}
round 0 [5500.1280307769775, 5473.328113555908]
round 1 [5505.935907363892, 5476.095914840698]
round 2 [5482.383966445923, 5499.520063400269]
round 3 [5475.167989730835, 5495.3601360321045]
round 4 [5579.7600746154785, 5547.359943389893]
case 32768 6 {'baseline': 5507.503986358643, 'optimized': 5495.136022567749}
[W911 12:22:35.425578355 Utils.hpp:137] Warning: Environment variable NCCL_ASYNC_ERROR_HANDLING is deprecated; use TORCH_NCCL_ASYNC_ERROR_HANDLING instead (function operator())
[megakernel] selftest mla rel=2.70e-03 pair_prefill=False group=2 prefill32=False -> ARM
[b12x-bounds] state_E=288 n=512 tile_m=16 routed_rows=2048 -> rows 6640/6640 tiles 415/415 tasks 1660/1660
/usr/local/lib/python3.12/dist-packages/torch/distributed/c10d_logger.py:83: UserWarning: barrier(): using the device under current context. You can specify `device_id` in `init_process_group` to mute this warning.
  return func(*args, **kwargs)
