round 0 [4978.176116943359, 4851.056098937988]
round 1 [9974.783897399902, 5139.008045196533]
round 2 [10019.824028015137, 4791.824102401733]
round 3 [4698.575973510742, 4522.240161895752]
round 4 [4677.727937698364, 9513.455867767334]
case 256 1 {'baseline': 5509.119987487793, 'optimized': 4865.056037902832}
round 0 [5492.687940597534, 6319.904088973999]
round 1 [13028.36799621582, 11730.30424118042]
round 2 [13475.584030151367, 35582.39936828613]
round 3 [12685.935974121094, 37068.63975524902]
round 4 [10600.591659545898, 12972.65625]
case 256 6 {'baseline': 12800.159931182861, 'optimized': 13036.00025177002}
round 0 [9816.336154937744, 11254.000186920166]
round 1 [17528.39946746826, 9758.863925933838]
round 2 [9947.872161865234, 29407.08827972412]
round 3 [9881.551742553711, 12097.472190856934]
round 4 [9863.312244415283, 26077.216148376465]
case 32768 1 {'baseline': 10200.207710266113, 'optimized': 12230.207920074463}
round 0 [12771.088123321533, 10515.28024673462]
round 1 [13200.511932373047, 10775.295734405518]
round 2 [11568.17626953125, 12697.55220413208]
round 3 [6601.599931716919, 23207.551956176758]
round 4 [11957.087993621826, 10542.5443649292]
case 32768 6 {'baseline': 11591.184139251709, 'optimized': 12623.600006103516}
[W911 12:17:16.726957244 Utils.hpp:137] Warning: Environment variable NCCL_ASYNC_ERROR_HANDLING is deprecated; use TORCH_NCCL_ASYNC_ERROR_HANDLING instead (function operator())
[megakernel] selftest mla rel=2.70e-03 pair_prefill=False group=2 prefill32=False -> ARM
[b12x-bounds] state_E=288 n=512 tile_m=16 routed_rows=2048 -> rows 6640/6640 tiles 415/415 tasks 1660/1660
