round 0 [4863.071918487549, 4883.296012878418]
round 1 [4908.175945281982, 4819.488048553467]
round 2 [4944.591999053955, 4908.607959747314]
round 3 [4950.83212852478, 4834.575891494751]
round 4 [4864.447832107544, 4862.94412612915]
case 256 1 {'baseline': 4905.055999755859, 'optimized': 4867.327928543091}
round 0 [5323.456048965454, 5287.968158721924]
round 1 [5284.895896911621, 5295.84002494812]
round 2 [5293.008089065552, 5273.152112960815]
round 3 [5313.839912414551, 5339.440107345581]
round 4 [5279.759883880615, 5280.159950256348]
case 256 6 {'baseline': 5298.304080963135, 'optimized': 5288.448095321655}
round 0 [4775.264024734497, 4794.9278354644775]
round 1 [4771.968126296997, 4722.896099090576]
round 2 [4782.959938049316, 4778.064012527466]
round 3 [4773.360013961792, 4758.496046066284]
round 4 [4798.4960079193115, 4743.664026260376]
case 32768 1 {'baseline': 4781.008005142212, 'optimized': 4749.039888381958}
round 0 [5320.575952529907, 5324.144124984741]
round 1 [5421.535968780518, 5400.15983581543]
round 2 [5306.943893432617, 5316.255807876587]
round 3 [5426.223993301392, 5350.496053695679]
round 4 [5657.871961593628, 5554.832220077515]
case 32768 6 {'baseline': 5362.159967422485, 'optimized': 5382.67183303833}
[W911 12:16:25.638130784 Utils.hpp:137] Warning: Environment variable NCCL_ASYNC_ERROR_HANDLING is deprecated; use TORCH_NCCL_ASYNC_ERROR_HANDLING instead (function operator())
[megakernel] selftest mla rel=2.70e-03 pair_prefill=False group=2 prefill32=False -> ARM
[b12x-bounds] state_E=288 n=512 tile_m=16 routed_rows=2048 -> rows 6640/6640 tiles 415/415 tasks 1660/1660
