round 0 [5284.272193908691, 5186.896085739136]
round 1 [4672.447919845581, 4695.42384147644]
round 2 [4685.743808746338, 4702.879905700684]
round 3 [5003.9520263671875, 4723.536014556885]
round 4 [4991.647958755493, 4753.775835037231]
case 256 1 {'baseline': 4806.4000606536865, 'optimized': 4791.599988937378}
round 0 [5802.3200035095215, 5645.263910293579]
round 1 [5730.943918228149, 5478.5919189453125]
round 2 [5560.400009155273, 5709.02419090271]
round 3 [5407.423973083496, 5728.304147720337]
round 4 [5762.143850326538, 5662.544012069702]
case 256 6 {'baseline': 5720.335960388184, 'optimized': 5662.544012069702}
round 0 [5003.82399559021, 4931.535959243774]
round 1 [5034.847974777222, 5009.967803955078]
round 2 [4963.7439250946045, 4922.255992889404]
round 3 [4973.200082778931, 4932.080030441284]
round 4 [4960.079908370972, 4880.159854888916]
case 32768 1 {'baseline': 4996.719837188721, 'optimized': 4930.384159088135}
round 0 [5516.43180847168, 5475.247859954834]
round 1 [5529.9999713897705, 5489.007949829102]
round 2 [5486.160039901733, 5480.223894119263]
round 3 [5482.320070266724, 5497.744083404541]
round 4 [5583.728075027466, 5565.407991409302]
case 32768 6 {'baseline': 5515.359878540039, 'optimized': 5496.623992919922}
[W911 12:22:34.073430575 Utils.hpp:137] Warning: Environment variable NCCL_ASYNC_ERROR_HANDLING is deprecated; use TORCH_NCCL_ASYNC_ERROR_HANDLING instead (function operator())
[megakernel] selftest mla rel=2.70e-03 pair_prefill=False group=2 prefill32=False -> ARM
[b12x-bounds] state_E=288 n=512 tile_m=16 routed_rows=2048 -> rows 6640/6640 tiles 415/415 tasks 1660/1660
