round 0 [5050.863981246948, 5040.672063827515]
round 1 [5188.159942626953, 5105.087995529175]
round 2 [5155.168056488037, 5376.783847808838]
round 3 [4983.968019485474, 5120.60809135437]
round 4 [4979.80809211731, 4982.432126998901]
case 256 1 {'baseline': 5032.351970672607, 'optimized': 5133.327960968018}
round 0 [5641.647815704346, 5528.128147125244]
round 1 [5536.191940307617, 5515.327930450439]
round 2 [5552.175998687744, 5540.607929229736]
round 3 [5532.831907272339, 5546.639919281006]
round 4 [5497.2639083862305, 5555.11999130249]
case 256 6 {'baseline': 5544.7680950164795, 'optimized': 5536.59200668335}
round 0 [4896.8000411987305, 4961.296081542969]
round 1 [4883.4240436553955, 4842.81587600708]
round 2 [4896.111965179443, 4781.66389465332]
round 3 [4773.983955383301, 4758.496046066284]
round 4 [4899.519920349121, 5402.352094650269]
case 32768 1 {'baseline': 4877.311944961548, 'optimized': 4862.512111663818}
round 0 [5433.680057525635, 5365.039825439453]
round 1 [5553.47204208374, 5414.608001708984]
round 2 [5485.4559898376465, 5531.024217605591]
round 3 [5698.927879333496, 5530.59196472168]
round 4 [5491.904020309448, 5862.160205841064]
case 32768 6 {'baseline': 5508.464097976685, 'optimized': 5534.127950668335}
[W911 12:24:14.776865710 Utils.hpp:137] Warning: Environment variable NCCL_ASYNC_ERROR_HANDLING is deprecated; use TORCH_NCCL_ASYNC_ERROR_HANDLING instead (function operator())
[megakernel] selftest mla rel=2.70e-03 pair_prefill=False group=2 prefill32=False -> ARM
[b12x-bounds] state_E=288 n=512 tile_m=16 routed_rows=2048 -> rows 6640/6640 tiles 415/415 tasks 1660/1660
