round 0 [5200.8960247039795, 5187.0880126953125]
round 1 [4686.11216545105, 4700.495958328247]
round 2 [4694.672107696533, 4706.35199546814]
round 3 [5021.856069564819, 4732.079982757568]
round 4 [4993.599891662598, 4755.696058273315]
case 256 1 {'baseline': 4820.672035217285, 'optimized': 4782.671928405762}
round 0 [5794.399976730347, 5650.895833969116]
round 1 [5633.4240436553955, 5467.8239822387695]
round 2 [5563.5998249053955, 5724.848031997681]
round 3 [5420.943975448608, 5714.800119400024]
round 4 [5778.863906860352, 5648.144006729126]
case 256 6 {'baseline': 5698.400020599365, 'optimized': 5654.3519496917725}
round 0 [5016.175985336304, 4923.199892044067]
round 1 [5035.552024841309, 5000.9918212890625]
round 2 [4977.776050567627, 4956.35199546814]
round 3 [4973.311901092529, 4920.768022537231]
round 4 [4959.712028503418, 4883.200168609619]
case 32768 1 {'baseline': 5010.30421257019, 'optimized': 4934.687852859497}
round 0 [5579.8399448394775, 5481.712102890015]
round 1 [5514.656066894531, 5497.711896896362]
round 2 [5486.543893814087, 5494.56000328064]
round 3 [5512.176036834717, 5506.415843963623]
round 4 [5601.647853851318, 5562.256097793579]
case 32768 6 {'baseline': 5529.5679569244385, 'optimized': 5502.3040771484375}
[W911 12:22:33.029039214 Utils.hpp:137] Warning: Environment variable NCCL_ASYNC_ERROR_HANDLING is deprecated; use TORCH_NCCL_ASYNC_ERROR_HANDLING instead (function operator())
[megakernel] selftest mla rel=2.70e-03 pair_prefill=False group=2 prefill32=False -> ARM
[b12x-bounds] state_E=288 n=512 tile_m=16 routed_rows=2048 -> rows 6640/6640 tiles 415/415 tasks 1660/1660
