NCCL version 2.29.7+cuda13.2
round 0 [4865.952014923096, 4854.752063751221]
round 1 [4869.744062423706, 4775.67982673645]
round 2 [4976.047992706299, 4887.760162353516]
round 3 [4940.000057220459, 4855.119943618774]
round 4 [4874.896049499512, 4882.080078125]
case 256 1 {'baseline': 4895.488023757935, 'optimized': 4857.471942901611}
round 0 [5326.128005981445, 5301.807880401611]
round 1 [5284.2559814453125, 5275.3918170928955]
round 2 [5279.152154922485, 5267.4720287323]
round 3 [5291.743993759155, 5337.759971618652]
round 4 [5275.264024734497, 5282.880067825317]
case 256 6 {'baseline': 5294.303894042969, 'optimized': 5286.128044128418}
round 0 [4791.919946670532, 4790.031909942627]
round 1 [4765.392065048218, 4732.079982757568]
round 2 [4786.272048950195, 4768.095970153809]
round 3 [4779.536008834839, 4741.263866424561]
round 4 [4815.1679039001465, 4742.192029953003]
case 32768 1 {'baseline': 4780.815839767456, 'optimized': 4750.143766403198}
round 0 [5317.0881271362305, 5325.8562088012695]
round 1 [5425.904035568237, 5399.343967437744]
round 2 [5287.760019302368, 5313.776016235352]
round 3 [5387.663841247559, 5345.312118530273]
round 4 [5671.087980270386, 5602.672100067139]
case 32768 6 {'baseline': 5361.455917358398, 'optimized': 5368.97611618042}
[W911 12:16:27.092135827 Utils.hpp:137] Warning: Environment variable NCCL_ASYNC_ERROR_HANDLING is deprecated; use TORCH_NCCL_ASYNC_ERROR_HANDLING instead (function operator())
[megakernel] selftest mla rel=2.70e-03 pair_prefill=False group=2 prefill32=False -> ARM
[b12x-bounds] state_E=288 n=512 tile_m=16 routed_rows=2048 -> rows 6640/6640 tiles 415/415 tasks 1660/1660
/usr/local/lib/python3.12/dist-packages/torch/distributed/c10d_logger.py:83: UserWarning: barrier(): using the device under current context. You can specify `device_id` in `init_process_group` to mute this warning.
  return func(*args, **kwargs)
