round 0 [5653.648138046265, 5425.040006637573]
round 1 [5111.008167266846, 5587.759971618652]
round 2 [5122.192144393921, 4646.719932556152]
round 3 [4928.624153137207, 4846.6081619262695]
round 4 [5233.232021331787, 4977.344036102295]
case 256 1 {'baseline': 5170.81618309021, 'optimized': 5034.592151641846}
round 0 [5524.304151535034, 5474.127769470215]
round 1 [5480.88002204895, 5506.080150604248]
round 2 [5494.943857192993, 5554.735898971558]
round 3 [5490.880012512207, 5528.687953948975]
round 4 [5516.432046890259, 5523.632049560547]
case 256 6 {'baseline': 5495.728015899658, 'optimized': 5510.128021240234}
round 0 [4823.696136474609, 4848.912000656128]
round 1 [4905.02405166626, 4836.24005317688]
round 2 [4842.992067337036, 4823.471784591675]
round 3 [5034.655809402466, 4920.575857162476]
round 4 [4919.1999435424805, 4964.7839069366455]
case 32768 1 {'baseline': 4892.192125320435, 'optimized': 4858.831882476807}
round 0 [5699.584007263184, 5792.815923690796]
round 1 [5712.975978851318, 5845.167875289917]
round 2 [5562.896013259888, 5774.240016937256]
round 3 [5625.6959438323975, 5760.031938552856]
round 4 [5748.36802482605, 5803.375959396362]
case 32768 6 {'baseline': 5661.872148513794, 'optimized': 5796.864032745361}
[W911 12:23:23.891144805 Utils.hpp:137] Warning: Environment variable NCCL_ASYNC_ERROR_HANDLING is deprecated; use TORCH_NCCL_ASYNC_ERROR_HANDLING instead (function operator())
[megakernel] selftest mla rel=2.70e-03 pair_prefill=False group=2 prefill32=False -> ARM
[b12x-bounds] state_E=288 n=512 tile_m=16 routed_rows=2048 -> rows 6640/6640 tiles 415/415 tasks 1660/1660
