round 0 [5561.471939086914, 5382.0641040802]
round 1 [5121.75989151001, 5531.552076339722]
round 2 [5199.536085128784, 4634.703874588013]
round 3 [4929.6159744262695, 4811.359882354736]
round 4 [5207.167863845825, 4916.46409034729]
case 256 1 {'baseline': 5173.919916152954, 'optimized': 5050.5921840667725}
round 0 [5533.328056335449, 5479.520082473755]
round 1 [5490.063905715942, 5490.111827850342]
round 2 [5510.400056838989, 5568.495988845825]
round 3 [5488.1439208984375, 5526.912212371826]
round 4 [5517.935991287231, 5516.7200565338135]
case 256 6 {'baseline': 5509.120225906372, 'optimized': 5515.040159225464}
round 0 [4816.431999206543, 4856.432199478149]
round 1 [4905.488014221191, 4838.560104370117]
round 2 [4839.120149612427, 4819.231986999512]
round 3 [5026.672124862671, 4920.399904251099]
round 4 [4953.104019165039, 4970.416069030762]
case 32768 1 {'baseline': 4903.42378616333, 'optimized': 4880.768060684204}
round 0 [5688.463926315308, 5787.631988525391]
round 1 [5676.559925079346, 5839.760065078735]
round 2 [5519.167900085449, 5769.295930862427]
round 3 [5632.544040679932, 5759.520053863525]
round 4 [5760.096073150635, 5779.439926147461]
case 32768 6 {'baseline': 5668.3361530303955, 'optimized': 5788.016080856323}
[W911 12:23:24.143052963 Utils.hpp:137] Warning: Environment variable NCCL_ASYNC_ERROR_HANDLING is deprecated; use TORCH_NCCL_ASYNC_ERROR_HANDLING instead (function operator())
[megakernel] selftest mla rel=2.70e-03 pair_prefill=False group=2 prefill32=False -> ARM
[b12x-bounds] state_E=288 n=512 tile_m=16 routed_rows=2048 -> rows 6640/6640 tiles 415/415 tasks 1660/1660
