round 0 [4760.319948196411, 4726.880073547363]
round 1 [4717.167854309082, 4702.831983566284]
round 2 [4728.048086166382, 4734.143972396851]
round 3 [4766.815900802612, 4768.752098083496]
round 4 [4833.215951919556, 4733.952045440674]
case 256 1 {'baseline': 4757.568120956421, 'optimized': 4728.800058364868}
round 0 [5589.119911193848, 5308.416128158569]
round 1 [5289.792060852051, 5253.9520263671875]
round 2 [5380.752086639404, 5224.495887756348]
round 3 [5579.567909240723, 5364.272117614746]
round 4 [5323.888063430786, 5258.8958740234375]
case 256 6 {'baseline': 5437.21604347229, 'optimized': 5286.959886550903}
round 0 [5286.399841308594, 5078.704118728638]
round 1 [5290.879964828491, 5193.7761306762695]
round 2 [5167.392015457153, 4772.063970565796]
round 3 [4830.25598526001, 4794.991970062256]
round 4 [4925.712108612061, 4759.27996635437]
case 32768 1 {'baseline': 5094.640016555786, 'optimized': 4852.3359298706055}
round 0 [5459.120035171509, 5345.695972442627]
round 1 [5341.408014297485, 5356.032133102417]
round 2 [5381.328105926514, 5339.50400352478]
round 3 [5355.567932128906, 5371.488094329834]
round 4 [5446.52795791626, 5166.687965393066]
case 32768 6 {'baseline': 5404.44803237915, 'optimized': 5340.208053588867}
[W911 12:12:26.302420861 Utils.hpp:137] Warning: Environment variable NCCL_ASYNC_ERROR_HANDLING is deprecated; use TORCH_NCCL_ASYNC_ERROR_HANDLING instead (function operator())
[megakernel] selftest mla rel=2.70e-03 pair_prefill=False group=2 prefill32=False -> ARM
[b12x-bounds] state_E=288 n=512 tile_m=16 routed_rows=2048 -> rows 6640/6640 tiles 415/415 tasks 1660/1660
