CPU core: /usr/bin/python3 tests/test_logic.py --component core
09 knobs) ... OK
  profile keys have readers (152) ... OK
  bf16-release guards ........... OK
  DSpark speed-path guards ...... OK
  acceptance lever guards ....... OK
  ngram-ceiling sim math ........ OK
  UE8M0 scale repair ............. OK
  EP stock top-k chunks .......... OK
  EP fixed/stock output init ..... OK
  b12x zero-weight micro ......... OK
  GLM53 b12x tuning controls ..... OK
  b12x static v2 controls ........ OK
  EP micro chunk width .......... OK
  EP tail fixed shape ........... OK
  EP compact shape align ........ OK
  EP compact warmup ladder ...... OK
  *_once args hashable .......... OK
  dflash2 selector check ........ OK
  dflash2 selector score precision  OK
  overlay logger defined ........ OK
  osar MAXEL rank agreement ..... OK
  bench served-model resolve .... OK
  extra-env comma guard ......... OK
  torch imports guarded ......... OK
  dflash2 conv mask buffer ....... OK
  dflash AOT guard stays removed  OK
  hot-path env latches ........... OK
  launcher load-format gate ..... OK
  launcher reject-method gate ... OK
  dflash2 prefix-cache fail-closed  OK
  accept profile arithmetic ..... OK
  DSV4 launcher adoptions ....... OK
  launcher nofile limit ......... OK
  prefill ladder probe .......... OK
  fp8 acceptance contracts ....... OK
  glm53 V2/deploy contracts ...... OK
  launcher head guard .......... OK
  preflight applies GMU ......... OK
  no hardcoded image paths ...... OK
  b12x EP routing ................ OK
  b12x EP preflight .............. OK
  b12x EP launcher ............... OK
  deploy refusal exits non-zero .. OK
  fp8-dense nvfp4 scheme contract .. OK
  benches ask the server for the model .. OK
  korean gate notation vs damage .. OK
  every module is mounted or explained .. OK
  profile knobs are all readable .. OK
  fp8-dense bf16 release contract .. OK
  mhc probe contracts ............ OK
  mhc bigfuse knob ............... OK
  census KDA group ............... OK
  census owner axis .............. OK
  census streaming reader ....... OK
  trace step tail cut ........... OK
  profiles README module table .. OK
  dflash warmup buckets .......... OK
  DSV4 spec warmup contract ...... OK
  DSV4 UE8M0 host guard ......... OK
  GLM53 kpool packed scratch ...... OK
  GLM53 KDA prefill regimes ....... OK
  GLM53 KDA prefill direct out ... OK
  GLM53 upstream prefill batch ..... OK
  one-shot SM121 grid contract .... OK
  cuda builds keep the sm_121a-specific target .. OK
  self-built kernels persist their caches .. OK
  boot stamps measure without changing the boot .. OK
  cudagraph mem profiling off keeps kv size .. OK
  kv cache is pinned in tokens ... OK
  earlyoom fireable on UMA ...... OK
  fp8-dense drafter patterns + opaque op .. OK
  spec_k compile factor .. OK
  dev lab contracts .. OK
  mk head lane contracts .......... OK
  ab runner measures both ....... OK
  osar wait is split by message size .. OK
  osar prefetch hints contract .. OK
  glm53_dflash_early_fc contracts .. OK
  glm53_drafter_prep contracts .... OK
  indexer decode fused contracts .. OK
  drafter ctx-KV W4 contracts ..... OK
  trace step nodes tool ........... OK
  micro-fusion bundle 2 contracts .. OK
  glm53 megakernel contracts .. OK
  prefill warmup contracts ... OK
  w4 layout roundtrip ...... OK
  megakernel core is shared ..... OK
  glm53 prep fused contracts .. OK
  launcher continued-string assignments carry no comments .. OK
  launcher restores PREFILL_WARMUP from caller env .. OK
  decode-first scheduler contracts .. OK
  profile keys not via EXTRA_ENV .. OK
  glm53 IndexCache layer rule ... OK
  glm53 indexer gate split-K contracts .. OK
  bracket runner contracts .. OK
  trace composition analyze .. OK
  drafter fc probe contracts .. OK
  fp8-dense build peak .......... OK
  hy4 entry point parity ........ OK
  common tp4 library ............ OK
  worker envv not re-parsed ..... OK
  supervisor relaunch pacing .... OK
core OK (71136 checks; 50 megakernel regressions; 0 fleet regressions)

CPU individual: /usr/bin/python3 bench/cpu_unittest.py tests/test_ar_transport_next.py /evidence/result-individual-1.counts.json
[osar] consumer PDL CAPTURED numel=1
[oneshot] compact AR CAPTURED numel=1 ctas=12 tickets=48
[osar] source md5=a2d7bc9d kernels=3 maxel=131072 (/repo/overlay/modules/tp_oneshot_ar/dsv4_oneshot_ar.cu)
[osar] source md5=a2d7bc9d kernels=3 maxel=131072 (/repo/overlay/modules/tp_oneshot_ar/dsv4_oneshot_ar.cu)
[osar] source md5=a2d7bc9d kernels=3 maxel=131072 (/repo/overlay/modules/tp_oneshot_ar/dsv4_oneshot_ar.cu)
[osar] source md5=a2d7bc9d kernels=3 maxel=131072 (/repo/overlay/modules/tp_oneshot_ar/dsv4_oneshot_ar.cu)
[osar] source md5=dbaa9e2e kernels=3 maxel=131072 (/repo/overlay/modules/tp_oneshot_ar/dsv4_oneshot_ar.cu)
[osar] connected rank=0 world=4 shadow=True
[osar] transport modes differ across ranks -> NCCL
[osar] local setup failed on rank 0: RuntimeError('transport mode build mismatch: [0, 1, 8, 8, 8]')
[osar] 3/4 ranks ready -> every rank stays on NCCL
[osar] local setup failed on rank 0: RuntimeError('transport inline capability missing: [1, 1, 8, 7, 8]')
[osar] 3/4 ranks ready -> every rank stays on NCCL
[osar] local setup failed on rank 0: RuntimeError('transport mode build mismatch: [1, 1, 8, 8, 8]')
[osar] 3/4 ranks ready -> every rank stays on NCCL
[osar] connected rank=0 world=4 shadow=True
test_actual_geometry_and_publication_helpers (test_ar_transport_next.TransportTests.test_actual_geometry_and_publication_helpers) ... ok
test_actual_inline_descriptors_with_mock_verbs_and_ring_reuse (test_ar_transport_next.TransportTests.test_actual_inline_descriptors_with_mock_verbs_and_ring_reuse) ... ok
test_compact_capture_and_poison_failure_dispatch (test_ar_transport_next.TransportTests.test_compact_capture_and_poison_failure_dispatch) ... ok
test_header_and_mode_flags_bind_the_actual_build (test_ar_transport_next.TransportTests.test_header_and_mode_flags_bind_the_actual_build) ... ok
test_modes_are_exact_opt_in (test_ar_transport_next.TransportTests.test_modes_are_exact_opt_in) ... ok
test_nonfinite_error_cannot_hide_behind_exact_baseline (test_ar_transport_next.TransportTests.test_nonfinite_error_cannot_hide_behind_exact_baseline) ... ok
test_publication_and_proxy_integration_keep_order (test_ar_transport_next.TransportTests.test_publication_and_proxy_integration_keep_order) ... ok
test_rank_mode_mismatch_declines_before_connect (test_ar_transport_next.TransportTests.test_rank_mode_mismatch_declines_before_connect) ... ok

----------------------------------------------------------------------
Ran 8 tests in 1.174s

OK

CPU individual: /usr/bin/python3 bench/cpu_unittest.py tests/test_megakernel_ar_consumer_regressions.py /evidence/result-individual-2.counts.json
[osar] consumer PDL CAPTURED numel=4096
[megakernel] mhc-bf16 large fallback CAPTURED T=12 storage=fp32
[megakernel] mhc-bf16 CAPTURED T=6 cached=1
[megakernel] mhc-bf16 large fallback CAPTURED T=12 storage=fp32
[megakernel] AR consumer MHC CAPTURED T=6 bf16=True vec4=True
[megakernel] mhc-bf16 CAPTURED T=6 cached=1
[megakernel] AR consumer MHC CAPTURED T=6 bf16=False vec4=False
test_bf16_layout_preserves_every_bit_pattern (test_megakernel_ar_consumer_regressions.ConsumerTests.test_bf16_layout_preserves_every_bit_pattern) ... ok
test_collective_ownership_covers_actual_vector_and_tail_accesses (test_megakernel_ar_consumer_regressions.ConsumerTests.test_collective_ownership_covers_actual_vector_and_tail_accesses) ... ok
test_eligibility_and_capture_dispatch (test_megakernel_ar_consumer_regressions.ConsumerTests.test_eligibility_and_capture_dispatch) ... ok
test_exact_environment_gate (test_megakernel_ar_consumer_regressions.ConsumerTests.test_exact_environment_gate) ... ok
test_large_warmup_prepares_first_small_capture_without_repacking (test_megakernel_ar_consumer_regressions.ConsumerTests.test_large_warmup_prepares_first_small_capture_without_repacking) ... ok
test_layout_cache_preserves_graph_storage_and_versions (test_megakernel_ar_consumer_regressions.ConsumerTests.test_layout_cache_preserves_graph_storage_and_versions) ... ok
test_mhc_weight_only_before_wait (test_megakernel_ar_consumer_regressions.ConsumerTests.test_mhc_weight_only_before_wait) ... ok
test_probe_capture_is_not_serving_evidence (test_megakernel_ar_consumer_regressions.ConsumerTests.test_probe_capture_is_not_serving_evidence) ... ok
test_profile_default_on_and_cache_identity (test_megakernel_ar_consumer_regressions.ConsumerTests.test_profile_default_on_and_cache_identity) ... ok
test_protocol_wait_and_publication_order (test_megakernel_ar_consumer_regressions.ConsumerTests.test_protocol_wait_and_publication_order) ... ok
test_runtime_failure_does_not_split_collectives (test_megakernel_ar_consumer_regressions.ConsumerTests.test_runtime_failure_does_not_split_collectives) ... ok
test_standalone_pre_packs_the_real_three_dimensional_weight_view (test_megakernel_ar_consumer_regressions.ConsumerTests.test_standalone_pre_packs_the_real_three_dimensional_weight_view) ... ok

----------------------------------------------------------------------
Ran 12 tests in 0.684s

OK

CPU individual: /usr/bin/python3 bench/cpu_unittest.py tests/test_moe_reform_sf_pack.py /evidence/result-individual-3.counts.json
[b12x sf6] prepared FC1+FC2; packed bytes=18624
[b12x sf6] prepared FC1+FC2; packed bytes=18624
test_all_byte_codes_and_packing_boundaries (test_moe_reform_sf_pack.ByteContract.test_all_byte_codes_and_packing_boundaries) ... ok
test_byte_map_matches_nvfp4_row_and_k_coordinates (test_moe_reform_sf_pack.ByteContract.test_byte_map_matches_nvfp4_row_and_k_coordinates) ... ok
test_fc2_real_cute_layout_anchor (test_moe_reform_sf_pack.ByteContract.test_fc2_real_cute_layout_anchor) ... ok
test_full_code_range_falls_back_without_clipping (test_moe_reform_sf_pack.ByteContract.test_full_code_range_falls_back_without_clipping) ... ok
test_rejects_invalid_encodings_and_geometry (test_moe_reform_sf_pack.ByteContract.test_rejects_invalid_encodings_and_geometry) ... ok
test_defaults_stay_off_and_q_stays_probe_only (test_moe_reform_sf_pack.DispatchContract.test_defaults_stay_off_and_q_stays_probe_only) ... ok
test_nonfinite_or_negative_reference_cannot_relax_numeric_gate (test_moe_reform_sf_pack.ProbeEvidenceContract.test_nonfinite_or_negative_reference_cannot_relax_numeric_gate) ... ok
test_observed_lane_distinguishes_active_fallback_and_prefill (test_moe_reform_sf_pack.ProbeEvidenceContract.test_observed_lane_distinguishes_active_fallback_and_prefill) ... ok
test_stock_and_capture_evidence_fail_closed (test_moe_reform_sf_pack.ProbeEvidenceContract.test_stock_and_capture_evidence_fail_closed) ... ok
test_actual_packer_rejects_bad_storage (test_moe_reform_sf_pack.TensorContract.test_actual_packer_rejects_bad_storage) ... ok
test_actual_torch_packer_both_planes_and_source_retention (test_moe_reform_sf_pack.TensorContract.test_actual_torch_packer_both_planes_and_source_retention) ... ok
test_chunk_edges_and_both_plane_admission (test_moe_reform_sf_pack.TensorContract.test_chunk_edges_and_both_plane_admission) ... ok
test_serving_cache_generation_and_owner_lifetime (test_moe_reform_sf_pack.TensorContract.test_serving_cache_generation_and_owner_lifetime) ... ok

----------------------------------------------------------------------
Ran 13 tests in 0.696s

OK

CPU individual: /usr/bin/python3 bench/cpu_unittest.py tests/test_decode_next_cpu_runner.py /evidence/result-individual-4.counts.json
test_absent_auto_removed_container_counts_as_clean (test_decode_next_cpu_runner.RunnerTests.test_absent_auto_removed_container_counts_as_clean) ... ok
test_missing_or_duplicate_spec_cannot_hide_behind_pass (test_decode_next_cpu_runner.RunnerTests.test_missing_or_duplicate_spec_cannot_hide_behind_pass) ... ok
test_partial_stage_success_does_not_claim_complete_gate (test_decode_next_cpu_runner.RunnerTests.test_partial_stage_success_does_not_claim_complete_gate) ... ok
test_payload_timeout_receipt_survives_both_cleanup_timeouts (test_decode_next_cpu_runner.RunnerTests.test_payload_timeout_receipt_survives_both_cleanup_timeouts) ... ok
test_requested_dynamic_arm_must_also_compile (test_decode_next_cpu_runner.RunnerTests.test_requested_dynamic_arm_must_also_compile) ... ok
test_successful_compile_with_failed_cleanup_is_not_pass (test_decode_next_cpu_runner.RunnerTests.test_successful_compile_with_failed_cleanup_is_not_pass) ... ok
test_transport_receipt_requires_requested_modes_and_no_context (test_decode_next_cpu_runner.RunnerTests.test_transport_receipt_requires_requested_modes_and_no_context) ... ok

----------------------------------------------------------------------
Ran 7 tests in 0.004s

OK

CPU individual: /usr/bin/python3 bench/cpu_unittest.py tests/test_moe_sf6_owner.py /evidence/result-individual-5.counts.json
[b12x sf6] packed-only owners finalised: layers=1 raw_bytes_released=24576; decode and prefill read immutable packed scales
[b12x sf6] packed-only owners finalised: layers=1 raw_bytes_released=24576; decode and prefill read immutable packed scales
[b12x sf6] packed-only owners finalised: layers=1 raw_bytes_released=24576; decode and prefill read immutable packed scales
test_bad_owner_or_alias_fails_before_source_release (test_moe_sf6_owner.ModelOwnership.test_bad_owner_or_alias_fails_before_source_release) ... ok
test_model_apply_and_repeated_postload_never_rebuild_raw (test_moe_sf6_owner.ModelOwnership.test_model_apply_and_repeated_postload_never_rebuild_raw) ... ok
test_nonrepresentable_layer_keeps_both_original_planes (test_moe_sf6_owner.ModelOwnership.test_nonrepresentable_layer_keeps_both_original_planes) ... ok
test_only_requested_model_layers_and_non_ep_are_finalised (test_moe_sf6_owner.ModelOwnership.test_only_requested_model_layers_and_non_ep_are_finalised) ... ok
test_pending_registry_never_owns_model_or_experts (test_moe_sf6_owner.ModelOwnership.test_pending_registry_never_owns_model_or_experts) ... ok
test_real_lossless_owner_releases_all_raw_aliases_and_survives (test_moe_sf6_owner.ModelOwnership.test_real_lossless_owner_releases_all_raw_aliases_and_survives) ... ok
test_requested_flag_has_no_substring_or_default_activation (test_moe_sf6_owner.ModelOwnership.test_requested_flag_has_no_substring_or_default_activation) ... ok
test_dynamic_prefill_keeps_explicit_owner (test_moe_sf6_owner.PackedWrapper.test_dynamic_prefill_keeps_explicit_owner) ... ok
test_invalid_or_raw_mixed_owner_is_rejected (test_moe_sf6_owner.PackedWrapper.test_invalid_or_raw_mixed_owner_is_rejected) ... ok
test_repeated_captured_calls_use_owner_without_allocating_or_raw_cache (test_moe_sf6_owner.PackedWrapper.test_repeated_captured_calls_use_owner_without_allocating_or_raw_cache) ... ok

----------------------------------------------------------------------
Ran 10 tests in 0.127s

OK

CPU individual: /usr/bin/python3 bench/cpu_unittest.py tests/test_moe_sf6_dispatch.py /evidence/result-individual-6.counts.json
[b12x sf6] prepared FC1+FC2; packed bytes=37248
[b12x sf6] prepared FC1+FC2; packed bytes=37248
[b12x sf6] prepared FC1+FC2; packed bytes=37248
[b12x sf6] raw fallback: fc2 stage spans 256 byte codes (limit 64); packed bytes=0
test_dead_pointer_slots_use_packed_addresses_and_reject_raw_launch (test_moe_sf6_dispatch.PackedViews.test_dead_pointer_slots_use_packed_addresses_and_reject_raw_launch) ... ok
test_dynamic_prefill_launch_passes_compressed_planes_without_raw_tensors (test_moe_sf6_dispatch.PackedViews.test_dynamic_prefill_launch_passes_compressed_planes_without_raw_tensors) ... ok
test_final_owner_releases_raw_aliases_and_only_its_cache (test_moe_sf6_dispatch.PackedViews.test_final_owner_releases_raw_aliases_and_only_its_cache) ... ok
test_ineligible_paths_decline_before_packing (test_moe_sf6_dispatch.PackedViews.test_ineligible_paths_decline_before_packing) ... ok
test_unrepresentable_layer_retains_both_raw_planes (test_moe_sf6_dispatch.PackedViews.test_unrepresentable_layer_retains_both_raw_planes) ... ok

----------------------------------------------------------------------
Ran 5 tests in 0.228s

OK

CPU individual: /usr/bin/python3 bench/cpu_unittest.py tests/test_moe_static_sf6_direct.py /evidence/result-individual-7.counts.json
test_fc1_two_independent_bases_expand_without_neighbor_or_ring_alias (test_moe_static_sf6_direct.StaticDirectScales.test_fc1_two_independent_bases_expand_without_neighbor_or_ring_alias) ... ok
test_fc2_selective_bulk_and_actual_unpack_all_codes_halves_and_ring_slots (test_moe_static_sf6_direct.StaticDirectScales.test_fc2_selective_bulk_and_actual_unpack_all_codes_halves_and_ring_slots) ... ok
test_legacy_q_4096_in_place_expansion_is_unchanged (test_moe_static_sf6_direct.StaticDirectScales.test_legacy_q_4096_in_place_expansion_is_unchanged) ... ok
test_no_original_scale_tensor_is_created_outside_raw_only_branch (test_moe_static_sf6_direct.StaticDirectScales.test_no_original_scale_tensor_is_created_outside_raw_only_branch) ... ok
test_ordinary_and_reform_geometry_transaction_contract (test_moe_static_sf6_direct.StaticDirectScales.test_ordinary_and_reform_geometry_transaction_contract) ... ok
test_source_map_matches_actual_mma_byte_positions_for_both_geometries (test_moe_static_sf6_direct.StaticDirectScales.test_source_map_matches_actual_mma_byte_positions_for_both_geometries) ... ok

----------------------------------------------------------------------
Ran 6 tests in 0.194s

OK

CPU individual: /usr/bin/python3 bench/cpu_unittest.py tests/test_moe_dynamic_sf6.py /evidence/result-individual-8.counts.json
test_actual_unpack_exact_for_both_physical_halves_and_all_lanes (test_moe_dynamic_sf6.ByteMapTests.test_actual_unpack_exact_for_both_physical_halves_and_all_lanes) ... ok
test_bad_geometry_coordinates_and_plane_shapes_fail_closed (test_moe_dynamic_sf6.ByteMapTests.test_bad_geometry_coordinates_and_plane_shapes_fail_closed) ... ok
test_dynamic_tiles_match_original_raw_layout_through_shared_sf6_format (test_moe_dynamic_sf6.ByteMapTests.test_dynamic_tiles_match_original_raw_layout_through_shared_sf6_format) ... ok
test_no_raw_expert_scale_descriptor_and_extended_abi_are_explicit (test_moe_dynamic_sf6.ForkContractTests.test_no_raw_expert_scale_descriptor_and_extended_abi_are_explicit) ... ok
test_tma_transaction_budgets_exclude_synchronous_scale_bytes (test_moe_dynamic_sf6.ForkContractTests.test_tma_transaction_budgets_exclude_synchronous_scale_bytes) ... ok
test_fc1_native_n64_halves_replay_correct_physical_n128_scale_blocks (test_moe_dynamic_sf6.ProducerTests.test_fc1_native_n64_halves_replay_correct_physical_n128_scale_blocks) ... ok
test_fc2_stage_mapping_and_alias_publication (test_moe_dynamic_sf6.ProducerTests.test_fc2_stage_mapping_and_alias_publication) ... ok

----------------------------------------------------------------------
Ran 7 tests in 0.193s

OK

