test_bf16_global_default_retains_fp32_accumulators (test_dsv41_dual_sparse.DualSparseContracts.test_bf16_global_default_retains_fp32_accumulators) ... ok
test_boundaries_and_noncontiguous_batch_query_head_inputs (test_dsv41_dual_sparse.DualSparseContracts.test_boundaries_and_noncontiguous_batch_query_head_inputs) ... ok
test_duplicates_are_not_deduplicated_and_order_is_retained (test_dsv41_dual_sparse.DualSparseContracts.test_duplicates_are_not_deduplicated_and_order_is_retained) ... ok
test_empty_pools_and_empty_slots_preserve_extreme_sink_domain (test_dsv41_dual_sparse.DualSparseContracts.test_empty_pools_and_empty_slots_preserve_extreme_sink_domain) ... ok
test_extra_safe_invalid_ids_do_not_claim_original_equivalence (test_dsv41_dual_sparse.DualSparseContracts.test_extra_safe_invalid_ids_do_not_claim_original_equivalence) ... ok
test_gather_scratch_is_bounded_and_no_full_pool_cat_occurs (test_dsv41_dual_sparse.DualSparseContracts.test_gather_scratch_is_bounded_and_no_full_pool_cat_occurs) ... ok
test_invalid_qk_seed_keeps_nan_times_zero_behavior (test_dsv41_dual_sparse.DualSparseContracts.test_invalid_qk_seed_keeps_nan_times_zero_behavior) ... ok
test_invalid_shapes_types_and_scalar_guards_fail_before_dispatch (test_dsv41_dual_sparse.DualSparseContracts.test_invalid_shapes_types_and_scalar_guards_fail_before_dispatch) ... ok
test_same_address_mutation_is_visible_without_input_writes (test_dsv41_dual_sparse.DualSparseContracts.test_same_address_mutation_is_visible_without_input_writes) ... ok
test_sink_is_once_after_staged_bf16_probability_rounding (test_dsv41_dual_sparse.DualSparseContracts.test_sink_is_once_after_staged_bf16_probability_rounding) ... ok
test_triton_widths_and_strides_are_runtime_not_prefill_specializations (test_dsv41_dual_sparse.DualSparseContracts.test_triton_widths_and_strides_are_runtime_not_prefill_specializations) ... ok
test_untrusted_reference_source_is_refused_before_execution (test_dsv41_dual_sparse.DualSparseContracts.test_untrusted_reference_source_is_refused_before_execution) ... ok
test_all_38_prefill_decode_empty_prefix_and_ring_wrap_equal_gathers (test_dsv41_dual_sparse_reference_adapter.DualAdapterTests.test_all_38_prefill_decode_empty_prefix_and_ring_wrap_equal_gathers) ... ok
test_ast_rewrite_removes_only_kv_cat_and_changes_one_call (test_dsv41_dual_sparse_reference_adapter.DualAdapterTests.test_ast_rewrite_removes_only_kv_cat_and_changes_one_call) ... ok
test_default_off_source_and_loaded_methods_are_strict (test_dsv41_dual_sparse_reference_adapter.DualAdapterTests.test_default_off_source_and_loaded_methods_are_strict) ... ok
test_indexer_adapter_registry_is_independent (test_dsv41_dual_sparse_reference_adapter.DualAdapterTests.test_indexer_adapter_registry_is_independent) ... ok
test_install_rollback_and_capture_guards_are_pre_mutation (test_dsv41_dual_sparse_reference_adapter.DualAdapterTests.test_install_rollback_and_capture_guards_are_pre_mutation) ... ok
test_loaded_default_drift_and_geometry_rejected (test_dsv41_dual_sparse_reference_adapter.DualAdapterTests.test_loaded_default_drift_and_geometry_rejected) ... ok
test_replaced_instance_helpers_storage_or_world_are_rejected (test_dsv41_dual_sparse_reference_adapter.DualAdapterTests.test_replaced_instance_helpers_storage_or_world_are_rejected) ... ok
test_restore_preserves_cache_history_and_shared_slots (test_dsv41_dual_sparse_reference_adapter.DualAdapterTests.test_restore_preserves_cache_history_and_shared_slots) ... ok
test_async_or_replacement_collective_return_rejected (test_dsv41_indexer_contracts.CompactIndexerContracts.test_async_or_replacement_collective_return_rejected) ... ok
test_bad_dtype_shape_and_chunk_refused (test_dsv41_indexer_contracts.CompactIndexerContracts.test_bad_dtype_shape_and_chunk_refused) ... ok
test_collective_called_once_on_contiguous_bf16_payload (test_dsv41_indexer_contracts.CompactIndexerContracts.test_collective_called_once_on_contiguous_bf16_payload) ... ok
test_collective_cannot_resize_payload (test_dsv41_indexer_contracts.CompactIndexerContracts.test_collective_cannot_resize_payload) ... ok
test_empty_keyspace_preserves_collective_shape (test_dsv41_indexer_contracts.CompactIndexerContracts.test_empty_keyspace_preserves_collective_shape) ... ok
test_invalid_ids_do_not_read_or_enter_topk (test_dsv41_indexer_contracts.CompactIndexerContracts.test_invalid_ids_do_not_read_or_enter_topk) ... ok
test_offset_must_fit_int32 (test_dsv41_indexer_contracts.CompactIndexerContracts.test_offset_must_fit_int32) ... ok
test_strided_cache_and_rounding_match_dense_gather (test_dsv41_indexer_contracts.CompactIndexerContracts.test_strided_cache_and_rounding_match_dense_gather) ... ok
test_width_is_runtime_and_does_not_specialize_every_decode_token (test_dsv41_indexer_contracts.CompactIndexerContracts.test_width_is_runtime_and_does_not_specialize_every_decode_token) ... ok
test_collective_once_inplace_and_zero_width_shape (test_dsv41_packed_index.PackedIndexerContracts.test_collective_once_inplace_and_zero_width_shape) ... ok
test_collective_replacement_async_metadata_and_cache_mutation_fail (test_dsv41_packed_index.PackedIndexerContracts.test_collective_replacement_async_metadata_and_cache_mutation_fail) ... ok
test_decode_dimensions_are_unspecialized_runtime_arguments (test_dsv41_packed_index.PackedIndexerContracts.test_decode_dimensions_are_unspecialized_runtime_arguments) ... ok
test_dtype_shapes_range_and_scratch_boundaries (test_dsv41_packed_index.PackedIndexerContracts.test_dtype_shapes_range_and_scratch_boundaries) ... ok
test_invalid_writes_and_strided_owner_are_refused (test_dsv41_packed_index.PackedIndexerContracts.test_invalid_writes_and_strided_owner_are_refused) ... ok
test_official_byte_write_offsets_and_zero_initialization (test_dsv41_packed_index.PackedIndexerContracts.test_official_byte_write_offsets_and_zero_initialization) ... ok
test_owner_identity_generation_and_outside_writes_are_detected (test_dsv41_packed_index.PackedIndexerContracts.test_owner_identity_generation_and_outside_writes_are_detected) ... ok
test_strided_inputs_preserve_bf16_rounding_and_invalid_ids_zero (test_dsv41_packed_index.PackedIndexerContracts.test_strided_inputs_preserve_bf16_rounding_and_invalid_ids_zero) ... ok
test_actual_bf16_allocations_released_and_buffers_registered (test_dsv41_packed_reference_adapter.PackedAdapterTests.test_actual_bf16_allocations_released_and_buffers_registered) ... ok
test_all_eight_dense_prefill_and_ratio_two_no_publication (test_dsv41_packed_reference_adapter.PackedAdapterTests.test_all_eight_dense_prefill_and_ratio_two_no_publication) ... ok
test_capture_is_rejected_before_install_or_restore_allocation (test_dsv41_packed_reference_adapter.PackedAdapterTests.test_capture_is_rejected_before_install_or_restore_allocation) ... ok
test_compact_same_step_selection_and_restore_external_override_guard (test_dsv41_packed_reference_adapter.PackedAdapterTests.test_compact_same_step_selection_and_restore_external_override_guard) ... ok
test_default_off_and_both_source_pins_fail_closed (test_dsv41_packed_reference_adapter.PackedAdapterTests.test_default_off_and_both_source_pins_fail_closed) ... ok
test_first_start_zero_and_contiguous_history_required (test_dsv41_packed_reference_adapter.PackedAdapterTests.test_first_start_zero_and_contiguous_history_required) ... ok
test_install_allocation_and_registration_failure_are_atomic (test_dsv41_packed_reference_adapter.PackedAdapterTests.test_install_allocation_and_registration_failure_are_atomic) ... ok
test_mutual_exclusion_runtime_drift_and_external_mutation_fail_closed (test_dsv41_packed_reference_adapter.PackedAdapterTests.test_mutual_exclusion_runtime_drift_and_external_mutation_fail_closed) ... ok
test_restore_oom_keeps_packed_then_reset_guard_requires_prefill (test_dsv41_packed_reference_adapter.PackedAdapterTests.test_restore_oom_keeps_packed_then_reset_guard_requires_prefill) ... ok
test_short_batch_two_and_tp_four_collective_shapes (test_dsv41_packed_reference_adapter.PackedAdapterTests.test_short_batch_two_and_tp_four_collective_shapes) ... ok
test_tp_state_mismatch_throws_before_collective (test_dsv41_packed_reference_adapter.PackedAdapterTests.test_tp_state_mismatch_throws_before_collective) ... ok
test_capture_rejected_and_external_forward_not_clobbered (test_dsv41_reference_adapter.AdapterTests.test_capture_rejected_and_external_forward_not_clobbered) ... ok
test_default_off_source_and_loaded_code_fail_closed (test_dsv41_reference_adapter.AdapterTests.test_default_off_source_and_loaded_code_fail_closed) ... ok
test_instance_only_install_restore_and_exact_geometry (test_dsv41_reference_adapter.AdapterTests.test_instance_only_install_restore_and_exact_geometry) ... ok
test_long_decode_actual_dispatch_all_layers_and_strided_key_cache (test_dsv41_reference_adapter.AdapterTests.test_long_decode_actual_dispatch_all_layers_and_strided_key_cache) ... ok
test_original_key_rope_quant_publication_precedes_query (test_dsv41_reference_adapter.AdapterTests.test_original_key_rope_quant_publication_precedes_query) ... ok
test_short_prefill_and_multiquery_keep_original_and_clear_state (test_dsv41_reference_adapter.AdapterTests.test_short_prefill_and_multiquery_keep_original_and_clear_state) ... ok
test_stale_step_order_cache_and_candidate_poison_use_dense (test_dsv41_reference_adapter.AdapterTests.test_stale_step_order_cache_and_candidate_poison_use_dense) ... ok
test_tp4_local_state_mismatch_never_switches_collective_width (test_dsv41_reference_adapter.AdapterTests.test_tp4_local_state_mismatch_never_switches_collective_width) ... ok

----------------------------------------------------------------------
Ran 56 tests in 1.675s

OK
