[W911 23:44:36.982175286 Utils.hpp:137] Warning: Environment variable NCCL_ASYNC_ERROR_HANDLING is deprecated; use TORCH_NCCL_ASYNC_ERROR_HANDLING instead (function operator())
[b12x sf6] prepared FC1+FC2; packed bytes=85819392
[osar] phase rank=1 us/collective (n=6): guard=3.2 copy=4.2 wait=518.0 reduce=3.2 | total=528.6  @1592 MHz assumed | wait by size: <=128KiB n=4 740.4, >128KiB n=2 73.3
phase                                      seconds   dev GiB  counters
arena                                        0.162     +4.78  
load                                         1.389     +3.12  blocks=3 bytes=1.90739e+09
load drafter                                 0.457     -0.12  blocks=3 bytes=2.34216e+09
prepare native execution                     3.381     +0.96  
{"arena_expandable": 1, "dense_pack_cache": 45, "dense_pack_gptq": 43, "dense_pack_rtn": 2, "target_native_linears": 10, "drafter_native_linears": 31, "blocks": 210, "slots": 3, "arena_GiB": 4.678, "prefix_snapshots": 8, "snapshot_MiB": 41.0}
[megakernel] selftest mla rel=3.07e-03 pair_prefill=False group=2 prefill32=False -> ARM
[b12x static v2] lane serving: static2_m6_k4096_n512_t8_r48_tm32f2g2a32wutr16n128k256d256sf6v1 (mac=48, m=6, routed=48, smem=0 B)
[b12x static v2] lane serving: static2_m12_k4096_n512_t8_r96_tm32f2g2a32wutsf6v1 (mac=48, m=12, routed=96, smem=0 B)
[b12x static v2] lane serving: static2_m6_k4096_n512_t8_r96_tm32f2g2a32wutr16n128k256d256sf6v1 (mac=48, m=6, routed=48, smem=0 B)
[osar] phase rank=1 us/collective (n=185): guard=2.7 copy=3.3 wait=17281.4 reduce=3.3 | total=17290.7  @1592 MHz assumed | wait by size: <=128KiB n=185 17281.4, >128KiB n=0 0.0
{"rank": 1, "target_context": 0, "relative": 0.0, "passed": true}
[osar] phase rank=1 us/collective (n=8): guard=3.4 copy=4.2 wait=390.5 reduce=2.8 | total=400.9  @1592 MHz assumed | wait by size: <=128KiB n=7 339.3, >128KiB n=1 749.3
2026-09-11 23:45:12,560 - INFO - cute_dsl_core.py:177 - flashinfer.jit: Compiling CuTe-DSL kernel st_b12x_moe_sm121a_cute_dsl/static2_m17_k4096_n512_t8_r136_tm32f2g2a32wutsf6v1_340c615c7a8e6b70
REFORM_SF6_LAYOUT_PASS FC1=4096 FC2=1024
2026-09-11 23:45:17,663 - INFO - cute_dsl_core.py:246 - flashinfer.jit: Persisted CuTe-DSL kernel to /cache/.cache/flashinfer/0.6.18.dev20260819/121a/cached_ops/st_b12x_moe_sm121a_cute_dsl/static2_m17_k4096_n512_t8_r136_tm32f2g2a32wutsf6v1_340c615c7a8e6b70.o
[b12x static v2] lane serving: static2_m17_k4096_n512_t8_r136_tm32f2g2a32wutsf6v1 (mac=48, m=17, routed=136, smem=101376 B)
2026-09-11 23:45:17,715 - INFO - cute_dsl_core.py:177 - flashinfer.jit: Compiling CuTe-DSL kernel st_b12x_moe_sm121a_cute_dsl/static2_m12_k4096_n512_t8_r136_tm32f2g2a32wutsf6v1_feca82035be15442
[osar] phase rank=1 us/collective (n=13): guard=3.2 copy=3.6 wait=45464.8 reduce=3.4 | total=45475.1  @1592 MHz assumed | wait by size: <=128KiB n=4 1127.3, >128KiB n=9 65170.4
REFORM_SF6_LAYOUT_PASS FC1=4096 FC2=1024
2026-09-11 23:45:22,851 - INFO - cute_dsl_core.py:246 - flashinfer.jit: Persisted CuTe-DSL kernel to /cache/.cache/flashinfer/0.6.18.dev20260819/121a/cached_ops/st_b12x_moe_sm121a_cute_dsl/static2_m12_k4096_n512_t8_r136_tm32f2g2a32wutsf6v1_feca82035be15442.o
[b12x static v2] lane serving: static2_m12_k4096_n512_t8_r136_tm32f2g2a32wutsf6v1 (mac=48, m=12, routed=96, smem=101376 B)
{"rank": 1, "target_context": 17, "relative": 0.0, "passed": true}
/usr/local/lib/python3.12/dist-packages/torch/distributed/c10d_logger.py:83: FutureWarning: `torch.distributed.reduce_scatter_tensor` is deprecated. Please use `torch.distributed.reduce_scatter_single` instead.
  return func(*args, **kwargs)
[osar] phase rank=1 us/collective (n=6): guard=3.0 copy=4.1 wait=205.3 reduce=2.9 | total=215.3  @1592 MHz assumed | wait by size: <=128KiB n=6 205.3, >128KiB n=0 0.0
2026-09-11 23:45:34,978 - INFO - cute_dsl_core.py:177 - flashinfer.jit: Compiling CuTe-DSL kernel st_b12x_moe_sm121a_cute_dsl/dynamic_e288_k4096_n512_t8_tiled_cf93baeedfd01c43
2026-09-11 23:45:44,527 - INFO - cute_dsl_core.py:246 - flashinfer.jit: Persisted CuTe-DSL kernel to /cache/.cache/flashinfer/0.6.18.dev20260819/121a/cached_ops/st_b12x_moe_sm121a_cute_dsl/dynamic_e288_k4096_n512_t8_tiled_cf93baeedfd01c43.o
[b12x-bounds] state_E=288 n=512 tile_m=128 routed_rows=1024 -> rows 37760/37760 tiles 295/295 tasks 1180/1180
{"rank": 1, "target_context": 128, "relative": 0.0, "passed": true}
[b12x-bounds] state_E=288 n=512 tile_m=128 routed_rows=2048 -> rows 38784/38784 tiles 303/303 tasks 1212/1212
{"rank": 1, "target_context": 256, "relative": 0.0, "passed": true}
{"rank": 1, "drafter_context": 0, "passed": true}
{"rank": 1, "drafter_context": 1, "passed": true}
{"rank": 1, "drafter_context": 2047, "passed": true}
{"rank": 1, "drafter_context": 2048, "passed": true}
{"rank": 1, "drafter_context": 2057, "passed": true}
[osar] phase rank=1 us/collective (n=130): guard=1.6 copy=3.0 wait=16050.7 reduce=2.3 | total=16057.7  @1592 MHz assumed | wait by size: <=128KiB n=130 16050.7, >128KiB n=0 0.0
