[W911 23:59:24.116780208 Utils.hpp:137] Warning: Environment variable NCCL_ASYNC_ERROR_HANDLING is deprecated; use TORCH_NCCL_ASYNC_ERROR_HANDLING instead (function operator())
[b12x sf6] prepared FC1+FC2; packed bytes=85819392
[osar] phase rank=2 us/collective (n=6): guard=2.7 copy=3.7 wait=792.9 reduce=3.4 | total=802.7  @1592 MHz assumed | wait by size: <=128KiB n=4 1144.6, >128KiB n=2 89.3
phase                                      seconds   dev GiB  counters
arena                                        0.156     +4.78  
load                                         1.217     +3.15  blocks=3 bytes=1.90739e+09
load drafter                                 0.415     +0.00  blocks=3 bytes=2.34216e+09
prepare native execution                     5.308     +0.37  
{"arena_expandable": 1, "dense_pack_cache": 45, "dense_pack_gptq": 43, "dense_pack_rtn": 2, "target_native_linears": 10, "drafter_native_linears": 31, "blocks": 210, "slots": 3, "arena_GiB": 4.678, "prefix_snapshots": 8, "snapshot_MiB": 41.0}
[megakernel] selftest mla rel=3.07e-03 pair_prefill=False group=2 prefill32=False -> ARM
2026-09-11 23:59:41,002 - INFO - cute_dsl_core.py:174 - flashinfer.jit: Invalidating stale CuTe-DSL module st_b12x_moe_sm121a_cute_dsl
2026-09-11 23:59:41,003 - INFO - cute_dsl_core.py:177 - flashinfer.jit: Compiling CuTe-DSL kernel st_b12x_moe_sm121a_cute_dsl/static2_m6_k4096_n512_t8_r48_tm32f2g2a32wutr16n128k256d256sf6v1_946887720f597aab
DECODE_REFORM_LAYOUT_PASS 1024
REFORM_SF6_LAYOUT_PASS FC1=2048 FC2=2048
[osar] phase rank=2 us/collective (n=4): guard=2.4 copy=3.4 wait=480614.7 reduce=3.1 | total=480623.5  @1592 MHz assumed | wait by size: <=128KiB n=4 480614.7, >128KiB n=0 0.0
2026-09-11 23:59:46,142 - INFO - cute_dsl_core.py:246 - flashinfer.jit: Persisted CuTe-DSL kernel to /cache/.cache/flashinfer/0.6.18.dev20260819/121a/cached_ops/st_b12x_moe_sm121a_cute_dsl/static2_m6_k4096_n512_t8_r48_tm32f2g2a32wutr16n128k256d256sf6v1_946887720f597aab.o
[b12x static v2] lane serving: static2_m6_k4096_n512_t8_r48_tm32f2g2a32wutr16n128k256d256sf6v1 (mac=48, m=6, routed=48, smem=98304 B)
2026-09-11 23:59:46,620 - INFO - cute_dsl_core.py:177 - flashinfer.jit: Compiling CuTe-DSL kernel st_b12x_moe_sm121a_cute_dsl/static2_m12_k4096_n512_t8_r96_tm32f2g2a32wutsf6v1_498686e3df00c407
REFORM_SF6_LAYOUT_PASS FC1=4096 FC2=1024
2026-09-11 23:59:51,453 - INFO - cute_dsl_core.py:246 - flashinfer.jit: Persisted CuTe-DSL kernel to /cache/.cache/flashinfer/0.6.18.dev20260819/121a/cached_ops/st_b12x_moe_sm121a_cute_dsl/static2_m12_k4096_n512_t8_r96_tm32f2g2a32wutsf6v1_498686e3df00c407.o
[b12x static v2] lane serving: static2_m12_k4096_n512_t8_r96_tm32f2g2a32wutsf6v1 (mac=48, m=12, routed=96, smem=101376 B)
2026-09-11 23:59:51,572 - INFO - cute_dsl_core.py:177 - flashinfer.jit: Compiling CuTe-DSL kernel st_b12x_moe_sm121a_cute_dsl/static2_m6_k4096_n512_t8_r96_tm32f2g2a32wutr16n128k256d256sf6v1_82fe9b63fc412d29
DECODE_REFORM_LAYOUT_PASS 1024
REFORM_SF6_LAYOUT_PASS FC1=2048 FC2=2048
[osar] phase rank=2 us/collective (n=20): guard=4.2 copy=16.7 wait=4953.5 reduce=3.5 | total=4978.0  @1592 MHz assumed | wait by size: <=128KiB n=20 4953.5, >128KiB n=0 0.0
2026-09-11 23:59:56,523 - INFO - cute_dsl_core.py:246 - flashinfer.jit: Persisted CuTe-DSL kernel to /cache/.cache/flashinfer/0.6.18.dev20260819/121a/cached_ops/st_b12x_moe_sm121a_cute_dsl/static2_m6_k4096_n512_t8_r96_tm32f2g2a32wutr16n128k256d256sf6v1_82fe9b63fc412d29.o
[b12x static v2] lane serving: static2_m6_k4096_n512_t8_r96_tm32f2g2a32wutr16n128k256d256sf6v1 (mac=48, m=6, routed=48, smem=98304 B)
{"rank": 2, "target_context": 0, "relative": 0.0, "passed": true}
[osar] phase rank=2 us/collective (n=169): guard=3.2 copy=4.9 wait=2284.2 reduce=2.8 | total=2295.1  @1592 MHz assumed | wait by size: <=128KiB n=168 2268.6, >128KiB n=1 4906.0
2026-09-12 00:00:09,375 - INFO - cute_dsl_core.py:177 - flashinfer.jit: Compiling CuTe-DSL kernel st_b12x_moe_sm121a_cute_dsl/static2_m17_k4096_n512_t8_r136_tm32f2g2a32wutsf6v1_340c615c7a8e6b70
REFORM_SF6_LAYOUT_PASS FC1=4096 FC2=1024
2026-09-12 00:00:14,214 - INFO - cute_dsl_core.py:246 - flashinfer.jit: Persisted CuTe-DSL kernel to /cache/.cache/flashinfer/0.6.18.dev20260819/121a/cached_ops/st_b12x_moe_sm121a_cute_dsl/static2_m17_k4096_n512_t8_r136_tm32f2g2a32wutsf6v1_340c615c7a8e6b70.o
[b12x static v2] lane serving: static2_m17_k4096_n512_t8_r136_tm32f2g2a32wutsf6v1 (mac=48, m=17, routed=136, smem=101376 B)
2026-09-12 00:00:14,380 - INFO - cute_dsl_core.py:177 - flashinfer.jit: Compiling CuTe-DSL kernel st_b12x_moe_sm121a_cute_dsl/static2_m12_k4096_n512_t8_r136_tm32f2g2a32wutsf6v1_feca82035be15442
REFORM_SF6_LAYOUT_PASS FC1=4096 FC2=1024
[osar] phase rank=2 us/collective (n=13): guard=3.8 copy=3.6 wait=84061.0 reduce=3.6 | total=84072.1  @1592 MHz assumed | wait by size: <=128KiB n=4 2422.3, >128KiB n=9 120344.9
2026-09-12 00:00:19,291 - INFO - cute_dsl_core.py:246 - flashinfer.jit: Persisted CuTe-DSL kernel to /cache/.cache/flashinfer/0.6.18.dev20260819/121a/cached_ops/st_b12x_moe_sm121a_cute_dsl/static2_m12_k4096_n512_t8_r136_tm32f2g2a32wutsf6v1_feca82035be15442.o
[b12x static v2] lane serving: static2_m12_k4096_n512_t8_r136_tm32f2g2a32wutsf6v1 (mac=48, m=12, routed=96, smem=101376 B)
{"rank": 2, "target_context": 17, "relative": 0.0, "passed": true}
/usr/local/lib/python3.12/dist-packages/torch/distributed/c10d_logger.py:83: FutureWarning: `torch.distributed.reduce_scatter_tensor` is deprecated. Please use `torch.distributed.reduce_scatter_single` instead.
  return func(*args, **kwargs)
2026-09-12 00:00:19,477 - INFO - cute_dsl_core.py:177 - flashinfer.jit: Compiling CuTe-DSL kernel st_b12x_moe_sm121a_cute_dsl/dynamic_e288_k4096_n512_t8_tiled_cf93baeedfd01c43
[osar] phase rank=2 us/collective (n=6): guard=5.8 copy=3.5 wait=19919.7 reduce=3.0 | total=19932.0  @1592 MHz assumed | wait by size: <=128KiB n=6 19919.7, >128KiB n=0 0.0
2026-09-12 00:00:29,212 - INFO - cute_dsl_core.py:246 - flashinfer.jit: Persisted CuTe-DSL kernel to /cache/.cache/flashinfer/0.6.18.dev20260819/121a/cached_ops/st_b12x_moe_sm121a_cute_dsl/dynamic_e288_k4096_n512_t8_tiled_cf93baeedfd01c43.o
[b12x-bounds] state_E=288 n=512 tile_m=128 routed_rows=1024 -> rows 37760/37760 tiles 295/295 tasks 1180/1180
{"rank": 2, "target_context": 128, "relative": 0.0, "passed": true}
[b12x-bounds] state_E=288 n=512 tile_m=128 routed_rows=2048 -> rows 38784/38784 tiles 303/303 tasks 1212/1212
{"rank": 2, "target_context": 256, "relative": 0.0, "passed": true}
/usr/local/lib/python3.12/dist-packages/torch/distributed/c10d_logger.py:83: FutureWarning: `torch.distributed.all_gather_into_tensor` is deprecated. Please use `torch.distributed.all_gather_single` instead.
  return func(*args, **kwargs)
/usr/local/lib/python3.12/dist-packages/torch/distributed/c10d_logger.py:83: FutureWarning: `torch.distributed.all_gather_into_tensor` is deprecated. Please use `torch.distributed.all_gather_single` instead.
  return func(*args, **kwargs)
2026-09-12 00:00:32,460 - INFO - cute_dsl_core.py:174 - flashinfer.jit: Invalidating stale CuTe-DSL module st_b12x_moe_sm121a_cute_dsl
2026-09-12 00:00:32,460 - INFO - cute_dsl_core.py:177 - flashinfer.jit: Compiling CuTe-DSL kernel st_b12x_moe_sm121a_cute_dsl/dynamic_e288_k4096_n512_t8_tiled_b8100dca67ecc476
[osar] phase rank=2 us/collective (n=20): guard=3.3 copy=3.6 wait=991.6 reduce=2.9 | total=1001.3  @1592 MHz assumed | wait by size: <=128KiB n=20 991.6, >128KiB n=0 0.0
2026-09-12 00:00:40,013 - INFO - cute_dsl_core.py:246 - flashinfer.jit: Persisted CuTe-DSL kernel to /cache/.cache/flashinfer/0.6.18.dev20260819/121a/cached_ops/st_b12x_moe_sm121a_cute_dsl/dynamic_e288_k4096_n512_t8_tiled_b8100dca67ecc476.o
[b12x-bounds] state_E=288 n=512 tile_m=128 routed_rows=32768 -> rows 69504/69504 tiles 543/543 tasks 2172/2172
[tp-sf6-q0] LAUNCHED E288/H4096/I512/top8 T=4096
{"rank": 2, "target_context": 4096, "relative": 0.0, "passed": true}
[b12x-bounds] state_E=288 n=512 tile_m=128 routed_rows=32776 -> rows 69632/69632 tiles 544/544 tasks 2176/2176
{"rank": 2, "target_context": 4097, "relative": 0.0, "passed": true}
{"rank": 2, "drafter_context": 0, "passed": true}
{"rank": 2, "drafter_context": 1, "passed": true}
{"rank": 2, "drafter_context": 2047, "passed": true}
{"rank": 2, "drafter_context": 2048, "passed": true}
{"rank": 2, "drafter_context": 2057, "passed": true}
