[W911 23:37:50.669853854 Utils.hpp:137] Warning: Environment variable NCCL_ASYNC_ERROR_HANDLING is deprecated; use TORCH_NCCL_ASYNC_ERROR_HANDLING instead (function operator())
[b12x sf6] prepared FC1+FC2; packed bytes=85819392
[osar] phase rank=2 us/collective (n=6): guard=3.1 copy=4.3 wait=1669.3 reduce=3.5 | total=1680.2  @1592 MHz assumed | wait by size: <=128KiB n=4 2486.2, >128KiB n=2 35.5
phase                                      seconds   dev GiB  counters
arena                                        0.415     +4.77  
load                                         2.664     +3.15  blocks=3 bytes=1.90739e+09
load drafter                                 0.370     +0.01  blocks=3 bytes=2.34216e+09
prepare native execution                    67.174     +5.07  
[osar] phase rank=2 us/collective (n=3): guard=2.9 copy=2.9 wait=93735.3 reduce=2.8 | total=93743.9  @1592 MHz assumed | wait by size: <=128KiB n=3 93735.3, >128KiB n=0 0.0
[megakernel] selftest mla rel=3.07e-03 pair_prefill=False group=2 prefill32=False -> ARM
[rank2]: Traceback (most recent call last):
[rank2]:   File "/repo/engine_parity_graph_check.py", line 86, in <module>
[rank2]:     if __name__=='__main__':main()
[rank2]:                             ^^^^^^
[rank2]:   File "/repo/engine_parity_graph_check.py", line 35, in main
[rank2]:     target_graph=Glm53DecodeGraphs(net,caches,2,6)
[rank2]:                  ^^^^^^^^^^^^^^^^^^^^^^^^^^^^^^^^^
[rank2]:   File "/repo/engine/profiles/glm53/decode_graphs.py", line 216, in __init__
[rank2]:     self.graphs = DecodeGraphs(forward, make_inputs,
[rank2]:                   ^^^^^^^^^^^^^^^^^^^^^^^^^^^^^^^^^^
[rank2]:   File "/repo/engine/base/graphs.py", line 59, in __init__
[rank2]:     step_fn(inp)
[rank2]:   File "/repo/engine/profiles/glm53/decode_graphs.py", line 208, in forward
[rank2]:     result = net.forward(step, scratch, aux_layers=self.aux_layers)
[rank2]:              ^^^^^^^^^^^^^^^^^^^^^^^^^^^^^^^^^^^^^^^^^^^^^^^^^^^^^^
[rank2]:   File "/repo/engine/profiles/glm53/net.py", line 413, in forward
[rank2]:     x = self._moe(L, x, reduce) if F.is_moe(L) else self._dense(L, x, reduce)
[rank2]:         ^^^^^^^^^^^^^^^^^^^^^^^
[rank2]:   File "/repo/engine/profiles/glm53/net.py", line 374, in _moe
[rank2]:     out = self.lanes.moe(x, sel, w, p[n + "w13"], p[n + "w13_sf"], p[n + "w2"], p[n + "w2_sf"], F.swiglu_limit).float()
[rank2]:           ^^^^^^^^^^^^^^^^^^^^^^^^^^^^^^^^^^^^^^^^^^^^^^^^^^^^^^^^^^^^^^^^^^^^^^^^^^^^^^^^^^^^^^^^^^^^^^^^^^^^^
[rank2]:   File "/repo/engine/profiles/glm53/lanes.py", line 279, in moe
[rank2]:     return b12x_fused_moe(x=x.contiguous(), output=output,
[rank2]:            ^^^^^^^^^^^^^^^^^^^^^^^^^^^^^^^^^^^^^^^^^^^^^^^
[rank2]:   File "/usr/local/lib/python3.12/dist-packages/flashinfer/api_logging.py", line 2333, in _auto_dump_wrapper
[rank2]:     return _inner(*args, **kwargs)
[rank2]:            ^^^^^^^^^^^^^^^^^^^^^^^
[rank2]:   File "/repo/engine/kernels/b12x/b12x_moe.py", line 213, in b12x_fused_moe
[rank2]:     return launch_sm120_moe(
[rank2]:            ^^^^^^^^^^^^^^^^^
[rank2]:   File "/repo/engine/kernels/b12x/moe_dispatch.py", line 5581, in launch_sm120_moe
[rank2]:     return launch_sm120_static_moe(
[rank2]:            ^^^^^^^^^^^^^^^^^^^^^^^^
[rank2]:   File "/repo/engine/kernels/b12x/moe_dispatch.py", line 3374, in launch_sm120_static_moe
[rank2]:     raise ValueError("GLM TP FP32 scatter requires the declared row-major static kernel")
[rank2]: ValueError: GLM TP FP32 scatter requires the declared row-major static kernel
