[W911 07:20:40.530763045 Utils.hpp:137] Warning: Environment variable NCCL_ASYNC_ERROR_HANDLING is deprecated; use TORCH_NCCL_ASYNC_ERROR_HANDLING instead (function operator())
srv3:1:1 [0] NCCL INFO ENV/Plugin: Could not find: libnccl-env.so
srv3:1:1 [0] NCCL INFO cudaDriverVersion 13000
srv3:1:1 [0] NCCL INFO NCCL_SOCKET_IFNAME set by environment to enp1s0f0np0
srv3:1:1 [0] NCCL INFO Bootstrap: Using enp1s0f0np0:10.10.10.3<0>
srv3:1:1 [0] NCCL INFO NCCL version 2.29.7+cuda13.2
srv3:1:1 [0] NCCL INFO NCCL git version stable b81d6a5a3
srv3:1:1 [0] NCCL INFO Comm config Blocking set to 1
srv3:1:1 [0] NCCL INFO NET/Plugin: Could not find: libnccl-net.so
srv3:1:1 [0] NCCL INFO NCCL_IB_DISABLE set by environment to 0.
srv3:1:1 [0] NCCL INFO NCCL_SOCKET_IFNAME set by environment to enp1s0f0np0
srv3:1:1 [0] NCCL INFO NCCL_IB_HCA set to rocep1s0f0,roceP2p1s0f0
srv3:1:1 [0] NCCL INFO NET/IB : Using [0]rocep1s0f0:1/RoCE [1]roceP2p1s0f0:1/RoCE [RO]; OOB enp1s0f0np0:10.10.10.3<0>
srv3:1:1 [0] NCCL INFO Initialized NET plugin IB
srv3:1:1 [0] NCCL INFO Assigned NET plugin IB to comm
srv3:1:1 [0] NCCL INFO GIN/Plugin: Could not find: libnccl-gin.so
srv3:1:1 [0] NCCL INFO Assigned GIN plugin GIN_IB_GDAKI to comm
srv3:1:1 [0] NCCL INFO Assigned RMA plugin GIN_IB_PROXY to comm
srv3:1:1 [0] NCCL INFO Using network IB
srv3:1:1 [0] NCCL INFO [Rank 2] ncclCommInitRankConfig comm 0x13dfa460 rank 2 nranks 4 cudaDev 0 nvmlDev 0 busId f01000 commId 0x7179027ef8783a38 - Init START
srv3:1:1 [0] NCCL INFO RAS client listening socket at 127.0.0.1<28028>
srv3:1:1 [0] NCCL INFO Bootstrap timings total 0.118100 (create 0.000030, send 0.000534, recv 0.060884, ring 0.052387, delay 0.000000)
srv3:1:1 [0] NCCL INFO NCCL_CUMEM_ENABLE set by environment to 0.
srv3:1:1 [0] NCCL INFO ncclTopoGetCpuAffinity: Affinity for GPU 0 is empty, ignoring. (GPU affinity =  ; CPU affinity = 0-19).
srv3:1:1 [0] NCCL INFO comm 0x13dfa460 rank 2 nRanks 4 nNodes 4 localRanks 1 localRank 0 MNNVL 0
srv3:1:1 [0] NCCL INFO Trees [0] 1/3/-1->2->0 [1] 1/3/-1->2->0 [2] 1/3/-1->2->0 [3] 1/3/-1->2->0 [4] 1/3/-1->2->0 [5] 1/3/-1->2->0 [6] 1/3/-1->2->0 [7] 1/3/-1->2->0 [8] -1/-1/-1->2->1 [9] -1/-1/-1->2->1 [10] -1/-1/-1->2->1 [11] -1/-1/-1->2->1 [12] -1/-1/-1->2->1 [13] -1/-1/-1->2->1 [14] -1/-1/-1->2->1 [15] -1/-1/-1->2->1
srv3:1:1 [0] NCCL INFO P2P Chunksize set to 262144
srv3:1:1 [0] NCCL INFO PROFILER/Plugin: Could not find: libnccl-profiler.so
srv3:1:1 [0] NCCL INFO Check P2P Type isAllDirectP2p 1 directMode 0 isAllCudaP2p 1
srv3:1:87 [0] NCCL INFO [Proxy Service UDS] Device 0 CPU core 10
srv3:1:86 [0] NCCL INFO [Proxy Service] Device 0 CPU core 2
srv3:1:88 [0] NCCL INFO [Proxy Progress] Device 0 CPU core 3
srv3:1:1 [0] NCCL INFO Channel 00/0 : 1[0] -> 2[0] [receive] via NET/IB/0
srv3:1:1 [0] NCCL INFO Channel 01/0 : 1[0] -> 2[0] [receive] via NET/IB/1
srv3:1:1 [0] NCCL INFO Channel 02/0 : 1[0] -> 2[0] [receive] via NET/IB/0
srv3:1:1 [0] NCCL INFO Channel 03/0 : 1[0] -> 2[0] [receive] via NET/IB/1
srv3:1:1 [0] NCCL INFO Channel 04/0 : 1[0] -> 2[0] [receive] via NET/IB/0
srv3:1:1 [0] NCCL INFO Channel 05/0 : 1[0] -> 2[0] [receive] via NET/IB/1
srv3:1:1 [0] NCCL INFO Channel 06/0 : 1[0] -> 2[0] [receive] via NET/IB/0
srv3:1:1 [0] NCCL INFO Channel 07/0 : 1[0] -> 2[0] [receive] via NET/IB/1
srv3:1:1 [0] NCCL INFO Channel 08/0 : 1[0] -> 2[0] [receive] via NET/IB/0
srv3:1:1 [0] NCCL INFO Channel 09/0 : 1[0] -> 2[0] [receive] via NET/IB/1
srv3:1:1 [0] NCCL INFO Channel 10/0 : 1[0] -> 2[0] [receive] via NET/IB/0
srv3:1:1 [0] NCCL INFO Channel 11/0 : 1[0] -> 2[0] [receive] via NET/IB/1
srv3:1:1 [0] NCCL INFO Channel 12/0 : 1[0] -> 2[0] [receive] via NET/IB/0
srv3:1:1 [0] NCCL INFO Channel 13/0 : 1[0] -> 2[0] [receive] via NET/IB/1
srv3:1:1 [0] NCCL INFO Channel 14/0 : 1[0] -> 2[0] [receive] via NET/IB/0
srv3:1:1 [0] NCCL INFO Channel 15/0 : 1[0] -> 2[0] [receive] via NET/IB/1
srv3:1:1 [0] NCCL INFO Channel 00/0 : 2[0] -> 3[0] [send] via NET/IB/0
srv3:1:1 [0] NCCL INFO Channel 01/0 : 2[0] -> 3[0] [send] via NET/IB/1
srv3:1:1 [0] NCCL INFO Channel 02/0 : 2[0] -> 3[0] [send] via NET/IB/0
srv3:1:1 [0] NCCL INFO Channel 03/0 : 2[0] -> 3[0] [send] via NET/IB/1
srv3:1:1 [0] NCCL INFO Channel 04/0 : 2[0] -> 3[0] [send] via NET/IB/0
srv3:1:1 [0] NCCL INFO Channel 05/0 : 2[0] -> 3[0] [send] via NET/IB/1
srv3:1:1 [0] NCCL INFO Channel 06/0 : 2[0] -> 3[0] [send] via NET/IB/0
srv3:1:1 [0] NCCL INFO Channel 07/0 : 2[0] -> 3[0] [send] via NET/IB/1
srv3:1:1 [0] NCCL INFO Channel 08/0 : 2[0] -> 3[0] [send] via NET/IB/0
srv3:1:1 [0] NCCL INFO Channel 09/0 : 2[0] -> 3[0] [send] via NET/IB/1
srv3:1:1 [0] NCCL INFO Channel 10/0 : 2[0] -> 3[0] [send] via NET/IB/0
srv3:1:1 [0] NCCL INFO Channel 11/0 : 2[0] -> 3[0] [send] via NET/IB/1
srv3:1:1 [0] NCCL INFO Channel 12/0 : 2[0] -> 3[0] [send] via NET/IB/0
srv3:1:1 [0] NCCL INFO Channel 13/0 : 2[0] -> 3[0] [send] via NET/IB/1
srv3:1:1 [0] NCCL INFO Channel 14/0 : 2[0] -> 3[0] [send] via NET/IB/0
srv3:1:1 [0] NCCL INFO Channel 15/0 : 2[0] -> 3[0] [send] via NET/IB/1
srv3:1:86 [0] NCCL INFO NCCL_IB_GID_INDEX set by environment to 3.
srv3:1:1 [0] NCCL INFO Connected all rings, use ring PXN 0 GDR 0
srv3:1:1 [0] NCCL INFO Channel 00/0 : 0[0] -> 2[0] [receive] via NET/IB/0
srv3:1:1 [0] NCCL INFO Channel 01/0 : 0[0] -> 2[0] [receive] via NET/IB/1
srv3:1:1 [0] NCCL INFO Channel 02/0 : 0[0] -> 2[0] [receive] via NET/IB/0
srv3:1:1 [0] NCCL INFO Channel 03/0 : 0[0] -> 2[0] [receive] via NET/IB/1
srv3:1:1 [0] NCCL INFO Channel 04/0 : 0[0] -> 2[0] [receive] via NET/IB/0
srv3:1:1 [0] NCCL INFO Channel 05/0 : 0[0] -> 2[0] [receive] via NET/IB/1
srv3:1:1 [0] NCCL INFO Channel 06/0 : 0[0] -> 2[0] [receive] via NET/IB/0
srv3:1:1 [0] NCCL INFO Channel 07/0 : 0[0] -> 2[0] [receive] via NET/IB/1
srv3:1:1 [0] NCCL INFO Channel 00/0 : 2[0] -> 0[0] [send] via NET/IB/0
srv3:1:1 [0] NCCL INFO Channel 01/0 : 2[0] -> 0[0] [send] via NET/IB/1
srv3:1:1 [0] NCCL INFO Channel 02/0 : 2[0] -> 0[0] [send] via NET/IB/0
srv3:1:1 [0] NCCL INFO Channel 03/0 : 2[0] -> 0[0] [send] via NET/IB/1
srv3:1:1 [0] NCCL INFO Channel 04/0 : 2[0] -> 0[0] [send] via NET/IB/0
srv3:1:1 [0] NCCL INFO Channel 05/0 : 2[0] -> 0[0] [send] via NET/IB/1
srv3:1:1 [0] NCCL INFO Channel 06/0 : 2[0] -> 0[0] [send] via NET/IB/0
srv3:1:1 [0] NCCL INFO Channel 07/0 : 2[0] -> 0[0] [send] via NET/IB/1
srv3:1:1 [0] NCCL INFO Channel 00/0 : 3[0] -> 2[0] [receive] via NET/IB/0
srv3:1:1 [0] NCCL INFO Channel 01/0 : 3[0] -> 2[0] [receive] via NET/IB/1
srv3:1:1 [0] NCCL INFO Channel 02/0 : 3[0] -> 2[0] [receive] via NET/IB/0
srv3:1:1 [0] NCCL INFO Channel 03/0 : 3[0] -> 2[0] [receive] via NET/IB/1
srv3:1:1 [0] NCCL INFO Channel 04/0 : 3[0] -> 2[0] [receive] via NET/IB/0
srv3:1:1 [0] NCCL INFO Channel 05/0 : 3[0] -> 2[0] [receive] via NET/IB/1
srv3:1:1 [0] NCCL INFO Channel 06/0 : 3[0] -> 2[0] [receive] via NET/IB/0
srv3:1:1 [0] NCCL INFO Channel 07/0 : 3[0] -> 2[0] [receive] via NET/IB/1
srv3:1:1 [0] NCCL INFO Channel 00/0 : 2[0] -> 1[0] [send] via NET/IB/0
srv3:1:1 [0] NCCL INFO Channel 01/0 : 2[0] -> 1[0] [send] via NET/IB/1
srv3:1:1 [0] NCCL INFO Channel 02/0 : 2[0] -> 1[0] [send] via NET/IB/0
srv3:1:1 [0] NCCL INFO Channel 03/0 : 2[0] -> 1[0] [send] via NET/IB/1
srv3:1:1 [0] NCCL INFO Channel 04/0 : 2[0] -> 1[0] [send] via NET/IB/0
srv3:1:1 [0] NCCL INFO Channel 05/0 : 2[0] -> 1[0] [send] via NET/IB/1
srv3:1:1 [0] NCCL INFO Channel 06/0 : 2[0] -> 1[0] [send] via NET/IB/0
srv3:1:1 [0] NCCL INFO Channel 07/0 : 2[0] -> 1[0] [send] via NET/IB/1
srv3:1:1 [0] NCCL INFO Channel 08/0 : 2[0] -> 1[0] [send] via NET/IB/0
srv3:1:1 [0] NCCL INFO Channel 09/0 : 2[0] -> 1[0] [send] via NET/IB/1
srv3:1:1 [0] NCCL INFO Channel 10/0 : 2[0] -> 1[0] [send] via NET/IB/0
srv3:1:1 [0] NCCL INFO Channel 11/0 : 2[0] -> 1[0] [send] via NET/IB/1
srv3:1:1 [0] NCCL INFO Channel 12/0 : 2[0] -> 1[0] [send] via NET/IB/0
srv3:1:1 [0] NCCL INFO Channel 13/0 : 2[0] -> 1[0] [send] via NET/IB/1
srv3:1:1 [0] NCCL INFO Channel 14/0 : 2[0] -> 1[0] [send] via NET/IB/0
srv3:1:1 [0] NCCL INFO Channel 15/0 : 2[0] -> 1[0] [send] via NET/IB/1
srv3:1:1 [0] NCCL INFO Connected all trees
srv3:1:1 [0] NCCL INFO Channel 08/0 : 3[0] -> 2[0] [receive] via NET/IB/0
srv3:1:1 [0] NCCL INFO Channel 09/0 : 3[0] -> 2[0] [receive] via NET/IB/1
srv3:1:1 [0] NCCL INFO Channel 10/0 : 3[0] -> 2[0] [receive] via NET/IB/0
srv3:1:1 [0] NCCL INFO Channel 11/0 : 3[0] -> 2[0] [receive] via NET/{"passed": true, "rank": 2, "world_size": 4, "host": "srv3", "device": "NVIDIA GB10", "torch": "2.13.0+cu130", "tp_linear_max_abs": 1.1444091796875e-05, "all_gather": [0, 1, 2, 3], "all_reduce_repeats": 10}
IB/1
srv3:1:1 [0] NCCL INFO Channel 12/0 : 3[0] -> 2[0] [receive] via NET/IB/0
srv3:1:1 [0] NCCL INFO Channel 13/0 : 3[0] -> 2[0] [receive] via NET/IB/1
srv3:1:1 [0] NCCL INFO Channel 14/0 : 3[0] -> 2[0] [receive] via NET/IB/0
srv3:1:1 [0] NCCL INFO Channel 15/0 : 3[0] -> 2[0] [receive] via NET/IB/1
srv3:1:1 [0] NCCL INFO Channel 08/0 : 0[0] -> 2[0] [receive] via NET/IB/0
srv3:1:1 [0] NCCL INFO Channel 09/0 : 0[0] -> 2[0] [receive] via NET/IB/1
srv3:1:1 [0] NCCL INFO Channel 10/0 : 0[0] -> 2[0] [receive] via NET/IB/0
srv3:1:1 [0] NCCL INFO Channel 11/0 : 0[0] -> 2[0] [receive] via NET/IB/1
srv3:1:1 [0] NCCL INFO Channel 12/0 : 0[0] -> 2[0] [receive] via NET/IB/0
srv3:1:1 [0] NCCL INFO Channel 13/0 : 0[0] -> 2[0] [receive] via NET/IB/1
srv3:1:1 [0] NCCL INFO Channel 14/0 : 0[0] -> 2[0] [receive] via NET/IB/0
srv3:1:1 [0] NCCL INFO Channel 15/0 : 0[0] -> 2[0] [receive] via NET/IB/1
srv3:1:1 [0] NCCL INFO Channel 08/0 : 2[0] -> 0[0] [send] via NET/IB/0
srv3:1:1 [0] NCCL INFO Channel 09/0 : 2[0] -> 0[0] [send] via NET/IB/1
srv3:1:1 [0] NCCL INFO Channel 10/0 : 2[0] -> 0[0] [send] via NET/IB/0
srv3:1:1 [0] NCCL INFO Channel 11/0 : 2[0] -> 0[0] [send] via NET/IB/1
srv3:1:1 [0] NCCL INFO Channel 12/0 : 2[0] -> 0[0] [send] via NET/IB/0
srv3:1:1 [0] NCCL INFO Channel 13/0 : 2[0] -> 0[0] [send] via NET/IB/1
srv3:1:1 [0] NCCL INFO Channel 14/0 : 2[0] -> 0[0] [send] via NET/IB/0
srv3:1:1 [0] NCCL INFO Channel 15/0 : 2[0] -> 0[0] [send] via NET/IB/1
srv3:1:1 [0] NCCL INFO Connected binomial trees
srv3:1:1 [0] NCCL INFO TUNER/Plugin: Could not find: libnccl-tuner.so
srv3:1:1 [0] NCCL INFO threadThresholds 8/8/64 | 32/8/64 | 512 | 512
srv3:1:1 [0] NCCL INFO 16 coll channels, 16 collnet channels, 0 nvls channels, 16 p2p channels, 2 p2p channels per peer
srv3:1:1 [0] NCCL INFO Symmetric memory is not supported. cuMemEnable 0, globalGinSupport 0, globalNicFused 0 cuMemGdrSupport 0
srv3:1:1 [0] NCCL INFO ncclCommInitRankConfig comm 0x13dfa460 rank 2 nranks 4 cudaDev 0 nvmlDev 0 busId f01000 commId 0x7179027ef8783a38 - Init COMPLETE
srv3:1:1 [0] NCCL INFO Init timings - ncclCommInitRankConfig: rank 2 nranks 4 total 1.73 (kernels 0.16, alloc 0.04, bootstrap 0.12, allgathers 0.00, topo 0.00, graphs 0.00, connections 1.41, rest 0.00)
srv3:1:1 [0] NCCL INFO comm 0x13dfa460 rank 2 nranks 4 cudaDev 0 busId f01000 - Destroy COMPLETE
srv3:1:1 [0] NCCL INFO ENV/Plugin: Closing env plugin ncclEnvDefault
