  box: GB10 (DGX Spark): SM121, unified 120 GiB (17 free)
phase                                      seconds   dev GiB  counters
arena                                        0.082     +1.98
load                                         3.107     +8.30  blocks=9 bytes=1.90739e+09
whole                                        4.051     +1.43
paged                                        2.457     +0.22
chunked                                      3.705     -0.02
verify                                       3.147     +0.22
rollback                                     4.181     -0.07
runtime                                      4.812     -0.05
  chain 0-3 (2 layers: 1 dsa, 1 kda; 1 moe), TP=4 in-process, lanes=reference, 64 tokens, arena 1.81 GiB per rank x 4, wall 25.9 s
  hidden |h| mean 1.1295 max 7.594, finite True; last-token top-5 ids [91886, 2504, 62273, 84498, 37672] logits [7.28, 7.12, 6.88, 6.69, 6.69]
  ranks agree (hidden and logits identical on all 4): True (max |diff| 0.0e+00)
  paged KV == contiguous oracle (identical hidden): True; runner generated [3, 1] tokens, ranks agree: True, all resources returned
  per block vs the whole prefill (per-token rel; floor = first chunk, no cache read):
    chunked   step 1  L0  kda    p50 3.9e-03 max 7.7e-03  (floor p50 4.2e-03 max 7.1e-03)
    chunked   step 1  L0  dense  p50 8.3e-03 max 1.4e-02  (floor p50 8.6e-03 max 1.4e-02)
    chunked   step 1  L3  dsa    p50 7.6e-03 max 9.4e-03  (floor p50 9.5e-03 max 2.5e-02)
    chunked   step 1  L3  moe    p50 6.7e-02 max 4.1e-01  (floor p50 6.2e-02 max 2.2e-01)
    verify    step 0  L0  kda    p50 0.0e+00 max 0.0e+00  (floor p50 4.2e-03 max 7.1e-03)
    verify    step 1  L0  kda    p50 4.6e-03 max 7.7e-03  (floor p50 4.2e-03 max 7.1e-03)
    verify    step 0  L0  dense  p50 0.0e+00 max 0.0e+00  (floor p50 8.6e-03 max 1.4e-02)
    verify    step 1  L0  dense  p50 8.2e-03 max 1.1e-02  (floor p50 8.6e-03 max 1.4e-02)
    verify    step 0  L3  dsa    p50 0.0e+00 max 0.0e+00  (floor p50 9.5e-03 max 2.5e-02)
    verify    step 1  L3  dsa    p50 4.1e-03 max 7.6e-03  (floor p50 9.5e-03 max 2.5e-02)
    verify    step 0  L3  moe    p50 0.0e+00 max 3.3e-03  (floor p50 6.2e-02 max 2.2e-01)
    verify    step 1  L3  moe    p50 6.4e-02 max 1.8e-01  (floor p50 6.2e-02 max 2.2e-01)
    rollback  step 0  L0  kda    p50 0.0e+00 max 0.0e+00  (floor p50 4.2e-03 max 7.1e-03)
    rollback  step 2  L0  kda    p50 4.6e-03 max 6.0e-03  (floor p50 4.2e-03 max 7.1e-03)
    rollback  step 0  L0  dense  p50 0.0e+00 max 0.0e+00  (floor p50 8.6e-03 max 1.4e-02)
    rollback  step 2  L0  dense  p50 8.2e-03 max 1.2e-02  (floor p50 8.6e-03 max 1.4e-02)
    rollback  step 0  L3  dsa    p50 0.0e+00 max 0.0e+00  (floor p50 9.5e-03 max 2.5e-02)
    rollback  step 2  L3  dsa    p50 3.9e-03 max 7.6e-03  (floor p50 9.5e-03 max 2.5e-02)
    rollback  step 0  L3  moe    p50 0.0e+00 max 3.3e-03  (floor p50 6.2e-02 max 2.2e-01)
    rollback  step 2  L3  moe    p50 4.6e-02 max 2.0e-01  (floor p50 6.2e-02 max 2.2e-01)

  PASS: four ranks agree; paged caches and runtime; chunked, verify and rollback checks
