source_revision=c27c98193200e81cd6dda34abc845289f3d03dee

command=["/opt/homebrew/opt/python@3.14/bin/python3.14", "-m", "unittest", "discover", "-s", "tests", "-p", "test_glm53_probe_lifecycle.py", "-v"]
test_generated_transition_executes_stop_and_start_with_unordered_mounts (test_glm53_probe_lifecycle.OfflineTests.test_generated_transition_executes_stop_and_start_with_unordered_mounts) ... ok
test_generated_transition_refuses_real_source_change_before_docker_mutation (test_glm53_probe_lifecycle.OfflineTests.test_generated_transition_refuses_real_source_change_before_docker_mutation) ... ok
test_lost_hold_refuses_before_remote_mutation (test_glm53_probe_lifecycle.OfflineTests.test_lost_hold_refuses_before_remote_mutation) ... ok
test_no_partial_or_automatically_deleted_or_wrong_image_fleet (test_glm53_probe_lifecycle.OfflineTests.test_no_partial_or_automatically_deleted_or_wrong_image_fleet) ... ok
test_partial_stop_error_restores_without_running_gpu (test_glm53_probe_lifecycle.OfflineTests.test_partial_stop_error_restores_without_running_gpu) ... ok
test_probe_error_restores_before_propagating (test_glm53_probe_lifecycle.OfflineTests.test_probe_error_restores_before_propagating) ... ok
test_public_restore_uses_actual_fleet_decision_and_refuses_errors (test_glm53_probe_lifecycle.OfflineTests.test_public_restore_uses_actual_fleet_decision_and_refuses_errors) ... ok
test_restore_failure_is_not_success (test_glm53_probe_lifecycle.OfflineTests.test_restore_failure_is_not_success) ... ok
test_stopped_admission_refuses_lost_holder_before_probe_or_remote_action (test_glm53_probe_lifecycle.OfflineTests.test_stopped_admission_refuses_lost_holder_before_probe_or_remote_action) ... ok
test_stopped_restore_checks_state_and_source_without_waiting_for_health (test_glm53_probe_lifecycle.OfflineTests.test_stopped_restore_checks_state_and_source_without_waiting_for_health) ... ok
test_stopped_success_failure_and_cancellation_restore_without_start_or_health (test_glm53_probe_lifecycle.OfflineTests.test_stopped_success_failure_and_cancellation_restore_without_start_or_health) ... ok
test_uniform_stopped_donor_retains_image_manifest_and_boolean_state_gates (test_glm53_probe_lifecycle.OfflineTests.test_uniform_stopped_donor_retains_image_manifest_and_boolean_state_gates) ... ok

----------------------------------------------------------------------
Ran 12 tests in 1.528s

OK

command=["/opt/homebrew/opt/python@3.14/bin/python3.14", "-m", "unittest", "discover", "-s", "tests", "-p", "test_glm53_ep_local_probe.py", "-v"]
test_failed_probe_preserves_phase_and_partial_results (test_glm53_ep_local_probe.EvidenceTests.test_failed_probe_preserves_phase_and_partial_results) ... ok
test_incomplete_remap_compile_matrix_is_rejected (test_glm53_ep_local_probe.EvidenceTests.test_incomplete_remap_compile_matrix_is_rejected) ... ok
test_matching_evidence_passes_and_changed_overlay_fails (test_glm53_ep_local_probe.EvidenceTests.test_matching_evidence_passes_and_changed_overlay_fails) ... ok
test_missing_mount_skips_and_changed_test_are_rejected (test_glm53_ep_local_probe.EvidenceTests.test_missing_mount_skips_and_changed_test_are_rejected) ... ok
test_stale_receipt_is_rejected_before_service_inventory_or_pause (test_glm53_ep_local_probe.EvidenceTests.test_stale_receipt_is_rejected_before_service_inventory_or_pause) ... ok
test_stopped_handoff_reaches_failed_cell_and_restores_original_running_flags (test_glm53_ep_local_probe.EvidenceTests.test_stopped_handoff_reaches_failed_cell_and_restores_original_running_flags) ... ok
test_corrupt_small_row_cannot_hide_behind_a_large_row (test_glm53_ep_local_probe.NumericalTests.test_corrupt_small_row_cannot_hide_behind_a_large_row) ... skipped 'requires torch; pinned CPU image covers this'
test_large_stock_noise_cannot_authorize_a_bad_candidate (test_glm53_ep_local_probe.NumericalTests.test_large_stock_noise_cannot_authorize_a_bad_candidate) ... skipped 'requires torch; pinned CPU image covers this'
test_nonfinite_and_broadcastable_shapes_are_rejected (test_glm53_ep_local_probe.NumericalTests.test_nonfinite_and_broadcastable_shapes_are_rejected) ... skipped 'requires torch; pinned CPU image covers this'
test_small_stock_noise_preserves_existing_candidate_floor (test_glm53_ep_local_probe.NumericalTests.test_small_stock_noise_preserves_existing_candidate_floor) ... skipped 'requires torch; pinned CPU image covers this'

----------------------------------------------------------------------
Ran 10 tests in 0.015s

OK (skipped=4)

command=["/opt/homebrew/opt/python@3.14/bin/python3.14", "-m", "unittest", "discover", "-s", "tests", "-p", "test_glm53_ep_binding_check.py", "-v"]
test_context_precedes_first_binding_count (test_glm53_ep_binding_check.BindingOrderTests.test_context_precedes_first_binding_count) ... ok
test_existing_context_is_rejected_before_api_or_allocation (test_glm53_ep_binding_check.BindingOrderTests.test_existing_context_is_rejected_before_api_or_allocation) ... ok
test_null_failed_api_result_is_preserved_and_fatal (test_glm53_ep_binding_check.BindingOrderTests.test_null_failed_api_result_is_preserved_and_fatal) ... ok
test_nonzero_sanitizer_keeps_failure_and_restores_original (test_glm53_ep_binding_check.DiagnosticLifecycleTests.test_nonzero_sanitizer_keeps_failure_and_restores_original) ... ok
test_stopped_handoff_runs_diagnostic_and_keeps_originals_stopped (test_glm53_ep_binding_check.DiagnosticLifecycleTests.test_stopped_handoff_runs_diagnostic_and_keeps_originals_stopped) ... ok

----------------------------------------------------------------------
Ran 5 tests in 0.014s

OK

command=["/opt/homebrew/opt/python@3.14/bin/python3.14", "-m", "unittest", "discover", "-s", "tests", "-p", "test_glm53_ep_sanitizer.py", "-v"]
test_changed_executable_cannot_reuse_successful_preflight (test_glm53_ep_sanitizer.PreflightTests.test_changed_executable_cannot_reuse_successful_preflight) ... ok
test_missing_executable_and_wrong_hash_fail_before_container (test_glm53_ep_sanitizer.PreflightTests.test_missing_executable_and_wrong_hash_fail_before_container) ... ok
test_nonzero_exit_or_missing_version_cannot_pass (test_glm53_ep_sanitizer.PreflightTests.test_nonzero_exit_or_missing_version_cannot_pass) ... ok
test_outer_timeout_removes_only_its_preflight_container (test_glm53_ep_sanitizer.PreflightTests.test_outer_timeout_removes_only_its_preflight_container) ... ok
test_pinned_version_runs_in_bounded_no_device_container_and_records_identity (test_glm53_ep_sanitizer.PreflightTests.test_pinned_version_runs_in_bounded_no_device_container_and_records_identity) ... ok
test_failed_preflight_never_reaches_service_inventory_or_pause (test_glm53_ep_sanitizer.RunnerOrderTests.test_failed_preflight_never_reaches_service_inventory_or_pause) ... ok
test_absent_errors_ignored_errors_and_warnings_are_rejected (test_glm53_ep_sanitizer.SummaryTests.test_absent_errors_ignored_errors_and_warnings_are_rejected) ... ok
test_tool_specific_clean_summaries_are_required (test_glm53_ep_sanitizer.SummaryTests.test_tool_specific_clean_summaries_are_required) ... ok

----------------------------------------------------------------------
Ran 8 tests in 0.005s

OK
