test_missing_native_implementation_cannot_pass_coverage (tests.test_engine_native_execution.NativeQualificationTests.test_missing_native_implementation_cannot_pass_coverage) ... ok
test_nonfinite_prefill_releases_slots_and_refuses_readiness (tests.test_engine_native_execution.NativeQualificationTests.test_nonfinite_prefill_releases_slots_and_refuses_readiness) ... ok
test_runtime_signatures_and_non_default_dependencies (tests.test_engine_graph_labels.GraphLabelAbiTests.test_runtime_signatures_and_non_default_dependencies) ... ok
test_unavailable_attribution_does_not_become_a_model_failure_context (tests.test_engine_graph_labels.GraphLabelAbiTests.test_unavailable_attribution_does_not_become_a_model_failure_context) ... ok
test_a_capture_that_raises_still_ends_its_capture (tests.test_engine_graph_contracts.AllocatorFlushTests.test_a_capture_that_raises_still_ends_its_capture) ... ok
test_capture_end_failure_is_not_suppressed_after_a_successful_body (tests.test_engine_graph_contracts.AllocatorFlushTests.test_capture_end_failure_is_not_suppressed_after_a_successful_body) ... ok
test_capture_failure_survives_end_reset_and_close_failures (tests.test_engine_graph_contracts.AllocatorFlushTests.test_capture_failure_survives_end_reset_and_close_failures) ... ok
test_the_allocator_is_flushed_once_for_the_instance_not_once_per_shape (tests.test_engine_graph_contracts.AllocatorFlushTests.test_the_allocator_is_flushed_once_for_the_instance_not_once_per_shape) ... ok
test_pool_rows_is_pool_slots_run_once_per_segment (tests.test_engine_graph_contracts.BatchedPoolTests.test_pool_rows_is_pool_slots_run_once_per_segment) ... ok
test_the_batched_pass_pools_the_same_windows_and_writes_the_same_rows (tests.test_engine_graph_contracts.BatchedPoolTests.test_the_batched_pass_pools_the_same_windows_and_writes_the_same_rows) ... ok
test_every_admitted_context_lands_in_a_bucket (tests.test_engine_graph_contracts.CapacityLadderTests.test_every_admitted_context_lands_in_a_bucket) ... ok
test_the_ladder_stops_at_the_served_ceiling (tests.test_engine_graph_contracts.CapacityLadderTests.test_the_ladder_stops_at_the_served_ceiling) ... ok
test_the_pool_and_the_trained_positions_also_bound_it (tests.test_engine_graph_contracts.CapacityLadderTests.test_the_pool_and_the_trained_positions_also_bound_it) ... ok
test_one_warmup_pass_is_the_declared_default (tests.test_engine_graph_contracts.CaptureOrderTests.test_one_warmup_pass_is_the_declared_default) ... ok
test_the_bucket_lookup_still_reads_the_ladder_upwards (tests.test_engine_graph_contracts.CaptureOrderTests.test_the_bucket_lookup_still_reads_the_ladder_upwards) ... ok
test_the_target_shapes_run_largest_first (tests.test_engine_graph_contracts.CaptureOrderTests.test_the_target_shapes_run_largest_first) ... ok
test_capture_refuses_a_host_barrier_comm_before_touching_the_device (tests.test_engine_graph_contracts.CaptureSafetyTests.test_capture_refuses_a_host_barrier_comm_before_touching_the_device) ... ok
test_device_step_runs_the_same_embedding_prologue_as_eager_decode (tests.test_engine_graph_contracts.CaptureSafetyTests.test_device_step_runs_the_same_embedding_prologue_as_eager_decode) ... ok
test_localtp_is_marked_unsafe_and_the_fleet_comm_safe (tests.test_engine_graph_contracts.CaptureSafetyTests.test_localtp_is_marked_unsafe_and_the_fleet_comm_safe) ... ok
test_a_cached_segment_still_reads_what_replay_wrote (tests.test_engine_graph_contracts.DeviceStepTests.test_a_cached_segment_still_reads_what_replay_wrote) ... ok
test_the_same_tuple_comes_back_every_time (tests.test_engine_graph_contracts.DeviceStepTests.test_the_same_tuple_comes_back_every_time) ... ok
test_the_capture_loop_is_inside_the_guard (tests.test_engine_graph_contracts.FrozenCollectorTests.test_the_capture_loop_is_inside_the_guard) ... ok
test_the_capture_runs_with_collection_off (tests.test_engine_graph_contracts.FrozenCollectorTests.test_the_capture_runs_with_collection_off) ... ok
test_the_collector_comes_back_after_a_failed_capture (tests.test_engine_graph_contracts.FrozenCollectorTests.test_the_collector_comes_back_after_a_failed_capture) ... ok
test_distinct_pools_pass_and_a_shared_pool_is_refused (tests.test_engine_graph_contracts.GraphPoolSeparationTests.test_distinct_pools_pass_and_a_shared_pool_is_refused) ... ok
test_the_base_class_gives_every_instance_its_own_pool (tests.test_engine_graph_contracts.GraphPoolSeparationTests.test_the_base_class_gives_every_instance_its_own_pool) ... ok
test_a_new_constant_is_refused_while_a_graph_is_recording (tests.test_engine_graph_contracts.KeptConstantTests.test_a_new_constant_is_refused_while_a_graph_is_recording) ... ok
test_one_already_built_is_handed_out_during_a_capture (tests.test_engine_graph_contracts.KeptConstantTests.test_one_already_built_is_handed_out_during_a_capture) ... ok
test_the_captured_decode_path_builds_no_index_of_its_own (tests.test_engine_graph_contracts.KeptConstantTests.test_the_captured_decode_path_builds_no_index_of_its_own) ... ok
test_the_same_length_comes_back_as_the_same_tensor (tests.test_engine_graph_contracts.KeptConstantTests.test_the_same_length_comes_back_as_the_same_tensor) ... ok
test_a_capture_without_a_ledger_asks_for_nothing (tests.test_engine_graph_contracts.LedgerRowTests.test_a_capture_without_a_ledger_asks_for_nothing) ... ok
test_detail_restores_the_split_that_priced_the_warmup_policy (tests.test_engine_graph_contracts.LedgerRowTests.test_detail_restores_the_split_that_priced_the_warmup_policy) ... ok
test_one_row_per_shape_by_default (tests.test_engine_graph_contracts.LedgerRowTests.test_one_row_per_shape_by_default) ... ok
test_pinned_staging_round_trips_through_its_numpy_view (tests.test_engine_graph_contracts.ReplayStagingTests.test_pinned_staging_round_trips_through_its_numpy_view)
The replay path writes the staging block through numpy and copies the torch ... ok
test_the_decode_step_asks_for_its_shape_once (tests.test_engine_graph_contracts.ReplayStagingTests.test_the_decode_step_asks_for_its_shape_once) ... ok
test_the_replay_path_stages_through_pinned_memory (tests.test_engine_graph_contracts.ReplayStagingTests.test_the_replay_path_stages_through_pinned_memory) ... ok
test_a_declared_count_per_shape_is_honoured_and_replays_what_eager_computes (tests.test_engine_graph_contracts.WarmupPolicyTests.test_a_declared_count_per_shape_is_honoured_and_replays_what_eager_computes) ... skipped 'requires CUDA'
test_a_policy_that_asks_for_no_warmup_is_refused (tests.test_engine_graph_contracts.WarmupPolicyTests.test_a_policy_that_asks_for_no_warmup_is_refused) ... skipped 'requires CUDA'
test_the_default_is_one_pass_per_shape (tests.test_engine_graph_contracts.WarmupPolicyTests.test_the_default_is_one_pass_per_shape) ... skipped 'requires CUDA'
test_boot_failure_survives_bounded_graph_teardown_failure (tests.test_engine_burst_decode.ServedBurstTests.test_boot_failure_survives_bounded_graph_teardown_failure) ... ok
test_every_iteration_matches_the_existing_pipeline_at_c1_and_c4 (tests.test_engine_burst_decode.ServedBurstTests.test_every_iteration_matches_the_existing_pipeline_at_c1_and_c4) ... ok
test_large_end_set_keeps_the_existing_single_step_path (tests.test_engine_burst_decode.ServedBurstTests.test_large_end_set_keeps_the_existing_single_step_path) ... ok
test_new_row_and_slot_reuse_do_not_keep_old_device_identity (tests.test_engine_burst_decode.ServedBurstTests.test_new_row_and_slot_reuse_do_not_keep_old_device_identity) ... ok
test_per_stage_device_nanoseconds_are_reported_as_microseconds_and_seconds (tests.test_engine_burst_decode.ServedBurstTests.test_per_stage_device_nanoseconds_are_reported_as_microseconds_and_seconds) ... ok
test_prefix_and_eos_stop_before_another_iteration (tests.test_engine_burst_decode.ServedBurstTests.test_prefix_and_eos_stop_before_another_iteration) ... ok
test_reserved_end_and_bucket_limit_even_when_loop_allows_four (tests.test_engine_burst_decode.ServedBurstTests.test_reserved_end_and_bucket_limit_even_when_loop_allows_four) ... ok
test_runner_records_real_iterations_without_inventing_host_timings (tests.test_engine_burst_decode.ServedBurstTests.test_runner_records_real_iterations_without_inventing_host_timings) ... ok
test_shared_results_publish_in_order_and_hold_rows_until_retirement (tests.test_engine_burst_decode.ServedBurstTests.test_shared_results_publish_in_order_and_hold_rows_until_retirement) ... ok
test_survivor_returns_to_bursts_after_a_large_stop_set_leaves (tests.test_engine_burst_decode.ServedBurstTests.test_survivor_returns_to_bursts_after_a_large_stop_set_leaves) ... ok
test_text_stops_keep_the_ordinary_host_verification_cadence (tests.test_engine_burst_decode.ServedBurstTests.test_text_stops_keep_the_ordinary_host_verification_cadence) ... ok
test_whole_burst_horizon_and_reasoning_cap_cover_every_iteration (tests.test_engine_burst_decode.ServedBurstTests.test_whole_burst_horizon_and_reasoning_cap_cover_every_iteration) ... ok
test_zero_progress_cannot_silently_schedule_bursts_forever (tests.test_engine_burst_decode.ServedBurstTests.test_zero_progress_cannot_silently_schedule_bursts_forever) ... ok
test_capture_bursts_real_stalls_thread_exit_and_restart (tests.test_engine_oneshot_health.ProxyHealthTests.test_capture_bursts_real_stalls_thread_exit_and_restart) ... ok
test_integer_packets_use_native_gather_after_layout_normalization (tests.test_engine_comm_layout.GatherTests.test_integer_packets_use_native_gather_after_layout_normalization) ... ok
test_rank_major_collective_matches_cat_on_every_axis (tests.test_engine_comm_layout.GatherTests.test_rank_major_collective_matches_cat_on_every_axis) ... ok
test_real_two_process_gloo_with_strided_inputs (tests.test_engine_comm_layout.GatherTests.test_real_two_process_gloo_with_strided_inputs) ... /usr/local/lib/python3.12/dist-packages/torch/distributed/c10d_logger.py:83: FutureWarning: `torch.distributed.all_gather_into_tensor` is deprecated. Please use `torch.distributed.all_gather_single` instead.
  return func(*args, **kwargs)
/usr/local/lib/python3.12/dist-packages/torch/distributed/c10d_logger.py:83: FutureWarning: `torch.distributed.all_gather_into_tensor` is deprecated. Please use `torch.distributed.all_gather_single` instead.
  return func(*args, **kwargs)
/usr/local/lib/python3.12/dist-packages/torch/distributed/c10d_logger.py:83: FutureWarning: `torch.distributed.all_gather_into_tensor` is deprecated. Please use `torch.distributed.all_gather_single` instead.
  return func(*args, **kwargs)
/usr/local/lib/python3.12/dist-packages/torch/distributed/c10d_logger.py:83: FutureWarning: `torch.distributed.all_gather_into_tensor` is deprecated. Please use `torch.distributed.all_gather_single` instead.
  return func(*args, **kwargs)
ok
test_small_max_uses_the_exact_transport_and_other_types_keep_nccl (tests.test_engine_comm_layout.GatherTests.test_small_max_uses_the_exact_transport_and_other_types_keep_nccl) ... ok
test_no_serving_module_holds_a_generator (tests.test_engine_draws.ContractTests.test_no_serving_module_holds_a_generator) ... ok
test_the_engine_keys_every_draw_it_makes (tests.test_engine_draws.ContractTests.test_the_engine_keys_every_draw_it_makes) ... ok
test_a_word_names_one_purpose_and_position_and_refuses_what_it_cannot_hold (tests.test_engine_draws.KeyTests.test_a_word_names_one_purpose_and_position_and_refuses_what_it_cannot_hold) ... ok
test_every_component_separates_the_draws (tests.test_engine_draws.KeyTests.test_every_component_separates_the_draws) ... ok
test_the_distribution_is_close_to_uniform (tests.test_engine_draws.KeyTests.test_the_distribution_is_close_to_uniform) ... ok
test_the_hash_is_a_pure_function_with_no_stream_behind_it (tests.test_engine_draws.KeyTests.test_the_hash_is_a_pure_function_with_no_stream_behind_it) ... ok
test_the_step_layout_is_the_walk_then_the_verification_then_the_correction (tests.test_engine_draws.KeyTests.test_the_step_layout_is_the_walk_then_the_verification_then_the_correction) ... ok
test_uniforms_lie_in_the_unit_interval_and_are_float32_values (tests.test_engine_draws.KeyTests.test_uniforms_lie_in_the_unit_interval_and_are_float32_values) ... ok
test_the_device_agrees_with_the_host_on_cuda_too (tests.test_engine_draws.TensorAgreementTests.test_the_device_agrees_with_the_host_on_cuda_too) ... skipped 'requires CUDA'
test_the_sampler_and_the_verifier_take_them_as_inputs (tests.test_engine_draws.TensorAgreementTests.test_the_sampler_and_the_verifier_take_them_as_inputs) ... ok
test_the_step_block_is_what_the_host_path_asks_for_row_by_row (tests.test_engine_draws.TensorAgreementTests.test_the_step_block_is_what_the_host_path_asks_for_row_by_row) ... ok
test_the_tensor_hash_matches_the_host_hash_bit_for_bit (tests.test_engine_draws.TensorAgreementTests.test_the_tensor_hash_matches_the_host_hash_bit_for_bit) ... ok

----------------------------------------------------------------------
Ran 69 tests in 5.241s

OK (skipped=4)
