[W911 23:40:23.365577045 Utils.hpp:137] Warning: Environment variable NCCL_ASYNC_ERROR_HANDLING is deprecated; use TORCH_NCCL_ASYNC_ERROR_HANDLING instead (function operator())
[b12x sf6] prepared FC1+FC2; packed bytes=85819392
[osar] phase rank=3 us/collective (n=6): guard=2.7 copy=3.9 wait=656.4 reduce=3.1 | total=666.1  @1592 MHz assumed | wait by size: <=128KiB n=4 936.1, >128KiB n=2 97.1
phase                                      seconds   dev GiB  counters
arena                                        0.188     +4.83  
load                                         1.804     +3.20  blocks=3 bytes=1.90739e+09
load drafter                                 0.426     +0.00  blocks=3 bytes=2.34216e+09
prepare native execution                     5.292     +1.01  
{"arena_expandable": 1, "dense_pack_cache": 45, "dense_pack_gptq": 43, "dense_pack_rtn": 2, "target_native_linears": 10, "drafter_native_linears": 31, "blocks": 210, "slots": 3, "arena_GiB": 4.678, "prefix_snapshots": 8, "snapshot_MiB": 41.0}
[megakernel] selftest mla rel=3.07e-03 pair_prefill=False group=2 prefill32=False -> ARM
[rank3]: Traceback (most recent call last):
[rank3]:   File "/repo/engine_parity_graph_check.py", line 87, in <module>
[rank3]:     if __name__=='__main__':main()
[rank3]:                             ^^^^^^
[rank3]:   File "/repo/engine_parity_graph_check.py", line 36, in main
[rank3]:     target_graph=Glm53DecodeGraphs(net,caches,2,6)
[rank3]:                  ^^^^^^^^^^^^^^^^^^^^^^^^^^^^^^^^^
[rank3]:   File "/repo/engine/profiles/glm53/decode_graphs.py", line 216, in __init__
[rank3]:     self.graphs = DecodeGraphs(forward, make_inputs,
[rank3]:                   ^^^^^^^^^^^^^^^^^^^^^^^^^^^^^^^^^^
[rank3]:   File "/repo/engine/base/graphs.py", line 59, in __init__
[rank3]:     step_fn(inp)
[rank3]:   File "/repo/engine/profiles/glm53/decode_graphs.py", line 208, in forward
[rank3]:     result = net.forward(step, scratch, aux_layers=self.aux_layers)
[rank3]:              ^^^^^^^^^^^^^^^^^^^^^^^^^^^^^^^^^^^^^^^^^^^^^^^^^^^^^^
[rank3]:   File "/repo/engine/profiles/glm53/net.py", line 413, in forward
[rank3]:     x = self._moe(L, x, reduce) if F.is_moe(L) else self._dense(L, x, reduce)
[rank3]:         ^^^^^^^^^^^^^^^^^^^^^^^
[rank3]:   File "/repo/engine/profiles/glm53/net.py", line 374, in _moe
[rank3]:     out = self.lanes.moe(x, sel, w, p[n + "w13"], p[n + "w13_sf"], p[n + "w2"], p[n + "w2_sf"], F.swiglu_limit).float()
[rank3]:           ^^^^^^^^^^^^^^^^^^^^^^^^^^^^^^^^^^^^^^^^^^^^^^^^^^^^^^^^^^^^^^^^^^^^^^^^^^^^^^^^^^^^^^^^^^^^^^^^^^^^^
[rank3]:   File "/repo/engine/profiles/glm53/lanes.py", line 279, in moe
[rank3]:     return b12x_fused_moe(x=x.contiguous(), output=output,
[rank3]:            ^^^^^^^^^^^^^^^^^^^^^^^^^^^^^^^^^^^^^^^^^^^^^^^
[rank3]:   File "/usr/local/lib/python3.12/dist-packages/flashinfer/api_logging.py", line 2333, in _auto_dump_wrapper
[rank3]:     return _inner(*args, **kwargs)
[rank3]:            ^^^^^^^^^^^^^^^^^^^^^^^
[rank3]:   File "/repo/engine/kernels/b12x/b12x_moe.py", line 213, in b12x_fused_moe
[rank3]:     return launch_sm120_moe(
[rank3]:            ^^^^^^^^^^^^^^^^^
[rank3]:   File "/repo/engine/kernels/b12x/moe_dispatch.py", line 5581, in launch_sm120_moe
[rank3]:     return launch_sm120_static_moe(
[rank3]:            ^^^^^^^^^^^^^^^^^^^^^^^^
[rank3]:   File "/repo/engine/kernels/b12x/moe_dispatch.py", line 3374, in launch_sm120_static_moe
[rank3]:     raise ValueError("GLM TP FP32 scatter requires the declared row-major static kernel")
[rank3]: ValueError: GLM TP FP32 scatter requires the declared row-major static kernel
