{"host": "srv2", "probe_memory": {"passed": true, "available_kib": 101971708, "required_kib": 20939398, "total_kib": 125507892}}
probe_node=srv2 revision=3eb219dd2d938479326a5a6704f3789d854367dd image=sha256:a3dd4c0f6cbb053097d65d10cd8ff8f6ae0cb9115cf0ff142e1cafe124c09211
7a7fcdefb67042731daf021478176f4919e1843d0b10cb697af28a7d8a3d108b  /usr/local/cuda/compute-sanitizer/compute-sanitizer
NVIDIA (R) Compute Sanitizer
Copyright (c) 2020-2025 NVIDIA Corporation
Version 2025.3.1.0 (build 36400806) (public-release)
source_sha256 db6040c2de8ba8d96deae8d27435a167014e4163f89e70322bdb00428b66bf72
[megakernel] source md5=7c484628 kernels=12 (/repo/overlay/modules/glm53_megakernel/glm53_megakernel.cu)
{"T": 128, "W": 1, "rel": 0.0, "base_rel": 0.0, "full_delta": 0.0, "max_row_ref": 0.0, "max_row_delta": 0.0, "replay": true, "graph_changed_inputs": true, "timing_ms": {"base": [0.02916266769170761, 0.02881066749493281, 0.026634665826956432, 0.027285332481066387, 0.026165333886941273, 0.02759466568628947], "candidate": [0.028970666229724884, 0.028864001234372456, 0.02810666710138321, 0.027466667195161183, 0.030080000559488933, 0.0276053324341774]}, "kernel_speedup": 0.9633026919031654}
{"T": 129, "W": 17, "rel": 0.002709892049779815, "base_rel": 0.0027100081501261687, "full_delta": 6.930229180279938e-05, "max_row_ref": 0.003271538531407714, "max_row_delta": 0.0008595522376708686, "replay": true, "graph_changed_inputs": true, "timing_ms": {"base": [0.03205333401759466, 0.030239999294281006, 0.02887466549873352, 0.03030399978160858, 0.030026666820049286, 0.028575999041398365], "candidate": [0.03266133368015289, 0.031178665657838184, 0.03259733319282532, 0.03164800008138021, 0.030645333230495453, 0.030261332790056866]}, "kernel_speedup": 0.959252976506597}
{"T": 131, "W": 31, "rel": 0.001329301831638098, "base_rel": 0.0012881339362525225, "full_delta": 0.0005021585463727041, "max_row_ref": 0.001962211448699236, "max_row_delta": 0.001303758705034852, "replay": true, "graph_changed_inputs": true, "timing_ms": {"base": [0.03271466741959254, 0.03065599997838338, 0.031317333380381264, 0.03127466638882955, 0.03601066768169403, 0.030432000756263733], "candidate": [0.033386667569478355, 0.033045334120591484, 0.031136001149813335, 0.0314026673634847, 0.032629333436489105, 0.032618666688601174]}, "kernel_speedup": 0.9592937660803779}
{"T": 128, "W": 32, "rel": 0.001704037313846435, "base_rel": 0.0017010752513105945, "full_delta": 0.0006069769725340729, "max_row_ref": 0.0022363574244081974, "max_row_delta": 0.001902556512504816, "replay": true, "graph_changed_inputs": true, "timing_ms": {"base": [0.031157332162062328, 0.030559999247392017, 0.029951999584833782, 0.030069333811601002, 0.029877332349618275, 0.029951999584833782], "candidate": [0.03222399950027466, 0.030997333427270252, 0.03336533407370249, 0.02998399982849757, 0.02997333308060964, 0.030975999931494396]}, "kernel_speedup": 0.9685025823763633}
{"T": 129, "W": 33, "rel": 0.002737145025253687, "base_rel": 0.0027366573177625944, "full_delta": 0.0005949028426591259, "max_row_ref": 0.0032734291162341833, "max_row_delta": 0.002076529199257493, "replay": true, "graph_changed_inputs": true, "timing_ms": {"base": [0.03862400104602178, 0.03068800022204717, 0.029674666623274486, 0.03125333289305369, 0.029663999875386555, 0.02994133283694585], "candidate": [0.033589333295822144, 0.03176533430814743, 0.03048533449570338, 0.03182933231194814, 0.03302400062481562, 0.03239466746648153]}, "kernel_speedup": 0.9440292300099945}
{"T": 128, "W": 2048, "rel": 0.001406878887682891, "base_rel": 0.00139095225366938, "full_delta": 0.0005322354033153289, "max_row_ref": 0.0019671237096190453, "max_row_delta": 0.0011417471105232835, "replay": true, "graph_changed_inputs": true, "timing_ms": {"base": [0.603551983833313, 0.6061333417892456, 0.604693333307902, 0.6047146717707316, 0.6313813527425131, 0.7128213246663412], "candidate": [0.3874346812566121, 0.3893866539001465, 0.395957350730896, 0.38929065068562824, 0.4935893217722575, 0.39627734820048016]}, "kernel_speedup": 1.54180589196557}
{"T": 131, "W": 2176, "rel": 0.0011055143234263156, "base_rel": 0.0011042112067481096, "full_delta": 0.0005352850217928189, "max_row_ref": 0.0022880947217345238, "max_row_delta": 0.001583918696269393, "replay": true, "graph_changed_inputs": true, "timing_ms": {"base": [0.5651839971542358, 0.5694933334986368, 0.5640000104904175, 0.5623893340428671, 0.5598506530125936, 0.5625600020090739], "candidate": [0.41326932112375897, 0.4132586717605591, 0.4187413454055786, 0.408949335416158, 0.4086506764094035, 0.4171200195948283]}, "kernel_speedup": 1.3630028531376868}
{"T": 2593, "W": 2048, "rel": 0.003203882650605431, "base_rel": 0.003203864918196409, "full_delta": 0.0007780391492539247, "max_row_ref": 0.003271538531407714, "max_row_delta": 0.0011685311328619719, "replay": true, "graph_changed_inputs": true, "timing_ms": {"base": [12.951765696207682, 12.940170288085938, 13.02725346883138, 12.935221354166666, 12.961439768473307, 13.027637481689453], "candidate": [12.976746877034506, 12.718143463134766, 13.019179026285807, 12.706197102864584, 12.783060709635416, 12.836629231770834]}, "kernel_speedup": 1.0114566383881314}
{"T": 4143, "W": 2048, "rel": 0.0013939298940889144, "base_rel": 0.0013916223737873163, "full_delta": 0.0003934732726063705, "max_row_ref": 0.001996033126488328, "max_row_delta": 0.000896809680853039, "replay": true, "graph_changed_inputs": true, "timing_ms": {"base": [20.771530151367188, 20.964608510335285, 20.974676767985027, 20.698975880940754, 20.708362579345703, 20.68222935994466], "candidate": [20.292714436848957, 20.31991449991862, 20.30239995320638, 20.33506139119466, 20.5773442586263, 20.28226089477539]}, "kernel_speedup": 1.021111014700491}
{"T": 6912, "W": 2048, "rel": 0.000531438772343644, "base_rel": 0.000531215080845476, "full_delta": 0.0007579674572310357, "max_row_ref": 0.0022387162316590548, "max_row_delta": 0.0011214774567633867, "replay": true, "graph_changed_inputs": true, "timing_ms": {"base": [34.71383412679037, 34.459765116373696, 34.74065144856771, 34.74720001220703, 34.530016581217446, 34.816650390625], "candidate": [33.82702891031901, 33.85584004720052, 33.877716064453125, 34.12969716389974, 33.89974466959635, 33.936543782552086]}, "kernel_speedup": 1.0247431052026137}
{"T": 8192, "W": 2048, "rel": 0.003203470807835937, "base_rel": 0.0032034928971260003, "full_delta": 0.0008892721876864199, "max_row_ref": 0.003271538531407714, "max_row_delta": 0.0012091401731595397, "replay": true, "graph_changed_inputs": true, "timing_ms": {"base": [41.334004720052086, 40.78834025065104, 41.08777618408203, 40.8229014078776, 40.750282287597656, 40.779457092285156], "candidate": [40.107177734375, 40.052406311035156, 40.46185557047526, 40.10162099202474, 40.06749979654948, 40.089813232421875]}, "kernel_speedup": 1.0177052255993844}
{"verdict": "PASS", "cases": 11, "serving_speedup": null}
========= COMPUTE-SANITIZER
source_sha256 db6040c2de8ba8d96deae8d27435a167014e4163f89e70322bdb00428b66bf72
[megakernel] source md5=7c484628 kernels=12 (/repo/overlay/modules/glm53_megakernel/glm53_megakernel.cu)
{"T": 128, "W": 1, "rel": 0.0, "base_rel": 0.0, "full_delta": 0.0, "max_row_ref": 0.0, "max_row_delta": 0.0, "replay": true, "graph_changed_inputs": true}
{"T": 129, "W": 17, "rel": 0.002752979671928384, "base_rel": 0.0027531353985991605, "full_delta": 9.016860950437604e-05, "max_row_ref": 0.0033784760162234306, "max_row_delta": 0.0009064891492016613, "replay": true, "graph_changed_inputs": true}
{"T": 131, "W": 31, "rel": 0.0012696388075530743, "base_rel": 0.0012380122333317263, "full_delta": 0.0004496795246012126, "max_row_ref": 0.0017802284564822912, "max_row_delta": 0.0013651509070768952, "replay": true, "graph_changed_inputs": true}
{"T": 128, "W": 32, "rel": 0.0015808316329124729, "base_rel": 0.001578678365199975, "full_delta": 0.0005021874757060898, "max_row_ref": 0.0022268483880907297, "max_row_delta": 0.001753513002768159, "replay": true, "graph_changed_inputs": true}
{"T": 129, "W": 33, "rel": 0.002637867671576005, "base_rel": 0.0026366402514435804, "full_delta": 0.0007582359094193153, "max_row_ref": 0.003271538531407714, "max_row_delta": 0.002356229117140174, "replay": true, "graph_changed_inputs": true}
{"T": 128, "W": 2048, "rel": 0.0014159421048726161, "base_rel": 0.0013937181816156136, "full_delta": 0.0005370412687970912, "max_row_ref": 0.001977566396817565, "max_row_delta": 0.001128683565184474, "replay": true, "graph_changed_inputs": true}
{"T": 131, "W": 2176, "rel": 0.001124751253103933, "base_rel": 0.0011247950898285806, "full_delta": 0.0006032916171520075, "max_row_ref": 0.002191866748034954, "max_row_delta": 0.0015995089197531343, "replay": true, "graph_changed_inputs": true}
{"verdict": "PASS", "cases": 7, "serving_speedup": null}
========= ERROR SUMMARY: 0 errors
========= COMPUTE-SANITIZER
source_sha256 db6040c2de8ba8d96deae8d27435a167014e4163f89e70322bdb00428b66bf72
[megakernel] source md5=7c484628 kernels=12 (/repo/overlay/modules/glm53_megakernel/glm53_megakernel.cu)
{"T": 128, "W": 1, "rel": 0.0, "base_rel": 0.0, "full_delta": 0.0, "max_row_ref": 0.0, "max_row_delta": 0.0, "replay": true, "graph_changed_inputs": true}
{"T": 129, "W": 17, "rel": 0.002752979671928384, "base_rel": 0.0027531353985991605, "full_delta": 9.016860950437604e-05, "max_row_ref": 0.0033784760162234306, "max_row_delta": 0.0009064891492016613, "replay": true, "graph_changed_inputs": true}
{"T": 131, "W": 31, "rel": 0.0012696388075530743, "base_rel": 0.0012380122333317263, "full_delta": 0.0004496795246012126, "max_row_ref": 0.0017802284564822912, "max_row_delta": 0.0013651509070768952, "replay": true, "graph_changed_inputs": true}
{"T": 128, "W": 32, "rel": 0.0015808316329124729, "base_rel": 0.001578678365199975, "full_delta": 0.0005021874757060898, "max_row_ref": 0.0022268483880907297, "max_row_delta": 0.001753513002768159, "replay": true, "graph_changed_inputs": true}
{"T": 129, "W": 33, "rel": 0.002637867671576005, "base_rel": 0.0026366402514435804, "full_delta": 0.0007582359094193153, "max_row_ref": 0.003271538531407714, "max_row_delta": 0.002356229117140174, "replay": true, "graph_changed_inputs": true}
{"T": 128, "W": 2048, "rel": 0.0014159421048726161, "base_rel": 0.0013937181816156136, "full_delta": 0.0005370412687970912, "max_row_ref": 0.001977566396817565, "max_row_delta": 0.001128683565184474, "replay": true, "graph_changed_inputs": true}
{"T": 131, "W": 2176, "rel": 0.001124751253103933, "base_rel": 0.0011247950898285806, "full_delta": 0.0006032916171520075, "max_row_ref": 0.002191866748034954, "max_row_delta": 0.0015995089197531343, "replay": true, "graph_changed_inputs": true}
{"verdict": "PASS", "cases": 7, "serving_speedup": null}
========= RACECHECK SUMMARY: 0 hazards displayed (0 errors, 0 warnings)
