test_exchange_failure_poisons_every_packet_publisher (tests.test_engine_direct_mhc.DirectMhcTests.test_exchange_failure_poisons_every_packet_publisher)
A native call may enqueue a collective before reporting an error. ... 
  test_exchange_failure_poisons_every_packet_publisher (tests.test_engine_direct_mhc.DirectMhcTests.test_exchange_failure_poisons_every_packet_publisher) (method='exchange')
A native call may enqueue a collective before reporting an error. ... FAIL
  test_exchange_failure_poisons_every_packet_publisher (tests.test_engine_direct_mhc.DirectMhcTests.test_exchange_failure_poisons_every_packet_publisher) (method='exchange_moe')
A native call may enqueue a collective before reporting an error. ... FAIL
test_packet_consumer_cannot_reenter_or_change_the_exchange_stream (tests.test_engine_direct_mhc.DirectMhcTests.test_packet_consumer_cannot_reenter_or_change_the_exchange_stream) ... 
  test_packet_consumer_cannot_reenter_or_change_the_exchange_stream (tests.test_engine_direct_mhc.DirectMhcTests.test_packet_consumer_cannot_reenter_or_change_the_exchange_stream) (violation='reenter') ... FAIL
  test_packet_consumer_cannot_reenter_or_change_the_exchange_stream (tests.test_engine_direct_mhc.DirectMhcTests.test_packet_consumer_cannot_reenter_or_change_the_exchange_stream) (violation='stream') ... FAIL

======================================================================
FAIL: test_exchange_failure_poisons_every_packet_publisher (tests.test_engine_direct_mhc.DirectMhcTests.test_exchange_failure_poisons_every_packet_publisher) (method='exchange')
A native call may enqueue a collective before reporting an error.
----------------------------------------------------------------------
Traceback (most recent call last):
  File "/repo/tests/test_engine_direct_mhc.py", line 59, in test_exchange_failure_poisons_every_packet_publisher
    self.assertTrue(owner.packet_failed)
AssertionError: False is not true

======================================================================
FAIL: test_exchange_failure_poisons_every_packet_publisher (tests.test_engine_direct_mhc.DirectMhcTests.test_exchange_failure_poisons_every_packet_publisher) (method='exchange_moe')
A native call may enqueue a collective before reporting an error.
----------------------------------------------------------------------
Traceback (most recent call last):
  File "/repo/tests/test_engine_direct_mhc.py", line 59, in test_exchange_failure_poisons_every_packet_publisher
    self.assertTrue(owner.packet_failed)
AssertionError: False is not true

======================================================================
FAIL: test_packet_consumer_cannot_reenter_or_change_the_exchange_stream (tests.test_engine_direct_mhc.DirectMhcTests.test_packet_consumer_cannot_reenter_or_change_the_exchange_stream) (violation='reenter')
----------------------------------------------------------------------
Traceback (most recent call last):
  File "/repo/tests/test_engine_direct_mhc.py", line 77, in test_packet_consumer_cannot_reenter_or_change_the_exchange_stream
    with self.assertRaises(RuntimeError):
AssertionError: RuntimeError not raised

======================================================================
FAIL: test_packet_consumer_cannot_reenter_or_change_the_exchange_stream (tests.test_engine_direct_mhc.DirectMhcTests.test_packet_consumer_cannot_reenter_or_change_the_exchange_stream) (violation='stream')
----------------------------------------------------------------------
Traceback (most recent call last):
  File "/repo/tests/test_engine_direct_mhc.py", line 77, in test_packet_consumer_cannot_reenter_or_change_the_exchange_stream
    with self.assertRaises(RuntimeError):
AssertionError: RuntimeError not raised

----------------------------------------------------------------------
Ran 2 tests in 0.003s

FAILED (failures=4)
