preflight deploycache0908v6 [boot]:
  PASS /home/choiceoh/glm53-logs/ab-lever2.sh == repo
  PASS /home/choiceoh/glm53-logs/fleet.sh == repo
  PASS syntax bench/run_startup_overlay_deploy.sh
  PASS knobs declared in origin/main: 
  baseline: DEPLOYCACHEPRIME on build 760f799fdbe5 -- 21.86 step/s, 2.82 tok/step, 36.4% acc, 2026-09-08 09:01:23 -- skip a defaults arm and compare against it
  -> PASS
waiting: pos 1/1, held by moereformfix20908 [boot] (pid 2936845@srv2, since 09:09, est 35m, Corrected MoE bundle: one numerical then C1 A-B campaign; both arms use current CTA4 default, no intermediate restore) 2026-09-08_09:12:55
waiting: pos 1/1, held by moereformfix20908 [boot] (pid 2936845@srv2, since 09:09, est 35m, Corrected MoE bundle: one numerical then C1 A-B campaign; both arms use current CTA4 default, no intermediate restore), legacy busy (1 procs, 0 reqs) 2026-09-08_09:17:24
waiting: pos 1/1, held by moereformfix20908 [boot] (pid 2936845@srv2, since 09:09, est 35m, Corrected MoE bundle: one numerical then C1 A-B campaign; both arms use current CTA4 default, no intermediate restore) 2026-09-08_09:19:57
waiting: pos 1/1, held by moereformfix20908 [boot] (pid 2936845@srv2, since 09:09, est 35m, Corrected MoE bundle: one numerical then C1 A-B campaign; both arms use current CTA4 default, no intermediate restore), legacy busy (1 procs, 0 reqs) 2026-09-08_09:20:05
waiting: pos 1/1, held by moereformfix20908 [boot] (pid 2936845@srv2, since 09:09, est 35m, Corrected MoE bundle: one numerical then C1 A-B campaign; both arms use current CTA4 default, no intermediate restore) 2026-09-08_09:20:06
waiting: pos 1/1, held by moereformfix20908 [boot] (pid 2936845@srv2, since 09:09, est 35m, Corrected MoE bundle: one numerical then C1 A-B campaign; both arms use current CTA4 default, no intermediate restore), legacy busy (2 procs, 0 reqs) 2026-09-08_09:21:02
waiting: pos 1/1, held by moereformfix20908 [boot] (pid 2936845@srv2, since 09:09, est 35m, Corrected MoE bundle: one numerical then C1 A-B campaign; both arms use current CTA4 default, no intermediate restore), legacy busy (3 procs, 0 reqs) 2026-09-08_09:21:03
waiting: pos 1/1, held by moereformfix20908 [boot] (pid 2936845@srv2, since 09:09, est 35m, Corrected MoE bundle: one numerical then C1 A-B campaign; both arms use current CTA4 default, no intermediate restore), legacy busy (2 procs, 0 reqs) 2026-09-08_09:21:05
waiting: pos 1/1, held by moereformfix20908 [boot] (pid 2936845@srv2, since 09:09, est 35m, Corrected MoE bundle: one numerical then C1 A-B campaign; both arms use current CTA4 default, no intermediate restore), legacy busy (1 procs, 0 reqs) 2026-09-08_09:21:15
waiting: pos 1/1, held by moereformfix20908 [boot] (pid 2936845@srv2, since 09:09, est 35m, Corrected MoE bundle: one numerical then C1 A-B campaign; both arms use current CTA4 default, no intermediate restore), legacy busy (1 procs, 0 reqs, booting) 2026-09-08_09:21:16
waiting: pos 1/1, held by moereformfix20908 [boot] (pid 2936845@srv2, since 09:09, est 35m, Corrected MoE bundle: one numerical then C1 A-B campaign; both arms use current CTA4 default, no intermediate restore), legacy busy (1 procs, 0 reqs) 2026-09-08_09:22:14
waiting: pos 1/1, held by moereformfix20908 [boot] (pid 2936845@srv2, since 09:09, est 35m, Corrected MoE bundle: one numerical then C1 A-B campaign; both arms use current CTA4 default, no intermediate restore), legacy busy (1 procs, 0 reqs, booting) 2026-09-08_09:23:14
waiting: pos 1/1, held by moereformfix20908 [boot] (pid 2936845@srv2, since 09:09, est 35m, Corrected MoE bundle: one numerical then C1 A-B campaign; both arms use current CTA4 default, no intermediate restore), legacy busy (0 procs, 0 reqs, booting) 2026-09-08_09:29:21
waiting: pos 1/1, held by moereformfix20908 [boot] (pid 2936845@srv2, since 09:09, est 35m, Corrected MoE bundle: one numerical then C1 A-B campaign; both arms use current CTA4 default, no intermediate restore), legacy busy (2 procs, 0 reqs, booting) 2026-09-08_09:32:28
waiting: pos 1/1, held by moereformfix20908 [boot] (pid 2936845@srv2, since 09:09, est 35m, Corrected MoE bundle: one numerical then C1 A-B campaign; both arms use current CTA4 default, no intermediate restore), legacy busy (3 procs, 0 reqs, booting) 2026-09-08_09:32:30
waiting: pos 1/1, held by moereformfix20908 [boot] (pid 2936845@srv2, since 09:09, est 35m, Corrected MoE bundle: one numerical then C1 A-B campaign; both arms use current CTA4 default, no intermediate restore), legacy busy (2 procs, 0 reqs, booting) 2026-09-08_09:32:31
waiting: pos 1/1, held by moereformfix20908 [boot] (pid 2936845@srv2, since 09:09, est 35m, Corrected MoE bundle: one numerical then C1 A-B campaign; both arms use current CTA4 default, no intermediate restore), legacy busy (2 procs, 0 reqs) 2026-09-08_09:32:39
waiting: pos 1/1, held by moereformfix20908 [boot] (pid 2936845@srv2, since 09:09, est 35m, Corrected MoE bundle: one numerical then C1 A-B campaign; both arms use current CTA4 default, no intermediate restore), legacy busy (1 procs, 0 reqs) 2026-09-08_09:32:45
waiting: pos 1/1, held by moereformfix20908 [boot] (pid 2936845@srv2, since 09:09, est 35m, Corrected MoE bundle: one numerical then C1 A-B campaign; both arms use current CTA4 default, no intermediate restore), legacy busy (1 procs, 0 reqs, booting) 2026-09-08_09:32:46
waiting: pos 1/1, held by moereformfix20908 [boot] (pid 2936845@srv2, since 09:09, est 35m, Corrected MoE bundle: one numerical then C1 A-B campaign; both arms use current CTA4 default, no intermediate restore), legacy busy (1 procs, 0 reqs) 2026-09-08_09:33:44
waiting: pos 1/1, held by moereformfix20908 [boot] (pid 2936845@srv2, since 09:09, est 35m, Corrected MoE bundle: one numerical then C1 A-B campaign; both arms use current CTA4 default, no intermediate restore), legacy busy (1 procs, 0 reqs, booting) 2026-09-08_09:34:44
waiting: pos 1/1, held by moereformfix20908 [boot] (pid 2936845@srv2, since 09:09, est 35m, Corrected MoE bundle: one numerical then C1 A-B campaign; both arms use current CTA4 default, no intermediate restore), legacy busy (0 procs, 0 reqs, booting) 2026-09-08_09:39:35
waiting: pos 1/1, held by moereformfix20908 [boot] (pid 2936845@srv2, since 09:09, est 35m, Corrected MoE bundle: one numerical then C1 A-B campaign; both arms use current CTA4 default, no intermediate restore), legacy busy (1 procs, 0 reqs, booting) 2026-09-08_09:42:59
waiting: pos 1/1, held by moereformfix20908 [boot] (pid 2936845@srv2, since 09:09, est 35m, Corrected MoE bundle: one numerical then C1 A-B campaign; both arms use current CTA4 default, no intermediate restore), legacy busy (0 procs, 0 reqs, booting) 2026-09-08_09:43:00
waiting: pos 1/1, held by moereformfix20908 [boot] (pid 2936845@srv2, since 09:09, est 35m, Corrected MoE bundle: one numerical then C1 A-B campaign; both arms use current CTA4 default, no intermediate restore), legacy busy (1 procs, 0 reqs, booting) 2026-09-08_09:43:15
waiting: pos 1/1, held by moereformfix20908 [boot] (pid 2936845@srv2, since 09:09, est 35m, Corrected MoE bundle: one numerical then C1 A-B campaign; both arms use current CTA4 default, no intermediate restore), legacy busy (0 procs, 0 reqs, booting) 2026-09-08_09:43:16
waiting: pos 1/1, held by moereformfix20908 [boot] (pid 2936845@srv2, since 09:09, est 35m, Corrected MoE bundle: one numerical then C1 A-B campaign; both arms use current CTA4 default, no intermediate restore), legacy busy (1 procs, 0 reqs, booting) 2026-09-08_09:43:20
waiting: pos 1/1, held by moereformfix20908 [boot] (pid 2936845@srv2, since 09:09, est 35m, Corrected MoE bundle: one numerical then C1 A-B campaign; both arms use current CTA4 default, no intermediate restore), legacy busy (0 procs, 0 reqs, booting) 2026-09-08_09:43:21
waiting: pos 1/1, held by moereformfix20908 [boot] (pid 2936845@srv2, since 09:09, est 35m, Corrected MoE bundle: one numerical then C1 A-B campaign; both arms use current CTA4 default, no intermediate restore), legacy busy (1 procs, 0 reqs, booting) 2026-09-08_09:43:36
waiting: pos 1/1, held by moereformfix20908 [boot] (pid 2936845@srv2, since 09:09, est 35m, Corrected MoE bundle: one numerical then C1 A-B campaign; both arms use current CTA4 default, no intermediate restore), legacy busy (0 procs, 0 reqs, booting) 2026-09-08_09:43:37
waiting: pos 1/1, held by moereformfix20908 [boot] (pid 2936845@srv2, since 09:09, est 35m, Corrected MoE bundle: one numerical then C1 A-B campaign; both arms use current CTA4 default, no intermediate restore), legacy busy (2 procs, 0 reqs, booting) 2026-09-08_09:44:12
waiting: pos 1/1, held by moereformfix20908 [boot] (pid 2936845@srv2, since 09:09, est 35m, Corrected MoE bundle: one numerical then C1 A-B campaign; both arms use current CTA4 default, no intermediate restore), legacy busy (3 procs, 0 reqs, booting) 2026-09-08_09:44:13
waiting: pos 1/1, held by moereformfix20908 [boot] (pid 2936845@srv2, since 09:09, est 35m, Corrected MoE bundle: one numerical then C1 A-B campaign; both arms use current CTA4 default, no intermediate restore), legacy busy (2 procs, 0 reqs, booting) 2026-09-08_09:44:15
waiting: pos 1/1, held by moereformfix20908 [boot] (pid 2936845@srv2, since 09:09, est 35m, Corrected MoE bundle: one numerical then C1 A-B campaign; both arms use current CTA4 default, no intermediate restore), legacy busy (3 procs, 0 reqs, booting) 2026-09-08_09:44:16
waiting: pos 1/1, held by moereformfix20908 [boot] (pid 2936845@srv2, since 09:09, est 35m, Corrected MoE bundle: one numerical then C1 A-B campaign; both arms use current CTA4 default, no intermediate restore), legacy busy (2 procs, 0 reqs, booting) 2026-09-08_09:44:17
waiting: pos 1/1, held by moereformfix20908 [boot] (pid 2936845@srv2, since 09:09, est 35m, Corrected MoE bundle: one numerical then C1 A-B campaign; both arms use current CTA4 default, no intermediate restore), legacy busy (2 procs, 0 reqs) 2026-09-08_09:44:21
waiting: pos 1/1, held by moereformfix20908 [boot] (pid 2936845@srv2, since 09:09, est 35m, Corrected MoE bundle: one numerical then C1 A-B campaign; both arms use current CTA4 default, no intermediate restore), legacy busy (1 procs, 0 reqs, booting) 2026-09-08_09:44:28
waiting: pos 1/1, held by moereformfix20908 [boot] (pid 2936845@srv2, since 09:09, est 35m, Corrected MoE bundle: one numerical then C1 A-B campaign; both arms use current CTA4 default, no intermediate restore), legacy busy (1 procs, 0 reqs) 2026-09-08_09:44:29
waiting: pos 1/1, held by moereformfix20908 [boot] (pid 2936845@srv2, since 09:09, est 35m, Corrected MoE bundle: one numerical then C1 A-B campaign; both arms use current CTA4 default, no intermediate restore), legacy busy (1 procs, 0 reqs, booting) 2026-09-08_09:44:30
waiting: pos 1/1, held by moereformfix20908 [boot] (pid 2936845@srv2, since 09:09, est 35m, Corrected MoE bundle: one numerical then C1 A-B campaign; both arms use current CTA4 default, no intermediate restore), legacy busy (1 procs, 0 reqs) 2026-09-08_09:45:28
waiting: pos 1/1, held by moereformfix20908 [boot] (pid 2936845@srv2, since 09:09, est 35m, Corrected MoE bundle: one numerical then C1 A-B campaign; both arms use current CTA4 default, no intermediate restore), legacy busy (1 procs, 0 reqs, booting) 2026-09-08_09:46:28
waiting: pos 1/1, held by moereformfix20908 [boot] (pid 2936845@srv2, since 09:09, est 35m, Corrected MoE bundle: one numerical then C1 A-B campaign; both arms use current CTA4 default, no intermediate restore), legacy busy (1 procs, 0 reqs) 2026-09-08_09:50:17
waiting: pos 1/1, held by moereformfix20908 [boot] (pid 2936845@srv2, since 09:09, est 35m, Corrected MoE bundle: one numerical then C1 A-B campaign; both arms use current CTA4 default, no intermediate restore), legacy busy (1 procs, 1 reqs) 2026-09-08_09:50:25
waiting: pos 1/1, held by moereformfix20908 [boot] (pid 2936845@srv2, since 09:09, est 35m, Corrected MoE bundle: one numerical then C1 A-B campaign; both arms use current CTA4 default, no intermediate restore), legacy busy (1 procs, 0 reqs) 2026-09-08_09:50:26
waiting: pos 1/1, held by moereformfix20908 [boot] (pid 2936845@srv2, since 09:09, est 35m, Corrected MoE bundle: one numerical then C1 A-B campaign; both arms use current CTA4 default, no intermediate restore), legacy busy (1 procs, 1 reqs) 2026-09-08_09:50:29
waiting: pos 1/1, held by moereformfix20908 [boot] (pid 2936845@srv2, since 09:09, est 35m, Corrected MoE bundle: one numerical then C1 A-B campaign; both arms use current CTA4 default, no intermediate restore), legacy busy (1 procs, 0 reqs) 2026-09-08_09:50:30
GO deploycache0908v6 2026-09-08_09:50:49
  node 10.10.10.1: gpu=ok stray=4 ram=14G path=ok 
  node 10.10.10.2: ssh=FAIL
  node 10.10.10.3: gpu=ok stray=2 ram=10G path=ok 
  node 10.10.10.4: gpu=ok stray=16 ram=14G path=ok 
all-rank same-content deployment path verified
=== DEPLOYCACHEPRIME 2026-09-08T09:51:56+09:00 ===
all four nodes have the required cache receipts
    ctx     tok  cold tok/s  warm tok/s  cold TTFT  warm TTFT  quality
   2000    2128        2079        2401      1.02s      0.89s  o o o
  32000   32545        3019     (1 req)     10.78s          -  o o o
  warm 처리량: 2401 -> 3019 tok/s (over 2128 -> 32545 tokens)
=> 6/6 correct
decode: windows n=22 med 21.9 [21.8, 22.9] step/s (inside the answers only; per context: 2K: n=9 med 21.8  32K: n=13 med 21.9), raw acc 51.9%, tokens/step 3.596 (k=5.0), generated 2400 tokens over 44s
응답 4개 · 문자 6,840
  깨진 응답: 0/4 (0%)
  replacement      0     0.0/백만자
  lone_jamo        0     0.0/백만자
  cjk_mixed        0     0.0/백만자
  control          0     0.0/백만자
== onepass DEPLOYCACHEPRIME: 44s total
=== DEPLOYCACHEPRIME complete 2026-09-08T09:59:48+09:00 ===
all-rank same-content deployment path verified
=== DEPLOYCACHEBASE1 2026-09-08T09:59:53+09:00 ===
all four nodes have the required cache receipts
    ctx     tok  cold tok/s  warm tok/s  cold TTFT  warm TTFT  quality
   2000    2128        2094        2414      1.02s      0.88s  o o o
  32000   32545        3009     (1 req)     10.81s          -  o o o
  warm 처리량: 2414 -> 3009 tok/s (over 2128 -> 32545 tokens)
=> 6/6 correct
decode: windows n=23 med 21.9 [20.9, 22.9] step/s (inside the answers only; per context: 2K: n=10 med 21.9  32K: n=13 med 21.9), raw acc 47.2%, tokens/step 3.362 (k=5.0), generated 2374 tokens over 46s
응답 4개 · 문자 6,468
  깨진 응답: 0/4 (0%)
  replacement      0     0.0/백만자
  lone_jamo        0     0.0/백만자
  cjk_mixed        0     0.0/백만자
  control          0     0.0/백만자
== onepass DEPLOYCACHEBASE1: 46s total
srv1 Ninja logs changed: ['osar_build/538e7c7468b6/.ninja_log', 'mk_build/0d16932a05d7/.ninja_log']
srv2 Ninja logs changed: ['osar_build/538e7c7468b6/.ninja_log', 'mk_build/0d16932a05d7/.ninja_log']
srv3 Ninja logs changed: ['osar_build/538e7c7468b6/.ninja_log', 'mk_build/0d16932a05d7/.ninja_log']
srv4 Ninja logs changed: ['osar_build/538e7c7468b6/.ninja_log', 'mk_build/0d16932a05d7/.ninja_log']
=== DEPLOYCACHEBASE1 complete 2026-09-08T10:06:57+09:00 ===
all-rank same-content deployment path verified
=== DEPLOYCACHEFAST1 2026-09-08T10:07:01+09:00 ===
all four nodes have the required cache receipts
    ctx     tok  cold tok/s  warm tok/s  cold TTFT  warm TTFT  quality
   2000    2128        2119        2408      1.00s      0.88s  o o o
  32000   32545        3041     (1 req)     10.70s          -  o o o
  warm 처리량: 2408 -> 3041 tok/s (over 2128 -> 32545 tokens)
=> 6/6 correct
decode: windows n=22 med 21.8 [20.8, 22.8] step/s (inside the answers only; per context: 2K: n=11 med 22.8  32K: n=11 med 21.8), raw acc 49.4%, tokens/step 3.469 (k=5.0), generated 2269 tokens over 43s
응답 4개 · 문자 5,751
  깨진 응답: 0/4 (0%)
  replacement      0     0.0/백만자
  lone_jamo        0     0.0/백만자
  cjk_mixed        0     0.0/백만자
  control          0     0.0/백만자
== onepass DEPLOYCACHEFAST1: 43s total
srv1 Ninja logs changed: []
srv2 Ninja logs changed: []
srv3 Ninja logs changed: []
srv4 Ninja logs changed: []
=== DEPLOYCACHEFAST1 complete 2026-09-08T10:11:48+09:00 ===
all-rank same-content deployment path verified
=== DEPLOYCACHEFAST2 2026-09-08T10:11:52+09:00 ===
all four nodes have the required cache receipts
    ctx     tok  cold tok/s  warm tok/s  cold TTFT  warm TTFT  quality
   2000    2128        2117        2412      1.01s      0.88s  o o o
  32000   32545        2998     (1 req)     10.86s          -  o o o
  warm 처리량: 2412 -> 2998 tok/s (over 2128 -> 32545 tokens)
=> 6/6 correct
decode: windows n=20 med 21.9 [20.9, 22.9] step/s (inside the answers only; per context: 2K: n=9 med 21.9  32K: n=11 med 21.9), raw acc 50.9%, tokens/step 3.547 (k=5.0), generated 2282 tokens over 43s
응답 4개 · 문자 5,682
  깨진 응답: 0/4 (0%)
  replacement      0     0.0/백만자
  lone_jamo        0     0.0/백만자
  cjk_mixed        0     0.0/백만자
  control          0     0.0/백만자
== onepass DEPLOYCACHEFAST2: 43s total
srv1 Ninja logs changed: []
srv2 Ninja logs changed: []
srv3 Ninja logs changed: []
srv4 Ninja logs changed: []
=== DEPLOYCACHEFAST2 complete 2026-09-08T10:16:53+09:00 ===
all-rank same-content deployment path verified
=== DEPLOYCACHEBASE2 2026-09-08T10:16:57+09:00 ===
all four nodes have the required cache receipts
    ctx     tok  cold tok/s  warm tok/s  cold TTFT  warm TTFT  quality
   2000    2128        2107        2411      1.01s      0.88s  o o o
  32000   32545        3047     (1 req)     10.68s          -  o o o
  warm 처리량: 2411 -> 3047 tok/s (over 2128 -> 32545 tokens)
=> 6/6 correct
decode: windows n=20 med 21.9 [21.8, 23.8] step/s (inside the answers only; per context: 2K: n=10 med 21.9  32K: n=10 med 22.3), raw acc 42.2%, tokens/step 3.110 (k=5.0), generated 1895 tokens over 41s
응답 4개 · 문자 4,475
  깨진 응답: 0/4 (0%)
  replacement      0     0.0/백만자
  lone_jamo        0     0.0/백만자
  cjk_mixed        0     0.0/백만자
  control          0     0.0/백만자
== onepass DEPLOYCACHEBASE2: 41s total
srv1 Ninja logs changed: ['osar_build/538e7c7468b6/.ninja_log', 'mk_build/0d16932a05d7/.ninja_log']
srv2 Ninja logs changed: ['osar_build/538e7c7468b6/.ninja_log', 'mk_build/0d16932a05d7/.ninja_log']
srv3 Ninja logs changed: ['osar_build/538e7c7468b6/.ninja_log', 'mk_build/0d16932a05d7/.ninja_log']
srv4 Ninja logs changed: ['osar_build/538e7c7468b6/.ninja_log', 'mk_build/0d16932a05d7/.ninja_log']
=== DEPLOYCACHEBASE2 complete 2026-09-08T10:23:42+09:00 ===
