...................ssssssssssssssssss2026-09-12 02:17:44,875 - INFO - cute_dsl_core.py:177 - flashinfer.jit: Compiling CuTe-DSL kernel st_b12x_direct_micro_sm121a_cute_dsl/p_17d60c678dec82c7
2026-09-12 02:17:44,875 - INFO - cute_dsl_core.py:246 - flashinfer.jit: Persisted CuTe-DSL kernel to /tmp/tmpj2y2wrog/st_b12x_direct_micro_sm121a_cute_dsl/p_17d60c678dec82c7.o
..2026-09-12 02:17:44,877 - INFO - cute_dsl_core.py:177 - flashinfer.jit: Compiling CuTe-DSL kernel st_b12x_direct_micro_sm121a_cute_dsl/direct_micro_test_5dcddd328d8bd834
2026-09-12 02:17:44,877 - INFO - cute_dsl_core.py:246 - flashinfer.jit: Persisted CuTe-DSL kernel to /tmp/tmpgabjwhh2/st_b12x_direct_micro_sm121a_cute_dsl/direct_micro_test_5dcddd328d8bd834.o
2026-09-12 02:17:44,878 - INFO - cute_dsl_core.py:177 - flashinfer.jit: Compiling CuTe-DSL kernel st_b12x_direct_micro_sm121a_cute_dsl/direct_micro_test_5dcddd328d8bd834
2026-09-12 02:17:44,878 - INFO - cute_dsl_core.py:246 - flashinfer.jit: Persisted CuTe-DSL kernel to /tmp/tmpgabjwhh2/st_b12x_direct_micro_sm121a_cute_dsl/direct_micro_test_5dcddd328d8bd834.o
2026-09-12 02:17:44,878 - INFO - cute_dsl_core.py:177 - flashinfer.jit: Compiling CuTe-DSL kernel st_b12x_direct_micro_sm121a_cute_dsl/direct_micro_test_5dcddd328d8bd834
2026-09-12 02:17:44,879 - INFO - cute_dsl_core.py:246 - flashinfer.jit: Persisted CuTe-DSL kernel to /tmp/tmpgabjwhh2/st_b12x_direct_micro_sm121a_cute_dsl/direct_micro_test_5dcddd328d8bd834.o
...sss.............ss.....................sssssssssssssssssssssssssssssss.....[02:17:50] /project/cpp/tokenizer_info.cc:144: Warning: Vocab type detection failed: (hf_tokenizer_obj.count("decoder") && hf_tokenizer_obj.at("decoder").is<picojson::object>()) is false: Decoder field is not found in tokenizer.json. Using RAW VocabType by default.
/usr/local/lib/python3.12/dist-packages/xgrammar/matcher.py:242: DeprecationWarning: max_rollback_tokens is deprecated. You don't need to set it and it's always unlimited (-1).
  warnings.warn(
.[02:17:50] /project/cpp/tokenizer_info.cc:144: Warning: Vocab type detection failed: (hf_tokenizer_obj.count("decoder") && hf_tokenizer_obj.at("decoder").is<picojson::object>()) is false: Decoder field is not found in tokenizer.json. Using RAW VocabType by default.
...............................sss....ssss..ssss...ssssssssssssssssssssss....................ssss....s......................s......s..ssss................................................s.........sss..................................................................ssss...sss........................s...../repo/engine/profiles/glm53/vision.py:381: UserWarning: The given NumPy array is not writable, and PyTorch does not support non-writable tensors. This means writing to this tensor will result in undefined behavior. You may want to copy the array to protect its data or make it writable before converting it to a tensor. This type of warning will be suppressed for the rest of this program. (Triggered internally at /__w/pytorch/pytorch/torch/csrc/utils/tensor_numpy.cpp:213.)
  frames = torch.from_numpy(np.asarray(image, dtype=np.uint8)).permute(2, 0, 1).contiguous()[None]   # [1, 3, h, w]
..........s..ss...
----------------------------------------------------------------------
Ran 441 tests in 41.379s

OK (skipped=113)
  box: test
<MagicMock name='declared().table()' id='246935283622272'>
  box: test
<MagicMock name='declared().table()' id='246935283767808'>
  box: test
<MagicMock name='declared().table()' id='246935282634000'>
  expert_layout: tile-major bytes read back row-major per expert OK
