...................sssssssssssssssssss2026-09-12 03:09:25,553 - INFO - cute_dsl_core.py:177 - flashinfer.jit: Compiling CuTe-DSL kernel st_b12x_direct_micro_sm121a_cute_dsl/p_17d60c678dec82c7
2026-09-12 03:09:25,554 - INFO - cute_dsl_core.py:246 - flashinfer.jit: Persisted CuTe-DSL kernel to /tmp/tmpsgsazgey/st_b12x_direct_micro_sm121a_cute_dsl/p_17d60c678dec82c7.o
..2026-09-12 03:09:25,557 - INFO - cute_dsl_core.py:177 - flashinfer.jit: Compiling CuTe-DSL kernel st_b12x_direct_micro_sm121a_cute_dsl/direct_micro_test_5dcddd328d8bd834
2026-09-12 03:09:25,557 - INFO - cute_dsl_core.py:246 - flashinfer.jit: Persisted CuTe-DSL kernel to /tmp/tmpsia7z3c8/st_b12x_direct_micro_sm121a_cute_dsl/direct_micro_test_5dcddd328d8bd834.o
2026-09-12 03:09:25,559 - INFO - cute_dsl_core.py:177 - flashinfer.jit: Compiling CuTe-DSL kernel st_b12x_direct_micro_sm121a_cute_dsl/direct_micro_test_5dcddd328d8bd834
2026-09-12 03:09:25,559 - INFO - cute_dsl_core.py:246 - flashinfer.jit: Persisted CuTe-DSL kernel to /tmp/tmpsia7z3c8/st_b12x_direct_micro_sm121a_cute_dsl/direct_micro_test_5dcddd328d8bd834.o
2026-09-12 03:09:25,561 - INFO - cute_dsl_core.py:177 - flashinfer.jit: Compiling CuTe-DSL kernel st_b12x_direct_micro_sm121a_cute_dsl/direct_micro_test_5dcddd328d8bd834
2026-09-12 03:09:25,561 - INFO - cute_dsl_core.py:246 - flashinfer.jit: Persisted CuTe-DSL kernel to /tmp/tmpsia7z3c8/st_b12x_direct_micro_sm121a_cute_dsl/direct_micro_test_5dcddd328d8bd834.o
...sss.............ss...................................sssssssssssssssssssssssssssssss.......[03:09:29] /project/cpp/tokenizer_info.cc:144: Warning: Vocab type detection failed: (hf_tokenizer_obj.count("decoder") && hf_tokenizer_obj.at("decoder").is<picojson::object>()) is false: Decoder field is not found in tokenizer.json. Using RAW VocabType by default.
/usr/local/lib/python3.12/dist-packages/xgrammar/matcher.py:242: DeprecationWarning: max_rollback_tokens is deprecated. You don't need to set it and it's always unlimited (-1).
  warnings.warn(
.[03:09:29] /project/cpp/tokenizer_info.cc:144: Warning: Vocab type detection failed: (hf_tokenizer_obj.count("decoder") && hf_tokenizer_obj.at("decoder").is<picojson::object>()) is false: Decoder field is not found in tokenizer.json. Using RAW VocabType by default.
...................................sss....ssss..ssss...ssssssssssssssssssssss....................ssss....s......................s......s.....ssss....................................................s.........sss...................................................................................................ssss...sss........................s...............s..ss...
----------------------------------------------------------------------
Ran 502 tests in 53.981s

OK (skipped=114)
  box: test
<MagicMock name='declared().table()' id='248542352959216'>
  box: test
<MagicMock name='declared().table()' id='248542358643840'>
  box: test
<MagicMock name='declared().table()' id='248542358642160'>
  expert_layout: tile-major bytes read back row-major per expert OK
