test_cancel_after_offer_reclaims_and_restores (test_boot_supervisor_linux.LinuxSupervisorTests.test_cancel_after_offer_reclaims_and_restores) ... ok
test_cancel_between_holder_and_debt_transfer_restores (test_boot_supervisor_linux.LinuxSupervisorTests.test_cancel_between_holder_and_debt_transfer_restores) ... ok
test_cancelled_waiter_and_reused_session_keep_separate_logs (test_boot_supervisor_linux.LinuxSupervisorTests.test_cancelled_waiter_and_reused_session_keep_separate_logs) ... ok
test_cancelled_waiter_leaves_donor_to_restore (test_boot_supervisor_linux.LinuxSupervisorTests.test_cancelled_waiter_leaves_donor_to_restore) ... ok
test_completed_output_and_payload_failure_remain_inspectable (test_boot_supervisor_linux.LinuxSupervisorTests.test_completed_output_and_payload_failure_remain_inspectable) ... ok
test_damaged_pending_record_cannot_skip_restore_or_leave_hold (test_boot_supervisor_linux.LinuxSupervisorTests.test_damaged_pending_record_cannot_skip_restore_or_leave_hold) ... ok
test_edit_actual_waiter_executes_only_replacement_in_updated_cwd (test_boot_supervisor_linux.LinuxSupervisorTests.test_edit_actual_waiter_executes_only_replacement_in_updated_cwd) ... ok
test_failed_edit_keeps_original_then_active_edit_is_refused (test_boot_supervisor_linux.LinuxSupervisorTests.test_failed_edit_keeps_original_then_active_edit_is_refused) ... ok
test_failed_restore_leaves_visible_debt_and_nonzero_exit (test_boot_supervisor_linux.LinuxSupervisorTests.test_failed_restore_leaves_visible_debt_and_nonzero_exit) ... ok
test_go_during_edit_preflight_runs_original_and_rejects_late_commit (test_boot_supervisor_linux.LinuxSupervisorTests.test_go_during_edit_preflight_runs_original_and_rejects_late_commit) ... ok
test_legacy_live_waiter_can_show_existing_stdout_log (test_boot_supervisor_linux.LinuxSupervisorTests.test_legacy_live_waiter_can_show_existing_stdout_log) ... ok
test_log_open_failure_preserves_live_output_and_recovery (test_boot_supervisor_linux.LinuxSupervisorTests.test_log_open_failure_preserves_live_output_and_recovery) ... ok
test_nested_restore_policy_defers_until_supervisor_finishes (test_boot_supervisor_linux.LinuxSupervisorTests.test_nested_restore_policy_defers_until_supervisor_finishes) ... ok
test_payload_success_does_not_hide_failed_restore_in_show (test_boot_supervisor_linux.LinuxSupervisorTests.test_payload_success_does_not_hide_failed_restore_in_show) ... ok
test_probe_edit_preserves_probe_admission_and_never_restores (test_boot_supervisor_linux.LinuxSupervisorTests.test_probe_edit_preserves_probe_admission_and_never_restores) ... ok
test_probe_waits_for_restore_and_active_cancellation_recovers (test_boot_supervisor_linux.LinuxSupervisorTests.test_probe_waits_for_restore_and_active_cancellation_recovers) ... ok
test_receiver_failure_preserves_payload_code_and_restores (test_boot_supervisor_linux.LinuxSupervisorTests.test_receiver_failure_preserves_payload_code_and_restores) ... ok
test_restore_debt_does_not_allow_probe_to_block_recovery_boot (test_boot_supervisor_linux.LinuxSupervisorTests.test_restore_debt_does_not_allow_probe_to_block_recovery_boot) ... ok
test_two_real_waiters_handoff_with_one_final_restore (test_boot_supervisor_linux.LinuxSupervisorTests.test_two_real_waiters_handoff_with_one_final_restore) ... ok
test_unread_client_output_cannot_block_payload_or_recovery (test_boot_supervisor_linux.LinuxSupervisorTests.test_unread_client_output_cannot_block_payload_or_recovery) ... ok

----------------------------------------------------------------------
Ran 20 tests in 31.335s

OK
