needs one GPU, not four: single-GPU lane (GB10 on srv4 beside production); say --fleet to take the four Sparks instead
preflight c2threads-0916 [single]:
{"budget_gib": 64, "entry": "probes/run_engine_probe.sh", "gpus": 1, "kind": "single", "policy": "onepass-only"}
  PASS /home/choiceoh/glm53-logs/ab-lever2.sh == repo
  PASS /home/choiceoh/glm53-logs/fleet.sh == repo
  PASS syntax probes/run_engine_probe.sh
  SKIP declared-knob check (single: no launcher in the path)
  -> PASS
wait work: step_sim 재검증(최근 onepass 기록 3개, CPU) → /home/choiceoh/glm53-logs/wait-sim/wait-c2threads-0916-20260916-230357.txt
wait work: 끝났다 — 4줄 → /home/choiceoh/glm53-logs/wait-sim/wait-c2threads-0916-20260916-230357.txt
GO c2threads-0916 2026-09-16_23:03:57
  single GPU: probes/engine_prefill_chunk_profile.py on srv4 (tree ~/st-probe-tree, image st-engine:glm53, budget 64 GiB beside production, no fleet lease)
weights loaded: rank 3, 45 layers, prompt 27648 tokens, chunks [2304, 4608, 6912, 9216], 1.60 GiB of KV (44 blocks)
2026-09-16 14:05:55  [TileLang:tilelang.jit.kernel:INFO] (kernel.py:129): TileLang begins to compile kernel `mhc_pre_big_fuse_with_norm_tilelang` with `out_idx=None`
2026-09-16 14:06:05  [TileLang:tilelang.jit.kernel:INFO] (kernel.py:137): TileLang completes to compile kernel `mhc_pre_big_fuse_with_norm_tilelang`
[megakernel] selftest mla rel=3.13e-03 prefill32=True -> ARM
REFORM_SF6_LAYOUT_PASS FC1=4096 FC2=1024
[b12x static v2] lane serving: static2_m32_k4096_n512_t8_r256_tm32f2g2a32wutsf6v1c256 (mac=48, m=32, routed=256, smem=101376 B)
[b12x static v2] lane serving: static2_m32_k4096_n512_t8_r256_tm32f2g2a32wutc256 (mac=48, m=32, routed=256, smem=101376 B)
REFORM_SF6_LAYOUT_PASS FC1=4096 FC2=1024
[b12x static v2] lane serving: static2_m24_k4096_n512_t8_r256_tm32f2g2a32wutsf6v1c256 (mac=48, m=24, routed=192, smem=101376 B)
[b12x static v2] lane serving: static2_m24_k4096_n512_t8_r256_tm32f2g2a32wutc256 (mac=48, m=24, routed=192, smem=101376 B)
DECODE_REFORM_LAYOUT_PASS 1024
REFORM_SF6_LAYOUT_PASS FC1=2048 FC2=2048
[b12x static v2] lane serving: static2_m16_k4096_n512_t8_r256_tm32f2g2a32wutr16n128k256d256sf6v1fc1sepwordfc2worda2u64a1reusecompactsfregsc2scatterreuseprefetch3syncc256 (mac=48, m=16, routed=128, smem=100352 B)
DECODE_REFORM_LAYOUT_PASS 1024
[b12x static v2] lane serving: static2_m16_k4096_n512_t8_r256_tm32f2g2a32wutr16n128k256d256a2u64c2scatterc256 (mac=48, m=16, routed=128, smem=98304 B)
DECODE_REFORM_LAYOUT_PASS 1024
REFORM_SF6_LAYOUT_PASS FC1=2048 FC2=2048
[b12x static v2] lane serving: static2_m8_k4096_n512_t8_r256_tm32f2g2a32wutr16n128k256d256sf6v1fc1sepwordfc2worda2u64a1reusecompactsfregssyncc256 (mac=48, m=8, routed=64, smem=91136 B)
DECODE_REFORM_LAYOUT_PASS 1024
[b12x static v2] lane serving: static2_m8_k4096_n512_t8_r256_tm32f2g2a32wutr16n128k256d256a2u64c256 (mac=48, m=8, routed=64, smem=98304 B)
decode graphs captured
thread graphs captured: split_both, split_attn
2026-09-16 14:09:15  [TileLang:tilelang.jit.kernel:INFO] (kernel.py:129): TileLang begins to compile kernel `mhc_pre_big_fuse_with_norm_tilelang` with `out_idx=None`
2026-09-16 14:09:25  [TileLang:tilelang.jit.kernel:INFO] (kernel.py:137): TileLang completes to compile kernel `mhc_pre_big_fuse_with_norm_tilelang`
[megakernel] mla prefill32 LAUNCHED T=2304 W=2051 register-Q tile=32
[b12x-bounds] state_E=288 n=512 tile_m=128 routed_rows=18432 -> rows 55168/55168 tiles 431/431 tasks 1724/1724
[tp-sf6-q0] LAUNCHED E288/H4096/I512/top8 T=2304
USDT:2026-09-16 14:11:00 1:1 SyncActivityProfilerHandler.cpp:52] profiler_start
USDT:2026-09-16 14:11:01 1:1 SyncActivityProfilerHandler.cpp:59] profiler_stop
  decode rows=1 timeline: wall 38.69 ms, kernels busy 38.00 ms, gaps 0.69 ms, streams [7, 145]
  lane                     raw ms  exposed  hidden  launches
  MoE                       22.04    22.04    0.00      45.0
  dense GEMM                14.47    10.12    4.35     365.0
  other                      1.90     1.90    0.00     371.0
  mHC                        2.94     1.82    1.12      96.0
  KDA                        1.26     1.26    0.00      79.0
  MLA / DSA                  0.58     0.58    0.00      33.0
  norm / elementwise         0.71     0.53    0.18     265.0
        21.536 ms exposed of   21.536 x  42.0  kernel_cutlass_kernel_enginekernelsb12xmoe_static_kernel_v5MoEStaticKern
         2.717 ms exposed of    3.515 x  53.0  void gemmSN_TN_kernel<float, 128, 16, 2, 4, 8, 9, false, cublasGemvTenso
         2.710 ms exposed of    2.710 x  34.0  void (anonymous namespace)::mk_gemm_input_cta_kernel<1, false, false, 32
         2.087 ms exposed of    5.567 x 151.0  void (anonymous namespace)::mk_gemm2_kernel<1, false, false, false, fals
         1.791 ms exposed of    2.912 x  89.0  void (anonymous namespace)::mk_mhc_ar_kernel<true, 4096, true>((anonymou
         1.032 ms exposed of    1.032 x  34.0  fused_recurrent_gated_delta_rule_fwd_kernel
         0.845 ms exposed of    0.845 x   1.0  void deep_gemm::sm120_fp8_fp4_gemm_1d1d_impl<0u, 8u, 4096u, 128u, 128u, 
         0.695 ms exposed of    0.695 x  45.0  (anonymous namespace)::mk_input_pack_kernel((anonymous namespace)::MKInp
         0.642 ms exposed of    0.642 x  90.0  void cutlass::Kernel2<cutlass_80_wmma_tensorop_bf16_s161616gemm_bf16_16x
         0.550 ms exposed of    0.620 x  11.0  void (anonymous namespace)::mk_gemm_input_cta3_kernel<2, 2, 3, false, 32
         0.502 ms exposed of    0.502 x   3.0  kernel_cutlass_kernel_enginekernelsb12xmoe_micro_kernelMoEMicroKernel_ob
         0.467 ms exposed of    0.467 x  11.0  void mk_mla_kernel<false, false>(MKMlaArgs)
         0.389 ms exposed of    0.389 x  42.0  void at::native::sbtopk::gatherTopK<float, unsigned int, 2, false>(at::c
         0.288 ms exposed of    0.288 x  11.0  void cutlass::Kernel2<cutlass_80_wmma_tensorop_bf16_s161616gemm_bf16_32x
decode rows=1: 38.46 ms/step (min 37.79), unique experts/layer 30.9
  decode rows=1 kernels: 43.90 ms of kernels
  lane                          ms   share  launches
  MoE                        22.04   50.2%      45.0
  dense GEMM                 14.47   33.0%     365.0
  mHC                         2.94    6.7%      96.0
  other                       1.91    4.3%     371.0
  KDA                         1.26    2.9%      79.0
  norm / elementwise          0.71    1.6%     265.0
  MLA / DSA                   0.58    1.3%      33.0
         21.536 ms x  42.0  kernel_cutlass_kernel_enginekernelsb12xmoe_static_kernel_v5MoEStaticKernelV5_obj
          5.567 ms x 151.0  void (anonymous namespace)::mk_gemm2_kernel<1, false, false, false, false>((anon
          3.515 ms x  53.0  void gemmSN_TN_kernel<float, 128, 16, 2, 4, 8, 9, false, cublasGemvTensorStrided
          2.912 ms x  89.0  void (anonymous namespace)::mk_mhc_ar_kernel<true, 4096, true>((anonymous namesp
          2.710 ms x  34.0  void (anonymous namespace)::mk_gemm_input_cta_kernel<1, false, false, 32, 8>((an
          1.032 ms x  34.0  fused_recurrent_gated_delta_rule_fwd_kernel
          0.845 ms x   1.0  void deep_gemm::sm120_fp8_fp4_gemm_1d1d_impl<0u, 8u, 4096u, 128u, 128u, 1u, 128u
          0.695 ms x  45.0  (anonymous namespace)::mk_input_pack_kernel((anonymous namespace)::MKInputPackCt
          0.642 ms x  90.0  void cutlass::Kernel2<cutlass_80_wmma_tensorop_bf16_s161616gemm_bf16_16x16_128x2
          0.620 ms x  11.0  void (anonymous namespace)::mk_gemm_input_cta3_kernel<2, 2, 3, false, 32>((anony
          0.502 ms x   3.0  kernel_cutlass_kernel_enginekernelsb12xmoe_micro_kernelMoEMicroKernel_object_at_
          0.467 ms x  11.0  void mk_mla_kernel<false, false>(MKMlaArgs)
USDT:2026-09-16 14:11:08 1:1 SyncActivityProfilerHandler.cpp:52] profiler_start
USDT:2026-09-16 14:11:09 1:1 SyncActivityProfilerHandler.cpp:59] profiler_stop
  decode rows=2 timeline: wall 54.35 ms, kernels busy 53.98 ms, gaps 0.36 ms, streams [7]
  lane                     raw ms  exposed  hidden  launches
  MoE                       33.31    33.31    0.00      45.0
  dense GEMM                13.09    13.09    0.00     365.0
  KDA                        3.49     3.49    0.00      79.0
  mHC                        3.40     3.40    0.00      96.0
  other                      1.35     1.35    0.00     354.0
  MLA / DSA                  0.77     0.77    0.00      33.0
  norm / elementwise         0.71     0.71    0.00     265.0
        32.698 ms exposed of   32.698 x  42.0  kernel_cutlass_kernel_enginekernelsb12xmoe_static_kernel_v5MoEStaticKern
         7.985 ms exposed of    7.985 x 196.0  void (anonymous namespace)::mk_gemm2_kernel<2, false, false, false, fals
         3.369 ms exposed of    3.369 x  89.0  void (anonymous namespace)::mk_mhc_ar_kernel<true, 4096, false>((anonymo
         3.191 ms exposed of    3.191 x  34.0  fused_recurrent_gated_delta_rule_fwd_kernel
         2.987 ms exposed of    2.987 x  53.0  void gemmSN_TN_kernel<float, 128, 16, 2, 4, 8, 9, false, cublasGemvTenso
         0.860 ms exposed of    0.860 x   1.0  void deep_gemm::sm120_fp8_fp4_gemm_1d1d_impl<0u, 16u, 4096u, 128u, 128u,
         0.667 ms exposed of    0.667 x  90.0  void cutlass::Kernel2<cutlass_80_wmma_tensorop_bf16_s161616gemm_bf16_16x
         0.662 ms exposed of    0.662 x  11.0  void mk_mla_kernel<false, false>(MKMlaArgs)
         0.611 ms exposed of    0.611 x   3.0  kernel_cutlass_kernel_enginekernelsb12xmoe_static_kernelMoEStaticKernel_
         0.398 ms exposed of    0.398 x  42.0  void at::native::sbtopk::gatherTopK<float, unsigned int, 2, false>(at::c
         0.303 ms exposed of    0.303 x  11.0  void cutlass::Kernel2<cutlass_80_wmma_tensorop_bf16_s161616gemm_bf16_32x
         0.284 ms exposed of    0.284 x  34.0  _single_conv
         0.249 ms exposed of    0.249 x  11.0  void cutlass::Kernel2<cutlass_80_wmma_tensorop_bf16_s161616gemm_bf16_32x
         0.225 ms exposed of    0.225 x  42.0  void at::native::bitonicSortKVInPlace<2, -1, 16, 16, float, long, at::na
decode rows=2: 54.69 ms/step (min 54.16), unique experts/layer 48.3
  decode rows=2 kernels: 56.12 ms of kernels
  lane                          ms   share  launches
  MoE                        33.31   59.4%      45.0
  dense GEMM                 13.09   23.3%     365.0
  KDA                         3.49    6.2%      79.0
  mHC                         3.40    6.1%      96.0
  other                       1.35    2.4%     354.0
  MLA / DSA                   0.77    1.4%      33.0
  norm / elementwise          0.71    1.3%     265.0
         32.698 ms x  42.0  kernel_cutlass_kernel_enginekernelsb12xmoe_static_kernel_v5MoEStaticKernelV5_obj
          7.985 ms x 196.0  void (anonymous namespace)::mk_gemm2_kernel<2, false, false, false, false>((anon
          3.369 ms x  89.0  void (anonymous namespace)::mk_mhc_ar_kernel<true, 4096, false>((anonymous names
          3.191 ms x  34.0  fused_recurrent_gated_delta_rule_fwd_kernel
          2.987 ms x  53.0  void gemmSN_TN_kernel<float, 128, 16, 2, 4, 8, 9, false, cublasGemvTensorStrided
          0.860 ms x   1.0  void deep_gemm::sm120_fp8_fp4_gemm_1d1d_impl<0u, 16u, 4096u, 128u, 128u, 1u, 128
          0.667 ms x  90.0  void cutlass::Kernel2<cutlass_80_wmma_tensorop_bf16_s161616gemm_bf16_16x16_128x2
          0.662 ms x  11.0  void mk_mla_kernel<false, false>(MKMlaArgs)
          0.611 ms x   3.0  kernel_cutlass_kernel_enginekernelsb12xmoe_static_kernelMoEStaticKernel_object_a
          0.398 ms x  42.0  void at::native::sbtopk::gatherTopK<float, unsigned int, 2, false>(at::cuda::det
          0.303 ms x  11.0  void cutlass::Kernel2<cutlass_80_wmma_tensorop_bf16_s161616gemm_bf16_32x32_64x2_
          0.284 ms x  34.0  _single_conv
decode rows=3: 66.66 ms/step (min 65.97), unique experts/layer 58.9
USDT:2026-09-16 14:11:22 1:1 SyncActivityProfilerHandler.cpp:52] profiler_start
USDT:2026-09-16 14:11:23 1:1 SyncActivityProfilerHandler.cpp:59] profiler_stop
  decode rows=4 timeline: wall 76.48 ms, kernels busy 76.12 ms, gaps 0.37 ms, streams [7]
  lane                     raw ms  exposed  hidden  launches
  MoE                       48.15    48.15    0.00      45.0
  dense GEMM                13.96    13.96    0.00     365.0
  KDA                        7.42     7.42    0.00      79.0
  mHC                        4.45     4.45    0.00      96.0
  other                      1.97     1.97    0.00     484.0
  MLA / DSA                  1.59     1.59    0.00      66.0
  norm / elementwise         0.83     0.83    0.00     265.0
        47.389 ms exposed of   47.389 x  42.0  kernel_cutlass_kernel_enginekernelsb12xmoe_static_kernel_v5MoEStaticKern
         8.372 ms exposed of    8.372 x 196.0  void (anonymous namespace)::mk_gemm2_kernel<4, false, false, false, fals
         6.955 ms exposed of    6.955 x  34.0  fused_recurrent_gated_delta_rule_fwd_kernel
         4.406 ms exposed of    4.406 x  89.0  void (anonymous namespace)::mk_mhc_kernel<4096>((anonymous namespace)::M
         2.366 ms exposed of    2.366 x  42.0  void cutlass::Kernel2<cutlass_80_simt_sgemm_128x32_8x5_tn_align1>(cutlas
         1.374 ms exposed of    1.374 x  68.0  nvjet_sm121_tst_mma_64x32x64_8_16x32x64_tmaAB_alignCD4_bz_TNNN
         1.196 ms exposed of    1.196 x  11.0  void mk_mla_kernel<true, false>(MKMlaArgs)
         0.844 ms exposed of    0.844 x   1.0  void deep_gemm::sm120_fp8_fp4_gemm_1d1d_impl<0u, 38784u, 4096u, 128u, 12
         0.764 ms exposed of    0.764 x   3.0  kernel_cutlass_kernel_enginekernelsb12xmoe_static_kernelMoEStaticKernel_
         0.453 ms exposed of    0.453 x  34.0  _single_conv
         0.406 ms exposed of    0.406 x  42.0  void at::native::sbtopk::gatherTopK<float, unsigned int, 2, false>(at::c
         0.369 ms exposed of    0.369 x  44.0  void deep_gemm::sm120_fp8_mqa_logits<32u, 128u, false, 4u, 128u, 2u, 3u,
         0.354 ms exposed of    0.354 x  44.0  st_dsa_select
         0.325 ms exposed of    0.325 x  11.0  void cutlass::Kernel2<cutlass_80_wmma_tensorop_bf16_s161616gemm_bf16_32x
decode rows=4: 75.38 ms/step (min 74.88), unique experts/layer 65.5
  decode rows=4 kernels: 78.37 ms of kernels
  lane                          ms   share  launches
  MoE                        48.15   61.4%      45.0
  dense GEMM                 13.96   17.8%     365.0
  KDA                         7.42    9.5%      79.0
  mHC                         4.45    5.7%      96.0
  other                       1.97    2.5%     484.0
  MLA / DSA                   1.59    2.0%      66.0
  norm / elementwise          0.83    1.1%     265.0
         47.389 ms x  42.0  kernel_cutlass_kernel_enginekernelsb12xmoe_static_kernel_v5MoEStaticKernelV5_obj
          8.372 ms x 196.0  void (anonymous namespace)::mk_gemm2_kernel<4, false, false, false, false>((anon
          6.955 ms x  34.0  fused_recurrent_gated_delta_rule_fwd_kernel
          4.406 ms x  89.0  void (anonymous namespace)::mk_mhc_kernel<4096>((anonymous namespace)::MKMhcArgs
          2.366 ms x  42.0  void cutlass::Kernel2<cutlass_80_simt_sgemm_128x32_8x5_tn_align1>(cutlass_80_sim
          1.374 ms x  68.0  nvjet_sm121_tst_mma_64x32x64_8_16x32x64_tmaAB_alignCD4_bz_TNNN
          1.196 ms x  11.0  void mk_mla_kernel<true, false>(MKMlaArgs)
          0.844 ms x   1.0  void deep_gemm::sm120_fp8_fp4_gemm_1d1d_impl<0u, 38784u, 4096u, 128u, 128u, 1u, 
          0.764 ms x   3.0  kernel_cutlass_kernel_enginekernelsb12xmoe_static_kernelMoEStaticKernel_object_a
          0.453 ms x  34.0  _single_conv
          0.406 ms x  42.0  void at::native::sbtopk::gatherTopK<float, unsigned int, 2, false>(at::cuda::det
          0.369 ms x  44.0  void deep_gemm::sm120_fp8_mqa_logits<32u, 128u, false, 4u, 128u, 2u, 3u, 48u, 12
  kernel classes alone (min of samples; floor = bytes / 273 GB/s):
  isolated rows= 8 kda.in_proj                        93.4 us    14.37 MiB     161 GB/s  (floor 55.2 us at 273)
  isolated rows= 8 kda.o_proj                         82.2 us     4.52 MiB      58 GB/s  (floor 17.3 us at 273)
  isolated rows= 8 kda.f_b                            74.0 us     0.50 MiB       7 GB/s  (floor 1.9 us at 273)
  isolated rows= 8 kda.g_b                            74.2 us     0.50 MiB       7 GB/s  (floor 1.9 us at 273)
  isolated rows= 8 mla.qkv_a                          78.8 us     4.51 MiB      60 GB/s  (floor 17.3 us at 273)
  isolated rows= 8 mla.q_b                            74.5 us     3.39 MiB      48 GB/s  (floor 13.0 us at 273)
  isolated rows= 8 mla.o_proj                         90.3 us     9.02 MiB     105 GB/s  (floor 34.6 us at 273)
  isolated rows= 8 idx.wq_b                           80.2 us     3.39 MiB      44 GB/s  (floor 13.0 us at 273)
  isolated rows= 8 idx.wk                             77.9 us     1.00 MiB      13 GB/s  (floor 3.8 us at 273)
  isolated rows= 8 idx.gate                           78.6 us     1.00 MiB      13 GB/s  (floor 3.8 us at 273)
  isolated rows= 8 moe.sh_gate_up                     78.7 us     2.25 MiB      30 GB/s  (floor 8.7 us at 273)
  isolated rows= 8 moe.sh_down                        79.0 us     1.14 MiB      15 GB/s  (floor 4.4 us at 273)
  isolated rows= 8 shared_mlp (pair)                  69.7 us     3.39 MiB      51 GB/s  (floor 13.0 us at 273)
  isolated rows= 8 moe experts (static)              964.9 us   164.06 MiB     178 GB/s  (floor 630.2 us at 273)
  isolated rows= 8 router (logits + weights)         294.8 us     2.25 MiB       8 GB/s  (floor 8.6 us at 273)
  isolated rows= 8 mhc post+pre (fused)               84.1 us     1.50 MiB      19 GB/s  (floor 5.8 us at 273)
  isolated rows=32 kda.in_proj                       110.9 us    14.37 MiB     136 GB/s  (floor 55.2 us at 273)
  isolated rows=32 kda.o_proj                         78.9 us     4.52 MiB      60 GB/s  (floor 17.3 us at 273)
  isolated rows=32 kda.f_b                            71.6 us     0.50 MiB       7 GB/s  (floor 1.9 us at 273)
  isolated rows=32 kda.g_b                            72.4 us     0.50 MiB       7 GB/s  (floor 1.9 us at 273)
  isolated rows=32 mla.qkv_a                          78.3 us     4.51 MiB      60 GB/s  (floor 17.3 us at 273)
  isolated rows=32 mla.q_b                            74.6 us     3.39 MiB      48 GB/s  (floor 13.0 us at 273)
  isolated rows=32 mla.o_proj                         81.3 us     9.02 MiB     116 GB/s  (floor 34.6 us at 273)
  isolated rows=32 idx.wq_b                           73.9 us     3.39 MiB      48 GB/s  (floor 13.0 us at 273)
  isolated rows=32 idx.wk                             77.4 us     1.00 MiB      14 GB/s  (floor 3.8 us at 273)
  isolated rows=32 idx.gate                           78.1 us     1.00 MiB      13 GB/s  (floor 3.8 us at 273)
  isolated rows=32 moe.sh_gate_up                     73.6 us     2.25 MiB      32 GB/s  (floor 8.7 us at 273)
  isolated rows=32 moe.sh_down                        78.0 us     1.14 MiB      15 GB/s  (floor 4.4 us at 273)
  isolated rows=32 shared_mlp (pair)                  79.9 us     3.39 MiB      45 GB/s  (floor 13.0 us at 273)
  isolated rows=32 moe experts (static)             2732.1 us   531.56 MiB     204 GB/s  (floor 2041.7 us at 273)
  isolated rows=32 router (logits + weights)         299.1 us     2.25 MiB       8 GB/s  (floor 8.6 us at 273)
  isolated rows=32 mhc post+pre (fused)               89.9 us     1.50 MiB      17 GB/s  (floor 5.8 us at 273)
USDT:2026-09-16 14:11:27 1:1 SyncActivityProfilerHandler.cpp:52] profiler_start
USDT:2026-09-16 14:11:28 1:1 SyncActivityProfilerHandler.cpp:59] profiler_stop
threads joint16: 55.10 ms/step (min 54.09)
  threads joint16 kernels: 56.18 ms of kernels
  lane                          ms   share  launches
  MoE                        33.61   59.8%      45.0
  dense GEMM                 12.95   23.1%     365.0
  KDA                         3.47    6.2%      79.0
  mHC                         3.37    6.0%      96.0
  other                       1.33    2.4%     354.0
  MLA / DSA                   0.77    1.4%      33.0
  norm / elementwise          0.67    1.2%     265.0
         32.993 ms x  42.0  kernel_cutlass_kernel_enginekernelsb12xmoe_static_kernel_v5MoEStaticKernelV5_obj
          7.895 ms x 196.0  void (anonymous namespace)::mk_gemm2_kernel<2, false, false, false, false>((anon
          3.341 ms x  89.0  void (anonymous namespace)::mk_mhc_ar_kernel<true, 4096, false>((anonymous names
          3.175 ms x  34.0  fused_recurrent_gated_delta_rule_fwd_kernel
          2.947 ms x  53.0  void gemmSN_TN_kernel<float, 128, 16, 2, 4, 8, 9, false, cublasGemvTensorStrided
          0.856 ms x   1.0  void deep_gemm::sm120_fp8_fp4_gemm_1d1d_impl<0u, 16u, 4096u, 128u, 128u, 1u, 128
          0.662 ms x  11.0  void mk_mla_kernel<false, false>(MKMlaArgs)
          0.659 ms x  90.0  void cutlass::Kernel2<cutlass_80_wmma_tensorop_bf16_s161616gemm_bf16_16x16_128x2
          0.612 ms x   3.0  kernel_cutlass_kernel_enginekernelsb12xmoe_static_kernelMoEStaticKernel_object_a
          0.398 ms x  42.0  void at::native::sbtopk::gatherTopK<float, unsigned int, 2, false>(at::cuda::det
          0.305 ms x  11.0  void cutlass::Kernel2<cutlass_80_wmma_tensorop_bf16_s161616gemm_bf16_32x32_64x2_
          0.282 ms x  34.0  _single_conv
  threads joint16 timeline: wall 55.12 ms, kernels busy 54.15 ms, gaps 0.97 ms, streams [7]
  lane                     raw ms  exposed  hidden  launches
  MoE                       33.61    33.61    0.00      45.0
  dense GEMM                12.95    12.95    0.00     365.0
  KDA                        3.47     3.47    0.00      79.0
  mHC                        3.37     3.37    0.00      96.0
  other                      1.33     1.33    0.00     354.0
  MLA / DSA                  0.77     0.77    0.00      33.0
  norm / elementwise         0.67     0.67    0.00     265.0
        32.993 ms exposed of   32.993 x  42.0  kernel_cutlass_kernel_enginekernelsb12xmoe_static_kernel_v5MoEStaticKern
         7.895 ms exposed of    7.895 x 196.0  void (anonymous namespace)::mk_gemm2_kernel<2, false, false, false, fals
         3.341 ms exposed of    3.341 x  89.0  void (anonymous namespace)::mk_mhc_ar_kernel<true, 4096, false>((anonymo
         3.175 ms exposed of    3.175 x  34.0  fused_recurrent_gated_delta_rule_fwd_kernel
         2.947 ms exposed of    2.947 x  53.0  void gemmSN_TN_kernel<float, 128, 16, 2, 4, 8, 9, false, cublasGemvTenso
         0.856 ms exposed of    0.856 x   1.0  void deep_gemm::sm120_fp8_fp4_gemm_1d1d_impl<0u, 16u, 4096u, 128u, 128u,
         0.662 ms exposed of    0.662 x  11.0  void mk_mla_kernel<false, false>(MKMlaArgs)
         0.659 ms exposed of    0.659 x  90.0  void cutlass::Kernel2<cutlass_80_wmma_tensorop_bf16_s161616gemm_bf16_16x
         0.612 ms exposed of    0.612 x   3.0  kernel_cutlass_kernel_enginekernelsb12xmoe_static_kernelMoEStaticKernel_
         0.398 ms exposed of    0.398 x  42.0  void at::native::sbtopk::gatherTopK<float, unsigned int, 2, false>(at::c
         0.305 ms exposed of    0.305 x  11.0  void cutlass::Kernel2<cutlass_80_wmma_tensorop_bf16_s161616gemm_bf16_32x
         0.282 ms exposed of    0.282 x  34.0  _single_conv
         0.251 ms exposed of    0.251 x  11.0  void cutlass::Kernel2<cutlass_80_wmma_tensorop_bf16_s161616gemm_bf16_32x
         0.224 ms exposed of    0.224 x  42.0  void at::native::bitonicSortKVInPlace<2, -1, 16, 16, float, long, at::na
USDT:2026-09-16 14:11:30 1:1 SyncActivityProfilerHandler.cpp:52] profiler_start
USDT:2026-09-16 14:11:31 1:1 SyncActivityProfilerHandler.cpp:59] profiler_stop
threads solo8: 39.51 ms/step (min 38.90)
  threads solo8 kernels: 44.45 ms of kernels
  lane                          ms   share  launches
  MoE                        22.58   50.8%      45.0
  dense GEMM                 14.47   32.6%     365.0
  mHC                         2.94    6.6%      96.0
  other                       1.91    4.3%     371.0
  KDA                         1.26    2.8%      79.0
  norm / elementwise          0.71    1.6%     265.0
  MLA / DSA                   0.59    1.3%      33.0
         22.082 ms x  42.0  kernel_cutlass_kernel_enginekernelsb12xmoe_static_kernel_v5MoEStaticKernelV5_obj
          5.466 ms x 151.0  void (anonymous namespace)::mk_gemm2_kernel<1, false, false, false, false>((anon
          3.566 ms x  53.0  void gemmSN_TN_kernel<float, 128, 16, 2, 4, 8, 9, false, cublasGemvTensorStrided
          2.908 ms x  89.0  void (anonymous namespace)::mk_mhc_ar_kernel<true, 4096, true>((anonymous namesp
          2.737 ms x  34.0  void (anonymous namespace)::mk_gemm_input_cta_kernel<1, false, false, 32, 8>((an
          1.035 ms x  34.0  fused_recurrent_gated_delta_rule_fwd_kernel
          0.855 ms x   1.0  void deep_gemm::sm120_fp8_fp4_gemm_1d1d_impl<0u, 8u, 4096u, 128u, 128u, 1u, 128u
          0.699 ms x  45.0  (anonymous namespace)::mk_input_pack_kernel((anonymous namespace)::MKInputPackCt
          0.643 ms x  90.0  void cutlass::Kernel2<cutlass_80_wmma_tensorop_bf16_s161616gemm_bf16_16x16_128x2
          0.627 ms x  11.0  void (anonymous namespace)::mk_gemm_input_cta3_kernel<2, 2, 3, false, 32>((anony
          0.501 ms x   3.0  kernel_cutlass_kernel_enginekernelsb12xmoe_micro_kernelMoEMicroKernel_object_at_
          0.469 ms x  11.0  void mk_mla_kernel<false, false>(MKMlaArgs)
  threads solo8 timeline: wall 39.39 ms, kernels busy 38.65 ms, gaps 0.74 ms, streams [7, 145]
  lane                     raw ms  exposed  hidden  launches
  MoE                       22.58    22.58    0.00      45.0
  dense GEMM                14.47    10.29    4.18     365.0
  other                      1.91     1.91    0.00     371.0
  mHC                        2.94     1.90    1.04      96.0
  KDA                        1.26     1.26    0.00      79.0
  MLA / DSA                  0.59     0.59    0.00      33.0
  norm / elementwise         0.71     0.52    0.18     265.0
        22.082 ms exposed of   22.082 x  42.0  kernel_cutlass_kernel_enginekernelsb12xmoe_static_kernel_v5MoEStaticKern
         2.754 ms exposed of    3.566 x  53.0  void gemmSN_TN_kernel<float, 128, 16, 2, 4, 8, 9, false, cublasGemvTenso
         2.737 ms exposed of    2.737 x  34.0  void (anonymous namespace)::mk_gemm_input_cta_kernel<1, false, false, 32
         2.160 ms exposed of    5.466 x 151.0  void (anonymous namespace)::mk_gemm2_kernel<1, false, false, false, fals
         1.870 ms exposed of    2.908 x  89.0  void (anonymous namespace)::mk_mhc_ar_kernel<true, 4096, true>((anonymou
         1.035 ms exposed of    1.035 x  34.0  fused_recurrent_gated_delta_rule_fwd_kernel
         0.855 ms exposed of    0.855 x   1.0  void deep_gemm::sm120_fp8_fp4_gemm_1d1d_impl<0u, 8u, 4096u, 128u, 128u, 
         0.699 ms exposed of    0.699 x  45.0  (anonymous namespace)::mk_input_pack_kernel((anonymous namespace)::MKInp
         0.643 ms exposed of    0.643 x  90.0  void cutlass::Kernel2<cutlass_80_wmma_tensorop_bf16_s161616gemm_bf16_16x
         0.563 ms exposed of    0.627 x  11.0  void (anonymous namespace)::mk_gemm_input_cta3_kernel<2, 2, 3, false, 32
         0.501 ms exposed of    0.501 x   3.0  kernel_cutlass_kernel_enginekernelsb12xmoe_micro_kernelMoEMicroKernel_ob
         0.469 ms exposed of    0.469 x  11.0  void mk_mla_kernel<false, false>(MKMlaArgs)
         0.389 ms exposed of    0.389 x  42.0  void at::native::sbtopk::gatherTopK<float, unsigned int, 2, false>(at::c
         0.292 ms exposed of    0.292 x  11.0  void cutlass::Kernel2<cutlass_80_wmma_tensorop_bf16_s161616gemm_bf16_32x
USDT:2026-09-16 14:11:34 1:1 SyncActivityProfilerHandler.cpp:52] profiler_start
USDT:2026-09-16 14:11:35 1:1 SyncActivityProfilerHandler.cpp:59] profiler_stop
threads split_both: 77.64 ms/step (min 76.41)
  threads split_both kernels: 82.57 ms of kernels
  lane                          ms   share  launches
  MoE                        43.47   52.6%      90.0
  dense GEMM                 26.09   31.6%     727.0
  other                       3.92    4.7%     918.0
  mHC                         3.83    4.6%     192.0
  KDA                         2.75    3.3%     158.0
  norm / elementwise          1.33    1.6%     531.0
  MLA / DSA                   1.17    1.4%      66.0
         42.613 ms x  84.0  kernel_cutlass_kernel_enginekernelsb12xmoe_static_kernel_v5MoEStaticKernelV5_obj
          9.562 ms x 302.0  void (anonymous namespace)::mk_gemm2_kernel<1, false, false, false, false>((anon
          6.404 ms x 106.0  void gemmSN_TN_kernel<float, 128, 16, 2, 4, 8, 9, false, cublasGemvTensorStrided
          5.871 ms x  68.0  void (anonymous namespace)::mk_gemm_input_cta_kernel<1, false, false, 32, 8>((an
          3.781 ms x 178.0  void (anonymous namespace)::mk_mhc_ar_kernel<true, 4096, true>((anonymous namesp
          2.292 ms x  68.0  fused_recurrent_gated_delta_rule_fwd_kernel
          1.309 ms x  90.0  (anonymous namespace)::mk_input_pack_kernel((anonymous namespace)::MKInputPackCt
          1.251 ms x 180.0  void cutlass::Kernel2<cutlass_80_wmma_tensorop_bf16_s161616gemm_bf16_16x16_128x2
          1.033 ms x  22.0  void (anonymous namespace)::mk_gemm_input_cta3_kernel<2, 2, 3, false, 32>((anony
          0.936 ms x  22.0  void mk_mla_kernel<false, false>(MKMlaArgs)
          0.859 ms x   6.0  kernel_cutlass_kernel_enginekernelsb12xmoe_micro_kernelMoEMicroKernel_object_at_
          0.853 ms x   1.0  void deep_gemm::sm120_fp8_fp4_gemm_1d1d_impl<0u, 16u, 4096u, 128u, 128u, 1u, 128
  threads split_both timeline: wall 76.16 ms, kernels busy 74.53 ms, gaps 1.64 ms, streams [7, 147]
  lane                     raw ms  exposed  hidden  launches
  MoE                       43.47    43.47    0.00      90.0
  dense GEMM                26.09    19.62    6.47     727.0
  other                      3.92     3.92    0.00     918.0
  KDA                        2.75     2.75    0.00     158.0
  mHC                        3.83     2.10    1.73     192.0
  MLA / DSA                  1.17     1.17    0.00      66.0
  norm / elementwise         1.33     0.96    0.37     531.0
        42.613 ms exposed of   42.613 x  84.0  kernel_cutlass_kernel_enginekernelsb12xmoe_static_kernel_v5MoEStaticKern
         5.871 ms exposed of    5.871 x  68.0  void (anonymous namespace)::mk_gemm_input_cta_kernel<1, false, false, 32
         5.015 ms exposed of    6.404 x 106.0  void gemmSN_TN_kernel<float, 128, 16, 2, 4, 8, 9, false, cublasGemvTenso
         4.479 ms exposed of    9.562 x 302.0  void (anonymous namespace)::mk_gemm2_kernel<1, false, false, false, fals
         2.292 ms exposed of    2.292 x  68.0  fused_recurrent_gated_delta_rule_fwd_kernel
         2.051 ms exposed of    3.781 x 178.0  void (anonymous namespace)::mk_mhc_ar_kernel<true, 4096, true>((anonymou
         1.309 ms exposed of    1.309 x  90.0  (anonymous namespace)::mk_input_pack_kernel((anonymous namespace)::MKInp
         1.251 ms exposed of    1.251 x 180.0  void cutlass::Kernel2<cutlass_80_wmma_tensorop_bf16_s161616gemm_bf16_16x
         1.033 ms exposed of    1.033 x  22.0  void (anonymous namespace)::mk_gemm_input_cta3_kernel<2, 2, 3, false, 32
         0.936 ms exposed of    0.936 x  22.0  void mk_mla_kernel<false, false>(MKMlaArgs)
         0.859 ms exposed of    0.859 x   6.0  kernel_cutlass_kernel_enginekernelsb12xmoe_micro_kernelMoEMicroKernel_ob
         0.853 ms exposed of    0.853 x   1.0  void deep_gemm::sm120_fp8_fp4_gemm_1d1d_impl<0u, 16u, 4096u, 128u, 128u,
         0.776 ms exposed of    0.776 x  84.0  void at::native::sbtopk::gatherTopK<float, unsigned int, 2, false>(at::c
         0.578 ms exposed of    0.578 x  22.0  void cutlass::Kernel2<cutlass_80_wmma_tensorop_bf16_s161616gemm_bf16_32x
USDT:2026-09-16 14:11:40 1:1 SyncActivityProfilerHandler.cpp:52] profiler_start
USDT:2026-09-16 14:11:41 1:1 SyncActivityProfilerHandler.cpp:59] profiler_stop
threads split_attn: 63.23 ms/step (min 62.64)
  threads split_attn kernels: 63.73 ms of kernels
  lane                          ms   share  launches
  MoE                        33.49   52.6%      45.0
  dense GEMM                 18.98   29.8%     601.0
  other                       3.14    4.9%     754.0
  mHC                         2.94    4.6%     141.0
  KDA                         2.76    4.3%     158.0
  norm / elementwise          1.25    2.0%     556.0
  MLA / DSA                   1.16    1.8%      66.0
         32.885 ms x  42.0  kernel_cutlass_kernel_enginekernelsb12xmoe_static_kernel_v5MoEStaticKernelV5_obj
          5.845 ms x  68.0  void (anonymous namespace)::mk_gemm_input_cta_kernel<1, false, false, 32, 8>((an
          3.865 ms x 134.0  void (anonymous namespace)::mk_gemm2_kernel<1, false, false, false, false>((anon
          3.468 ms x  64.0  void gemmSN_TN_kernel<float, 128, 16, 2, 4, 8, 9, false, cublasGemvTensorStrided
          2.304 ms x  68.0  fused_recurrent_gated_delta_rule_fwd_kernel
          1.774 ms x  88.0  void (anonymous namespace)::mk_mhc_ar_kernel<true, 4096, true>((anonymous namesp
          1.547 ms x  84.0  void (anonymous namespace)::mk_gemm2_kernel<2, false, false, false, false>((anon
          1.249 ms x  90.0  (anonymous namespace)::mk_input_pack_kernel((anonymous namespace)::MKInputPackCt
          1.248 ms x 180.0  void cutlass::Kernel2<cutlass_80_wmma_tensorop_bf16_s161616gemm_bf16_16x16_128x2
          1.124 ms x  45.0  void (anonymous namespace)::mk_mhc_ar_kernel<true, 4096, false>((anonymous names
          1.031 ms x  22.0  void (anonymous namespace)::mk_gemm_input_cta3_kernel<2, 2, 3, false, 32>((anony
          0.931 ms x  22.0  void mk_mla_kernel<false, false>(MKMlaArgs)
  threads split_attn timeline: wall 63.12 ms, kernels busy 61.26 ms, gaps 1.86 ms, streams [7]
  lane                     raw ms  exposed  hidden  launches
  MoE                       33.49    33.49    0.00      45.0
  dense GEMM                18.98    18.98    0.00     601.0
  other                      3.14     3.14    0.00     754.0
  mHC                        2.94     2.94    0.00     141.0
  KDA                        2.76     2.76    0.00     158.0
  norm / elementwise         1.25     1.25    0.00     556.0
  MLA / DSA                  1.16     1.16    0.00      66.0
        32.885 ms exposed of   32.885 x  42.0  kernel_cutlass_kernel_enginekernelsb12xmoe_static_kernel_v5MoEStaticKern
         5.845 ms exposed of    5.845 x  68.0  void (anonymous namespace)::mk_gemm_input_cta_kernel<1, false, false, 32
         3.865 ms exposed of    3.865 x 134.0  void (anonymous namespace)::mk_gemm2_kernel<1, false, false, false, fals
         3.468 ms exposed of    3.468 x  64.0  void gemmSN_TN_kernel<float, 128, 16, 2, 4, 8, 9, false, cublasGemvTenso
         2.304 ms exposed of    2.304 x  68.0  fused_recurrent_gated_delta_rule_fwd_kernel
         1.774 ms exposed of    1.774 x  88.0  void (anonymous namespace)::mk_mhc_ar_kernel<true, 4096, true>((anonymou
         1.547 ms exposed of    1.547 x  84.0  void (anonymous namespace)::mk_gemm2_kernel<2, false, false, false, fals
         1.249 ms exposed of    1.249 x  90.0  (anonymous namespace)::mk_input_pack_kernel((anonymous namespace)::MKInp
         1.248 ms exposed of    1.248 x 180.0  void cutlass::Kernel2<cutlass_80_wmma_tensorop_bf16_s161616gemm_bf16_16x
         1.124 ms exposed of    1.124 x  45.0  void (anonymous namespace)::mk_mhc_ar_kernel<true, 4096, false>((anonymo
         1.031 ms exposed of    1.031 x  22.0  void (anonymous namespace)::mk_gemm_input_cta3_kernel<2, 2, 3, false, 32
         0.931 ms exposed of    0.931 x  22.0  void mk_mla_kernel<false, false>(MKMlaArgs)
         0.854 ms exposed of    0.854 x   1.0  void deep_gemm::sm120_fp8_fp4_gemm_1d1d_impl<0u, 16u, 4096u, 128u, 128u,
         0.608 ms exposed of    0.608 x   3.0  kernel_cutlass_kernel_enginekernelsb12xmoe_static_kernelMoEStaticKernel_
  threads verdict: {"T1_solo8_ms": 39.50742530822754, "T2_joint16_ms": 55.098527908325195, "s1_both_penalty_ms": 22.541250228881836, "s1_attn_penalty_ms": 8.13547134399414, "s2_dense_penalty_ms": 23.916322708129883, "joint16_gaps_ms": 0.96965234375, "launches": {"joint16": 1237.0, "solo8": 1254.0, "split_both": 2682.0, "split_attn": 2321.0}, "unique_experts_per_layer": {"joint": 48.23809523809524, "thread_a": 31.357142857142858, "thread_b": 31.738095238095237, "threads_sum": 63.095238095238095}}
wrote /cache/prefill-chunk-profile.json
RESULT {"decode": [{"rows": 1, "tokens": 8, "replay_ms_median": 38.46444892883301, "replay_ms_min": 37.79414367675781, "unique_experts_mean": 30.928571428571427, "timeline": {"wall_ms": 38.693792907714844, "busy_ms": 38.00380999755859, "idle_ms": 0.68998291015625, "streams": [7, 145], "lanes": {"MoE": {"raw_ms": 22.03779168701172, "exposed_ms": 22.03779168701172, "launches": 45.0}, "dense GEMM": {"raw_ms": 14.467594787597656, "exposed_ms": 10.118660888671876, "launches": 365.0}, "other": {"raw_ms": 1.9049960327148439, "exposed_ms": 1.9049960327148439, "launches": 371.0}, "mHC": {"raw_ms": 2.93
