/tmp/st-hw-d36a/compile-venv/lib/python3.12/site-packages/tilelang/src/tl_templates/cuda/common.h(304): warning #1444-D: type "longlong4" was declared deprecated ("use longlong4_16a or longlong4_32a")
    longlong4 result;
              ^
/tmp/st-hw-d36a/cuda/bin/..//include/vector_types.h(550): note #3287-D: because of a "deprecated" attribute
  typedef __attribute__((device_builtin)) struct longlong4 __attribute__((deprecated("use longlong4_16a or longlong4_32a"))) longlong4;
                                                                          ^

Remark: The warnings can be suppressed with "-diag-suppress <warning-number>"

/tmp/st-hw-d36a/compile-venv/lib/python3.12/site-packages/tilelang/src/tl_templates/cuda/common.h(679): warning #20012-D: __device__ annotation is ignored on a non-virtual function("float_e4m3_t") that is explicitly defaulted on its first declaration
    __inline__ __attribute__((always_inline)) __attribute__((device)) __attribute__((host))
                                                             ^

/tmp/st-hw-d36a/compile-venv/lib/python3.12/site-packages/tilelang/src/tl_templates/cuda/common.h(679): warning #20012-D: __host__ annotation is ignored on a non-virtual function("float_e4m3_t") that is explicitly defaulted on its first declaration
    __inline__ __attribute__((always_inline)) __attribute__((device)) __attribute__((host))
                                                                                     ^

/tmp/st-hw-d36a/compile-venv/lib/python3.12/site-packages/tilelang/src/tl_templates/cuda/common.h(696): warning #20012-D: __device__ annotation is ignored on a non-virtual function("float_e5m2_t") that is explicitly defaulted on its first declaration
    __inline__ __attribute__((always_inline)) __attribute__((device)) __attribute__((host))
                                                             ^

/tmp/st-hw-d36a/compile-venv/lib/python3.12/site-packages/tilelang/src/tl_templates/cuda/common.h(696): warning #20012-D: __host__ annotation is ignored on a non-virtual function("float_e5m2_t") that is explicitly defaulted on its first declaration
    __inline__ __attribute__((always_inline)) __attribute__((device)) __attribute__((host))
                                                                                     ^

/tmp/st-hw-d36a/compile-venv/lib/python3.12/site-packages/tilelang/src/tl_templates/cuda/common.h(713): warning #20012-D: __device__ annotation is ignored on a non-virtual function("tfloat32_t") that is explicitly defaulted on its first declaration
    __inline__ __attribute__((always_inline)) __attribute__((device)) __attribute__((host))
                                                             ^

/tmp/st-hw-d36a/compile-venv/lib/python3.12/site-packages/tilelang/src/tl_templates/cuda/common.h(713): warning #20012-D: __host__ annotation is ignored on a non-virtual function("tfloat32_t") that is explicitly defaulted on its first declaration
    __inline__ __attribute__((always_inline)) __attribute__((device)) __attribute__((host))
                                                                                     ^

/tmp/st-hw-d36a/compile-venv/lib/python3.12/site-packages/tilelang/src/tl_templates/cuda/copy_sm100.h(71): warning #1444-D: type "ulonglong4" was declared deprecated ("use ulonglong4_16a or ulonglong4_32a")
    ulonglong4 ret{};
               ^
/tmp/st-hw-d36a/cuda/bin/..//include/vector_types.h(551): note #3287-D: because of a "deprecated" attribute
  typedef __attribute__((device_builtin)) struct ulonglong4 __attribute__((deprecated("use ulonglong4_16a or ulonglong4_32a"))) ulonglong4;
                                                                           ^

/tmp/st-hw-d36a/compile-venv/lib/python3.12/site-packages/tilelang/src/tl_templates/cuda/copy_sm100.h(77): warning #1444-D: type "ulonglong4" was declared deprecated ("use ulonglong4_16a or ulonglong4_32a")
    ulonglong4 ret{};
               ^
/tmp/st-hw-d36a/cuda/bin/..//include/vector_types.h(551): note #3287-D: because of a "deprecated" attribute
  typedef __attribute__((device_builtin)) struct ulonglong4 __attribute__((deprecated("use ulonglong4_16a or ulonglong4_32a"))) ulonglong4;
                                                                           ^

/tmp/st-hw-d36a/compile-venv/lib/python3.12/site-packages/tilelang/src/tl_templates/cuda/copy_sm100.h(85): warning #1444-D: type "ulonglong4" was declared deprecated ("use ulonglong4_16a or ulonglong4_32a")
    ulonglong4 ret{};
               ^
/tmp/st-hw-d36a/cuda/bin/..//include/vector_types.h(551): note #3287-D: because of a "deprecated" attribute
  typedef __attribute__((device_builtin)) struct ulonglong4 __attribute__((deprecated("use ulonglong4_16a or ulonglong4_32a"))) ulonglong4;
                                                                           ^

/tmp/st-hw-d36a/compile-venv/lib/python3.12/site-packages/tilelang/src/tl_templates/cuda/copy_sm100.h(92): warning #1444-D: type "ulonglong4" was declared deprecated ("use ulonglong4_16a or ulonglong4_32a")
    ulonglong4 ret{};
               ^
/tmp/st-hw-d36a/cuda/bin/..//include/vector_types.h(551): note #3287-D: because of a "deprecated" attribute
  typedef __attribute__((device_builtin)) struct ulonglong4 __attribute__((deprecated("use ulonglong4_16a or ulonglong4_32a"))) ulonglong4;
                                                                           ^

ptxas info    : 0 bytes gmem
ptxas info    : Compiling entry function 'mhc_post_tilelang_kernel' for 'sm_121a'
ptxas info    : Function properties for mhc_post_tilelang_kernel
    0 bytes stack frame, 0 bytes spill stores, 0 bytes spill loads
ptxas info    : Used 48 registers, used 1 barriers, 1024 bytes smem
ptxas info    : Compile time = 44.961 ms
