  box: GB10 (DGX Spark): SM121, unified 120 GiB (106 free)
  kernel shape (record): hidden 2560 hc 4 gated_residual tp 4 | gqa 6x256 no sink | linear 4/12x128x128 conv 4 decay/head | indexer qsa 4x128 pool 4 top 2048 | moe 512(128 local) I640/640 top10 nvfp4 silu | spec 1
[W919 05:35:59.642591311 Utils.hpp:137] Warning: Environment variable NCCL_ASYNC_ERROR_HANDLING is deprecated; use TORCH_NCCL_ASYNC_ERROR_HANDLING instead (function operator())
[oneshot] inline proxy serving peers=3 inline_bytes=8 wr_reuse=1
/usr/local/lib/python3.12/dist-packages/torch/distributed/c10d_logger.py:83: FutureWarning: `torch.distributed.all_gather_into_tensor` is deprecated. Please use `torch.distributed.all_gather_single` instead.
  return func(*args, **kwargs)
  collectives: one-shot RDMA (NCCL where ineligible)
  lanes qualified: {'gated_residual': {'enter': (0.0062500000931322575, 0.0010940515203401446), 'inject': (0.004854368977248669, 0.0013956144684925675), 'leave_norm': (0.004975124262273312, 0.0024845092557370663), 'leave': (0.004975124262273312, 0.0024845092557370663), 'close': (0.005586592014878988, 0.0027172171976417303)}, 'gdn': {'decay': (1.8527525469380635e-07, 1.2093259726952965e-07), 'beta': (0.0, 0.0), 'raw_beta': (0.0, 0.0), 'norm': (7.038288458716124e-05, 2.438618139422033e-06)}, 'qsa_norm_rope': {'norm_rope_6x256': (0.006172839552164078, 0.0015349400928243995), 'norm_rope_4x128': (0.006896551698446274, 0.002324720611795783)}, 'skinny_gemv': {'513x2560': 0.002813, '324x10240': 0.002272, '320x10240': 0.002349}, 'fp8_rows': {1: 0.002073, 4: 0.001935, 16: 0.002006}}
boot rendezvous arena-admission: rank 2 prepared; waiting for 4 ranks (deadline 1800s)
boot rendezvous weights-loaded: rank 2 prepared; waiting for 4 ranks (deadline 1800s)
[b12x-bounds] state_E=128 n=640 tile_m=32 routed_rows=2254 -> rows 6336/6336 tiles 198/198 tasks 990/990
[b12x-bounds] state_E=128 n=640 tile_m=128 routed_rows=95723 -> rows 112000/112000 tiles 875/875 tasks 4375/4375
[b12x-bounds] state_E=128 n=640 tile_m=128 routed_rows=78839 -> rows 95104/112000 tiles 743/875 tasks 3715/4375
/usr/local/lib/python3.12/dist-packages/torch/distributed/c10d_logger.py:83: FutureWarning: `torch.distributed.all_gather_into_tensor` is deprecated. Please use `torch.distributed.all_gather_single` instead.
  return func(*args, **kwargs)
[b12x-bounds] state_E=128 n=640 tile_m=128 routed_rows=104146 -> rows 120448/120448 tiles 941/941 tasks 4705/4705
[b12x-bounds] state_E=128 n=640 tile_m=128 routed_rows=18898 -> rows 35200/120448 tiles 275/941 tasks 1375/4705
[b12x-bounds] state_E=128 n=640 tile_m=128 routed_rows=34946 -> rows 51328/120448 tiles 401/941 tasks 2005/4705
[b12x-bounds] state_E=128 n=640 tile_m=128 routed_rows=102665 -> rows 119040/120448 tiles 930/941 tasks 4650/4705
[b12x-bounds] state_E=128 n=640 tile_m=128 routed_rows=113982 -> rows 130304/130304 tiles 1018/1018 tasks 5090/5090
[b12x-bounds] state_E=128 n=640 tile_m=128 routed_rows=107441 -> rows 123776/130304 tiles 967/1018 tasks 4835/5090
[b12x-bounds] state_E=128 n=640 tile_m=128 routed_rows=54112 -> rows 70400/130304 tiles 550/1018 tasks 2750/5090
[b12x-bounds] state_E=128 n=640 tile_m=128 routed_rows=92839 -> rows 109184/130304 tiles 853/1018 tasks 4265/5090
[b12x-bounds] state_E=128 n=640 tile_m=128 routed_rows=78330 -> rows 94592/130304 tiles 739/1018 tasks 3695/5090
[b12x-bounds] state_E=128 n=640 tile_m=128 routed_rows=77273 -> rows 93568/130304 tiles 731/1018 tasks 3655/5090
[b12x-bounds] state_E=128 n=640 tile_m=128 routed_rows=101288 -> rows 117632/130304 tiles 919/1018 tasks 4595/5090
[b12x-bounds] state_E=128 n=640 tile_m=128 routed_rows=43517 -> rows 59776/130304 tiles 467/1018 tasks 2335/5090
[b12x-bounds] state_E=128 n=640 tile_m=128 routed_rows=80888 -> rows 97152/130304 tiles 759/1018 tasks 3795/5090
[b12x-bounds] state_E=128 n=640 tile_m=128 routed_rows=85520 -> rows 101888/130304 tiles 796/1018 tasks 3980/5090
[b12x-bounds] state_E=128 n=640 tile_m=128 routed_rows=70506 -> rows 86784/130304 tiles 678/1018 tasks 3390/5090
[b12x-bounds] state_E=128 n=640 tile_m=128 routed_rows=64152 -> rows 80512/130304 tiles 629/1018 tasks 3145/5090
[b12x-bounds] state_E=128 n=640 tile_m=128 routed_rows=68276 -> rows 84608/130304 tiles 661/1018 tasks 3305/5090
[b12x-bounds] state_E=128 n=640 tile_m=128 routed_rows=87447 -> rows 103808/130304 tiles 811/1018 tasks 4055/5090
[b12x-bounds] state_E=128 n=640 tile_m=128 routed_rows=68866 -> rows 85248/130304 tiles 666/1018 tasks 3330/5090
[b12x-bounds] state_E=128 n=640 tile_m=128 routed_rows=83454 -> rows 99712/130304 tiles 779/1018 tasks 3895/5090
[b12x-bounds] state_E=128 n=640 tile_m=128 routed_rows=95536 -> rows 111872/130304 tiles 874/1018 tasks 4370/5090
[b12x-bounds] state_E=128 n=640 tile_m=128 routed_rows=51106 -> rows 67456/130304 tiles 527/1018 tasks 2635/5090
  shared expert: forked at one request's rows
  drafter: MTP head, K=1 (verify step 2 tokens a row)
  rank 2: ready in 96.7 s, door on port 8000
/usr/local/lib/python3.12/dist-packages/torch/distributed/c10d_logger.py:83: FutureWarning: `torch.distributed.all_gather_into_tensor` is deprecated. Please use `torch.distributed.all_gather_single` instead.
  return func(*args, **kwargs)
