  box: GB10 (DGX Spark): SM121, unified 120 GiB (105 free)
  kernel shape (record): hidden 2560 hc 4 gated_residual tp 4 | gqa 6x256 no sink | linear 4/12x128x128 conv 4 decay/head | indexer qsa 4x128 pool 4 top 2048 | moe 512(128 local) I640/640 top10 nvfp4 silu | spec 1
[W919 05:29:38.219877995 Utils.hpp:137] Warning: Environment variable NCCL_ASYNC_ERROR_HANDLING is deprecated; use TORCH_NCCL_ASYNC_ERROR_HANDLING instead (function operator())
NCCL version 2.29.7+cuda13.2
[oneshot] inline proxy serving peers=3 inline_bytes=8 wr_reuse=1
/usr/local/lib/python3.12/dist-packages/torch/distributed/c10d_logger.py:83: FutureWarning: `torch.distributed.all_gather_into_tensor` is deprecated. Please use `torch.distributed.all_gather_single` instead.
  return func(*args, **kwargs)
  collectives: one-shot RDMA (NCCL where ineligible)
  lanes qualified: {'gated_residual': {'enter': (0.0062500000931322575, 0.0010940515203401446), 'inject': (0.004854368977248669, 0.0013956144684925675), 'leave_norm': (0.004975124262273312, 0.0024845092557370663), 'leave': (0.004975124262273312, 0.0024845092557370663), 'close': (0.005586592014878988, 0.0027172171976417303)}, 'gdn': {'decay': (1.8527525469380635e-07, 1.2093259726952965e-07), 'beta': (0.0, 0.0), 'raw_beta': (0.0, 0.0), 'norm': (7.038288458716124e-05, 2.438618139422033e-06)}, 'qsa_norm_rope': {'norm_rope_6x256': (0.006172839552164078, 0.0015349400928243995), 'norm_rope_4x128': (0.006896551698446274, 0.002324720611795783)}, 'skinny_gemv': {'513x2560': 0.002813, '324x10240': 0.002272, '320x10240': 0.002349}, 'fp8_rows': {1: 0.002073, 4: 0.001935, 16: 0.002006}}
boot rendezvous arena-admission: rank 0 prepared; waiting for 4 ranks (deadline 1800s)
[transformers] You are using a model of type `qwen4_exp` to instantiate a model of type ``. This may be expected if you are loading a checkpoint that shares a subset of the architecture (e.g., loading a `sam2_video` checkpoint into `Sam2Model`), but is otherwise not supported and can yield errors. Please verify that the checkpoint is compatible with the model you are instantiating.
boot rendezvous weights-loaded: rank 0 prepared; waiting for 4 ranks (deadline 1800s)
[b12x-bounds] state_E=128 n=640 tile_m=128 routed_rows=67179 -> rows 83456/83456 tiles 652/652 tasks 3260/3260
[b12x-bounds] state_E=128 n=640 tile_m=128 routed_rows=35828 -> rows 52096/83456 tiles 407/652 tasks 2035/3260
[b12x-bounds] state_E=128 n=640 tile_m=128 routed_rows=75636 -> rows 91904/91904 tiles 718/718 tasks 3590/3590
/usr/local/lib/python3.12/dist-packages/torch/distributed/c10d_logger.py:83: FutureWarning: `torch.distributed.all_gather_into_tensor` is deprecated. Please use `torch.distributed.all_gather_single` instead.
  return func(*args, **kwargs)
[b12x-bounds] state_E=128 n=640 tile_m=128 routed_rows=106816 -> rows 123136/123136 tiles 962/962 tasks 4810/4810
[b12x-bounds] state_E=128 n=640 tile_m=128 routed_rows=80942 -> rows 97280/123136 tiles 760/962 tasks 3800/4810
[b12x-bounds] state_E=128 n=640 tile_m=128 routed_rows=45823 -> rows 62080/123136 tiles 485/962 tasks 2425/4810
[b12x-bounds] state_E=128 n=640 tile_m=128 routed_rows=81386 -> rows 97664/123136 tiles 763/962 tasks 3815/4810
[b12x-bounds] state_E=128 n=640 tile_m=128 routed_rows=67144 -> rows 83456/123136 tiles 652/962 tasks 3260/4810
[b12x-bounds] state_E=128 n=640 tile_m=128 routed_rows=40417 -> rows 56704/123136 tiles 443/962 tasks 2215/4810
[b12x-bounds] state_E=128 n=640 tile_m=128 routed_rows=36970 -> rows 53248/123136 tiles 416/962 tasks 2080/4810
[b12x-bounds] state_E=128 n=640 tile_m=128 routed_rows=103260 -> rows 119552/123136 tiles 934/962 tasks 4670/4810
[b12x-bounds] state_E=128 n=640 tile_m=128 routed_rows=87832 -> rows 104192/123136 tiles 814/962 tasks 4070/4810
[b12x-bounds] state_E=128 n=640 tile_m=128 routed_rows=92179 -> rows 108544/123136 tiles 848/962 tasks 4240/4810
[b12x-bounds] state_E=128 n=640 tile_m=128 routed_rows=87272 -> rows 103552/123136 tiles 809/962 tasks 4045/4810
[b12x-bounds] state_E=128 n=640 tile_m=128 routed_rows=108928 -> rows 125184/125184 tiles 978/978 tasks 4890/4890
[b12x-bounds] state_E=128 n=640 tile_m=128 routed_rows=111668 -> rows 128000/128000 tiles 1000/1000 tasks 5000/5000
[b12x-bounds] state_E=128 n=640 tile_m=128 routed_rows=49897 -> rows 66176/128000 tiles 517/1000 tasks 2585/5000
[b12x-bounds] state_E=128 n=640 tile_m=128 routed_rows=97310 -> rows 113664/128000 tiles 888/1000 tasks 4440/5000
[b12x-bounds] state_E=128 n=640 tile_m=128 routed_rows=109195 -> rows 125568/128000 tiles 981/1000 tasks 4905/5000
[b12x-bounds] state_E=128 n=640 tile_m=128 routed_rows=89566 -> rows 105856/128000 tiles 827/1000 tasks 4135/5000
[b12x-bounds] state_E=128 n=640 tile_m=128 routed_rows=80245 -> rows 96512/128000 tiles 754/1000 tasks 3770/5000
[b12x-bounds] state_E=128 n=640 tile_m=128 routed_rows=69953 -> rows 86272/128000 tiles 674/1000 tasks 3370/5000
[b12x-bounds] state_E=128 n=640 tile_m=128 routed_rows=95424 -> rows 111744/128000 tiles 873/1000 tasks 4365/5000
[b12x-bounds] state_E=128 n=640 tile_m=128 routed_rows=86882 -> rows 103168/128000 tiles 806/1000 tasks 4030/5000
[b12x-bounds] state_E=128 n=640 tile_m=128 routed_rows=101018 -> rows 117376/128000 tiles 917/1000 tasks 4585/5000
  warm prefill: memory/32256/0 26.079s, kernels/64/0 3.104s, kernels/512/0 0.489s, kernels/4095/0 1.365s, kernels/64/8384 1.389s, kernels/64/16832 0.312s, kernels/64/32960 0.319s, kernels/64/65984 0.324s, kernels/64/131264 0.328s, kernels/64/262080 0.341s
  warm eager moe: eager/8 0.122s, eager/1 0.005s, eager/2 0.008s, eager/3 0.009s, eager/4 0.005s, eager/5 0.005s, eager/6 0.005s, eager/7 0.005s
  shared expert: unforked
  drafter: MTP head, K=1 (verify step 2 tokens a row)
phase                                      seconds   dev GiB  counters
front                                        4.006            import_s=2.813 box_s=0.475 shape_s=0.002
comm                                         2.464     +0.29  
prepare one-shot                             2.707     +1.66  
lanes                                        0.009     +0.00  kernel_imports_s=3.091
  wait for the imports                       0.000     +0.00  
qualify lanes                                2.416     +1.41  
arena                                        1.316    +39.20  
load                                         3.308     +3.09  blocks=52 bytes=2.19704e+10 direct=1 stage_s=0.83 wait_s=0.068 copy_s=0.088 views_s=0.001 tensors=2 read_bytes=8.38869e+08
ple table                                    0.002     +0.00  
prepare dense                               94.509     +1.62  weight_digest_calls=192 weight_digest_s=2.18 pack_calls=192 pack_s=1.936 packs_cache=192 packs_rtn=192
mtp experts                                  0.386     +0.00  mtp_experts_qualify=0
caches                                       0.003     +0.00  
engine                                       0.026     +0.00  
wait for weight preparation                  4.885     -0.08  
runner                                       0.000     +0.00  
wait for the prelude                         0.000     +0.00  
warm prefill                                34.053     +1.02  
warm eager moe                               0.165     +0.00  
capture decode                               7.179     +0.72  
door                                         0.024     +0.00  
total                                      157.459
  rank 0: ready in 154.7 s, door on port 8000
/usr/local/lib/python3.12/dist-packages/torch/distributed/c10d_logger.py:83: FutureWarning: `torch.distributed.all_gather_into_tensor` is deprecated. Please use `torch.distributed.all_gather_single` instead.
  return func(*args, **kwargs)
