  box: GB10 (DGX Spark): SM121, unified 120 GiB (105 free)
  kernel shape (record): hidden 2560 hc 4 gated_residual tp 4 | gqa 6x256 no sink | linear 4/12x128x128 conv 4 decay/head | indexer qsa 4x128 pool 4 top 2048 | moe 512(128 local) I640/640 top10 nvfp4 silu | spec 1
[W919 05:29:36.177526622 Utils.hpp:137] Warning: Environment variable NCCL_ASYNC_ERROR_HANDLING is deprecated; use TORCH_NCCL_ASYNC_ERROR_HANDLING instead (function operator())
[oneshot] inline proxy serving peers=3 inline_bytes=8 wr_reuse=1
/usr/local/lib/python3.12/dist-packages/torch/distributed/c10d_logger.py:83: FutureWarning: `torch.distributed.all_gather_into_tensor` is deprecated. Please use `torch.distributed.all_gather_single` instead.
  return func(*args, **kwargs)
  collectives: one-shot RDMA (NCCL where ineligible)
  lanes qualified: {'gated_residual': {'enter': (0.0062500000931322575, 0.0010940515203401446), 'inject': (0.004854368977248669, 0.0013956144684925675), 'leave_norm': (0.004975124262273312, 0.0024845092557370663), 'leave': (0.004975124262273312, 0.0024845092557370663), 'close': (0.005586592014878988, 0.0027172171976417303)}, 'gdn': {'decay': (1.8527525469380635e-07, 1.2093259726952965e-07), 'beta': (0.0, 0.0), 'raw_beta': (0.0, 0.0), 'norm': (7.038288458716124e-05, 2.438618139422033e-06)}, 'qsa_norm_rope': {'norm_rope_6x256': (0.006172839552164078, 0.0015349400928243995), 'norm_rope_4x128': (0.006896551698446274, 0.002324720611795783)}, 'skinny_gemv': {'513x2560': 0.002813, '324x10240': 0.002272, '320x10240': 0.002349}, 'fp8_rows': {1: 0.002073, 4: 0.001935, 16: 0.002006}}
boot rendezvous arena-admission: rank 2 prepared; waiting for 4 ranks (deadline 1800s)
boot rendezvous weights-loaded: rank 2 prepared; waiting for 4 ranks (deadline 1800s)
[b12x-bounds] state_E=128 n=640 tile_m=32 routed_rows=2981 -> rows 7072/7072 tiles 221/221 tasks 1105/1105
[b12x-bounds] state_E=128 n=640 tile_m=128 routed_rows=92798 -> rows 109056/109056 tiles 852/852 tasks 4260/4260
[b12x-bounds] state_E=128 n=640 tile_m=128 routed_rows=75970 -> rows 92288/109056 tiles 721/852 tasks 3605/4260
/usr/local/lib/python3.12/dist-packages/torch/distributed/c10d_logger.py:83: FutureWarning: `torch.distributed.all_gather_into_tensor` is deprecated. Please use `torch.distributed.all_gather_single` instead.
  return func(*args, **kwargs)
[b12x-bounds] state_E=128 n=640 tile_m=128 routed_rows=97316 -> rows 113664/113664 tiles 888/888 tasks 4440/4440
[b12x-bounds] state_E=128 n=640 tile_m=128 routed_rows=19351 -> rows 35712/113664 tiles 279/888 tasks 1395/4440
[b12x-bounds] state_E=128 n=640 tile_m=128 routed_rows=30182 -> rows 46464/113664 tiles 363/888 tasks 1815/4440
[b12x-bounds] state_E=128 n=640 tile_m=128 routed_rows=94217 -> rows 110592/113664 tiles 864/888 tasks 4320/4440
[b12x-bounds] state_E=128 n=640 tile_m=128 routed_rows=117993 -> rows 134272/134272 tiles 1049/1049 tasks 5245/5245
[b12x-bounds] state_E=128 n=640 tile_m=128 routed_rows=116759 -> rows 133120/134272 tiles 1040/1049 tasks 5200/5245
[b12x-bounds] state_E=128 n=640 tile_m=128 routed_rows=54795 -> rows 71168/134272 tiles 556/1049 tasks 2780/5245
[b12x-bounds] state_E=128 n=640 tile_m=128 routed_rows=94165 -> rows 110464/134272 tiles 863/1049 tasks 4315/5245
[b12x-bounds] state_E=128 n=640 tile_m=128 routed_rows=75950 -> rows 92288/134272 tiles 721/1049 tasks 3605/5245
[b12x-bounds] state_E=128 n=640 tile_m=128 routed_rows=76042 -> rows 92416/134272 tiles 722/1049 tasks 3610/5245
[b12x-bounds] state_E=128 n=640 tile_m=128 routed_rows=98050 -> rows 114432/134272 tiles 894/1049 tasks 4470/5245
[b12x-bounds] state_E=128 n=640 tile_m=128 routed_rows=43674 -> rows 60032/134272 tiles 469/1049 tasks 2345/5245
[b12x-bounds] state_E=128 n=640 tile_m=128 routed_rows=77493 -> rows 93824/134272 tiles 733/1049 tasks 3665/5245
[b12x-bounds] state_E=128 n=640 tile_m=128 routed_rows=79749 -> rows 96128/134272 tiles 751/1049 tasks 3755/5245
[b12x-bounds] state_E=128 n=640 tile_m=128 routed_rows=72766 -> rows 89088/134272 tiles 696/1049 tasks 3480/5245
[b12x-bounds] state_E=128 n=640 tile_m=128 routed_rows=67754 -> rows 84096/134272 tiles 657/1049 tasks 3285/5245
[b12x-bounds] state_E=128 n=640 tile_m=128 routed_rows=66543 -> rows 82816/134272 tiles 647/1049 tasks 3235/5245
[b12x-bounds] state_E=128 n=640 tile_m=128 routed_rows=85608 -> rows 101888/134272 tiles 796/1049 tasks 3980/5245
[b12x-bounds] state_E=128 n=640 tile_m=128 routed_rows=72471 -> rows 88832/134272 tiles 694/1049 tasks 3470/5245
[b12x-bounds] state_E=128 n=640 tile_m=128 routed_rows=82702 -> rows 99072/134272 tiles 774/1049 tasks 3870/5245
[b12x-bounds] state_E=128 n=640 tile_m=128 routed_rows=94755 -> rows 111104/134272 tiles 868/1049 tasks 4340/5245
[b12x-bounds] state_E=128 n=640 tile_m=128 routed_rows=52656 -> rows 68992/134272 tiles 539/1049 tasks 2695/5245
  shared expert: unforked
  drafter: MTP head, K=1 (verify step 2 tokens a row)
  rank 2: ready in 155.2 s, door on port 8000
/usr/local/lib/python3.12/dist-packages/torch/distributed/c10d_logger.py:83: FutureWarning: `torch.distributed.all_gather_into_tensor` is deprecated. Please use `torch.distributed.all_gather_single` instead.
  return func(*args, **kwargs)
