  box: GB10 (DGX Spark): SM121, unified 120 GiB (105 free)
  kernel shape (record): hidden 2560 hc 4 gated_residual tp 4 | gqa 6x256 no sink | linear 4/12x128x128 conv 4 decay/head | indexer qsa 4x128 pool 4 top 2048 | moe 512(128 local) I640/640 top10 nvfp4 silu | spec 1
[W919 05:33:44.374168428 Utils.hpp:137] Warning: Environment variable NCCL_ASYNC_ERROR_HANDLING is deprecated; use TORCH_NCCL_ASYNC_ERROR_HANDLING instead (function operator())
NCCL version 2.29.7+cuda13.2
[oneshot] inline proxy serving peers=3 inline_bytes=8 wr_reuse=1
/usr/local/lib/python3.12/dist-packages/torch/distributed/c10d_logger.py:83: FutureWarning: `torch.distributed.all_gather_into_tensor` is deprecated. Please use `torch.distributed.all_gather_single` instead.
  return func(*args, **kwargs)
  collectives: one-shot RDMA (NCCL where ineligible)
  lanes qualified: {'gated_residual': {'enter': (0.0062500000931322575, 0.0010940515203401446), 'inject': (0.004854368977248669, 0.0013956144684925675), 'leave_norm': (0.004975124262273312, 0.0024845092557370663), 'leave': (0.004975124262273312, 0.0024845092557370663), 'close': (0.005586592014878988, 0.0027172171976417303)}, 'gdn': {'decay': (1.8527525469380635e-07, 1.2093259726952965e-07), 'beta': (0.0, 0.0), 'raw_beta': (0.0, 0.0), 'norm': (7.038288458716124e-05, 2.438618139422033e-06)}, 'qsa_norm_rope': {'norm_rope_6x256': (0.006172839552164078, 0.0015349400928243995), 'norm_rope_4x128': (0.006896551698446274, 0.002324720611795783)}, 'skinny_gemv': {'513x2560': 0.002813, '324x10240': 0.002272, '320x10240': 0.002349}, 'fp8_rows': {1: 0.002073, 4: 0.001935, 16: 0.002006}}
boot rendezvous arena-admission: rank 0 prepared; waiting for 4 ranks (deadline 1800s)
[transformers] You are using a model of type `qwen4_exp` to instantiate a model of type ``. This may be expected if you are loading a checkpoint that shares a subset of the architecture (e.g., loading a `sam2_video` checkpoint into `Sam2Model`), but is otherwise not supported and can yield errors. Please verify that the checkpoint is compatible with the model you are instantiating.
boot rendezvous weights-loaded: rank 0 prepared; waiting for 4 ranks (deadline 1800s)
[b12x-bounds] state_E=128 n=640 tile_m=128 routed_rows=67179 -> rows 83456/83456 tiles 652/652 tasks 3260/3260
[b12x-bounds] state_E=128 n=640 tile_m=128 routed_rows=36096 -> rows 52352/83456 tiles 409/652 tasks 2045/3260
[b12x-bounds] state_E=128 n=640 tile_m=128 routed_rows=73591 -> rows 89856/89856 tiles 702/702 tasks 3510/3510
/usr/local/lib/python3.12/dist-packages/torch/distributed/c10d_logger.py:83: FutureWarning: `torch.distributed.all_gather_into_tensor` is deprecated. Please use `torch.distributed.all_gather_single` instead.
  return func(*args, **kwargs)
[b12x-bounds] state_E=128 n=640 tile_m=128 routed_rows=107115 -> rows 123392/123392 tiles 964/964 tasks 4820/4820
[b12x-bounds] state_E=128 n=640 tile_m=128 routed_rows=77752 -> rows 94080/123392 tiles 735/964 tasks 3675/4820
[b12x-bounds] state_E=128 n=640 tile_m=128 routed_rows=46810 -> rows 63104/123392 tiles 493/964 tasks 2465/4820
[b12x-bounds] state_E=128 n=640 tile_m=128 routed_rows=79992 -> rows 96256/123392 tiles 752/964 tasks 3760/4820
[b12x-bounds] state_E=128 n=640 tile_m=128 routed_rows=65383 -> rows 81664/123392 tiles 638/964 tasks 3190/4820
[b12x-bounds] state_E=128 n=640 tile_m=128 routed_rows=39762 -> rows 56064/123392 tiles 438/964 tasks 2190/4820
[b12x-bounds] state_E=128 n=640 tile_m=128 routed_rows=36928 -> rows 53248/123392 tiles 416/964 tasks 2080/4820
[b12x-bounds] state_E=128 n=640 tile_m=128 routed_rows=106341 -> rows 122624/123392 tiles 958/964 tasks 4790/4820
[b12x-bounds] state_E=128 n=640 tile_m=128 routed_rows=89008 -> rows 105344/123392 tiles 823/964 tasks 4115/4820
[b12x-bounds] state_E=128 n=640 tile_m=128 routed_rows=87502 -> rows 103808/123392 tiles 811/964 tasks 4055/4820
[b12x-bounds] state_E=128 n=640 tile_m=128 routed_rows=87025 -> rows 103296/123392 tiles 807/964 tasks 4035/4820
[b12x-bounds] state_E=128 n=640 tile_m=128 routed_rows=107919 -> rows 124288/124288 tiles 971/971 tasks 4855/4855
[b12x-bounds] state_E=128 n=640 tile_m=128 routed_rows=109565 -> rows 125824/125824 tiles 983/983 tasks 4915/4915
[b12x-bounds] state_E=128 n=640 tile_m=128 routed_rows=51937 -> rows 68224/125824 tiles 533/983 tasks 2665/4915
[b12x-bounds] state_E=128 n=640 tile_m=128 routed_rows=95490 -> rows 111872/125824 tiles 874/983 tasks 4370/4915
[b12x-bounds] state_E=128 n=640 tile_m=128 routed_rows=109504 -> rows 125824/125824 tiles 983/983 tasks 4915/4915
[b12x-bounds] state_E=128 n=640 tile_m=128 routed_rows=87491 -> rows 103808/125824 tiles 811/983 tasks 4055/4915
[b12x-bounds] state_E=128 n=640 tile_m=128 routed_rows=80197 -> rows 96512/125824 tiles 754/983 tasks 3770/4915
[b12x-bounds] state_E=128 n=640 tile_m=128 routed_rows=70240 -> rows 86528/125824 tiles 676/983 tasks 3380/4915
[b12x-bounds] state_E=128 n=640 tile_m=128 routed_rows=88280 -> rows 104576/125824 tiles 817/983 tasks 4085/4915
[b12x-bounds] state_E=128 n=640 tile_m=128 routed_rows=81742 -> rows 98048/125824 tiles 766/983 tasks 3830/4915
[b12x-bounds] state_E=128 n=640 tile_m=128 routed_rows=103650 -> rows 119936/125824 tiles 937/983 tasks 4685/4915
  warm prefill: memory/32256/0 25.627s, kernels/64/0 1.312s, kernels/512/0 0.443s, kernels/4095/0 1.356s, kernels/64/8384 1.365s, kernels/64/16832 0.302s, kernels/64/32960 0.297s, kernels/64/65984 0.306s, kernels/64/131264 0.293s, kernels/64/262080 0.306s
  warm eager moe: eager/8 0.122s, eager/1 0.006s, eager/2 0.01s, eager/3 0.01s, eager/4 0.006s, eager/5 0.005s, eager/6 0.005s, eager/7 0.005s
  shared expert: forked at one request's rows
  drafter: MTP head, K=1 (verify step 2 tokens a row)
phase                                      seconds   dev GiB  counters
front                                        3.387            import_s=2.196 box_s=0.454 shape_s=0.001
comm                                         3.279     +0.32  
prepare one-shot                             2.491     +1.52  
lanes                                        0.008     +0.00  kernel_imports_s=2.886
  wait for the imports                       0.000     +0.00  
qualify lanes                                2.521     +1.42  
arena                                        1.576    +39.24  
load                                         4.156     +3.39  blocks=52 bytes=2.19704e+10 direct=1 stage_s=1.136 wait_s=0.073 copy_s=0.033 views_s=0 tensors=2 read_bytes=8.38869e+08
ple table                                    0.001     +0.00  
prepare dense                                6.917     +0.81  weight_digest_calls=192 weight_digest_s=2.47 pack_calls=192 pack_s=2.865 packs_cache=192 packs_rtn=192
mtp experts                                  0.028     -0.00  mtp_experts_qualify=0
caches                                       0.003     +0.00  
engine                                       0.021     +0.00  
wait for weight preparation                  0.033     +0.00  
runner                                       0.000     +0.00  
wait for the prelude                         0.000     +0.00  
warm prefill                                31.610     +1.05  
warm eager moe                               0.171     +0.01  
capture decode                               7.285     +0.79  
door                                         0.022     +0.00  
total                                       63.509
  rank 0: ready in 61.2 s, door on port 8000
/usr/local/lib/python3.12/dist-packages/torch/distributed/c10d_logger.py:83: FutureWarning: `torch.distributed.all_gather_into_tensor` is deprecated. Please use `torch.distributed.all_gather_single` instead.
  return func(*args, **kwargs)
