  box: GB10 (DGX Spark): SM121, unified 122 GiB (93 free)
  kernel shape (record): hidden 2560 hc 4 gated_residual tp 4 | gqa 6x256 no sink | linear 4/12x128x128 conv 4 decay/head | indexer qsa 4x128 pool 4 top 2048 | moe 512(128 local) I640/640 top10 nvfp4 silu | spec 1
[W919 05:33:44.867606137 Utils.hpp:137] Warning: Environment variable NCCL_ASYNC_ERROR_HANDLING is deprecated; use TORCH_NCCL_ASYNC_ERROR_HANDLING instead (function operator())
[oneshot] inline proxy serving peers=3 inline_bytes=8 wr_reuse=1
/usr/local/lib/python3.12/dist-packages/torch/distributed/c10d_logger.py:83: FutureWarning: `torch.distributed.all_gather_into_tensor` is deprecated. Please use `torch.distributed.all_gather_single` instead.
  return func(*args, **kwargs)
  collectives: one-shot RDMA (NCCL where ineligible)
  lanes qualified: {'gated_residual': {'enter': (0.0062500000931322575, 0.0010940515203401446), 'inject': (0.004854368977248669, 0.0013956144684925675), 'leave_norm': (0.004975124262273312, 0.0024845092557370663), 'leave': (0.004975124262273312, 0.0024845092557370663), 'close': (0.005586592014878988, 0.0027172171976417303)}, 'gdn': {'decay': (1.8527525469380635e-07, 1.2093259726952965e-07), 'beta': (0.0, 0.0), 'raw_beta': (0.0, 0.0), 'norm': (7.038288458716124e-05, 2.438618139422033e-06)}, 'qsa_norm_rope': {'norm_rope_6x256': (0.006172839552164078, 0.0015349400928243995), 'norm_rope_4x128': (0.006896551698446274, 0.002324720611795783)}, 'skinny_gemv': {'513x2560': 0.002813, '324x10240': 0.002272, '320x10240': 0.002349}, 'fp8_rows': {1: 0.002073, 4: 0.001935, 16: 0.002006}}
boot rendezvous arena-admission: rank 3 prepared; waiting for 4 ranks (deadline 1800s)
boot rendezvous weights-loaded: rank 3 prepared; waiting for 4 ranks (deadline 1800s)
[b12x-bounds] state_E=128 n=640 tile_m=128 routed_rows=128015 -> rows 144384/144384 tiles 1128/1128 tasks 5640/5640
[b12x-bounds] state_E=128 n=640 tile_m=128 routed_rows=54257 -> rows 70528/144384 tiles 551/1128 tasks 2755/5640
[b12x-bounds] state_E=128 n=640 tile_m=128 routed_rows=66889 -> rows 83200/144384 tiles 650/1128 tasks 3250/5640
/usr/local/lib/python3.12/dist-packages/torch/distributed/c10d_logger.py:83: FutureWarning: `torch.distributed.all_gather_into_tensor` is deprecated. Please use `torch.distributed.all_gather_single` instead.
  return func(*args, **kwargs)
[b12x-bounds] state_E=128 n=640 tile_m=128 routed_rows=29400 -> rows 45696/144384 tiles 357/1128 tasks 1785/5640
[b12x-bounds] state_E=128 n=640 tile_m=128 routed_rows=83819 -> rows 100096/144384 tiles 782/1128 tasks 3910/5640
[b12x-bounds] state_E=128 n=640 tile_m=128 routed_rows=142494 -> rows 158848/158848 tiles 1241/1241 tasks 6205/6205
[b12x-bounds] state_E=128 n=640 tile_m=128 routed_rows=90327 -> rows 106624/158848 tiles 833/1241 tasks 4165/6205
[b12x-bounds] state_E=128 n=640 tile_m=128 routed_rows=80006 -> rows 96384/158848 tiles 753/1241 tasks 3765/6205
[b12x-bounds] state_E=128 n=640 tile_m=128 routed_rows=31627 -> rows 48000/158848 tiles 375/1241 tasks 1875/6205
[b12x-bounds] state_E=128 n=640 tile_m=128 routed_rows=104424 -> rows 120704/158848 tiles 943/1241 tasks 4715/6205
[b12x-bounds] state_E=128 n=640 tile_m=128 routed_rows=85421 -> rows 101760/158848 tiles 795/1241 tasks 3975/6205
[b12x-bounds] state_E=128 n=640 tile_m=128 routed_rows=86689 -> rows 103040/158848 tiles 805/1241 tasks 4025/6205
[b12x-bounds] state_E=128 n=640 tile_m=128 routed_rows=33517 -> rows 49792/158848 tiles 389/1241 tasks 1945/6205
[b12x-bounds] state_E=128 n=640 tile_m=128 routed_rows=54120 -> rows 70400/158848 tiles 550/1241 tasks 2750/6205
[b12x-bounds] state_E=128 n=640 tile_m=128 routed_rows=99912 -> rows 116224/158848 tiles 908/1241 tasks 4540/6205
[b12x-bounds] state_E=128 n=640 tile_m=128 routed_rows=72160 -> rows 88448/158848 tiles 691/1241 tasks 3455/6205
[b12x-bounds] state_E=128 n=640 tile_m=128 routed_rows=102578 -> rows 118912/158848 tiles 929/1241 tasks 4645/6205
[b12x-bounds] state_E=128 n=640 tile_m=128 routed_rows=83860 -> rows 100224/158848 tiles 783/1241 tasks 3915/6205
[b12x-bounds] state_E=128 n=640 tile_m=128 routed_rows=72930 -> rows 89216/158848 tiles 697/1241 tasks 3485/6205
[b12x-bounds] state_E=128 n=640 tile_m=128 routed_rows=101297 -> rows 117632/158848 tiles 919/1241 tasks 4595/6205
[b12x-bounds] state_E=128 n=640 tile_m=128 routed_rows=57302 -> rows 73600/158848 tiles 575/1241 tasks 2875/6205
[b12x-bounds] state_E=128 n=640 tile_m=128 routed_rows=78835 -> rows 95104/158848 tiles 743/1241 tasks 3715/6205
[b12x-bounds] state_E=128 n=640 tile_m=128 routed_rows=101539 -> rows 117888/158848 tiles 921/1241 tasks 4605/6205
[b12x-bounds] state_E=128 n=640 tile_m=128 routed_rows=71170 -> rows 87552/158848 tiles 684/1241 tasks 3420/6205
[b12x-bounds] state_E=128 n=640 tile_m=128 routed_rows=109145 -> rows 125440/158848 tiles 980/1241 tasks 4900/6205
  shared expert: forked at one request's rows
  drafter: MTP head, K=1 (verify step 2 tokens a row)
  rank 3: ready in 58.1 s, door on port 8000
/usr/local/lib/python3.12/dist-packages/torch/distributed/c10d_logger.py:83: FutureWarning: `torch.distributed.all_gather_into_tensor` is deprecated. Please use `torch.distributed.all_gather_single` instead.
  return func(*args, **kwargs)
