srv4:75:75 [0] NCCL INFO ENV/Plugin: Could not find: libnccl-env.so
srv4:75:75 [0] NCCL INFO cudaDriverVersion 13000
srv4:75:75 [0] NCCL INFO NCCL_SOCKET_IFNAME set to enp1s0f0np0
srv4:75:75 [0] NCCL INFO NCCL version 2.29.7+cuda13.2
srv4:75:75 [0] NCCL INFO NCCL git version stable b81d6a5a3
srv4:75:75 [0] NCCL INFO NET/Plugin: Could not find: libnccl-net.so
srv4:75:75 [0] NCCL INFO dlvsym failed on mlx5dv_get_data_direct_sysfs_path - /lib/aarch64-linux-gnu/libmlx5.so: undefined symbol: mlx5dv_get_data_direct_sysfs_path, version MLX5_1.25 version MLX5_1.25
srv4:75:75 [0] NCCL INFO dlvsym failed on mlx5dv_reg_dmabuf_mr - /lib/aarch64-linux-gnu/libmlx5.so: undefined symbol: mlx5dv_reg_dmabuf_mr, version MLX5_1.25 version MLX5_1.25
srv4:75:75 [0] NCCL INFO NCCL_IB_HCA set to rocep1s0f0,roceP2p1s0f0
srv4:75:75 [0] NCCL INFO NET/IB: [0] rocep1s0f0:uverbs0:1/RoCE provider=Mlx5 speed=200000 context=0x523a6070 pciPath=/sys/devices/pci0000:00/0000:00:00.0/0000:01:00.0 ar=0
srv4:75:75 [0] NCCL INFO NET/IB: [2] roceP2p1s0f0:uverbs2:1/RoCE provider=Mlx5 speed=200000 context=0x523e7770 pciPath=/sys/devices/pci0002:00/0002:00:00.0/0002:01:00.0 ar=0
srv4:75:75 [0] NCCL INFO NET/IB : Made virtual device [0] name=rocep1s0f0 speed=200000 ndevs=1
srv4:75:75 [0] NCCL INFO NET/IB : Made virtual device [1] name=roceP2p1s0f0 speed=200000 ndevs=1
srv4:75:75 [0] NCCL INFO NET/IB : Using [0]rocep1s0f0:1/RoCE [1]roceP2p1s0f0:1/RoCE [RO]; OOB enp1s0f0np0:10.10.10.4<0>
srv4:75:75 [0] NCCL INFO Initialized NET plugin IB
srv4:75:75 [0] NCCL INFO Assigned NET plugin IB to comm
srv4:75:75 [0] NCCL INFO GIN/Plugin: Could not find: libnccl-gin.so
srv4:75:75 [0] NCCL INFO Assigned GIN plugin GIN_IB_GDAKI to comm
srv4:75:75 [0] NCCL INFO Assigned RMA plugin GIN_IB_PROXY to comm
srv4:75:75 [0] NCCL INFO Using network IB
srv4:75:75 [0] NCCL INFO [Rank 3] ncclCommInitRankConfig comm 0x5097b4e0 rank 3 nranks 4 cudaDev 0 nvmlDev 0 busId f01000 commId 0x8353b7d137f28f2a - Init START
srv4:75:75 [0] NCCL INFO RAS client listening socket at 127.0.0.1<28028>
srv4:75:75 [0] NCCL INFO NCCL_P2P_LEVEL set by environment to SYS
srv4:75:75 [0] NCCL INFO Topology detection : could not read /sys/devices/system/node/node-1/cpumap, ignoring
srv4:75:75 [0] NCCL INFO TOPO/NET : Importing network plugins to topology
srv4:75:75 [0] NCCL INFO Topology detection : could not read /sys/devices/system/node/node-1/cpumap, ignoring
srv4:75:75 [0] NCCL INFO NET/GIN_IB_GDAKI : GPU Direct RDMA Disabled for HCA 0 'rocep1s0f0'
srv4:75:75 [0] NCCL INFO ncclTopoPopulateNics : Filled rocep1s0f0 in topo with pciPath=/sys/devices/pci0000:00/0000:00:00.0/0000:01:00.0 net=0 gin=1 keep=1 coll=(null)
srv4:75:75 [0] NCCL INFO Topology detection : could not read /sys/devices/system/node/node-1/cpumap, ignoring
srv4:75:75 [0] NCCL INFO NET/GIN_IB_GDAKI : GPU Direct RDMA Disabled for HCA 1 'roceP2p1s0f0'
srv4:75:75 [0] NCCL INFO ncclTopoPopulateNics : Filled roceP2p1s0f0 in topo with pciPath=/sys/devices/pci0002:00/0002:00:00.0/0002:01:00.0 net=0 gin=1 keep=1 coll=(null)
srv4:75:75 [0] NCCL INFO NET/IB : GPU Direct RDMA Disabled for HCA 0 'rocep1s0f0'
srv4:75:75 [0] NCCL INFO ncclTopoPopulateNics : Filled rocep1s0f0 in topo with pciPath=/sys/devices/pci0000:00/0000:00:00.0/0000:01:00.0 net=1 gin=1 keep=1 coll=(null)
srv4:75:75 [0] NCCL INFO NET/IB : GPU Direct RDMA Disabled for HCA 1 'roceP2p1s0f0'
srv4:75:75 [0] NCCL INFO ncclTopoPopulateNics : Filled roceP2p1s0f0 in topo with pciPath=/sys/devices/pci0002:00/0002:00:00.0/0002:01:00.0 net=1 gin=1 keep=1 coll=(null)
srv4:75:75 [0] NCCL INFO === System : maxBw 12.0 totalBw 3.0 ===
srv4:75:75 [0] NCCL INFO CPU/0-ffffffffffffff (3/-1/-1)
srv4:75:75 [0] NCCL INFO + C2C[345.0] - GPU/0-f01000
srv4:75:75 [0] NCCL INFO + PCI[12.0] - NIC/0-1000
srv4:75:75 [0] NCCL INFO               + NET[25.0] - NET/0-0 (0/871971000346a738/1/25.000000)
srv4:75:75 [0] NCCL INFO               + NET[25.0] - GIN/0-0
srv4:75:75 [0] NCCL INFO + PCI[12.0] - NIC/0-201000
srv4:75:75 [0] NCCL INFO               + NET[25.0] - NET/0-1 (0/871971000346a738/1/25.000000)
srv4:75:75 [0] NCCL INFO               + NET[25.0] - GIN/0-1
srv4:75:75 [0] NCCL INFO + PCI[3.0] - GPU/0-f01000 (3)
srv4:75:75 [0] NCCL INFO              + C2C[345.0] - CPU/0-ffffffffffffff
srv4:75:75 [0] NCCL INFO ==========================================
srv4:75:75 [0] NCCL INFO GPU/0-f01000 :GPU/0-f01000 (0/5000.0/LOC) CPU/0-ffffffffffffff (1/345.0/C2C) NET/0-0 (3/12.0/P2C) NET/0-1 (3/12.0/P2C) GIN/0-0 (3/12.0/PHB) GIN/0-1 (3/12.0/PHB) 
srv4:75:75 [0] NCCL INFO NET/0-0 :GPU/0-f01000 (3/12.0/P2C) CPU/0-ffffffffffffff (2/12.0/PHB) NET/0-0 (0/5000.0/LOC) NET/0-1 (4/12.0/PHB) GIN/0-0 (2/25.0/LOC) GIN/0-1 (4/12.0/PHB) 
srv4:75:75 [0] NCCL INFO NET/0-1 :GPU/0-f01000 (3/12.0/P2C) CPU/0-ffffffffffffff (2/12.0/PHB) NET/0-0 (4/12.0/PHB) NET/0-1 (0/5000.0/LOC) GIN/0-0 (4/12.0/PHB) GIN/0-1 (2/25.0/LOC) 
srv4:75:75 [0] NCCL INFO GIN/0-0 :GPU/0-f01000 (3/12.0/PHB) CPU/0-ffffffffffffff (2/12.0/PHB) NET/0-0 (2/25.0/LOC) NET/0-1 (4/12.0/PHB) GIN/0-0 (0/5000.0/LOC) GIN/0-1 (4/12.0/PHB) 
srv4:75:75 [0] NCCL INFO GIN/0-1 :GPU/0-f01000 (3/12.0/PHB) CPU/0-ffffffffffffff (2/12.0/PHB) NET/0-0 (4/12.0/PHB) NET/0-1 (2/25.0/LOC) GIN/0-0 (4/12.0/PHB) GIN/0-1 (0/5000.0/LOC) 
srv4:75:75 [0] NCCL INFO ncclTopoGetCpuAffinity: Affinity for GPU 0 is empty, ignoring. (GPU affinity = ).
srv4:75:75 [0] NCCL INFO Pattern 4, crossNic 1, nChannels 8, bw 3.000000/3.000000, type LOC/P2C, sameChannels 1
srv4:75:75 [0] NCCL INFO  0 : NET/0-0 GPU/0-f01000 NET/0-0
srv4:75:75 [0] NCCL INFO  1 : NET/0-1 GPU/0-f01000 NET/0-0
srv4:75:75 [0] NCCL INFO  2 : NET/0-0 GPU/0-f01000 NET/0-0
srv4:75:75 [0] NCCL INFO  3 : NET/0-1 GPU/0-f01000 NET/0-0
srv4:75:75 [0] NCCL INFO  4 : NET/0-0 GPU/0-f01000 NET/0-1
srv4:75:75 [0] NCCL INFO  5 : NET/0-1 GPU/0-f01000 NET/0-1
srv4:75:75 [0] NCCL INFO  6 : NET/0-0 GPU/0-f01000 NET/0-1
srv4:75:75 [0] NCCL INFO  7 : NET/0-1 GPU/0-f01000 NET/0-1
srv4:75:75 [0] NCCL INFO Pattern 3, crossNic 1, nChannels 8, bw 1.200000/0.240000, type LOC/P2C, sameChannels 1
srv4:75:75 [0] NCCL INFO  0 : NET/0-0 GPU/0-f01000 NET/0-0
srv4:75:75 [0] NCCL INFO  1 : NET/0-1 GPU/0-f01000 NET/0-1
srv4:75:75 [0] NCCL INFO  2 : NET/0-0 GPU/0-f01000 NET/0-0
srv4:75:75 [0] NCCL INFO  3 : NET/0-1 GPU/0-f01000 NET/0-1
srv4:75:75 [0] NCCL INFO  4 : NET/0-0 GPU/0-f01000 NET/0-0
srv4:75:75 [0] NCCL INFO  5 : NET/0-1 GPU/0-f01000 NET/0-1
srv4:75:75 [0] NCCL INFO  6 : NET/0-0 GPU/0-f01000 NET/0-0
srv4:75:75 [0] NCCL INFO  7 : NET/0-1 GPU/0-f01000 NET/0-1
srv4:75:75 [0] NCCL INFO comm 0x5097b4e0 rank 3 nRanks 4 nNodes 4 localRanks 1 localRank 0 MNNVL 0
srv4:75:75 [0] NCCL INFO Tree 0 : 2 -> 3 -> -1/-1/-1
srv4:75:75 [0] NCCL INFO Tree 8 : -1 -> 3 -> 1/-1/-1
srv4:75:75 [0] NCCL INFO Tree 1 : 2 -> 3 -> -1/-1/-1
srv4:75:75 [0] NCCL INFO Tree 9 : -1 -> 3 -> 1/-1/-1
srv4:75:75 [0] NCCL INFO Tree 2 : 2 -> 3 -> -1/-1/-1
srv4:75:75 [0] NCCL INFO Tree 10 : -1 -> 3 -> 1/-1/-1
srv4:75:75 [0] NCCL INFO Tree 3 : 2 -> 3 -> -1/-1/-1
srv4:75:75 [0] NCCL INFO Tree 11 : -1 -> 3 -> 1/-1/-1
srv4:75:75 [0] NCCL INFO Tree 4 : 2 -> 3 -> -1/-1/-1
srv4:75:75 [0] NCCL INFO Tree 12 : -1 -> 3 -> 1/-1/-1
srv4:75:75 [0] NCCL INFO Tree 5 : 2 -> 3 -> -1/-1/-1
srv4:75:75 [0] NCCL INFO Tree 13 : -1 -> 3 -> 1/-1/-1
srv4:75:75 [0] NCCL INFO Tree 6 : 2 -> 3 -> -1/-1/-1
srv4:75:75 [0] NCCL INFO Tree 14 : -1 -> 3 -> 1/-1/-1
srv4:75:75 [0] NCCL INFO Tree 7 : 2 -> 3 -> -1/-1/-1
srv4:75:75 [0] NCCL INFO Tree 15 : -1 -> 3 -> 1/-1/-1
srv4:75:75 [0] NCCL INFO Ring 00 : 2 -> 3 -> 0
srv4:75:75 [0] NCCL INFO Ring 01 : 2 -> 3 -> 0
srv4:75:75 [0] NCCL INFO Ring 02 : 2 -> 3 -> 0
srv4:75:75 [0] NCCL INFO Ring 03 : 2 -> 3 -> 0
srv4:75:75 [0] NCCL INFO Ring 04 : 2 -> 3 -> 0
srv4:75:75 [0] NCCL INFO Ring 05 : 2 -> 3 -> 0
srv4:75:75 [0] NCCL INFO Ring 06 : 2 -> 3 -> 0
srv4:75:75 [0] NCCL INFO Ring 07 : 2 -> 3 -> 0
srv4:75:75 [0] NCCL INFO Ring 08 : 2 -> 3 -> 0
srv4:75:75 [0] NCCL INFO Ring 09 : 2 -> 3 -> 0
srv4:75:75 [0] NCCL INFO Ring 10 : 2 -> 3 -> 0
srv4:75:75 [0] NCCL INFO Ring 11 : 2 -> 3 -> 0
srv4:75:75 [0] NCCL INFO Ring 12 : 2 -> 3 -> 0
srv4:75:75 [0] NCCL INFO Ring 13 : 2 -> 3 -> 0
srv4:75:75 [0] NCCL INFO Ring 14 : 2 -> 3 -> 0
srv4:75:75 [0] NCCL INFO Ring 15 : 2 -> 3 -> 0
srv4:75:75 [0] NCCL INFO Trees [0] -1/-1/-1->3->2 [1] -1/-1/-1->3->2 [2] -1/-1/-1->3->2 [3] -1/-1/-1->3->2 [4] -1/-1/-1->3->2 [5] -1/-1/-1->3->2 [6] -1/-1/-1->3->2 [7] -1/-1/-1->3->2 [8] 1/-1/-1->3->-1 [9] 1/-1/-1->3->-1 [10] 1/-1/-1->3->-1 [11] 1/-1/-1->3->-1 [12] 1/-1/-1->3->-1 [13] 1/-1/-1->3->-1 [14] 1/-1/-1->3->-1 [15] 1/-1/-1->3->-1
srv4:75:75 [0] NCCL INFO P2P Chunksize set to 262144
srv4:75:75 [0] NCCL INFO PROFILER/Plugin: Could not find: libnccl-profiler.so
srv4:75:75 [0] NCCL INFO Check P2P Type isAllDirectP2p 1 directMode 0 isAllCudaP2p 1
srv4:75:75 [0] NCCL INFO ncclP2pSchedule: group size used is 1
srv4:75:89 [0] NCCL INFO [Proxy Service] Device 0 CPU core 10
srv4:75:90 [0] NCCL INFO [Proxy Service UDS] Device 0 CPU core 13
srv4:75:89 [0] NCCL INFO New proxy recv connection 0 from local rank 0, transport 2
srv4:75:91 [0] NCCL INFO [Proxy Progress] Device 0 CPU core 13
srv4:75:75 [0] NCCL INFO Connected to proxy localRank 0 -> connection 0xe0df6c004f70
srv4:75:75 [0] NCCL INFO Channel 00/0 : 2[0] -> 3[0] [receive] via NET/IB/0
srv4:75:89 [0] NCCL INFO New proxy recv connection 1 from local rank 0, transport 2
srv4:75:75 [0] NCCL INFO Connected to proxy localRank 0 -> connection 0xe0df6c004ff8
srv4:75:75 [0] NCCL INFO Channel 01/0 : 2[0] -> 3[0] [receive] via NET/IB/1
srv4:75:89 [0] NCCL INFO New proxy recv connection 2 from local rank 0, transport 2
srv4:75:75 [0] NCCL INFO Connected to proxy localRank 0 -> connection 0xe0df6c005080
srv4:75:75 [0] NCCL INFO Channel 02/0 : 2[0] -> 3[0] [receive] via NET/IB/0
srv4:75:89 [0] NCCL INFO New proxy recv connection 3 from local rank 0, transport 2
srv4:75:75 [0] NCCL INFO Connected to proxy localRank 0 -> connection 0xe0df6c005108
srv4:75:75 [0] NCCL INFO Channel 03/0 : 2[0] -> 3[0] [receive] via NET/IB/1
srv4:75:89 [0] NCCL INFO New proxy recv connection 4 from local rank 0, transport 2
srv4:75:75 [0] NCCL INFO Connected to proxy localRank 0 -> connection 0xe0df6c005190
srv4:75:75 [0] NCCL INFO Channel 04/0 : 2[0] -> 3[0] [receive] via NET/IB/0
srv4:75:89 [0] NCCL INFO New proxy recv connection 5 from local rank 0, transport 2
srv4:75:75 [0] NCCL INFO Connected to proxy localRank 0 -> connection 0xe0df6c005218
srv4:75:75 [0] NCCL INFO Channel 05/0 : 2[0] -> 3[0] [receive] via NET/IB/1
srv4:75:89 [0] NCCL INFO New proxy recv connection 6 from local rank 0, transport 2
srv4:75:75 [0] NCCL INFO Connected to proxy localRank 0 -> connection 0xe0df6c0052a0
srv4:75:75 [0] NCCL INFO Channel 06/0 : 2[0] -> 3[0] [receive] via NET/IB/0
srv4:75:89 [0] NCCL INFO New proxy recv connection 7 from local rank 0, transport 2
srv4:75:75 [0] NCCL INFO Connected to proxy localRank 0 -> connection 0xe0df6c005328
srv4:75:75 [0] NCCL INFO Channel 07/0 : 2[0] -> 3[0] [receive] via NET/IB/1
srv4:75:89 [0] NCCL INFO New proxy recv connection 8 from local rank 0, transport 2
srv4:75:75 [0] NCCL INFO Connected to proxy localRank 0 -> connection 0xe0df6c0053b0
srv4:75:75 [0] NCCL INFO Channel 08/0 : 2[0] -> 3[0] [receive] via NET/IB/0
srv4:75:89 [0] NCCL INFO New proxy recv connection 9 from local rank 0, transport 2
srv4:75:75 [0] NCCL INFO Connected to proxy localRank 0 -> connection 0xe0df6c005438
srv4:75:75 [0] NCCL INFO Channel 09/0 : 2[0] -> 3[0] [receive] via NET/IB/1
srv4:75:89 [0] NCCL INFO New proxy recv connection 10 from local rank 0, transport 2
srv4:75:75 [0] NCCL INFO Connected to proxy localRank 0 -> connection 0xe0df6c0054c0
srv4:75:75 [0] NCCL INFO Channel 10/0 : 2[0] -> 3[0] [receive] via NET/IB/0
srv4:75:89 [0] NCCL INFO New proxy recv connection 11 from local rank 0, transport 2
srv4:75:75 [0] NCCL INFO Connected to proxy localRank 0 -> connection 0xe0df6c005548
srv4:75:75 [0] NCCL INFO Channel 11/0 : 2[0] -> 3[0] [receive] via NET/IB/1
srv4:75:89 [0] NCCL INFO New proxy recv connection 12 from local rank 0, transport 2
srv4:75:75 [0] NCCL INFO Connected to proxy localRank 0 -> connection 0xe0df6c0055d0
srv4:75:75 [0] NCCL INFO Channel 12/0 : 2[0] -> 3[0] [receive] via NET/IB/0
srv4:75:89 [0] NCCL INFO New proxy recv connection 13 from local rank 0, transport 2
srv4:75:75 [0] NCCL INFO Connected to proxy localRank 0 -> connection 0xe0df6c005658
srv4:75:75 [0] NCCL INFO Channel 13/0 : 2[0] -> 3[0] [receive] via NET/IB/1
srv4:75:89 [0] NCCL INFO New proxy recv connection 14 from local rank 0, transport 2
srv4:75:75 [0] NCCL INFO Connected to proxy localRank 0 -> connection 0xe0df6c0056e0
srv4:75:75 [0] NCCL INFO Channel 14/0 : 2[0] -> 3[0] [receive] via NET/IB/0
srv4:75:89 [0] NCCL INFO New proxy recv connection 15 from local rank 0, transport 2
srv4:75:75 [0] NCCL INFO Connected to proxy localRank 0 -> connection 0xe0df6c005768
srv4:75:75 [0] NCCL INFO Channel 15/0 : 2[0] -> 3[0] [receive] via NET/IB/1
srv4:75:89 [0] NCCL INFO New proxy send connection 16 from local rank 0, transport 2
srv4:75:75 [0] NCCL INFO Connected to proxy localRank 0 -> connection 0xe0df6c0057f0
srv4:75:75 [0] NCCL INFO Channel 00/0 : 3[0] -> 0[0] [send] via NET/IB/0
srv4:75:89 [0] NCCL INFO New proxy send connection 17 from local rank 0, transport 2
srv4:75:75 [0] NCCL INFO Connected to proxy localRank 0 -> connection 0xe0df6c005878
srv4:75:75 [0] NCCL INFO Channel 01/0 : 3[0] -> 0[0] [send] via NET/IB/1
srv4:75:89 [0] NCCL INFO New proxy send connection 18 from local rank 0, transport 2
srv4:75:75 [0] NCCL INFO Connected to proxy localRank 0 -> connection 0xe0df6c005900
srv4:75:75 [0] NCCL INFO Channel 02/0 : 3[0] -> 0[0] [send] via NET/IB/0
srv4:75:89 [0] NCCL INFO New proxy send connection 19 from local rank 0, transport 2
srv4:75:75 [0] NCCL INFO Connected to proxy localRank 0 -> connection 0xe0df6c005988
srv4:75:75 [0] NCCL INFO Channel 03/0 : 3[0] -> 0[0] [send] via NET/IB/1
srv4:75:89 [0] NCCL INFO New proxy send connection 20 from local rank 0, transport 2
srv4:75:75 [0] NCCL INFO Connected to proxy localRank 0 -> connection 0xe0df6c005a10
srv4:75:75 [0] NCCL INFO Channel 04/0 : 3[0] -> 0[0] [send] via NET/IB/0
srv4:75:89 [0] NCCL INFO New proxy send connection 21 from local rank 0, transport 2
srv4:75:75 [0] NCCL INFO Connected to proxy localRank 0 -> connection 0xe0df6c005a98
srv4:75:75 [0] NCCL INFO Channel 05/0 : 3[0] -> 0[0] [send] via NET/IB/1
srv4:75:89 [0] NCCL INFO New proxy send connection 22 from local rank 0, transport 2
srv4:75:75 [0] NCCL INFO Connected to proxy localRank 0 -> connection 0xe0df6c005b20
srv4:75:75 [0] NCCL INFO Channel 06/0 : 3[0] -> 0[0] [send] via NET/IB/0
srv4:75:89 [0] NCCL INFO New proxy send connection 23 from local rank 0, transport 2
srv4:75:75 [0] NCCL INFO Connected to proxy localRank 0 -> connection 0xe0df6c005ba8
srv4:75:75 [0] NCCL INFO Channel 07/0 : 3[0] -> 0[0] [send] via NET/IB/1
srv4:75:89 [0] NCCL INFO New proxy send connection 24 from local rank 0, transport 2
srv4:75:75 [0] NCCL INFO Connected to proxy localRank 0 -> connection 0xe0df6c005c30
srv4:75:75 [0] NCCL INFO Channel 08/0 : 3[0] -> 0[0] [send] via NET/IB/0
srv4:75:89 [0] NCCL INFO New proxy send connection 25 from local rank 0, transport 2
srv4:75:75 [0] NCCL INFO Connected to proxy localRank 0 -> connection 0xe0df6c005cb8
srv4:75:75 [0] NCCL INFO Channel 09/0 : 3[0] -> 0[0] [send] via NET/IB/1
srv4:75:89 [0] NCCL INFO New proxy send connection 26 from local rank 0, transport 2
srv4:75:75 [0] NCCL INFO Connected to proxy localRank 0 -> connection 0xe0df6c005d40
srv4:75:75 [0] NCCL INFO Channel 10/0 : 3[0] -> 0[0] [send] via NET/IB/0
srv4:75:89 [0] NCCL INFO New proxy send connection 27 from local rank 0, transport 2
srv4:75:75 [0] NCCL INFO Connected to proxy localRank 0 -> connection 0xe0df6c005dc8
srv4:75:75 [0] NCCL INFO Channel 11/0 : 3[0] -> 0[0] [send] via NET/IB/1
srv4:75:89 [0] NCCL INFO New proxy send connection 28 from local rank 0, transport 2
srv4:75:75 [0] NCCL INFO Connected to proxy localRank 0 -> connection 0xe0df6c005e50
srv4:75:75 [0] NCCL INFO Channel 12/0 : 3[0] -> 0[0] [send] via NET/IB/0
srv4:75:89 [0] NCCL INFO New proxy send connection 29 from local rank 0, transport 2
srv4:75:75 [0] NCCL INFO Connected to proxy localRank 0 -> connection 0xe0df6c005ed8
srv4:75:75 [0] NCCL INFO Channel 13/0 : 3[0] -> 0[0] [send] via NET/IB/1
srv4:75:89 [0] NCCL INFO New proxy send connection 30 from local rank 0, transport 2
srv4:75:75 [0] NCCL INFO Connected to proxy localRank 0 -> connection 0xe0df6c005f60
srv4:75:75 [0] NCCL INFO Channel 14/0 : 3[0] -> 0[0] [send] via NET/IB/0
srv4:75:89 [0] NCCL INFO New proxy send connection 31 from local rank 0, transport 2
srv4:75:75 [0] NCCL INFO Connected to proxy localRank 0 -> connection 0xe0df6c005fe8
srv4:75:75 [0] NCCL INFO Channel 15/0 : 3[0] -> 0[0] [send] via NET/IB/1
srv4:75:89 [0] NCCL INFO NET/IB: ncclIbResiliencyInit: Resiliency is disabled on the send communicator (comm=0xe0df6c018000)
srv4:75:89 [0] NCCL INFO NET/IB: ncclIbResiliencyInit: Resiliency is disabled on the recv communicator (comm=0xe0df6c053000)
srv4:75:89 [0] NCCL INFO NET/IB: ncclIbRecvCommInit: Receive work requests will be posted on-demand
srv4:75:89 [0] NCCL INFO NET/IB: ncclIbResiliencyInit: Resiliency is disabled on the send communicator (comm=0xe0df6c092000)
srv4:75:89 [0] NCCL INFO NET/IB: ncclIbResiliencyInit: Resiliency is disabled on the recv communicator (comm=0xe0df6c0cd000)
srv4:75:89 [0] NCCL INFO NET/IB: ncclIbRecvCommInit: Receive work requests will be posted on-demand
srv4:75:89 [0] NCCL INFO NET/IB: ncclIbResiliencyInit: Resiliency is disabled on the send communicator (comm=0xe0df6c10c000)
srv4:75:89 [0] NCCL INFO NET/IB: ncclIbResiliencyInit: Resiliency is disabled on the recv communicator (comm=0xe0df6c147000)
srv4:75:89 [0] NCCL INFO NET/IB: ncclIbRecvCommInit: Receive work requests will be posted on-demand
srv4:75:89 [0] NCCL INFO NET/IB: ncclIbResiliencyInit: Resiliency is disabled on the send communicator (comm=0xe0df6c186000)
srv4:75:89 [0] NCCL INFO NET/IB: ncclIbResiliencyInit: Resiliency is disabled on the recv communicator (comm=0xe0df6c1c1000)
srv4:75:89 [0] NCCL INFO NET/IB: ncclIbRecvCommInit: Receive work requests will be posted on-demand
srv4:75:89 [0] NCCL INFO NET/IB: ncclIbResiliencyInit: Resiliency is disabled on the send communicator (comm=0xe0df6c200000)
srv4:75:89 [0] NCCL INFO NET/IB: ncclIbSenderQpsCreate: QP created: port=1 dev=0 devName=rocep1s0f0 ndevs=2 nmdevs=2 qp_num=2012 pkey=0 pd=0xe0df6c08fc30
srv4:75:89 [0] NCCL INFO NET/IB: ncclIbConnect: NCCL Dev 0 IbDev 0 Port 1 qp_num 2012 mtu 5 GID 3 (0/40A0A0AFFFF0000) ctsFifoRkey=0x176923 ctsFifoLkey=0x176923
srv4:75:89 [0] NCCL INFO NET/IB: ncclIbConnect: IbDev 0 Port 1 qp_num 2012 query_ece={supported=1, vendor_id=0x15b3, options=0x30000002, comp_mask=0x0}
srv4:75:89 [0] NCCL INFO NET/IB: ncclIbReceiverQpsCreateToRts: QP created: port=1 dev=0 devName=rocep1s0f0 ndevs=2 nmdevs=2 qp_num=2013 pkey=0 pd=0xe0df6c08fc30
srv4:75:89 [0] NCCL INFO NET/IB: ncclIbReceiverQpsCreateToRts: QP created: port=1 dev=0 devName=rocep1s0f0 ndevs=2 nmdevs=2 qp_num=2014 pkey=0 pd=0xe0df6c08fc30
srv4:75:89 [0] NCCL INFO NET/IB: ncclIbSenderQpsCreate: QP created: port=1 dev=1 devName=roceP2p1s0f0 ndevs=2 nmdevs=2 qp_num=2134 pkey=0 pd=0xe0df6c24d8e0
srv4:75:89 [0] NCCL INFO NET/IB: ncclIbConnect: NCCL Dev 1 IbDev 1 Port 1 qp_num 2134 mtu 5 GID 3 (0/40B0A0AFFFF0000) ctsFifoRkey=0x169391 ctsFifoLkey=0x169391
srv4:75:89 [0] NCCL INFO NET/IB: ncclIbConnect: IbDev 1 Port 1 qp_num 2134 query_ece={supported=1, vendor_id=0x15b3, options=0x30000002, comp_mask=0x0}
srv4:75:89 [0] NCCL INFO NET/IB: ncclIbReceiverQpsCreateToRts: QP created: port=1 dev=1 devName=roceP2p1s0f0 ndevs=2 nmdevs=2 qp_num=2135 pkey=0 pd=0xe0df6c24d8e0
srv4:75:89 [0] NCCL INFO NET/IB: ncclIbReceiverQpsCreateToRts: QP created: port=1 dev=1 devName=roceP2p1s0f0 ndevs=2 nmdevs=2 qp_num=2136 pkey=0 pd=0xe0df6c24d8e0
srv4:75:89 [0] NCCL INFO NET/IB: ncclIbResiliencyInit: Resiliency is disabled on the recv communicator (comm=0xe0df6c354000)
srv4:75:89 [0] NCCL INFO NET/IB: ncclIbRecvCommInit: Receive work requests will be posted on-demand
srv4:75:89 [0] NCCL INFO NET/IB: ncclIbSenderQpsToRts: Set ECE: IbDev 0 Port 1 qp_num 2012 set_ece={supported=1, vendor_id=0x15b3, options=0x30000002, comp_mask=0x0}
srv4:75:89 [0] NCCL INFO NET/IB: ncclIbSenderQpsToRts: Set ECE: IbDev 1 Port 1 qp_num 2134 set_ece={supported=1, vendor_id=0x15b3, options=0x30000002, comp_mask=0x0}
srv4:75:89 [0] NCCL INFO NET/IB: ncclIbSenderQpsCreate: QP created: port=1 dev=0 devName=rocep1s0f0 ndevs=2 nmdevs=2 qp_num=2015 pkey=0 pd=0xe0df6c08fc30
srv4:75:89 [0] NCCL INFO NET/IB: ncclIbConnect: NCCL Dev 0 IbDev 0 Port 1 qp_num 2015 mtu 5 GID 3 (0/40A0A0AFFFF0000) ctsFifoRkey=0x16d997 ctsFifoLkey=0x16d997
srv4:75:89 [0] NCCL INFO NET/IB: ncclIbConnect: IbDev 0 Port 1 qp_num 2015 query_ece={supported=1, vendor_id=0x15b3, options=0x30000002, comp_mask=0x0}
srv4:75:89 [0] NCCL INFO NET/IB: ncclIbResiliencyInit: Resiliency is disabled on the send communicator (comm=0xe0df6c3c1000)
srv4:75:89 [0] NCCL INFO NET/IB: ncclIbResiliencyInit: Resiliency is disabled on the recv communicator (comm=0xe0df6c3fa000)
srv4:75:89 [0] NCCL INFO NET/IB: ncclIbRecvCommInit: Receive work requests will be posted on-demand
srv4:75:89 [0] NCCL INFO NET/IB: ncclIbResiliencyInit: Resiliency is disabled on the send communicator (comm=0xe0df6c439000)
srv4:75:89 [0] NCCL INFO NET/IB: ncclIbResiliencyInit: Resiliency is disabled on the recv communicator (comm=0xe0df6c474000)
srv4:75:89 [0] NCCL INFO NET/IB: ncclIbRecvCommInit: Receive work requests will be posted on-demand
srv4:75:89 [0] NCCL INFO NET/IB: ncclIbResiliencyInit: Resiliency is disabled on the send communicator (comm=0xe0df6c4b3000)
srv4:75:89 [0] NCCL INFO NET/IB: ncclIbResiliencyInit: Resiliency is disabled on the recv communicator (comm=0xe0df6c4ee000)
srv4:75:89 [0] NCCL INFO NET/IB: ncclIbRecvCommInit: Receive work requests will be posted on-demand
srv4:75:89 [0] NCCL INFO NET/IB: ncclIbResiliencyInit: Resiliency is disabled on the send communicator (comm=0xe0df6c52d000)
srv4:75:89 [0] NCCL INFO NET/IB: ncclIbResiliencyInit: Resiliency is disabled on the recv communicator (comm=0xe0df6c568000)
srv4:75:89 [0] NCCL INFO NET/IB: ncclIbRecvCommInit: Receive work requests will be posted on-demand
srv4:75:89 [0] NCCL INFO NET/IB: ncclIbResiliencyInit: Resiliency is disabled on the send communicator (comm=0xe0df6c5a7000)
srv4:75:89 [0] NCCL INFO NET/IB: ncclIbResiliencyInit: Resiliency is disabled on the recv communicator (comm=0xe0df6c5e2000)
srv4:75:89 [0] NCCL INFO NET/IB: ncclIbRecvCommInit: Receive work requests will be posted on-demand
srv4:75:89 [0] NCCL INFO NET/IB: ncclIbResiliencyInit: Resiliency is disabled on the send communicator (comm=0xe0df6c621000)
srv4:75:89 [0] NCCL INFO NET/IB: ncclIbResiliencyInit: Resiliency is disabled on the recv communicator (comm=0xe0df6c65c000)
srv4:75:89 [0] NCCL INFO NET/IB: ncclIbRecvCommInit: Receive work requests will be posted on-demand
srv4:75:89 [0] NCCL INFO NET/IB: ncclIbResiliencyInit: Resiliency is disabled on the send communicator (comm=0xe0df6c69b000)
srv4:75:89 [0] NCCL INFO NET/IB: ncclIbResiliencyInit: Resiliency is disabled on the recv communicator (comm=0xe0df6c6d6000)
srv4:75:89 [0] NCCL INFO NET/IB: ncclIbRecvCommInit: Receive work requests will be posted on-demand
srv4:75:89 [0] NCCL INFO NET/IB: ncclIbResiliencyInit: Resiliency is disabled on the send communicator (comm=0xe0df6c715000)
srv4:75:89 [0] NCCL INFO NET/IB: ncclIbReceiverQpsCreateToRts: QP created: port=1 dev=0 devName=rocep1s0f0 ndevs=2 nmdevs=2 qp_num=2016 pkey=0 pd=0xe0df6c08fc30
srv4:75:89 [0] NCCL INFO NET/IB: ncclIbReceiverQpsCreateToRts: QP created: port=1 dev=0 devName=rocep1s0f0 ndevs=2 nmdevs=2 qp_num=2017 pkey=0 pd=0xe0df6c08fc30
srv4:75:89 [0] NCCL INFO NET/IB: ncclIbResiliencyInit: Resiliency is disabled on the recv communicator (comm=0xe0df6c7a1000)
srv4:75:89 [0] NCCL INFO NET/IB: ncclIbRecvCommInit: Receive work requests will be posted on-demand
srv4:75:89 [0] NCCL INFO NET/IB: ncclIbResiliencyInit: Resiliency is disabled on the send communicator (comm=0xe0df6c7e0000)
srv4:75:89 [0] NCCL INFO NET/IB: ncclIbResiliencyInit: Resiliency is disabled on the recv communicator (comm=0xe0df6c81b000)
srv4:75:89 [0] NCCL INFO NET/IB: ncclIbRecvCommInit: Receive work requests will be posted on-demand
srv4:75:89 [0] NCCL INFO NET/IB: ncclIbResiliencyInit: Resiliency is disabled on the send communicator (comm=0xe0df6c85a000)
srv4:75:89 [0] NCCL INFO NET/IB: ncclIbResiliencyInit: Resiliency is disabled on the recv communicator (comm=0xe0df6c895000)
srv4:75:89 [0] NCCL INFO NET/IB: ncclIbRecvCommInit: Receive work requests will be posted on-demand
srv4:75:89 [0] NCCL INFO NET/IB: ncclIbResiliencyInit: Resiliency is disabled on the send communicator (comm=0xe0df6c8d4000)
srv4:75:89 [0] NCCL INFO NET/IB: ncclIbResiliencyInit: Resiliency is disabled on the recv communicator (comm=0xe0df6c90f000)
srv4:75:89 [0] NCCL INFO NET/IB: ncclIbRecvCommInit: Receive work requests will be posted on-demand
srv4:75:89 [0] NCCL INFO NET/IB: ncclIbReceiverQpsCreateToRts: QP created: port=1 dev=1 devName=roceP2p1s0f0 ndevs=2 nmdevs=2 qp_num=2137 pkey=0 pd=0xe0df6c24d8e0
srv4:75:89 [0] NCCL INFO NET/IB: ncclIbReceiverQpsCreateToRts: QP created: port=1 dev=1 devName=roceP2p1s0f0 ndevs=2 nmdevs=2 qp_num=2138 pkey=0 pd=0xe0df6c24d8e0
srv4:75:89 [0] NCCL INFO NET/IB: ncclIbReceiverQpsCreateToRts: QP created: port=1 dev=0 devName=rocep1s0f0 ndevs=2 nmdevs=2 qp_num=2018 pkey=0 pd=0xe0df6c08fc30
srv4:75:89 [0] NCCL INFO NET/IB: ncclIbReceiverQpsCreateToRts: QP created: port=1 dev=0 devName=rocep1s0f0 ndevs=2 nmdevs=2 qp_num=2019 pkey=0 pd=0xe0df6c08fc30
srv4:75:89 [0] NCCL INFO NET/IB: ncclIbReceiverQpsCreateToRts: QP created: port=1 dev=1 devName=roceP2p1s0f0 ndevs=2 nmdevs=2 qp_num=2139 pkey=0 pd=0xe0df6c24d8e0
srv4:75:89 [0] NCCL INFO NET/IB: ncclIbReceiverQpsCreateToRts: QP created: port=1 dev=1 devName=roceP2p1s0f0 ndevs=2 nmdevs=2 qp_num=2140 pkey=0 pd=0xe0df6c24d8e0
srv4:75:89 [0] NCCL INFO NET/IB: ncclIbSenderQpsToRts: Set ECE: IbDev 0 Port 1 qp_num 2015 set_ece={supported=1, vendor_id=0x15b3, options=0x30000002, comp_mask=0x0}
srv4:75:89 [0] NCCL INFO NET/IB: ncclIbSenderQpsCreate: QP created: port=1 dev=1 devName=roceP2p1s0f0 ndevs=2 nmdevs=2 qp_num=2141 pkey=0 pd=0xe0df6c24d8e0
srv4:75:89 [0] NCCL INFO NET/IB: ncclIbConnect: NCCL Dev 1 IbDev 1 Port 1 qp_num 2141 mtu 5 GID 3 (0/40B0A0AFFFF0000) ctsFifoRkey=0x16aba9 ctsFifoLkey=0x16aba9
srv4:75:89 [0] NCCL INFO NET/IB: ncclIbConnect: IbDev 1 Port 1 qp_num 2141 query_ece={supported=1, vendor_id=0x15b3, options=0x30000002, comp_mask=0x0}
srv4:75:89 [0] NCCL INFO NET/IB: ncclIbSenderQpsCreate: QP created: port=1 dev=0 devName=rocep1s0f0 ndevs=2 nmdevs=2 qp_num=2020 pkey=0 pd=0xe0df6c08fc30
srv4:75:89 [0] NCCL INFO NET/IB: ncclIbConnect: NCCL Dev 0 IbDev 0 Port 1 qp_num 2020 mtu 5 GID 3 (0/40A0A0AFFFF0000) ctsFifoRkey=0x1adf88 ctsFifoLkey=0x1adf88
srv4:75:89 [0] NCCL INFO NET/IB: ncclIbConnect: IbDev 0 Port 1 qp_num 2020 query_ece={supported=1, vendor_id=0x15b3, options=0x30000002, comp_mask=0x0}
srv4:75:89 [0] NCCL INFO NET/IB: ncclIbSenderQpsCreate: QP created: port=1 dev=1 devName=roceP2p1s0f0 ndevs=2 nmdevs=2 qp_num=2142 pkey=0 pd=0xe0df6c24d8e0
srv4:75:89 [0] NCCL INFO NET/IB: ncclIbConnect: NCCL Dev 1 IbDev 1 Port 1 qp_num 2142 mtu 5 GID 3 (0/40B0A0AFFFF0000) ctsFifoRkey=0x15dad9 ctsFifoLkey=0x15dad9
srv4:75:89 [0] NCCL INFO NET/IB: ncclIbConnect: IbDev 1 Port 1 qp_num 2142 query_ece={supported=1, vendor_id=0x15b3, options=0x30000002, comp_mask=0x0}
srv4:75:89 [0] NCCL INFO NET/IB: ncclIbSenderQpsCreate: QP created: port=1 dev=0 devName=rocep1s0f0 ndevs=2 nmdevs=2 qp_num=2021 pkey=0 pd=0xe0df6c08fc30
srv4:75:89 [0] NCCL INFO NET/IB: ncclIbConnect: NCCL Dev 0 IbDev 0 Port 1 qp_num 2021 mtu 5 GID 3 (0/40A0A0AFFFF0000) ctsFifoRkey=0x14c07e ctsFifoLkey=0x14c07e
srv4:75:89 [0] NCCL INFO NET/IB: ncclIbConnect: IbDev 0 Port 1 qp_num 2021 query_ece={supported=1, vendor_id=0x15b3, options=0x30000002, comp_mask=0x0}
srv4:75:89 [0] NCCL INFO NET/IB: ncclIbReceiverQpsCreateToRts: QP created: port=1 dev=0 devName=rocep1s0f0 ndevs=2 nmdevs=2 qp_num=2022 pkey=0 pd=0xe0df6c08fc30
srv4:75:89 [0] NCCL INFO NET/IB: ncclIbReceiverQpsCreateToRts: QP created: port=1 dev=0 devName=rocep1s0f0 ndevs=2 nmdevs=2 qp_num=2023 pkey=0 pd=0xe0df6c08fc30
srv4:75:89 [0] NCCL INFO NET/IB: ncclIbSenderQpsCreate: QP created: port=1 dev=1 devName=roceP2p1s0f0 ndevs=2 nmdevs=2 qp_num=2143 pkey=0 pd=0xe0df6c24d8e0
srv4:75:89 [0] NCCL INFO NET/IB: ncclIbConnect: NCCL Dev 1 IbDev 1 Port 1 qp_num 2143 mtu 5 GID 3 (0/40B0A0AFFFF0000) ctsFifoRkey=0x15f2f0 ctsFifoLkey=0x15f2f0
srv4:75:89 [0] NCCL INFO NET/IB: ncclIbConnect: IbDev 1 Port 1 qp_num 2143 query_ece={supported=1, vendor_id=0x15b3, options=0x30000002, comp_mask=0x0}
srv4:75:89 [0] NCCL INFO NET/IB: ncclIbSenderQpsToRts: Set ECE: IbDev 1 Port 1 qp_num 2141 set_ece={supported=1, vendor_id=0x15b3, options=0x30000002, comp_mask=0x0}
srv4:75:89 [0] NCCL INFO NET/IB: ncclIbSenderQpsToRts: Set ECE: IbDev 0 Port 1 qp_num 2020 set_ece={supported=1, vendor_id=0x15b3, options=0x30000002, comp_mask=0x0}
srv4:75:89 [0] NCCL INFO NET/IB: ncclIbSenderQpsToRts: Set ECE: IbDev 1 Port 1 qp_num 2142 set_ece={supported=1, vendor_id=0x15b3, options=0x30000002, comp_mask=0x0}
srv4:75:89 [0] NCCL INFO NET/IB: ncclIbSenderQpsToRts: Set ECE: IbDev 0 Port 1 qp_num 2021 set_ece={supported=1, vendor_id=0x15b3, options=0x30000002, comp_mask=0x0}
srv4:75:89 [0] NCCL INFO NET/IB: ncclIbSenderQpsToRts: Set ECE: IbDev 1 Port 1 qp_num 2143 set_ece={supported=1, vendor_id=0x15b3, options=0x30000002, comp_mask=0x0}
srv4:75:89 [0] NCCL INFO NET/IB: ncclIbReceiverQpsCreateToRts: QP created: port=1 dev=1 devName=roceP2p1s0f0 ndevs=2 nmdevs=2 qp_num=2144 pkey=0 pd=0xe0df6c24d8e0
srv4:75:89 [0] NCCL INFO NET/IB: ncclIbReceiverQpsCreateToRts: QP created: port=1 dev=1 devName=roceP2p1s0f0 ndevs=2 nmdevs=2 qp_num=2145 pkey=0 pd=0xe0df6c24d8e0
srv4:75:89 [0] NCCL INFO NET/IB: ncclIbReceiverQpsCreateToRts: QP created: port=1 dev=1 devName=roceP2p1s0f0 ndevs=2 nmdevs=2 qp_num=2146 pkey=0 pd=0xe0df6c24d8e0
srv4:75:89 [0] NCCL INFO NET/IB: ncclIbReceiverQpsCreateToRts: QP created: port=1 dev=1 devName=roceP2p1s0f0 ndevs=2 nmdevs=2 qp_num=2147 pkey=0 pd=0xe0df6c24d8e0
srv4:75:89 [0] NCCL INFO NET/IB: ncclIbReceiverQpsCreateToRts: QP created: port=1 dev=0 devName=rocep1s0f0 ndevs=2 nmdevs=2 qp_num=2024 pkey=0 pd=0xe0df6c08fc30
srv4:75:89 [0] NCCL INFO NET/IB: ncclIbReceiverQpsCreateToRts: QP created: port=1 dev=0 devName=rocep1s0f0 ndevs=2 nmdevs=2 qp_num=2025 pkey=0 pd=0xe0df6c08fc30
srv4:75:89 [0] NCCL INFO NET/IB: ncclIbSenderQpsCreate: QP created: port=1 dev=0 devName=rocep1s0f0 ndevs=2 nmdevs=2 qp_num=2026 pkey=0 pd=0xe0df6c08fc30
srv4:75:89 [0] NCCL INFO NET/IB: ncclIbConnect: NCCL Dev 0 IbDev 0 Port 1 qp_num 2026 mtu 5 GID 3 (0/40A0A0AFFFF0000) ctsFifoRkey=0x17d593 ctsFifoLkey=0x17d593
srv4:75:89 [0] NCCL INFO NET/IB: ncclIbConnect: IbDev 0 Port 1 qp_num 2026 query_ece={supported=1, vendor_id=0x15b3, options=0x30000002, comp_mask=0x0}
srv4:75:89 [0] NCCL INFO NET/IB: ncclIbSenderQpsCreate: QP created: port=1 dev=1 devName=roceP2p1s0f0 ndevs=2 nmdevs=2 qp_num=2148 pkey=0 pd=0xe0df6c24d8e0
srv4:75:89 [0] NCCL INFO NET/IB: ncclIbConnect: NCCL Dev 1 IbDev 1 Port 1 qp_num 2148 mtu 5 GID 3 (0/40B0A0AFFFF0000) ctsFifoRkey=0x15cfc9 ctsFifoLkey=0x15cfc9
srv4:75:89 [0] NCCL INFO NET/IB: ncclIbConnect: IbDev 1 Port 1 qp_num 2148 query_ece={supported=1, vendor_id=0x15b3, options=0x30000002, comp_mask=0x0}
srv4:75:89 [0] NCCL INFO NET/IB: ncclIbReceiverQpsCreateToRts: QP created: port=1 dev=1 devName=roceP2p1s0f0 ndevs=2 nmdevs=2 qp_num=2149 pkey=0 pd=0xe0df6c24d8e0
srv4:75:89 [0] NCCL INFO NET/IB: ncclIbReceiverQpsCreateToRts: QP created: port=1 dev=1 devName=roceP2p1s0f0 ndevs=2 nmdevs=2 qp_num=2150 pkey=0 pd=0xe0df6c24d8e0
srv4:75:89 [0] NCCL INFO NET/IB: ncclIbSenderQpsToRts: Set ECE: IbDev 0 Port 1 qp_num 2026 set_ece={supported=1, vendor_id=0x15b3, options=0x30000002, comp_mask=0x0}
srv4:75:89 [0] NCCL INFO NET/IB: ncclIbSenderQpsToRts: Set ECE: IbDev 1 Port 1 qp_num 2148 set_ece={supported=1, vendor_id=0x15b3, options=0x30000002, comp_mask=0x0}
srv4:75:89 [0] NCCL INFO NET/IB: ncclIbSenderQpsCreate: QP created: port=1 dev=0 devName=rocep1s0f0 ndevs=2 nmdevs=2 qp_num=2027 pkey=0 pd=0xe0df6c08fc30
srv4:75:89 [0] NCCL INFO NET/IB: ncclIbConnect: NCCL Dev 0 IbDev 0 Port 1 qp_num 2027 mtu 5 GID 3 (0/40A0A0AFFFF0000) ctsFifoRkey=0x17ce8b ctsFifoLkey=0x17ce8b
srv4:75:89 [0] NCCL INFO NET/IB: ncclIbConnect: IbDev 0 Port 1 qp_num 2027 query_ece={supported=1, vendor_id=0x15b3, options=0x30000002, comp_mask=0x0}
srv4:75:89 [0] NCCL INFO NET/IB: ncclIbReceiverQpsCreateToRts: QP created: port=1 dev=0 devName=rocep1s0f0 ndevs=2 nmdevs=2 qp_num=2028 pkey=0 pd=0xe0df6c08fc30
srv4:75:89 [0] NCCL INFO NET/IB: ncclIbReceiverQpsCreateToRts: QP created: port=1 dev=0 devName=rocep1s0f0 ndevs=2 nmdevs=2 qp_num=2029 pkey=0 pd=0xe0df6c08fc30
srv4:75:89 [0] NCCL INFO NET/IB: ncclIbSenderQpsCreate: QP created: port=1 dev=1 devName=roceP2p1s0f0 ndevs=2 nmdevs=2 qp_num=2151 pkey=0 pd=0xe0df6c24d8e0
srv4:75:89 [0] NCCL INFO NET/IB: ncclIbConnect: NCCL Dev 1 IbDev 1 Port 1 qp_num 2151 mtu 5 GID 3 (0/40B0A0AFFFF0000) ctsFifoRkey=0x163734 ctsFifoLkey=0x163734
srv4:75:89 [0] NCCL INFO NET/IB: ncclIbConnect: IbDev 1 Port 1 qp_num 2151 query_ece={supported=1, vendor_id=0x15b3, options=0x30000002, comp_mask=0x0}
srv4:75:89 [0] NCCL INFO NET/IB: ncclIbSenderQpsCreate: QP created: port=1 dev=0 devName=rocep1s0f0 ndevs=2 nmdevs=2 qp_num=2030 pkey=0 pd=0xe0df6c08fc30
srv4:75:89 [0] NCCL INFO NET/IB: ncclIbConnect: NCCL Dev 0 IbDev 0 Port 1 qp_num 2030 mtu 5 GID 3 (0/40A0A0AFFFF0000) ctsFifoRkey=0x177635 ctsFifoLkey=0x177635
srv4:75:89 [0] NCCL INFO NET/IB: ncclIbConnect: IbDev 0 Port 1 qp_num 2030 query_ece={supported=1, vendor_id=0x15b3, options=0x30000002, comp_mask=0x0}
srv4:75:89 [0] NCCL INFO NET/IB: ncclIbSenderQpsToRts: Set ECE: IbDev 0 Port 1 qp_num 2027 set_ece={supported=1, vendor_id=0x15b3, options=0x30000002, comp_mask=0x0}
srv4:75:89 [0] NCCL INFO NET/IB: ncclIbSenderQpsToRts: Set ECE: IbDev 1 Port 1 qp_num 2151 set_ece={supported=1, vendor_id=0x15b3, options=0x30000002, comp_mask=0x0}
srv4:75:89 [0] NCCL INFO NET/IB: ncclIbSenderQpsToRts: Set ECE: IbDev 0 Port 1 qp_num 2030 set_ece={supported=1, vendor_id=0x15b3, options=0x30000002, comp_mask=0x0}
srv4:75:89 [0] NCCL INFO NET/IB: ncclIbReceiverQpsCreateToRts: QP created: port=1 dev=0 devName=rocep1s0f0 ndevs=2 nmdevs=2 qp_num=2031 pkey=0 pd=0xe0df6c08fc30
srv4:75:89 [0] NCCL INFO NET/IB: ncclIbReceiverQpsCreateToRts: QP created: port=1 dev=0 devName=rocep1s0f0 ndevs=2 nmdevs=2 qp_num=2032 pkey=0 pd=0xe0df6c08fc30
srv4:75:89 [0] NCCL INFO NET/IB: ncclIbReceiverQpsCreateToRts: QP created: port=1 dev=1 devName=roceP2p1s0f0 ndevs=2 nmdevs=2 qp_num=2152 pkey=0 pd=0xe0df6c24d8e0
srv4:75:89 [0] NCCL INFO NET/IB: ncclIbReceiverQpsCreateToRts: QP created: port=1 dev=1 devName=roceP2p1s0f0 ndevs=2 nmdevs=2 qp_num=2153 pkey=0 pd=0xe0df6c24d8e0
srv4:75:89 [0] NCCL INFO NET/IB: ncclIbReceiverQpsCreateToRts: QP created: port=1 dev=0 devName=rocep1s0f0 ndevs=2 nmdevs=2 qp_num=2033 pkey=0 pd=0xe0df6c08fc30
srv4:75:89 [0] NCCL INFO NET/IB: ncclIbReceiverQpsCreateToRts: QP created: port=1 dev=0 devName=rocep1s0f0 ndevs=2 nmdevs=2 qp_num=2034 pkey=0 pd=0xe0df6c08fc30
srv4:75:89 [0] NCCL INFO NET/IB: ncclIbReceiverQpsCreateToRts: QP created: port=1 dev=1 devName=roceP2p1s0f0 ndevs=2 nmdevs=2 qp_num=2154 pkey=0 pd=0xe0df6c24d8e0
srv4:75:89 [0] NCCL INFO NET/IB: ncclIbReceiverQpsCreateToRts: QP created: port=1 dev=1 devName=roceP2p1s0f0 ndevs=2 nmdevs=2 qp_num=2155 pkey=0 pd=0xe0df6c24d8e0
srv4:75:89 [0] NCCL INFO NET/IB: ncclIbSenderQpsCreate: QP created: port=1 dev=1 devName=roceP2p1s0f0 ndevs=2 nmdevs=2 qp_num=2156 pkey=0 pd=0xe0df6c24d8e0
srv4:75:89 [0] NCCL INFO NET/IB: ncclIbConnect: NCCL Dev 1 IbDev 1 Port 1 qp_num 2156 mtu 5 GID 3 (0/40B0A0AFFFF0000) ctsFifoRkey=0x119d9d ctsFifoLkey=0x119d9d
srv4:75:89 [0] NCCL INFO NET/IB: ncclIbConnect: IbDev 1 Port 1 qp_num 2156 query_ece={supported=1, vendor_id=0x15b3, options=0x30000002, comp_mask=0x0}
srv4:75:89 [0] NCCL INFO NET/IB: ncclIbSenderQpsCreate: QP created: port=1 dev=0 devName=rocep1s0f0 ndevs=2 nmdevs=2 qp_num=2035 pkey=0 pd=0xe0df6c08fc30
srv4:75:89 [0] NCCL INFO NET/IB: ncclIbConnect: NCCL Dev 0 IbDev 0 Port 1 qp_num 2035 mtu 5 GID 3 (0/40A0A0AFFFF0000) ctsFifoRkey=0x1803c0 ctsFifoLkey=0x1803c0
srv4:75:89 [0] NCCL INFO NET/IB: ncclIbConnect: IbDev 0 Port 1 qp_num 2035 query_ece={supported=1, vendor_id=0x15b3, options=0x30000002, comp_mask=0x0}
srv4:75:89 [0] NCCL INFO NET/IB: ncclIbSenderQpsToRts: Set ECE: IbDev 1 Port 1 qp_num 2156 set_ece={supported=1, vendor_id=0x15b3, options=0x30000002, comp_mask=0x0}
srv4:75:89 [0] NCCL INFO NET/IB: ncclIbSenderQpsToRts: Set ECE: IbDev 0 Port 1 qp_num 2035 set_ece={supported=1, vendor_id=0x15b3, options=0x30000002, comp_mask=0x0}
srv4:75:89 [0] NCCL INFO NET/IB: ncclIbSenderQpsCreate: QP created: port=1 dev=1 devName=roceP2p1s0f0 ndevs=2 nmdevs=2 qp_num=2157 pkey=0 pd=0xe0df6c24d8e0
srv4:75:89 [0] NCCL INFO NET/IB: ncclIbConnect: NCCL Dev 1 IbDev 1 Port 1 qp_num 2157 mtu 5 GID 3 (0/40B0A0AFFFF0000) ctsFifoRkey=0x16fbf8 ctsFifoLkey=0x16fbf8
srv4:75:89 [0] NCCL INFO NET/IB: ncclIbConnect: IbDev 1 Port 1 qp_num 2157 query_ece={supported=1, vendor_id=0x15b3, options=0x30000002, comp_mask=0x0}
srv4:75:89 [0] NCCL INFO NET/IB: ncclIbSenderQpsToRts: Set ECE: IbDev 1 Port 1 qp_num 2157 set_ece={supported=1, vendor_id=0x15b3, options=0x30000002, comp_mask=0x0}
srv4:75:75 [0] NCCL INFO Connected all rings, use ring PXN 0 GDR 0
srv4:75:89 [0] NCCL INFO New proxy recv connection 32 from local rank 0, transport 2
srv4:75:75 [0] NCCL INFO Connected to proxy localRank 0 -> connection 0xe0df6c006070
srv4:75:75 [0] NCCL INFO Channel 08/0 : 1[0] -> 3[0] [receive] via NET/IB/0
srv4:75:89 [0] NCCL INFO New proxy recv connection 33 from local rank 0, transport 2
srv4:75:75 [0] NCCL INFO Connected to proxy localRank 0 -> connection 0xe0df6c0060f8
srv4:75:75 [0] NCCL INFO Channel 09/0 : 1[0] -> 3[0] [receive] via NET/IB/1
srv4:75:89 [0] NCCL INFO New proxy recv connection 34 from local rank 0, transport 2
srv4:75:75 [0] NCCL INFO Connected to proxy localRank 0 -> connection 0xe0df6c006180
srv4:75:75 [0] NCCL INFO Channel 10/0 : 1[0] -> 3[0] [receive] via NET/IB/0
srv4:75:89 [0] NCCL INFO New proxy recv connection 35 from local rank 0, transport 2
srv4:75:75 [0] NCCL INFO Connected to proxy localRank 0 -> connection 0xe0df6c006208
srv4:75:75 [0] NCCL INFO Channel 11/0 : 1[0] -> 3[0] [receive] via NET/IB/1
srv4:75:89 [0] NCCL INFO New proxy recv connection 36 from local rank 0, transport 2
srv4:75:75 [0] NCCL INFO Connected to proxy localRank 0 -> connection 0xe0df6c006290
srv4:75:75 [0] NCCL INFO Channel 12/0 : 1[0] -> 3[0] [receive] via NET/IB/0
srv4:75:89 [0] NCCL INFO New proxy recv connection 37 from local rank 0, transport 2
srv4:75:75 [0] NCCL INFO Connected to proxy localRank 0 -> connection 0xe0df6c006318
srv4:75:75 [0] NCCL INFO Channel 13/0 : 1[0] -> 3[0] [receive] via NET/IB/1
srv4:75:89 [0] NCCL INFO New proxy recv connection 38 from local rank 0, transport 2
srv4:75:75 [0] NCCL INFO Connected to proxy localRank 0 -> connection 0xe0df6c0063a0
srv4:75:75 [0] NCCL INFO Channel 14/0 : 1[0] -> 3[0] [receive] via NET/IB/0
srv4:75:89 [0] NCCL INFO New proxy recv connection 39 from local rank 0, transport 2
srv4:75:75 [0] NCCL INFO Connected to proxy localRank 0 -> connection 0xe0df6c006428
srv4:75:75 [0] NCCL INFO Channel 15/0 : 1[0] -> 3[0] [receive] via NET/IB/1
srv4:75:89 [0] NCCL INFO New proxy send connection 40 from local rank 0, transport 2
srv4:75:75 [0] NCCL INFO Connected to proxy localRank 0 -> connection 0xe0df6c0064b0
srv4:75:75 [0] NCCL INFO Channel 08/0 : 3[0] -> 1[0] [send] via NET/IB/0
srv4:75:89 [0] NCCL INFO New proxy send connection 41 from local rank 0, transport 2
srv4:75:75 [0] NCCL INFO Connected to proxy localRank 0 -> connection 0xe0df6c006538
srv4:75:75 [0] NCCL INFO Channel 09/0 : 3[0] -> 1[0] [send] via NET/IB/1
srv4:75:89 [0] NCCL INFO New proxy send connection 42 from local rank 0, transport 2
srv4:75:75 [0] NCCL INFO Connected to proxy localRank 0 -> connection 0xe0df6c0065c0
srv4:75:75 [0] NCCL INFO Channel 10/0 : 3[0] -> 1[0] [send] via NET/IB/0
srv4:75:89 [0] NCCL INFO New proxy send connection 43 from local rank 0, transport 2
srv4:75:75 [0] NCCL INFO Connected to proxy localRank 0 -> connection 0xe0df6c006648
srv4:75:75 [0] NCCL INFO Channel 11/0 : 3[0] -> 1[0] [send] via NET/IB/1
srv4:75:89 [0] NCCL INFO New proxy send connection 44 from local rank 0, transport 2
srv4:75:75 [0] NCCL INFO Connected to proxy localRank 0 -> connection 0xe0df6c0066d0
srv4:75:75 [0] NCCL INFO Channel 12/0 : 3[0] -> 1[0] [send] via NET/IB/0
srv4:75:89 [0] NCCL INFO New proxy send connection 45 from local rank 0, transport 2
srv4:75:75 [0] NCCL INFO Connected to proxy localRank 0 -> connection 0xe0df6c006758
srv4:75:75 [0] NCCL INFO Channel 13/0 : 3[0] -> 1[0] [send] via NET/IB/1
srv4:75:89 [0] NCCL INFO New proxy send connection 46 from local rank 0, transport 2
srv4:75:75 [0] NCCL INFO Connected to proxy localRank 0 -> connection 0xe0df6c0067e0
srv4:75:75 [0] NCCL INFO Channel 14/0 : 3[0] -> 1[0] [send] via NET/IB/0
srv4:75:89 [0] NCCL INFO New proxy send connection 47 from local rank 0, transport 2
srv4:75:75 [0] NCCL INFO Connected to proxy localRank 0 -> connection 0xe0df6c006868
srv4:75:75 [0] NCCL INFO Channel 15/0 : 3[0] -> 1[0] [send] via NET/IB/1
srv4:75:89 [0] NCCL INFO New proxy send connection 48 from local rank 0, transport 2
srv4:75:75 [0] NCCL INFO Connected to proxy localRank 0 -> connection 0xe0df6c0068f0
srv4:75:75 [0] NCCL INFO Channel 00/0 : 3[0] -> 2[0] [send] via NET/IB/0
srv4:75:89 [0] NCCL INFO New proxy send connection 49 from local rank 0, transport 2
srv4:75:75 [0] NCCL INFO Connected to proxy localRank 0 -> connection 0xe0df6c006978
srv4:75:75 [0] NCCL INFO Channel 01/0 : 3[0] -> 2[0] [send] via NET/IB/1
srv4:75:89 [0] NCCL INFO New proxy send connection 50 from local rank 0, transport 2
srv4:75:75 [0] NCCL INFO Connected to proxy localRank 0 -> connection 0xe0df6c006a00
srv4:75:75 [0] NCCL INFO Channel 02/0 : 3[0] -> 2[0] [send] via NET/IB/0
srv4:75:89 [0] NCCL INFO New proxy send connection 51 from local rank 0, transport 2
srv4:75:75 [0] NCCL INFO Connected to proxy localRank 0 -> connection 0xe0df6c006a88
srv4:75:75 [0] NCCL INFO Channel 03/0 : 3[0] -> 2[0] [send] via NET/IB/1
srv4:75:89 [0] NCCL INFO New proxy send connection 52 from local rank 0, transport 2
srv4:75:75 [0] NCCL INFO Connected to proxy localRank 0 -> connection 0xe0df6c006b10
srv4:75:75 [0] NCCL INFO Channel 04/0 : 3[0] -> 2[0] [send] via NET/IB/0
srv4:75:89 [0] NCCL INFO New proxy send connection 53 from local rank 0, transport 2
srv4:75:75 [0] NCCL INFO Connected to proxy localRank 0 -> connection 0xe0df6c006b98
srv4:75:75 [0] NCCL INFO Channel 05/0 : 3[0] -> 2[0] [send] via NET/IB/1
srv4:75:89 [0] NCCL INFO New proxy send connection 54 from local rank 0, transport 2
srv4:75:75 [0] NCCL INFO Connected to proxy localRank 0 -> connection 0xe0df6c006c20
srv4:75:75 [0] NCCL INFO Channel 06/0 : 3[0] -> 2[0] [send] via NET/IB/0
srv4:75:89 [0] NCCL INFO New proxy send connection 55 from local rank 0, transport 2
srv4:75:75 [0] NCCL INFO Connected to proxy localRank 0 -> connection 0xe0df6c006ca8
srv4:75:75 [0] NCCL INFO Channel 07/0 : 3[0] -> 2[0] [send] via NET/IB/1
srv4:75:89 [0] NCCL INFO NET/IB: ncclIbResiliencyInit: Resiliency is disabled on the send communicator (comm=0xe0df6cfbc000)
srv4:75:89 [0] NCCL INFO NET/IB: ncclIbResiliencyInit: Resiliency is disabled on the recv communicator (comm=0xe0df6cff5000)
srv4:75:89 [0] NCCL INFO NET/IB: ncclIbRecvCommInit: Receive work requests will be posted on-demand
srv4:75:89 [0] NCCL INFO NET/IB: ncclIbResiliencyInit: Resiliency is disabled on the send communicator (comm=0xe0df6d032000)
srv4:75:89 [0] NCCL INFO NET/IB: ncclIbResiliencyInit: Resiliency is disabled on the recv communicator (comm=0xe0df6d06b000)
srv4:75:89 [0] NCCL INFO NET/IB: ncclIbRecvCommInit: Receive work requests will be posted on-demand
srv4:75:89 [0] NCCL INFO NET/IB: ncclIbResiliencyInit: Resiliency is disabled on the send communicator (comm=0xe0df6d0a8000)
srv4:75:89 [0] NCCL INFO NET/IB: ncclIbResiliencyInit: Resiliency is disabled on the recv communicator (comm=0xe0df6d0e1000)
srv4:75:89 [0] NCCL INFO NET/IB: ncclIbRecvCommInit: Receive work requests will be posted on-demand
srv4:75:89 [0] NCCL INFO NET/IB: ncclIbResiliencyInit: Resiliency is disabled on the send communicator (comm=0xe0df6d120000)
srv4:75:89 [0] NCCL INFO NET/IB: ncclIbResiliencyInit: Resiliency is disabled on the recv communicator (comm=0xe0df6d15b000)
srv4:75:89 [0] NCCL INFO NET/IB: ncclIbRecvCommInit: Receive work requests will be posted on-demand
srv4:75:89 [0] NCCL INFO NET/IB: ncclIbResiliencyInit: Resiliency is disabled on the send communicator (comm=0xe0df6d19a000)
srv4:75:89 [0] NCCL INFO NET/IB: ncclIbSenderQpsCreate: QP created: port=1 dev=0 devName=rocep1s0f0 ndevs=2 nmdevs=2 qp_num=2036 pkey=0 pd=0xe0df6c08fc30
srv4:75:89 [0] NCCL INFO NET/IB: ncclIbConnect: NCCL Dev 0 IbDev 0 Port 1 qp_num 2036 mtu 5 GID 3 (0/40A0A0AFFFF0000) ctsFifoRkey=0x163cfc ctsFifoLkey=0x163cfc
srv4:75:89 [0] NCCL INFO NET/IB: ncclIbConnect: IbDev 0 Port 1 qp_num 2036 query_ece={supported=1, vendor_id=0x15b3, options=0x30000002, comp_mask=0x0}
srv4:75:89 [0] NCCL INFO NET/IB: ncclIbReceiverQpsCreateToRts: QP created: port=1 dev=0 devName=rocep1s0f0 ndevs=2 nmdevs=2 qp_num=2037 pkey=0 pd=0xe0df6c08fc30
srv4:75:89 [0] NCCL INFO NET/IB: ncclIbReceiverQpsCreateToRts: QP created: port=1 dev=0 devName=rocep1s0f0 ndevs=2 nmdevs=2 qp_num=2038 pkey=0 pd=0xe0df6c08fc30
srv4:75:89 [0] NCCL INFO NET/IB: ncclIbSenderQpsCreate: QP created: port=1 dev=1 devName=roceP2p1s0f0 ndevs=2 nmdevs=2 qp_num=2158 pkey=0 pd=0xe0df6c24d8e0
srv4:75:89 [0] NCCL INFO NET/IB: ncclIbConnect: NCCL Dev 1 IbDev 1 Port 1 qp_num 2158 mtu 5 GID 3 (0/40B0A0AFFFF0000) ctsFifoRkey=0x17dbd8 ctsFifoLkey=0x17dbd8
srv4:75:89 [0] NCCL INFO NET/IB: ncclIbConnect: IbDev 1 Port 1 qp_num 2158 query_ece={supported=1, vendor_id=0x15b3, options=0x30000002, comp_mask=0x0}
srv4:75:89 [0] NCCL INFO NET/IB: ncclIbReceiverQpsCreateToRts: QP created: port=1 dev=1 devName=roceP2p1s0f0 ndevs=2 nmdevs=2 qp_num=2159 pkey=0 pd=0xe0df6c24d8e0
srv4:75:89 [0] NCCL INFO NET/IB: ncclIbReceiverQpsCreateToRts: QP created: port=1 dev=1 devName=roceP2p1s0f0 ndevs=2 nmdevs=2 qp_num=2160 pkey=0 pd=0xe0df6c24d8e0
srv4:75:89 [0] NCCL INFO NET/IB: ncclIbSenderQpsCreate: QP created: port=1 dev=0 devName=rocep1s0f0 ndevs=2 nmdevs=2 qp_num=2039 pkey=0 pd=0xe0df6c08fc30
srv4:75:89 [0] NCCL INFO NET/IB: ncclIbConnect: NCCL Dev 0 IbDev 0 Port 1 qp_num 2039 mtu 5 GID 3 (0/40A0A0AFFFF0000) ctsFifoRkey=0x177c38 ctsFifoLkey=0x177c38
srv4:75:89 [0] NCCL INFO NET/IB: ncclIbConnect: IbDev 0 Port 1 qp_num 2039 query_ece={supported=1, vendor_id=0x15b3, options=0x30000002, comp_mask=0x0}
srv4:75:89 [0] NCCL INFO NET/IB: ncclIbResiliencyInit: Resiliency is disabled on the recv communicator (comm=0xe0df6d30b000)
srv4:75:89 [0] NCCL INFO NET/IB: ncclIbRecvCommInit: Receive work requests will be posted on-demand
srv4:75:89 [0] NCCL INFO NET/IB: ncclIbSenderQpsToRts: Set ECE: IbDev 0 Port 1 qp_num 2036 set_ece={supported=1, vendor_id=0x15b3, options=0x30000002, comp_mask=0x0}
srv4:75:89 [0] NCCL INFO NET/IB: ncclIbSenderQpsToRts: Set ECE: IbDev 1 Port 1 qp_num 2158 set_ece={supported=1, vendor_id=0x15b3, options=0x30000002, comp_mask=0x0}
srv4:75:89 [0] NCCL INFO NET/IB: ncclIbSenderQpsToRts: Set ECE: IbDev 0 Port 1 qp_num 2039 set_ece={supported=1, vendor_id=0x15b3, options=0x30000002, comp_mask=0x0}
srv4:75:89 [0] NCCL INFO NET/IB: ncclIbReceiverQpsCreateToRts: QP created: port=1 dev=0 devName=rocep1s0f0 ndevs=2 nmdevs=2 qp_num=2040 pkey=0 pd=0xe0df6c08fc30
srv4:75:89 [0] NCCL INFO NET/IB: ncclIbReceiverQpsCreateToRts: QP created: port=1 dev=0 devName=rocep1s0f0 ndevs=2 nmdevs=2 qp_num=2041 pkey=0 pd=0xe0df6c08fc30
srv4:75:89 [0] NCCL INFO NET/IB: ncclIbSenderQpsCreate: QP created: port=1 dev=1 devName=roceP2p1s0f0 ndevs=2 nmdevs=2 qp_num=2161 pkey=0 pd=0xe0df6c24d8e0
srv4:75:89 [0] NCCL INFO NET/IB: ncclIbConnect: NCCL Dev 1 IbDev 1 Port 1 qp_num 2161 mtu 5 GID 3 (0/40B0A0AFFFF0000) ctsFifoRkey=0x106866 ctsFifoLkey=0x106866
srv4:75:89 [0] NCCL INFO NET/IB: ncclIbConnect: IbDev 1 Port 1 qp_num 2161 query_ece={supported=1, vendor_id=0x15b3, options=0x30000002, comp_mask=0x0}
srv4:75:89 [0] NCCL INFO NET/IB: ncclIbSenderQpsCreate: QP created: port=1 dev=0 devName=rocep1s0f0 ndevs=2 nmdevs=2 qp_num=2042 pkey=0 pd=0xe0df6c08fc30
srv4:75:89 [0] NCCL INFO NET/IB: ncclIbConnect: NCCL Dev 0 IbDev 0 Port 1 qp_num 2042 mtu 5 GID 3 (0/40A0A0AFFFF0000) ctsFifoRkey=0x153ffc ctsFifoLkey=0x153ffc
srv4:75:89 [0] NCCL INFO NET/IB: ncclIbConnect: IbDev 0 Port 1 qp_num 2042 query_ece={supported=1, vendor_id=0x15b3, options=0x30000002, comp_mask=0x0}
srv4:75:89 [0] NCCL INFO NET/IB: ncclIbResiliencyInit: Resiliency is disabled on the send communicator (comm=0xe0df6d3f4000)
srv4:75:89 [0] NCCL INFO NET/IB: ncclIbReceiverQpsCreateToRts: QP created: port=1 dev=1 devName=roceP2p1s0f0 ndevs=2 nmdevs=2 qp_num=2162 pkey=0 pd=0xe0df6c24d8e0
srv4:75:89 [0] NCCL INFO NET/IB: ncclIbReceiverQpsCreateToRts: QP created: port=1 dev=1 devName=roceP2p1s0f0 ndevs=2 nmdevs=2 qp_num=2163 pkey=0 pd=0xe0df6c24d8e0
srv4:75:89 [0] NCCL INFO NET/IB: ncclIbResiliencyInit: Resiliency is disabled on the recv communicator (comm=0xe0df6d47d000)
srv4:75:89 [0] NCCL INFO NET/IB: ncclIbRecvCommInit: Receive work requests will be posted on-demand
srv4:75:89 [0] NCCL INFO NET/IB: ncclIbResiliencyInit: Resiliency is disabled on the send communicator (comm=0xe0df6d4bc000)
srv4:75:89 [0] NCCL INFO NET/IB: ncclIbSenderQpsToRts: Set ECE: IbDev 1 Port 1 qp_num 2161 set_ece={supported=1, vendor_id=0x15b3, options=0x30000002, comp_mask=0x0}
srv4:75:89 [0] NCCL INFO NET/IB: ncclIbSenderQpsToRts: Set ECE: IbDev 0 Port 1 qp_num 2042 set_ece={supported=1, vendor_id=0x15b3, options=0x30000002, comp_mask=0x0}
srv4:75:89 [0] NCCL INFO NET/IB: ncclIbReceiverQpsCreateToRts: QP created: port=1 dev=0 devName=rocep1s0f0 ndevs=2 nmdevs=2 qp_num=2043 pkey=0 pd=0xe0df6c08fc30
srv4:75:89 [0] NCCL INFO NET/IB: ncclIbReceiverQpsCreateToRts: QP created: port=1 dev=0 devName=rocep1s0f0 ndevs=2 nmdevs=2 qp_num=2044 pkey=0 pd=0xe0df6c08fc30
srv4:75:89 [0] NCCL INFO NET/IB: ncclIbSenderQpsCreate: QP created: port=1 dev=1 devName=roceP2p1s0f0 ndevs=2 nmdevs=2 qp_num=2164 pkey=0 pd=0xe0df6c24d8e0
srv4:75:89 [0] NCCL INFO NET/IB: ncclIbConnect: NCCL Dev 1 IbDev 1 Port 1 qp_num 2164 mtu 5 GID 3 (0/40B0A0AFFFF0000) ctsFifoRkey=0x17211c ctsFifoLkey=0x17211c
srv4:75:89 [0] NCCL INFO NET/IB: ncclIbConnect: IbDev 1 Port 1 qp_num 2164 query_ece={supported=1, vendor_id=0x15b3, options=0x30000002, comp_mask=0x0}
srv4:75:89 [0] NCCL INFO NET/IB: ncclIbReceiverQpsCreateToRts: QP created: port=1 dev=1 devName=roceP2p1s0f0 ndevs=2 nmdevs=2 qp_num=2165 pkey=0 pd=0xe0df6c24d8e0
srv4:75:89 [0] NCCL INFO NET/IB: ncclIbReceiverQpsCreateToRts: QP created: port=1 dev=1 devName=roceP2p1s0f0 ndevs=2 nmdevs=2 qp_num=2166 pkey=0 pd=0xe0df6c24d8e0
srv4:75:89 [0] NCCL INFO NET/IB: ncclIbSenderQpsCreate: QP created: port=1 dev=0 devName=rocep1s0f0 ndevs=2 nmdevs=2 qp_num=2045 pkey=0 pd=0xe0df6c08fc30
srv4:75:89 [0] NCCL INFO NET/IB: ncclIbConnect: NCCL Dev 0 IbDev 0 Port 1 qp_num 2045 mtu 5 GID 3 (0/40A0A0AFFFF0000) ctsFifoRkey=0x1633f3 ctsFifoLkey=0x1633f3
srv4:75:89 [0] NCCL INFO NET/IB: ncclIbConnect: IbDev 0 Port 1 qp_num 2045 query_ece={supported=1, vendor_id=0x15b3, options=0x30000002, comp_mask=0x0}
srv4:75:89 [0] NCCL INFO NET/IB: ncclIbResiliencyInit: Resiliency is disabled on the recv communicator (comm=0xe0df6d5f5000)
srv4:75:89 [0] NCCL INFO NET/IB: ncclIbRecvCommInit: Receive work requests will be posted on-demand
srv4:75:89 [0] NCCL INFO NET/IB: ncclIbResiliencyInit: Resiliency is disabled on the send communicator (comm=0xe0df6d634000)
srv4:75:89 [0] NCCL INFO NET/IB: ncclIbResiliencyInit: Resiliency is disabled on the recv communicator (comm=0xe0df6d66f000)
srv4:75:89 [0] NCCL INFO NET/IB: ncclIbRecvCommInit: Receive work requests will be posted on-demand
srv4:75:89 [0] NCCL INFO NET/IB: ncclIbResiliencyInit: Resiliency is disabled on the send communicator (comm=0xe0df6d6ae000)
srv4:75:89 [0] NCCL INFO NET/IB: ncclIbResiliencyInit: Resiliency is disabled on the send communicator (comm=0xe0df6d6e9000)
srv4:75:89 [0] NCCL INFO NET/IB: ncclIbResiliencyInit: Resiliency is disabled on the send communicator (comm=0xe0df6d724000)
srv4:75:89 [0] NCCL INFO NET/IB: ncclIbResiliencyInit: Resiliency is disabled on the send communicator (comm=0xe0df6d75f000)
srv4:75:89 [0] NCCL INFO NET/IB: ncclIbResiliencyInit: Resiliency is disabled on the send communicator (comm=0xe0df6d79a000)
srv4:75:89 [0] NCCL INFO NET/IB: ncclIbResiliencyInit: Resiliency is disabled on the send communicator (comm=0xe0df6d7d5000)
srv4:75:89 [0] NCCL INFO NET/IB: ncclIbResiliencyInit: Resiliency is disabled on the send communicator (comm=0xe0df6d810000)
srv4:75:89 [0] NCCL INFO NET/IB: ncclIbResiliencyInit: Resiliency is disabled on the send communicator (comm=0xe0df6d84b000)
srv4:75:89 [0] NCCL INFO NET/IB: ncclIbSenderQpsCreate: QP created: port=1 dev=0 devName=rocep1s0f0 ndevs=2 nmdevs=2 qp_num=2046 pkey=0 pd=0xe0df6c08fc30
srv4:75:89 [0] NCCL INFO NET/IB: ncclIbConnect: NCCL Dev 0 IbDev 0 Port 1 qp_num 2046 mtu 5 GID 3 (0/40A0A0AFFFF0000) ctsFifoRkey=0x155712 ctsFifoLkey=0x155712
srv4:75:89 [0] NCCL INFO NET/IB: ncclIbConnect: IbDev 0 Port 1 qp_num 2046 query_ece={supported=1, vendor_id=0x15b3, options=0x30000002, comp_mask=0x0}
srv4:75:89 [0] NCCL INFO NET/IB: ncclIbSenderQpsCreate: QP created: port=1 dev=1 devName=roceP2p1s0f0 ndevs=2 nmdevs=2 qp_num=2167 pkey=0 pd=0xe0df6c24d8e0
srv4:75:89 [0] NCCL INFO NET/IB: ncclIbConnect: NCCL Dev 1 IbDev 1 Port 1 qp_num 2167 mtu 5 GID 3 (0/40B0A0AFFFF0000) ctsFifoRkey=0x162a29 ctsFifoLkey=0x162a29
srv4:75:89 [0] NCCL INFO NET/IB: ncclIbConnect: IbDev 1 Port 1 qp_num 2167 query_ece={supported=1, vendor_id=0x15b3, options=0x30000002, comp_mask=0x0}
srv4:75:89 [0] NCCL INFO NET/IB: ncclIbSenderQpsCreate: QP created: port=1 dev=0 devName=rocep1s0f0 ndevs=2 nmdevs=2 qp_num=2047 pkey=0 pd=0xe0df6c08fc30
srv4:75:89 [0] NCCL INFO NET/IB: ncclIbConnect: NCCL Dev 0 IbDev 0 Port 1 qp_num 2047 mtu 5 GID 3 (0/40A0A0AFFFF0000) ctsFifoRkey=0x159551 ctsFifoLkey=0x159551
srv4:75:89 [0] NCCL INFO NET/IB: ncclIbConnect: IbDev 0 Port 1 qp_num 2047 query_ece={supported=1, vendor_id=0x15b3, options=0x30000002, comp_mask=0x0}
srv4:75:89 [0] NCCL INFO NET/IB: ncclIbSenderQpsToRts: Set ECE: IbDev 1 Port 1 qp_num 2164 set_ece={supported=1, vendor_id=0x15b3, options=0x30000002, comp_mask=0x0}
srv4:75:89 [0] NCCL INFO NET/IB: ncclIbSenderQpsToRts: Set ECE: IbDev 0 Port 1 qp_num 2045 set_ece={supported=1, vendor_id=0x15b3, options=0x30000002, comp_mask=0x0}
srv4:75:89 [0] NCCL INFO NET/IB: ncclIbReceiverQpsCreateToRts: QP created: port=1 dev=0 devName=rocep1s0f0 ndevs=2 nmdevs=2 qp_num=2048 pkey=0 pd=0xe0df6c08fc30
srv4:75:89 [0] NCCL INFO NET/IB: ncclIbReceiverQpsCreateToRts: QP created: port=1 dev=0 devName=rocep1s0f0 ndevs=2 nmdevs=2 qp_num=2049 pkey=0 pd=0xe0df6c08fc30
srv4:75:89 [0] NCCL INFO NET/IB: ncclIbSenderQpsCreate: QP created: port=1 dev=1 devName=roceP2p1s0f0 ndevs=2 nmdevs=2 qp_num=2168 pkey=0 pd=0xe0df6c24d8e0
srv4:75:89 [0] NCCL INFO NET/IB: ncclIbConnect: NCCL Dev 1 IbDev 1 Port 1 qp_num 2168 mtu 5 GID 3 (0/40B0A0AFFFF0000) ctsFifoRkey=0x189e9b ctsFifoLkey=0x189e9b
srv4:75:89 [0] NCCL INFO NET/IB: ncclIbConnect: IbDev 1 Port 1 qp_num 2168 query_ece={supported=1, vendor_id=0x15b3, options=0x30000002, comp_mask=0x0}
srv4:75:89 [0] NCCL INFO NET/IB: ncclIbReceiverQpsCreateToRts: QP created: port=1 dev=1 devName=roceP2p1s0f0 ndevs=2 nmdevs=2 qp_num=2169 pkey=0 pd=0xe0df6c24d8e0
srv4:75:89 [0] NCCL INFO NET/IB: ncclIbReceiverQpsCreateToRts: QP created: port=1 dev=1 devName=roceP2p1s0f0 ndevs=2 nmdevs=2 qp_num=2170 pkey=0 pd=0xe0df6c24d8e0
srv4:75:89 [0] NCCL INFO NET/IB: ncclIbSenderQpsCreate: QP created: port=1 dev=1 devName=roceP2p1s0f0 ndevs=2 nmdevs=2 qp_num=2171 pkey=0 pd=0xe0df6c24d8e0
srv4:75:89 [0] NCCL INFO NET/IB: ncclIbConnect: NCCL Dev 1 IbDev 1 Port 1 qp_num 2171 mtu 5 GID 3 (0/40B0A0AFFFF0000) ctsFifoRkey=0x15e7e3 ctsFifoLkey=0x15e7e3
srv4:75:89 [0] NCCL INFO NET/IB: ncclIbConnect: IbDev 1 Port 1 qp_num 2171 query_ece={supported=1, vendor_id=0x15b3, options=0x30000002, comp_mask=0x0}
srv4:75:89 [0] NCCL INFO NET/IB: ncclIbSenderQpsCreate: QP created: port=1 dev=0 devName=rocep1s0f0 ndevs=2 nmdevs=2 qp_num=2050 pkey=0 pd=0xe0df6c08fc30
srv4:75:89 [0] NCCL INFO NET/IB: ncclIbConnect: NCCL Dev 0 IbDev 0 Port 1 qp_num 2050 mtu 5 GID 3 (0/40A0A0AFFFF0000) ctsFifoRkey=0x15f7b7 ctsFifoLkey=0x15f7b7
srv4:75:89 [0] NCCL INFO NET/IB: ncclIbConnect: IbDev 0 Port 1 qp_num 2050 query_ece={supported=1, vendor_id=0x15b3, options=0x30000002, comp_mask=0x0}
srv4:75:89 [0] NCCL INFO NET/IB: ncclIbSenderQpsCreate: QP created: port=1 dev=1 devName=roceP2p1s0f0 ndevs=2 nmdevs=2 qp_num=2172 pkey=0 pd=0xe0df6c24d8e0
srv4:75:89 [0] NCCL INFO NET/IB: ncclIbConnect: NCCL Dev 1 IbDev 1 Port 1 qp_num 2172 mtu 5 GID 3 (0/40B0A0AFFFF0000) ctsFifoRkey=0x1605f8 ctsFifoLkey=0x1605f8
srv4:75:89 [0] NCCL INFO NET/IB: ncclIbConnect: IbDev 1 Port 1 qp_num 2172 query_ece={supported=1, vendor_id=0x15b3, options=0x30000002, comp_mask=0x0}
srv4:75:89 [0] NCCL INFO NET/IB: ncclIbSenderQpsCreate: QP created: port=1 dev=0 devName=rocep1s0f0 ndevs=2 nmdevs=2 qp_num=2051 pkey=0 pd=0xe0df6c08fc30
srv4:75:89 [0] NCCL INFO NET/IB: ncclIbConnect: NCCL Dev 0 IbDev 0 Port 1 qp_num 2051 mtu 5 GID 3 (0/40A0A0AFFFF0000) ctsFifoRkey=0x1a8b34 ctsFifoLkey=0x1a8b34
srv4:75:89 [0] NCCL INFO NET/IB: ncclIbConnect: IbDev 0 Port 1 qp_num 2051 query_ece={supported=1, vendor_id=0x15b3, options=0x30000002, comp_mask=0x0}
srv4:75:89 [0] NCCL INFO NET/IB: ncclIbSenderQpsCreate: QP created: port=1 dev=1 devName=roceP2p1s0f0 ndevs=2 nmdevs=2 qp_num=2173 pkey=0 pd=0xe0df6c24d8e0
srv4:75:89 [0] NCCL INFO NET/IB: ncclIbConnect: NCCL Dev 1 IbDev 1 Port 1 qp_num 2173 mtu 5 GID 3 (0/40B0A0AFFFF0000) ctsFifoRkey=0x181d1a ctsFifoLkey=0x181d1a
srv4:75:89 [0] NCCL INFO NET/IB: ncclIbConnect: IbDev 1 Port 1 qp_num 2173 query_ece={supported=1, vendor_id=0x15b3, options=0x30000002, comp_mask=0x0}
srv4:75:89 [0] NCCL INFO NET/IB: ncclIbSenderQpsToRts: Set ECE: IbDev 1 Port 1 qp_num 2168 set_ece={supported=1, vendor_id=0x15b3, options=0x30000002, comp_mask=0x0}
srv4:75:89 [0] NCCL INFO NET/IB: ncclIbSenderQpsToRts: Set ECE: IbDev 0 Port 1 qp_num 2046 set_ece={supported=1, vendor_id=0x15b3, options=0x30000002, comp_mask=0x0}
srv4:75:89 [0] NCCL INFO NET/IB: ncclIbSenderQpsToRts: Set ECE: IbDev 1 Port 1 qp_num 2167 set_ece={supported=1, vendor_id=0x15b3, options=0x30000002, comp_mask=0x0}
srv4:75:89 [0] NCCL INFO NET/IB: ncclIbSenderQpsToRts: Set ECE: IbDev 0 Port 1 qp_num 2047 set_ece={supported=1, vendor_id=0x15b3, options=0x30000002, comp_mask=0x0}
srv4:75:89 [0] NCCL INFO NET/IB: ncclIbSenderQpsToRts: Set ECE: IbDev 1 Port 1 qp_num 2171 set_ece={supported=1, vendor_id=0x15b3, options=0x30000002, comp_mask=0x0}
srv4:75:89 [0] NCCL INFO NET/IB: ncclIbSenderQpsToRts: Set ECE: IbDev 0 Port 1 qp_num 2050 set_ece={supported=1, vendor_id=0x15b3, options=0x30000002, comp_mask=0x0}
srv4:75:89 [0] NCCL INFO NET/IB: ncclIbSenderQpsToRts: Set ECE: IbDev 1 Port 1 qp_num 2172 set_ece={supported=1, vendor_id=0x15b3, options=0x30000002, comp_mask=0x0}
srv4:75:89 [0] NCCL INFO NET/IB: ncclIbSenderQpsToRts: Set ECE: IbDev 0 Port 1 qp_num 2051 set_ece={supported=1, vendor_id=0x15b3, options=0x30000002, comp_mask=0x0}
srv4:75:89 [0] NCCL INFO NET/IB: ncclIbSenderQpsToRts: Set ECE: IbDev 1 Port 1 qp_num 2173 set_ece={supported=1, vendor_id=0x15b3, options=0x30000002, comp_mask=0x0}
srv4:75:75 [0] NCCL INFO Connected all trees
srv4:75:89 [0] NCCL INFO New proxy recv connection 56 from local rank 0, transport 2
srv4:75:75 [0] NCCL INFO Connected to proxy localRank 0 -> connection 0xe0df6c006d30
srv4:75:75 [0] NCCL INFO Channel 00/0 : 0[0] -> 3[0] [receive] via NET/IB/0
srv4:75:89 [0] NCCL INFO New proxy recv connection 57 from local rank 0, transport 2
srv4:75:75 [0] NCCL INFO Connected to proxy localRank 0 -> connection 0xe0df6c006db8
srv4:75:75 [0] NCCL INFO Channel 01/0 : 0[0] -> 3[0] [receive] via NET/IB/1
srv4:75:89 [0] NCCL INFO New proxy recv connection 58 from local rank 0, transport 2
srv4:75:75 [0] NCCL INFO Connected to proxy localRank 0 -> connection 0xe0df6c006e40
srv4:75:75 [0] NCCL INFO Channel 02/0 : 0[0] -> 3[0] [receive] via NET/IB/0
srv4:75:89 [0] NCCL INFO New proxy recv connection 59 from local rank 0, transport 2
srv4:75:75 [0] NCCL INFO Connected to proxy localRank 0 -> connection 0xe0df6c006ec8
srv4:75:75 [0] NCCL INFO Channel 03/0 : 0[0] -> 3[0] [receive] via NET/IB/1
srv4:75:89 [0] NCCL INFO New proxy recv connection 60 from local rank 0, transport 2
srv4:75:75 [0] NCCL INFO Connected to proxy localRank 0 -> connection 0xe0df6c006f50
srv4:75:75 [0] NCCL INFO Channel 04/0 : 0[0] -> 3[0] [receive] via NET/IB/0
srv4:75:89 [0] NCCL INFO New proxy recv connection 61 from local rank 0, transport 2
srv4:75:75 [0] NCCL INFO Connected to proxy localRank 0 -> connection 0xe0df6c006fd8
srv4:75:75 [0] NCCL INFO Channel 05/0 : 0[0] -> 3[0] [receive] via NET/IB/1
srv4:75:89 [0] NCCL INFO New proxy recv connection 62 from local rank 0, transport 2
srv4:75:75 [0] NCCL INFO Connected to proxy localRank 0 -> connection 0xe0df6c007060
srv4:75:75 [0] NCCL INFO Channel 06/0 : 0[0] -> 3[0] [receive] via NET/IB/0
srv4:75:89 [0] NCCL INFO New proxy recv connection 63 from local rank 0, transport 2
srv4:75:75 [0] NCCL INFO Connected to proxy localRank 0 -> connection 0xe0df6c0070e8
srv4:75:75 [0] NCCL INFO Channel 07/0 : 0[0] -> 3[0] [receive] via NET/IB/1
srv4:75:89 [0] NCCL INFO New proxy recv connection 64 from local rank 0, transport 2
srv4:75:75 [0] NCCL INFO Connected to proxy localRank 0 -> connection 0xe0df6c007170
srv4:75:75 [0] NCCL INFO Channel 08/0 : 0[0] -> 3[0] [receive] via NET/IB/0
srv4:75:89 [0] NCCL INFO New proxy recv connection 65 from local rank 0, transport 2
srv4:75:75 [0] NCCL INFO Connected to proxy localRank 0 -> connection 0xe0df6c0071f8
srv4:75:75 [0] NCCL INFO Channel 09/0 : 0[0] -> 3[0] [receive] via NET/IB/1
srv4:75:89 [0] NCCL INFO New proxy recv connection 66 from local rank 0, transport 2
srv4:75:75 [0] NCCL INFO Connected to proxy localRank 0 -> connection 0xe0df6c007280
srv4:75:75 [0] NCCL INFO Channel 10/0 : 0[0] -> 3[0] [receive] via NET/IB/0
srv4:75:89 [0] NCCL INFO New proxy recv connection 67 from local rank 0, transport 2
srv4:75:75 [0] NCCL INFO Connected to proxy localRank 0 -> connection 0xe0df6c007308
srv4:75:75 [0] NCCL INFO Channel 11/0 : 0[0] -> 3[0] [receive] via NET/IB/1
srv4:75:89 [0] NCCL INFO New proxy recv connection 68 from local rank 0, transport 2
srv4:75:75 [0] NCCL INFO Connected to proxy localRank 0 -> connection 0xe0df6c007390
srv4:75:75 [0] NCCL INFO Channel 12/0 : 0[0] -> 3[0] [receive] via NET/IB/0
srv4:75:89 [0] NCCL INFO New proxy recv connection 69 from local rank 0, transport 2
srv4:75:75 [0] NCCL INFO Connected to proxy localRank 0 -> connection 0xe0df6c007418
srv4:75:75 [0] NCCL INFO Channel 13/0 : 0[0] -> 3[0] [receive] via NET/IB/1
srv4:75:89 [0] NCCL INFO New proxy recv connection 70 from local rank 0, transport 2
srv4:75:75 [0] NCCL INFO Connected to proxy localRank 0 -> connection 0xe0df6c0074a0
srv4:75:75 [0] NCCL INFO Channel 14/0 : 0[0] -> 3[0] [receive] via NET/IB/0
srv4:75:89 [0] NCCL INFO New proxy recv connection 71 from local rank 0, transport 2
srv4:75:75 [0] NCCL INFO Connected to proxy localRank 0 -> connection 0xe0df6c007528
srv4:75:75 [0] NCCL INFO Channel 15/0 : 0[0] -> 3[0] [receive] via NET/IB/1
srv4:75:89 [0] NCCL INFO New proxy send connection 72 from local rank 0, transport 2
srv4:75:75 [0] NCCL INFO Connected to proxy localRank 0 -> connection 0xe0df6c0075b0
srv4:75:75 [0] NCCL INFO Channel 08/0 : 3[0] -> 2[0] [send] via NET/IB/0
srv4:75:89 [0] NCCL INFO New proxy send connection 73 from local rank 0, transport 2
srv4:75:75 [0] NCCL INFO Connected to proxy localRank 0 -> connection 0xe0df6c007638
srv4:75:75 [0] NCCL INFO Channel 09/0 : 3[0] -> 2[0] [send] via NET/IB/1
srv4:75:89 [0] NCCL INFO New proxy send connection 74 from local rank 0, transport 2
srv4:75:75 [0] NCCL INFO Connected to proxy localRank 0 -> connection 0xe0df6c0076c0
srv4:75:75 [0] NCCL INFO Channel 10/0 : 3[0] -> 2[0] [send] via NET/IB/0
srv4:75:89 [0] NCCL INFO New proxy send connection 75 from local rank 0, transport 2
srv4:75:75 [0] NCCL INFO Connected to proxy localRank 0 -> connection 0xe0df6c007748
srv4:75:75 [0] NCCL INFO Channel 11/0 : 3[0] -> 2[0] [send] via NET/IB/1
srv4:75:89 [0] NCCL INFO New proxy send connection 76 from local rank 0, transport 2
srv4:75:75 [0] NCCL INFO Connected to proxy localRank 0 -> connection 0xe0df6c0077d0
srv4:75:75 [0] NCCL INFO Channel 12/0 : 3[0] -> 2[0] [send] via NET/IB/0
srv4:75:89 [0] NCCL INFO New proxy send connection 77 from local rank 0, transport 2
srv4:75:75 [0] NCCL INFO Connected to proxy localRank 0 -> connection 0xe0df6c007858
srv4:75:75 [0] NCCL INFO Channel 13/0 : 3[0] -> 2[0] [send] via NET/IB/1
srv4:75:89 [0] NCCL INFO New proxy send connection 78 from local rank 0, transport 2
srv4:75:75 [0] NCCL INFO Connected to proxy localRank 0 -> connection 0xe0df6c0078e0
srv4:75:75 [0] NCCL INFO Channel 14/0 : 3[0] -> 2[0] [send] via NET/IB/0
srv4:75:89 [0] NCCL INFO New proxy send connection 79 from local rank 0, transport 2
srv4:75:75 [0] NCCL INFO Connected to proxy localRank 0 -> connection 0xe0df6c007968
srv4:75:75 [0] NCCL INFO Channel 15/0 : 3[0] -> 2[0] [send] via NET/IB/1
srv4:75:89 [0] NCCL INFO NET/IB: ncclIbResiliencyInit: Resiliency is disabled on the recv communicator (comm=0xe0df6dae6000)
srv4:75:89 [0] NCCL INFO NET/IB: ncclIbRecvCommInit: Receive work requests will be posted on-demand
srv4:75:89 [0] NCCL INFO NET/IB: ncclIbResiliencyInit: Resiliency is disabled on the recv communicator (comm=0xe0df6db23000)
srv4:75:89 [0] NCCL INFO NET/IB: ncclIbRecvCommInit: Receive work requests will be posted on-demand
srv4:75:89 [0] NCCL INFO NET/IB: ncclIbResiliencyInit: Resiliency is disabled on the recv communicator (comm=0xe0df6db60000)
srv4:75:89 [0] NCCL INFO NET/IB: ncclIbRecvCommInit: Receive work requests will be posted on-demand
srv4:75:89 [0] NCCL INFO NET/IB: ncclIbResiliencyInit: Resiliency is disabled on the recv communicator (comm=0xe0df6db9d000)
srv4:75:89 [0] NCCL INFO NET/IB: ncclIbRecvCommInit: Receive work requests will be posted on-demand
srv4:75:89 [0] NCCL INFO NET/IB: ncclIbResiliencyInit: Resiliency is disabled on the recv communicator (comm=0xe0df6dbda000)
srv4:75:89 [0] NCCL INFO NET/IB: ncclIbRecvCommInit: Receive work requests will be posted on-demand
srv4:75:89 [0] NCCL INFO NET/IB: ncclIbResiliencyInit: Resiliency is disabled on the recv communicator (comm=0xe0df6dc17000)
srv4:75:89 [0] NCCL INFO NET/IB: ncclIbRecvCommInit: Receive work requests will be posted on-demand
srv4:75:89 [0] NCCL INFO NET/IB: ncclIbResiliencyInit: Resiliency is disabled on the recv communicator (comm=0xe0df6dc54000)
srv4:75:89 [0] NCCL INFO NET/IB: ncclIbRecvCommInit: Receive work requests will be posted on-demand
srv4:75:89 [0] NCCL INFO NET/IB: ncclIbResiliencyInit: Resiliency is disabled on the recv communicator (comm=0xe0df6dc91000)
srv4:75:89 [0] NCCL INFO NET/IB: ncclIbRecvCommInit: Receive work requests will be posted on-demand
srv4:75:89 [0] NCCL INFO NET/IB: ncclIbResiliencyInit: Resiliency is disabled on the send communicator (comm=0xe0df6dcce000)
srv4:75:89 [0] NCCL INFO NET/IB: ncclIbResiliencyInit: Resiliency is disabled on the recv communicator (comm=0xe0df6dd07000)
srv4:75:89 [0] NCCL INFO NET/IB: ncclIbRecvCommInit: Receive work requests will be posted on-demand
srv4:75:89 [0] NCCL INFO NET/IB: ncclIbResiliencyInit: Resiliency is disabled on the send communicator (comm=0xe0df6dd44000)
srv4:75:89 [0] NCCL INFO NET/IB: ncclIbSenderQpsCreate: QP created: port=1 dev=0 devName=rocep1s0f0 ndevs=2 nmdevs=2 qp_num=2052 pkey=0 pd=0xe0df6c08fc30
srv4:75:89 [0] NCCL INFO NET/IB: ncclIbConnect: NCCL Dev 0 IbDev 0 Port 1 qp_num 2052 mtu 5 GID 3 (0/40A0A0AFFFF0000) ctsFifoRkey=0x17febc ctsFifoLkey=0x17febc
srv4:75:89 [0] NCCL INFO NET/IB: ncclIbConnect: IbDev 0 Port 1 qp_num 2052 query_ece={supported=1, vendor_id=0x15b3, options=0x30000002, comp_mask=0x0}
srv4:75:89 [0] NCCL INFO NET/IB: ncclIbSenderQpsCreate: QP created: port=1 dev=1 devName=roceP2p1s0f0 ndevs=2 nmdevs=2 qp_num=2174 pkey=0 pd=0xe0df6c24d8e0
srv4:75:89 [0] NCCL INFO NET/IB: ncclIbConnect: NCCL Dev 1 IbDev 1 Port 1 qp_num 2174 mtu 5 GID 3 (0/40B0A0AFFFF0000) ctsFifoRkey=0x18988f ctsFifoLkey=0x18988f
srv4:75:89 [0] NCCL INFO NET/IB: ncclIbConnect: IbDev 1 Port 1 qp_num 2174 query_ece={supported=1, vendor_id=0x15b3, options=0x30000002, comp_mask=0x0}
srv4:75:89 [0] NCCL INFO NET/IB: ncclIbResiliencyInit: Resiliency is disabled on the recv communicator (comm=0xe0df6dde1000)
srv4:75:89 [0] NCCL INFO NET/IB: ncclIbRecvCommInit: Receive work requests will be posted on-demand
srv4:75:89 [0] NCCL INFO NET/IB: ncclIbReceiverQpsCreateToRts: QP created: port=1 dev=0 devName=rocep1s0f0 ndevs=2 nmdevs=2 qp_num=2053 pkey=0 pd=0xe0df6c08fc30
srv4:75:89 [0] NCCL INFO NET/IB: ncclIbReceiverQpsCreateToRts: QP created: port=1 dev=0 devName=rocep1s0f0 ndevs=2 nmdevs=2 qp_num=2054 pkey=0 pd=0xe0df6c08fc30
srv4:75:89 [0] NCCL INFO NET/IB: ncclIbSenderQpsToRts: Set ECE: IbDev 0 Port 1 qp_num 2052 set_ece={supported=1, vendor_id=0x15b3, options=0x30000002, comp_mask=0x0}
srv4:75:89 [0] NCCL INFO NET/IB: ncclIbSenderQpsToRts: Set ECE: IbDev 1 Port 1 qp_num 2174 set_ece={supported=1, vendor_id=0x15b3, options=0x30000002, comp_mask=0x0}
srv4:75:89 [0] NCCL INFO NET/IB: ncclIbResiliencyInit: Resiliency is disabled on the send communicator (comm=0xe0df6de70000)
srv4:75:89 [0] NCCL INFO NET/IB: ncclIbReceiverQpsCreateToRts: QP created: port=1 dev=1 devName=roceP2p1s0f0 ndevs=2 nmdevs=2 qp_num=2175 pkey=0 pd=0xe0df6c24d8e0
srv4:75:89 [0] NCCL INFO NET/IB: ncclIbReceiverQpsCreateToRts: QP created: port=1 dev=1 devName=roceP2p1s0f0 ndevs=2 nmdevs=2 qp_num=2176 pkey=0 pd=0xe0df6c24d8e0
srv4:75:89 [0] NCCL INFO NET/IB: ncclIbSenderQpsCreate: QP created: port=1 dev=0 devName=rocep1s0f0 ndevs=2 nmdevs=2 qp_num=2055 pkey=0 pd=0xe0df6c08fc30
srv4:75:89 [0] NCCL INFO NET/IB: ncclIbConnect: NCCL Dev 0 IbDev 0 Port 1 qp_num 2055 mtu 5 GID 3 (0/40A0A0AFFFF0000) ctsFifoRkey=0x1a8932 ctsFifoLkey=0x1a8932
srv4:75:89 [0] NCCL INFO NET/IB: ncclIbConnect: IbDev 0 Port 1 qp_num 2055 query_ece={supported=1, vendor_id=0x15b3, options=0x30000002, comp_mask=0x0}
srv4:75:89 [0] NCCL INFO NET/IB: ncclIbResiliencyInit: Resiliency is disabled on the recv communicator (comm=0xe0df6df27000)
srv4:75:89 [0] NCCL INFO NET/IB: ncclIbRecvCommInit: Receive work requests will be posted on-demand
srv4:75:89 [0] NCCL INFO NET/IB: ncclIbResiliencyInit: Resiliency is disabled on the send communicator (comm=0xe0df6df66000)
srv4:75:89 [0] NCCL INFO NET/IB: ncclIbResiliencyInit: Resiliency is disabled on the recv communicator (comm=0xe0df6dfa1000)
srv4:75:89 [0] NCCL INFO NET/IB: ncclIbRecvCommInit: Receive work requests will be posted on-demand
srv4:75:89 [0] NCCL INFO NET/IB: ncclIbResiliencyInit: Resiliency is disabled on the send communicator (comm=0xe0df6dfe0000)
srv4:75:89 [0] NCCL INFO NET/IB: ncclIbResiliencyInit: Resiliency is disabled on the recv communicator (comm=0xe0df6e01b000)
srv4:75:89 [0] NCCL INFO NET/IB: ncclIbRecvCommInit: Receive work requests will be posted on-demand
srv4:75:89 [0] NCCL INFO NET/IB: ncclIbResiliencyInit: Resiliency is disabled on the send communicator (comm=0xe0df6e05a000)
srv4:75:89 [0] NCCL INFO NET/IB: ncclIbResiliencyInit: Resiliency is disabled on the recv communicator (comm=0xe0df6e095000)
srv4:75:89 [0] NCCL INFO NET/IB: ncclIbRecvCommInit: Receive work requests will be posted on-demand
srv4:75:89 [0] NCCL INFO NET/IB: ncclIbResiliencyInit: Resiliency is disabled on the send communicator (comm=0xe0df6e0d4000)
srv4:75:89 [0] NCCL INFO NET/IB: ncclIbResiliencyInit: Resiliency is disabled on the recv communicator (comm=0xe0df6e10f000)
srv4:75:89 [0] NCCL INFO NET/IB: ncclIbRecvCommInit: Receive work requests will be posted on-demand
srv4:75:89 [0] NCCL INFO NET/IB: ncclIbResiliencyInit: Resiliency is disabled on the send communicator (comm=0xe0df6e14e000)
srv4:75:89 [0] NCCL INFO NET/IB: ncclIbResiliencyInit: Resiliency is disabled on the recv communicator (comm=0xe0df6e189000)
srv4:75:89 [0] NCCL INFO NET/IB: ncclIbRecvCommInit: Receive work requests will be posted on-demand
srv4:75:89 [0] NCCL INFO NET/IB: ncclIbSenderQpsCreate: QP created: port=1 dev=1 devName=roceP2p1s0f0 ndevs=2 nmdevs=2 qp_num=2177 pkey=0 pd=0xe0df6c24d8e0
srv4:75:89 [0] NCCL INFO NET/IB: ncclIbConnect: NCCL Dev 1 IbDev 1 Port 1 qp_num 2177 mtu 5 GID 3 (0/40B0A0AFFFF0000) ctsFifoRkey=0x190200 ctsFifoLkey=0x190200
srv4:75:89 [0] NCCL INFO NET/IB: ncclIbConnect: IbDev 1 Port 1 qp_num 2177 query_ece={supported=1, vendor_id=0x15b3, options=0x30000002, comp_mask=0x0}
srv4:75:89 [0] NCCL INFO NET/IB: ncclIbSenderQpsCreate: QP created: port=1 dev=0 devName=rocep1s0f0 ndevs=2 nmdevs=2 qp_num=2056 pkey=0 pd=0xe0df6c08fc30
srv4:75:89 [0] NCCL INFO NET/IB: ncclIbConnect: NCCL Dev 0 IbDev 0 Port 1 qp_num 2056 mtu 5 GID 3 (0/40A0A0AFFFF0000) ctsFifoRkey=0x13c380 ctsFifoLkey=0x13c380
srv4:75:89 [0] NCCL INFO NET/IB: ncclIbConnect: IbDev 0 Port 1 qp_num 2056 query_ece={supported=1, vendor_id=0x15b3, options=0x30000002, comp_mask=0x0}
srv4:75:89 [0] NCCL INFO NET/IB: ncclIbSenderQpsCreate: QP created: port=1 dev=1 devName=roceP2p1s0f0 ndevs=2 nmdevs=2 qp_num=2178 pkey=0 pd=0xe0df6c24d8e0
srv4:75:89 [0] NCCL INFO NET/IB: ncclIbConnect: NCCL Dev 1 IbDev 1 Port 1 qp_num 2178 mtu 5 GID 3 (0/40B0A0AFFFF0000) ctsFifoRkey=0x17c6c3 ctsFifoLkey=0x17c6c3
srv4:75:89 [0] NCCL INFO NET/IB: ncclIbConnect: IbDev 1 Port 1 qp_num 2178 query_ece={supported=1, vendor_id=0x15b3, options=0x30000002, comp_mask=0x0}
srv4:75:89 [0] NCCL INFO NET/IB: ncclIbReceiverQpsCreateToRts: QP created: port=1 dev=0 devName=rocep1s0f0 ndevs=2 nmdevs=2 qp_num=2057 pkey=0 pd=0xe0df6c08fc30
srv4:75:89 [0] NCCL INFO NET/IB: ncclIbReceiverQpsCreateToRts: QP created: port=1 dev=0 devName=rocep1s0f0 ndevs=2 nmdevs=2 qp_num=2058 pkey=0 pd=0xe0df6c08fc30
srv4:75:89 [0] NCCL INFO NET/IB: ncclIbReceiverQpsCreateToRts: QP created: port=1 dev=1 devName=roceP2p1s0f0 ndevs=2 nmdevs=2 qp_num=2179 pkey=0 pd=0xe0df6c24d8e0
srv4:75:89 [0] NCCL INFO NET/IB: ncclIbReceiverQpsCreateToRts: QP created: port=1 dev=1 devName=roceP2p1s0f0 ndevs=2 nmdevs=2 qp_num=2180 pkey=0 pd=0xe0df6c24d8e0
srv4:75:89 [0] NCCL INFO NET/IB: ncclIbReceiverQpsCreateToRts: QP created: port=1 dev=0 devName=rocep1s0f0 ndevs=2 nmdevs=2 qp_num=2059 pkey=0 pd=0xe0df6c08fc30
srv4:75:89 [0] NCCL INFO NET/IB: ncclIbReceiverQpsCreateToRts: QP created: port=1 dev=0 devName=rocep1s0f0 ndevs=2 nmdevs=2 qp_num=2060 pkey=0 pd=0xe0df6c08fc30
srv4:75:89 [0] NCCL INFO NET/IB: ncclIbSenderQpsToRts: Set ECE: IbDev 0 Port 1 qp_num 2055 set_ece={supported=1, vendor_id=0x15b3, options=0x30000002, comp_mask=0x0}
srv4:75:89 [0] NCCL INFO NET/IB: ncclIbSenderQpsCreate: QP created: port=1 dev=1 devName=roceP2p1s0f0 ndevs=2 nmdevs=2 qp_num=2181 pkey=0 pd=0xe0df6c24d8e0
srv4:75:89 [0] NCCL INFO NET/IB: ncclIbConnect: NCCL Dev 1 IbDev 1 Port 1 qp_num 2181 mtu 5 GID 3 (0/40B0A0AFFFF0000) ctsFifoRkey=0x16c4c2 ctsFifoLkey=0x16c4c2
srv4:75:89 [0] NCCL INFO NET/IB: ncclIbConnect: IbDev 1 Port 1 qp_num 2181 query_ece={supported=1, vendor_id=0x15b3, options=0x30000002, comp_mask=0x0}
srv4:75:89 [0] NCCL INFO NET/IB: ncclIbSenderQpsCreate: QP created: port=1 dev=0 devName=rocep1s0f0 ndevs=2 nmdevs=2 qp_num=2061 pkey=0 pd=0xe0df6c08fc30
srv4:75:89 [0] NCCL INFO NET/IB: ncclIbConnect: NCCL Dev 0 IbDev 0 Port 1 qp_num 2061 mtu 5 GID 3 (0/40A0A0AFFFF0000) ctsFifoRkey=0x1a711a ctsFifoLkey=0x1a711a
srv4:75:89 [0] NCCL INFO NET/IB: ncclIbConnect: IbDev 0 Port 1 qp_num 2061 query_ece={supported=1, vendor_id=0x15b3, options=0x30000002, comp_mask=0x0}
srv4:75:89 [0] NCCL INFO NET/IB: ncclIbSenderQpsToRts: Set ECE: IbDev 1 Port 1 qp_num 2177 set_ece={supported=1, vendor_id=0x15b3, options=0x30000002, comp_mask=0x0}
srv4:75:89 [0] NCCL INFO NET/IB: ncclIbSenderQpsToRts: Set ECE: IbDev 0 Port 1 qp_num 2056 set_ece={supported=1, vendor_id=0x15b3, options=0x30000002, comp_mask=0x0}
srv4:75:89 [0] NCCL INFO NET/IB: ncclIbSenderQpsToRts: Set ECE: IbDev 1 Port 1 qp_num 2178 set_ece={supported=1, vendor_id=0x15b3, options=0x30000002, comp_mask=0x0}
srv4:75:89 [0] NCCL INFO NET/IB: ncclIbReceiverQpsCreateToRts: QP created: port=1 dev=1 devName=roceP2p1s0f0 ndevs=2 nmdevs=2 qp_num=2182 pkey=0 pd=0xe0df6c24d8e0
srv4:75:89 [0] NCCL INFO NET/IB: ncclIbReceiverQpsCreateToRts: QP created: port=1 dev=1 devName=roceP2p1s0f0 ndevs=2 nmdevs=2 qp_num=2183 pkey=0 pd=0xe0df6c24d8e0
srv4:75:89 [0] NCCL INFO NET/IB: ncclIbSenderQpsToRts: Set ECE: IbDev 1 Port 1 qp_num 2181 set_ece={supported=1, vendor_id=0x15b3, options=0x30000002, comp_mask=0x0}
srv4:75:89 [0] NCCL INFO NET/IB: ncclIbSenderQpsToRts: Set ECE: IbDev 0 Port 1 qp_num 2061 set_ece={supported=1, vendor_id=0x15b3, options=0x30000002, comp_mask=0x0}
srv4:75:89 [0] NCCL INFO NET/IB: ncclIbReceiverQpsCreateToRts: QP created: port=1 dev=0 devName=rocep1s0f0 ndevs=2 nmdevs=2 qp_num=2062 pkey=0 pd=0xe0df6c08fc30
srv4:75:89 [0] NCCL INFO NET/IB: ncclIbReceiverQpsCreateToRts: QP created: port=1 dev=0 devName=rocep1s0f0 ndevs=2 nmdevs=2 qp_num=2063 pkey=0 pd=0xe0df6c08fc30
srv4:75:89 [0] NCCL INFO NET/IB: ncclIbReceiverQpsCreateToRts: QP created: port=1 dev=0 devName=rocep1s0f0 ndevs=2 nmdevs=2 qp_num=2064 pkey=0 pd=0xe0df6c08fc30
srv4:75:89 [0] NCCL INFO NET/IB: ncclIbReceiverQpsCreateToRts: QP created: port=1 dev=0 devName=rocep1s0f0 ndevs=2 nmdevs=2 qp_num=2065 pkey=0 pd=0xe0df6c08fc30
srv4:75:89 [0] NCCL INFO NET/IB: ncclIbReceiverQpsCreateToRts: QP created: port=1 dev=1 devName=roceP2p1s0f0 ndevs=2 nmdevs=2 qp_num=2184 pkey=0 pd=0xe0df6c24d8e0
srv4:75:89 [0] NCCL INFO NET/IB: ncclIbReceiverQpsCreateToRts: QP created: port=1 dev=1 devName=roceP2p1s0f0 ndevs=2 nmdevs=2 qp_num=2185 pkey=0 pd=0xe0df6c24d8e0
srv4:75:89 [0] NCCL INFO NET/IB: ncclIbReceiverQpsCreateToRts: QP created: port=1 dev=1 devName=roceP2p1s0f0 ndevs=2 nmdevs=2 qp_num=2186 pkey=0 pd=0xe0df6c24d8e0
srv4:75:89 [0] NCCL INFO NET/IB: ncclIbReceiverQpsCreateToRts: QP created: port=1 dev=1 devName=roceP2p1s0f0 ndevs=2 nmdevs=2 qp_num=2187 pkey=0 pd=0xe0df6c24d8e0
srv4:75:89 [0] NCCL INFO NET/IB: ncclIbReceiverQpsCreateToRts: QP created: port=1 dev=0 devName=rocep1s0f0 ndevs=2 nmdevs=2 qp_num=2066 pkey=0 pd=0xe0df6c08fc30
srv4:75:89 [0] NCCL INFO NET/IB: ncclIbReceiverQpsCreateToRts: QP created: port=1 dev=0 devName=rocep1s0f0 ndevs=2 nmdevs=2 qp_num=2067 pkey=0 pd=0xe0df6c08fc30
srv4:75:89 [0] NCCL INFO NET/IB: ncclIbReceiverQpsCreateToRts: QP created: port=1 dev=1 devName=roceP2p1s0f0 ndevs=2 nmdevs=2 qp_num=2188 pkey=0 pd=0xe0df6c24d8e0
srv4:75:89 [0] NCCL INFO NET/IB: ncclIbReceiverQpsCreateToRts: QP created: port=1 dev=1 devName=roceP2p1s0f0 ndevs=2 nmdevs=2 qp_num=2189 pkey=0 pd=0xe0df6c24d8e0
srv4:75:89 [0] NCCL INFO NET/IB: ncclIbReceiverQpsCreateToRts: QP created: port=1 dev=0 devName=rocep1s0f0 ndevs=2 nmdevs=2 qp_num=2068 pkey=0 pd=0xe0df6c08fc30
srv4:75:89 [0] NCCL INFO NET/IB: ncclIbReceiverQpsCreateToRts: QP created: port=1 dev=0 devName=rocep1s0f0 ndevs=2 nmdevs=2 qp_num=2069 pkey=0 pd=0xe0df6c08fc30
srv4:75:89 [0] NCCL INFO NET/IB: ncclIbReceiverQpsCreateToRts: QP created: port=1 dev=1 devName=roceP2p1s0f0 ndevs=2 nmdevs=2 qp_num=2190 pkey=0 pd=0xe0df6c24d8e0
srv4:75:89 [0] NCCL INFO NET/IB: ncclIbReceiverQpsCreateToRts: QP created: port=1 dev=1 devName=roceP2p1s0f0 ndevs=2 nmdevs=2 qp_num=2191 pkey=0 pd=0xe0df6c24d8e0
srv4:75:89 [0] NCCL INFO NET/IB: ncclIbReceiverQpsCreateToRts: QP created: port=1 dev=0 devName=rocep1s0f0 ndevs=2 nmdevs=2 qp_num=2070 pkey=0 pd=0xe0df6c08fc30
srv4:75:89 [0] NCCL INFO NET/IB: ncclIbReceiverQpsCreateToRts: QP created: port=1 dev=0 devName=rocep1s0f0 ndevs=2 nmdevs=2 qp_num=2071 pkey=0 pd=0xe0df6c08fc30
srv4:75:89 [0] NCCL INFO NET/IB: ncclIbReceiverQpsCreateToRts: QP created: port=1 dev=1 devName=roceP2p1s0f0 ndevs=2 nmdevs=2 qp_num=2192 pkey=0 pd=0xe0df6c24d8e0
srv4:75:89 [0] NCCL INFO NET/IB: ncclIbReceiverQpsCreateToRts: QP created: port=1 dev=1 devName=roceP2p1s0f0 ndevs=2 nmdevs=2 qp_num=2193 pkey=0 pd=0xe0df6c24d8e0
srv4:75:89 [0] NCCL INFO New proxy recv connection 80 from local rank 0, transport 2
srv4:75:75 [0] NCCL INFO Connected to proxy localRank 0 -> connection 0xe0df6c0079f0
srv4:75:75 [0] NCCL INFO Channel 00/0 : 1[0] -> 3[0] [receive] via NET/IB/0
srv4:75:89 [0] NCCL INFO New proxy recv connection 81 from local rank 0, transport 2
srv4:75:75 [0] NCCL INFO Connected to proxy localRank 0 -> connection 0xe0df6c007a78
srv4:75:75 [0] NCCL INFO Channel 01/0 : 1[0] -> 3[0] [receive] via NET/IB/1
srv4:75:89 [0] NCCL INFO New proxy recv connection 82 from local rank 0, transport 2
srv4:75:75 [0] NCCL INFO Connected to proxy localRank 0 -> connection 0xe0df6c007b00
srv4:75:75 [0] NCCL INFO Channel 02/0 : 1[0] -> 3[0] [receive] via NET/IB/0
srv4:75:89 [0] NCCL INFO New proxy recv connection 83 from local rank 0, transport 2
srv4:75:75 [0] NCCL INFO Connected to proxy localRank 0 -> connection 0xe0df6c007b88
srv4:75:75 [0] NCCL INFO Channel 03/0 : 1[0] -> 3[0] [receive] via NET/IB/1
srv4:75:89 [0] NCCL INFO New proxy recv connection 84 from local rank 0, transport 2
srv4:75:75 [0] NCCL INFO Connected to proxy localRank 0 -> connection 0xe0df6c007c10
srv4:75:75 [0] NCCL INFO Channel 04/0 : 1[0] -> 3[0] [receive] via NET/IB/0
srv4:75:89 [0] NCCL INFO New proxy recv connection 85 from local rank 0, transport 2
srv4:75:75 [0] NCCL INFO Connected to proxy localRank 0 -> connection 0xe0df6c007c98
srv4:75:75 [0] NCCL INFO Channel 05/0 : 1[0] -> 3[0] [receive] via NET/IB/1
srv4:75:89 [0] NCCL INFO New proxy recv connection 86 from local rank 0, transport 2
srv4:75:75 [0] NCCL INFO Connected to proxy localRank 0 -> connection 0xe0df6c007d20
srv4:75:75 [0] NCCL INFO Channel 06/0 : 1[0] -> 3[0] [receive] via NET/IB/0
srv4:75:89 [0] NCCL INFO New proxy recv connection 87 from local rank 0, transport 2
srv4:75:75 [0] NCCL INFO Connected to proxy localRank 0 -> connection 0xe0df6c007da8
srv4:75:75 [0] NCCL INFO Channel 07/0 : 1[0] -> 3[0] [receive] via NET/IB/1
srv4:75:89 [0] NCCL INFO New proxy send connection 88 from local rank 0, transport 2
srv4:75:75 [0] NCCL INFO Connected to proxy localRank 0 -> connection 0xe0df6c007e30
srv4:75:75 [0] NCCL INFO Channel 00/0 : 3[0] -> 1[0] [send] via NET/IB/0
srv4:75:89 [0] NCCL INFO New proxy send connection 89 from local rank 0, transport 2
srv4:75:75 [0] NCCL INFO Connected to proxy localRank 0 -> connection 0xe0df6c007eb8
srv4:75:75 [0] NCCL INFO Channel 01/0 : 3[0] -> 1[0] [send] via NET/IB/1
srv4:75:89 [0] NCCL INFO New proxy send connection 90 from local rank 0, transport 2
srv4:75:75 [0] NCCL INFO Connected to proxy localRank 0 -> connection 0xe0df6c007f40
srv4:75:75 [0] NCCL INFO Channel 02/0 : 3[0] -> 1[0] [send] via NET/IB/0
srv4:75:89 [0] NCCL INFO New proxy send connection 91 from local rank 0, transport 2
srv4:75:75 [0] NCCL INFO Connected to proxy localRank 0 -> connection 0xe0df6c007fc8
srv4:75:75 [0] NCCL INFO Channel 03/0 : 3[0] -> 1[0] [send] via NET/IB/1
srv4:75:89 [0] NCCL INFO New proxy send connection 92 from local rank 0, transport 2
srv4:75:75 [0] NCCL INFO Connected to proxy localRank 0 -> connection 0xe0df6c008050
srv4:75:75 [0] NCCL INFO Channel 04/0 : 3[0] -> 1[0] [send] via NET/IB/0
srv4:75:89 [0] NCCL INFO New proxy send connection 93 from local rank 0, transport 2
srv4:75:75 [0] NCCL INFO Connected to proxy localRank 0 -> connection 0xe0df6c0080d8
srv4:75:75 [0] NCCL INFO Channel 05/0 : 3[0] -> 1[0] [send] via NET/IB/1
srv4:75:89 [0] NCCL INFO New proxy send connection 94 from local rank 0, transport 2
srv4:75:75 [0] NCCL INFO Connected to proxy localRank 0 -> connection 0xe0df6c008160
srv4:75:75 [0] NCCL INFO Channel 06/0 : 3[0] -> 1[0] [send] via NET/IB/0
srv4:75:89 [0] NCCL INFO New proxy send connection 95 from local rank 0, transport 2
srv4:75:75 [0] NCCL INFO Connected to proxy localRank 0 -> connection 0xe0df6c0081e8
srv4:75:75 [0] NCCL INFO Channel 07/0 : 3[0] -> 1[0] [send] via NET/IB/1
srv4:75:89 [0] NCCL INFO NET/IB: ncclIbResiliencyInit: Resiliency is disabled on the send communicator (comm=0xe0df6e700000)
srv4:75:89 [0] NCCL INFO NET/IB: ncclIbResiliencyInit: Resiliency is disabled on the recv communicator (comm=0xe0df6e739000)
srv4:75:89 [0] NCCL INFO NET/IB: ncclIbRecvCommInit: Receive work requests will be posted on-demand
srv4:75:89 [0] NCCL INFO NET/IB: ncclIbResiliencyInit: Resiliency is disabled on the send communicator (comm=0xe0df6e776000)
srv4:75:89 [0] NCCL INFO NET/IB: ncclIbSenderQpsCreate: QP created: port=1 dev=0 devName=rocep1s0f0 ndevs=2 nmdevs=2 qp_num=2072 pkey=0 pd=0xe0df6c08fc30
srv4:75:89 [0] NCCL INFO NET/IB: ncclIbConnect: NCCL Dev 0 IbDev 0 Port 1 qp_num 2072 mtu 5 GID 3 (0/40A0A0AFFFF0000) ctsFifoRkey=0x1a812a ctsFifoLkey=0x1a812a
srv4:75:89 [0] NCCL INFO NET/IB: ncclIbConnect: IbDev 0 Port 1 qp_num 2072 query_ece={supported=1, vendor_id=0x15b3, options=0x30000002, comp_mask=0x0}
srv4:75:89 [0] NCCL INFO NET/IB: ncclIbSenderQpsCreate: QP created: port=1 dev=1 devName=roceP2p1s0f0 ndevs=2 nmdevs=2 qp_num=2194 pkey=0 pd=0xe0df6c24d8e0
srv4:75:89 [0] NCCL INFO NET/IB: ncclIbConnect: NCCL Dev 1 IbDev 1 Port 1 qp_num 2194 mtu 5 GID 3 (0/40B0A0AFFFF0000) ctsFifoRkey=0x16dedc ctsFifoLkey=0x16dedc
srv4:75:89 [0] NCCL INFO NET/IB: ncclIbConnect: IbDev 1 Port 1 qp_num 2194 query_ece={supported=1, vendor_id=0x15b3, options=0x30000002, comp_mask=0x0}
srv4:75:89 [0] NCCL INFO NET/IB: ncclIbResiliencyInit: Resiliency is disabled on the recv communicator (comm=0xe0df6e811000)
srv4:75:89 [0] NCCL INFO NET/IB: ncclIbRecvCommInit: Receive work requests will be posted on-demand
srv4:75:89 [0] NCCL INFO NET/IB: ncclIbResiliencyInit: Resiliency is disabled on the send communicator (comm=0xe0df6e850000)
srv4:75:89 [0] NCCL INFO NET/IB: ncclIbResiliencyInit: Resiliency is disabled on the recv communicator (comm=0xe0df6e88b000)
srv4:75:89 [0] NCCL INFO NET/IB: ncclIbRecvCommInit: Receive work requests will be posted on-demand
srv4:75:89 [0] NCCL INFO NET/IB: ncclIbResiliencyInit: Resiliency is disabled on the send communicator (comm=0xe0df6e8ca000)
srv4:75:89 [0] NCCL INFO NET/IB: ncclIbReceiverQpsCreateToRts: QP created: port=1 dev=0 devName=rocep1s0f0 ndevs=2 nmdevs=2 qp_num=2073 pkey=0 pd=0xe0df6c08fc30
srv4:75:89 [0] NCCL INFO NET/IB: ncclIbReceiverQpsCreateToRts: QP created: port=1 dev=0 devName=rocep1s0f0 ndevs=2 nmdevs=2 qp_num=2074 pkey=0 pd=0xe0df6c08fc30
srv4:75:89 [0] NCCL INFO NET/IB: ncclIbResiliencyInit: Resiliency is disabled on the recv communicator (comm=0xe0df6e955000)
srv4:75:89 [0] NCCL INFO NET/IB: ncclIbRecvCommInit: Receive work requests will be posted on-demand
srv4:75:89 [0] NCCL INFO NET/IB: ncclIbResiliencyInit: Resiliency is disabled on the send communicator (comm=0xe0df6e994000)
srv4:75:89 [0] NCCL INFO NET/IB: ncclIbResiliencyInit: Resiliency is disabled on the recv communicator (comm=0xe0df6e9cf000)
srv4:75:89 [0] NCCL INFO NET/IB: ncclIbRecvCommInit: Receive work requests will be posted on-demand
srv4:75:89 [0] NCCL INFO NET/IB: ncclIbResiliencyInit: Resiliency is disabled on the send communicator (comm=0xe0df6ea0e000)
srv4:75:89 [0] NCCL INFO NET/IB: ncclIbResiliencyInit: Resiliency is disabled on the recv communicator (comm=0xe0df6ea49000)
srv4:75:89 [0] NCCL INFO NET/IB: ncclIbRecvCommInit: Receive work requests will be posted on-demand
srv4:75:89 [0] NCCL INFO NET/IB: ncclIbResiliencyInit: Resiliency is disabled on the send communicator (comm=0xe0df6ea88000)
srv4:75:89 [0] NCCL INFO NET/IB: ncclIbResiliencyInit: Resiliency is disabled on the recv communicator (comm=0xe0df6eac3000)
srv4:75:89 [0] NCCL INFO NET/IB: ncclIbRecvCommInit: Receive work requests will be posted on-demand
srv4:75:89 [0] NCCL INFO NET/IB: ncclIbResiliencyInit: Resiliency is disabled on the send communicator (comm=0xe0df6eb02000)
srv4:75:89 [0] NCCL INFO NET/IB: ncclIbSenderQpsToRts: Set ECE: IbDev 0 Port 1 qp_num 2072 set_ece={supported=1, vendor_id=0x15b3, options=0x30000002, comp_mask=0x0}
srv4:75:89 [0] NCCL INFO NET/IB: ncclIbSenderQpsToRts: Set ECE: IbDev 1 Port 1 qp_num 2194 set_ece={supported=1, vendor_id=0x15b3, options=0x30000002, comp_mask=0x0}
srv4:75:89 [0] NCCL INFO NET/IB: ncclIbReceiverQpsCreateToRts: QP created: port=1 dev=1 devName=roceP2p1s0f0 ndevs=2 nmdevs=2 qp_num=2195 pkey=0 pd=0xe0df6c24d8e0
srv4:75:89 [0] NCCL INFO NET/IB: ncclIbReceiverQpsCreateToRts: QP created: port=1 dev=1 devName=roceP2p1s0f0 ndevs=2 nmdevs=2 qp_num=2196 pkey=0 pd=0xe0df6c24d8e0
srv4:75:89 [0] NCCL INFO NET/IB: ncclIbSenderQpsCreate: QP created: port=1 dev=0 devName=rocep1s0f0 ndevs=2 nmdevs=2 qp_num=2075 pkey=0 pd=0xe0df6c08fc30
srv4:75:89 [0] NCCL INFO NET/IB: ncclIbConnect: NCCL Dev 0 IbDev 0 Port 1 qp_num 2075 mtu 5 GID 3 (0/40A0A0AFFFF0000) ctsFifoRkey=0x1533ef ctsFifoLkey=0x1533ef
srv4:75:89 [0] NCCL INFO NET/IB: ncclIbConnect: IbDev 0 Port 1 qp_num 2075 query_ece={supported=1, vendor_id=0x15b3, options=0x30000002, comp_mask=0x0}
srv4:75:89 [0] NCCL INFO NET/IB: ncclIbReceiverQpsCreateToRts: QP created: port=1 dev=0 devName=rocep1s0f0 ndevs=2 nmdevs=2 qp_num=2076 pkey=0 pd=0xe0df6c08fc30
srv4:75:89 [0] NCCL INFO NET/IB: ncclIbReceiverQpsCreateToRts: QP created: port=1 dev=0 devName=rocep1s0f0 ndevs=2 nmdevs=2 qp_num=2077 pkey=0 pd=0xe0df6c08fc30
srv4:75:89 [0] NCCL INFO NET/IB: ncclIbSenderQpsCreate: QP created: port=1 dev=1 devName=roceP2p1s0f0 ndevs=2 nmdevs=2 qp_num=2197 pkey=0 pd=0xe0df6c24d8e0
srv4:75:89 [0] NCCL INFO NET/IB: ncclIbConnect: NCCL Dev 1 IbDev 1 Port 1 qp_num 2197 mtu 5 GID 3 (0/40B0A0AFFFF0000) ctsFifoRkey=0x172320 ctsFifoLkey=0x172320
srv4:75:89 [0] NCCL INFO NET/IB: ncclIbConnect: IbDev 1 Port 1 qp_num 2197 query_ece={supported=1, vendor_id=0x15b3, options=0x30000002, comp_mask=0x0}
srv4:75:89 [0] NCCL INFO NET/IB: ncclIbReceiverQpsCreateToRts: QP created: port=1 dev=1 devName=roceP2p1s0f0 ndevs=2 nmdevs=2 qp_num=2198 pkey=0 pd=0xe0df6c24d8e0
srv4:75:89 [0] NCCL INFO NET/IB: ncclIbReceiverQpsCreateToRts: QP created: port=1 dev=1 devName=roceP2p1s0f0 ndevs=2 nmdevs=2 qp_num=2199 pkey=0 pd=0xe0df6c24d8e0
srv4:75:89 [0] NCCL INFO NET/IB: ncclIbSenderQpsCreate: QP created: port=1 dev=0 devName=rocep1s0f0 ndevs=2 nmdevs=2 qp_num=2078 pkey=0 pd=0xe0df6c08fc30
srv4:75:89 [0] NCCL INFO NET/IB: ncclIbConnect: NCCL Dev 0 IbDev 0 Port 1 qp_num 2078 mtu 5 GID 3 (0/40A0A0AFFFF0000) ctsFifoRkey=0x135f1e ctsFifoLkey=0x135f1e
srv4:75:89 [0] NCCL INFO NET/IB: ncclIbConnect: IbDev 0 Port 1 qp_num 2078 query_ece={supported=1, vendor_id=0x15b3, options=0x30000002, comp_mask=0x0}
srv4:75:89 [0] NCCL INFO NET/IB: ncclIbReceiverQpsCreateToRts: QP created: port=1 dev=0 devName=rocep1s0f0 ndevs=2 nmdevs=2 qp_num=2079 pkey=0 pd=0xe0df6c08fc30
srv4:75:89 [0] NCCL INFO NET/IB: ncclIbReceiverQpsCreateToRts: QP created: port=1 dev=0 devName=rocep1s0f0 ndevs=2 nmdevs=2 qp_num=2080 pkey=0 pd=0xe0df6c08fc30
srv4:75:89 [0] NCCL INFO NET/IB: ncclIbResiliencyInit: Resiliency is disabled on the recv communicator (comm=0xe0df6ed0f000)
srv4:75:89 [0] NCCL INFO NET/IB: ncclIbRecvCommInit: Receive work requests will be posted on-demand
srv4:75:89 [0] NCCL INFO NET/IB: ncclIbSenderQpsToRts: Set ECE: IbDev 0 Port 1 qp_num 2075 set_ece={supported=1, vendor_id=0x15b3, options=0x30000002, comp_mask=0x0}
srv4:75:89 [0] NCCL INFO NET/IB: ncclIbSenderQpsToRts: Set ECE: IbDev 1 Port 1 qp_num 2197 set_ece={supported=1, vendor_id=0x15b3, options=0x30000002, comp_mask=0x0}
srv4:75:89 [0] NCCL INFO NET/IB: ncclIbSenderQpsToRts: Set ECE: IbDev 0 Port 1 qp_num 2078 set_ece={supported=1, vendor_id=0x15b3, options=0x30000002, comp_mask=0x0}
srv4:75:89 [0] NCCL INFO NET/IB: ncclIbSenderQpsCreate: QP created: port=1 dev=1 devName=roceP2p1s0f0 ndevs=2 nmdevs=2 qp_num=2200 pkey=0 pd=0xe0df6c24d8e0
srv4:75:89 [0] NCCL INFO NET/IB: ncclIbConnect: NCCL Dev 1 IbDev 1 Port 1 qp_num 2200 mtu 5 GID 3 (0/40B0A0AFFFF0000) ctsFifoRkey=0x17abaa ctsFifoLkey=0x17abaa
srv4:75:89 [0] NCCL INFO NET/IB: ncclIbConnect: IbDev 1 Port 1 qp_num 2200 query_ece={supported=1, vendor_id=0x15b3, options=0x30000002, comp_mask=0x0}
srv4:75:89 [0] NCCL INFO NET/IB: ncclIbSenderQpsCreate: QP created: port=1 dev=0 devName=rocep1s0f0 ndevs=2 nmdevs=2 qp_num=2081 pkey=0 pd=0xe0df6c08fc30
srv4:75:89 [0] NCCL INFO NET/IB: ncclIbConnect: NCCL Dev 0 IbDev 0 Port 1 qp_num 2081 mtu 5 GID 3 (0/40A0A0AFFFF0000) ctsFifoRkey=0x15904d ctsFifoLkey=0x15904d
srv4:75:89 [0] NCCL INFO NET/IB: ncclIbConnect: IbDev 0 Port 1 qp_num 2081 query_ece={supported=1, vendor_id=0x15b3, options=0x30000002, comp_mask=0x0}
srv4:75:89 [0] NCCL INFO NET/IB: ncclIbSenderQpsCreate: QP created: port=1 dev=1 devName=roceP2p1s0f0 ndevs=2 nmdevs=2 qp_num=2201 pkey=0 pd=0xe0df6c24d8e0
srv4:75:89 [0] NCCL INFO NET/IB: ncclIbConnect: NCCL Dev 1 IbDev 1 Port 1 qp_num 2201 mtu 5 GID 3 (0/40B0A0AFFFF0000) ctsFifoRkey=0x19eae7 ctsFifoLkey=0x19eae7
srv4:75:89 [0] NCCL INFO NET/IB: ncclIbConnect: IbDev 1 Port 1 qp_num 2201 query_ece={supported=1, vendor_id=0x15b3, options=0x30000002, comp_mask=0x0}
srv4:75:89 [0] NCCL INFO NET/IB: ncclIbSenderQpsToRts: Set ECE: IbDev 1 Port 1 qp_num 2200 set_ece={supported=1, vendor_id=0x15b3, options=0x30000002, comp_mask=0x0}
srv4:75:89 [0] NCCL INFO NET/IB: ncclIbSenderQpsToRts: Set ECE: IbDev 0 Port 1 qp_num 2081 set_ece={supported=1, vendor_id=0x15b3, options=0x30000002, comp_mask=0x0}
srv4:75:89 [0] NCCL INFO NET/IB: ncclIbReceiverQpsCreateToRts: QP created: port=1 dev=0 devName=rocep1s0f0 ndevs=2 nmdevs=2 qp_num=2082 pkey=0 pd=0xe0df6c08fc30
srv4:75:89 [0] NCCL INFO NET/IB: ncclIbReceiverQpsCreateToRts: QP created: port=1 dev=0 devName=rocep1s0f0 ndevs=2 nmdevs=2 qp_num=2083 pkey=0 pd=0xe0df6c08fc30
srv4:75:89 [0] NCCL INFO NET/IB: ncclIbSenderQpsToRts: Set ECE: IbDev 1 Port 1 qp_num 2201 set_ece={supported=1, vendor_id=0x15b3, options=0x30000002, comp_mask=0x0}
srv4:75:89 [0] NCCL INFO NET/IB: ncclIbReceiverQpsCreateToRts: QP created: port=1 dev=1 devName=roceP2p1s0f0 ndevs=2 nmdevs=2 qp_num=2202 pkey=0 pd=0xe0df6c24d8e0
srv4:75:89 [0] NCCL INFO NET/IB: ncclIbReceiverQpsCreateToRts: QP created: port=1 dev=1 devName=roceP2p1s0f0 ndevs=2 nmdevs=2 qp_num=2203 pkey=0 pd=0xe0df6c24d8e0
srv4:75:89 [0] NCCL INFO NET/IB: ncclIbReceiverQpsCreateToRts: QP created: port=1 dev=1 devName=roceP2p1s0f0 ndevs=2 nmdevs=2 qp_num=2204 pkey=0 pd=0xe0df6c24d8e0
srv4:75:89 [0] NCCL INFO NET/IB: ncclIbReceiverQpsCreateToRts: QP created: port=1 dev=1 devName=roceP2p1s0f0 ndevs=2 nmdevs=2 qp_num=2205 pkey=0 pd=0xe0df6c24d8e0
srv4:75:75 [0] NCCL INFO Connected binomial trees
srv4:75:89 [0] NCCL INFO New proxy send connection 96 from local rank 0, transport 2
srv4:75:75 [0] NCCL INFO Connected to proxy localRank 0 -> connection 0xe0df6c008270
srv4:75:75 [0] NCCL INFO TUNER/Plugin: Could not find: libnccl-tuner.so
srv4:75:75 [0] NCCL INFO threadThresholds 8/8/64 | 32/8/64 | 512 | 512
srv4:75:75 [0] NCCL INFO 16 coll channels, 16 collnet channels, 0 nvls channels, 16 p2p channels, 4 p2p channels per peer
srv4:75:75 [0] NCCL INFO Symmetric memory is not supported. cuMemEnable 0, globalGinSupport 0, globalNicFused 0 cuMemGdrSupport 0
srv4:75:75 [0] NCCL INFO ncclCommInitRankConfig comm 0x5097b4e0 rank 3 nranks 4 cudaDev 0 nvmlDev 0 busId f01000 commId 0x8353b7d137f28f2a - Init COMPLETE
srv4:75:75 [0] NCCL INFO Init timings - ncclCommInitRankConfig: rank 3 nranks 4 total 1.49 (kernels 0.17, alloc 0.03, bootstrap 0.03, allgathers 0.00, topo 0.01, graphs 0.00, connections 1.25, rest 0.00)
0 [46540, 6347, 39834, 504, 2176] {'legacy': 22336.67, 'candidate': 22695.66}
1 [325, 2432, 21015, 21235, 71221] {'legacy': 19031.07, 'candidate': 18880.69}
17 [49, 4132, 3558, 108156, 2266] {'legacy': 18845.98, 'candidate': 19079.22}
2047 [64, 3598, 284, 6, 13] {'legacy': 18913.25, 'candidate': 18621.41}
2048 [9631, 11, 353, 3070, 3484] {'legacy': 18985.92, 'candidate': 18725.73}
2057 [261, 13, 14059, 974, 11] {'legacy': 18919.02, 'candidate': 18928.85}
srv4:75:75 [0] NCCL INFO comm 0x5097b4e0 rank 3 nranks 4 cudaDev 0 busId f01000 - Destroy COMPLETE
srv4:75:75 [0] NCCL INFO ENV/Plugin: Closing env plugin ncclEnvDefault
[W911 14:00:50.231082669 Utils.hpp:137] Warning: Environment variable NCCL_ASYNC_ERROR_HANDLING is deprecated; use TORCH_NCCL_ASYNC_ERROR_HANDLING instead (function operator())
