srv1:31:31 [0] NCCL INFO ENV/Plugin: Could not find: libnccl-env.so
srv1:31:31 [0] NCCL INFO cudaDriverVersion 13000
srv1:31:31 [0] NCCL INFO NCCL_SOCKET_IFNAME set to enp1s0f0np0
srv1:31:31 [0] NCCL INFO NCCL version 2.29.7+cuda13.2
srv1:31:31 [0] NCCL INFO NCCL git version stable b81d6a5a3
srv1:31:31 [0] NCCL INFO NET/Plugin: Could not find: libnccl-net.so
srv1:31:31 [0] NCCL INFO dlvsym failed on mlx5dv_get_data_direct_sysfs_path - /usr/lib/aarch64-linux-gnu/libmlx5.so: undefined symbol: mlx5dv_get_data_direct_sysfs_path, version MLX5_1.25 version MLX5_1.25
srv1:31:31 [0] NCCL INFO dlvsym failed on mlx5dv_reg_dmabuf_mr - /usr/lib/aarch64-linux-gnu/libmlx5.so: undefined symbol: mlx5dv_reg_dmabuf_mr, version MLX5_1.25 version MLX5_1.25
srv1:31:31 [0] NCCL INFO NCCL_IB_HCA set to rocep1s0f0,roceP2p1s0f0
srv1:31:31 [0] NCCL INFO NET/IB: [0] rocep1s0f0:uverbs0:1/RoCE provider=Mlx5 speed=200000 context=0x42577210 pciPath=/sys/devices/pci0000:00/0000:00:00.0/0000:01:00.0 ar=0
srv1:31:31 [0] NCCL INFO NET/IB: [2] roceP2p1s0f0:uverbs2:1/RoCE provider=Mlx5 speed=200000 context=0x425b8910 pciPath=/sys/devices/pci0002:00/0002:00:00.0/0002:01:00.0 ar=0
srv1:31:31 [0] NCCL INFO NET/IB : Made virtual device [0] name=rocep1s0f0 speed=200000 ndevs=1
srv1:31:31 [0] NCCL INFO NET/IB : Made virtual device [1] name=roceP2p1s0f0 speed=200000 ndevs=1
srv1:31:31 [0] NCCL INFO NET/IB : Using [0]rocep1s0f0:1/RoCE [1]roceP2p1s0f0:1/RoCE [RO]; OOB enp1s0f0np0:10.10.10.1<0>
srv1:31:31 [0] NCCL INFO Initialized NET plugin IB
srv1:31:31 [0] NCCL INFO Assigned NET plugin IB to comm
srv1:31:31 [0] NCCL INFO GIN/Plugin: Could not find: libnccl-gin.so
srv1:31:31 [0] NCCL INFO Assigned GIN plugin GIN_IB_GDAKI to comm
srv1:31:31 [0] NCCL INFO Assigned RMA plugin GIN_IB_PROXY to comm
srv1:31:31 [0] NCCL INFO Using network IB
srv1:31:31 [0] NCCL INFO [Rank 1] ncclCommInitRankConfig comm 0x40b54530 rank 1 nranks 4 cudaDev 0 nvmlDev 0 busId f01000 commId 0x8353b7d137f28f2a - Init START
srv1:31:31 [0] NCCL INFO RAS client listening socket at 127.0.0.1<28028>
srv1:31:31 [0] NCCL INFO NCCL_P2P_LEVEL set by environment to SYS
srv1:31:31 [0] NCCL INFO Topology detection : could not read /sys/devices/system/node/node-1/cpumap, ignoring
srv1:31:31 [0] NCCL INFO TOPO/NET : Importing network plugins to topology
srv1:31:31 [0] NCCL INFO Topology detection : could not read /sys/devices/system/node/node-1/cpumap, ignoring
srv1:31:31 [0] NCCL INFO NET/GIN_IB_GDAKI : GPU Direct RDMA Disabled for HCA 0 'rocep1s0f0'
srv1:31:31 [0] NCCL INFO ncclTopoPopulateNics : Filled rocep1s0f0 in topo with pciPath=/sys/devices/pci0000:00/0000:00:00.0/0000:01:00.0 net=0 gin=1 keep=1 coll=(null)
srv1:31:31 [0] NCCL INFO Topology detection : could not read /sys/devices/system/node/node-1/cpumap, ignoring
srv1:31:31 [0] NCCL INFO NET/GIN_IB_GDAKI : GPU Direct RDMA Disabled for HCA 1 'roceP2p1s0f0'
srv1:31:31 [0] NCCL INFO ncclTopoPopulateNics : Filled roceP2p1s0f0 in topo with pciPath=/sys/devices/pci0002:00/0002:00:00.0/0002:01:00.0 net=0 gin=1 keep=1 coll=(null)
srv1:31:31 [0] NCCL INFO NET/IB : GPU Direct RDMA Disabled for HCA 0 'rocep1s0f0'
srv1:31:31 [0] NCCL INFO ncclTopoPopulateNics : Filled rocep1s0f0 in topo with pciPath=/sys/devices/pci0000:00/0000:00:00.0/0000:01:00.0 net=1 gin=1 keep=1 coll=(null)
srv1:31:31 [0] NCCL INFO NET/IB : GPU Direct RDMA Disabled for HCA 1 'roceP2p1s0f0'
srv1:31:31 [0] NCCL INFO ncclTopoPopulateNics : Filled roceP2p1s0f0 in topo with pciPath=/sys/devices/pci0002:00/0002:00:00.0/0002:01:00.0 net=1 gin=1 keep=1 coll=(null)
srv1:31:31 [0] NCCL INFO === System : maxBw 12.0 totalBw 3.0 ===
srv1:31:31 [0] NCCL INFO CPU/0-ffffffffffffff (3/-1/-1)
srv1:31:31 [0] NCCL INFO + C2C[345.0] - GPU/0-f01000
srv1:31:31 [0] NCCL INFO + PCI[12.0] - NIC/0-1000
srv1:31:31 [0] NCCL INFO               + NET[25.0] - NET/0-0 (0/6ff9bb000399c530/1/25.000000)
srv1:31:31 [0] NCCL INFO               + NET[25.0] - GIN/0-0
srv1:31:31 [0] NCCL INFO + PCI[12.0] - NIC/0-201000
srv1:31:31 [0] NCCL INFO               + NET[25.0] - NET/0-1 (0/6ff9bb000399c530/1/25.000000)
srv1:31:31 [0] NCCL INFO               + NET[25.0] - GIN/0-1
srv1:31:31 [0] NCCL INFO + PCI[3.0] - GPU/0-f01000 (1)
srv1:31:31 [0] NCCL INFO              + C2C[345.0] - CPU/0-ffffffffffffff
srv1:31:31 [0] NCCL INFO ==========================================
srv1:31:31 [0] NCCL INFO GPU/0-f01000 :GPU/0-f01000 (0/5000.0/LOC) CPU/0-ffffffffffffff (1/345.0/C2C) NET/0-0 (3/12.0/P2C) NET/0-1 (3/12.0/P2C) GIN/0-0 (3/12.0/PHB) GIN/0-1 (3/12.0/PHB) 
srv1:31:31 [0] NCCL INFO NET/0-0 :GPU/0-f01000 (3/12.0/P2C) CPU/0-ffffffffffffff (2/12.0/PHB) NET/0-0 (0/5000.0/LOC) NET/0-1 (4/12.0/PHB) GIN/0-0 (2/25.0/LOC) GIN/0-1 (4/12.0/PHB) 
srv1:31:31 [0] NCCL INFO NET/0-1 :GPU/0-f01000 (3/12.0/P2C) CPU/0-ffffffffffffff (2/12.0/PHB) NET/0-0 (4/12.0/PHB) NET/0-1 (0/5000.0/LOC) GIN/0-0 (4/12.0/PHB) GIN/0-1 (2/25.0/LOC) 
srv1:31:31 [0] NCCL INFO GIN/0-0 :GPU/0-f01000 (3/12.0/PHB) CPU/0-ffffffffffffff (2/12.0/PHB) NET/0-0 (2/25.0/LOC) NET/0-1 (4/12.0/PHB) GIN/0-0 (0/5000.0/LOC) GIN/0-1 (4/12.0/PHB) 
srv1:31:31 [0] NCCL INFO GIN/0-1 :GPU/0-f01000 (3/12.0/PHB) CPU/0-ffffffffffffff (2/12.0/PHB) NET/0-0 (4/12.0/PHB) NET/0-1 (2/25.0/LOC) GIN/0-0 (4/12.0/PHB) GIN/0-1 (0/5000.0/LOC) 
srv1:31:31 [0] NCCL INFO ncclTopoGetCpuAffinity: Affinity for GPU 0 is empty, ignoring. (GPU affinity = ).
srv1:31:31 [0] NCCL INFO Pattern 4, crossNic 1, nChannels 8, bw 3.000000/3.000000, type LOC/P2C, sameChannels 1
srv1:31:31 [0] NCCL INFO  0 : NET/0-0 GPU/0-f01000 NET/0-0
srv1:31:31 [0] NCCL INFO  1 : NET/0-1 GPU/0-f01000 NET/0-0
srv1:31:31 [0] NCCL INFO  2 : NET/0-0 GPU/0-f01000 NET/0-0
srv1:31:31 [0] NCCL INFO  3 : NET/0-1 GPU/0-f01000 NET/0-0
srv1:31:31 [0] NCCL INFO  4 : NET/0-0 GPU/0-f01000 NET/0-1
srv1:31:31 [0] NCCL INFO  5 : NET/0-1 GPU/0-f01000 NET/0-1
srv1:31:31 [0] NCCL INFO  6 : NET/0-0 GPU/0-f01000 NET/0-1
srv1:31:31 [0] NCCL INFO  7 : NET/0-1 GPU/0-f01000 NET/0-1
srv1:31:31 [0] NCCL INFO Pattern 3, crossNic 1, nChannels 8, bw 1.200000/0.240000, type LOC/P2C, sameChannels 1
srv1:31:31 [0] NCCL INFO  0 : NET/0-0 GPU/0-f01000 NET/0-0
srv1:31:31 [0] NCCL INFO  1 : NET/0-1 GPU/0-f01000 NET/0-1
srv1:31:31 [0] NCCL INFO  2 : NET/0-0 GPU/0-f01000 NET/0-0
srv1:31:31 [0] NCCL INFO  3 : NET/0-1 GPU/0-f01000 NET/0-1
srv1:31:31 [0] NCCL INFO  4 : NET/0-0 GPU/0-f01000 NET/0-0
srv1:31:31 [0] NCCL INFO  5 : NET/0-1 GPU/0-f01000 NET/0-1
srv1:31:31 [0] NCCL INFO  6 : NET/0-0 GPU/0-f01000 NET/0-0
srv1:31:31 [0] NCCL INFO  7 : NET/0-1 GPU/0-f01000 NET/0-1
srv1:31:31 [0] NCCL INFO comm 0x40b54530 rank 1 nRanks 4 nNodes 4 localRanks 1 localRank 0 MNNVL 0
srv1:31:31 [0] NCCL INFO Tree 0 : 2 -> 1 -> -1/-1/-1
srv1:31:31 [0] NCCL INFO Tree 8 : 3 -> 1 -> 2/0/-1
srv1:31:31 [0] NCCL INFO Tree 1 : 2 -> 1 -> -1/-1/-1
srv1:31:31 [0] NCCL INFO Tree 9 : 3 -> 1 -> 2/0/-1
srv1:31:31 [0] NCCL INFO Tree 2 : 2 -> 1 -> -1/-1/-1
srv1:31:31 [0] NCCL INFO Tree 10 : 3 -> 1 -> 2/0/-1
srv1:31:31 [0] NCCL INFO Tree 3 : 2 -> 1 -> -1/-1/-1
srv1:31:31 [0] NCCL INFO Tree 11 : 3 -> 1 -> 2/0/-1
srv1:31:31 [0] NCCL INFO Tree 4 : 2 -> 1 -> -1/-1/-1
srv1:31:31 [0] NCCL INFO Tree 12 : 3 -> 1 -> 2/0/-1
srv1:31:31 [0] NCCL INFO Tree 5 : 2 -> 1 -> -1/-1/-1
srv1:31:31 [0] NCCL INFO Tree 13 : 3 -> 1 -> 2/0/-1
srv1:31:31 [0] NCCL INFO Tree 6 : 2 -> 1 -> -1/-1/-1
srv1:31:31 [0] NCCL INFO Tree 14 : 3 -> 1 -> 2/0/-1
srv1:31:31 [0] NCCL INFO Tree 7 : 2 -> 1 -> -1/-1/-1
srv1:31:31 [0] NCCL INFO Tree 15 : 3 -> 1 -> 2/0/-1
srv1:31:31 [0] NCCL INFO Ring 00 : 0 -> 1 -> 2
srv1:31:31 [0] NCCL INFO Ring 01 : 0 -> 1 -> 2
srv1:31:31 [0] NCCL INFO Ring 02 : 0 -> 1 -> 2
srv1:31:31 [0] NCCL INFO Ring 03 : 0 -> 1 -> 2
srv1:31:31 [0] NCCL INFO Ring 04 : 0 -> 1 -> 2
srv1:31:31 [0] NCCL INFO Ring 05 : 0 -> 1 -> 2
srv1:31:31 [0] NCCL INFO Ring 06 : 0 -> 1 -> 2
srv1:31:31 [0] NCCL INFO Ring 07 : 0 -> 1 -> 2
srv1:31:31 [0] NCCL INFO Ring 08 : 0 -> 1 -> 2
srv1:31:31 [0] NCCL INFO Ring 09 : 0 -> 1 -> 2
srv1:31:31 [0] NCCL INFO Ring 10 : 0 -> 1 -> 2
srv1:31:31 [0] NCCL INFO Ring 11 : 0 -> 1 -> 2
srv1:31:31 [0] NCCL INFO Ring 12 : 0 -> 1 -> 2
srv1:31:31 [0] NCCL INFO Ring 13 : 0 -> 1 -> 2
srv1:31:31 [0] NCCL INFO Ring 14 : 0 -> 1 -> 2
srv1:31:31 [0] NCCL INFO Ring 15 : 0 -> 1 -> 2
srv1:31:31 [0] NCCL INFO Trees [0] -1/-1/-1->1->2 [1] -1/-1/-1->1->2 [2] -1/-1/-1->1->2 [3] -1/-1/-1->1->2 [4] -1/-1/-1->1->2 [5] -1/-1/-1->1->2 [6] -1/-1/-1->1->2 [7] -1/-1/-1->1->2 [8] 2/0/-1->1->3 [9] 2/0/-1->1->3 [10] 2/0/-1->1->3 [11] 2/0/-1->1->3 [12] 2/0/-1->1->3 [13] 2/0/-1->1->3 [14] 2/0/-1->1->3 [15] 2/0/-1->1->3
srv1:31:31 [0] NCCL INFO P2P Chunksize set to 262144
srv1:31:31 [0] NCCL INFO PROFILER/Plugin: Could not find: libnccl-profiler.so
srv1:31:31 [0] NCCL INFO Check P2P Type isAllDirectP2p 1 directMode 0 isAllCudaP2p 1
srv1:31:31 [0] NCCL INFO ncclP2pSchedule: group size used is 1
srv1:31:45 [0] NCCL INFO [Proxy Service] Device 0 CPU core 12
srv1:31:46 [0] NCCL INFO [Proxy Service UDS] Device 0 CPU core 13
srv1:31:45 [0] NCCL INFO New proxy recv connection 0 from local rank 0, transport 2
srv1:31:31 [0] NCCL INFO Connected to proxy localRank 0 -> connection 0xeeecd0004f70
srv1:31:47 [0] NCCL INFO [Proxy Progress] Device 0 CPU core 16
srv1:31:31 [0] NCCL INFO Channel 00/0 : 0[0] -> 1[0] [receive] via NET/IB/0
srv1:31:45 [0] NCCL INFO New proxy recv connection 1 from local rank 0, transport 2
srv1:31:31 [0] NCCL INFO Connected to proxy localRank 0 -> connection 0xeeecd0004ff8
srv1:31:31 [0] NCCL INFO Channel 01/0 : 0[0] -> 1[0] [receive] via NET/IB/1
srv1:31:45 [0] NCCL INFO New proxy recv connection 2 from local rank 0, transport 2
srv1:31:31 [0] NCCL INFO Connected to proxy localRank 0 -> connection 0xeeecd0005080
srv1:31:31 [0] NCCL INFO Channel 02/0 : 0[0] -> 1[0] [receive] via NET/IB/0
srv1:31:45 [0] NCCL INFO New proxy recv connection 3 from local rank 0, transport 2
srv1:31:31 [0] NCCL INFO Connected to proxy localRank 0 -> connection 0xeeecd0005108
srv1:31:31 [0] NCCL INFO Channel 03/0 : 0[0] -> 1[0] [receive] via NET/IB/1
srv1:31:45 [0] NCCL INFO New proxy recv connection 4 from local rank 0, transport 2
srv1:31:31 [0] NCCL INFO Connected to proxy localRank 0 -> connection 0xeeecd0005190
srv1:31:31 [0] NCCL INFO Channel 04/0 : 0[0] -> 1[0] [receive] via NET/IB/0
srv1:31:45 [0] NCCL INFO New proxy recv connection 5 from local rank 0, transport 2
srv1:31:31 [0] NCCL INFO Connected to proxy localRank 0 -> connection 0xeeecd0005218
srv1:31:31 [0] NCCL INFO Channel 05/0 : 0[0] -> 1[0] [receive] via NET/IB/1
srv1:31:45 [0] NCCL INFO New proxy recv connection 6 from local rank 0, transport 2
srv1:31:31 [0] NCCL INFO Connected to proxy localRank 0 -> connection 0xeeecd00052a0
srv1:31:31 [0] NCCL INFO Channel 06/0 : 0[0] -> 1[0] [receive] via NET/IB/0
srv1:31:45 [0] NCCL INFO New proxy recv connection 7 from local rank 0, transport 2
srv1:31:31 [0] NCCL INFO Connected to proxy localRank 0 -> connection 0xeeecd0005328
srv1:31:31 [0] NCCL INFO Channel 07/0 : 0[0] -> 1[0] [receive] via NET/IB/1
srv1:31:45 [0] NCCL INFO New proxy recv connection 8 from local rank 0, transport 2
srv1:31:31 [0] NCCL INFO Connected to proxy localRank 0 -> connection 0xeeecd00053b0
srv1:31:31 [0] NCCL INFO Channel 08/0 : 0[0] -> 1[0] [receive] via NET/IB/0
srv1:31:45 [0] NCCL INFO New proxy recv connection 9 from local rank 0, transport 2
srv1:31:31 [0] NCCL INFO Connected to proxy localRank 0 -> connection 0xeeecd0005438
srv1:31:31 [0] NCCL INFO Channel 09/0 : 0[0] -> 1[0] [receive] via NET/IB/1
srv1:31:45 [0] NCCL INFO New proxy recv connection 10 from local rank 0, transport 2
srv1:31:31 [0] NCCL INFO Connected to proxy localRank 0 -> connection 0xeeecd00054c0
srv1:31:31 [0] NCCL INFO Channel 10/0 : 0[0] -> 1[0] [receive] via NET/IB/0
srv1:31:45 [0] NCCL INFO New proxy recv connection 11 from local rank 0, transport 2
srv1:31:31 [0] NCCL INFO Connected to proxy localRank 0 -> connection 0xeeecd0005548
srv1:31:31 [0] NCCL INFO Channel 11/0 : 0[0] -> 1[0] [receive] via NET/IB/1
srv1:31:45 [0] NCCL INFO New proxy recv connection 12 from local rank 0, transport 2
srv1:31:31 [0] NCCL INFO Connected to proxy localRank 0 -> connection 0xeeecd00055d0
srv1:31:31 [0] NCCL INFO Channel 12/0 : 0[0] -> 1[0] [receive] via NET/IB/0
srv1:31:45 [0] NCCL INFO New proxy recv connection 13 from local rank 0, transport 2
srv1:31:31 [0] NCCL INFO Connected to proxy localRank 0 -> connection 0xeeecd0005658
srv1:31:31 [0] NCCL INFO Channel 13/0 : 0[0] -> 1[0] [receive] via NET/IB/1
srv1:31:45 [0] NCCL INFO New proxy recv connection 14 from local rank 0, transport 2
srv1:31:31 [0] NCCL INFO Connected to proxy localRank 0 -> connection 0xeeecd00056e0
srv1:31:31 [0] NCCL INFO Channel 14/0 : 0[0] -> 1[0] [receive] via NET/IB/0
srv1:31:45 [0] NCCL INFO New proxy recv connection 15 from local rank 0, transport 2
srv1:31:31 [0] NCCL INFO Connected to proxy localRank 0 -> connection 0xeeecd0005768
srv1:31:31 [0] NCCL INFO Channel 15/0 : 0[0] -> 1[0] [receive] via NET/IB/1
srv1:31:45 [0] NCCL INFO New proxy send connection 16 from local rank 0, transport 2
srv1:31:31 [0] NCCL INFO Connected to proxy localRank 0 -> connection 0xeeecd00057f0
srv1:31:31 [0] NCCL INFO Channel 00/0 : 1[0] -> 2[0] [send] via NET/IB/0
srv1:31:45 [0] NCCL INFO New proxy send connection 17 from local rank 0, transport 2
srv1:31:31 [0] NCCL INFO Connected to proxy localRank 0 -> connection 0xeeecd0005878
srv1:31:31 [0] NCCL INFO Channel 01/0 : 1[0] -> 2[0] [send] via NET/IB/1
srv1:31:45 [0] NCCL INFO New proxy send connection 18 from local rank 0, transport 2
srv1:31:31 [0] NCCL INFO Connected to proxy localRank 0 -> connection 0xeeecd0005900
srv1:31:31 [0] NCCL INFO Channel 02/0 : 1[0] -> 2[0] [send] via NET/IB/0
srv1:31:45 [0] NCCL INFO New proxy send connection 19 from local rank 0, transport 2
srv1:31:31 [0] NCCL INFO Connected to proxy localRank 0 -> connection 0xeeecd0005988
srv1:31:31 [0] NCCL INFO Channel 03/0 : 1[0] -> 2[0] [send] via NET/IB/1
srv1:31:45 [0] NCCL INFO New proxy send connection 20 from local rank 0, transport 2
srv1:31:31 [0] NCCL INFO Connected to proxy localRank 0 -> connection 0xeeecd0005a10
srv1:31:31 [0] NCCL INFO Channel 04/0 : 1[0] -> 2[0] [send] via NET/IB/0
srv1:31:45 [0] NCCL INFO New proxy send connection 21 from local rank 0, transport 2
srv1:31:31 [0] NCCL INFO Connected to proxy localRank 0 -> connection 0xeeecd0005a98
srv1:31:31 [0] NCCL INFO Channel 05/0 : 1[0] -> 2[0] [send] via NET/IB/1
srv1:31:45 [0] NCCL INFO New proxy send connection 22 from local rank 0, transport 2
srv1:31:31 [0] NCCL INFO Connected to proxy localRank 0 -> connection 0xeeecd0005b20
srv1:31:31 [0] NCCL INFO Channel 06/0 : 1[0] -> 2[0] [send] via NET/IB/0
srv1:31:45 [0] NCCL INFO New proxy send connection 23 from local rank 0, transport 2
srv1:31:31 [0] NCCL INFO Connected to proxy localRank 0 -> connection 0xeeecd0005ba8
srv1:31:31 [0] NCCL INFO Channel 07/0 : 1[0] -> 2[0] [send] via NET/IB/1
srv1:31:45 [0] NCCL INFO New proxy send connection 24 from local rank 0, transport 2
srv1:31:31 [0] NCCL INFO Connected to proxy localRank 0 -> connection 0xeeecd0005c30
srv1:31:31 [0] NCCL INFO Channel 08/0 : 1[0] -> 2[0] [send] via NET/IB/0
srv1:31:45 [0] NCCL INFO New proxy send connection 25 from local rank 0, transport 2
srv1:31:31 [0] NCCL INFO Connected to proxy localRank 0 -> connection 0xeeecd0005cb8
srv1:31:31 [0] NCCL INFO Channel 09/0 : 1[0] -> 2[0] [send] via NET/IB/1
srv1:31:45 [0] NCCL INFO New proxy send connection 26 from local rank 0, transport 2
srv1:31:31 [0] NCCL INFO Connected to proxy localRank 0 -> connection 0xeeecd0005d40
srv1:31:31 [0] NCCL INFO Channel 10/0 : 1[0] -> 2[0] [send] via NET/IB/0
srv1:31:45 [0] NCCL INFO New proxy send connection 27 from local rank 0, transport 2
srv1:31:31 [0] NCCL INFO Connected to proxy localRank 0 -> connection 0xeeecd0005dc8
srv1:31:31 [0] NCCL INFO Channel 11/0 : 1[0] -> 2[0] [send] via NET/IB/1
srv1:31:45 [0] NCCL INFO New proxy send connection 28 from local rank 0, transport 2
srv1:31:31 [0] NCCL INFO Connected to proxy localRank 0 -> connection 0xeeecd0005e50
srv1:31:31 [0] NCCL INFO Channel 12/0 : 1[0] -> 2[0] [send] via NET/IB/0
srv1:31:45 [0] NCCL INFO New proxy send connection 29 from local rank 0, transport 2
srv1:31:31 [0] NCCL INFO Connected to proxy localRank 0 -> connection 0xeeecd0005ed8
srv1:31:31 [0] NCCL INFO Channel 13/0 : 1[0] -> 2[0] [send] via NET/IB/1
srv1:31:45 [0] NCCL INFO New proxy send connection 30 from local rank 0, transport 2
srv1:31:31 [0] NCCL INFO Connected to proxy localRank 0 -> connection 0xeeecd0005f60
srv1:31:31 [0] NCCL INFO Channel 14/0 : 1[0] -> 2[0] [send] via NET/IB/0
srv1:31:45 [0] NCCL INFO New proxy send connection 31 from local rank 0, transport 2
srv1:31:31 [0] NCCL INFO Connected to proxy localRank 0 -> connection 0xeeecd0005fe8
srv1:31:31 [0] NCCL INFO Channel 15/0 : 1[0] -> 2[0] [send] via NET/IB/1
srv1:31:45 [0] NCCL INFO NET/IB: ncclIbResiliencyInit: Resiliency is disabled on the send communicator (comm=0xeeecd0018000)
srv1:31:45 [0] NCCL INFO NET/IB: ncclIbResiliencyInit: Resiliency is disabled on the recv communicator (comm=0xeeecd0053000)
srv1:31:45 [0] NCCL INFO NET/IB: ncclIbRecvCommInit: Receive work requests will be posted on-demand
srv1:31:45 [0] NCCL INFO NET/IB: ncclIbResiliencyInit: Resiliency is disabled on the send communicator (comm=0xeeecd0092000)
srv1:31:45 [0] NCCL INFO NET/IB: ncclIbResiliencyInit: Resiliency is disabled on the recv communicator (comm=0xeeecd00cd000)
srv1:31:45 [0] NCCL INFO NET/IB: ncclIbRecvCommInit: Receive work requests will be posted on-demand
srv1:31:45 [0] NCCL INFO NET/IB: ncclIbResiliencyInit: Resiliency is disabled on the send communicator (comm=0xeeecd010c000)
srv1:31:45 [0] NCCL INFO NET/IB: ncclIbSenderQpsCreate: QP created: port=1 dev=0 devName=rocep1s0f0 ndevs=2 nmdevs=2 qp_num=2012 pkey=0 pd=0xeeecd0017e00
srv1:31:45 [0] NCCL INFO NET/IB: ncclIbConnect: NCCL Dev 0 IbDev 0 Port 1 qp_num 2012 mtu 5 GID 3 (0/10A0A0AFFFF0000) ctsFifoRkey=0x175d1a ctsFifoLkey=0x175d1a
srv1:31:45 [0] NCCL INFO NET/IB: ncclIbConnect: IbDev 0 Port 1 qp_num 2012 query_ece={supported=1, vendor_id=0x15b3, options=0x30000002, comp_mask=0x0}
srv1:31:45 [0] NCCL INFO NET/IB: ncclIbReceiverQpsCreateToRts: QP created: port=1 dev=0 devName=rocep1s0f0 ndevs=2 nmdevs=2 qp_num=2013 pkey=0 pd=0xeeecd0017e00
srv1:31:45 [0] NCCL INFO NET/IB: ncclIbReceiverQpsCreateToRts: QP created: port=1 dev=0 devName=rocep1s0f0 ndevs=2 nmdevs=2 qp_num=2014 pkey=0 pd=0xeeecd0017e00
srv1:31:45 [0] NCCL INFO NET/IB: ncclIbSenderQpsCreate: QP created: port=1 dev=1 devName=roceP2p1s0f0 ndevs=2 nmdevs=2 qp_num=2134 pkey=0 pd=0xeeecd008ff80
srv1:31:45 [0] NCCL INFO NET/IB: ncclIbConnect: NCCL Dev 1 IbDev 1 Port 1 qp_num 2134 mtu 5 GID 3 (0/10B0A0AFFFF0000) ctsFifoRkey=0x198382 ctsFifoLkey=0x198382
srv1:31:45 [0] NCCL INFO NET/IB: ncclIbConnect: IbDev 1 Port 1 qp_num 2134 query_ece={supported=1, vendor_id=0x15b3, options=0x30000002, comp_mask=0x0}
srv1:31:45 [0] NCCL INFO NET/IB: ncclIbReceiverQpsCreateToRts: QP created: port=1 dev=1 devName=roceP2p1s0f0 ndevs=2 nmdevs=2 qp_num=2135 pkey=0 pd=0xeeecd008ff80
srv1:31:45 [0] NCCL INFO NET/IB: ncclIbReceiverQpsCreateToRts: QP created: port=1 dev=1 devName=roceP2p1s0f0 ndevs=2 nmdevs=2 qp_num=2136 pkey=0 pd=0xeeecd008ff80
srv1:31:45 [0] NCCL INFO NET/IB: ncclIbResiliencyInit: Resiliency is disabled on the recv communicator (comm=0xeeecd025f000)
srv1:31:45 [0] NCCL INFO NET/IB: ncclIbRecvCommInit: Receive work requests will be posted on-demand
srv1:31:45 [0] NCCL INFO NET/IB: ncclIbSenderQpsToRts: Set ECE: IbDev 0 Port 1 qp_num 2012 set_ece={supported=1, vendor_id=0x15b3, options=0x30000002, comp_mask=0x0}
srv1:31:45 [0] NCCL INFO NET/IB: ncclIbSenderQpsToRts: Set ECE: IbDev 1 Port 1 qp_num 2134 set_ece={supported=1, vendor_id=0x15b3, options=0x30000002, comp_mask=0x0}
srv1:31:45 [0] NCCL INFO NET/IB: ncclIbReceiverQpsCreateToRts: QP created: port=1 dev=0 devName=rocep1s0f0 ndevs=2 nmdevs=2 qp_num=2015 pkey=0 pd=0xeeecd0017e00
srv1:31:45 [0] NCCL INFO NET/IB: ncclIbReceiverQpsCreateToRts: QP created: port=1 dev=0 devName=rocep1s0f0 ndevs=2 nmdevs=2 qp_num=2016 pkey=0 pd=0xeeecd0017e00
srv1:31:45 [0] NCCL INFO NET/IB: ncclIbResiliencyInit: Resiliency is disabled on the send communicator (comm=0xeeecd02e9000)
srv1:31:45 [0] NCCL INFO NET/IB: ncclIbResiliencyInit: Resiliency is disabled on the recv communicator (comm=0xeeecd0324000)
srv1:31:45 [0] NCCL INFO NET/IB: ncclIbRecvCommInit: Receive work requests will be posted on-demand
srv1:31:45 [0] NCCL INFO NET/IB: ncclIbResiliencyInit: Resiliency is disabled on the send communicator (comm=0xeeecd0361000)
srv1:31:45 [0] NCCL INFO NET/IB: ncclIbResiliencyInit: Resiliency is disabled on the recv communicator (comm=0xeeecd039c000)
srv1:31:45 [0] NCCL INFO NET/IB: ncclIbRecvCommInit: Receive work requests will be posted on-demand
srv1:31:45 [0] NCCL INFO NET/IB: ncclIbResiliencyInit: Resiliency is disabled on the send communicator (comm=0xeeecd03db000)
srv1:31:45 [0] NCCL INFO NET/IB: ncclIbResiliencyInit: Resiliency is disabled on the recv communicator (comm=0xeeecd0416000)
srv1:31:45 [0] NCCL INFO NET/IB: ncclIbRecvCommInit: Receive work requests will be posted on-demand
srv1:31:45 [0] NCCL INFO NET/IB: ncclIbResiliencyInit: Resiliency is disabled on the send communicator (comm=0xeeecd0455000)
srv1:31:45 [0] NCCL INFO NET/IB: ncclIbResiliencyInit: Resiliency is disabled on the recv communicator (comm=0xeeecd0490000)
srv1:31:45 [0] NCCL INFO NET/IB: ncclIbRecvCommInit: Receive work requests will be posted on-demand
srv1:31:45 [0] NCCL INFO NET/IB: ncclIbResiliencyInit: Resiliency is disabled on the send communicator (comm=0xeeecd04cf000)
srv1:31:45 [0] NCCL INFO NET/IB: ncclIbResiliencyInit: Resiliency is disabled on the recv communicator (comm=0xeeecd050a000)
srv1:31:45 [0] NCCL INFO NET/IB: ncclIbRecvCommInit: Receive work requests will be posted on-demand
srv1:31:45 [0] NCCL INFO NET/IB: ncclIbResiliencyInit: Resiliency is disabled on the send communicator (comm=0xeeecd0549000)
srv1:31:45 [0] NCCL INFO NET/IB: ncclIbResiliencyInit: Resiliency is disabled on the recv communicator (comm=0xeeecd0584000)
srv1:31:45 [0] NCCL INFO NET/IB: ncclIbRecvCommInit: Receive work requests will be posted on-demand
srv1:31:45 [0] NCCL INFO NET/IB: ncclIbResiliencyInit: Resiliency is disabled on the send communicator (comm=0xeeecd05c3000)
srv1:31:45 [0] NCCL INFO NET/IB: ncclIbResiliencyInit: Resiliency is disabled on the recv communicator (comm=0xeeecd05fe000)
srv1:31:45 [0] NCCL INFO NET/IB: ncclIbRecvCommInit: Receive work requests will be posted on-demand
srv1:31:45 [0] NCCL INFO NET/IB: ncclIbResiliencyInit: Resiliency is disabled on the send communicator (comm=0xeeecd063d000)
srv1:31:45 [0] NCCL INFO NET/IB: ncclIbResiliencyInit: Resiliency is disabled on the recv communicator (comm=0xeeecd0678000)
srv1:31:45 [0] NCCL INFO NET/IB: ncclIbRecvCommInit: Receive work requests will be posted on-demand
srv1:31:45 [0] NCCL INFO NET/IB: ncclIbResiliencyInit: Resiliency is disabled on the send communicator (comm=0xeeecd06b7000)
srv1:31:45 [0] NCCL INFO NET/IB: ncclIbResiliencyInit: Resiliency is disabled on the recv communicator (comm=0xeeecd06f2000)
srv1:31:45 [0] NCCL INFO NET/IB: ncclIbRecvCommInit: Receive work requests will be posted on-demand
srv1:31:45 [0] NCCL INFO NET/IB: ncclIbResiliencyInit: Resiliency is disabled on the send communicator (comm=0xeeecd0731000)
srv1:31:45 [0] NCCL INFO NET/IB: ncclIbSenderQpsCreate: QP created: port=1 dev=0 devName=rocep1s0f0 ndevs=2 nmdevs=2 qp_num=2017 pkey=0 pd=0xeeecd0017e00
srv1:31:45 [0] NCCL INFO NET/IB: ncclIbConnect: NCCL Dev 0 IbDev 0 Port 1 qp_num 2017 mtu 5 GID 3 (0/10A0A0AFFFF0000) ctsFifoRkey=0x17e8a6 ctsFifoLkey=0x17e8a6
srv1:31:45 [0] NCCL INFO NET/IB: ncclIbConnect: IbDev 0 Port 1 qp_num 2017 query_ece={supported=1, vendor_id=0x15b3, options=0x30000002, comp_mask=0x0}
srv1:31:45 [0] NCCL INFO NET/IB: ncclIbSenderQpsCreate: QP created: port=1 dev=1 devName=roceP2p1s0f0 ndevs=2 nmdevs=2 qp_num=2137 pkey=0 pd=0xeeecd008ff80
srv1:31:45 [0] NCCL INFO NET/IB: ncclIbConnect: NCCL Dev 1 IbDev 1 Port 1 qp_num 2137 mtu 5 GID 3 (0/10B0A0AFFFF0000) ctsFifoRkey=0x190e0f ctsFifoLkey=0x190e0f
srv1:31:45 [0] NCCL INFO NET/IB: ncclIbConnect: IbDev 1 Port 1 qp_num 2137 query_ece={supported=1, vendor_id=0x15b3, options=0x30000002, comp_mask=0x0}
srv1:31:45 [0] NCCL INFO NET/IB: ncclIbSenderQpsCreate: QP created: port=1 dev=0 devName=rocep1s0f0 ndevs=2 nmdevs=2 qp_num=2018 pkey=0 pd=0xeeecd0017e00
srv1:31:45 [0] NCCL INFO NET/IB: ncclIbConnect: NCCL Dev 0 IbDev 0 Port 1 qp_num 2018 mtu 5 GID 3 (0/10A0A0AFFFF0000) ctsFifoRkey=0x178745 ctsFifoLkey=0x178745
srv1:31:45 [0] NCCL INFO NET/IB: ncclIbConnect: IbDev 0 Port 1 qp_num 2018 query_ece={supported=1, vendor_id=0x15b3, options=0x30000002, comp_mask=0x0}
srv1:31:45 [0] NCCL INFO NET/IB: ncclIbSenderQpsCreate: QP created: port=1 dev=1 devName=roceP2p1s0f0 ndevs=2 nmdevs=2 qp_num=2138 pkey=0 pd=0xeeecd008ff80
srv1:31:45 [0] NCCL INFO NET/IB: ncclIbConnect: NCCL Dev 1 IbDev 1 Port 1 qp_num 2138 mtu 5 GID 3 (0/10B0A0AFFFF0000) ctsFifoRkey=0x18fbfb ctsFifoLkey=0x18fbfb
srv1:31:45 [0] NCCL INFO NET/IB: ncclIbConnect: IbDev 1 Port 1 qp_num 2138 query_ece={supported=1, vendor_id=0x15b3, options=0x30000002, comp_mask=0x0}
srv1:31:45 [0] NCCL INFO NET/IB: ncclIbResiliencyInit: Resiliency is disabled on the recv communicator (comm=0xeeecd0834000)
srv1:31:45 [0] NCCL INFO NET/IB: ncclIbRecvCommInit: Receive work requests will be posted on-demand
srv1:31:45 [0] NCCL INFO NET/IB: ncclIbSenderQpsToRts: Set ECE: IbDev 1 Port 1 qp_num 2137 set_ece={supported=1, vendor_id=0x15b3, options=0x30000002, comp_mask=0x0}
srv1:31:45 [0] NCCL INFO NET/IB: ncclIbSenderQpsToRts: Set ECE: IbDev 0 Port 1 qp_num 2018 set_ece={supported=1, vendor_id=0x15b3, options=0x30000002, comp_mask=0x0}
srv1:31:45 [0] NCCL INFO NET/IB: ncclIbSenderQpsToRts: Set ECE: IbDev 1 Port 1 qp_num 2138 set_ece={supported=1, vendor_id=0x15b3, options=0x30000002, comp_mask=0x0}
srv1:31:45 [0] NCCL INFO NET/IB: ncclIbSenderQpsCreate: QP created: port=1 dev=0 devName=rocep1s0f0 ndevs=2 nmdevs=2 qp_num=2019 pkey=0 pd=0xeeecd0017e00
srv1:31:45 [0] NCCL INFO NET/IB: ncclIbConnect: NCCL Dev 0 IbDev 0 Port 1 qp_num 2019 mtu 5 GID 3 (0/10A0A0AFFFF0000) ctsFifoRkey=0x17722f ctsFifoLkey=0x17722f
srv1:31:45 [0] NCCL INFO NET/IB: ncclIbConnect: IbDev 0 Port 1 qp_num 2019 query_ece={supported=1, vendor_id=0x15b3, options=0x30000002, comp_mask=0x0}
srv1:31:45 [0] NCCL INFO NET/IB: ncclIbResiliencyInit: Resiliency is disabled on the send communicator (comm=0xeeecd08a1000)
srv1:31:45 [0] NCCL INFO NET/IB: ncclIbSenderQpsToRts: Set ECE: IbDev 0 Port 1 qp_num 2017 set_ece={supported=1, vendor_id=0x15b3, options=0x30000002, comp_mask=0x0}
srv1:31:45 [0] NCCL INFO NET/IB: ncclIbReceiverQpsCreateToRts: QP created: port=1 dev=1 devName=roceP2p1s0f0 ndevs=2 nmdevs=2 qp_num=2139 pkey=0 pd=0xeeecd008ff80
srv1:31:45 [0] NCCL INFO NET/IB: ncclIbReceiverQpsCreateToRts: QP created: port=1 dev=1 devName=roceP2p1s0f0 ndevs=2 nmdevs=2 qp_num=2140 pkey=0 pd=0xeeecd008ff80
srv1:31:45 [0] NCCL INFO NET/IB: ncclIbReceiverQpsCreateToRts: QP created: port=1 dev=0 devName=rocep1s0f0 ndevs=2 nmdevs=2 qp_num=2020 pkey=0 pd=0xeeecd0017e00
srv1:31:45 [0] NCCL INFO NET/IB: ncclIbReceiverQpsCreateToRts: QP created: port=1 dev=0 devName=rocep1s0f0 ndevs=2 nmdevs=2 qp_num=2021 pkey=0 pd=0xeeecd0017e00
srv1:31:45 [0] NCCL INFO NET/IB: ncclIbReceiverQpsCreateToRts: QP created: port=1 dev=1 devName=roceP2p1s0f0 ndevs=2 nmdevs=2 qp_num=2141 pkey=0 pd=0xeeecd008ff80
srv1:31:45 [0] NCCL INFO NET/IB: ncclIbReceiverQpsCreateToRts: QP created: port=1 dev=1 devName=roceP2p1s0f0 ndevs=2 nmdevs=2 qp_num=2142 pkey=0 pd=0xeeecd008ff80
srv1:31:45 [0] NCCL INFO NET/IB: ncclIbReceiverQpsCreateToRts: QP created: port=1 dev=0 devName=rocep1s0f0 ndevs=2 nmdevs=2 qp_num=2022 pkey=0 pd=0xeeecd0017e00
srv1:31:45 [0] NCCL INFO NET/IB: ncclIbReceiverQpsCreateToRts: QP created: port=1 dev=0 devName=rocep1s0f0 ndevs=2 nmdevs=2 qp_num=2023 pkey=0 pd=0xeeecd0017e00
srv1:31:45 [0] NCCL INFO NET/IB: ncclIbResiliencyInit: Resiliency is disabled on the recv communicator (comm=0xeeecd0a18000)
srv1:31:45 [0] NCCL INFO NET/IB: ncclIbRecvCommInit: Receive work requests will be posted on-demand
srv1:31:45 [0] NCCL INFO NET/IB: ncclIbResiliencyInit: Resiliency is disabled on the send communicator (comm=0xeeecd0a57000)
srv1:31:45 [0] NCCL INFO NET/IB: ncclIbResiliencyInit: Resiliency is disabled on the recv communicator (comm=0xeeecd0a90000)
srv1:31:45 [0] NCCL INFO NET/IB: ncclIbRecvCommInit: Receive work requests will be posted on-demand
srv1:31:45 [0] NCCL INFO NET/IB: ncclIbResiliencyInit: Resiliency is disabled on the send communicator (comm=0xeeecd0acf000)
srv1:31:45 [0] NCCL INFO NET/IB: ncclIbResiliencyInit: Resiliency is disabled on the recv communicator (comm=0xeeecd0b0a000)
srv1:31:45 [0] NCCL INFO NET/IB: ncclIbRecvCommInit: Receive work requests will be posted on-demand
srv1:31:45 [0] NCCL INFO NET/IB: ncclIbSenderQpsToRts: Set ECE: IbDev 0 Port 1 qp_num 2019 set_ece={supported=1, vendor_id=0x15b3, options=0x30000002, comp_mask=0x0}
srv1:31:45 [0] NCCL INFO NET/IB: ncclIbSenderQpsCreate: QP created: port=1 dev=1 devName=roceP2p1s0f0 ndevs=2 nmdevs=2 qp_num=2143 pkey=0 pd=0xeeecd008ff80
srv1:31:45 [0] NCCL INFO NET/IB: ncclIbConnect: NCCL Dev 1 IbDev 1 Port 1 qp_num 2143 mtu 5 GID 3 (0/10B0A0AFFFF0000) ctsFifoRkey=0x18c2bf ctsFifoLkey=0x18c2bf
srv1:31:45 [0] NCCL INFO NET/IB: ncclIbConnect: IbDev 1 Port 1 qp_num 2143 query_ece={supported=1, vendor_id=0x15b3, options=0x30000002, comp_mask=0x0}
srv1:31:45 [0] NCCL INFO NET/IB: ncclIbReceiverQpsCreateToRts: QP created: port=1 dev=1 devName=roceP2p1s0f0 ndevs=2 nmdevs=2 qp_num=2144 pkey=0 pd=0xeeecd008ff80
srv1:31:45 [0] NCCL INFO NET/IB: ncclIbReceiverQpsCreateToRts: QP created: port=1 dev=1 devName=roceP2p1s0f0 ndevs=2 nmdevs=2 qp_num=2145 pkey=0 pd=0xeeecd008ff80
srv1:31:45 [0] NCCL INFO NET/IB: ncclIbSenderQpsCreate: QP created: port=1 dev=0 devName=rocep1s0f0 ndevs=2 nmdevs=2 qp_num=2024 pkey=0 pd=0xeeecd0017e00
srv1:31:45 [0] NCCL INFO NET/IB: ncclIbConnect: NCCL Dev 0 IbDev 0 Port 1 qp_num 2024 mtu 5 GID 3 (0/10A0A0AFFFF0000) ctsFifoRkey=0x174704 ctsFifoLkey=0x174704
srv1:31:45 [0] NCCL INFO NET/IB: ncclIbConnect: IbDev 0 Port 1 qp_num 2024 query_ece={supported=1, vendor_id=0x15b3, options=0x30000002, comp_mask=0x0}
srv1:31:45 [0] NCCL INFO NET/IB: ncclIbSenderQpsCreate: QP created: port=1 dev=1 devName=roceP2p1s0f0 ndevs=2 nmdevs=2 qp_num=2146 pkey=0 pd=0xeeecd008ff80
srv1:31:45 [0] NCCL INFO NET/IB: ncclIbConnect: NCCL Dev 1 IbDev 1 Port 1 qp_num 2146 mtu 5 GID 3 (0/10B0A0AFFFF0000) ctsFifoRkey=0x18f1ef ctsFifoLkey=0x18f1ef
srv1:31:45 [0] NCCL INFO NET/IB: ncclIbConnect: IbDev 1 Port 1 qp_num 2146 query_ece={supported=1, vendor_id=0x15b3, options=0x30000002, comp_mask=0x0}
srv1:31:45 [0] NCCL INFO NET/IB: ncclIbSenderQpsCreate: QP created: port=1 dev=0 devName=rocep1s0f0 ndevs=2 nmdevs=2 qp_num=2025 pkey=0 pd=0xeeecd0017e00
srv1:31:45 [0] NCCL INFO NET/IB: ncclIbConnect: NCCL Dev 0 IbDev 0 Port 1 qp_num 2025 mtu 5 GID 3 (0/10A0A0AFFFF0000) ctsFifoRkey=0x174f10 ctsFifoLkey=0x174f10
srv1:31:45 [0] NCCL INFO NET/IB: ncclIbConnect: IbDev 0 Port 1 qp_num 2025 query_ece={supported=1, vendor_id=0x15b3, options=0x30000002, comp_mask=0x0}
srv1:31:45 [0] NCCL INFO NET/IB: ncclIbSenderQpsToRts: Set ECE: IbDev 1 Port 1 qp_num 2143 set_ece={supported=1, vendor_id=0x15b3, options=0x30000002, comp_mask=0x0}
srv1:31:45 [0] NCCL INFO NET/IB: ncclIbSenderQpsToRts: Set ECE: IbDev 0 Port 1 qp_num 2024 set_ece={supported=1, vendor_id=0x15b3, options=0x30000002, comp_mask=0x0}
srv1:31:45 [0] NCCL INFO NET/IB: ncclIbSenderQpsToRts: Set ECE: IbDev 1 Port 1 qp_num 2146 set_ece={supported=1, vendor_id=0x15b3, options=0x30000002, comp_mask=0x0}
srv1:31:45 [0] NCCL INFO NET/IB: ncclIbSenderQpsToRts: Set ECE: IbDev 0 Port 1 qp_num 2025 set_ece={supported=1, vendor_id=0x15b3, options=0x30000002, comp_mask=0x0}
srv1:31:45 [0] NCCL INFO NET/IB: ncclIbSenderQpsCreate: QP created: port=1 dev=1 devName=roceP2p1s0f0 ndevs=2 nmdevs=2 qp_num=2147 pkey=0 pd=0xeeecd008ff80
srv1:31:45 [0] NCCL INFO NET/IB: ncclIbConnect: NCCL Dev 1 IbDev 1 Port 1 qp_num 2147 mtu 5 GID 3 (0/10B0A0AFFFF0000) ctsFifoRkey=0x190704 ctsFifoLkey=0x190704
srv1:31:45 [0] NCCL INFO NET/IB: ncclIbConnect: IbDev 1 Port 1 qp_num 2147 query_ece={supported=1, vendor_id=0x15b3, options=0x30000002, comp_mask=0x0}
srv1:31:45 [0] NCCL INFO NET/IB: ncclIbReceiverQpsCreateToRts: QP created: port=1 dev=0 devName=rocep1s0f0 ndevs=2 nmdevs=2 qp_num=2026 pkey=0 pd=0xeeecd0017e00
srv1:31:45 [0] NCCL INFO NET/IB: ncclIbReceiverQpsCreateToRts: QP created: port=1 dev=0 devName=rocep1s0f0 ndevs=2 nmdevs=2 qp_num=2027 pkey=0 pd=0xeeecd0017e00
srv1:31:45 [0] NCCL INFO NET/IB: ncclIbReceiverQpsCreateToRts: QP created: port=1 dev=1 devName=roceP2p1s0f0 ndevs=2 nmdevs=2 qp_num=2148 pkey=0 pd=0xeeecd008ff80
srv1:31:45 [0] NCCL INFO NET/IB: ncclIbReceiverQpsCreateToRts: QP created: port=1 dev=1 devName=roceP2p1s0f0 ndevs=2 nmdevs=2 qp_num=2149 pkey=0 pd=0xeeecd008ff80
srv1:31:45 [0] NCCL INFO NET/IB: ncclIbReceiverQpsCreateToRts: QP created: port=1 dev=0 devName=rocep1s0f0 ndevs=2 nmdevs=2 qp_num=2028 pkey=0 pd=0xeeecd0017e00
srv1:31:45 [0] NCCL INFO NET/IB: ncclIbReceiverQpsCreateToRts: QP created: port=1 dev=0 devName=rocep1s0f0 ndevs=2 nmdevs=2 qp_num=2029 pkey=0 pd=0xeeecd0017e00
srv1:31:45 [0] NCCL INFO NET/IB: ncclIbSenderQpsToRts: Set ECE: IbDev 1 Port 1 qp_num 2147 set_ece={supported=1, vendor_id=0x15b3, options=0x30000002, comp_mask=0x0}
srv1:31:45 [0] NCCL INFO NET/IB: ncclIbReceiverQpsCreateToRts: QP created: port=1 dev=1 devName=roceP2p1s0f0 ndevs=2 nmdevs=2 qp_num=2150 pkey=0 pd=0xeeecd008ff80
srv1:31:45 [0] NCCL INFO NET/IB: ncclIbReceiverQpsCreateToRts: QP created: port=1 dev=1 devName=roceP2p1s0f0 ndevs=2 nmdevs=2 qp_num=2151 pkey=0 pd=0xeeecd008ff80
srv1:31:45 [0] NCCL INFO NET/IB: ncclIbReceiverQpsCreateToRts: QP created: port=1 dev=0 devName=rocep1s0f0 ndevs=2 nmdevs=2 qp_num=2030 pkey=0 pd=0xeeecd0017e00
srv1:31:45 [0] NCCL INFO NET/IB: ncclIbReceiverQpsCreateToRts: QP created: port=1 dev=0 devName=rocep1s0f0 ndevs=2 nmdevs=2 qp_num=2031 pkey=0 pd=0xeeecd0017e00
srv1:31:45 [0] NCCL INFO NET/IB: ncclIbSenderQpsCreate: QP created: port=1 dev=0 devName=rocep1s0f0 ndevs=2 nmdevs=2 qp_num=2032 pkey=0 pd=0xeeecd0017e00
srv1:31:45 [0] NCCL INFO NET/IB: ncclIbConnect: NCCL Dev 0 IbDev 0 Port 1 qp_num 2032 mtu 5 GID 3 (0/10A0A0AFFFF0000) ctsFifoRkey=0x179b5a ctsFifoLkey=0x179b5a
srv1:31:45 [0] NCCL INFO NET/IB: ncclIbConnect: IbDev 0 Port 1 qp_num 2032 query_ece={supported=1, vendor_id=0x15b3, options=0x30000002, comp_mask=0x0}
srv1:31:45 [0] NCCL INFO NET/IB: ncclIbSenderQpsCreate: QP created: port=1 dev=1 devName=roceP2p1s0f0 ndevs=2 nmdevs=2 qp_num=2152 pkey=0 pd=0xeeecd008ff80
srv1:31:45 [0] NCCL INFO NET/IB: ncclIbConnect: NCCL Dev 1 IbDev 1 Port 1 qp_num 2152 mtu 5 GID 3 (0/10B0A0AFFFF0000) ctsFifoRkey=0x19867a ctsFifoLkey=0x19867a
srv1:31:45 [0] NCCL INFO NET/IB: ncclIbConnect: IbDev 1 Port 1 qp_num 2152 query_ece={supported=1, vendor_id=0x15b3, options=0x30000002, comp_mask=0x0}
srv1:31:45 [0] NCCL INFO NET/IB: ncclIbSenderQpsCreate: QP created: port=1 dev=0 devName=rocep1s0f0 ndevs=2 nmdevs=2 qp_num=2033 pkey=0 pd=0xeeecd0017e00
srv1:31:45 [0] NCCL INFO NET/IB: ncclIbConnect: NCCL Dev 0 IbDev 0 Port 1 qp_num 2033 mtu 5 GID 3 (0/10A0A0AFFFF0000) ctsFifoRkey=0x17aa65 ctsFifoLkey=0x17aa65
srv1:31:45 [0] NCCL INFO NET/IB: ncclIbConnect: IbDev 0 Port 1 qp_num 2033 query_ece={supported=1, vendor_id=0x15b3, options=0x30000002, comp_mask=0x0}
srv1:31:45 [0] NCCL INFO NET/IB: ncclIbSenderQpsToRts: Set ECE: IbDev 0 Port 1 qp_num 2032 set_ece={supported=1, vendor_id=0x15b3, options=0x30000002, comp_mask=0x0}
srv1:31:45 [0] NCCL INFO NET/IB: ncclIbSenderQpsToRts: Set ECE: IbDev 1 Port 1 qp_num 2152 set_ece={supported=1, vendor_id=0x15b3, options=0x30000002, comp_mask=0x0}
srv1:31:45 [0] NCCL INFO NET/IB: ncclIbSenderQpsToRts: Set ECE: IbDev 0 Port 1 qp_num 2033 set_ece={supported=1, vendor_id=0x15b3, options=0x30000002, comp_mask=0x0}
srv1:31:45 [0] NCCL INFO NET/IB: ncclIbSenderQpsCreate: QP created: port=1 dev=1 devName=roceP2p1s0f0 ndevs=2 nmdevs=2 qp_num=2153 pkey=0 pd=0xeeecd008ff80
srv1:31:45 [0] NCCL INFO NET/IB: ncclIbConnect: NCCL Dev 1 IbDev 1 Port 1 qp_num 2153 mtu 5 GID 3 (0/10B0A0AFFFF0000) ctsFifoRkey=0x198784 ctsFifoLkey=0x198784
srv1:31:45 [0] NCCL INFO NET/IB: ncclIbConnect: IbDev 1 Port 1 qp_num 2153 query_ece={supported=1, vendor_id=0x15b3, options=0x30000002, comp_mask=0x0}
srv1:31:45 [0] NCCL INFO NET/IB: ncclIbReceiverQpsCreateToRts: QP created: port=1 dev=1 devName=roceP2p1s0f0 ndevs=2 nmdevs=2 qp_num=2154 pkey=0 pd=0xeeecd008ff80
srv1:31:45 [0] NCCL INFO NET/IB: ncclIbReceiverQpsCreateToRts: QP created: port=1 dev=1 devName=roceP2p1s0f0 ndevs=2 nmdevs=2 qp_num=2155 pkey=0 pd=0xeeecd008ff80
srv1:31:45 [0] NCCL INFO NET/IB: ncclIbSenderQpsToRts: Set ECE: IbDev 1 Port 1 qp_num 2153 set_ece={supported=1, vendor_id=0x15b3, options=0x30000002, comp_mask=0x0}
srv1:31:45 [0] NCCL INFO NET/IB: ncclIbReceiverQpsCreateToRts: QP created: port=1 dev=0 devName=rocep1s0f0 ndevs=2 nmdevs=2 qp_num=2034 pkey=0 pd=0xeeecd0017e00
srv1:31:45 [0] NCCL INFO NET/IB: ncclIbReceiverQpsCreateToRts: QP created: port=1 dev=0 devName=rocep1s0f0 ndevs=2 nmdevs=2 qp_num=2035 pkey=0 pd=0xeeecd0017e00
srv1:31:45 [0] NCCL INFO NET/IB: ncclIbReceiverQpsCreateToRts: QP created: port=1 dev=1 devName=roceP2p1s0f0 ndevs=2 nmdevs=2 qp_num=2156 pkey=0 pd=0xeeecd008ff80
srv1:31:45 [0] NCCL INFO NET/IB: ncclIbReceiverQpsCreateToRts: QP created: port=1 dev=1 devName=roceP2p1s0f0 ndevs=2 nmdevs=2 qp_num=2157 pkey=0 pd=0xeeecd008ff80
srv1:31:31 [0] NCCL INFO Connected all rings, use ring PXN 0 GDR 0
srv1:31:45 [0] NCCL INFO New proxy recv connection 32 from local rank 0, transport 2
srv1:31:31 [0] NCCL INFO Connected to proxy localRank 0 -> connection 0xeeecd0006070
srv1:31:31 [0] NCCL INFO Channel 08/0 : 3[0] -> 1[0] [receive] via NET/IB/0
srv1:31:45 [0] NCCL INFO New proxy recv connection 33 from local rank 0, transport 2
srv1:31:31 [0] NCCL INFO Connected to proxy localRank 0 -> connection 0xeeecd00060f8
srv1:31:31 [0] NCCL INFO Channel 09/0 : 3[0] -> 1[0] [receive] via NET/IB/1
srv1:31:45 [0] NCCL INFO New proxy recv connection 34 from local rank 0, transport 2
srv1:31:31 [0] NCCL INFO Connected to proxy localRank 0 -> connection 0xeeecd0006180
srv1:31:31 [0] NCCL INFO Channel 10/0 : 3[0] -> 1[0] [receive] via NET/IB/0
srv1:31:45 [0] NCCL INFO New proxy recv connection 35 from local rank 0, transport 2
srv1:31:31 [0] NCCL INFO Connected to proxy localRank 0 -> connection 0xeeecd0006208
srv1:31:31 [0] NCCL INFO Channel 11/0 : 3[0] -> 1[0] [receive] via NET/IB/1
srv1:31:45 [0] NCCL INFO New proxy recv connection 36 from local rank 0, transport 2
srv1:31:31 [0] NCCL INFO Connected to proxy localRank 0 -> connection 0xeeecd0006290
srv1:31:31 [0] NCCL INFO Channel 12/0 : 3[0] -> 1[0] [receive] via NET/IB/0
srv1:31:45 [0] NCCL INFO New proxy recv connection 37 from local rank 0, transport 2
srv1:31:31 [0] NCCL INFO Connected to proxy localRank 0 -> connection 0xeeecd0006318
srv1:31:31 [0] NCCL INFO Channel 13/0 : 3[0] -> 1[0] [receive] via NET/IB/1
srv1:31:45 [0] NCCL INFO New proxy recv connection 38 from local rank 0, transport 2
srv1:31:31 [0] NCCL INFO Connected to proxy localRank 0 -> connection 0xeeecd00063a0
srv1:31:31 [0] NCCL INFO Channel 14/0 : 3[0] -> 1[0] [receive] via NET/IB/0
srv1:31:45 [0] NCCL INFO New proxy recv connection 39 from local rank 0, transport 2
srv1:31:31 [0] NCCL INFO Connected to proxy localRank 0 -> connection 0xeeecd0006428
srv1:31:31 [0] NCCL INFO Channel 15/0 : 3[0] -> 1[0] [receive] via NET/IB/1
srv1:31:45 [0] NCCL INFO New proxy send connection 40 from local rank 0, transport 2
srv1:31:31 [0] NCCL INFO Connected to proxy localRank 0 -> connection 0xeeecd00064b0
srv1:31:31 [0] NCCL INFO Channel 08/0 : 1[0] -> 3[0] [send] via NET/IB/0
srv1:31:45 [0] NCCL INFO New proxy send connection 41 from local rank 0, transport 2
srv1:31:31 [0] NCCL INFO Connected to proxy localRank 0 -> connection 0xeeecd0006538
srv1:31:31 [0] NCCL INFO Channel 09/0 : 1[0] -> 3[0] [send] via NET/IB/1
srv1:31:45 [0] NCCL INFO New proxy send connection 42 from local rank 0, transport 2
srv1:31:31 [0] NCCL INFO Connected to proxy localRank 0 -> connection 0xeeecd00065c0
srv1:31:31 [0] NCCL INFO Channel 10/0 : 1[0] -> 3[0] [send] via NET/IB/0
srv1:31:45 [0] NCCL INFO New proxy send connection 43 from local rank 0, transport 2
srv1:31:31 [0] NCCL INFO Connected to proxy localRank 0 -> connection 0xeeecd0006648
srv1:31:31 [0] NCCL INFO Channel 11/0 : 1[0] -> 3[0] [send] via NET/IB/1
srv1:31:45 [0] NCCL INFO New proxy send connection 44 from local rank 0, transport 2
srv1:31:31 [0] NCCL INFO Connected to proxy localRank 0 -> connection 0xeeecd00066d0
srv1:31:31 [0] NCCL INFO Channel 12/0 : 1[0] -> 3[0] [send] via NET/IB/0
srv1:31:45 [0] NCCL INFO New proxy send connection 45 from local rank 0, transport 2
srv1:31:31 [0] NCCL INFO Connected to proxy localRank 0 -> connection 0xeeecd0006758
srv1:31:31 [0] NCCL INFO Channel 13/0 : 1[0] -> 3[0] [send] via NET/IB/1
srv1:31:45 [0] NCCL INFO New proxy send connection 46 from local rank 0, transport 2
srv1:31:31 [0] NCCL INFO Connected to proxy localRank 0 -> connection 0xeeecd00067e0
srv1:31:31 [0] NCCL INFO Channel 14/0 : 1[0] -> 3[0] [send] via NET/IB/0
srv1:31:45 [0] NCCL INFO New proxy send connection 47 from local rank 0, transport 2
srv1:31:31 [0] NCCL INFO Connected to proxy localRank 0 -> connection 0xeeecd0006868
srv1:31:31 [0] NCCL INFO Channel 15/0 : 1[0] -> 3[0] [send] via NET/IB/1
srv1:31:45 [0] NCCL INFO New proxy recv connection 48 from local rank 0, transport 2
srv1:31:31 [0] NCCL INFO Connected to proxy localRank 0 -> connection 0xeeecd00068f0
srv1:31:31 [0] NCCL INFO Channel 00/0 : 2[0] -> 1[0] [receive] via NET/IB/0
srv1:31:45 [0] NCCL INFO New proxy recv connection 49 from local rank 0, transport 2
srv1:31:31 [0] NCCL INFO Connected to proxy localRank 0 -> connection 0xeeecd0006978
srv1:31:31 [0] NCCL INFO Channel 01/0 : 2[0] -> 1[0] [receive] via NET/IB/1
srv1:31:45 [0] NCCL INFO New proxy recv connection 50 from local rank 0, transport 2
srv1:31:31 [0] NCCL INFO Connected to proxy localRank 0 -> connection 0xeeecd0006a00
srv1:31:31 [0] NCCL INFO Channel 02/0 : 2[0] -> 1[0] [receive] via NET/IB/0
srv1:31:45 [0] NCCL INFO New proxy recv connection 51 from local rank 0, transport 2
srv1:31:31 [0] NCCL INFO Connected to proxy localRank 0 -> connection 0xeeecd0006a88
srv1:31:31 [0] NCCL INFO Channel 03/0 : 2[0] -> 1[0] [receive] via NET/IB/1
srv1:31:45 [0] NCCL INFO New proxy recv connection 52 from local rank 0, transport 2
srv1:31:31 [0] NCCL INFO Connected to proxy localRank 0 -> connection 0xeeecd0006b10
srv1:31:31 [0] NCCL INFO Channel 04/0 : 2[0] -> 1[0] [receive] via NET/IB/0
srv1:31:45 [0] NCCL INFO New proxy recv connection 53 from local rank 0, transport 2
srv1:31:31 [0] NCCL INFO Connected to proxy localRank 0 -> connection 0xeeecd0006b98
srv1:31:31 [0] NCCL INFO Channel 05/0 : 2[0] -> 1[0] [receive] via NET/IB/1
srv1:31:45 [0] NCCL INFO New proxy recv connection 54 from local rank 0, transport 2
srv1:31:31 [0] NCCL INFO Connected to proxy localRank 0 -> connection 0xeeecd0006c20
srv1:31:31 [0] NCCL INFO Channel 06/0 : 2[0] -> 1[0] [receive] via NET/IB/0
srv1:31:45 [0] NCCL INFO New proxy recv connection 55 from local rank 0, transport 2
srv1:31:31 [0] NCCL INFO Connected to proxy localRank 0 -> connection 0xeeecd0006ca8
srv1:31:31 [0] NCCL INFO Channel 07/0 : 2[0] -> 1[0] [receive] via NET/IB/1
srv1:31:45 [0] NCCL INFO New proxy recv connection 56 from local rank 0, transport 2
srv1:31:31 [0] NCCL INFO Connected to proxy localRank 0 -> connection 0xeeecd0006d30
srv1:31:31 [0] NCCL INFO Channel 08/0 : 2[0] -> 1[0] [receive] via NET/IB/0
srv1:31:45 [0] NCCL INFO New proxy recv connection 57 from local rank 0, transport 2
srv1:31:31 [0] NCCL INFO Connected to proxy localRank 0 -> connection 0xeeecd0006db8
srv1:31:31 [0] NCCL INFO Channel 09/0 : 2[0] -> 1[0] [receive] via NET/IB/1
srv1:31:45 [0] NCCL INFO New proxy recv connection 58 from local rank 0, transport 2
srv1:31:31 [0] NCCL INFO Connected to proxy localRank 0 -> connection 0xeeecd0006e40
srv1:31:31 [0] NCCL INFO Channel 10/0 : 2[0] -> 1[0] [receive] via NET/IB/0
srv1:31:45 [0] NCCL INFO New proxy recv connection 59 from local rank 0, transport 2
srv1:31:31 [0] NCCL INFO Connected to proxy localRank 0 -> connection 0xeeecd0006ec8
srv1:31:31 [0] NCCL INFO Channel 11/0 : 2[0] -> 1[0] [receive] via NET/IB/1
srv1:31:45 [0] NCCL INFO New proxy recv connection 60 from local rank 0, transport 2
srv1:31:31 [0] NCCL INFO Connected to proxy localRank 0 -> connection 0xeeecd0006f50
srv1:31:31 [0] NCCL INFO Channel 12/0 : 2[0] -> 1[0] [receive] via NET/IB/0
srv1:31:45 [0] NCCL INFO New proxy recv connection 61 from local rank 0, transport 2
srv1:31:31 [0] NCCL INFO Connected to proxy localRank 0 -> connection 0xeeecd0006fd8
srv1:31:31 [0] NCCL INFO Channel 13/0 : 2[0] -> 1[0] [receive] via NET/IB/1
srv1:31:45 [0] NCCL INFO New proxy recv connection 62 from local rank 0, transport 2
srv1:31:31 [0] NCCL INFO Connected to proxy localRank 0 -> connection 0xeeecd0007060
srv1:31:31 [0] NCCL INFO Channel 14/0 : 2[0] -> 1[0] [receive] via NET/IB/0
srv1:31:45 [0] NCCL INFO New proxy recv connection 63 from local rank 0, transport 2
srv1:31:31 [0] NCCL INFO Connected to proxy localRank 0 -> connection 0xeeecd00070e8
srv1:31:31 [0] NCCL INFO Channel 15/0 : 2[0] -> 1[0] [receive] via NET/IB/1
srv1:31:45 [0] NCCL INFO New proxy send connection 64 from local rank 0, transport 2
srv1:31:31 [0] NCCL INFO Connected to proxy localRank 0 -> connection 0xeeecd0007170
srv1:31:31 [0] NCCL INFO Channel 08/0 : 1[0] -> 0[0] [send] via NET/IB/0
srv1:31:45 [0] NCCL INFO New proxy send connection 65 from local rank 0, transport 2
srv1:31:31 [0] NCCL INFO Connected to proxy localRank 0 -> connection 0xeeecd00071f8
srv1:31:31 [0] NCCL INFO Channel 09/0 : 1[0] -> 0[0] [send] via NET/IB/1
srv1:31:45 [0] NCCL INFO New proxy send connection 66 from local rank 0, transport 2
srv1:31:31 [0] NCCL INFO Connected to proxy localRank 0 -> connection 0xeeecd0007280
srv1:31:31 [0] NCCL INFO Channel 10/0 : 1[0] -> 0[0] [send] via NET/IB/0
srv1:31:45 [0] NCCL INFO New proxy send connection 67 from local rank 0, transport 2
srv1:31:31 [0] NCCL INFO Connected to proxy localRank 0 -> connection 0xeeecd0007308
srv1:31:31 [0] NCCL INFO Channel 11/0 : 1[0] -> 0[0] [send] via NET/IB/1
srv1:31:45 [0] NCCL INFO New proxy send connection 68 from local rank 0, transport 2
srv1:31:31 [0] NCCL INFO Connected to proxy localRank 0 -> connection 0xeeecd0007390
srv1:31:31 [0] NCCL INFO Channel 12/0 : 1[0] -> 0[0] [send] via NET/IB/0
srv1:31:45 [0] NCCL INFO New proxy send connection 69 from local rank 0, transport 2
srv1:31:31 [0] NCCL INFO Connected to proxy localRank 0 -> connection 0xeeecd0007418
srv1:31:31 [0] NCCL INFO Channel 13/0 : 1[0] -> 0[0] [send] via NET/IB/1
srv1:31:45 [0] NCCL INFO New proxy send connection 70 from local rank 0, transport 2
srv1:31:31 [0] NCCL INFO Connected to proxy localRank 0 -> connection 0xeeecd00074a0
srv1:31:31 [0] NCCL INFO Channel 14/0 : 1[0] -> 0[0] [send] via NET/IB/0
srv1:31:45 [0] NCCL INFO New proxy send connection 71 from local rank 0, transport 2
srv1:31:31 [0] NCCL INFO Connected to proxy localRank 0 -> connection 0xeeecd0007528
srv1:31:31 [0] NCCL INFO Channel 15/0 : 1[0] -> 0[0] [send] via NET/IB/1
srv1:31:45 [0] NCCL INFO NET/IB: ncclIbResiliencyInit: Resiliency is disabled on the send communicator (comm=0xeeecd0fb5000)
srv1:31:45 [0] NCCL INFO NET/IB: ncclIbResiliencyInit: Resiliency is disabled on the recv communicator (comm=0xeeecd0fee000)
srv1:31:45 [0] NCCL INFO NET/IB: ncclIbRecvCommInit: Receive work requests will be posted on-demand
srv1:31:45 [0] NCCL INFO NET/IB: ncclIbResiliencyInit: Resiliency is disabled on the send communicator (comm=0xeeecd102b000)
srv1:31:45 [0] NCCL INFO NET/IB: ncclIbSenderQpsCreate: QP created: port=1 dev=0 devName=rocep1s0f0 ndevs=2 nmdevs=2 qp_num=2036 pkey=0 pd=0xeeecd0017e00
srv1:31:45 [0] NCCL INFO NET/IB: ncclIbConnect: NCCL Dev 0 IbDev 0 Port 1 qp_num 2036 mtu 5 GID 3 (0/10A0A0AFFFF0000) ctsFifoRkey=0x17e09e ctsFifoLkey=0x17e09e
srv1:31:45 [0] NCCL INFO NET/IB: ncclIbConnect: IbDev 0 Port 1 qp_num 2036 query_ece={supported=1, vendor_id=0x15b3, options=0x30000002, comp_mask=0x0}
srv1:31:45 [0] NCCL INFO NET/IB: ncclIbSenderQpsCreate: QP created: port=1 dev=1 devName=roceP2p1s0f0 ndevs=2 nmdevs=2 qp_num=2158 pkey=0 pd=0xeeecd008ff80
srv1:31:45 [0] NCCL INFO NET/IB: ncclIbConnect: NCCL Dev 1 IbDev 1 Port 1 qp_num 2158 mtu 5 GID 3 (0/10B0A0AFFFF0000) ctsFifoRkey=0x192523 ctsFifoLkey=0x192523
srv1:31:45 [0] NCCL INFO NET/IB: ncclIbConnect: IbDev 1 Port 1 qp_num 2158 query_ece={supported=1, vendor_id=0x15b3, options=0x30000002, comp_mask=0x0}
srv1:31:45 [0] NCCL INFO NET/IB: ncclIbResiliencyInit: Resiliency is disabled on the recv communicator (comm=0xeeecd10c8000)
srv1:31:45 [0] NCCL INFO NET/IB: ncclIbRecvCommInit: Receive work requests will be posted on-demand
srv1:31:45 [0] NCCL INFO NET/IB: ncclIbResiliencyInit: Resiliency is disabled on the send communicator (comm=0xeeecd1107000)
srv1:31:45 [0] NCCL INFO NET/IB: ncclIbResiliencyInit: Resiliency is disabled on the recv communicator (comm=0xeeecd1142000)
srv1:31:45 [0] NCCL INFO NET/IB: ncclIbRecvCommInit: Receive work requests will be posted on-demand
srv1:31:45 [0] NCCL INFO NET/IB: ncclIbReceiverQpsCreateToRts: QP created: port=1 dev=0 devName=rocep1s0f0 ndevs=2 nmdevs=2 qp_num=2037 pkey=0 pd=0xeeecd0017e00
srv1:31:45 [0] NCCL INFO NET/IB: ncclIbReceiverQpsCreateToRts: QP created: port=1 dev=0 devName=rocep1s0f0 ndevs=2 nmdevs=2 qp_num=2038 pkey=0 pd=0xeeecd0017e00
srv1:31:45 [0] NCCL INFO NET/IB: ncclIbReceiverQpsCreateToRts: QP created: port=1 dev=1 devName=roceP2p1s0f0 ndevs=2 nmdevs=2 qp_num=2159 pkey=0 pd=0xeeecd008ff80
srv1:31:45 [0] NCCL INFO NET/IB: ncclIbReceiverQpsCreateToRts: QP created: port=1 dev=1 devName=roceP2p1s0f0 ndevs=2 nmdevs=2 qp_num=2160 pkey=0 pd=0xeeecd008ff80
srv1:31:45 [0] NCCL INFO NET/IB: ncclIbSenderQpsCreate: QP created: port=1 dev=0 devName=rocep1s0f0 ndevs=2 nmdevs=2 qp_num=2039 pkey=0 pd=0xeeecd0017e00
srv1:31:45 [0] NCCL INFO NET/IB: ncclIbConnect: NCCL Dev 0 IbDev 0 Port 1 qp_num 2039 mtu 5 GID 3 (0/10A0A0AFFFF0000) ctsFifoRkey=0x17edad ctsFifoLkey=0x17edad
srv1:31:45 [0] NCCL INFO NET/IB: ncclIbConnect: IbDev 0 Port 1 qp_num 2039 query_ece={supported=1, vendor_id=0x15b3, options=0x30000002, comp_mask=0x0}
srv1:31:45 [0] NCCL INFO NET/IB: ncclIbReceiverQpsCreateToRts: QP created: port=1 dev=0 devName=rocep1s0f0 ndevs=2 nmdevs=2 qp_num=2040 pkey=0 pd=0xeeecd0017e00
srv1:31:45 [0] NCCL INFO NET/IB: ncclIbReceiverQpsCreateToRts: QP created: port=1 dev=0 devName=rocep1s0f0 ndevs=2 nmdevs=2 qp_num=2041 pkey=0 pd=0xeeecd0017e00
srv1:31:45 [0] NCCL INFO NET/IB: ncclIbResiliencyInit: Resiliency is disabled on the send communicator (comm=0xeeecd12a3000)
srv1:31:45 [0] NCCL INFO NET/IB: ncclIbSenderQpsToRts: Set ECE: IbDev 0 Port 1 qp_num 2036 set_ece={supported=1, vendor_id=0x15b3, options=0x30000002, comp_mask=0x0}
srv1:31:45 [0] NCCL INFO NET/IB: ncclIbSenderQpsToRts: Set ECE: IbDev 1 Port 1 qp_num 2158 set_ece={supported=1, vendor_id=0x15b3, options=0x30000002, comp_mask=0x0}
srv1:31:45 [0] NCCL INFO NET/IB: ncclIbResiliencyInit: Resiliency is disabled on the recv communicator (comm=0xeeecd12de000)
srv1:31:45 [0] NCCL INFO NET/IB: ncclIbRecvCommInit: Receive work requests will be posted on-demand
srv1:31:45 [0] NCCL INFO NET/IB: ncclIbResiliencyInit: Resiliency is disabled on the send communicator (comm=0xeeecd131b000)
srv1:31:45 [0] NCCL INFO NET/IB: ncclIbResiliencyInit: Resiliency is disabled on the recv communicator (comm=0xeeecd1354000)
srv1:31:45 [0] NCCL INFO NET/IB: ncclIbRecvCommInit: Receive work requests will be posted on-demand
srv1:31:45 [0] NCCL INFO NET/IB: ncclIbResiliencyInit: Resiliency is disabled on the send communicator (comm=0xeeecd1391000)
srv1:31:45 [0] NCCL INFO NET/IB: ncclIbResiliencyInit: Resiliency is disabled on the recv communicator (comm=0xeeecd13ca000)
srv1:31:45 [0] NCCL INFO NET/IB: ncclIbRecvCommInit: Receive work requests will be posted on-demand
srv1:31:45 [0] NCCL INFO NET/IB: ncclIbResiliencyInit: Resiliency is disabled on the send communicator (comm=0xeeecd1409000)
srv1:31:45 [0] NCCL INFO NET/IB: ncclIbResiliencyInit: Resiliency is disabled on the recv communicator (comm=0xeeecd1444000)
srv1:31:45 [0] NCCL INFO NET/IB: ncclIbRecvCommInit: Receive work requests will be posted on-demand
srv1:31:45 [0] NCCL INFO NET/IB: ncclIbResiliencyInit: Resiliency is disabled on the send communicator (comm=0xeeecd1483000)
srv1:31:45 [0] NCCL INFO NET/IB: ncclIbResiliencyInit: Resiliency is disabled on the recv communicator (comm=0xeeecd14be000)
srv1:31:45 [0] NCCL INFO NET/IB: ncclIbRecvCommInit: Receive work requests will be posted on-demand
srv1:31:45 [0] NCCL INFO NET/IB: ncclIbResiliencyInit: Resiliency is disabled on the recv communicator (comm=0xeeecd14fd000)
srv1:31:45 [0] NCCL INFO NET/IB: ncclIbRecvCommInit: Receive work requests will be posted on-demand
srv1:31:45 [0] NCCL INFO NET/IB: ncclIbResiliencyInit: Resiliency is disabled on the recv communicator (comm=0xeeecd153c000)
srv1:31:45 [0] NCCL INFO NET/IB: ncclIbRecvCommInit: Receive work requests will be posted on-demand
srv1:31:45 [0] NCCL INFO NET/IB: ncclIbResiliencyInit: Resiliency is disabled on the recv communicator (comm=0xeeecd157b000)
srv1:31:45 [0] NCCL INFO NET/IB: ncclIbRecvCommInit: Receive work requests will be posted on-demand
srv1:31:45 [0] NCCL INFO NET/IB: ncclIbResiliencyInit: Resiliency is disabled on the recv communicator (comm=0xeeecd15ba000)
srv1:31:45 [0] NCCL INFO NET/IB: ncclIbRecvCommInit: Receive work requests will be posted on-demand
srv1:31:45 [0] NCCL INFO NET/IB: ncclIbResiliencyInit: Resiliency is disabled on the recv communicator (comm=0xeeecd15f9000)
srv1:31:45 [0] NCCL INFO NET/IB: ncclIbRecvCommInit: Receive work requests will be posted on-demand
srv1:31:45 [0] NCCL INFO NET/IB: ncclIbResiliencyInit: Resiliency is disabled on the recv communicator (comm=0xeeecd1638000)
srv1:31:45 [0] NCCL INFO NET/IB: ncclIbRecvCommInit: Receive work requests will be posted on-demand
srv1:31:45 [0] NCCL INFO NET/IB: ncclIbResiliencyInit: Resiliency is disabled on the recv communicator (comm=0xeeecd1677000)
srv1:31:45 [0] NCCL INFO NET/IB: ncclIbRecvCommInit: Receive work requests will be posted on-demand
srv1:31:45 [0] NCCL INFO NET/IB: ncclIbResiliencyInit: Resiliency is disabled on the recv communicator (comm=0xeeecd16b6000)
srv1:31:45 [0] NCCL INFO NET/IB: ncclIbRecvCommInit: Receive work requests will be posted on-demand
srv1:31:45 [0] NCCL INFO NET/IB: ncclIbResiliencyInit: Resiliency is disabled on the send communicator (comm=0xeeecd16f5000)
srv1:31:45 [0] NCCL INFO NET/IB: ncclIbResiliencyInit: Resiliency is disabled on the recv communicator (comm=0xeeecd1730000)
srv1:31:45 [0] NCCL INFO NET/IB: ncclIbRecvCommInit: Receive work requests will be posted on-demand
srv1:31:45 [0] NCCL INFO NET/IB: ncclIbResiliencyInit: Resiliency is disabled on the send communicator (comm=0xeeecd176f000)
srv1:31:45 [0] NCCL INFO NET/IB: ncclIbResiliencyInit: Resiliency is disabled on the recv communicator (comm=0xeeecd17aa000)
srv1:31:45 [0] NCCL INFO NET/IB: ncclIbRecvCommInit: Receive work requests will be posted on-demand
srv1:31:45 [0] NCCL INFO NET/IB: ncclIbResiliencyInit: Resiliency is disabled on the send communicator (comm=0xeeecd17e7000)
srv1:31:45 [0] NCCL INFO NET/IB: ncclIbResiliencyInit: Resiliency is disabled on the recv communicator (comm=0xeeecd1822000)
srv1:31:45 [0] NCCL INFO NET/IB: ncclIbRecvCommInit: Receive work requests will be posted on-demand
srv1:31:45 [0] NCCL INFO NET/IB: ncclIbResiliencyInit: Resiliency is disabled on the send communicator (comm=0xeeecd1861000)
srv1:31:45 [0] NCCL INFO NET/IB: ncclIbResiliencyInit: Resiliency is disabled on the recv communicator (comm=0xeeecd189c000)
srv1:31:45 [0] NCCL INFO NET/IB: ncclIbRecvCommInit: Receive work requests will be posted on-demand
srv1:31:45 [0] NCCL INFO NET/IB: ncclIbResiliencyInit: Resiliency is disabled on the send communicator (comm=0xeeecd18db000)
srv1:31:45 [0] NCCL INFO NET/IB: ncclIbResiliencyInit: Resiliency is disabled on the recv communicator (comm=0xeeecd1916000)
srv1:31:45 [0] NCCL INFO NET/IB: ncclIbRecvCommInit: Receive work requests will be posted on-demand
srv1:31:45 [0] NCCL INFO NET/IB: ncclIbResiliencyInit: Resiliency is disabled on the send communicator (comm=0xeeecd1955000)
srv1:31:45 [0] NCCL INFO NET/IB: ncclIbResiliencyInit: Resiliency is disabled on the recv communicator (comm=0xeeecd1990000)
srv1:31:45 [0] NCCL INFO NET/IB: ncclIbRecvCommInit: Receive work requests will be posted on-demand
srv1:31:45 [0] NCCL INFO NET/IB: ncclIbResiliencyInit: Resiliency is disabled on the send communicator (comm=0xeeecd19cf000)
srv1:31:45 [0] NCCL INFO NET/IB: ncclIbSenderQpsToRts: Set ECE: IbDev 0 Port 1 qp_num 2039 set_ece={supported=1, vendor_id=0x15b3, options=0x30000002, comp_mask=0x0}
srv1:31:45 [0] NCCL INFO NET/IB: ncclIbSenderQpsCreate: QP created: port=1 dev=1 devName=roceP2p1s0f0 ndevs=2 nmdevs=2 qp_num=2161 pkey=0 pd=0xeeecd008ff80
srv1:31:45 [0] NCCL INFO NET/IB: ncclIbConnect: NCCL Dev 1 IbDev 1 Port 1 qp_num 2161 mtu 5 GID 3 (0/10B0A0AFFFF0000) ctsFifoRkey=0x194342 ctsFifoLkey=0x194342
srv1:31:45 [0] NCCL INFO NET/IB: ncclIbConnect: IbDev 1 Port 1 qp_num 2161 query_ece={supported=1, vendor_id=0x15b3, options=0x30000002, comp_mask=0x0}
srv1:31:45 [0] NCCL INFO NET/IB: ncclIbReceiverQpsCreateToRts: QP created: port=1 dev=1 devName=roceP2p1s0f0 ndevs=2 nmdevs=2 qp_num=2162 pkey=0 pd=0xeeecd008ff80
srv1:31:45 [0] NCCL INFO NET/IB: ncclIbReceiverQpsCreateToRts: QP created: port=1 dev=1 devName=roceP2p1s0f0 ndevs=2 nmdevs=2 qp_num=2163 pkey=0 pd=0xeeecd008ff80
srv1:31:45 [0] NCCL INFO NET/IB: ncclIbSenderQpsCreate: QP created: port=1 dev=0 devName=rocep1s0f0 ndevs=2 nmdevs=2 qp_num=2042 pkey=0 pd=0xeeecd0017e00
srv1:31:45 [0] NCCL INFO NET/IB: ncclIbConnect: NCCL Dev 0 IbDev 0 Port 1 qp_num 2042 mtu 5 GID 3 (0/10A0A0AFFFF0000) ctsFifoRkey=0x17bc7b ctsFifoLkey=0x17bc7b
srv1:31:45 [0] NCCL INFO NET/IB: ncclIbConnect: IbDev 0 Port 1 qp_num 2042 query_ece={supported=1, vendor_id=0x15b3, options=0x30000002, comp_mask=0x0}
srv1:31:45 [0] NCCL INFO NET/IB: ncclIbReceiverQpsCreateToRts: QP created: port=1 dev=0 devName=rocep1s0f0 ndevs=2 nmdevs=2 qp_num=2043 pkey=0 pd=0xeeecd0017e00
srv1:31:45 [0] NCCL INFO NET/IB: ncclIbReceiverQpsCreateToRts: QP created: port=1 dev=0 devName=rocep1s0f0 ndevs=2 nmdevs=2 qp_num=2044 pkey=0 pd=0xeeecd0017e00
srv1:31:45 [0] NCCL INFO NET/IB: ncclIbSenderQpsCreate: QP created: port=1 dev=1 devName=roceP2p1s0f0 ndevs=2 nmdevs=2 qp_num=2164 pkey=0 pd=0xeeecd008ff80
srv1:31:45 [0] NCCL INFO NET/IB: ncclIbConnect: NCCL Dev 1 IbDev 1 Port 1 qp_num 2164 mtu 5 GID 3 (0/10B0A0AFFFF0000) ctsFifoRkey=0x196767 ctsFifoLkey=0x196767
srv1:31:45 [0] NCCL INFO NET/IB: ncclIbConnect: IbDev 1 Port 1 qp_num 2164 query_ece={supported=1, vendor_id=0x15b3, options=0x30000002, comp_mask=0x0}
srv1:31:45 [0] NCCL INFO NET/IB: ncclIbResiliencyInit: Resiliency is disabled on the recv communicator (comm=0xeeecd1b3e000)
srv1:31:45 [0] NCCL INFO NET/IB: ncclIbRecvCommInit: Receive work requests will be posted on-demand
srv1:31:45 [0] NCCL INFO NET/IB: ncclIbSenderQpsToRts: Set ECE: IbDev 1 Port 1 qp_num 2161 set_ece={supported=1, vendor_id=0x15b3, options=0x30000002, comp_mask=0x0}
srv1:31:45 [0] NCCL INFO NET/IB: ncclIbReceiverQpsCreateToRts: QP created: port=1 dev=0 devName=rocep1s0f0 ndevs=2 nmdevs=2 qp_num=2045 pkey=0 pd=0xeeecd0017e00
srv1:31:45 [0] NCCL INFO NET/IB: ncclIbReceiverQpsCreateToRts: QP created: port=1 dev=0 devName=rocep1s0f0 ndevs=2 nmdevs=2 qp_num=2046 pkey=0 pd=0xeeecd0017e00
srv1:31:45 [0] NCCL INFO NET/IB: ncclIbReceiverQpsCreateToRts: QP created: port=1 dev=1 devName=roceP2p1s0f0 ndevs=2 nmdevs=2 qp_num=2165 pkey=0 pd=0xeeecd008ff80
srv1:31:45 [0] NCCL INFO NET/IB: ncclIbReceiverQpsCreateToRts: QP created: port=1 dev=1 devName=roceP2p1s0f0 ndevs=2 nmdevs=2 qp_num=2166 pkey=0 pd=0xeeecd008ff80
srv1:31:45 [0] NCCL INFO NET/IB: ncclIbReceiverQpsCreateToRts: QP created: port=1 dev=0 devName=rocep1s0f0 ndevs=2 nmdevs=2 qp_num=2047 pkey=0 pd=0xeeecd0017e00
srv1:31:45 [0] NCCL INFO NET/IB: ncclIbReceiverQpsCreateToRts: QP created: port=1 dev=0 devName=rocep1s0f0 ndevs=2 nmdevs=2 qp_num=2048 pkey=0 pd=0xeeecd0017e00
srv1:31:45 [0] NCCL INFO NET/IB: ncclIbReceiverQpsCreateToRts: QP created: port=1 dev=1 devName=roceP2p1s0f0 ndevs=2 nmdevs=2 qp_num=2167 pkey=0 pd=0xeeecd008ff80
srv1:31:45 [0] NCCL INFO NET/IB: ncclIbReceiverQpsCreateToRts: QP created: port=1 dev=1 devName=roceP2p1s0f0 ndevs=2 nmdevs=2 qp_num=2168 pkey=0 pd=0xeeecd008ff80
srv1:31:45 [0] NCCL INFO NET/IB: ncclIbReceiverQpsCreateToRts: QP created: port=1 dev=0 devName=rocep1s0f0 ndevs=2 nmdevs=2 qp_num=2049 pkey=0 pd=0xeeecd0017e00
srv1:31:45 [0] NCCL INFO NET/IB: ncclIbReceiverQpsCreateToRts: QP created: port=1 dev=0 devName=rocep1s0f0 ndevs=2 nmdevs=2 qp_num=2050 pkey=0 pd=0xeeecd0017e00
srv1:31:45 [0] NCCL INFO NET/IB: ncclIbReceiverQpsCreateToRts: QP created: port=1 dev=1 devName=roceP2p1s0f0 ndevs=2 nmdevs=2 qp_num=2169 pkey=0 pd=0xeeecd008ff80
srv1:31:45 [0] NCCL INFO NET/IB: ncclIbReceiverQpsCreateToRts: QP created: port=1 dev=1 devName=roceP2p1s0f0 ndevs=2 nmdevs=2 qp_num=2170 pkey=0 pd=0xeeecd008ff80
srv1:31:45 [0] NCCL INFO NET/IB: ncclIbReceiverQpsCreateToRts: QP created: port=1 dev=0 devName=rocep1s0f0 ndevs=2 nmdevs=2 qp_num=2051 pkey=0 pd=0xeeecd0017e00
srv1:31:45 [0] NCCL INFO NET/IB: ncclIbReceiverQpsCreateToRts: QP created: port=1 dev=0 devName=rocep1s0f0 ndevs=2 nmdevs=2 qp_num=2052 pkey=0 pd=0xeeecd0017e00
srv1:31:45 [0] NCCL INFO NET/IB: ncclIbReceiverQpsCreateToRts: QP created: port=1 dev=1 devName=roceP2p1s0f0 ndevs=2 nmdevs=2 qp_num=2171 pkey=0 pd=0xeeecd008ff80
srv1:31:45 [0] NCCL INFO NET/IB: ncclIbReceiverQpsCreateToRts: QP created: port=1 dev=1 devName=roceP2p1s0f0 ndevs=2 nmdevs=2 qp_num=2172 pkey=0 pd=0xeeecd008ff80
srv1:31:45 [0] NCCL INFO NET/IB: ncclIbSenderQpsCreate: QP created: port=1 dev=0 devName=rocep1s0f0 ndevs=2 nmdevs=2 qp_num=2053 pkey=0 pd=0xeeecd0017e00
srv1:31:45 [0] NCCL INFO NET/IB: ncclIbConnect: NCCL Dev 0 IbDev 0 Port 1 qp_num 2053 mtu 5 GID 3 (0/10A0A0AFFFF0000) ctsFifoRkey=0x17cf8e ctsFifoLkey=0x17cf8e
srv1:31:45 [0] NCCL INFO NET/IB: ncclIbConnect: IbDev 0 Port 1 qp_num 2053 query_ece={supported=1, vendor_id=0x15b3, options=0x30000002, comp_mask=0x0}
srv1:31:45 [0] NCCL INFO NET/IB: ncclIbReceiverQpsCreateToRts: QP created: port=1 dev=0 devName=rocep1s0f0 ndevs=2 nmdevs=2 qp_num=2054 pkey=0 pd=0xeeecd0017e00
srv1:31:45 [0] NCCL INFO NET/IB: ncclIbReceiverQpsCreateToRts: QP created: port=1 dev=0 devName=rocep1s0f0 ndevs=2 nmdevs=2 qp_num=2055 pkey=0 pd=0xeeecd0017e00
srv1:31:45 [0] NCCL INFO NET/IB: ncclIbSenderQpsCreate: QP created: port=1 dev=1 devName=roceP2p1s0f0 ndevs=2 nmdevs=2 qp_num=2173 pkey=0 pd=0xeeecd008ff80
srv1:31:45 [0] NCCL INFO NET/IB: ncclIbConnect: NCCL Dev 1 IbDev 1 Port 1 qp_num 2173 mtu 5 GID 3 (0/10B0A0AFFFF0000) ctsFifoRkey=0x19c1be ctsFifoLkey=0x19c1be
srv1:31:45 [0] NCCL INFO NET/IB: ncclIbConnect: IbDev 1 Port 1 qp_num 2173 query_ece={supported=1, vendor_id=0x15b3, options=0x30000002, comp_mask=0x0}
srv1:31:45 [0] NCCL INFO NET/IB: ncclIbReceiverQpsCreateToRts: QP created: port=1 dev=1 devName=roceP2p1s0f0 ndevs=2 nmdevs=2 qp_num=2174 pkey=0 pd=0xeeecd008ff80
srv1:31:45 [0] NCCL INFO NET/IB: ncclIbReceiverQpsCreateToRts: QP created: port=1 dev=1 devName=roceP2p1s0f0 ndevs=2 nmdevs=2 qp_num=2175 pkey=0 pd=0xeeecd008ff80
srv1:31:45 [0] NCCL INFO NET/IB: ncclIbSenderQpsCreate: QP created: port=1 dev=0 devName=rocep1s0f0 ndevs=2 nmdevs=2 qp_num=2056 pkey=0 pd=0xeeecd0017e00
srv1:31:45 [0] NCCL INFO NET/IB: ncclIbConnect: NCCL Dev 0 IbDev 0 Port 1 qp_num 2056 mtu 5 GID 3 (0/10A0A0AFFFF0000) ctsFifoRkey=0x1805c2 ctsFifoLkey=0x1805c2
srv1:31:45 [0] NCCL INFO NET/IB: ncclIbConnect: IbDev 0 Port 1 qp_num 2056 query_ece={supported=1, vendor_id=0x15b3, options=0x30000002, comp_mask=0x0}
srv1:31:45 [0] NCCL INFO NET/IB: ncclIbReceiverQpsCreateToRts: QP created: port=1 dev=0 devName=rocep1s0f0 ndevs=2 nmdevs=2 qp_num=2057 pkey=0 pd=0xeeecd0017e00
srv1:31:45 [0] NCCL INFO NET/IB: ncclIbReceiverQpsCreateToRts: QP created: port=1 dev=0 devName=rocep1s0f0 ndevs=2 nmdevs=2 qp_num=2058 pkey=0 pd=0xeeecd0017e00
srv1:31:45 [0] NCCL INFO NET/IB: ncclIbSenderQpsCreate: QP created: port=1 dev=1 devName=roceP2p1s0f0 ndevs=2 nmdevs=2 qp_num=2176 pkey=0 pd=0xeeecd008ff80
srv1:31:45 [0] NCCL INFO NET/IB: ncclIbConnect: NCCL Dev 1 IbDev 1 Port 1 qp_num 2176 mtu 5 GID 3 (0/10B0A0AFFFF0000) ctsFifoRkey=0x19a39d ctsFifoLkey=0x19a39d
srv1:31:45 [0] NCCL INFO NET/IB: ncclIbConnect: IbDev 1 Port 1 qp_num 2176 query_ece={supported=1, vendor_id=0x15b3, options=0x30000002, comp_mask=0x0}
srv1:31:45 [0] NCCL INFO NET/IB: ncclIbReceiverQpsCreateToRts: QP created: port=1 dev=1 devName=roceP2p1s0f0 ndevs=2 nmdevs=2 qp_num=2177 pkey=0 pd=0xeeecd008ff80
srv1:31:45 [0] NCCL INFO NET/IB: ncclIbReceiverQpsCreateToRts: QP created: port=1 dev=1 devName=roceP2p1s0f0 ndevs=2 nmdevs=2 qp_num=2178 pkey=0 pd=0xeeecd008ff80
srv1:31:45 [0] NCCL INFO NET/IB: ncclIbSenderQpsCreate: QP created: port=1 dev=0 devName=rocep1s0f0 ndevs=2 nmdevs=2 qp_num=2059 pkey=0 pd=0xeeecd0017e00
srv1:31:45 [0] NCCL INFO NET/IB: ncclIbConnect: NCCL Dev 0 IbDev 0 Port 1 qp_num 2059 mtu 5 GID 3 (0/10A0A0AFFFF0000) ctsFifoRkey=0x181cd9 ctsFifoLkey=0x181cd9
srv1:31:45 [0] NCCL INFO NET/IB: ncclIbConnect: IbDev 0 Port 1 qp_num 2059 query_ece={supported=1, vendor_id=0x15b3, options=0x30000002, comp_mask=0x0}
srv1:31:45 [0] NCCL INFO NET/IB: ncclIbReceiverQpsCreateToRts: QP created: port=1 dev=0 devName=rocep1s0f0 ndevs=2 nmdevs=2 qp_num=2060 pkey=0 pd=0xeeecd0017e00
srv1:31:45 [0] NCCL INFO NET/IB: ncclIbReceiverQpsCreateToRts: QP created: port=1 dev=0 devName=rocep1s0f0 ndevs=2 nmdevs=2 qp_num=2061 pkey=0 pd=0xeeecd0017e00
srv1:31:45 [0] NCCL INFO NET/IB: ncclIbSenderQpsCreate: QP created: port=1 dev=1 devName=roceP2p1s0f0 ndevs=2 nmdevs=2 qp_num=2179 pkey=0 pd=0xeeecd008ff80
srv1:31:45 [0] NCCL INFO NET/IB: ncclIbConnect: NCCL Dev 1 IbDev 1 Port 1 qp_num 2179 mtu 5 GID 3 (0/10B0A0AFFFF0000) ctsFifoRkey=0x19bbb8 ctsFifoLkey=0x19bbb8
srv1:31:45 [0] NCCL INFO NET/IB: ncclIbConnect: IbDev 1 Port 1 qp_num 2179 query_ece={supported=1, vendor_id=0x15b3, options=0x30000002, comp_mask=0x0}
srv1:31:45 [0] NCCL INFO NET/IB: ncclIbSenderQpsCreate: QP created: port=1 dev=0 devName=rocep1s0f0 ndevs=2 nmdevs=2 qp_num=2062 pkey=0 pd=0xeeecd0017e00
srv1:31:45 [0] NCCL INFO NET/IB: ncclIbConnect: NCCL Dev 0 IbDev 0 Port 1 qp_num 2062 mtu 5 GID 3 (0/10A0A0AFFFF0000) ctsFifoRkey=0x17febb ctsFifoLkey=0x17febb
srv1:31:45 [0] NCCL INFO NET/IB: ncclIbConnect: IbDev 0 Port 1 qp_num 2062 query_ece={supported=1, vendor_id=0x15b3, options=0x30000002, comp_mask=0x0}
srv1:31:45 [0] NCCL INFO NET/IB: ncclIbResiliencyInit: Resiliency is disabled on the send communicator (comm=0xeeecd20eb000)
srv1:31:45 [0] NCCL INFO NET/IB: ncclIbSenderQpsToRts: Set ECE: IbDev 0 Port 1 qp_num 2042 set_ece={supported=1, vendor_id=0x15b3, options=0x30000002, comp_mask=0x0}
srv1:31:45 [0] NCCL INFO NET/IB: ncclIbSenderQpsToRts: Set ECE: IbDev 1 Port 1 qp_num 2164 set_ece={supported=1, vendor_id=0x15b3, options=0x30000002, comp_mask=0x0}
srv1:31:45 [0] NCCL INFO NET/IB: ncclIbReceiverQpsCreateToRts: QP created: port=1 dev=1 devName=roceP2p1s0f0 ndevs=2 nmdevs=2 qp_num=2180 pkey=0 pd=0xeeecd008ff80
srv1:31:45 [0] NCCL INFO NET/IB: ncclIbReceiverQpsCreateToRts: QP created: port=1 dev=1 devName=roceP2p1s0f0 ndevs=2 nmdevs=2 qp_num=2181 pkey=0 pd=0xeeecd008ff80
srv1:31:45 [0] NCCL INFO NET/IB: ncclIbSenderQpsCreate: QP created: port=1 dev=0 devName=rocep1s0f0 ndevs=2 nmdevs=2 qp_num=2063 pkey=0 pd=0xeeecd0017e00
srv1:31:45 [0] NCCL INFO NET/IB: ncclIbConnect: NCCL Dev 0 IbDev 0 Port 1 qp_num 2063 mtu 5 GID 3 (0/10A0A0AFFFF0000) ctsFifoRkey=0x180bc9 ctsFifoLkey=0x180bc9
srv1:31:45 [0] NCCL INFO NET/IB: ncclIbConnect: IbDev 0 Port 1 qp_num 2063 query_ece={supported=1, vendor_id=0x15b3, options=0x30000002, comp_mask=0x0}
srv1:31:45 [0] NCCL INFO NET/IB: ncclIbReceiverQpsCreateToRts: QP created: port=1 dev=0 devName=rocep1s0f0 ndevs=2 nmdevs=2 qp_num=2064 pkey=0 pd=0xeeecd0017e00
srv1:31:45 [0] NCCL INFO NET/IB: ncclIbReceiverQpsCreateToRts: QP created: port=1 dev=0 devName=rocep1s0f0 ndevs=2 nmdevs=2 qp_num=2065 pkey=0 pd=0xeeecd0017e00
srv1:31:45 [0] NCCL INFO NET/IB: ncclIbSenderQpsCreate: QP created: port=1 dev=1 devName=roceP2p1s0f0 ndevs=2 nmdevs=2 qp_num=2182 pkey=0 pd=0xeeecd008ff80
srv1:31:45 [0] NCCL INFO NET/IB: ncclIbConnect: NCCL Dev 1 IbDev 1 Port 1 qp_num 2182 mtu 5 GID 3 (0/10B0A0AFFFF0000) ctsFifoRkey=0x19d2d0 ctsFifoLkey=0x19d2d0
srv1:31:45 [0] NCCL INFO NET/IB: ncclIbConnect: IbDev 1 Port 1 qp_num 2182 query_ece={supported=1, vendor_id=0x15b3, options=0x30000002, comp_mask=0x0}
srv1:31:45 [0] NCCL INFO NET/IB: ncclIbSenderQpsToRts: Set ECE: IbDev 0 Port 1 qp_num 2053 set_ece={supported=1, vendor_id=0x15b3, options=0x30000002, comp_mask=0x0}
srv1:31:45 [0] NCCL INFO NET/IB: ncclIbSenderQpsToRts: Set ECE: IbDev 1 Port 1 qp_num 2173 set_ece={supported=1, vendor_id=0x15b3, options=0x30000002, comp_mask=0x0}
srv1:31:45 [0] NCCL INFO NET/IB: ncclIbSenderQpsToRts: Set ECE: IbDev 0 Port 1 qp_num 2056 set_ece={supported=1, vendor_id=0x15b3, options=0x30000002, comp_mask=0x0}
srv1:31:45 [0] NCCL INFO NET/IB: ncclIbSenderQpsToRts: Set ECE: IbDev 1 Port 1 qp_num 2176 set_ece={supported=1, vendor_id=0x15b3, options=0x30000002, comp_mask=0x0}
srv1:31:45 [0] NCCL INFO NET/IB: ncclIbSenderQpsToRts: Set ECE: IbDev 0 Port 1 qp_num 2059 set_ece={supported=1, vendor_id=0x15b3, options=0x30000002, comp_mask=0x0}
srv1:31:45 [0] NCCL INFO NET/IB: ncclIbSenderQpsToRts: Set ECE: IbDev 1 Port 1 qp_num 2179 set_ece={supported=1, vendor_id=0x15b3, options=0x30000002, comp_mask=0x0}
srv1:31:45 [0] NCCL INFO NET/IB: ncclIbReceiverQpsCreateToRts: QP created: port=1 dev=1 devName=roceP2p1s0f0 ndevs=2 nmdevs=2 qp_num=2183 pkey=0 pd=0xeeecd008ff80
srv1:31:45 [0] NCCL INFO NET/IB: ncclIbReceiverQpsCreateToRts: QP created: port=1 dev=1 devName=roceP2p1s0f0 ndevs=2 nmdevs=2 qp_num=2184 pkey=0 pd=0xeeecd008ff80
srv1:31:45 [0] NCCL INFO NET/IB: ncclIbSenderQpsToRts: Set ECE: IbDev 0 Port 1 qp_num 2062 set_ece={supported=1, vendor_id=0x15b3, options=0x30000002, comp_mask=0x0}
srv1:31:45 [0] NCCL INFO NET/IB: ncclIbReceiverQpsCreateToRts: QP created: port=1 dev=0 devName=rocep1s0f0 ndevs=2 nmdevs=2 qp_num=2066 pkey=0 pd=0xeeecd0017e00
srv1:31:45 [0] NCCL INFO NET/IB: ncclIbReceiverQpsCreateToRts: QP created: port=1 dev=0 devName=rocep1s0f0 ndevs=2 nmdevs=2 qp_num=2067 pkey=0 pd=0xeeecd0017e00
srv1:31:45 [0] NCCL INFO NET/IB: ncclIbSenderQpsCreate: QP created: port=1 dev=1 devName=roceP2p1s0f0 ndevs=2 nmdevs=2 qp_num=2185 pkey=0 pd=0xeeecd008ff80
srv1:31:45 [0] NCCL INFO NET/IB: ncclIbConnect: NCCL Dev 1 IbDev 1 Port 1 qp_num 2185 mtu 5 GID 3 (0/10B0A0AFFFF0000) ctsFifoRkey=0x19e2df ctsFifoLkey=0x19e2df
srv1:31:45 [0] NCCL INFO NET/IB: ncclIbConnect: IbDev 1 Port 1 qp_num 2185 query_ece={supported=1, vendor_id=0x15b3, options=0x30000002, comp_mask=0x0}
srv1:31:45 [0] NCCL INFO NET/IB: ncclIbResiliencyInit: Resiliency is disabled on the recv communicator (comm=0xeeecd22e3000)
srv1:31:45 [0] NCCL INFO NET/IB: ncclIbRecvCommInit: Receive work requests will be posted on-demand
srv1:31:45 [0] NCCL INFO NET/IB: ncclIbSenderQpsToRts: Set ECE: IbDev 0 Port 1 qp_num 2063 set_ece={supported=1, vendor_id=0x15b3, options=0x30000002, comp_mask=0x0}
srv1:31:45 [0] NCCL INFO NET/IB: ncclIbSenderQpsToRts: Set ECE: IbDev 1 Port 1 qp_num 2182 set_ece={supported=1, vendor_id=0x15b3, options=0x30000002, comp_mask=0x0}
srv1:31:45 [0] NCCL INFO NET/IB: ncclIbReceiverQpsCreateToRts: QP created: port=1 dev=1 devName=roceP2p1s0f0 ndevs=2 nmdevs=2 qp_num=2186 pkey=0 pd=0xeeecd008ff80
srv1:31:45 [0] NCCL INFO NET/IB: ncclIbReceiverQpsCreateToRts: QP created: port=1 dev=1 devName=roceP2p1s0f0 ndevs=2 nmdevs=2 qp_num=2187 pkey=0 pd=0xeeecd008ff80
srv1:31:45 [0] NCCL INFO NET/IB: ncclIbSenderQpsToRts: Set ECE: IbDev 1 Port 1 qp_num 2185 set_ece={supported=1, vendor_id=0x15b3, options=0x30000002, comp_mask=0x0}
srv1:31:45 [0] NCCL INFO NET/IB: ncclIbReceiverQpsCreateToRts: QP created: port=1 dev=1 devName=roceP2p1s0f0 ndevs=2 nmdevs=2 qp_num=2188 pkey=0 pd=0xeeecd008ff80
srv1:31:45 [0] NCCL INFO NET/IB: ncclIbReceiverQpsCreateToRts: QP created: port=1 dev=1 devName=roceP2p1s0f0 ndevs=2 nmdevs=2 qp_num=2189 pkey=0 pd=0xeeecd008ff80
srv1:31:31 [0] NCCL INFO Connected all trees
srv1:31:45 [0] NCCL INFO New proxy send connection 72 from local rank 0, transport 2
srv1:31:31 [0] NCCL INFO Connected to proxy localRank 0 -> connection 0xeeecd00075b0
srv1:31:31 [0] NCCL INFO Channel 00/0 : 1[0] -> 0[0] [send] via NET/IB/0
srv1:31:45 [0] NCCL INFO New proxy send connection 73 from local rank 0, transport 2
srv1:31:31 [0] NCCL INFO Connected to proxy localRank 0 -> connection 0xeeecd0007638
srv1:31:31 [0] NCCL INFO Channel 01/0 : 1[0] -> 0[0] [send] via NET/IB/1
srv1:31:45 [0] NCCL INFO New proxy send connection 74 from local rank 0, transport 2
srv1:31:31 [0] NCCL INFO Connected to proxy localRank 0 -> connection 0xeeecd00076c0
srv1:31:31 [0] NCCL INFO Channel 02/0 : 1[0] -> 0[0] [send] via NET/IB/0
srv1:31:45 [0] NCCL INFO New proxy send connection 75 from local rank 0, transport 2
srv1:31:31 [0] NCCL INFO Connected to proxy localRank 0 -> connection 0xeeecd0007748
srv1:31:31 [0] NCCL INFO Channel 03/0 : 1[0] -> 0[0] [send] via NET/IB/1
srv1:31:45 [0] NCCL INFO New proxy send connection 76 from local rank 0, transport 2
srv1:31:31 [0] NCCL INFO Connected to proxy localRank 0 -> connection 0xeeecd00077d0
srv1:31:31 [0] NCCL INFO Channel 04/0 : 1[0] -> 0[0] [send] via NET/IB/0
srv1:31:45 [0] NCCL INFO New proxy send connection 77 from local rank 0, transport 2
srv1:31:31 [0] NCCL INFO Connected to proxy localRank 0 -> connection 0xeeecd0007858
srv1:31:31 [0] NCCL INFO Channel 05/0 : 1[0] -> 0[0] [send] via NET/IB/1
srv1:31:45 [0] NCCL INFO New proxy send connection 78 from local rank 0, transport 2
srv1:31:31 [0] NCCL INFO Connected to proxy localRank 0 -> connection 0xeeecd00078e0
srv1:31:31 [0] NCCL INFO Channel 06/0 : 1[0] -> 0[0] [send] via NET/IB/0
srv1:31:45 [0] NCCL INFO New proxy send connection 79 from local rank 0, transport 2
srv1:31:31 [0] NCCL INFO Connected to proxy localRank 0 -> connection 0xeeecd0007968
srv1:31:31 [0] NCCL INFO Channel 07/0 : 1[0] -> 0[0] [send] via NET/IB/1
srv1:31:45 [0] NCCL INFO NET/IB: ncclIbResiliencyInit: Resiliency is disabled on the send communicator (comm=0xeeecd23b0000)
srv1:31:45 [0] NCCL INFO NET/IB: ncclIbResiliencyInit: Resiliency is disabled on the send communicator (comm=0xeeecd23e9000)
srv1:31:45 [0] NCCL INFO NET/IB: ncclIbResiliencyInit: Resiliency is disabled on the send communicator (comm=0xeeecd2422000)
srv1:31:45 [0] NCCL INFO NET/IB: ncclIbSenderQpsCreate: QP created: port=1 dev=0 devName=rocep1s0f0 ndevs=2 nmdevs=2 qp_num=2068 pkey=0 pd=0xeeecd0017e00
srv1:31:45 [0] NCCL INFO NET/IB: ncclIbConnect: NCCL Dev 0 IbDev 0 Port 1 qp_num 2068 mtu 5 GID 3 (0/10A0A0AFFFF0000) ctsFifoRkey=0x1af099 ctsFifoLkey=0x1af099
srv1:31:45 [0] NCCL INFO NET/IB: ncclIbConnect: IbDev 0 Port 1 qp_num 2068 query_ece={supported=1, vendor_id=0x15b3, options=0x30000002, comp_mask=0x0}
srv1:31:45 [0] NCCL INFO NET/IB: ncclIbResiliencyInit: Resiliency is disabled on the send communicator (comm=0xeeecd2489000)
srv1:31:45 [0] NCCL INFO NET/IB: ncclIbResiliencyInit: Resiliency is disabled on the send communicator (comm=0xeeecd24c2000)
srv1:31:45 [0] NCCL INFO NET/IB: ncclIbResiliencyInit: Resiliency is disabled on the send communicator (comm=0xeeecd24fb000)
srv1:31:45 [0] NCCL INFO NET/IB: ncclIbResiliencyInit: Resiliency is disabled on the send communicator (comm=0xeeecd2534000)
srv1:31:45 [0] NCCL INFO NET/IB: ncclIbResiliencyInit: Resiliency is disabled on the send communicator (comm=0xeeecd256d000)
srv1:31:45 [0] NCCL INFO NET/IB: ncclIbSenderQpsToRts: Set ECE: IbDev 0 Port 1 qp_num 2068 set_ece={supported=1, vendor_id=0x15b3, options=0x30000002, comp_mask=0x0}
srv1:31:45 [0] NCCL INFO NET/IB: ncclIbSenderQpsCreate: QP created: port=1 dev=1 devName=roceP2p1s0f0 ndevs=2 nmdevs=2 qp_num=2190 pkey=0 pd=0xeeecd008ff80
srv1:31:45 [0] NCCL INFO NET/IB: ncclIbConnect: NCCL Dev 1 IbDev 1 Port 1 qp_num 2190 mtu 5 GID 3 (0/10B0A0AFFFF0000) ctsFifoRkey=0x19e5e4 ctsFifoLkey=0x19e5e4
srv1:31:45 [0] NCCL INFO NET/IB: ncclIbConnect: IbDev 1 Port 1 qp_num 2190 query_ece={supported=1, vendor_id=0x15b3, options=0x30000002, comp_mask=0x0}
srv1:31:45 [0] NCCL INFO NET/IB: ncclIbSenderQpsToRts: Set ECE: IbDev 1 Port 1 qp_num 2190 set_ece={supported=1, vendor_id=0x15b3, options=0x30000002, comp_mask=0x0}
srv1:31:45 [0] NCCL INFO NET/IB: ncclIbSenderQpsCreate: QP created: port=1 dev=0 devName=rocep1s0f0 ndevs=2 nmdevs=2 qp_num=2069 pkey=0 pd=0xeeecd0017e00
srv1:31:45 [0] NCCL INFO NET/IB: ncclIbConnect: NCCL Dev 0 IbDev 0 Port 1 qp_num 2069 mtu 5 GID 3 (0/10A0A0AFFFF0000) ctsFifoRkey=0x173dfb ctsFifoLkey=0x173dfb
srv1:31:45 [0] NCCL INFO NET/IB: ncclIbConnect: IbDev 0 Port 1 qp_num 2069 query_ece={supported=1, vendor_id=0x15b3, options=0x30000002, comp_mask=0x0}
srv1:31:45 [0] NCCL INFO NET/IB: ncclIbSenderQpsCreate: QP created: port=1 dev=1 devName=roceP2p1s0f0 ndevs=2 nmdevs=2 qp_num=2191 pkey=0 pd=0xeeecd008ff80
srv1:31:45 [0] NCCL INFO NET/IB: ncclIbConnect: NCCL Dev 1 IbDev 1 Port 1 qp_num 2191 mtu 5 GID 3 (0/10B0A0AFFFF0000) ctsFifoRkey=0x19c8c4 ctsFifoLkey=0x19c8c4
srv1:31:45 [0] NCCL INFO NET/IB: ncclIbConnect: IbDev 1 Port 1 qp_num 2191 query_ece={supported=1, vendor_id=0x15b3, options=0x30000002, comp_mask=0x0}
srv1:31:45 [0] NCCL INFO NET/IB: ncclIbSenderQpsCreate: QP created: port=1 dev=0 devName=rocep1s0f0 ndevs=2 nmdevs=2 qp_num=2070 pkey=0 pd=0xeeecd0017e00
srv1:31:45 [0] NCCL INFO NET/IB: ncclIbConnect: NCCL Dev 0 IbDev 0 Port 1 qp_num 2070 mtu 5 GID 3 (0/10A0A0AFFFF0000) ctsFifoRkey=0x174906 ctsFifoLkey=0x174906
srv1:31:45 [0] NCCL INFO NET/IB: ncclIbConnect: IbDev 0 Port 1 qp_num 2070 query_ece={supported=1, vendor_id=0x15b3, options=0x30000002, comp_mask=0x0}
srv1:31:45 [0] NCCL INFO NET/IB: ncclIbSenderQpsToRts: Set ECE: IbDev 0 Port 1 qp_num 2069 set_ece={supported=1, vendor_id=0x15b3, options=0x30000002, comp_mask=0x0}
srv1:31:45 [0] NCCL INFO NET/IB: ncclIbSenderQpsToRts: Set ECE: IbDev 1 Port 1 qp_num 2191 set_ece={supported=1, vendor_id=0x15b3, options=0x30000002, comp_mask=0x0}
srv1:31:45 [0] NCCL INFO NET/IB: ncclIbSenderQpsToRts: Set ECE: IbDev 0 Port 1 qp_num 2070 set_ece={supported=1, vendor_id=0x15b3, options=0x30000002, comp_mask=0x0}
srv1:31:45 [0] NCCL INFO NET/IB: ncclIbSenderQpsCreate: QP created: port=1 dev=1 devName=roceP2p1s0f0 ndevs=2 nmdevs=2 qp_num=2192 pkey=0 pd=0xeeecd008ff80
srv1:31:45 [0] NCCL INFO NET/IB: ncclIbConnect: NCCL Dev 1 IbDev 1 Port 1 qp_num 2192 mtu 5 GID 3 (0/10B0A0AFFFF0000) ctsFifoRkey=0x19e7e6 ctsFifoLkey=0x19e7e6
srv1:31:45 [0] NCCL INFO NET/IB: ncclIbConnect: IbDev 1 Port 1 qp_num 2192 query_ece={supported=1, vendor_id=0x15b3, options=0x30000002, comp_mask=0x0}
srv1:31:45 [0] NCCL INFO NET/IB: ncclIbSenderQpsCreate: QP created: port=1 dev=0 devName=rocep1s0f0 ndevs=2 nmdevs=2 qp_num=2071 pkey=0 pd=0xeeecd0017e00
srv1:31:45 [0] NCCL INFO NET/IB: ncclIbConnect: NCCL Dev 0 IbDev 0 Port 1 qp_num 2071 mtu 5 GID 3 (0/10A0A0AFFFF0000) ctsFifoRkey=0x174c09 ctsFifoLkey=0x174c09
srv1:31:45 [0] NCCL INFO NET/IB: ncclIbConnect: IbDev 0 Port 1 qp_num 2071 query_ece={supported=1, vendor_id=0x15b3, options=0x30000002, comp_mask=0x0}
srv1:31:45 [0] NCCL INFO NET/IB: ncclIbSenderQpsCreate: QP created: port=1 dev=1 devName=roceP2p1s0f0 ndevs=2 nmdevs=2 qp_num=2193 pkey=0 pd=0xeeecd008ff80
srv1:31:45 [0] NCCL INFO NET/IB: ncclIbConnect: NCCL Dev 1 IbDev 1 Port 1 qp_num 2193 mtu 5 GID 3 (0/10B0A0AFFFF0000) ctsFifoRkey=0x19d7d4 ctsFifoLkey=0x19d7d4
srv1:31:45 [0] NCCL INFO NET/IB: ncclIbConnect: IbDev 1 Port 1 qp_num 2193 query_ece={supported=1, vendor_id=0x15b3, options=0x30000002, comp_mask=0x0}
srv1:31:45 [0] NCCL INFO NET/IB: ncclIbSenderQpsToRts: Set ECE: IbDev 1 Port 1 qp_num 2192 set_ece={supported=1, vendor_id=0x15b3, options=0x30000002, comp_mask=0x0}
srv1:31:45 [0] NCCL INFO NET/IB: ncclIbSenderQpsToRts: Set ECE: IbDev 0 Port 1 qp_num 2071 set_ece={supported=1, vendor_id=0x15b3, options=0x30000002, comp_mask=0x0}
srv1:31:45 [0] NCCL INFO NET/IB: ncclIbSenderQpsToRts: Set ECE: IbDev 1 Port 1 qp_num 2193 set_ece={supported=1, vendor_id=0x15b3, options=0x30000002, comp_mask=0x0}
srv1:31:45 [0] NCCL INFO New proxy recv connection 80 from local rank 0, transport 2
srv1:31:31 [0] NCCL INFO Connected to proxy localRank 0 -> connection 0xeeecd00079f0
srv1:31:31 [0] NCCL INFO Channel 00/0 : 3[0] -> 1[0] [receive] via NET/IB/0
srv1:31:45 [0] NCCL INFO New proxy recv connection 81 from local rank 0, transport 2
srv1:31:31 [0] NCCL INFO Connected to proxy localRank 0 -> connection 0xeeecd0007a78
srv1:31:31 [0] NCCL INFO Channel 01/0 : 3[0] -> 1[0] [receive] via NET/IB/1
srv1:31:45 [0] NCCL INFO New proxy recv connection 82 from local rank 0, transport 2
srv1:31:31 [0] NCCL INFO Connected to proxy localRank 0 -> connection 0xeeecd0007b00
srv1:31:31 [0] NCCL INFO Channel 02/0 : 3[0] -> 1[0] [receive] via NET/IB/0
srv1:31:45 [0] NCCL INFO New proxy recv connection 83 from local rank 0, transport 2
srv1:31:31 [0] NCCL INFO Connected to proxy localRank 0 -> connection 0xeeecd0007b88
srv1:31:31 [0] NCCL INFO Channel 03/0 : 3[0] -> 1[0] [receive] via NET/IB/1
srv1:31:45 [0] NCCL INFO New proxy recv connection 84 from local rank 0, transport 2
srv1:31:31 [0] NCCL INFO Connected to proxy localRank 0 -> connection 0xeeecd0007c10
srv1:31:31 [0] NCCL INFO Channel 04/0 : 3[0] -> 1[0] [receive] via NET/IB/0
srv1:31:45 [0] NCCL INFO New proxy recv connection 85 from local rank 0, transport 2
srv1:31:31 [0] NCCL INFO Connected to proxy localRank 0 -> connection 0xeeecd0007c98
srv1:31:31 [0] NCCL INFO Channel 05/0 : 3[0] -> 1[0] [receive] via NET/IB/1
srv1:31:45 [0] NCCL INFO New proxy recv connection 86 from local rank 0, transport 2
srv1:31:31 [0] NCCL INFO Connected to proxy localRank 0 -> connection 0xeeecd0007d20
srv1:31:31 [0] NCCL INFO Channel 06/0 : 3[0] -> 1[0] [receive] via NET/IB/0
srv1:31:45 [0] NCCL INFO New proxy recv connection 87 from local rank 0, transport 2
srv1:31:31 [0] NCCL INFO Connected to proxy localRank 0 -> connection 0xeeecd0007da8
srv1:31:31 [0] NCCL INFO Channel 07/0 : 3[0] -> 1[0] [receive] via NET/IB/1
srv1:31:45 [0] NCCL INFO New proxy send connection 88 from local rank 0, transport 2
srv1:31:31 [0] NCCL INFO Connected to proxy localRank 0 -> connection 0xeeecd0007e30
srv1:31:31 [0] NCCL INFO Channel 00/0 : 1[0] -> 3[0] [send] via NET/IB/0
srv1:31:45 [0] NCCL INFO New proxy send connection 89 from local rank 0, transport 2
srv1:31:31 [0] NCCL INFO Connected to proxy localRank 0 -> connection 0xeeecd0007eb8
srv1:31:31 [0] NCCL INFO Channel 01/0 : 1[0] -> 3[0] [send] via NET/IB/1
srv1:31:45 [0] NCCL INFO New proxy send connection 90 from local rank 0, transport 2
srv1:31:31 [0] NCCL INFO Connected to proxy localRank 0 -> connection 0xeeecd0007f40
srv1:31:31 [0] NCCL INFO Channel 02/0 : 1[0] -> 3[0] [send] via NET/IB/0
srv1:31:45 [0] NCCL INFO New proxy send connection 91 from local rank 0, transport 2
srv1:31:31 [0] NCCL INFO Connected to proxy localRank 0 -> connection 0xeeecd0007fc8
srv1:31:31 [0] NCCL INFO Channel 03/0 : 1[0] -> 3[0] [send] via NET/IB/1
srv1:31:45 [0] NCCL INFO New proxy send connection 92 from local rank 0, transport 2
srv1:31:31 [0] NCCL INFO Connected to proxy localRank 0 -> connection 0xeeecd0008050
srv1:31:31 [0] NCCL INFO Channel 04/0 : 1[0] -> 3[0] [send] via NET/IB/0
srv1:31:45 [0] NCCL INFO New proxy send connection 93 from local rank 0, transport 2
srv1:31:31 [0] NCCL INFO Connected to proxy localRank 0 -> connection 0xeeecd00080d8
srv1:31:31 [0] NCCL INFO Channel 05/0 : 1[0] -> 3[0] [send] via NET/IB/1
srv1:31:45 [0] NCCL INFO New proxy send connection 94 from local rank 0, transport 2
srv1:31:31 [0] NCCL INFO Connected to proxy localRank 0 -> connection 0xeeecd0008160
srv1:31:31 [0] NCCL INFO Channel 06/0 : 1[0] -> 3[0] [send] via NET/IB/0
srv1:31:45 [0] NCCL INFO New proxy send connection 95 from local rank 0, transport 2
srv1:31:31 [0] NCCL INFO Connected to proxy localRank 0 -> connection 0xeeecd00081e8
srv1:31:31 [0] NCCL INFO Channel 07/0 : 1[0] -> 3[0] [send] via NET/IB/1
srv1:31:45 [0] NCCL INFO NET/IB: ncclIbResiliencyInit: Resiliency is disabled on the send communicator (comm=0xeeecd26fc000)
srv1:31:45 [0] NCCL INFO NET/IB: ncclIbResiliencyInit: Resiliency is disabled on the recv communicator (comm=0xeeecd2735000)
srv1:31:45 [0] NCCL INFO NET/IB: ncclIbRecvCommInit: Receive work requests will be posted on-demand
srv1:31:45 [0] NCCL INFO NET/IB: ncclIbResiliencyInit: Resiliency is disabled on the send communicator (comm=0xeeecd2772000)
srv1:31:45 [0] NCCL INFO NET/IB: ncclIbResiliencyInit: Resiliency is disabled on the recv communicator (comm=0xeeecd27ab000)
srv1:31:45 [0] NCCL INFO NET/IB: ncclIbRecvCommInit: Receive work requests will be posted on-demand
srv1:31:45 [0] NCCL INFO NET/IB: ncclIbResiliencyInit: Resiliency is disabled on the send communicator (comm=0xeeecd27ea000)
srv1:31:45 [0] NCCL INFO NET/IB: ncclIbResiliencyInit: Resiliency is disabled on the recv communicator (comm=0xeeecd2825000)
srv1:31:45 [0] NCCL INFO NET/IB: ncclIbRecvCommInit: Receive work requests will be posted on-demand
srv1:31:45 [0] NCCL INFO NET/IB: ncclIbResiliencyInit: Resiliency is disabled on the send communicator (comm=0xeeecd2864000)
srv1:31:45 [0] NCCL INFO NET/IB: ncclIbResiliencyInit: Resiliency is disabled on the recv communicator (comm=0xeeecd289f000)
srv1:31:45 [0] NCCL INFO NET/IB: ncclIbRecvCommInit: Receive work requests will be posted on-demand
srv1:31:45 [0] NCCL INFO NET/IB: ncclIbResiliencyInit: Resiliency is disabled on the send communicator (comm=0xeeecd28de000)
srv1:31:45 [0] NCCL INFO NET/IB: ncclIbSenderQpsCreate: QP created: port=1 dev=0 devName=rocep1s0f0 ndevs=2 nmdevs=2 qp_num=2072 pkey=0 pd=0xeeecd0017e00
srv1:31:45 [0] NCCL INFO NET/IB: ncclIbConnect: NCCL Dev 0 IbDev 0 Port 1 qp_num 2072 mtu 5 GID 3 (0/10A0A0AFFFF0000) ctsFifoRkey=0x17f9b6 ctsFifoLkey=0x17f9b6
srv1:31:45 [0] NCCL INFO NET/IB: ncclIbConnect: IbDev 0 Port 1 qp_num 2072 query_ece={supported=1, vendor_id=0x15b3, options=0x30000002, comp_mask=0x0}
srv1:31:45 [0] NCCL INFO NET/IB: ncclIbReceiverQpsCreateToRts: QP created: port=1 dev=0 devName=rocep1s0f0 ndevs=2 nmdevs=2 qp_num=2073 pkey=0 pd=0xeeecd0017e00
srv1:31:45 [0] NCCL INFO NET/IB: ncclIbReceiverQpsCreateToRts: QP created: port=1 dev=0 devName=rocep1s0f0 ndevs=2 nmdevs=2 qp_num=2074 pkey=0 pd=0xeeecd0017e00
srv1:31:45 [0] NCCL INFO NET/IB: ncclIbSenderQpsCreate: QP created: port=1 dev=1 devName=roceP2p1s0f0 ndevs=2 nmdevs=2 qp_num=2194 pkey=0 pd=0xeeecd008ff80
srv1:31:45 [0] NCCL INFO NET/IB: ncclIbConnect: NCCL Dev 1 IbDev 1 Port 1 qp_num 2194 mtu 5 GID 3 (0/10B0A0AFFFF0000) ctsFifoRkey=0x199491 ctsFifoLkey=0x199491
srv1:31:45 [0] NCCL INFO NET/IB: ncclIbConnect: IbDev 1 Port 1 qp_num 2194 query_ece={supported=1, vendor_id=0x15b3, options=0x30000002, comp_mask=0x0}
srv1:31:45 [0] NCCL INFO NET/IB: ncclIbReceiverQpsCreateToRts: QP created: port=1 dev=1 devName=roceP2p1s0f0 ndevs=2 nmdevs=2 qp_num=2195 pkey=0 pd=0xeeecd008ff80
srv1:31:45 [0] NCCL INFO NET/IB: ncclIbReceiverQpsCreateToRts: QP created: port=1 dev=1 devName=roceP2p1s0f0 ndevs=2 nmdevs=2 qp_num=2196 pkey=0 pd=0xeeecd008ff80
srv1:31:45 [0] NCCL INFO NET/IB: ncclIbSenderQpsCreate: QP created: port=1 dev=0 devName=rocep1s0f0 ndevs=2 nmdevs=2 qp_num=2075 pkey=0 pd=0xeeecd0017e00
srv1:31:45 [0] NCCL INFO NET/IB: ncclIbConnect: NCCL Dev 0 IbDev 0 Port 1 qp_num 2075 mtu 5 GID 3 (0/10A0A0AFFFF0000) ctsFifoRkey=0x1732f3 ctsFifoLkey=0x1732f3
srv1:31:45 [0] NCCL INFO NET/IB: ncclIbConnect: IbDev 0 Port 1 qp_num 2075 query_ece={supported=1, vendor_id=0x15b3, options=0x30000002, comp_mask=0x0}
srv1:31:45 [0] NCCL INFO NET/IB: ncclIbSenderQpsCreate: QP created: port=1 dev=1 devName=roceP2p1s0f0 ndevs=2 nmdevs=2 qp_num=2197 pkey=0 pd=0xeeecd008ff80
srv1:31:45 [0] NCCL INFO NET/IB: ncclIbConnect: NCCL Dev 1 IbDev 1 Port 1 qp_num 2197 mtu 5 GID 3 (0/10B0A0AFFFF0000) ctsFifoRkey=0x19c6c5 ctsFifoLkey=0x19c6c5
srv1:31:45 [0] NCCL INFO NET/IB: ncclIbConnect: IbDev 1 Port 1 qp_num 2197 query_ece={supported=1, vendor_id=0x15b3, options=0x30000002, comp_mask=0x0}
srv1:31:45 [0] NCCL INFO NET/IB: ncclIbSenderQpsCreate: QP created: port=1 dev=0 devName=rocep1s0f0 ndevs=2 nmdevs=2 qp_num=2076 pkey=0 pd=0xeeecd0017e00
srv1:31:45 [0] NCCL INFO NET/IB: ncclIbConnect: NCCL Dev 0 IbDev 0 Port 1 qp_num 2076 mtu 5 GID 3 (0/10A0A0AFFFF0000) ctsFifoRkey=0x175212 ctsFifoLkey=0x175212
srv1:31:45 [0] NCCL INFO NET/IB: ncclIbConnect: IbDev 0 Port 1 qp_num 2076 query_ece={supported=1, vendor_id=0x15b3, options=0x30000002, comp_mask=0x0}
srv1:31:45 [0] NCCL INFO NET/IB: ncclIbResiliencyInit: Resiliency is disabled on the recv communicator (comm=0xeeecd2ab2000)
srv1:31:45 [0] NCCL INFO NET/IB: ncclIbRecvCommInit: Receive work requests will be posted on-demand
srv1:31:45 [0] NCCL INFO NET/IB: ncclIbSenderQpsToRts: Set ECE: IbDev 0 Port 1 qp_num 2072 set_ece={supported=1, vendor_id=0x15b3, options=0x30000002, comp_mask=0x0}
srv1:31:45 [0] NCCL INFO NET/IB: ncclIbSenderQpsToRts: Set ECE: IbDev 1 Port 1 qp_num 2194 set_ece={supported=1, vendor_id=0x15b3, options=0x30000002, comp_mask=0x0}
srv1:31:45 [0] NCCL INFO NET/IB: ncclIbSenderQpsToRts: Set ECE: IbDev 0 Port 1 qp_num 2075 set_ece={supported=1, vendor_id=0x15b3, options=0x30000002, comp_mask=0x0}
srv1:31:45 [0] NCCL INFO NET/IB: ncclIbReceiverQpsCreateToRts: QP created: port=1 dev=0 devName=rocep1s0f0 ndevs=2 nmdevs=2 qp_num=2077 pkey=0 pd=0xeeecd0017e00
srv1:31:45 [0] NCCL INFO NET/IB: ncclIbReceiverQpsCreateToRts: QP created: port=1 dev=0 devName=rocep1s0f0 ndevs=2 nmdevs=2 qp_num=2078 pkey=0 pd=0xeeecd0017e00
srv1:31:45 [0] NCCL INFO NET/IB: ncclIbSenderQpsToRts: Set ECE: IbDev 1 Port 1 qp_num 2197 set_ece={supported=1, vendor_id=0x15b3, options=0x30000002, comp_mask=0x0}
srv1:31:45 [0] NCCL INFO NET/IB: ncclIbReceiverQpsCreateToRts: QP created: port=1 dev=1 devName=roceP2p1s0f0 ndevs=2 nmdevs=2 qp_num=2198 pkey=0 pd=0xeeecd008ff80
srv1:31:45 [0] NCCL INFO NET/IB: ncclIbReceiverQpsCreateToRts: QP created: port=1 dev=1 devName=roceP2p1s0f0 ndevs=2 nmdevs=2 qp_num=2199 pkey=0 pd=0xeeecd008ff80
srv1:31:45 [0] NCCL INFO NET/IB: ncclIbSenderQpsToRts: Set ECE: IbDev 0 Port 1 qp_num 2076 set_ece={supported=1, vendor_id=0x15b3, options=0x30000002, comp_mask=0x0}
srv1:31:45 [0] NCCL INFO NET/IB: ncclIbReceiverQpsCreateToRts: QP created: port=1 dev=0 devName=rocep1s0f0 ndevs=2 nmdevs=2 qp_num=2079 pkey=0 pd=0xeeecd0017e00
srv1:31:45 [0] NCCL INFO NET/IB: ncclIbReceiverQpsCreateToRts: QP created: port=1 dev=0 devName=rocep1s0f0 ndevs=2 nmdevs=2 qp_num=2080 pkey=0 pd=0xeeecd0017e00
srv1:31:45 [0] NCCL INFO NET/IB: ncclIbResiliencyInit: Resiliency is disabled on the send communicator (comm=0xeeecd2bd5000)
srv1:31:45 [0] NCCL INFO NET/IB: ncclIbResiliencyInit: Resiliency is disabled on the recv communicator (comm=0xeeecd2c10000)
srv1:31:45 [0] NCCL INFO NET/IB: ncclIbRecvCommInit: Receive work requests will be posted on-demand
srv1:31:45 [0] NCCL INFO NET/IB: ncclIbResiliencyInit: Resiliency is disabled on the send communicator (comm=0xeeecd2c4d000)
srv1:31:45 [0] NCCL INFO NET/IB: ncclIbResiliencyInit: Resiliency is disabled on the recv communicator (comm=0xeeecd2c86000)
srv1:31:45 [0] NCCL INFO NET/IB: ncclIbRecvCommInit: Receive work requests will be posted on-demand
srv1:31:45 [0] NCCL INFO NET/IB: ncclIbResiliencyInit: Resiliency is disabled on the send communicator (comm=0xeeecd2cc3000)
srv1:31:45 [0] NCCL INFO NET/IB: ncclIbResiliencyInit: Resiliency is disabled on the recv communicator (comm=0xeeecd2cfe000)
srv1:31:45 [0] NCCL INFO NET/IB: ncclIbRecvCommInit: Receive work requests will be posted on-demand
srv1:31:45 [0] NCCL INFO NET/IB: ncclIbReceiverQpsCreateToRts: QP created: port=1 dev=1 devName=roceP2p1s0f0 ndevs=2 nmdevs=2 qp_num=2200 pkey=0 pd=0xeeecd008ff80
srv1:31:45 [0] NCCL INFO NET/IB: ncclIbReceiverQpsCreateToRts: QP created: port=1 dev=1 devName=roceP2p1s0f0 ndevs=2 nmdevs=2 qp_num=2201 pkey=0 pd=0xeeecd008ff80
srv1:31:45 [0] NCCL INFO NET/IB: ncclIbSenderQpsCreate: QP created: port=1 dev=0 devName=rocep1s0f0 ndevs=2 nmdevs=2 qp_num=2081 pkey=0 pd=0xeeecd0017e00
srv1:31:45 [0] NCCL INFO NET/IB: ncclIbConnect: NCCL Dev 0 IbDev 0 Port 1 qp_num 2081 mtu 5 GID 3 (0/10A0A0AFFFF0000) ctsFifoRkey=0x1826e3 ctsFifoLkey=0x1826e3
srv1:31:45 [0] NCCL INFO NET/IB: ncclIbConnect: IbDev 0 Port 1 qp_num 2081 query_ece={supported=1, vendor_id=0x15b3, options=0x30000002, comp_mask=0x0}
srv1:31:45 [0] NCCL INFO NET/IB: ncclIbReceiverQpsCreateToRts: QP created: port=1 dev=0 devName=rocep1s0f0 ndevs=2 nmdevs=2 qp_num=2082 pkey=0 pd=0xeeecd0017e00
srv1:31:45 [0] NCCL INFO NET/IB: ncclIbReceiverQpsCreateToRts: QP created: port=1 dev=0 devName=rocep1s0f0 ndevs=2 nmdevs=2 qp_num=2083 pkey=0 pd=0xeeecd0017e00
srv1:31:45 [0] NCCL INFO NET/IB: ncclIbSenderQpsCreate: QP created: port=1 dev=1 devName=roceP2p1s0f0 ndevs=2 nmdevs=2 qp_num=2202 pkey=0 pd=0xeeecd008ff80
srv1:31:45 [0] NCCL INFO NET/IB: ncclIbConnect: NCCL Dev 1 IbDev 1 Port 1 qp_num 2202 mtu 5 GID 3 (0/10B0A0AFFFF0000) ctsFifoRkey=0x19dbd9 ctsFifoLkey=0x19dbd9
srv1:31:45 [0] NCCL INFO NET/IB: ncclIbConnect: IbDev 1 Port 1 qp_num 2202 query_ece={supported=1, vendor_id=0x15b3, options=0x30000002, comp_mask=0x0}
srv1:31:45 [0] NCCL INFO NET/IB: ncclIbReceiverQpsCreateToRts: QP created: port=1 dev=1 devName=roceP2p1s0f0 ndevs=2 nmdevs=2 qp_num=2203 pkey=0 pd=0xeeecd008ff80
srv1:31:45 [0] NCCL INFO NET/IB: ncclIbReceiverQpsCreateToRts: QP created: port=1 dev=1 devName=roceP2p1s0f0 ndevs=2 nmdevs=2 qp_num=2204 pkey=0 pd=0xeeecd008ff80
srv1:31:45 [0] NCCL INFO NET/IB: ncclIbSenderQpsCreate: QP created: port=1 dev=1 devName=roceP2p1s0f0 ndevs=2 nmdevs=2 qp_num=2205 pkey=0 pd=0xeeecd008ff80
srv1:31:45 [0] NCCL INFO NET/IB: ncclIbConnect: NCCL Dev 1 IbDev 1 Port 1 qp_num 2205 mtu 5 GID 3 (0/10B0A0AFFFF0000) ctsFifoRkey=0x18b5b3 ctsFifoLkey=0x18b5b3
srv1:31:45 [0] NCCL INFO NET/IB: ncclIbConnect: IbDev 1 Port 1 qp_num 2205 query_ece={supported=1, vendor_id=0x15b3, options=0x30000002, comp_mask=0x0}
srv1:31:45 [0] NCCL INFO NET/IB: ncclIbSenderQpsToRts: Set ECE: IbDev 0 Port 1 qp_num 2081 set_ece={supported=1, vendor_id=0x15b3, options=0x30000002, comp_mask=0x0}
srv1:31:45 [0] NCCL INFO NET/IB: ncclIbSenderQpsToRts: Set ECE: IbDev 1 Port 1 qp_num 2202 set_ece={supported=1, vendor_id=0x15b3, options=0x30000002, comp_mask=0x0}
srv1:31:45 [0] NCCL INFO NET/IB: ncclIbSenderQpsToRts: Set ECE: IbDev 1 Port 1 qp_num 2205 set_ece={supported=1, vendor_id=0x15b3, options=0x30000002, comp_mask=0x0}
srv1:31:31 [0] NCCL INFO Connected binomial trees
srv1:31:45 [0] NCCL INFO New proxy send connection 96 from local rank 0, transport 2
srv1:31:31 [0] NCCL INFO Connected to proxy localRank 0 -> connection 0xeeecd0008270
srv1:31:31 [0] NCCL INFO TUNER/Plugin: Could not find: libnccl-tuner.so
srv1:31:31 [0] NCCL INFO threadThresholds 8/8/64 | 32/8/64 | 512 | 512
srv1:31:31 [0] NCCL INFO 16 coll channels, 16 collnet channels, 0 nvls channels, 16 p2p channels, 4 p2p channels per peer
srv1:31:31 [0] NCCL INFO Symmetric memory is not supported. cuMemEnable 0, globalGinSupport 0, globalNicFused 0 cuMemGdrSupport 0
srv1:31:31 [0] NCCL INFO ncclCommInitRankConfig comm 0x40b54530 rank 1 nranks 4 cudaDev 0 nvmlDev 0 busId f01000 commId 0x8353b7d137f28f2a - Init COMPLETE
srv1:31:31 [0] NCCL INFO Init timings - ncclCommInitRankConfig: rank 1 nranks 4 total 1.57 (kernels 0.18, alloc 0.03, bootstrap 0.10, allgathers 0.00, topo 0.01, graphs 0.00, connections 1.25, rest 0.00)
0 [46540, 6347, 39834, 504, 2176] {'legacy': 22362.48, 'candidate': 22678.42}
1 [325, 2432, 21015, 21235, 71221] {'legacy': 19075.38, 'candidate': 18877.36}
17 [49, 4132, 3558, 108156, 2266] {'legacy': 18861.34, 'candidate': 19099.01}
2047 [64, 3598, 284, 6, 13] {'legacy': 18890.77, 'candidate': 18614.13}
2048 [9631, 11, 353, 3070, 3484] {'legacy': 18988.75, 'candidate': 18722.14}
2057 [261, 13, 14059, 974, 11] {'legacy': 18915.18, 'candidate': 18945.89}
srv1:31:31 [0] NCCL INFO comm 0x40b54530 rank 1 nranks 4 cudaDev 0 busId f01000 - Destroy COMPLETE
srv1:31:31 [0] NCCL INFO ENV/Plugin: Closing env plugin ncclEnvDefault
[W911 14:00:49.337625509 Utils.hpp:137] Warning: Environment variable NCCL_ASYNC_ERROR_HANDLING is deprecated; use TORCH_NCCL_ASYNC_ERROR_HANDLING instead (function operator())
