wait work: step_sim 재검증(최근 onepass 기록 3개, CPU) → /home/choiceoh/glm53-logs/wait-sim/wait-q38moepk-0919a-20260919-175051.txt
waiting: pos 7/7, srv4: no room beside production -- MemAvailable 14.0 GiB, this check's budget 8.0 GiB, floor 16.0: 6.0 GiB would be left 2026-09-19_17:50:51
waiting: pos 8/8, srv4: no room beside production -- MemAvailable 14.0 GiB, this check's budget 8.0 GiB, floor 16.0: 6.0 GiB would be left 2026-09-19_17:50:52
waiting: pos 8/8, srv4: no room beside production -- MemAvailable 13.9 GiB, this check's budget 8.0 GiB, floor 16.0: 5.9 GiB would be left 2026-09-19_17:51:07
waiting: pos 8/8, srv4: no room beside production -- MemAvailable 14.0 GiB, this check's budget 8.0 GiB, floor 16.0: 6.0 GiB would be left 2026-09-19_17:51:27
waiting: pos 8/8, srv4: no room beside production -- MemAvailable 13.9 GiB, this check's budget 8.0 GiB, floor 16.0: 5.9 GiB would be left 2026-09-19_17:51:48
waiting: pos 8/8, srv4: no room beside production -- MemAvailable 14.0 GiB, this check's budget 8.0 GiB, floor 16.0: 6.0 GiB would be left 2026-09-19_17:52:09
waiting: pos 8/8, srv4: no room beside production -- MemAvailable 13.5 GiB, this check's budget 8.0 GiB, floor 16.0: 5.5 GiB would be left 2026-09-19_17:53:31
waiting: pos 8/8, srv4: no room beside production -- MemAvailable 14.0 GiB, this check's budget 8.0 GiB, floor 16.0: 6.0 GiB would be left 2026-09-19_17:53:52
waiting: pos 8/8, srv4: no room beside production -- MemAvailable 14.2 GiB, this check's budget 8.0 GiB, floor 16.0: 6.2 GiB would be left 2026-09-19_17:54:13
waiting: pos 8/9, srv4: no room beside production -- MemAvailable 14.2 GiB, this check's budget 8.0 GiB, floor 16.0: 6.2 GiB would be left 2026-09-19_17:54:54
waiting: pos 8/10, srv4: no room beside production -- MemAvailable 14.2 GiB, this check's budget 8.0 GiB, floor 16.0: 6.2 GiB would be left 2026-09-19_17:55:11
waiting: pos 8/10, srv4: no room beside production -- MemAvailable 14.1 GiB, this check's budget 8.0 GiB, floor 16.0: 6.1 GiB would be left 2026-09-19_17:55:14
waiting: pos 8/10, srv4: no room beside production -- MemAvailable 13.9 GiB, this check's budget 8.0 GiB, floor 16.0: 5.9 GiB would be left 2026-09-19_17:55:35
waiting: pos 8/10, srv4: no room beside production -- MemAvailable 15.0 GiB, this check's budget 8.0 GiB, floor 16.0: 7.0 GiB would be left 2026-09-19_17:55:56
waiting: pos 8/11, srv4: no room beside production -- MemAvailable 13.0 GiB, this check's budget 8.0 GiB, floor 16.0: 5.0 GiB would be left 2026-09-19_17:56:16
waiting: pos 8/12, srv4: no room beside production -- MemAvailable 13.0 GiB, this check's budget 8.0 GiB, floor 16.0: 5.0 GiB would be left 2026-09-19_17:56:18
waiting: pos 8/12, srv4: no room beside production -- MemAvailable 12.7 GiB, this check's budget 8.0 GiB, floor 16.0: 4.7 GiB would be left 2026-09-19_17:56:37
waiting: pos 8/12, srv4: no room beside production -- MemAvailable 13.0 GiB, this check's budget 8.0 GiB, floor 16.0: 5.0 GiB would be left 2026-09-19_17:57:39
waiting: pos 8/12, srv4: no room beside production -- MemAvailable 13.2 GiB, this check's budget 8.0 GiB, floor 16.0: 5.2 GiB would be left 2026-09-19_17:58:00
waiting: pos 8/12, srv4: no room beside production -- MemAvailable 11.6 GiB, this check's budget 8.0 GiB, floor 16.0: 3.6 GiB would be left 2026-09-19_17:58:22
waiting: pos 8/12, srv4: no room beside production -- MemAvailable 13.1 GiB, this check's budget 8.0 GiB, floor 16.0: 5.1 GiB would be left 2026-09-19_17:58:42
waiting: pos 8/12, srv4: no room beside production -- MemAvailable 13.0 GiB, this check's budget 8.0 GiB, floor 16.0: 5.0 GiB would be left 2026-09-19_17:59:03
waiting: pos 8/12, srv4: no room beside production -- MemAvailable 12.8 GiB, this check's budget 8.0 GiB, floor 16.0: 4.8 GiB would be left 2026-09-19_17:59:24
waiting: pos 8/12, srv4: no room beside production -- MemAvailable 13.2 GiB, this check's budget 8.0 GiB, floor 16.0: 5.2 GiB would be left 2026-09-19_17:59:44
waiting: pos 8/12, srv4: no room beside production -- MemAvailable 13.1 GiB, this check's budget 8.0 GiB, floor 16.0: 5.1 GiB would be left 2026-09-19_18:01:09
waiting: pos 8/12, srv4: no room beside production -- MemAvailable 13.2 GiB, this check's budget 8.0 GiB, floor 16.0: 5.2 GiB would be left 2026-09-19_18:01:50
waiting: pos 8/12, srv4: no room beside production -- MemAvailable 13.4 GiB, this check's budget 8.0 GiB, floor 16.0: 5.4 GiB would be left 2026-09-19_18:02:11
waiting: pos 8/12, srv4: no room beside production -- MemAvailable 13.3 GiB, this check's budget 8.0 GiB, floor 16.0: 5.3 GiB would be left 2026-09-19_18:02:32
waiting: pos 8/12, srv4: no room beside production -- MemAvailable 13.1 GiB, this check's budget 8.0 GiB, floor 16.0: 5.1 GiB would be left 2026-09-19_18:02:52
waiting: pos 8/12, srv4: no room beside production -- MemAvailable 13.4 GiB, this check's budget 8.0 GiB, floor 16.0: 5.4 GiB would be left 2026-09-19_18:03:34
waiting: pos 8/12, srv4: no room beside production -- MemAvailable 12.6 GiB, this check's budget 8.0 GiB, floor 16.0: 4.6 GiB would be left 2026-09-19_18:04:16
waiting: pos 8/12, srv4: no room beside production -- MemAvailable 13.1 GiB, this check's budget 8.0 GiB, floor 16.0: 5.1 GiB would be left 2026-09-19_18:04:36
waiting: pos 8/12, srv4: no room beside production -- MemAvailable 12.4 GiB, this check's budget 8.0 GiB, floor 16.0: 4.4 GiB would be left 2026-09-19_18:04:57
waiting: pos 8/12, srv4: no room beside production -- MemAvailable 13.1 GiB, this check's budget 8.0 GiB, floor 16.0: 5.1 GiB would be left 2026-09-19_18:05:17
waiting: pos 8/12, srv4: no room beside production -- MemAvailable 13.0 GiB, this check's budget 8.0 GiB, floor 16.0: 5.0 GiB would be left 2026-09-19_18:05:19
waiting: pos 8/12, srv4: no room beside production -- MemAvailable 13.1 GiB, this check's budget 8.0 GiB, floor 16.0: 5.1 GiB would be left 2026-09-19_18:05:38
waiting: pos 8/12, srv4: no room beside production -- MemAvailable 13.4 GiB, this check's budget 8.0 GiB, floor 16.0: 5.4 GiB would be left 2026-09-19_18:05:59
waiting: pos 8/12, srv4: no room beside production -- MemAvailable 13.6 GiB, this check's budget 8.0 GiB, floor 16.0: 5.6 GiB would be left 2026-09-19_18:06:40
waiting: pos 7/11, srv4: no room beside production -- MemAvailable 13.6 GiB, this check's budget 8.0 GiB, floor 16.0: 5.6 GiB would be left 2026-09-19_18:06:42
waiting: pos 8/12, srv4: no room beside production -- MemAvailable 13.6 GiB, this check's budget 8.0 GiB, floor 16.0: 5.6 GiB would be left 2026-09-19_18:06:43
waiting: pos 7/11, srv4: no room beside production -- MemAvailable 13.6 GiB, this check's budget 8.0 GiB, floor 16.0: 5.6 GiB would be left 2026-09-19_18:06:44
waiting: pos 7/12, srv4: no room beside production -- MemAvailable 13.6 GiB, this check's budget 8.0 GiB, floor 16.0: 5.6 GiB would be left 2026-09-19_18:06:46
waiting: pos 6/11, srv4: no room beside production -- MemAvailable 13.6 GiB, this check's budget 8.0 GiB, floor 16.0: 5.6 GiB would be left 2026-09-19_18:06:52
waiting: pos 5/10, srv4: no room beside production -- MemAvailable 13.6 GiB, this check's budget 8.0 GiB, floor 16.0: 5.6 GiB would be left 2026-09-19_18:06:53
waiting: pos 5/8, srv4: no room beside production -- MemAvailable 13.6 GiB, this check's budget 8.0 GiB, floor 16.0: 5.6 GiB would be left 2026-09-19_18:06:54
waiting: pos 5/7, srv4: no room beside production -- MemAvailable 13.6 GiB, this check's budget 8.0 GiB, floor 16.0: 5.6 GiB would be left 2026-09-19_18:06:56
waiting: pos 5/7 2026-09-19_18:07:01
waiting: pos 4/6, held by q38leave-0919b [single] (pid 1219956@srv2, since 18:07, est 15m, carry H4 rerun on a quiet GB10: a leave behind a stand-in TP sum, off/pdl/prefetch) 2026-09-19_18:07:02
waiting: pos 3/5, held by sm121-batchA-0919b [single] (pid 2276677@srv2, since 18:07, est 50m, SM121 intake batch A: U13 GDN prefill, U11 FP8 GEMM past the L2, U15 sanitizer) 2026-09-19_18:07:16
waiting: pos 3/5, held by sm121-batchA-0919b [single] (pid 2276677@srv2, since 18:07, est 50m, SM121 intake batch A: U13 GDN prefill, U11 FP8 GEMM past the L2, U15 sanitizer), srv4: a probe is already running there (st-probe-srv2-2293371) 2026-09-19_18:07:22
waiting: pos 3/5, srv4: a probe is already running there (st-probe-srv2-2293371) 2026-09-19_18:08:01
waiting: pos 3/5 2026-09-19_18:08:04
waiting: pos 2/4, held by q38packets-0919a [single] (pid 1324568@srv2, since 18:08, est 20m, carry H5: rank packets folded by the leave vs the consumer, oracle bytes + GPU-side timing; GLM packet gates) 2026-09-19_18:08:05
waiting: pos 2/4, held by q38packets-0919a [single] (pid 1324568@srv2, since 18:08, est 20m, carry H5: rank packets folded by the leave vs the consumer, oracle bytes + GPU-side timing; GLM packet gates), srv4: a probe is already running there (st-probe-srv2-2303483) 2026-09-19_18:08:25
waiting: pos 2/4, srv4: a probe is already running there (st-probe-srv2-2303483) 2026-09-19_18:09:45
waiting: pos 1/3, held by q38direct-0919a [single] (pid 1696104@srv2, since 18:09, est 15m, carry X2 dense gate: GLM direct producer vs GEMM+packets, GPU side) 2026-09-19_18:09:48
waiting: pos 1/3, held by q38direct-0919a [single] (pid 1696104@srv2, since 18:09, est 15m, carry X2 dense gate: GLM direct producer vs GEMM+packets, GPU side), srv4: a probe is already running there (st-probe-srv2-2320450) 2026-09-19_18:10:09
waiting: pos 1/3, srv4: a probe is already running there (st-probe-srv2-2320450) 2026-09-19_18:10:26
wait work: 끝났다 — 4줄 → /home/choiceoh/glm53-logs/wait-sim/wait-q38moepk-0919a-20260919-175051.txt
GO q38moepk-0919a 2026-09-19_18:10:30
  single GPU: probes/engine_kernel_check.py on srv4 (tree ~/st-probe-tree, image st-engine:glm53, budget 8 GiB beside production, no fleet lease)
{"moe checks rank 0 rows 1": {"eager ordinary": true, "tx ordinary": true, "eager pdl": true, "tx pdl": true, "replayed pdl": true, "tickets": true}}
{"moe checks rank 0 rows 4": {"eager ordinary": true, "tx ordinary": true, "eager pdl": true, "tx pdl": true, "replayed pdl": true, "tickets": true}}
{"moe checks rank 0 rows 16": {"eager ordinary": true, "tx ordinary": true, "eager pdl": true, "tx pdl": true, "replayed pdl": true, "tickets": true}}
{"moe checks rank 1 rows 1": {"eager ordinary": true, "tx ordinary": true, "eager pdl": true, "tx pdl": true, "replayed pdl": true, "tickets": true}}
{"moe checks rank 1 rows 4": {"eager ordinary": true, "tx ordinary": true, "eager pdl": true, "tx pdl": true, "replayed pdl": true, "tickets": true}}
{"moe checks rank 1 rows 16": {"eager ordinary": true, "tx ordinary": true, "eager pdl": true, "tx pdl": true, "replayed pdl": true, "tickets": true}}
{"moe checks rank 2 rows 1": {"eager ordinary": true, "tx ordinary": true, "eager pdl": true, "tx pdl": true, "replayed pdl": true, "tickets": true}}
{"moe checks rank 2 rows 4": {"eager ordinary": true, "tx ordinary": true, "eager pdl": true, "tx pdl": true, "replayed pdl": true, "tickets": true}}
{"moe checks rank 2 rows 16": {"eager ordinary": true, "tx ordinary": true, "eager pdl": true, "tx pdl": true, "replayed pdl": true, "tickets": true}}
{"moe checks rank 3 rows 1": {"eager ordinary": true, "tx ordinary": true, "eager pdl": true, "tx pdl": true, "replayed pdl": true, "tickets": true}}
{"moe checks rank 3 rows 4": {"eager ordinary": true, "tx ordinary": true, "eager pdl": true, "tx pdl": true, "replayed pdl": true, "tickets": true}}
{"moe checks rank 3 rows 16": {"eager ordinary": true, "tx ordinary": true, "eager pdl": true, "tx pdl": true, "replayed pdl": true, "tickets": true}}
{"moe timing": {"rows": 1, "cache": "warm", "chain": 8, "producer_us": 40, "us_a_layer": {"gated_sum, consumer, leave": {"median": 192.61, "min": 191.56}, "gated_sum, packets, leave": {"median": 191.93, "min": 190.54}, "gated packets, leave": {"median": 190.31, "min": 189.02}}, "saved_us_median": {"gated_sum, consumer, leave": 0.0, "gated_sum, packets, leave": 0.68, "gated packets, leave": 2.3}}}
{"moe timing": {"rows": 1, "cache": "evicted", "chain": 8, "producer_us": 40, "us_a_layer": {"gated_sum, consumer, leave": {"median": 499.51, "min": 488.45}, "gated_sum, packets, leave": {"median": 499.01, "min": 271.66}, "gated packets, leave": {"median": 496.6, "min": 316.5}}, "saved_us_median": {"gated_sum, consumer, leave": 0.0, "gated_sum, packets, leave": 0.5, "gated packets, leave": 2.91}}}
{"moe timing": {"rows": 4, "cache": "warm", "chain": 8, "producer_us": 40, "us_a_layer": {"gated_sum, consumer, leave": {"median": 195.89, "min": 194.61}, "gated_sum, packets, leave": {"median": 197.02, "min": 194.45}, "gated packets, leave": {"median": 195.94, "min": 193.4}}, "saved_us_median": {"gated_sum, consumer, leave": 0.0, "gated_sum, packets, leave": -1.13, "gated packets, leave": -0.05}}}
{"moe timing": {"rows": 4, "cache": "evicted", "chain": 8, "producer_us": 40, "us_a_layer": {"gated_sum, consumer, leave": {"median": 499.33, "min": 470.4}, "gated_sum, packets, leave": {"median": 501.56, "min": 281.47}, "gated packets, leave": {"median": 503.98, "min": 318.65}}, "saved_us_median": {"gated_sum, consumer, leave": 0.0, "gated_sum, packets, leave": -2.23, "gated packets, leave": -4.65}}}
{"moe timing": {"rows": 16, "cache": "warm", "chain": 8, "producer_us": 40, "us_a_layer": {"gated_sum, consumer, leave": {"median": 220.48, "min": 219.28}, "gated_sum, packets, leave": {"median": 225.36, "min": 218.9}, "gated packets, leave": {"median": 223.79, "min": 221.04}}, "saved_us_median": {"gated_sum, consumer, leave": 0.0, "gated_sum, packets, leave": -4.88, "gated packets, leave": -3.31}}}
{"moe timing": {"rows": 16, "cache": "evicted", "chain": 8, "producer_us": 40, "us_a_layer": {"gated_sum, consumer, leave": {"median": 519.9, "min": 510.77}, "gated_sum, packets, leave": {"median": 524.28, "min": 517.5}, "gated packets, leave": {"median": 521.94, "min": 253.09}}, "saved_us_median": {"gated_sum, consumer, leave": 0.0, "gated_sum, packets, leave": -4.38, "gated packets, leave": -2.04}}}
