DECODE_REFORM_LAYOUT_PASS 1024
REFORM_SF6_LAYOUT_PASS FC1=2048 FC2=2048
REFORM_SF6_LAYOUT_PASS FC1=4096 FC2=1024
REFORM_SF6_LAYOUT_PASS FC1=4096 FC2=1024
REFORM_SF6_LAYOUT_PASS FC1=4096 FC2=1024
test_actual_launch_uses_same_weights_pinned_fp32_and_current_stream_then_copy (test_glm53_ep_tiled_static.EPTiledStaticTests.test_actual_launch_uses_same_weights_pinned_fp32_and_current_stream_then_copy) ... ok
test_actual_route_guard_ignores_poison_and_preserves_nan_signed_zero_duplicates (test_glm53_ep_tiled_static.EPTiledStaticTests.test_actual_route_guard_ignores_poison_and_preserves_nan_signed_zero_duplicates) ... ok
test_bad_layout_scale_or_scratch_fails_before_any_kernel (test_glm53_ep_tiled_static.EPTiledStaticTests.test_bad_layout_scale_or_scratch_fails_before_any_kernel) ... ok
test_entry_reuses_only_v5_tma_and_allocator_rejects_capture (test_glm53_ep_tiled_static.EPTiledStaticTests.test_entry_reuses_only_v5_tma_and_allocator_rejects_capture) ... ok
test_exact_stock_bf16_conversion_then_widened_float_scatter (test_glm53_ep_tiled_static.EPTiledStaticTests.test_exact_stock_bf16_conversion_then_widened_float_scatter) ... ok
test_geometry_full_native_band_and_capacity_bounds (test_glm53_ep_tiled_static.EPTiledStaticTests.test_geometry_full_native_band_and_capacity_bounds) ... ok
test_real_compile_factory_all_shapes_fp32_and_exact_tiled_descriptors (test_glm53_ep_tiled_static.EPTiledStaticTests.test_real_compile_factory_all_shapes_fp32_and_exact_tiled_descriptors) ... ok
test_sf6_constructor_preserves_t_and_tr_geometry_and_warmup_mode (test_glm53_ep_tiled_static.EPTiledStaticTests.test_sf6_constructor_preserves_t_and_tr_geometry_and_warmup_mode) ... ok
test_sf6_launch_uses_only_shared_packed_owner_for_both_native_geometries (test_glm53_ep_tiled_static.EPTiledStaticTests.test_sf6_launch_uses_only_shared_packed_owner_for_both_native_geometries) ... ok
test_stock_source_pin_and_only_three_kernel_transformations (test_glm53_ep_tiled_static.EPTiledStaticTests.test_stock_source_pin_and_only_three_kernel_transformations) ... ok
test_actual_mro_selects_ep_producer_scatter_and_sf6_pipeline_without_raw_fallback (test_glm53_ep_tiled_prefill.SF6EntryTests.test_actual_mro_selects_ep_producer_scatter_and_sf6_pipeline_without_raw_fallback) ... ok
test_dispatcher_selects_packed_ep_class_and_passes_sf6_constructor_flag (test_glm53_ep_tiled_prefill.SF6EntryTests.test_dispatcher_selects_packed_ep_class_and_passes_sf6_constructor_flag) ... ok
test_existing_sf6_loaders_cover_all_sixteen_ep_slices_and_last_expert (test_glm53_ep_tiled_prefill.SF6EntryTests.test_existing_sf6_loaders_cover_all_sixteen_ep_slices_and_last_expert) ... ok
test_packed_entry_has_no_raw_scale_descriptors_and_preserves_ep_launch (test_glm53_ep_tiled_prefill.SF6EntryTests.test_packed_entry_has_no_raw_scale_descriptors_and_preserves_ep_launch) ... ok
test_sf6_cache_suffix_cannot_alias_raw_ep_or_tp_and_old_keys_are_unchanged (test_glm53_ep_tiled_prefill.SF6EntryTests.test_sf6_cache_suffix_cannot_alias_raw_ep_or_tp_and_old_keys_are_unchanged) ... ok
test_wrong_packed_type_shape_geometry_or_output_rejected_before_tma (test_glm53_ep_tiled_prefill.SF6EntryTests.test_wrong_packed_type_shape_geometry_or_output_rejected_before_tma) ... ok
test_actual_small_batch_cooperative_init_zeros_entire_fp32_output (test_glm53_ep_tiled_prefill.TiledEntryTests.test_actual_small_batch_cooperative_init_zeros_entire_fp32_output) ... ok
test_actual_task_publication_retains_four_slices_for_small_partial_tiles (test_glm53_ep_tiled_prefill.TiledEntryTests.test_actual_task_publication_retains_four_slices_for_small_partial_tiles) ... ok
test_mixed_or_wrong_tiled_geometry_and_bf16_output_fail_before_tma (test_glm53_ep_tiled_prefill.TiledEntryTests.test_mixed_or_wrong_tiled_geometry_and_bf16_output_fail_before_tma) ... ok
test_q0_task_and_fp32_scatter_bodies_remain_the_measured_ep_implementation (test_glm53_ep_tiled_prefill.TiledEntryTests.test_q0_task_and_fp32_scatter_bodies_remain_the_measured_ep_implementation) ... ok
test_real_entry_groups_only_weights_preserving_raw_scales_stream_and_output (test_glm53_ep_tiled_prefill.TiledEntryTests.test_real_entry_groups_only_weights_preserving_raw_scales_stream_and_output) ... ok
test_tma_coordinates_match_v5_permutation_across_inner_tiles_and_experts (test_glm53_ep_tiled_prefill.TiledEntryTests.test_tma_coordinates_match_v5_permutation_across_inner_tiles_and_experts) ... ok
test_actual_canary_may_launch_but_cannot_emit_production_witness (test_glm53_ep_tiled_owner.OwnerTests.test_actual_canary_may_launch_but_cannot_emit_production_witness) ... ok
test_all_supported_tokens_dispatch_once_and_return_original_output_without_allocation (test_glm53_ep_tiled_owner.OwnerTests.test_all_supported_tokens_dispatch_once_and_return_original_output_without_allocation) ... ok
test_configuration_rejects_other_models_modes_and_unwitnessed_capacity (test_glm53_ep_tiled_owner.OwnerTests.test_configuration_rejects_other_models_modes_and_unwitnessed_capacity) ... ok
test_dynamic_selector_leaves_tp_and_off_paths_unmodified (test_glm53_ep_tiled_owner.OwnerTests.test_dynamic_selector_leaves_tp_and_off_paths_unmodified) ... ok
test_explicit_backend_forcing_refuses_before_in_place_weight_transform (test_glm53_ep_tiled_owner.OwnerTests.test_explicit_backend_forcing_refuses_before_in_place_weight_transform) ... ok
test_failed_startup_cannot_launch_or_take_repeated_finalisation_shortcut (test_glm53_ep_tiled_owner.OwnerTests.test_failed_startup_cannot_launch_or_take_repeated_finalisation_shortcut) ... ok
test_final_hook_rejects_changed_packed_owner_incomplete_canary_and_capture (test_glm53_ep_tiled_owner.OwnerTests.test_final_hook_rejects_changed_packed_owner_incomplete_canary_and_capture) ... ok
test_final_hook_releases_actual_parameter_descriptor_and_mma_aliases_once (test_glm53_ep_tiled_owner.OwnerTests.test_final_hook_releases_actual_parameter_descriptor_and_mma_aliases_once) ... ok
test_off_wrapper_prefix_preserves_legacy_tp_and_ep_dispatch (test_glm53_ep_tiled_owner.OwnerTests.test_off_wrapper_prefix_preserves_legacy_tp_and_ep_dispatch) ... ok
test_output_aliases_decline_including_partial_byte_overlap_and_scale_planes (test_glm53_ep_tiled_owner.OwnerTests.test_output_aliases_decline_including_partial_byte_overlap_and_scale_planes) ... ok
test_prepare_keeps_original_raw_scales_until_final_hook_and_uses_packed_views (test_glm53_ep_tiled_owner.OwnerTests.test_prepare_keeps_original_raw_scales_until_final_hook_and_uses_packed_views) ... ok
test_real_shared_factory_prewarms_once_and_owner_reference_keeps_graph_scratch_alive (test_glm53_ep_tiled_owner.OwnerTests.test_real_shared_factory_prewarms_once_and_owner_reference_keeps_graph_scratch_alive) ... ok
test_reintroduced_raw_scales_or_split_packed_planes_decline_before_remap (test_glm53_ep_tiled_owner.OwnerTests.test_reintroduced_raw_scales_or_split_packed_planes_decline_before_remap) ... ok
test_remap_decline_or_launch_error_cannot_fall_back_to_row_major (test_glm53_ep_tiled_owner.OwnerTests.test_remap_decline_or_launch_error_cannot_fall_back_to_row_major) ... ok
test_scale_source_view_and_alpha_generation_changes_refuse_before_remap (test_glm53_ep_tiled_owner.OwnerTests.test_scale_source_view_and_alpha_generation_changes_refuse_before_remap) ... ok
test_sf6_profile_and_tp_q0_incompatibility_are_explicit (test_glm53_ep_tiled_owner.OwnerTests.test_sf6_profile_and_tp_q0_incompatibility_are_explicit) ... ok
test_tiled_dynamic_scatter_never_allocates_or_replaces_graph_storage (test_glm53_ep_tiled_owner.OwnerTests.test_tiled_dynamic_scatter_never_allocates_or_replaces_graph_storage) ... ok
test_unrepresentable_sf6_or_partial_release_cannot_resume_a_raw_fallback (test_glm53_ep_tiled_owner.OwnerTests.test_unrepresentable_sf6_or_partial_release_cannot_resume_a_raw_fallback) ... ok
test_unsupported_input_or_changed_weight_generation_never_reaches_remap (test_glm53_ep_tiled_owner.OwnerTests.test_unsupported_input_or_changed_weight_generation_never_reaches_remap) ... ok
test_cache_namespace_and_native_shape_must_match (test_glm53_ep_tiled_selftest.AdmissionTests.test_cache_namespace_and_native_shape_must_match) ... ok
test_candidate_completion_rejects_mutated_packed_bytes (test_glm53_ep_tiled_selftest.AdmissionTests.test_candidate_completion_rejects_mutated_packed_bytes) ... ok
test_only_weight_byte_permutation_allowed_without_storage_replacement (test_glm53_ep_tiled_selftest.AdmissionTests.test_only_weight_byte_permutation_allowed_without_storage_replacement) ... ok
test_packed_planes_are_complete_separate_and_raw_release_not_claimed (test_glm53_ep_tiled_selftest.AdmissionTests.test_packed_planes_are_complete_separate_and_raw_release_not_claimed) ... ok
test_routes_all_ranks_remote_changed_bounds_duplicates_and_full_cases (test_glm53_ep_tiled_selftest.AdmissionTests.test_routes_all_ranks_remote_changed_bounds_duplicates_and_full_cases) ... ok
test_runtime_accepts_new_owner_without_old_micro_workspaces_or_old_knob (test_glm53_ep_tiled_selftest.AdmissionTests.test_runtime_accepts_new_owner_without_old_micro_workspaces_or_old_knob) ... ok
test_source_bound_roundtrip_contract_checks_both_whole_planes (test_glm53_ep_tiled_selftest.AdmissionTests.test_source_bound_roundtrip_contract_checks_both_whole_planes) ... ok
test_source_uses_established_numeric_contract_and_bounded_graph_flow (test_glm53_ep_tiled_selftest.AdmissionTests.test_source_uses_established_numeric_contract_and_bounded_graph_flow) ... ok
test_first_candidate_failure_retained_when_cleanup_also_fails (test_glm53_ep_tiled_selftest.LifecycleTests.test_first_candidate_failure_retained_when_cleanup_also_fails) ... ok
test_pending_handle_cannot_be_reused_for_another_owner (test_glm53_ep_tiled_selftest.LifecycleTests.test_pending_handle_cannot_be_reused_for_another_owner) ... ok
test_reference_failure_blocks_relayout_and_retry (test_glm53_ep_tiled_selftest.LifecycleTests.test_reference_failure_blocks_relayout_and_retry) ... ok
test_two_hooks_publish_once_after_validation_sync_and_release (test_glm53_ep_tiled_selftest.LifecycleTests.test_two_hooks_publish_once_after_validation_sync_and_release) ... ok
test_candidate_shape_phase_or_numerical_failure_cannot_hide_in_pass_envelope (test_glm53_ep_tiled_proof.CompositeProofTests.test_candidate_shape_phase_or_numerical_failure_cannot_hide_in_pass_envelope) ... ok
test_compile_armed_canary_only_and_either_missing_lane_never_prove (test_glm53_ep_tiled_proof.CompositeProofTests.test_compile_armed_canary_only_and_either_missing_lane_never_prove) ... ok
test_complete_actual_weight_canary_and_both_lanes_prove_at_boundaries (test_glm53_ep_tiled_proof.CompositeProofTests.test_complete_actual_weight_canary_and_both_lanes_prove_at_boundaries) ... ok
test_fail_before_or_after_pass_is_not_hidden_by_later_success (test_glm53_ep_tiled_proof.CompositeProofTests.test_fail_before_or_after_pass_is_not_hidden_by_later_success) ... ok
test_malformed_duplicate_and_nonfinite_json_fail_without_raising (test_glm53_ep_tiled_proof.CompositeProofTests.test_malformed_duplicate_and_nonfinite_json_fail_without_raising) ... ok
test_partial_case_or_caller_failure_never_proves (test_glm53_ep_tiled_proof.CompositeProofTests.test_partial_case_or_caller_failure_never_proves) ... ok
test_public_check_cannot_use_the_single_tsv_marker_as_composite_waiver (test_glm53_ep_tiled_proof.CompositeProofTests.test_public_check_cannot_use_the_single_tsv_marker_as_composite_waiver) ... ok
test_raw_prototype_or_unreleased_scales_do_not_prove_sf6_candidate (test_glm53_ep_tiled_proof.CompositeProofTests.test_raw_prototype_or_unreleased_scales_do_not_prove_sf6_candidate) ... ok
test_wrong_lane_geometry_lengths_or_malformed_actual_marker_fail (test_glm53_ep_tiled_proof.CompositeProofTests.test_wrong_lane_geometry_lengths_or_malformed_actual_marker_fail) ... ok
test_new_flag_alone_retains_the_existing_ep_mhc_single_reduction_guard (test_glm53_ep_tiled_proof.WiringTests.test_new_flag_alone_retains_the_existing_ep_mhc_single_reduction_guard) ... ok
test_owner_decode_canary_and_prefill_sources_are_registered_once (test_glm53_ep_tiled_proof.WiringTests.test_owner_decode_canary_and_prefill_sources_are_registered_once) ... ok
test_real_profile_loader_keeps_default_off_and_accepts_only_new_candidate_flags (test_glm53_ep_tiled_proof.WiringTests.test_real_profile_loader_keeps_default_off_and_accepts_only_new_candidate_flags) ... ok
test_bad_owner_or_alias_fails_before_source_release (test_moe_sf6_owner.ModelOwnership.test_bad_owner_or_alias_fails_before_source_release) ... ok
test_model_apply_and_repeated_postload_never_rebuild_raw (test_moe_sf6_owner.ModelOwnership.test_model_apply_and_repeated_postload_never_rebuild_raw) ... [b12x sf6] packed-only owners finalised: layers=1 raw_bytes_released=24576; decode and prefill read immutable packed scales
ok
test_nonrepresentable_layer_keeps_both_original_planes (test_moe_sf6_owner.ModelOwnership.test_nonrepresentable_layer_keeps_both_original_planes) ... ok
test_only_requested_model_layers_and_non_ep_are_finalised (test_moe_sf6_owner.ModelOwnership.test_only_requested_model_layers_and_non_ep_are_finalised) ... [b12x sf6] packed-only owners finalised: layers=1 raw_bytes_released=24576; decode and prefill read immutable packed scales
ok
test_pending_registry_never_owns_model_or_experts (test_moe_sf6_owner.ModelOwnership.test_pending_registry_never_owns_model_or_experts) ... ok
test_q0_canary_waits_for_all_owners_and_reuses_first_finalized_owner (test_moe_sf6_owner.ModelOwnership.test_q0_canary_waits_for_all_owners_and_reuses_first_finalized_owner) ... [b12x sf6] packed-only owners finalised: layers=2 raw_bytes_released=49152; decode and prefill read immutable packed scales
ok
test_q0_enabled_without_eligible_owner_refuses_readiness (test_moe_sf6_owner.ModelOwnership.test_q0_enabled_without_eligible_owner_refuses_readiness) ... ok
test_real_lossless_owner_releases_all_raw_aliases_and_survives (test_moe_sf6_owner.ModelOwnership.test_real_lossless_owner_releases_all_raw_aliases_and_survives) ... [b12x sf6] packed-only owners finalised: layers=1 raw_bytes_released=24576; decode and prefill read immutable packed scales
ok
test_requested_flag_has_no_substring_or_default_activation (test_moe_sf6_owner.ModelOwnership.test_requested_flag_has_no_substring_or_default_activation) ... ok
test_dynamic_prefill_keeps_explicit_owner (test_moe_sf6_owner.PackedWrapper.test_dynamic_prefill_keeps_explicit_owner) ... ok
test_invalid_or_raw_mixed_owner_is_rejected (test_moe_sf6_owner.PackedWrapper.test_invalid_or_raw_mixed_owner_is_rejected) ... ok
test_repeated_captured_calls_use_owner_without_allocating_or_raw_cache (test_moe_sf6_owner.PackedWrapper.test_repeated_captured_calls_use_owner_without_allocating_or_raw_cache) ... ok
test_fc1_two_independent_bases_expand_without_neighbor_or_ring_alias (test_moe_static_sf6_direct.StaticDirectScales.test_fc1_two_independent_bases_expand_without_neighbor_or_ring_alias) ... ok
test_fc2_selective_bulk_and_actual_unpack_all_codes_halves_and_ring_slots (test_moe_static_sf6_direct.StaticDirectScales.test_fc2_selective_bulk_and_actual_unpack_all_codes_halves_and_ring_slots) ... ok
test_legacy_q_4096_in_place_expansion_is_unchanged (test_moe_static_sf6_direct.StaticDirectScales.test_legacy_q_4096_in_place_expansion_is_unchanged) ... ok
test_no_original_scale_tensor_is_created_outside_raw_only_branch (test_moe_static_sf6_direct.StaticDirectScales.test_no_original_scale_tensor_is_created_outside_raw_only_branch) ... ok
test_ordinary_and_reform_geometry_transaction_contract (test_moe_static_sf6_direct.StaticDirectScales.test_ordinary_and_reform_geometry_transaction_contract) ... ok
test_source_map_matches_actual_mma_byte_positions_for_both_geometries (test_moe_static_sf6_direct.StaticDirectScales.test_source_map_matches_actual_mma_byte_positions_for_both_geometries) ... ok
test_actual_unpack_exact_for_both_physical_halves_and_all_lanes (test_moe_dynamic_sf6.ByteMapTests.test_actual_unpack_exact_for_both_physical_halves_and_all_lanes) ... ok
test_bad_geometry_coordinates_and_plane_shapes_fail_closed (test_moe_dynamic_sf6.ByteMapTests.test_bad_geometry_coordinates_and_plane_shapes_fail_closed) ... ok
test_dynamic_tiles_match_original_raw_layout_through_shared_sf6_format (test_moe_dynamic_sf6.ByteMapTests.test_dynamic_tiles_match_original_raw_layout_through_shared_sf6_format) ... ok
test_no_raw_expert_scale_descriptor_and_extended_abi_are_explicit (test_moe_dynamic_sf6.ForkContractTests.test_no_raw_expert_scale_descriptor_and_extended_abi_are_explicit) ... ok
test_tma_transaction_budgets_exclude_synchronous_scale_bytes (test_moe_dynamic_sf6.ForkContractTests.test_tma_transaction_budgets_exclude_synchronous_scale_bytes) ... ok
test_fc1_native_n64_halves_replay_correct_physical_n128_scale_blocks (test_moe_dynamic_sf6.ProducerTests.test_fc1_native_n64_halves_replay_correct_physical_n128_scale_blocks) ... ok
test_fc2_stage_mapping_and_alias_publication (test_moe_dynamic_sf6.ProducerTests.test_fc2_stage_mapping_and_alias_publication) ... ok
test_dead_pointer_slots_use_packed_addresses_and_reject_raw_launch (test_moe_sf6_dispatch.PackedViews.test_dead_pointer_slots_use_packed_addresses_and_reject_raw_launch) ... [b12x sf6] prepared FC1+FC2; packed bytes=37248
ok
test_dynamic_prefill_launch_passes_compressed_planes_without_raw_tensors (test_moe_sf6_dispatch.PackedViews.test_dynamic_prefill_launch_passes_compressed_planes_without_raw_tensors) ... [b12x sf6] prepared FC1+FC2; packed bytes=37248
ok
test_final_owner_releases_raw_aliases_and_only_its_cache (test_moe_sf6_dispatch.PackedViews.test_final_owner_releases_raw_aliases_and_only_its_cache) ... [b12x sf6] prepared FC1+FC2; packed bytes=37248
ok
test_ineligible_paths_decline_before_packing (test_moe_sf6_dispatch.PackedViews.test_ineligible_paths_decline_before_packing) ... ok
test_sf6_workspace_uses_supported_gated_tile_for_prefill_tails (test_moe_sf6_dispatch.PackedViews.test_sf6_workspace_uses_supported_gated_tile_for_prefill_tails) ... ok
test_unrepresentable_layer_retains_both_raw_planes (test_moe_sf6_dispatch.PackedViews.test_unrepresentable_layer_retains_both_raw_planes) ... [b12x sf6] raw fallback: fc2 stage spans 256 byte codes (limit 64); packed bytes=0
ok

----------------------------------------------------------------------
Ran 96 tests in 7.263s

OK
{"verdict": "PASS", "phase": "complete", "error": null, "cuda_initialized": false, "compile_only": true}
{"verdict": "PASS", "phase": "complete", "error": null, "cuda_initialized": false, "compile_only": true}
