candidate=warp source_sha256=85c348c0458ed5ef4b26d912f3847eb00f7d926b64231eb94a2cf22380bcdf95
2026-09-07 20:50:45,051 - INFO - cute_dsl_core.py:177 - flashinfer.jit: Compiling CuTe-DSL kernel b12x_moe_sm121a_cute_dsl/static_m1_k4096_n512_t8_r512_083af78cbc25f02f
2026-09-07 20:50:46,418 - INFO - cute_dsl_core.py:246 - flashinfer.jit: Persisted CuTe-DSL kernel to /root/.cache/flashinfer/0.6.18.dev20260819/121a/cached_ops/b12x_moe_sm121a_cute_dsl/static_m1_k4096_n512_t8_r512_083af78cbc25f02f.o
2026-09-07 20:50:46,467 - INFO - cute_dsl_core.py:177 - flashinfer.jit: Compiling CuTe-DSL kernel b12x_moe_sm121a_cute_dsl/static2_m1_k4096_n512_t8_r512_tm32f2g2a32wut_efec9bcee1592075
2026-09-07 20:50:47,885 - INFO - cute_dsl_core.py:246 - flashinfer.jit: Persisted CuTe-DSL kernel to /root/.cache/flashinfer/0.6.18.dev20260819/121a/cached_ops/b12x_moe_sm121a_cute_dsl/static2_m1_k4096_n512_t8_r512_tm32f2g2a32wut_efec9bcee1592075.o
[b12x static v2] lane serving: static2_m1_k4096_n512_t8_r512_tm32f2g2a32wut (mac=48, m=1, routed=8, smem=101376 B)
2026-09-07 20:50:47,887 - INFO - cute_dsl_core.py:174 - flashinfer.jit: Invalidating stale CuTe-DSL module b12x_moe_sm121a_cute_dsl
2026-09-07 20:50:47,888 - INFO - cute_dsl_core.py:177 - flashinfer.jit: Compiling CuTe-DSL kernel b12x_moe_sm121a_cute_dsl/static2_m1_k4096_n512_t8_r512_tm32f2g2a32wut_direct_85c348c0458e_efec9bcee1592075
DIRECT_SCATTER_LAYOUT_PASS 4096
2026-09-07 20:50:49,694 - INFO - cute_dsl_core.py:246 - flashinfer.jit: Persisted CuTe-DSL kernel to /root/.cache/flashinfer/0.6.18.dev20260819/121a/cached_ops/b12x_moe_sm121a_cute_dsl/static2_m1_k4096_n512_t8_r512_tm32f2g2a32wut_direct_85c348c0458e_efec9bcee1592075.o
[b12x static v2] lane serving: static2_m1_k4096_n512_t8_r512_tm32f2g2a32wut (mac=48, m=1, routed=8, smem=101376 B)
GATE M1 U8: stock differential, mutated graph and exact-zero PASS
2026-09-07 20:50:49,759 - INFO - cute_dsl_core.py:174 - flashinfer.jit: Invalidating stale CuTe-DSL module b12x_moe_sm121a_cute_dsl
2026-09-07 20:50:49,759 - INFO - cute_dsl_core.py:177 - flashinfer.jit: Compiling CuTe-DSL kernel b12x_moe_sm121a_cute_dsl/static_m2_k4096_n512_t8_r512_3b75534f588cf943
2026-09-07 20:50:50,893 - INFO - cute_dsl_core.py:246 - flashinfer.jit: Persisted CuTe-DSL kernel to /root/.cache/flashinfer/0.6.18.dev20260819/121a/cached_ops/b12x_moe_sm121a_cute_dsl/static_m2_k4096_n512_t8_r512_3b75534f588cf943.o
2026-09-07 20:50:50,897 - INFO - cute_dsl_core.py:177 - flashinfer.jit: Compiling CuTe-DSL kernel b12x_moe_sm121a_cute_dsl/static2_m2_k4096_n512_t8_r512_tm32f2g2a32wut_14fe97151689af7a
2026-09-07 20:50:52,094 - INFO - cute_dsl_core.py:246 - flashinfer.jit: Persisted CuTe-DSL kernel to /root/.cache/flashinfer/0.6.18.dev20260819/121a/cached_ops/b12x_moe_sm121a_cute_dsl/static2_m2_k4096_n512_t8_r512_tm32f2g2a32wut_14fe97151689af7a.o
[b12x static v2] lane serving: static2_m2_k4096_n512_t8_r512_tm32f2g2a32wut (mac=48, m=2, routed=16, smem=101376 B)
2026-09-07 20:50:52,096 - INFO - cute_dsl_core.py:174 - flashinfer.jit: Invalidating stale CuTe-DSL module b12x_moe_sm121a_cute_dsl
2026-09-07 20:50:52,097 - INFO - cute_dsl_core.py:177 - flashinfer.jit: Compiling CuTe-DSL kernel b12x_moe_sm121a_cute_dsl/static2_m2_k4096_n512_t8_r512_tm32f2g2a32wut_direct_85c348c0458e_14fe97151689af7a
DIRECT_SCATTER_LAYOUT_PASS 4096
2026-09-07 20:50:53,815 - INFO - cute_dsl_core.py:246 - flashinfer.jit: Persisted CuTe-DSL kernel to /root/.cache/flashinfer/0.6.18.dev20260819/121a/cached_ops/b12x_moe_sm121a_cute_dsl/static2_m2_k4096_n512_t8_r512_tm32f2g2a32wut_direct_85c348c0458e_14fe97151689af7a.o
[b12x static v2] lane serving: static2_m2_k4096_n512_t8_r512_tm32f2g2a32wut (mac=48, m=2, routed=16, smem=101376 B)
GATE M2 U8: stock differential, mutated graph and exact-zero PASS
2026-09-07 20:50:53,832 - INFO - cute_dsl_core.py:174 - flashinfer.jit: Invalidating stale CuTe-DSL module b12x_moe_sm121a_cute_dsl
2026-09-07 20:50:53,832 - INFO - cute_dsl_core.py:177 - flashinfer.jit: Compiling CuTe-DSL kernel b12x_moe_sm121a_cute_dsl/static2_m2_k4096_n512_t8_r512_tm32f2g2a32wut_14fe97151689af7a
2026-09-07 20:50:56,533 - INFO - cute_dsl_core.py:246 - flashinfer.jit: Persisted CuTe-DSL kernel to /root/.cache/flashinfer/0.6.18.dev20260819/121a/cached_ops/b12x_moe_sm121a_cute_dsl/static2_m2_k4096_n512_t8_r512_tm32f2g2a32wut_14fe97151689af7a.o
[b12x static v2] lane serving: static2_m2_k4096_n512_t8_r512_tm32f2g2a32wut (mac=48, m=2, routed=16, smem=101376 B)
2026-09-07 20:50:56,537 - INFO - cute_dsl_core.py:174 - flashinfer.jit: Invalidating stale CuTe-DSL module b12x_moe_sm121a_cute_dsl
2026-09-07 20:50:56,538 - INFO - cute_dsl_core.py:177 - flashinfer.jit: Compiling CuTe-DSL kernel b12x_moe_sm121a_cute_dsl/static2_m2_k4096_n512_t8_r512_tm32f2g2a32wut_direct_85c348c0458e_14fe97151689af7a
DIRECT_SCATTER_LAYOUT_PASS 4096
2026-09-07 20:51:00,535 - INFO - cute_dsl_core.py:246 - flashinfer.jit: Persisted CuTe-DSL kernel to /root/.cache/flashinfer/0.6.18.dev20260819/121a/cached_ops/b12x_moe_sm121a_cute_dsl/static2_m2_k4096_n512_t8_r512_tm32f2g2a32wut_direct_85c348c0458e_14fe97151689af7a.o
[b12x static v2] lane serving: static2_m2_k4096_n512_t8_r512_tm32f2g2a32wut (mac=48, m=2, routed=16, smem=101376 B)
GATE M2 U16: stock differential, mutated graph and exact-zero PASS
2026-09-07 20:51:00,555 - INFO - cute_dsl_core.py:174 - flashinfer.jit: Invalidating stale CuTe-DSL module b12x_moe_sm121a_cute_dsl
2026-09-07 20:51:00,555 - INFO - cute_dsl_core.py:177 - flashinfer.jit: Compiling CuTe-DSL kernel b12x_moe_sm121a_cute_dsl/static_m6_k4096_n512_t8_r512_baa8a33e9bd7fcb7
2026-09-07 20:51:03,023 - INFO - cute_dsl_core.py:246 - flashinfer.jit: Persisted CuTe-DSL kernel to /root/.cache/flashinfer/0.6.18.dev20260819/121a/cached_ops/b12x_moe_sm121a_cute_dsl/static_m6_k4096_n512_t8_r512_baa8a33e9bd7fcb7.o
2026-09-07 20:51:03,026 - INFO - cute_dsl_core.py:177 - flashinfer.jit: Compiling CuTe-DSL kernel b12x_moe_sm121a_cute_dsl/static2_m6_k4096_n512_t8_r512_tm32f2g2a32wut_eb0c87b2f65593e9
2026-09-07 20:51:04,233 - INFO - cute_dsl_core.py:246 - flashinfer.jit: Persisted CuTe-DSL kernel to /root/.cache/flashinfer/0.6.18.dev20260819/121a/cached_ops/b12x_moe_sm121a_cute_dsl/static2_m6_k4096_n512_t8_r512_tm32f2g2a32wut_eb0c87b2f65593e9.o
[b12x static v2] lane serving: static2_m6_k4096_n512_t8_r512_tm32f2g2a32wut (mac=48, m=6, routed=48, smem=101376 B)
2026-09-07 20:51:04,236 - INFO - cute_dsl_core.py:174 - flashinfer.jit: Invalidating stale CuTe-DSL module b12x_moe_sm121a_cute_dsl
2026-09-07 20:51:04,236 - INFO - cute_dsl_core.py:177 - flashinfer.jit: Compiling CuTe-DSL kernel b12x_moe_sm121a_cute_dsl/static2_m6_k4096_n512_t8_r512_tm32f2g2a32wut_direct_85c348c0458e_eb0c87b2f65593e9
DIRECT_SCATTER_LAYOUT_PASS 4096
2026-09-07 20:51:06,064 - INFO - cute_dsl_core.py:246 - flashinfer.jit: Persisted CuTe-DSL kernel to /root/.cache/flashinfer/0.6.18.dev20260819/121a/cached_ops/b12x_moe_sm121a_cute_dsl/static2_m6_k4096_n512_t8_r512_tm32f2g2a32wut_direct_85c348c0458e_eb0c87b2f65593e9.o
[b12x static v2] lane serving: static2_m6_k4096_n512_t8_r512_tm32f2g2a32wut (mac=48, m=6, routed=48, smem=101376 B)
GATE M6 U8: stock differential, mutated graph and exact-zero PASS
2026-09-07 20:51:06,076 - INFO - cute_dsl_core.py:174 - flashinfer.jit: Invalidating stale CuTe-DSL module b12x_moe_sm121a_cute_dsl
2026-09-07 20:51:06,076 - INFO - cute_dsl_core.py:177 - flashinfer.jit: Compiling CuTe-DSL kernel b12x_moe_sm121a_cute_dsl/static2_m6_k4096_n512_t8_r512_tm32f2g2a32wut_eb0c87b2f65593e9
2026-09-07 20:51:07,289 - INFO - cute_dsl_core.py:246 - flashinfer.jit: Persisted CuTe-DSL kernel to /root/.cache/flashinfer/0.6.18.dev20260819/121a/cached_ops/b12x_moe_sm121a_cute_dsl/static2_m6_k4096_n512_t8_r512_tm32f2g2a32wut_eb0c87b2f65593e9.o
[b12x static v2] lane serving: static2_m6_k4096_n512_t8_r512_tm32f2g2a32wut (mac=48, m=6, routed=48, smem=101376 B)
2026-09-07 20:51:07,293 - INFO - cute_dsl_core.py:174 - flashinfer.jit: Invalidating stale CuTe-DSL module b12x_moe_sm121a_cute_dsl
2026-09-07 20:51:07,293 - INFO - cute_dsl_core.py:177 - flashinfer.jit: Compiling CuTe-DSL kernel b12x_moe_sm121a_cute_dsl/static2_m6_k4096_n512_t8_r512_tm32f2g2a32wut_direct_85c348c0458e_eb0c87b2f65593e9
DIRECT_SCATTER_LAYOUT_PASS 4096
2026-09-07 20:51:09,015 - INFO - cute_dsl_core.py:246 - flashinfer.jit: Persisted CuTe-DSL kernel to /root/.cache/flashinfer/0.6.18.dev20260819/121a/cached_ops/b12x_moe_sm121a_cute_dsl/static2_m6_k4096_n512_t8_r512_tm32f2g2a32wut_direct_85c348c0458e_eb0c87b2f65593e9.o
[b12x static v2] lane serving: static2_m6_k4096_n512_t8_r512_tm32f2g2a32wut (mac=48, m=6, routed=48, smem=101376 B)
GATE M6 U40: stock differential, mutated graph and exact-zero PASS
2026-09-07 20:51:09,044 - INFO - cute_dsl_core.py:174 - flashinfer.jit: Invalidating stale CuTe-DSL module b12x_moe_sm121a_cute_dsl
2026-09-07 20:51:09,044 - INFO - cute_dsl_core.py:177 - flashinfer.jit: Compiling CuTe-DSL kernel b12x_moe_sm121a_cute_dsl/static2_m6_k4096_n512_t8_r512_tm32f2g2a32wut_eb0c87b2f65593e9
2026-09-07 20:51:10,254 - INFO - cute_dsl_core.py:246 - flashinfer.jit: Persisted CuTe-DSL kernel to /root/.cache/flashinfer/0.6.18.dev20260819/121a/cached_ops/b12x_moe_sm121a_cute_dsl/static2_m6_k4096_n512_t8_r512_tm32f2g2a32wut_eb0c87b2f65593e9.o
[b12x static v2] lane serving: static2_m6_k4096_n512_t8_r512_tm32f2g2a32wut (mac=48, m=6, routed=48, smem=101376 B)
2026-09-07 20:51:10,258 - INFO - cute_dsl_core.py:174 - flashinfer.jit: Invalidating stale CuTe-DSL module b12x_moe_sm121a_cute_dsl
2026-09-07 20:51:10,258 - INFO - cute_dsl_core.py:177 - flashinfer.jit: Compiling CuTe-DSL kernel b12x_moe_sm121a_cute_dsl/static2_m6_k4096_n512_t8_r512_tm32f2g2a32wut_direct_85c348c0458e_eb0c87b2f65593e9
DIRECT_SCATTER_LAYOUT_PASS 4096
2026-09-07 20:51:11,975 - INFO - cute_dsl_core.py:246 - flashinfer.jit: Persisted CuTe-DSL kernel to /root/.cache/flashinfer/0.6.18.dev20260819/121a/cached_ops/b12x_moe_sm121a_cute_dsl/static2_m6_k4096_n512_t8_r512_tm32f2g2a32wut_direct_85c348c0458e_eb0c87b2f65593e9.o
[b12x static v2] lane serving: static2_m6_k4096_n512_t8_r512_tm32f2g2a32wut (mac=48, m=6, routed=48, smem=101376 B)
GATE M6 U48: stock differential, mutated graph and exact-zero PASS
2026-09-07 20:51:12,011 - INFO - cute_dsl_core.py:174 - flashinfer.jit: Invalidating stale CuTe-DSL module b12x_moe_sm121a_cute_dsl
2026-09-07 20:51:12,011 - INFO - cute_dsl_core.py:177 - flashinfer.jit: Compiling CuTe-DSL kernel b12x_moe_sm121a_cute_dsl/static_m8_k4096_n512_t8_r512_aa22cf012b92f7c9
2026-09-07 20:51:14,488 - INFO - cute_dsl_core.py:246 - flashinfer.jit: Persisted CuTe-DSL kernel to /root/.cache/flashinfer/0.6.18.dev20260819/121a/cached_ops/b12x_moe_sm121a_cute_dsl/static_m8_k4096_n512_t8_r512_aa22cf012b92f7c9.o
2026-09-07 20:51:14,492 - INFO - cute_dsl_core.py:177 - flashinfer.jit: Compiling CuTe-DSL kernel b12x_moe_sm121a_cute_dsl/static2_m8_k4096_n512_t8_r512_tm32f2g2a32wut_01ea94c29d3e0e11
2026-09-07 20:51:17,195 - INFO - cute_dsl_core.py:246 - flashinfer.jit: Persisted CuTe-DSL kernel to /root/.cache/flashinfer/0.6.18.dev20260819/121a/cached_ops/b12x_moe_sm121a_cute_dsl/static2_m8_k4096_n512_t8_r512_tm32f2g2a32wut_01ea94c29d3e0e11.o
[b12x static v2] lane serving: static2_m8_k4096_n512_t8_r512_tm32f2g2a32wut (mac=48, m=8, routed=64, smem=101376 B)
2026-09-07 20:51:17,199 - INFO - cute_dsl_core.py:174 - flashinfer.jit: Invalidating stale CuTe-DSL module b12x_moe_sm121a_cute_dsl
2026-09-07 20:51:17,200 - INFO - cute_dsl_core.py:177 - flashinfer.jit: Compiling CuTe-DSL kernel b12x_moe_sm121a_cute_dsl/static2_m8_k4096_n512_t8_r512_tm32f2g2a32wut_direct_85c348c0458e_01ea94c29d3e0e11
DIRECT_SCATTER_LAYOUT_PASS 4096
2026-09-07 20:51:21,208 - INFO - cute_dsl_core.py:246 - flashinfer.jit: Persisted CuTe-DSL kernel to /root/.cache/flashinfer/0.6.18.dev20260819/121a/cached_ops/b12x_moe_sm121a_cute_dsl/static2_m8_k4096_n512_t8_r512_tm32f2g2a32wut_direct_85c348c0458e_01ea94c29d3e0e11.o
[b12x static v2] lane serving: static2_m8_k4096_n512_t8_r512_tm32f2g2a32wut (mac=48, m=8, routed=64, smem=101376 B)
GATE M8 U8: stock differential, mutated graph and exact-zero PASS
2026-09-07 20:51:21,226 - INFO - cute_dsl_core.py:174 - flashinfer.jit: Invalidating stale CuTe-DSL module b12x_moe_sm121a_cute_dsl
2026-09-07 20:51:21,226 - INFO - cute_dsl_core.py:177 - flashinfer.jit: Compiling CuTe-DSL kernel b12x_moe_sm121a_cute_dsl/static2_m8_k4096_n512_t8_r512_tm32f2g2a32wut_01ea94c29d3e0e11
2026-09-07 20:51:23,941 - INFO - cute_dsl_core.py:246 - flashinfer.jit: Persisted CuTe-DSL kernel to /root/.cache/flashinfer/0.6.18.dev20260819/121a/cached_ops/b12x_moe_sm121a_cute_dsl/static2_m8_k4096_n512_t8_r512_tm32f2g2a32wut_01ea94c29d3e0e11.o
[b12x static v2] lane serving: static2_m8_k4096_n512_t8_r512_tm32f2g2a32wut (mac=48, m=8, routed=64, smem=101376 B)
2026-09-07 20:51:23,946 - INFO - cute_dsl_core.py:174 - flashinfer.jit: Invalidating stale CuTe-DSL module b12x_moe_sm121a_cute_dsl
2026-09-07 20:51:23,946 - INFO - cute_dsl_core.py:177 - flashinfer.jit: Compiling CuTe-DSL kernel b12x_moe_sm121a_cute_dsl/static2_m8_k4096_n512_t8_r512_tm32f2g2a32wut_direct_85c348c0458e_01ea94c29d3e0e11
DIRECT_SCATTER_LAYOUT_PASS 4096
2026-09-07 20:51:27,943 - INFO - cute_dsl_core.py:246 - flashinfer.jit: Persisted CuTe-DSL kernel to /root/.cache/flashinfer/0.6.18.dev20260819/121a/cached_ops/b12x_moe_sm121a_cute_dsl/static2_m8_k4096_n512_t8_r512_tm32f2g2a32wut_direct_85c348c0458e_01ea94c29d3e0e11.o
[b12x static v2] lane serving: static2_m8_k4096_n512_t8_r512_tm32f2g2a32wut (mac=48, m=8, routed=64, smem=101376 B)
GATE M8 U40: stock differential, mutated graph and exact-zero PASS
2026-09-07 20:51:27,978 - INFO - cute_dsl_core.py:174 - flashinfer.jit: Invalidating stale CuTe-DSL module b12x_moe_sm121a_cute_dsl
2026-09-07 20:51:27,978 - INFO - cute_dsl_core.py:177 - flashinfer.jit: Compiling CuTe-DSL kernel b12x_moe_sm121a_cute_dsl/static2_m8_k4096_n512_t8_r512_tm32f2g2a32wut_01ea94c29d3e0e11
2026-09-07 20:51:30,696 - INFO - cute_dsl_core.py:246 - flashinfer.jit: Persisted CuTe-DSL kernel to /root/.cache/flashinfer/0.6.18.dev20260819/121a/cached_ops/b12x_moe_sm121a_cute_dsl/static2_m8_k4096_n512_t8_r512_tm32f2g2a32wut_01ea94c29d3e0e11.o
[b12x static v2] lane serving: static2_m8_k4096_n512_t8_r512_tm32f2g2a32wut (mac=48, m=8, routed=64, smem=101376 B)
2026-09-07 20:51:30,701 - INFO - cute_dsl_core.py:174 - flashinfer.jit: Invalidating stale CuTe-DSL module b12x_moe_sm121a_cute_dsl
2026-09-07 20:51:30,701 - INFO - cute_dsl_core.py:177 - flashinfer.jit: Compiling CuTe-DSL kernel b12x_moe_sm121a_cute_dsl/static2_m8_k4096_n512_t8_r512_tm32f2g2a32wut_direct_85c348c0458e_01ea94c29d3e0e11
DIRECT_SCATTER_LAYOUT_PASS 4096
2026-09-07 20:51:34,593 - INFO - cute_dsl_core.py:246 - flashinfer.jit: Persisted CuTe-DSL kernel to /root/.cache/flashinfer/0.6.18.dev20260819/121a/cached_ops/b12x_moe_sm121a_cute_dsl/static2_m8_k4096_n512_t8_r512_tm32f2g2a32wut_direct_85c348c0458e_01ea94c29d3e0e11.o
[b12x static v2] lane serving: static2_m8_k4096_n512_t8_r512_tm32f2g2a32wut (mac=48, m=8, routed=64, smem=101376 B)
GATE M8 U64: stock differential, mutated graph and exact-zero PASS
2026-09-07 20:51:34,632 - INFO - cute_dsl_core.py:174 - flashinfer.jit: Invalidating stale CuTe-DSL module b12x_moe_sm121a_cute_dsl
2026-09-07 20:51:34,633 - INFO - cute_dsl_core.py:177 - flashinfer.jit: Compiling CuTe-DSL kernel b12x_moe_sm121a_cute_dsl/static_m16_k4096_n512_t8_r512_fd92f6bd2a1db877
2026-09-07 20:51:35,775 - INFO - cute_dsl_core.py:246 - flashinfer.jit: Persisted CuTe-DSL kernel to /root/.cache/flashinfer/0.6.18.dev20260819/121a/cached_ops/b12x_moe_sm121a_cute_dsl/static_m16_k4096_n512_t8_r512_fd92f6bd2a1db877.o
2026-09-07 20:51:35,778 - INFO - cute_dsl_core.py:177 - flashinfer.jit: Compiling CuTe-DSL kernel b12x_moe_sm121a_cute_dsl/static2_m16_k4096_n512_t8_r512_tm32f2g2a32wut_653187b30f66c63b
2026-09-07 20:51:37,105 - INFO - cute_dsl_core.py:246 - flashinfer.jit: Persisted CuTe-DSL kernel to /root/.cache/flashinfer/0.6.18.dev20260819/121a/cached_ops/b12x_moe_sm121a_cute_dsl/static2_m16_k4096_n512_t8_r512_tm32f2g2a32wut_653187b30f66c63b.o
[b12x static v2] lane serving: static2_m16_k4096_n512_t8_r512_tm32f2g2a32wut (mac=48, m=16, routed=128, smem=101376 B)
2026-09-07 20:51:37,107 - INFO - cute_dsl_core.py:174 - flashinfer.jit: Invalidating stale CuTe-DSL module b12x_moe_sm121a_cute_dsl
2026-09-07 20:51:37,108 - INFO - cute_dsl_core.py:177 - flashinfer.jit: Compiling CuTe-DSL kernel b12x_moe_sm121a_cute_dsl/static2_m16_k4096_n512_t8_r512_tm32f2g2a32wut_direct_85c348c0458e_653187b30f66c63b
DIRECT_SCATTER_LAYOUT_PASS 4096
2026-09-07 20:51:38,825 - INFO - cute_dsl_core.py:246 - flashinfer.jit: Persisted CuTe-DSL kernel to /root/.cache/flashinfer/0.6.18.dev20260819/121a/cached_ops/b12x_moe_sm121a_cute_dsl/static2_m16_k4096_n512_t8_r512_tm32f2g2a32wut_direct_85c348c0458e_653187b30f66c63b.o
[b12x static v2] lane serving: static2_m16_k4096_n512_t8_r512_tm32f2g2a32wut (mac=48, m=16, routed=128, smem=101376 B)
GATE M16 U8: stock differential, mutated graph and exact-zero PASS
2026-09-07 20:51:38,837 - INFO - cute_dsl_core.py:174 - flashinfer.jit: Invalidating stale CuTe-DSL module b12x_moe_sm121a_cute_dsl
2026-09-07 20:51:38,837 - INFO - cute_dsl_core.py:177 - flashinfer.jit: Compiling CuTe-DSL kernel b12x_moe_sm121a_cute_dsl/static2_m16_k4096_n512_t8_r512_tm32f2g2a32wut_653187b30f66c63b
2026-09-07 20:51:40,044 - INFO - cute_dsl_core.py:246 - flashinfer.jit: Persisted CuTe-DSL kernel to /root/.cache/flashinfer/0.6.18.dev20260819/121a/cached_ops/b12x_moe_sm121a_cute_dsl/static2_m16_k4096_n512_t8_r512_tm32f2g2a32wut_653187b30f66c63b.o
[b12x static v2] lane serving: static2_m16_k4096_n512_t8_r512_tm32f2g2a32wut (mac=48, m=16, routed=128, smem=101376 B)
2026-09-07 20:51:40,048 - INFO - cute_dsl_core.py:174 - flashinfer.jit: Invalidating stale CuTe-DSL module b12x_moe_sm121a_cute_dsl
2026-09-07 20:51:40,048 - INFO - cute_dsl_core.py:177 - flashinfer.jit: Compiling CuTe-DSL kernel b12x_moe_sm121a_cute_dsl/static2_m16_k4096_n512_t8_r512_tm32f2g2a32wut_direct_85c348c0458e_653187b30f66c63b
DIRECT_SCATTER_LAYOUT_PASS 4096
2026-09-07 20:51:41,874 - INFO - cute_dsl_core.py:246 - flashinfer.jit: Persisted CuTe-DSL kernel to /root/.cache/flashinfer/0.6.18.dev20260819/121a/cached_ops/b12x_moe_sm121a_cute_dsl/static2_m16_k4096_n512_t8_r512_tm32f2g2a32wut_direct_85c348c0458e_653187b30f66c63b.o
[b12x static v2] lane serving: static2_m16_k4096_n512_t8_r512_tm32f2g2a32wut (mac=48, m=16, routed=128, smem=101376 B)
GATE M16 U40: stock differential, mutated graph and exact-zero PASS
2026-09-07 20:51:41,901 - INFO - cute_dsl_core.py:174 - flashinfer.jit: Invalidating stale CuTe-DSL module b12x_moe_sm121a_cute_dsl
2026-09-07 20:51:41,901 - INFO - cute_dsl_core.py:177 - flashinfer.jit: Compiling CuTe-DSL kernel b12x_moe_sm121a_cute_dsl/static_m32_k4096_n512_t8_r512_0b79353931849444
2026-09-07 20:51:43,877 - INFO - cute_dsl_core.py:246 - flashinfer.jit: Persisted CuTe-DSL kernel to /root/.cache/flashinfer/0.6.18.dev20260819/121a/cached_ops/b12x_moe_sm121a_cute_dsl/static_m32_k4096_n512_t8_r512_0b79353931849444.o
2026-09-07 20:51:43,881 - INFO - cute_dsl_core.py:177 - flashinfer.jit: Compiling CuTe-DSL kernel b12x_moe_sm121a_cute_dsl/static2_m32_k4096_n512_t8_r512_tm32f2g2a32wut_e9c69715e3dcd2b2
2026-09-07 20:51:45,089 - INFO - cute_dsl_core.py:246 - flashinfer.jit: Persisted CuTe-DSL kernel to /root/.cache/flashinfer/0.6.18.dev20260819/121a/cached_ops/b12x_moe_sm121a_cute_dsl/static2_m32_k4096_n512_t8_r512_tm32f2g2a32wut_e9c69715e3dcd2b2.o
[b12x static v2] lane serving: static2_m32_k4096_n512_t8_r512_tm32f2g2a32wut (mac=48, m=32, routed=256, smem=101376 B)
2026-09-07 20:51:45,092 - INFO - cute_dsl_core.py:174 - flashinfer.jit: Invalidating stale CuTe-DSL module b12x_moe_sm121a_cute_dsl
2026-09-07 20:51:45,092 - INFO - cute_dsl_core.py:177 - flashinfer.jit: Compiling CuTe-DSL kernel b12x_moe_sm121a_cute_dsl/static2_m32_k4096_n512_t8_r512_tm32f2g2a32wut_direct_85c348c0458e_e9c69715e3dcd2b2
DIRECT_SCATTER_LAYOUT_PASS 4096
2026-09-07 20:51:46,791 - INFO - cute_dsl_core.py:246 - flashinfer.jit: Persisted CuTe-DSL kernel to /root/.cache/flashinfer/0.6.18.dev20260819/121a/cached_ops/b12x_moe_sm121a_cute_dsl/static2_m32_k4096_n512_t8_r512_tm32f2g2a32wut_direct_85c348c0458e_e9c69715e3dcd2b2.o
[b12x static v2] lane serving: static2_m32_k4096_n512_t8_r512_tm32f2g2a32wut (mac=48, m=32, routed=256, smem=101376 B)
GATE M32 U8: stock differential, mutated graph and exact-zero PASS
2026-09-07 20:51:46,805 - INFO - cute_dsl_core.py:174 - flashinfer.jit: Invalidating stale CuTe-DSL module b12x_moe_sm121a_cute_dsl
2026-09-07 20:51:46,806 - INFO - cute_dsl_core.py:177 - flashinfer.jit: Compiling CuTe-DSL kernel b12x_moe_sm121a_cute_dsl/static2_m32_k4096_n512_t8_r512_tm32f2g2a32wut_e9c69715e3dcd2b2
2026-09-07 20:51:48,015 - INFO - cute_dsl_core.py:246 - flashinfer.jit: Persisted CuTe-DSL kernel to /root/.cache/flashinfer/0.6.18.dev20260819/121a/cached_ops/b12x_moe_sm121a_cute_dsl/static2_m32_k4096_n512_t8_r512_tm32f2g2a32wut_e9c69715e3dcd2b2.o
[b12x static v2] lane serving: static2_m32_k4096_n512_t8_r512_tm32f2g2a32wut (mac=48, m=32, routed=256, smem=101376 B)
2026-09-07 20:51:48,019 - INFO - cute_dsl_core.py:174 - flashinfer.jit: Invalidating stale CuTe-DSL module b12x_moe_sm121a_cute_dsl
2026-09-07 20:51:48,019 - INFO - cute_dsl_core.py:177 - flashinfer.jit: Compiling CuTe-DSL kernel b12x_moe_sm121a_cute_dsl/static2_m32_k4096_n512_t8_r512_tm32f2g2a32wut_direct_85c348c0458e_e9c69715e3dcd2b2
DIRECT_SCATTER_LAYOUT_PASS 4096
2026-09-07 20:51:49,730 - INFO - cute_dsl_core.py:246 - flashinfer.jit: Persisted CuTe-DSL kernel to /root/.cache/flashinfer/0.6.18.dev20260819/121a/cached_ops/b12x_moe_sm121a_cute_dsl/static2_m32_k4096_n512_t8_r512_tm32f2g2a32wut_direct_85c348c0458e_e9c69715e3dcd2b2.o
[b12x static v2] lane serving: static2_m32_k4096_n512_t8_r512_tm32f2g2a32wut (mac=48, m=32, routed=256, smem=101376 B)
GATE M32 U40: stock differential, mutated graph and exact-zero PASS
JSON_RESULT {"status": "PASS", "candidate": {"variant": "warp", "source_sha256": "85c348c0458ed5ef4b26d912f3847eb00f7d926b64231eb94a2cf22380bcdf95", "files": ["/tmp/moe-direct-7pyro8u3/moe_direct_warp_85c348c0458e.py", "/tmp/moe-direct-7pyro8u3/moe_direct_warp_85c348c0458e_tiled.py"]}, "device": "NVIDIA GB10", "torch": "2.13.0+cu130", "gates": [{"tokens": 1, "unique": 8, "arm": "baseline", "replay": 0, "max_error": 0.0390625, "stock_noise": 0.0390625, "limit": 0.15625}, {"tokens": 1, "unique": 8, "arm": "candidate", "replay": 0, "max_error": 0.046875, "stock_noise": 0.0390625, "limit": 0.15625}, {"tokens": 1, "unique": 8, "arm": "baseline", "replay": 1, "max_error": 0.1875, "stock_noise": 0.1875, "limit": 0.75}, {"tokens": 1, "unique": 8, "arm": "candidate", "replay": 1, "max_error": 0.125, "stock_noise": 0.1875, "limit": 0.75}, {"tokens": 1, "unique": 8, "arm": "baseline", "replay": 2, "max_error": 0.5, "stock_noise": 0.5, "limit": 2.0}, {"tokens": 1, "unique": 8, "arm": "candidate", "replay": 2, "max_error": 0.625, "stock_noise": 0.5, "limit": 2.0}, {"tokens": 1, "unique": 8, "arm": "baseline", "replay": 3, "max_error": 1.25, "stock_noise": 1.25, "limit": 5.0}, {"tokens": 1, "unique": 8, "arm": "candidate", "replay": 3, "max_error": 1.0, "stock_noise": 1.25, "limit": 5.0}, {"tokens": 1, "unique": 8, "arm": "baseline", "replay": 4, "max_error": 0.0, "stock_noise": 0.0, "limit": 0.0}, {"tokens": 1, "unique": 8, "arm": "candidate", "replay": 4, "max_error": 0.0, "stock_noise": 0.0, "limit": 0.0}, {"tokens": 2, "unique": 8, "arm": "baseline", "replay": 0, "max_error": 0.046875, "stock_noise": 0.046875, "limit": 0.1875}, {"tokens": 2, "unique": 8, "arm": "candidate", "replay": 0, "max_error": 0.046875, "stock_noise": 0.046875, "limit": 0.1875}, {"tokens": 2, "unique": 8, "arm": "baseline", "replay": 1, "max_error": 0.21875, "stock_noise": 0.125, "limit": 0.5}, {"tokens": 2, "unique": 8, "arm": "candidate", "replay": 1, "max_error": 0.1875, "stock_noise": 0.125, "limit": 0.5}, {"tokens": 2, "unique": 8, "arm": "baseline", "replay": 2, "max_error": 0.625, "stock_noise": 0.5, "limit": 2.0}, {"tokens": 2, "unique": 8, "arm": "candidate", "replay": 2, "max_error": 0.5625, "stock_noise": 0.5, "limit": 2.0}, {"tokens": 2, "unique": 8, "arm": "baseline", "replay": 3, "max_error": 0.75, "stock_noise": 0.75, "limit": 3.0}, {"tokens": 2, "unique": 8, "arm": "candidate", "replay": 3, "max_error": 1.0, "stock_noise": 0.75, "limit": 3.0}, {"tokens": 2, "unique": 8, "arm": "baseline", "replay": 4, "max_error": 0.0, "stock_noise": 0.0, "limit": 0.0}, {"tokens": 2, "unique": 8, "arm": "candidate", "replay": 4, "max_error": 0.0, "stock_noise": 0.0, "limit": 0.0}, {"tokens": 2, "unique": 16, "arm": "baseline", "replay": 0, "max_error": 0.03125, "stock_noise": 0.046875, "limit": 0.1875}, {"tokens": 2, "unique": 16, "arm": "candidate", "replay": 0, "max_error": 0.046875, "stock_noise": 0.046875, "limit": 0.1875}, {"tokens": 2, "unique": 16, "arm": "baseline", "replay": 1, "max_error": 0.25, "stock_noise": 0.25, "limit": 1.0}, {"tokens": 2, "unique": 16, "arm": "candidate", "replay": 1, "max_error": 0.1875, "stock_noise": 0.25, "limit": 1.0}, {"tokens": 2, "unique": 16, "arm": "baseline", "replay": 2, "max_error": 0.5, "stock_noise": 0.5, "limit": 2.0}, {"tokens": 2, "unique": 16, "arm": "candidate", "replay": 2, "max_error": 0.5, "stock_noise": 0.5, "limit": 2.0}, {"tokens": 2, "unique": 16, "arm": "baseline", "replay": 3, "max_error": 0.75, "stock_noise": 0.75, "limit": 3.0}, {"tokens": 2, "unique": 16, "arm": "candidate", "replay": 3, "max_error": 0.75, "stock_noise": 0.75, "limit": 3.0}, {"tokens": 2, "unique": 16, "arm": "baseline", "replay": 4, "max_error": 0.0, "stock_noise": 0.0, "limit": 0.0}, {"tokens": 2, "unique": 16, "arm": "candidate", "replay": 4, "max_error": 0.0, "stock_noise": 0.0, "limit": 0.0}, {"tokens": 6, "unique": 8, "arm": "baseline", "replay": 0, "max_error": 0.078125, "stock_noise": 0.0625, "limit": 0.25}, {"tokens": 6, "unique": 8, "arm": "candidate", "replay": 0, "max_error": 0.0625, "stock_noise": 0.0625, "limit": 0.25}, {"tokens": 6, "unique": 8, "arm": "baseline", "replay": 1, "max_error": 0.1875, "stock_noise": 0.1875, "limit": 0.75}, {"tokens": 6, "unique": 8, "arm": "candidate", "replay": 1, "max_error": 0.1875, "stock_noise": 0.1875, "limit": 0.75}, {"tokens": 6, "unique": 8, "arm": "baseline", "replay": 2, "max_error": 0.625, "stock_noise": 0.5, "limit": 2.0}, {"tokens": 6, "unique": 8, "arm": "candidate", "replay": 2, "max_error": 0.625, "stock_noise": 0.5, "limit": 2.0}, {"tokens": 6, "unique": 8, "arm": "baseline", "replay": 3, "max_error": 1.0, "stock_noise": 0.875, "limit": 3.5}, {"tokens": 6, "unique": 8, "arm": "candidate", "replay": 3, "max_error": 0.75, "stock_noise": 0.875, "limit": 3.5}, {"tokens": 6, "unique": 8, "arm": "baseline", "replay": 4, "max_error": 0.0, "stock_noise": 0.0, "limit": 0.0}, {"tokens": 6, "unique": 8, "arm": "candidate", "replay": 4, "max_error": 0.0, "stock_noise": 0.0, "limit": 0.0}, {"tokens": 6, "unique": 40, "arm": "baseline", "replay": 0, "max_error": 0.046875, "stock_noise": 0.0390625, "limit": 0.15625}, {"tokens": 6, "unique": 40, "arm": "candidate", "replay": 0, "max_error": 0.046875, "stock_noise": 0.0390625, "limit": 0.15625}, {"tokens": 6, "unique": 40, "arm": "baseline", "replay": 1, "max_error": 0.21875, "stock_noise": 0.1875, "limit": 0.75}, {"tokens": 6, "unique": 40, "arm": "candidate", "replay": 1, "max_error": 0.28125, "stock_noise": 0.1875, "limit": 0.75}, {"tokens": 6, "unique": 40, "arm": "baseline", "replay": 2, "max_error": 0.5625, "stock_noise": 0.5625, "limit": 2.25}, {"tokens": 6, "unique": 40, "arm": "candidate", "replay": 2, "max_error": 0.625, "stock_noise": 0.5625, "limit": 2.25}, {"tokens": 6, "unique": 40, "arm": "baseline", "replay": 3, "max_error": 0.875, "stock_noise": 0.75, "limit": 3.0}, {"tokens": 6, "unique": 40, "arm": "candidate", "replay": 3, "max_error": 1.0, "stock_noise": 0.75, "limit": 3.0}, {"tokens": 6, "unique": 40, "arm": "baseline", "replay": 4, "max_error": 0.0, "stock_noise": 0.0, "limit": 0.0}, {"tokens": 6, "unique": 40, "arm": "candidate", "replay": 4, "max_error": 0.0, "stock_noise": 0.0, "limit": 0.0}, {"tokens": 6, "unique": 48, "arm": "baseline", "replay": 0, "max_error": 0.046875, "stock_noise": 0.046875, "limit": 0.1875}, {"tokens": 6, "unique": 48, "arm": "candidate", "replay": 0, "max_error": 0.046875, "stock_noise": 0.046875, "limit": 0.1875}, {"tokens": 6, "unique": 48, "arm": "baseline", "replay": 1, "max_error": 0.1875, "stock_noise": 0.21875, "limit": 0.875}, {"tokens": 6, "unique": 48, "arm": "candidate", "replay": 1, "max_error": 0.25, "stock_noise": 0.21875, "limit": 0.875}, {"tokens": 6, "unique": 48, "arm": "baseline", "replay": 2, "max_error": 0.5, "stock_noise": 0.5, "limit": 2.0}, {"tokens": 6, "unique": 48, "arm": "candidate", "replay": 2, "max_error": 0.5, "stock_noise": 0.5, "limit": 2.0}, {"tokens": 6, "unique": 48, "arm": "baseline", "replay": 3, "max_error": 0.75, "stock_noise": 0.75, "limit": 3.0}, {"tokens": 6, "unique": 48, "arm": "candidate", "replay": 3, "max_error": 0.75, "stock_noise": 0.75, "limit": 3.0}, {"tokens": 6, "unique": 48, "arm": "baseline", "replay": 4, "max_error": 0.0, "stock_noise": 0.0, "limit": 0.0}, {"tokens": 6, "unique": 48, "arm": "candidate", "replay": 4, "max_error": 0.0, "stock_noise": 0.0, "limit": 0.0}, {"tokens": 8, "unique": 8, "arm": "baseline", "replay": 0, "max_error": 0.0625, "stock_noise": 0.046875, "limit": 0.1875}, {"tokens": 8, "unique": 8, "arm": "candidate", "replay": 0, "max_error": 0.078125, "stock_noise": 0.046875, "limit": 0.1875}, {"tokens": 8, "unique": 8, "arm": "baseline", "replay": 1, "max_error": 0.1875, "stock_noise": 0.1875, "limit": 0.75}, {"tokens": 8, "unique": 8, "arm": "candidate", "replay": 1, "max_error": 0.1875, "stock_noise": 0.1875, "limit": 0.75}, {"tokens": 8, "unique": 8, "arm": "baseline", "replay": 2, "max_error": 0.625, "stock_noise": 0.5, "limit": 2.0}, {"tokens": 8, "unique": 8, "arm": "candidate", "replay": 2, "max_error": 0.5, "stock_noise": 0.5, "limit": 2.0}, {"tokens": 8, "unique": 8, "arm": "baseline", "replay": 3, "max_error": 1.0, "stock_noise": 1.0, "limit": 4.0}, {"tokens": 8, "unique": 8, "arm": "candidate", "replay": 3, "max_error": 1.0, "stock_noise": 1.0, "limit": 4.0}, {"tokens": 8, "unique": 8, "arm": "baseline", "replay": 4, "max_error": 0.0, "stock_noise": 0.0, "limit": 0.0}, {"tokens": 8, "unique": 8, "arm": "candidate", "replay": 4, "max_error": 0.0, "stock_noise": 0.0, "limit": 0.0}, {"tokens": 8, "unique": 40, "arm": "baseline", "replay": 0, "max_error": 0.046875, "stock_noise": 0.046875, "limit": 0.1875}, {"tokens": 8, "unique": 40, "arm": "candidate", "replay": 0, "max_error": 0.046875, "stock_noise": 0.046875, "limit": 0.1875}, {"tokens": 8, "unique": 40, "arm": "baseline", "replay": 1, "max_error": 0.21875, "stock_noise": 0.21875, "limit": 0.875}, {"tokens": 8, "unique": 40, "arm": "candidate", "replay": 1, "max_error": 0.1875, "stock_noise": 0.21875, "limit": 0.875}, {"tokens": 8, "unique": 40, "arm": "baseline", "replay": 2, "max_error": 0.625, "stock_noise": 0.75, "limit": 3.0}, {"tokens": 8, "unique": 40, "arm": "candidate", "replay": 2, "max_error": 0.6875, "stock_noise": 0.75, "limit": 3.0}, {"tokens": 8, "unique": 40, "arm": "baseline", "replay": 3, "max_error": 1.0, "stock_noise": 1.0, "limit": 4.0}, {"tokens": 8, "unique": 40, "arm": "candidate", "replay": 3, "max_error": 0.75, "stock_noise": 1.0, "limit": 4.0}, {"tokens": 8, "unique": 40, "arm": "baseline", "replay": 4, "max_error": 0.0, "stock_noise": 0.0, "limit": 0.0}, {"tokens": 8, "unique": 40, "arm": "candidate", "replay": 4, "max_error": 0.0, "stock_noise": 0.0, "limit": 0.0}, {"tokens": 8, "unique": 64, "arm": "baseline", "replay": 0, "max_error": 0.0625, "stock_noise": 0.0625, "limit": 0.25}, {"tokens": 8, "unique": 64, "arm": "candidate", "replay": 0, "max_error": 0.046875, "stock_noise": 0.0625, "limit": 0.25}, {"tokens": 8, "unique": 64, "arm": "baseline", "replay": 1, "max_error": 0.25, "stock_noise": 0.1875, "limit": 0.75}, {"tokens": 8, "unique": 64, "arm": "candidate", "replay": 1, "max_error": 0.25, "stock_noise": 0.1875, "limit": 0.75}, {"tokens": 8, "unique": 64, "arm": "baseline", "replay": 2, "max_error": 0.5625, "stock_noise": 0.4375, "limit": 1.75}, {"tokens": 8, "unique": 64, "arm": "candidate", "replay": 2, "max_error": 0.5625, "stock_noise": 0.4375, "limit": 1.75}, {"tokens": 8, "unique": 64, "arm": "baseline", "replay": 3, "max_error": 0.75, "stock_noise": 1.0, "limit": 4.0}, {"tokens": 8, "unique": 64, "arm": "candidate", "replay": 3, "max_error": 0.75, "stock_noise": 1.0, "limit": 4.0}, {"tokens": 8, "unique": 64, "arm": "baseline", "replay": 4, "max_error": 0.0, "stock_noise": 0.0, "limit": 0.0}, {"tokens": 8, "unique": 64, "arm": "candidate", "replay": 4, "max_error": 0.0, "stock_noise": 0.0, "limit": 0.0}, {"tokens": 16, "unique": 8, "arm": "baseline", "replay": 0, "max_error": 0.0703125, "stock_noise": 0.0625, "limit": 0.25}, {"tokens": 16, "unique": 8, "arm": "candidate", "replay": 0, "max_error": 0.078125, "stock_noise": 0.0625, "limit": 0.25}, {"tokens": 16, "unique": 8, "arm": "baseline", "replay": 1, "max_error": 0.3125, "stock_noise": 0.3125, "limit": 1.25}, {"tokens": 16, "unique": 8, "arm": "candidate", "replay": 1, "max_error": 0.1875, "stock_noise": 0.3125, "limit": 1.25}, {"tokens": 16, "unique": 8, "arm": "baseline", "replay": 2, "max_error": 0.5, "stock_noise": 0.5, "limit": 2.0}, {"tokens": 16, "unique": 8, "arm": "candidate", "replay": 2, "max_error": 0.5, "stock_noise": 0.5, "limit": 2.0}, {"tokens": 16, "unique": 8, "arm": "baseline", "replay": 3, "max_error": 1.0, "stock_noise": 1.0, "limit": 4.0}, {"tokens": 16, "unique": 8, "arm": "candidate", "replay": 3, "max_error": 1.25, "stock_noise": 1.0, "limit": 4.0}, {"tokens": 16, "unique": 8, "arm": "baseline", "replay": 4, "max_error": 0.0, "stock_noise": 0.0, "limit": 0.0}, {"tokens": 16, "unique": 8, "arm": "candidate", "replay": 4, "max_error": 0.0, "stock_noise": 0.0, "limit": 0.0}, {"tokens": 16, "unique": 40, "arm": "baseline", "replay": 0, "max_error": 0.046875, "stock_noise": 0.0625, "limit": 0.25}, {"tokens": 16, "unique": 40, "arm": "candidate", "replay": 0, "max_error": 0.046875, "stock_noise": 0.0625, "limit": 0.25}, {"tokens": 16, "unique": 40, "arm": "baseline", "replay": 1, "max_error": 0.28125, "stock_noise": 0.25, "limit": 1.0}, {"tokens": 16, "unique": 40, "arm": "candidate", "replay": 1, "max_error": 0.28125, "stock_noise": 0.25, "limit": 1.0}, {"tokens": 16, "unique": 40, "arm": "baseline", "replay": 2, "max_error": 0.5, "stock_noise": 0.5, "limit": 2.0}, {"tokens": 16, "unique": 40, "arm": "candidate", "replay": 2, "max_error": 0.5, "stock_noise": 0.5, "limit": 2.0}, {"tokens": 16, "unique": 40, "arm": "baseline", "replay": 3, "max_error": 1.0, "stock_noise": 1.0, "limit": 4.0}, {"tokens": 16, "unique": 40, "arm": "candidate", "replay": 3, "max_error": 0.875, "stock_noise": 1.0, "limit": 4.0}, {"tokens": 16, "unique": 40, "arm": "baseline", "replay": 4, "max_error": 0.0, "stock_noise": 0.0, "limit": 0.0}, {"tokens": 16, "unique": 40, "arm": "candidate", "replay": 4, "max_error": 0.0, "stock_noise": 0.0, "limit": 0.0}, {"tokens": 32, "unique": 8, "arm": "baseline", "replay": 0, "max_error": 0.0625, "stock_noise": 0.0625, "limit": 0.25}, {"tokens": 32, "unique": 8, "arm": "candidate", "replay": 0, "max_error": 0.0625, "stock_noise": 0.0625, "limit": 0.25}, {"tokens": 32, "unique": 8, "arm": "baseline", "replay": 1, "max_error": 0.3125, "stock_noise": 0.25, "limit": 1.0}, {"tokens": 32, "unique": 8, "arm": "candidate", "replay": 1, "max_error": 0.25, "stock_noise": 0.25, "limit": 1.0}, {"tokens": 32, "unique": 8, "arm": "baseline", "replay": 2, "max_error": 0.625, "stock_noise": 0.625, "limit": 2.5}, {"tokens": 32, "unique": 8, "arm": "candidate", "replay": 2, "max_error": 0.75, "stock_noise": 0.625, "limit": 2.5}, {"tokens": 32, "unique": 8, "arm": "baseline", "replay": 3, "max_error": 1.25, "stock_noise": 1.0, "limit": 4.0}, {"tokens": 32, "unique": 8, "arm": "candidate", "replay": 3, "max_error": 1.25, "stock_noise": 1.0, "limit": 4.0}, {"tokens": 32, "unique": 8, "arm": "baseline", "replay": 4, "max_error": 0.0, "stock_noise": 0.0, "limit": 0.0}, {"tokens": 32, "unique": 8, "arm": "candidate", "replay": 4, "max_error": 0.0, "stock_noise": 0.0, "limit": 0.0}, {"tokens": 32, "unique": 40, "arm": "baseline", "replay": 0, "max_error": 0.0625, "stock_noise": 0.0625, "limit": 0.25}, {"tokens": 32, "unique": 40, "arm": "candidate", "replay": 0, "max_error": 0.0625, "stock_noise": 0.0625, "limit": 0.25}, {"tokens": 32, "unique": 40, "arm": "baseline", "replay": 1, "max_error": 0.25, "stock_noise": 0.25, "limit": 1.0}, {"tokens": 32, "unique": 40, "arm": "candidate", "replay": 1, "max_error": 0.28125, "stock_noise": 0.25, "limit": 1.0}, {"tokens": 32, "unique": 40, "arm": "baseline", "replay": 2, "max_error": 0.625, "stock_noise": 0.625, "limit": 2.5}, {"tokens": 32, "unique": 40, "arm": "candidate", "replay": 2, "max_error": 0.625, "stock_noise": 0.625, "limit": 2.5}, {"tokens": 32, "unique": 40, "arm": "baseline", "replay": 3, "max_error": 1.5, "stock_noise": 1.0, "limit": 4.0}, {"tokens": 32, "unique": 40, "arm": "candidate", "replay": 3, "max_error": 1.0, "stock_noise": 1.0, "limit": 4.0}, {"tokens": 32, "unique": 40, "arm": "baseline", "replay": 4, "max_error": 0.0, "stock_noise": 0.0, "limit": 0.0}, {"tokens": 32, "unique": 40, "arm": "candidate", "replay": 4, "max_error": 0.0, "stock_noise": 0.0, "limit": 0.0}], "samples_us": {"M6-U8": {"cold": {"baseline": [145.4399973154068, 134.62400436401367, 136.25599443912506, 134.14399325847626, 135.5839967727661, 136.4479959011078, 135.29600203037262, 136.22400164604187, 137.2479945421219, 136.28800213336945, 136.7039978504181, 138.2720023393631, 191.16799533367157, 140.32000303268433, 138.2720023393631, 137.69599795341492, 139.29599523544312, 140.79999923706055, 138.5280042886734, 138.5280042886734, 137.08800077438354, 137.2479945421219, 136.22400164604187, 136.22400164604187, 138.2720023393631, 136.19199395179749, 136.35200262069702, 138.3039951324463, 135.19999384880066, 137.2479945421219, 135.55200397968292, 137.2479945421219], "candidate": [135.45599579811096, 136.22400164604187, 135.3279948234558, 135.19999384880066, 135.6479972600937, 136.22400164604187, 136.22400164604187, 134.71999764442444, 136.22400164604187, 136.22400164604187, 172.03199863433838, 140.4159963130951, 139.29599523544312, 141.31200313568115, 141.34399592876434, 140.32000303268433, 139.29599523544312, 163.87200355529785, 135.19999384880066, 136.19199395179749, 137.56799697875977, 135.19999384880066, 135.16800105571747, 135.23200154304504, 134.17600095272064, 146.464005112648, 139.0399932861328, 138.62399756908417, 140.09599387645721, 134.5919966697693, 137.2479945421219, 136.22400164604187]}, "warm": {"baseline": [99.07200187444687, 98.49599748849869, 96.73599898815155, 98.08000177145004, 97.53599762916565, 96.83199971914291, 97.50399738550186, 99.07200187444687, 98.08000177145004, 100.12800246477127, 101.05600208044052, 95.48799693584442, 99.10400211811066, 98.11200201511383, 100.12800246477127, 97.24800288677216, 98.01600128412247, 100.09600222110748, 100.12800246477127, 98.04800152778625, 100.12800246477127, 99.45599734783173, 100.09600222110748, 98.7199991941452, 97.6639986038208, 98.08000177145004, 97.53599762916565, 98.39999675750732, 100.09600222110748, 97.9200005531311, 100.09600222110748, 98.33600372076035], "candidate": [97.47199714183807, 97.56799787282944, 98.04800152778625, 99.10400211811066, 97.6639986038208, 98.04800152778625, 98.04800152778625, 99.29600358009338, 97.4079966545105, 99.07200187444687, 98.75199943780899, 97.79199957847595, 100.12800246477127, 99.07200187444687, 98.59199821949005, 98.04800152778625, 97.18400239944458, 98.08000177145004, 96.28800302743912, 98.08000177145004, 97.02400118112564, 98.1760025024414, 97.98400104045868, 99.07200187444687, 97.9200005531311, 97.98400104045868, 99.45599734783173, 97.02400118112564, 98.08000177145004, 97.75999933481216, 98.1760025024414, 98.59199821949005]}}, "M6-U40": {"cold": {"baseline": [643.3600187301636, 639.0079855918884, 633.8559985160828, 632.8639984130859, 636.9600296020508, 636.9600296020508, 637.9839777946472, 636.0639929771423, 636.9280219078064, 635.9040141105652, 639.0079855918884, 635.9999775886536, 635.968029499054, 626.7840266227722, 637.9839777946472, 659.712016582489, 638.975977897644, 687.3599886894226, 643.1040167808533, 629.8879981040955, 664.3519997596741, 634.9120140075684, 642.0800089836121, 638.3039951324463, 635.9360218048096, 636.9600296020508, 633.8559985160828, 634.9120140075684, 637.9839777946472, 651.2960195541382, 641.0560011863708, 637.9520297050476], "candidate": [635.9360218048096, 642.0800089836121, 637.9839777946472, 636.9600296020508, 633.3439946174622, 636.0639929771423, 647.1999883651733, 634.9120140075684, 634.9120140075684, 634.9120140075684, 635.9360218048096, 639.1680240631104, 638.1440162658691, 637.2479796409607, 635.424017906189, 635.9360218048096, 634.0159773826599, 701.2479901313782, 639.0079855918884, 637.9839777946472, 641.0560011863708, 641.0560011863708, 637.2159719467163, 637.0559930801392, 641.0560011863708, 634.9120140075684, 636.9600296020508, 633.2799792289734, 635.9360218048096, 644.0960168838501, 641.0239934921265, 641.0560011863708]}, "warm": {"baseline": [635.3920102119446, 638.0159854888916, 639.7119760513306, 643.8080072402954, 633.5999965667725, 637.3440027236938, 632.6079964637756, 632.6720118522644, 634.6240043640137, 632.5759887695312, 635.6160044670105, 641.8240070343018, 632.6079964637756, 619.2960143089294, 618.399977684021, 637.6960277557373, 634.6240043640137, 638.7519836425781, 634.2719793319702, 637.6960277557373, 635.6800198554993, 638.7199759483337, 637.6960277557373, 636.0639929771423, 638.3360028266907, 635.7759833335876, 635.263979434967, 624.351978302002, 634.6880197525024, 634.5279812812805, 639.0399932861328, 637.6960277557373], "candidate": [637.6960277557373, 637.1520161628723, 638.7199759483337, 638.6880278587341, 637.4080181121826, 621.3439702987671, 640.7679915428162, 640.3840184211731, 638.7519836425781, 635.7439756393433, 635.6480121612549, 627.45600938797, 637.7279758453369, 632.8960061073303, 634.9760293960571, 641.8240070343018, 636.6720199584961, 638.6880278587341, 635.6480121612549, 636.9919776916504, 636.4160180091858, 636.7040276527405, 616.3520216941833, 639.743983745575, 635.0719928741455, 634.656012058258, 632.7679753303528, 644.8320150375366, 635.6480121612549, 641.7919993400574, 639.19997215271, 643.8400149345398]}}, "M6-U48": {"cold": {"baseline": [768.0320143699646, 762.9119753837585, 756.767988204956, 761.8880271911621, 763.9359831809998, 755.7119727134705, 757.7919960021973, 760.8640193939209, 756.0639977455139, 758.8160037994385, 761.8880271911621, 755.7759881019592, 757.2799921035767, 757.7919960021973, 756.767988204956, 756.767988204956, 757.7919960021973, 757.7919960021973, 761.3440155982971, 757.7599883079529, 755.0079822540283, 754.2080283164978, 756.7359805107117, 757.7919960021973, 757.7919960021973, 756.767988204956, 755.840003490448, 755.7439804077148, 758.8160037994385, 755.7439804077148, 760.8640193939209, 757.7919960021973], "candidate": [761.8880271911621, 757.7919960021973, 759.8400115966797, 758.0159902572632, 757.7599883079529, 761.8880271911621, 754.0159821510315, 761.8880271911621, 761.8880271911621, 756.767988204956, 757.7919960021973, 759.8400115966797, 757.7919960021973, 755.840003490448, 767.0080065727234, 762.9119753837585, 757.7919960021973, 759.8400115966797, 756.767988204956, 756.991982460022, 761.2800002098083, 757.7919960021973, 759.1360211372375, 759.8400115966797, 756.767988204956, 761.8880271911621, 759.8400115966797, 753.600001335144, 759.8080039024353, 760.9919905662537, 755.7439804077148, 753.6640167236328]}, "warm": {"baseline": [759.4239711761475, 760.6080174446106, 767.7760124206543, 758.4319710731506, 761.7279887199402, 763.6479735374451, 762.6559734344482, 781.0239791870117, 777.6319980621338, 766.4960026741028, 759.1360211372375, 763.6799812316895, 758.6879730224609, 760.5760097503662, 760.5760097503662, 803.6159873008728, 760.5760097503662, 756.384015083313, 758.2079768180847, 763.6479735374451, 762.0480060577393, 755.840003490448, 760.5760097503662, 760.3200078010559, 760.4159712791443, 756.5760016441345, 758.5279941558838, 762.6240253448486, 757.6640248298645, 758.9759826660156, 759.552001953125, 765.7279968261719], "candidate": [759.552001953125, 761.0880136489868, 761.568009853363, 759.5840096473694, 757.5039863586426, 756.6400170326233, 788.2239818572998, 773.8879919052124, 791.8720245361328, 771.83997631073, 761.6320252418518, 757.5039863586426, 760.6080174446106, 761.6959810256958, 759.9999904632568, 759.9359750747681, 757.5039863586426, 761.6320252418518, 758.5600018501282, 762.8160119056702, 760.6080174446106, 757.5680017471313, 760.5760097503662, 757.535994052887, 757.5039863586426, 758.1120133399963, 765.2159929275513, 764.3200159072876, 760.5760097503662, 762.0480060577393, 757.4719786643982, 761.6000175476074]}}, "M8-U8": {"cold": {"baseline": [137.2479945421219, 138.2720023393631, 138.2720023393631, 138.33600282669067, 138.2720023393631, 136.51199638843536, 139.29599523544312, 137.43999600410461, 139.29599523544312, 138.2720023393631, 137.2479945421219, 138.2720023393631, 141.34399592876434, 138.2720023393631, 137.2479945421219, 137.2479945421219, 137.2479945421219, 136.63999736309052, 138.2720023393631, 138.2720023393631, 138.2720023393631, 140.28799533843994, 136.73600554466248, 137.28000223636627, 138.2720023393631, 138.2720023393631, 137.2479945421219, 138.2720023393631, 138.2720023393631, 139.29599523544312, 137.2479945421219, 139.29599523544312], "candidate": [137.66400516033173, 138.2720023393631, 137.2479945421219, 137.31199502944946, 139.26400244235992, 135.6160044670105, 137.63199746608734, 137.63199746608734, 139.29599523544312, 137.2479945421219, 137.2479945421219, 137.60000467300415, 137.63199746608734, 142.36800372600555, 138.2399946451187, 139.29599523544312, 137.2479945421219, 138.2720023393631, 139.29599523544312, 139.29599523544312, 139.29599523544312, 138.2720023393631, 139.29599523544312, 137.2479945421219, 138.2720023393631, 141.34399592876434, 138.2720023393631, 137.2160017490387, 136.22400164604187, 136.31999492645264, 137.2479945421219, 137.2479945421219]}, "warm": {"baseline": [101.59999877214432, 99.90400075912476, 101.6639992594719, 99.74399954080582, 101.1200025677681, 99.55199807882309, 102.78400033712387, 100.22400319576263, 103.26399654150009, 102.1760031580925, 100.832000374794, 102.1760031580925, 101.15200281143188, 99.67999905347824, 104.19200360774994, 101.15200281143188, 100.09600222110748, 102.1760031580925, 102.9760017991066, 103.20000350475311, 99.10400211811066, 101.15200281143188, 101.05600208044052, 101.1200025677681, 100.03200173377991, 101.1200025677681, 100.54399818181992, 99.7759997844696, 102.11200267076492, 101.05600208044052, 101.27999633550644, 101.15200281143188], "candidate": [101.05600208044052, 101.15200281143188, 102.14400291442871, 100.8640006184578, 103.16800326108932, 99.13600236177444, 101.1200025677681, 101.9200012087822, 100.60799866914749, 101.05600208044052, 101.9200012087822, 102.14400291442871, 101.05600208044052, 101.1200025677681, 100.12800246477127, 101.1200025677681, 101.15200281143188, 100.70399940013885, 101.08800232410431, 102.11200267076492, 110.1439967751503, 100.09600222110748, 100.25600343942642, 102.1760031580925, 100.76799988746643, 100.38399696350098, 100.09600222110748, 100.25600343942642, 100.0640019774437, 100.03200173377991, 102.1760031580925, 100.09600222110748]}}, "M8-U40": {"cold": {"baseline": [640.3520107269287, 637.0559930801392, 637.9839777946472, 641.0239934921265, 639.9999856948853, 640.0319933891296, 639.0079855918884, 644.1280245780945, 637.440025806427, 642.1440243721008, 636.9600296020508, 640.0319933891296, 639.0079855918884, 638.975977897644, 693.5039758682251, 650.5280137062073, 636.6400122642517, 639.4559741020203, 643.1679725646973, 637.9839777946472, 635.0719928741455, 641.0239934921265, 642.0800089836121, 636.3199949264526, 639.0079855918884, 634.9120140075684, 637.9839777946472, 641.0239934921265, 647.4559903144836, 639.0079855918884, 633.8880062103271, 640.0319933891296], "candidate": [641.0560011863708, 640.0319933891296, 636.9600296020508, 641.0560011863708, 639.9999856948853, 641.0560011863708, 639.2319798469543, 642.0800089836121, 639.0079855918884, 642.0480012893677, 640.064001083374, 641.2799954414368, 640.4479742050171, 639.3280029296875, 796.12797498703, 644.1280245780945, 721.5679883956909, 634.9120140075684, 639.2959952354431, 643.1679725646973, 641.0560011863708, 636.9600296020508, 640.4479742050171, 637.2479796409607, 639.0079855918884, 643.1040167808533, 644.1280245780945, 643.1040167808533, 635.2959871292114, 642.0800089836121, 634.335994720459, 645.1519727706909]}, "warm": {"baseline": [644.8320150375366, 639.9040222167969, 641.7919993400574, 635.6480121612549, 639.19997215271, 639.743983745575, 629.1199922561646, 641.0239934921265, 640.0960087776184, 639.0720009803772, 641.7919993400574, 643.8720226287842, 641.8240070343018, 640.7679915428162, 640.7999992370605, 625.5040168762207, 639.8079991340637, 640.3520107269287, 642.0480012893677, 641.1200165748596, 647.3919749259949, 634.656012058258, 646.0800170898438, 639.8720145225525, 645.8879709243774, 639.743983745575, 641.7919993400574, 629.4080018997192, 659.2000126838684, 632.5759887695312, 650.0160098075867, 645.2800035476685], "candidate": [632.6079964637756, 639.0079855918884, 635.6160044670105, 637.6960277557373, 644.0960168838501, 638.7519836425781, 641.2799954414368, 642.8160071372986, 641.7919993400574, 638.047993183136, 628.4480094909668, 634.7839832305908, 627.45600938797, 644.864022731781, 643.999993801117, 628.5120248794556, 645.1839804649353, 641.7919993400574, 640.5119895935059, 642.911970615387, 651.0080099105835, 641.8240070343018, 644.864022731781, 643.8080072402954, 638.7519836425781, 636.6720199584961, 638.8800144195557, 641.7919993400574, 635.6800198554993, 651.0400176048279, 656.1599969863892, 646.9119787216187]}}, "M8-U64": {"cold": {"baseline": [1012.895941734314, 1010.7200145721436, 1008.6719989776611, 1005.5999755859375, 1004.5759677886963, 1003.8720369338989, 1000.480055809021, 1009.6960067749023, 1011.7440223693848, 1018.9119577407837, 1009.6960067749023, 1005.9839487075806, 1009.727954864502, 1007.6479911804199, 1011.7119550704956, 1007.7760219573975, 1007.6160430908203, 1008.0959796905518, 1012.768030166626, 1008.6719989776611, 1009.6640586853027, 1006.5920352935791, 1007.6479911804199, 1005.5680274963379, 999.8720288276672, 1012.768030166626, 1011.7440223693848, 1006.6879987716675, 1010.5600357055664, 1016.2559747695923, 1007.6160430908203, 1006.6239833831787], "candidate": [1007.0400238037109, 1007.9360008239746, 1009.1520547866821, 1007.6479911804199, 1043.7439680099487, 1006.7520141601562, 1012.9599571228027, 1007.6479911804199, 1016.8639421463013, 1010.1439952850342, 1003.5519599914551, 1015.8400535583496, 1007.1040391921997, 1008.6400508880615, 1016.8639421463013, 1008.6719989776611, 1005.7920217514038, 1007.6479911804199, 1010.7200145721436, 1005.952000617981, 1078.6880254745483, 1005.5999755859375, 1007.6479911804199, 1012.768030166626, 1007.6479911804199, 1008.6719989776611, 1008.0640316009521, 1007.6160430908203, 1011.9040012359619, 1010.7200145721436, 1005.5999755859375, 1004.5759677886963]}, "warm": {"baseline": [1011.6159915924072, 1007.3920488357544, 1009.0240240097046, 1004.9920082092285, 1005.3759813308716, 1012.287974357605, 1011.4239454269409, 1010.0480318069458, 1004.2879581451416, 1018.6560153961182, 1033.087968826294, 1053.4720420837402, 1049.3760108947754, 1012.4800205230713, 1010.3039741516113, 1009.2480182647705, 1016.7039632797241, 1011.4560127258301, 1007.2959661483765, 1006.3040256500244, 1004.3200254440308, 1007.3920488357544, 1009.4399452209473, 1012.4800205230713, 1008.3839893341064, 1007.3280334472656, 1006.335973739624, 1006.335973739624, 1010.208010673523, 1007.423996925354, 1006.2400102615356, 1017.632007598877], "candidate": [1012.4800205230713, 1006.0479640960693, 1015.5520439147949, 1009.4079971313477, 1011.4879608154297, 1008.5760354995728, 1006.335973739624, 1006.0160160064697, 1005.6960582733154, 1012.4479532241821, 1047.3920106887817, 1049.2479801177979, 1055.2959442138672, 1036.0640287399292, 1009.984016418457, 1009.4399452209473, 1005.344033241272, 1005.2160024642944, 1005.5999755859375, 1006.335973739624, 1009.4399452209473, 1006.8479776382446, 1014.7839784622192, 1009.4079971313477, 1009.4079971313477, 1008.7360143661499, 1012.4479532241821, 1006.3680410385132, 1014.4959688186646, 1007.3920488357544, 1003.6799907684326, 1014.5280361175537]}}}, "median_us": {"M6-U8": {"cold": {"baseline": 137.16799765825272, "candidate": 136.22400164604187}, "warm": {"baseline": 98.36800023913383, "candidate": 98.04800152778625}}, "M6-U40": {"cold": {"baseline": 637.4560296535492, "candidate": 637.1359825134277}, "warm": {"baseline": 635.6480121612549, "candidate": 637.0719969272614}}, "M6-U48": {"cold": {"baseline": 757.7919960021973, "candidate": 758.5760056972504}, "warm": {"baseline": 760.5760097503662, "candidate": 760.5920135974884}}, "M8-U8": {"cold": {"baseline": 138.2720023393631, "candidate": 137.64800131320953}, "warm": {"baseline": 101.13600268959999, "candidate": 101.05600208044052}}, "M8-U40": {"cold": {"baseline": 639.2319798469543, "candidate": 640.751987695694}, "warm": {"baseline": 640.7839953899384, "candidate": 641.5359973907471}}, "M8-U64": {"cold": {"baseline": 1008.3839893341064, "candidate": 1008.0000162124634}, "warm": {"baseline": 1009.3439817428589, "candidate": 1009.4079971313477}}}, "scope": "synthetic C=1 static MoE only; M1/2 correctness uses forced static"}
VERDICT: PASS (MoE GPU correctness/replay; serving unmeasured)
