test_bound_ordinary_and_direct_graphs_follow_changed_inputs_and_addresses (tests.test_engine_decode_fastpaths.BoundDecodeGpuTests.test_bound_ordinary_and_direct_graphs_follow_changed_inputs_and_addresses) ... skipped 'requires CUDA; not exercised by the CPU gate'
test_binding_preserves_old_rows_and_cannot_affect_another_model (tests.test_engine_decode_fastpaths.BoundDecodeTests.test_binding_preserves_old_rows_and_cannot_affect_another_model) ... ok
test_indexer_owner_freezes_rows_and_preserves_both_projections (tests.test_engine_decode_fastpaths.BoundDecodeTests.test_indexer_owner_freezes_rows_and_preserves_both_projections) ... ok
test_proof_requires_every_candidate_layer_and_capture_width (tests.test_engine_decode_fastpaths.BoundDecodeTests.test_proof_requires_every_candidate_layer_and_capture_width) ... ok
test_same_bound_pack_routes_ordinary_private_and_direct_outputs (tests.test_engine_decode_fastpaths.BoundDecodeTests.test_same_bound_pack_routes_ordinary_private_and_direct_outputs) ... ok
test_serving_default_on_with_experimental_rollback_and_neutral_bare_plan (tests.test_engine_decode_fastpaths.BoundDecodeTests.test_serving_default_on_with_experimental_rollback_and_neutral_bare_plan) ... ok
test_acceptance_defaults_are_on_and_cannot_override_production (tests.test_engine_knobs.KnobDeclarationTests.test_acceptance_defaults_are_on_and_cannot_override_production) ... ok
test_adopted_execution_cannot_be_changed_by_stale_bisect_environment (tests.test_engine_knobs.KnobDeclarationTests.test_adopted_execution_cannot_be_changed_by_stale_bisect_environment) ... ok
test_gb10_serving_defaults_are_on_and_production_refuses_overrides (tests.test_engine_knobs.KnobDeclarationTests.test_gb10_serving_defaults_are_on_and_production_refuses_overrides) ... ok
test_indexer_shards_are_explicit_and_cannot_change_production (tests.test_engine_knobs.KnobDeclarationTests.test_indexer_shards_are_explicit_and_cannot_change_production) ... ok
test_only_declared_precision_mla_context_and_execution_experiments_remain (tests.test_engine_knobs.KnobDeclarationTests.test_only_declared_precision_mla_context_and_execution_experiments_remain) ... ok
test_production_remains_restartable_after_experiment_expiry (tests.test_engine_knobs.KnobDeclarationTests.test_production_remains_restartable_after_experiment_expiry) ... ok
test_unqualified_tuning_requires_an_explicit_profile (tests.test_engine_knobs.KnobDeclarationTests.test_unqualified_tuning_requires_an_explicit_profile) ... ok
test_configure_prefill_modes (tests.test_engine_knobs.MlaPrefillModeTests.test_configure_prefill_modes) ... ok
test_dispatcher_spec_is_applied_once_and_refused_after_views_exist (tests.test_engine_knobs.MoeStaticSpecTests.test_dispatcher_spec_is_applied_once_and_refused_after_views_exist) ... ok
test_parse_moe_static (tests.test_engine_knobs.MoeStaticSpecTests.test_parse_moe_static) ... ok
test_the_timing_cells_reach_the_served_recipe_but_never_serving (tests.test_engine_knobs.MoeStaticSpecTests.test_the_timing_cells_reach_the_served_recipe_but_never_serving)
xs/xa drop a TMA issue at compile time, which is the only way to ask which of the served recipe's ... ok
test_tile_major_relayout_reads_back_row_major (tests.test_engine_knobs.MoeStaticSpecTests.test_tile_major_relayout_reads_back_row_major) ... ok
test_dynamic_tile_m_override_is_validated (tests.test_engine_knobs.ProbeHookTests.test_dynamic_tile_m_override_is_validated) ... ok
test_mhc_pass_hook_is_fixed_before_the_kernels_compile (tests.test_engine_knobs.ProbeHookTests.test_mhc_pass_hook_is_fixed_before_the_kernels_compile) ... ok
test_mla_probe_instruments_are_arguments_not_env (tests.test_engine_knobs.ProbeHookTests.test_mla_probe_instruments_are_arguments_not_env) ... ok
test_probe_runner_and_launcher_forward_declared_knobs (tests.test_engine_knobs.ProbeRunnerTests.test_probe_runner_and_launcher_forward_declared_knobs) ... ok
test_arena_copy_uses_smoothed_weights_and_dispatch_stays_decode_only (tests.test_engine_decode_pair_owner.PairOwnerTests.test_arena_copy_uses_smoothed_weights_and_dispatch_stays_decode_only) ... ok
test_arms_are_independent_and_combined_mode_is_explicit (tests.test_engine_draft_acceptance.DraftAcceptanceTests.test_arms_are_independent_and_combined_mode_is_explicit) ... ok
test_async_and_bounded_serving_retire_diagnostics_once_without_changing_tokens (tests.test_engine_draft_acceptance.DraftAcceptanceTests.test_async_and_bounded_serving_retire_diagnostics_once_without_changing_tokens) ... ok
test_combined_mode_calibrates_executed_fp8_and_preserves_shared_packs (tests.test_engine_draft_acceptance.DraftAcceptanceTests.test_combined_mode_calibrates_executed_fp8_and_preserves_shared_packs) ... ok
test_committed_decode_mask_cannot_be_a_weight_or_broadcast_across_rows (tests.test_engine_draft_acceptance.DraftAcceptanceTests.test_committed_decode_mask_cannot_be_a_weight_or_broadcast_across_rows) ... ok
test_corrupt_local_or_peer_statistics_fail_all_ranks_instead_of_downgrading_to_rtn (tests.test_engine_draft_acceptance.DraftAcceptanceTests.test_corrupt_local_or_peer_statistics_fail_all_ranks_instead_of_downgrading_to_rtn) ... ok
test_decode_calibration_refuses_corruption_before_large_allocation (tests.test_engine_draft_acceptance.DraftAcceptanceTests.test_decode_calibration_refuses_corruption_before_large_allocation) ... ok
test_decode_collection_ignores_prefill_capture_and_rejected_rows_and_preserves_shared_blob (tests.test_engine_draft_acceptance.DraftAcceptanceTests.test_decode_collection_ignores_prefill_capture_and_rejected_rows_and_preserves_shared_blob) ... ok
test_diagnostic_release_drops_external_device_storage_and_sink (tests.test_engine_draft_acceptance.DraftAcceptanceTests.test_diagnostic_release_drops_external_device_storage_and_sink) ... ok
test_fc_fp8_reuses_its_pack_and_observes_exactly_once (tests.test_engine_draft_acceptance.DraftAcceptanceTests.test_fc_fp8_reuses_its_pack_and_observes_exactly_once) ... ok
test_first_rejection_covers_selection_support_eos_limits_and_inactive_rows (tests.test_engine_draft_acceptance.DraftAcceptanceTests.test_first_rejection_covers_selection_support_eos_limits_and_inactive_rows) ... ok
test_one_missing_rank_keeps_every_rank_on_collection_without_overwriting_ready_files (tests.test_engine_draft_acceptance.DraftAcceptanceTests.test_one_missing_rank_keeps_every_rank_on_collection_without_overwriting_ready_files) ... ok
test_only_w4_pack_uses_decode_calibration_fp8_keeps_shared_identity (tests.test_engine_draft_acceptance.DraftAcceptanceTests.test_only_w4_pack_uses_decode_calibration_fp8_keeps_shared_identity) ... ok
test_serving_boot_collects_missing_statistics_then_consumes_on_the_next_boot (tests.test_engine_draft_acceptance.DraftAcceptanceTests.test_serving_boot_collects_missing_statistics_then_consumes_on_the_next_boot) ... ok
test_slot_owned_candidates_and_host_recording_survive_reuse (tests.test_engine_draft_acceptance.DraftAcceptanceTests.test_slot_owned_candidates_and_host_recording_survive_reuse) ... ok
test_missing_native_implementation_cannot_pass_coverage (tests.test_engine_native_execution.NativeQualificationTests.test_missing_native_implementation_cannot_pass_coverage) ... ok
test_nonfinite_prefill_releases_slots_and_refuses_readiness (tests.test_engine_native_execution.NativeQualificationTests.test_nonfinite_prefill_releases_slots_and_refuses_readiness) ... ok
test_c4_overlap_keeps_rows_state_and_auxiliary_order (tests.test_engine_execution_plans.ExecutionPlanTests.test_c4_overlap_keeps_rows_state_and_auxiliary_order) ... ok
test_four_ranks_keep_collective_order_and_reduced_outputs (tests.test_engine_execution_plans.ExecutionPlanTests.test_four_ranks_keep_collective_order_and_reduced_outputs) ... ok
test_layer_order_matches_chunk_order_and_all_prefix_states (tests.test_engine_execution_plans.ExecutionPlanTests.test_layer_order_matches_chunk_order_and_all_prefix_states) ... ok
test_only_c4_splits_and_invalid_budgets_fail (tests.test_engine_execution_plans.ExecutionPlanTests.test_only_c4_splits_and_invalid_budgets_fail) ... ok
test_oversized_window_refuses_before_mutating_state (tests.test_engine_execution_plans.ExecutionPlanTests.test_oversized_window_refuses_before_mutating_state) ... ok
test_tiles_rebase_patches_and_keep_only_internal_marks (tests.test_engine_execution_plans.ExecutionPlanTests.test_tiles_rebase_patches_and_keep_only_internal_marks) ... ok

----------------------------------------------------------------------
Ran 45 tests in 5.100s

OK (skipped=1)
