test_arena_copy_uses_smoothed_weights_and_dispatch_stays_decode_only (tests.test_engine_decode_pair_owner.PairOwnerTests.test_arena_copy_uses_smoothed_weights_and_dispatch_stays_decode_only) ... ok
test_arms_are_independent_and_combined_mode_is_explicit (tests.test_engine_draft_acceptance.DraftAcceptanceTests.test_arms_are_independent_and_combined_mode_is_explicit) ... ok
test_async_and_bounded_serving_retire_diagnostics_once_without_changing_tokens (tests.test_engine_draft_acceptance.DraftAcceptanceTests.test_async_and_bounded_serving_retire_diagnostics_once_without_changing_tokens) ... ok
test_combined_mode_calibrates_executed_fp8_and_preserves_shared_packs (tests.test_engine_draft_acceptance.DraftAcceptanceTests.test_combined_mode_calibrates_executed_fp8_and_preserves_shared_packs) ... ok
test_committed_decode_mask_cannot_be_a_weight_or_broadcast_across_rows (tests.test_engine_draft_acceptance.DraftAcceptanceTests.test_committed_decode_mask_cannot_be_a_weight_or_broadcast_across_rows) ... ok
test_corrupt_local_or_peer_statistics_fail_all_ranks_instead_of_downgrading_to_rtn (tests.test_engine_draft_acceptance.DraftAcceptanceTests.test_corrupt_local_or_peer_statistics_fail_all_ranks_instead_of_downgrading_to_rtn) ... ok
test_decode_calibration_refuses_corruption_before_large_allocation (tests.test_engine_draft_acceptance.DraftAcceptanceTests.test_decode_calibration_refuses_corruption_before_large_allocation) ... ok
test_decode_collection_ignores_prefill_capture_and_rejected_rows_and_preserves_shared_blob (tests.test_engine_draft_acceptance.DraftAcceptanceTests.test_decode_collection_ignores_prefill_capture_and_rejected_rows_and_preserves_shared_blob) ... ok
test_diagnostic_release_drops_external_device_storage_and_sink (tests.test_engine_draft_acceptance.DraftAcceptanceTests.test_diagnostic_release_drops_external_device_storage_and_sink) ... ok
test_fc_fp8_reuses_its_pack_and_observes_exactly_once (tests.test_engine_draft_acceptance.DraftAcceptanceTests.test_fc_fp8_reuses_its_pack_and_observes_exactly_once) ... ok
test_first_rejection_covers_selection_support_eos_limits_and_inactive_rows (tests.test_engine_draft_acceptance.DraftAcceptanceTests.test_first_rejection_covers_selection_support_eos_limits_and_inactive_rows) ... ok
test_one_missing_rank_keeps_every_rank_on_collection_without_overwriting_ready_files (tests.test_engine_draft_acceptance.DraftAcceptanceTests.test_one_missing_rank_keeps_every_rank_on_collection_without_overwriting_ready_files) ... ok
test_only_w4_pack_uses_decode_calibration_fp8_keeps_shared_identity (tests.test_engine_draft_acceptance.DraftAcceptanceTests.test_only_w4_pack_uses_decode_calibration_fp8_keeps_shared_identity) ... ok
test_serving_boot_collects_missing_statistics_then_consumes_on_the_next_boot (tests.test_engine_draft_acceptance.DraftAcceptanceTests.test_serving_boot_collects_missing_statistics_then_consumes_on_the_next_boot) ... ok
test_slot_owned_candidates_and_host_recording_survive_reuse (tests.test_engine_draft_acceptance.DraftAcceptanceTests.test_slot_owned_candidates_and_host_recording_survive_reuse) ... ok
test_bound_ordinary_and_direct_graphs_follow_changed_inputs_and_addresses (tests.test_engine_decode_fastpaths.BoundDecodeGpuTests.test_bound_ordinary_and_direct_graphs_follow_changed_inputs_and_addresses) ... skipped 'requires CUDA; not exercised by the CPU gate'
test_binding_preserves_old_rows_and_cannot_affect_another_model (tests.test_engine_decode_fastpaths.BoundDecodeTests.test_binding_preserves_old_rows_and_cannot_affect_another_model) ... ok
test_candidate_is_explicit_and_production_keeps_its_defaults (tests.test_engine_decode_fastpaths.BoundDecodeTests.test_candidate_is_explicit_and_production_keeps_its_defaults) ... ok
test_indexer_owner_freezes_rows_and_preserves_both_projections (tests.test_engine_decode_fastpaths.BoundDecodeTests.test_indexer_owner_freezes_rows_and_preserves_both_projections) ... ok
test_proof_requires_every_candidate_layer_and_capture_width (tests.test_engine_decode_fastpaths.BoundDecodeTests.test_proof_requires_every_candidate_layer_and_capture_width) ... ok
test_same_bound_pack_routes_ordinary_private_and_direct_outputs (tests.test_engine_decode_fastpaths.BoundDecodeTests.test_same_bound_pack_routes_ordinary_private_and_direct_outputs) ... ok

----------------------------------------------------------------------
Ran 21 tests in 2.736s

OK (skipped=1)
