srv3:75:75 [0] NCCL INFO ENV/Plugin: Could not find: libnccl-env.so
srv3:75:75 [0] NCCL INFO cudaDriverVersion 13000
srv3:75:75 [0] NCCL INFO NCCL_SOCKET_IFNAME set to enp1s0f0np0
srv3:75:75 [0] NCCL INFO NCCL version 2.29.7+cuda13.2
srv3:75:75 [0] NCCL INFO NCCL git version stable b81d6a5a3
srv3:75:75 [0] NCCL INFO NET/Plugin: Could not find: libnccl-net.so
srv3:75:75 [0] NCCL INFO dlvsym failed on mlx5dv_get_data_direct_sysfs_path - /lib/aarch64-linux-gnu/libmlx5.so: undefined symbol: mlx5dv_get_data_direct_sysfs_path, version MLX5_1.25 version MLX5_1.25
srv3:75:75 [0] NCCL INFO dlvsym failed on mlx5dv_reg_dmabuf_mr - /lib/aarch64-linux-gnu/libmlx5.so: undefined symbol: mlx5dv_reg_dmabuf_mr, version MLX5_1.25 version MLX5_1.25
srv3:75:75 [0] NCCL INFO NCCL_IB_HCA set to rocep1s0f0,roceP2p1s0f0
srv3:75:75 [0] NCCL INFO NET/IB: [0] rocep1s0f0:uverbs0:1/RoCE provider=Mlx5 speed=200000 context=0x37a5b4f0 pciPath=/sys/devices/pci0000:00/0000:00:00.0/0000:01:00.0 ar=0
srv3:75:75 [0] NCCL INFO NET/IB: [2] roceP2p1s0f0:uverbs2:1/RoCE provider=Mlx5 speed=200000 context=0x37a9cbf0 pciPath=/sys/devices/pci0002:00/0002:00:00.0/0002:01:00.0 ar=0
srv3:75:75 [0] NCCL INFO NET/IB : Made virtual device [0] name=rocep1s0f0 speed=200000 ndevs=1
srv3:75:75 [0] NCCL INFO NET/IB : Made virtual device [1] name=roceP2p1s0f0 speed=200000 ndevs=1
srv3:75:75 [0] NCCL INFO NET/IB : Using [0]rocep1s0f0:1/RoCE [1]roceP2p1s0f0:1/RoCE [RO]; OOB enp1s0f0np0:10.10.10.3<0>
srv3:75:75 [0] NCCL INFO Initialized NET plugin IB
srv3:75:75 [0] NCCL INFO Assigned NET plugin IB to comm
srv3:75:75 [0] NCCL INFO GIN/Plugin: Could not find: libnccl-gin.so
srv3:75:75 [0] NCCL INFO Assigned GIN plugin GIN_IB_GDAKI to comm
srv3:75:75 [0] NCCL INFO Assigned RMA plugin GIN_IB_PROXY to comm
srv3:75:75 [0] NCCL INFO Using network IB
srv3:75:75 [0] NCCL INFO [Rank 2] ncclCommInitRankConfig comm 0x36038aa0 rank 2 nranks 4 cudaDev 0 nvmlDev 0 busId f01000 commId 0x2af79407f61cfd5a - Init START
srv3:75:75 [0] NCCL INFO RAS client listening socket at 127.0.0.1<28028>
srv3:75:75 [0] NCCL INFO NCCL_P2P_LEVEL set by environment to SYS
srv3:75:75 [0] NCCL INFO Topology detection : could not read /sys/devices/system/node/node-1/cpumap, ignoring
srv3:75:75 [0] NCCL INFO TOPO/NET : Importing network plugins to topology
srv3:75:75 [0] NCCL INFO Topology detection : could not read /sys/devices/system/node/node-1/cpumap, ignoring
srv3:75:75 [0] NCCL INFO NET/GIN_IB_GDAKI : GPU Direct RDMA Disabled for HCA 0 'rocep1s0f0'
srv3:75:75 [0] NCCL INFO ncclTopoPopulateNics : Filled rocep1s0f0 in topo with pciPath=/sys/devices/pci0000:00/0000:00:00.0/0000:01:00.0 net=0 gin=1 keep=1 coll=(null)
srv3:75:75 [0] NCCL INFO Topology detection : could not read /sys/devices/system/node/node-1/cpumap, ignoring
srv3:75:75 [0] NCCL INFO NET/GIN_IB_GDAKI : GPU Direct RDMA Disabled for HCA 1 'roceP2p1s0f0'
srv3:75:75 [0] NCCL INFO ncclTopoPopulateNics : Filled roceP2p1s0f0 in topo with pciPath=/sys/devices/pci0002:00/0002:00:00.0/0002:01:00.0 net=0 gin=1 keep=1 coll=(null)
srv3:75:75 [0] NCCL INFO NET/IB : GPU Direct RDMA Disabled for HCA 0 'rocep1s0f0'
srv3:75:75 [0] NCCL INFO ncclTopoPopulateNics : Filled rocep1s0f0 in topo with pciPath=/sys/devices/pci0000:00/0000:00:00.0/0000:01:00.0 net=1 gin=1 keep=1 coll=(null)
srv3:75:75 [0] NCCL INFO NET/IB : GPU Direct RDMA Disabled for HCA 1 'roceP2p1s0f0'
srv3:75:75 [0] NCCL INFO ncclTopoPopulateNics : Filled roceP2p1s0f0 in topo with pciPath=/sys/devices/pci0002:00/0002:00:00.0/0002:01:00.0 net=1 gin=1 keep=1 coll=(null)
srv3:75:75 [0] NCCL INFO === System : maxBw 12.0 totalBw 3.0 ===
srv3:75:75 [0] NCCL INFO CPU/0-ffffffffffffff (3/-1/-1)
srv3:75:75 [0] NCCL INFO + C2C[345.0] - GPU/0-f01000
srv3:75:75 [0] NCCL INFO + PCI[12.0] - NIC/0-1000
srv3:75:75 [0] NCCL INFO               + NET[25.0] - NET/0-0 (0/231771000346a738/1/25.000000)
srv3:75:75 [0] NCCL INFO               + NET[25.0] - GIN/0-0
srv3:75:75 [0] NCCL INFO + PCI[12.0] - NIC/0-201000
srv3:75:75 [0] NCCL INFO               + NET[25.0] - NET/0-1 (0/231771000346a738/1/25.000000)
srv3:75:75 [0] NCCL INFO               + NET[25.0] - GIN/0-1
srv3:75:75 [0] NCCL INFO + PCI[3.0] - GPU/0-f01000 (2)
srv3:75:75 [0] NCCL INFO              + C2C[345.0] - CPU/0-ffffffffffffff
srv3:75:75 [0] NCCL INFO ==========================================
srv3:75:75 [0] NCCL INFO GPU/0-f01000 :GPU/0-f01000 (0/5000.0/LOC) CPU/0-ffffffffffffff (1/345.0/C2C) NET/0-0 (3/12.0/P2C) NET/0-1 (3/12.0/P2C) GIN/0-0 (3/12.0/PHB) GIN/0-1 (3/12.0/PHB) 
srv3:75:75 [0] NCCL INFO NET/0-0 :GPU/0-f01000 (3/12.0/P2C) CPU/0-ffffffffffffff (2/12.0/PHB) NET/0-0 (0/5000.0/LOC) NET/0-1 (4/12.0/PHB) GIN/0-0 (2/25.0/LOC) GIN/0-1 (4/12.0/PHB) 
srv3:75:75 [0] NCCL INFO NET/0-1 :GPU/0-f01000 (3/12.0/P2C) CPU/0-ffffffffffffff (2/12.0/PHB) NET/0-0 (4/12.0/PHB) NET/0-1 (0/5000.0/LOC) GIN/0-0 (4/12.0/PHB) GIN/0-1 (2/25.0/LOC) 
srv3:75:75 [0] NCCL INFO GIN/0-0 :GPU/0-f01000 (3/12.0/PHB) CPU/0-ffffffffffffff (2/12.0/PHB) NET/0-0 (2/25.0/LOC) NET/0-1 (4/12.0/PHB) GIN/0-0 (0/5000.0/LOC) GIN/0-1 (4/12.0/PHB) 
srv3:75:75 [0] NCCL INFO GIN/0-1 :GPU/0-f01000 (3/12.0/PHB) CPU/0-ffffffffffffff (2/12.0/PHB) NET/0-0 (4/12.0/PHB) NET/0-1 (2/25.0/LOC) GIN/0-0 (4/12.0/PHB) GIN/0-1 (0/5000.0/LOC) 
srv3:75:75 [0] NCCL INFO ncclTopoGetCpuAffinity: Affinity for GPU 0 is empty, ignoring. (GPU affinity = ).
srv3:75:75 [0] NCCL INFO Pattern 4, crossNic 1, nChannels 8, bw 3.000000/3.000000, type LOC/P2C, sameChannels 1
srv3:75:75 [0] NCCL INFO  0 : NET/0-0 GPU/0-f01000 NET/0-0
srv3:75:75 [0] NCCL INFO  1 : NET/0-1 GPU/0-f01000 NET/0-0
srv3:75:75 [0] NCCL INFO  2 : NET/0-0 GPU/0-f01000 NET/0-0
srv3:75:75 [0] NCCL INFO  3 : NET/0-1 GPU/0-f01000 NET/0-0
srv3:75:75 [0] NCCL INFO  4 : NET/0-0 GPU/0-f01000 NET/0-1
srv3:75:75 [0] NCCL INFO  5 : NET/0-1 GPU/0-f01000 NET/0-1
srv3:75:75 [0] NCCL INFO  6 : NET/0-0 GPU/0-f01000 NET/0-1
srv3:75:75 [0] NCCL INFO  7 : NET/0-1 GPU/0-f01000 NET/0-1
srv3:75:75 [0] NCCL INFO Pattern 3, crossNic 1, nChannels 8, bw 1.200000/0.240000, type LOC/P2C, sameChannels 1
srv3:75:75 [0] NCCL INFO  0 : NET/0-0 GPU/0-f01000 NET/0-0
srv3:75:75 [0] NCCL INFO  1 : NET/0-1 GPU/0-f01000 NET/0-1
srv3:75:75 [0] NCCL INFO  2 : NET/0-0 GPU/0-f01000 NET/0-0
srv3:75:75 [0] NCCL INFO  3 : NET/0-1 GPU/0-f01000 NET/0-1
srv3:75:75 [0] NCCL INFO  4 : NET/0-0 GPU/0-f01000 NET/0-0
srv3:75:75 [0] NCCL INFO  5 : NET/0-1 GPU/0-f01000 NET/0-1
srv3:75:75 [0] NCCL INFO  6 : NET/0-0 GPU/0-f01000 NET/0-0
srv3:75:75 [0] NCCL INFO  7 : NET/0-1 GPU/0-f01000 NET/0-1
srv3:75:75 [0] NCCL INFO comm 0x36038aa0 rank 2 nRanks 4 nNodes 4 localRanks 1 localRank 0 MNNVL 0
srv3:75:75 [0] NCCL INFO Tree 0 : 0 -> 2 -> 1/3/-1
srv3:75:75 [0] NCCL INFO Tree 8 : 1 -> 2 -> -1/-1/-1
srv3:75:75 [0] NCCL INFO Tree 1 : 0 -> 2 -> 1/3/-1
srv3:75:75 [0] NCCL INFO Tree 9 : 1 -> 2 -> -1/-1/-1
srv3:75:75 [0] NCCL INFO Tree 2 : 0 -> 2 -> 1/3/-1
srv3:75:75 [0] NCCL INFO Tree 10 : 1 -> 2 -> -1/-1/-1
srv3:75:75 [0] NCCL INFO Tree 3 : 0 -> 2 -> 1/3/-1
srv3:75:75 [0] NCCL INFO Tree 11 : 1 -> 2 -> -1/-1/-1
srv3:75:75 [0] NCCL INFO Tree 4 : 0 -> 2 -> 1/3/-1
srv3:75:75 [0] NCCL INFO Tree 12 : 1 -> 2 -> -1/-1/-1
srv3:75:75 [0] NCCL INFO Tree 5 : 0 -> 2 -> 1/3/-1
srv3:75:75 [0] NCCL INFO Tree 13 : 1 -> 2 -> -1/-1/-1
srv3:75:75 [0] NCCL INFO Tree 6 : 0 -> 2 -> 1/3/-1
srv3:75:75 [0] NCCL INFO Tree 14 : 1 -> 2 -> -1/-1/-1
srv3:75:75 [0] NCCL INFO Tree 7 : 0 -> 2 -> 1/3/-1
srv3:75:75 [0] NCCL INFO Tree 15 : 1 -> 2 -> -1/-1/-1
srv3:75:75 [0] NCCL INFO Ring 00 : 1 -> 2 -> 3
srv3:75:75 [0] NCCL INFO Ring 01 : 1 -> 2 -> 3
srv3:75:75 [0] NCCL INFO Ring 02 : 1 -> 2 -> 3
srv3:75:75 [0] NCCL INFO Ring 03 : 1 -> 2 -> 3
srv3:75:75 [0] NCCL INFO Ring 04 : 1 -> 2 -> 3
srv3:75:75 [0] NCCL INFO Ring 05 : 1 -> 2 -> 3
srv3:75:75 [0] NCCL INFO Ring 06 : 1 -> 2 -> 3
srv3:75:75 [0] NCCL INFO Ring 07 : 1 -> 2 -> 3
srv3:75:75 [0] NCCL INFO Ring 08 : 1 -> 2 -> 3
srv3:75:75 [0] NCCL INFO Ring 09 : 1 -> 2 -> 3
srv3:75:75 [0] NCCL INFO Ring 10 : 1 -> 2 -> 3
srv3:75:75 [0] NCCL INFO Ring 11 : 1 -> 2 -> 3
srv3:75:75 [0] NCCL INFO Ring 12 : 1 -> 2 -> 3
srv3:75:75 [0] NCCL INFO Ring 13 : 1 -> 2 -> 3
srv3:75:75 [0] NCCL INFO Ring 14 : 1 -> 2 -> 3
srv3:75:75 [0] NCCL INFO Ring 15 : 1 -> 2 -> 3
srv3:75:75 [0] NCCL INFO Trees [0] 1/3/-1->2->0 [1] 1/3/-1->2->0 [2] 1/3/-1->2->0 [3] 1/3/-1->2->0 [4] 1/3/-1->2->0 [5] 1/3/-1->2->0 [6] 1/3/-1->2->0 [7] 1/3/-1->2->0 [8] -1/-1/-1->2->1 [9] -1/-1/-1->2->1 [10] -1/-1/-1->2->1 [11] -1/-1/-1->2->1 [12] -1/-1/-1->2->1 [13] -1/-1/-1->2->1 [14] -1/-1/-1->2->1 [15] -1/-1/-1->2->1
srv3:75:75 [0] NCCL INFO P2P Chunksize set to 262144
srv3:75:75 [0] NCCL INFO PROFILER/Plugin: Could not find: libnccl-profiler.so
srv3:75:75 [0] NCCL INFO Check P2P Type isAllDirectP2p 1 directMode 0 isAllCudaP2p 1
srv3:75:75 [0] NCCL INFO ncclP2pSchedule: group size used is 1
srv3:75:86 [0] NCCL INFO [Proxy Service] Device 0 CPU core 19
srv3:75:87 [0] NCCL INFO [Proxy Service UDS] Device 0 CPU core 13
srv3:75:86 [0] NCCL INFO New proxy recv connection 0 from local rank 0, transport 2
srv3:75:88 [0] NCCL INFO [Proxy Progress] Device 0 CPU core 19
srv3:75:75 [0] NCCL INFO Connected to proxy localRank 0 -> connection 0xf62508004f70
srv3:75:75 [0] NCCL INFO Channel 00/0 : 1[0] -> 2[0] [receive] via NET/IB/0
srv3:75:86 [0] NCCL INFO New proxy recv connection 1 from local rank 0, transport 2
srv3:75:75 [0] NCCL INFO Connected to proxy localRank 0 -> connection 0xf62508004ff8
srv3:75:75 [0] NCCL INFO Channel 01/0 : 1[0] -> 2[0] [receive] via NET/IB/1
srv3:75:86 [0] NCCL INFO New proxy recv connection 2 from local rank 0, transport 2
srv3:75:75 [0] NCCL INFO Connected to proxy localRank 0 -> connection 0xf62508005080
srv3:75:75 [0] NCCL INFO Channel 02/0 : 1[0] -> 2[0] [receive] via NET/IB/0
srv3:75:86 [0] NCCL INFO New proxy recv connection 3 from local rank 0, transport 2
srv3:75:75 [0] NCCL INFO Connected to proxy localRank 0 -> connection 0xf62508005108
srv3:75:75 [0] NCCL INFO Channel 03/0 : 1[0] -> 2[0] [receive] via NET/IB/1
srv3:75:86 [0] NCCL INFO New proxy recv connection 4 from local rank 0, transport 2
srv3:75:75 [0] NCCL INFO Connected to proxy localRank 0 -> connection 0xf62508005190
srv3:75:75 [0] NCCL INFO Channel 04/0 : 1[0] -> 2[0] [receive] via NET/IB/0
srv3:75:86 [0] NCCL INFO New proxy recv connection 5 from local rank 0, transport 2
srv3:75:75 [0] NCCL INFO Connected to proxy localRank 0 -> connection 0xf62508005218
srv3:75:75 [0] NCCL INFO Channel 05/0 : 1[0] -> 2[0] [receive] via NET/IB/1
srv3:75:86 [0] NCCL INFO New proxy recv connection 6 from local rank 0, transport 2
srv3:75:75 [0] NCCL INFO Connected to proxy localRank 0 -> connection 0xf625080052a0
srv3:75:75 [0] NCCL INFO Channel 06/0 : 1[0] -> 2[0] [receive] via NET/IB/0
srv3:75:86 [0] NCCL INFO New proxy recv connection 7 from local rank 0, transport 2
srv3:75:75 [0] NCCL INFO Connected to proxy localRank 0 -> connection 0xf62508005328
srv3:75:75 [0] NCCL INFO Channel 07/0 : 1[0] -> 2[0] [receive] via NET/IB/1
srv3:75:86 [0] NCCL INFO New proxy recv connection 8 from local rank 0, transport 2
srv3:75:75 [0] NCCL INFO Connected to proxy localRank 0 -> connection 0xf625080053b0
srv3:75:75 [0] NCCL INFO Channel 08/0 : 1[0] -> 2[0] [receive] via NET/IB/0
srv3:75:86 [0] NCCL INFO New proxy recv connection 9 from local rank 0, transport 2
srv3:75:75 [0] NCCL INFO Connected to proxy localRank 0 -> connection 0xf62508005438
srv3:75:75 [0] NCCL INFO Channel 09/0 : 1[0] -> 2[0] [receive] via NET/IB/1
srv3:75:86 [0] NCCL INFO New proxy recv connection 10 from local rank 0, transport 2
srv3:75:75 [0] NCCL INFO Connected to proxy localRank 0 -> connection 0xf625080054c0
srv3:75:75 [0] NCCL INFO Channel 10/0 : 1[0] -> 2[0] [receive] via NET/IB/0
srv3:75:86 [0] NCCL INFO New proxy recv connection 11 from local rank 0, transport 2
srv3:75:75 [0] NCCL INFO Connected to proxy localRank 0 -> connection 0xf62508005548
srv3:75:75 [0] NCCL INFO Channel 11/0 : 1[0] -> 2[0] [receive] via NET/IB/1
srv3:75:86 [0] NCCL INFO New proxy recv connection 12 from local rank 0, transport 2
srv3:75:75 [0] NCCL INFO Connected to proxy localRank 0 -> connection 0xf625080055d0
srv3:75:75 [0] NCCL INFO Channel 12/0 : 1[0] -> 2[0] [receive] via NET/IB/0
srv3:75:86 [0] NCCL INFO New proxy recv connection 13 from local rank 0, transport 2
srv3:75:75 [0] NCCL INFO Connected to proxy localRank 0 -> connection 0xf62508005658
srv3:75:75 [0] NCCL INFO Channel 13/0 : 1[0] -> 2[0] [receive] via NET/IB/1
srv3:75:86 [0] NCCL INFO New proxy recv connection 14 from local rank 0, transport 2
srv3:75:75 [0] NCCL INFO Connected to proxy localRank 0 -> connection 0xf625080056e0
srv3:75:75 [0] NCCL INFO Channel 14/0 : 1[0] -> 2[0] [receive] via NET/IB/0
srv3:75:86 [0] NCCL INFO New proxy recv connection 15 from local rank 0, transport 2
srv3:75:75 [0] NCCL INFO Connected to proxy localRank 0 -> connection 0xf62508005768
srv3:75:75 [0] NCCL INFO Channel 15/0 : 1[0] -> 2[0] [receive] via NET/IB/1
srv3:75:86 [0] NCCL INFO New proxy send connection 16 from local rank 0, transport 2
srv3:75:75 [0] NCCL INFO Connected to proxy localRank 0 -> connection 0xf625080057f0
srv3:75:75 [0] NCCL INFO Channel 00/0 : 2[0] -> 3[0] [send] via NET/IB/0
srv3:75:86 [0] NCCL INFO New proxy send connection 17 from local rank 0, transport 2
srv3:75:75 [0] NCCL INFO Connected to proxy localRank 0 -> connection 0xf62508005878
srv3:75:75 [0] NCCL INFO Channel 01/0 : 2[0] -> 3[0] [send] via NET/IB/1
srv3:75:86 [0] NCCL INFO New proxy send connection 18 from local rank 0, transport 2
srv3:75:75 [0] NCCL INFO Connected to proxy localRank 0 -> connection 0xf62508005900
srv3:75:75 [0] NCCL INFO Channel 02/0 : 2[0] -> 3[0] [send] via NET/IB/0
srv3:75:86 [0] NCCL INFO New proxy send connection 19 from local rank 0, transport 2
srv3:75:75 [0] NCCL INFO Connected to proxy localRank 0 -> connection 0xf62508005988
srv3:75:75 [0] NCCL INFO Channel 03/0 : 2[0] -> 3[0] [send] via NET/IB/1
srv3:75:86 [0] NCCL INFO New proxy send connection 20 from local rank 0, transport 2
srv3:75:75 [0] NCCL INFO Connected to proxy localRank 0 -> connection 0xf62508005a10
srv3:75:75 [0] NCCL INFO Channel 04/0 : 2[0] -> 3[0] [send] via NET/IB/0
srv3:75:86 [0] NCCL INFO New proxy send connection 21 from local rank 0, transport 2
srv3:75:75 [0] NCCL INFO Connected to proxy localRank 0 -> connection 0xf62508005a98
srv3:75:75 [0] NCCL INFO Channel 05/0 : 2[0] -> 3[0] [send] via NET/IB/1
srv3:75:86 [0] NCCL INFO New proxy send connection 22 from local rank 0, transport 2
srv3:75:75 [0] NCCL INFO Connected to proxy localRank 0 -> connection 0xf62508005b20
srv3:75:75 [0] NCCL INFO Channel 06/0 : 2[0] -> 3[0] [send] via NET/IB/0
srv3:75:86 [0] NCCL INFO New proxy send connection 23 from local rank 0, transport 2
srv3:75:75 [0] NCCL INFO Connected to proxy localRank 0 -> connection 0xf62508005ba8
srv3:75:75 [0] NCCL INFO Channel 07/0 : 2[0] -> 3[0] [send] via NET/IB/1
srv3:75:86 [0] NCCL INFO New proxy send connection 24 from local rank 0, transport 2
srv3:75:75 [0] NCCL INFO Connected to proxy localRank 0 -> connection 0xf62508005c30
srv3:75:75 [0] NCCL INFO Channel 08/0 : 2[0] -> 3[0] [send] via NET/IB/0
srv3:75:86 [0] NCCL INFO New proxy send connection 25 from local rank 0, transport 2
srv3:75:75 [0] NCCL INFO Connected to proxy localRank 0 -> connection 0xf62508005cb8
srv3:75:75 [0] NCCL INFO Channel 09/0 : 2[0] -> 3[0] [send] via NET/IB/1
srv3:75:86 [0] NCCL INFO New proxy send connection 26 from local rank 0, transport 2
srv3:75:75 [0] NCCL INFO Connected to proxy localRank 0 -> connection 0xf62508005d40
srv3:75:75 [0] NCCL INFO Channel 10/0 : 2[0] -> 3[0] [send] via NET/IB/0
srv3:75:86 [0] NCCL INFO New proxy send connection 27 from local rank 0, transport 2
srv3:75:75 [0] NCCL INFO Connected to proxy localRank 0 -> connection 0xf62508005dc8
srv3:75:75 [0] NCCL INFO Channel 11/0 : 2[0] -> 3[0] [send] via NET/IB/1
srv3:75:86 [0] NCCL INFO New proxy send connection 28 from local rank 0, transport 2
srv3:75:75 [0] NCCL INFO Connected to proxy localRank 0 -> connection 0xf62508005e50
srv3:75:75 [0] NCCL INFO Channel 12/0 : 2[0] -> 3[0] [send] via NET/IB/0
srv3:75:86 [0] NCCL INFO New proxy send connection 29 from local rank 0, transport 2
srv3:75:75 [0] NCCL INFO Connected to proxy localRank 0 -> connection 0xf62508005ed8
srv3:75:75 [0] NCCL INFO Channel 13/0 : 2[0] -> 3[0] [send] via NET/IB/1
srv3:75:86 [0] NCCL INFO New proxy send connection 30 from local rank 0, transport 2
srv3:75:75 [0] NCCL INFO Connected to proxy localRank 0 -> connection 0xf62508005f60
srv3:75:75 [0] NCCL INFO Channel 14/0 : 2[0] -> 3[0] [send] via NET/IB/0
srv3:75:86 [0] NCCL INFO New proxy send connection 31 from local rank 0, transport 2
srv3:75:75 [0] NCCL INFO Connected to proxy localRank 0 -> connection 0xf62508005fe8
srv3:75:75 [0] NCCL INFO Channel 15/0 : 2[0] -> 3[0] [send] via NET/IB/1
srv3:75:86 [0] NCCL INFO NET/IB: ncclIbResiliencyInit: Resiliency is disabled on the send communicator (comm=0xf62508018000)
srv3:75:86 [0] NCCL INFO NET/IB: ncclIbResiliencyInit: Resiliency is disabled on the recv communicator (comm=0xf62508053000)
srv3:75:86 [0] NCCL INFO NET/IB: ncclIbRecvCommInit: Receive work requests will be posted on-demand
srv3:75:86 [0] NCCL INFO NET/IB: ncclIbResiliencyInit: Resiliency is disabled on the send communicator (comm=0xf62508092000)
srv3:75:86 [0] NCCL INFO NET/IB: ncclIbResiliencyInit: Resiliency is disabled on the recv communicator (comm=0xf625080cd000)
srv3:75:86 [0] NCCL INFO NET/IB: ncclIbRecvCommInit: Receive work requests will be posted on-demand
srv3:75:86 [0] NCCL INFO NET/IB: ncclIbResiliencyInit: Resiliency is disabled on the send communicator (comm=0xf6250810c000)
srv3:75:86 [0] NCCL INFO NET/IB: ncclIbSenderQpsCreate: QP created: port=1 dev=0 devName=rocep1s0f0 ndevs=2 nmdevs=2 qp_num=1580 pkey=0 pd=0xf62508017e00
srv3:75:86 [0] NCCL INFO NET/IB: ncclIbConnect: NCCL Dev 0 IbDev 0 Port 1 qp_num 1580 mtu 5 GID 3 (0/30A0A0AFFFF0000) ctsFifoRkey=0x1823e0 ctsFifoLkey=0x1823e0
srv3:75:86 [0] NCCL INFO NET/IB: ncclIbConnect: IbDev 0 Port 1 qp_num 1580 query_ece={supported=1, vendor_id=0x15b3, options=0x30000002, comp_mask=0x0}
srv3:75:86 [0] NCCL INFO NET/IB: ncclIbSenderQpsCreate: QP created: port=1 dev=1 devName=roceP2p1s0f0 ndevs=2 nmdevs=2 qp_num=1702 pkey=0 pd=0xf6250808f970
srv3:75:86 [0] NCCL INFO NET/IB: ncclIbConnect: NCCL Dev 1 IbDev 1 Port 1 qp_num 1702 mtu 5 GID 3 (0/30B0A0AFFFF0000) ctsFifoRkey=0x19b8b5 ctsFifoLkey=0x19b8b5
srv3:75:86 [0] NCCL INFO NET/IB: ncclIbConnect: IbDev 1 Port 1 qp_num 1702 query_ece={supported=1, vendor_id=0x15b3, options=0x30000002, comp_mask=0x0}
srv3:75:86 [0] NCCL INFO NET/IB: ncclIbResiliencyInit: Resiliency is disabled on the recv communicator (comm=0xf625081bf000)
srv3:75:86 [0] NCCL INFO NET/IB: ncclIbRecvCommInit: Receive work requests will be posted on-demand
srv3:75:86 [0] NCCL INFO NET/IB: ncclIbResiliencyInit: Resiliency is disabled on the send communicator (comm=0xf625081fe000)
srv3:75:86 [0] NCCL INFO NET/IB: ncclIbResiliencyInit: Resiliency is disabled on the recv communicator (comm=0xf62508239000)
srv3:75:86 [0] NCCL INFO NET/IB: ncclIbRecvCommInit: Receive work requests will be posted on-demand
srv3:75:86 [0] NCCL INFO NET/IB: ncclIbReceiverQpsCreateToRts: QP created: port=1 dev=0 devName=rocep1s0f0 ndevs=2 nmdevs=2 qp_num=1581 pkey=0 pd=0xf62508017e00
srv3:75:86 [0] NCCL INFO NET/IB: ncclIbReceiverQpsCreateToRts: QP created: port=1 dev=0 devName=rocep1s0f0 ndevs=2 nmdevs=2 qp_num=1582 pkey=0 pd=0xf62508017e00
srv3:75:86 [0] NCCL INFO NET/IB: ncclIbSenderQpsToRts: Set ECE: IbDev 1 Port 1 qp_num 1702 set_ece={supported=1, vendor_id=0x15b3, options=0x30000002, comp_mask=0x0}
srv3:75:86 [0] NCCL INFO NET/IB: ncclIbReceiverQpsCreateToRts: QP created: port=1 dev=1 devName=roceP2p1s0f0 ndevs=2 nmdevs=2 qp_num=1703 pkey=0 pd=0xf6250808f970
srv3:75:86 [0] NCCL INFO NET/IB: ncclIbReceiverQpsCreateToRts: QP created: port=1 dev=1 devName=roceP2p1s0f0 ndevs=2 nmdevs=2 qp_num=1704 pkey=0 pd=0xf6250808f970
srv3:75:86 [0] NCCL INFO NET/IB: ncclIbSenderQpsCreate: QP created: port=1 dev=0 devName=rocep1s0f0 ndevs=2 nmdevs=2 qp_num=1583 pkey=0 pd=0xf62508017e00
srv3:75:86 [0] NCCL INFO NET/IB: ncclIbConnect: NCCL Dev 0 IbDev 0 Port 1 qp_num 1583 mtu 5 GID 3 (0/30A0A0AFFFF0000) ctsFifoRkey=0x17914f ctsFifoLkey=0x17914f
srv3:75:86 [0] NCCL INFO NET/IB: ncclIbConnect: IbDev 0 Port 1 qp_num 1583 query_ece={supported=1, vendor_id=0x15b3, options=0x30000002, comp_mask=0x0}
srv3:75:86 [0] NCCL INFO NET/IB: ncclIbReceiverQpsCreateToRts: QP created: port=1 dev=0 devName=rocep1s0f0 ndevs=2 nmdevs=2 qp_num=1584 pkey=0 pd=0xf62508017e00
srv3:75:86 [0] NCCL INFO NET/IB: ncclIbReceiverQpsCreateToRts: QP created: port=1 dev=0 devName=rocep1s0f0 ndevs=2 nmdevs=2 qp_num=1585 pkey=0 pd=0xf62508017e00
srv3:75:86 [0] NCCL INFO NET/IB: ncclIbSenderQpsCreate: QP created: port=1 dev=1 devName=roceP2p1s0f0 ndevs=2 nmdevs=2 qp_num=1705 pkey=0 pd=0xf6250808f970
srv3:75:86 [0] NCCL INFO NET/IB: ncclIbConnect: NCCL Dev 1 IbDev 1 Port 1 qp_num 1705 mtu 5 GID 3 (0/30B0A0AFFFF0000) ctsFifoRkey=0x19aeab ctsFifoLkey=0x19aeab
srv3:75:86 [0] NCCL INFO NET/IB: ncclIbConnect: IbDev 1 Port 1 qp_num 1705 query_ece={supported=1, vendor_id=0x15b3, options=0x30000002, comp_mask=0x0}
srv3:75:86 [0] NCCL INFO NET/IB: ncclIbReceiverQpsCreateToRts: QP created: port=1 dev=1 devName=roceP2p1s0f0 ndevs=2 nmdevs=2 qp_num=1706 pkey=0 pd=0xf6250808f970
srv3:75:86 [0] NCCL INFO NET/IB: ncclIbReceiverQpsCreateToRts: QP created: port=1 dev=1 devName=roceP2p1s0f0 ndevs=2 nmdevs=2 qp_num=1707 pkey=0 pd=0xf6250808f970
srv3:75:86 [0] NCCL INFO NET/IB: ncclIbResiliencyInit: Resiliency is disabled on the send communicator (comm=0xf6250841b000)
srv3:75:86 [0] NCCL INFO NET/IB: ncclIbSenderQpsToRts: Set ECE: IbDev 0 Port 1 qp_num 1580 set_ece={supported=1, vendor_id=0x15b3, options=0x30000002, comp_mask=0x0}
srv3:75:86 [0] NCCL INFO NET/IB: ncclIbSenderQpsToRts: Set ECE: IbDev 0 Port 1 qp_num 1583 set_ece={supported=1, vendor_id=0x15b3, options=0x30000002, comp_mask=0x0}
srv3:75:86 [0] NCCL INFO NET/IB: ncclIbSenderQpsToRts: Set ECE: IbDev 1 Port 1 qp_num 1705 set_ece={supported=1, vendor_id=0x15b3, options=0x30000002, comp_mask=0x0}
srv3:75:86 [0] NCCL INFO NET/IB: ncclIbSenderQpsCreate: QP created: port=1 dev=0 devName=rocep1s0f0 ndevs=2 nmdevs=2 qp_num=1586 pkey=0 pd=0xf62508017e00
srv3:75:86 [0] NCCL INFO NET/IB: ncclIbConnect: NCCL Dev 0 IbDev 0 Port 1 qp_num 1586 mtu 5 GID 3 (0/30A0A0AFFFF0000) ctsFifoRkey=0x182eeb ctsFifoLkey=0x182eeb
srv3:75:86 [0] NCCL INFO NET/IB: ncclIbConnect: IbDev 0 Port 1 qp_num 1586 query_ece={supported=1, vendor_id=0x15b3, options=0x30000002, comp_mask=0x0}
srv3:75:86 [0] NCCL INFO NET/IB: ncclIbResiliencyInit: Resiliency is disabled on the recv communicator (comm=0xf62508484000)
srv3:75:86 [0] NCCL INFO NET/IB: ncclIbRecvCommInit: Receive work requests will be posted on-demand
srv3:75:86 [0] NCCL INFO NET/IB: ncclIbResiliencyInit: Resiliency is disabled on the send communicator (comm=0xf625084c1000)
srv3:75:86 [0] NCCL INFO NET/IB: ncclIbResiliencyInit: Resiliency is disabled on the recv communicator (comm=0xf625084fa000)
srv3:75:86 [0] NCCL INFO NET/IB: ncclIbRecvCommInit: Receive work requests will be posted on-demand
srv3:75:86 [0] NCCL INFO NET/IB: ncclIbResiliencyInit: Resiliency is disabled on the send communicator (comm=0xf62508537000)
srv3:75:86 [0] NCCL INFO NET/IB: ncclIbResiliencyInit: Resiliency is disabled on the recv communicator (comm=0xf62508570000)
srv3:75:86 [0] NCCL INFO NET/IB: ncclIbRecvCommInit: Receive work requests will be posted on-demand
srv3:75:86 [0] NCCL INFO NET/IB: ncclIbResiliencyInit: Resiliency is disabled on the send communicator (comm=0xf625085af000)
srv3:75:86 [0] NCCL INFO NET/IB: ncclIbResiliencyInit: Resiliency is disabled on the recv communicator (comm=0xf625085ea000)
srv3:75:86 [0] NCCL INFO NET/IB: ncclIbRecvCommInit: Receive work requests will be posted on-demand
srv3:75:86 [0] NCCL INFO NET/IB: ncclIbResiliencyInit: Resiliency is disabled on the send communicator (comm=0xf62508629000)
srv3:75:86 [0] NCCL INFO NET/IB: ncclIbResiliencyInit: Resiliency is disabled on the recv communicator (comm=0xf62508664000)
srv3:75:86 [0] NCCL INFO NET/IB: ncclIbRecvCommInit: Receive work requests will be posted on-demand
srv3:75:86 [0] NCCL INFO NET/IB: ncclIbResiliencyInit: Resiliency is disabled on the send communicator (comm=0xf625086a3000)
srv3:75:86 [0] NCCL INFO NET/IB: ncclIbResiliencyInit: Resiliency is disabled on the recv communicator (comm=0xf625086de000)
srv3:75:86 [0] NCCL INFO NET/IB: ncclIbRecvCommInit: Receive work requests will be posted on-demand
srv3:75:86 [0] NCCL INFO NET/IB: ncclIbResiliencyInit: Resiliency is disabled on the send communicator (comm=0xf6250871d000)
srv3:75:86 [0] NCCL INFO NET/IB: ncclIbResiliencyInit: Resiliency is disabled on the recv communicator (comm=0xf62508758000)
srv3:75:86 [0] NCCL INFO NET/IB: ncclIbRecvCommInit: Receive work requests will be posted on-demand
srv3:75:86 [0] NCCL INFO NET/IB: ncclIbResiliencyInit: Resiliency is disabled on the send communicator (comm=0xf62508797000)
srv3:75:86 [0] NCCL INFO NET/IB: ncclIbResiliencyInit: Resiliency is disabled on the recv communicator (comm=0xf625087d2000)
srv3:75:86 [0] NCCL INFO NET/IB: ncclIbRecvCommInit: Receive work requests will be posted on-demand
srv3:75:86 [0] NCCL INFO NET/IB: ncclIbResiliencyInit: Resiliency is disabled on the send communicator (comm=0xf62508811000)
srv3:75:86 [0] NCCL INFO NET/IB: ncclIbReceiverQpsCreateToRts: QP created: port=1 dev=0 devName=rocep1s0f0 ndevs=2 nmdevs=2 qp_num=1587 pkey=0 pd=0xf62508017e00
srv3:75:86 [0] NCCL INFO NET/IB: ncclIbReceiverQpsCreateToRts: QP created: port=1 dev=0 devName=rocep1s0f0 ndevs=2 nmdevs=2 qp_num=1588 pkey=0 pd=0xf62508017e00
srv3:75:86 [0] NCCL INFO NET/IB: ncclIbReceiverQpsCreateToRts: QP created: port=1 dev=1 devName=roceP2p1s0f0 ndevs=2 nmdevs=2 qp_num=1708 pkey=0 pd=0xf6250808f970
srv3:75:86 [0] NCCL INFO NET/IB: ncclIbReceiverQpsCreateToRts: QP created: port=1 dev=1 devName=roceP2p1s0f0 ndevs=2 nmdevs=2 qp_num=1709 pkey=0 pd=0xf6250808f970
srv3:75:86 [0] NCCL INFO NET/IB: ncclIbReceiverQpsCreateToRts: QP created: port=1 dev=0 devName=rocep1s0f0 ndevs=2 nmdevs=2 qp_num=1589 pkey=0 pd=0xf62508017e00
srv3:75:86 [0] NCCL INFO NET/IB: ncclIbReceiverQpsCreateToRts: QP created: port=1 dev=0 devName=rocep1s0f0 ndevs=2 nmdevs=2 qp_num=1590 pkey=0 pd=0xf62508017e00
srv3:75:86 [0] NCCL INFO NET/IB: ncclIbReceiverQpsCreateToRts: QP created: port=1 dev=1 devName=roceP2p1s0f0 ndevs=2 nmdevs=2 qp_num=1710 pkey=0 pd=0xf6250808f970
srv3:75:86 [0] NCCL INFO NET/IB: ncclIbReceiverQpsCreateToRts: QP created: port=1 dev=1 devName=roceP2p1s0f0 ndevs=2 nmdevs=2 qp_num=1711 pkey=0 pd=0xf6250808f970
srv3:75:86 [0] NCCL INFO NET/IB: ncclIbReceiverQpsCreateToRts: QP created: port=1 dev=0 devName=rocep1s0f0 ndevs=2 nmdevs=2 qp_num=1591 pkey=0 pd=0xf62508017e00
srv3:75:86 [0] NCCL INFO NET/IB: ncclIbReceiverQpsCreateToRts: QP created: port=1 dev=0 devName=rocep1s0f0 ndevs=2 nmdevs=2 qp_num=1592 pkey=0 pd=0xf62508017e00
srv3:75:86 [0] NCCL INFO NET/IB: ncclIbReceiverQpsCreateToRts: QP created: port=1 dev=1 devName=roceP2p1s0f0 ndevs=2 nmdevs=2 qp_num=1712 pkey=0 pd=0xf6250808f970
srv3:75:86 [0] NCCL INFO NET/IB: ncclIbReceiverQpsCreateToRts: QP created: port=1 dev=1 devName=roceP2p1s0f0 ndevs=2 nmdevs=2 qp_num=1713 pkey=0 pd=0xf6250808f970
srv3:75:86 [0] NCCL INFO NET/IB: ncclIbReceiverQpsCreateToRts: QP created: port=1 dev=0 devName=rocep1s0f0 ndevs=2 nmdevs=2 qp_num=1593 pkey=0 pd=0xf62508017e00
srv3:75:86 [0] NCCL INFO NET/IB: ncclIbReceiverQpsCreateToRts: QP created: port=1 dev=0 devName=rocep1s0f0 ndevs=2 nmdevs=2 qp_num=1594 pkey=0 pd=0xf62508017e00
srv3:75:86 [0] NCCL INFO NET/IB: ncclIbReceiverQpsCreateToRts: QP created: port=1 dev=1 devName=roceP2p1s0f0 ndevs=2 nmdevs=2 qp_num=1714 pkey=0 pd=0xf6250808f970
srv3:75:86 [0] NCCL INFO NET/IB: ncclIbReceiverQpsCreateToRts: QP created: port=1 dev=1 devName=roceP2p1s0f0 ndevs=2 nmdevs=2 qp_num=1715 pkey=0 pd=0xf6250808f970
srv3:75:86 [0] NCCL INFO NET/IB: ncclIbResiliencyInit: Resiliency is disabled on the recv communicator (comm=0xf62508acb000)
srv3:75:86 [0] NCCL INFO NET/IB: ncclIbRecvCommInit: Receive work requests will be posted on-demand
srv3:75:86 [0] NCCL INFO NET/IB: ncclIbSenderQpsToRts: Set ECE: IbDev 0 Port 1 qp_num 1586 set_ece={supported=1, vendor_id=0x15b3, options=0x30000002, comp_mask=0x0}
srv3:75:86 [0] NCCL INFO NET/IB: ncclIbSenderQpsCreate: QP created: port=1 dev=1 devName=roceP2p1s0f0 ndevs=2 nmdevs=2 qp_num=1716 pkey=0 pd=0xf6250808f970
srv3:75:86 [0] NCCL INFO NET/IB: ncclIbConnect: NCCL Dev 1 IbDev 1 Port 1 qp_num 1716 mtu 5 GID 3 (0/30B0A0AFFFF0000) ctsFifoRkey=0x194a40 ctsFifoLkey=0x194a40
srv3:75:86 [0] NCCL INFO NET/IB: ncclIbConnect: IbDev 1 Port 1 qp_num 1716 query_ece={supported=1, vendor_id=0x15b3, options=0x30000002, comp_mask=0x0}
srv3:75:86 [0] NCCL INFO NET/IB: ncclIbSenderQpsCreate: QP created: port=1 dev=0 devName=rocep1s0f0 ndevs=2 nmdevs=2 qp_num=1595 pkey=0 pd=0xf62508017e00
srv3:75:86 [0] NCCL INFO NET/IB: ncclIbConnect: NCCL Dev 0 IbDev 0 Port 1 qp_num 1595 mtu 5 GID 3 (0/30A0A0AFFFF0000) ctsFifoRkey=0x1829e6 ctsFifoLkey=0x1829e6
srv3:75:86 [0] NCCL INFO NET/IB: ncclIbConnect: IbDev 0 Port 1 qp_num 1595 query_ece={supported=1, vendor_id=0x15b3, options=0x30000002, comp_mask=0x0}
srv3:75:86 [0] NCCL INFO NET/IB: ncclIbSenderQpsCreate: QP created: port=1 dev=1 devName=roceP2p1s0f0 ndevs=2 nmdevs=2 qp_num=1717 pkey=0 pd=0xf6250808f970
srv3:75:86 [0] NCCL INFO NET/IB: ncclIbConnect: NCCL Dev 1 IbDev 1 Port 1 qp_num 1717 mtu 5 GID 3 (0/30B0A0AFFFF0000) ctsFifoRkey=0x193a39 ctsFifoLkey=0x193a39
srv3:75:86 [0] NCCL INFO NET/IB: ncclIbConnect: IbDev 1 Port 1 qp_num 1717 query_ece={supported=1, vendor_id=0x15b3, options=0x30000002, comp_mask=0x0}
srv3:75:86 [0] NCCL INFO NET/IB: ncclIbSenderQpsCreate: QP created: port=1 dev=0 devName=rocep1s0f0 ndevs=2 nmdevs=2 qp_num=1596 pkey=0 pd=0xf62508017e00
srv3:75:86 [0] NCCL INFO NET/IB: ncclIbConnect: NCCL Dev 0 IbDev 0 Port 1 qp_num 1596 mtu 5 GID 3 (0/30A0A0AFFFF0000) ctsFifoRkey=0x1828e5 ctsFifoLkey=0x1828e5
srv3:75:86 [0] NCCL INFO NET/IB: ncclIbConnect: IbDev 0 Port 1 qp_num 1596 query_ece={supported=1, vendor_id=0x15b3, options=0x30000002, comp_mask=0x0}
srv3:75:86 [0] NCCL INFO NET/IB: ncclIbSenderQpsCreate: QP created: port=1 dev=1 devName=roceP2p1s0f0 ndevs=2 nmdevs=2 qp_num=1718 pkey=0 pd=0xf6250808f970
srv3:75:86 [0] NCCL INFO NET/IB: ncclIbConnect: NCCL Dev 1 IbDev 1 Port 1 qp_num 1718 mtu 5 GID 3 (0/30B0A0AFFFF0000) ctsFifoRkey=0x19322e ctsFifoLkey=0x19322e
srv3:75:86 [0] NCCL INFO NET/IB: ncclIbConnect: IbDev 1 Port 1 qp_num 1718 query_ece={supported=1, vendor_id=0x15b3, options=0x30000002, comp_mask=0x0}
srv3:75:86 [0] NCCL INFO NET/IB: ncclIbSenderQpsCreate: QP created: port=1 dev=0 devName=rocep1s0f0 ndevs=2 nmdevs=2 qp_num=1597 pkey=0 pd=0xf62508017e00
srv3:75:86 [0] NCCL INFO NET/IB: ncclIbConnect: NCCL Dev 0 IbDev 0 Port 1 qp_num 1597 mtu 5 GID 3 (0/30A0A0AFFFF0000) ctsFifoRkey=0x1826e3 ctsFifoLkey=0x1826e3
srv3:75:86 [0] NCCL INFO NET/IB: ncclIbConnect: IbDev 0 Port 1 qp_num 1597 query_ece={supported=1, vendor_id=0x15b3, options=0x30000002, comp_mask=0x0}
srv3:75:86 [0] NCCL INFO NET/IB: ncclIbSenderQpsCreate: QP created: port=1 dev=1 devName=roceP2p1s0f0 ndevs=2 nmdevs=2 qp_num=1719 pkey=0 pd=0xf6250808f970
srv3:75:86 [0] NCCL INFO NET/IB: ncclIbConnect: NCCL Dev 1 IbDev 1 Port 1 qp_num 1719 mtu 5 GID 3 (0/30B0A0AFFFF0000) ctsFifoRkey=0x192624 ctsFifoLkey=0x192624
srv3:75:86 [0] NCCL INFO NET/IB: ncclIbConnect: IbDev 1 Port 1 qp_num 1719 query_ece={supported=1, vendor_id=0x15b3, options=0x30000002, comp_mask=0x0}
srv3:75:86 [0] NCCL INFO NET/IB: ncclIbSenderQpsCreate: QP created: port=1 dev=0 devName=rocep1s0f0 ndevs=2 nmdevs=2 qp_num=1598 pkey=0 pd=0xf62508017e00
srv3:75:86 [0] NCCL INFO NET/IB: ncclIbConnect: NCCL Dev 0 IbDev 0 Port 1 qp_num 1598 mtu 5 GID 3 (0/30A0A0AFFFF0000) ctsFifoRkey=0x1824e1 ctsFifoLkey=0x1824e1
srv3:75:86 [0] NCCL INFO NET/IB: ncclIbConnect: IbDev 0 Port 1 qp_num 1598 query_ece={supported=1, vendor_id=0x15b3, options=0x30000002, comp_mask=0x0}
srv3:75:86 [0] NCCL INFO NET/IB: ncclIbReceiverQpsCreateToRts: QP created: port=1 dev=0 devName=rocep1s0f0 ndevs=2 nmdevs=2 qp_num=1599 pkey=0 pd=0xf62508017e00
srv3:75:86 [0] NCCL INFO NET/IB: ncclIbReceiverQpsCreateToRts: QP created: port=1 dev=0 devName=rocep1s0f0 ndevs=2 nmdevs=2 qp_num=1600 pkey=0 pd=0xf62508017e00
srv3:75:86 [0] NCCL INFO NET/IB: ncclIbResiliencyInit: Resiliency is disabled on the send communicator (comm=0xf62508cd8000)
srv3:75:86 [0] NCCL INFO NET/IB: ncclIbSenderQpsToRts: Set ECE: IbDev 1 Port 1 qp_num 1716 set_ece={supported=1, vendor_id=0x15b3, options=0x30000002, comp_mask=0x0}
srv3:75:86 [0] NCCL INFO NET/IB: ncclIbSenderQpsToRts: Set ECE: IbDev 0 Port 1 qp_num 1595 set_ece={supported=1, vendor_id=0x15b3, options=0x30000002, comp_mask=0x0}
srv3:75:86 [0] NCCL INFO NET/IB: ncclIbSenderQpsToRts: Set ECE: IbDev 1 Port 1 qp_num 1717 set_ece={supported=1, vendor_id=0x15b3, options=0x30000002, comp_mask=0x0}
srv3:75:86 [0] NCCL INFO NET/IB: ncclIbSenderQpsToRts: Set ECE: IbDev 0 Port 1 qp_num 1596 set_ece={supported=1, vendor_id=0x15b3, options=0x30000002, comp_mask=0x0}
srv3:75:86 [0] NCCL INFO NET/IB: ncclIbSenderQpsToRts: Set ECE: IbDev 1 Port 1 qp_num 1718 set_ece={supported=1, vendor_id=0x15b3, options=0x30000002, comp_mask=0x0}
srv3:75:86 [0] NCCL INFO NET/IB: ncclIbSenderQpsToRts: Set ECE: IbDev 0 Port 1 qp_num 1597 set_ece={supported=1, vendor_id=0x15b3, options=0x30000002, comp_mask=0x0}
srv3:75:86 [0] NCCL INFO NET/IB: ncclIbSenderQpsToRts: Set ECE: IbDev 1 Port 1 qp_num 1719 set_ece={supported=1, vendor_id=0x15b3, options=0x30000002, comp_mask=0x0}
srv3:75:86 [0] NCCL INFO NET/IB: ncclIbSenderQpsToRts: Set ECE: IbDev 0 Port 1 qp_num 1598 set_ece={supported=1, vendor_id=0x15b3, options=0x30000002, comp_mask=0x0}
srv3:75:86 [0] NCCL INFO NET/IB: ncclIbSenderQpsCreate: QP created: port=1 dev=1 devName=roceP2p1s0f0 ndevs=2 nmdevs=2 qp_num=1720 pkey=0 pd=0xf6250808f970
srv3:75:86 [0] NCCL INFO NET/IB: ncclIbConnect: NCCL Dev 1 IbDev 1 Port 1 qp_num 1720 mtu 5 GID 3 (0/30B0A0AFFFF0000) ctsFifoRkey=0x195451 ctsFifoLkey=0x195451
srv3:75:86 [0] NCCL INFO NET/IB: ncclIbConnect: IbDev 1 Port 1 qp_num 1720 query_ece={supported=1, vendor_id=0x15b3, options=0x30000002, comp_mask=0x0}
srv3:75:86 [0] NCCL INFO NET/IB: ncclIbResiliencyInit: Resiliency is disabled on the recv communicator (comm=0xf62508d41000)
srv3:75:86 [0] NCCL INFO NET/IB: ncclIbRecvCommInit: Receive work requests will be posted on-demand
srv3:75:86 [0] NCCL INFO NET/IB: ncclIbResiliencyInit: Resiliency is disabled on the send communicator (comm=0xf62508d7e000)
srv3:75:86 [0] NCCL INFO NET/IB: ncclIbResiliencyInit: Resiliency is disabled on the recv communicator (comm=0xf62508db7000)
srv3:75:86 [0] NCCL INFO NET/IB: ncclIbRecvCommInit: Receive work requests will be posted on-demand
srv3:75:86 [0] NCCL INFO NET/IB: ncclIbResiliencyInit: Resiliency is disabled on the send communicator (comm=0xf62508df4000)
srv3:75:86 [0] NCCL INFO NET/IB: ncclIbResiliencyInit: Resiliency is disabled on the recv communicator (comm=0xf62508e2d000)
srv3:75:86 [0] NCCL INFO NET/IB: ncclIbRecvCommInit: Receive work requests will be posted on-demand
srv3:75:86 [0] NCCL INFO NET/IB: ncclIbReceiverQpsCreateToRts: QP created: port=1 dev=1 devName=roceP2p1s0f0 ndevs=2 nmdevs=2 qp_num=1721 pkey=0 pd=0xf6250808f970
srv3:75:86 [0] NCCL INFO NET/IB: ncclIbReceiverQpsCreateToRts: QP created: port=1 dev=1 devName=roceP2p1s0f0 ndevs=2 nmdevs=2 qp_num=1722 pkey=0 pd=0xf6250808f970
srv3:75:86 [0] NCCL INFO NET/IB: ncclIbReceiverQpsCreateToRts: QP created: port=1 dev=0 devName=rocep1s0f0 ndevs=2 nmdevs=2 qp_num=1601 pkey=0 pd=0xf62508017e00
srv3:75:86 [0] NCCL INFO NET/IB: ncclIbReceiverQpsCreateToRts: QP created: port=1 dev=0 devName=rocep1s0f0 ndevs=2 nmdevs=2 qp_num=1602 pkey=0 pd=0xf62508017e00
srv3:75:86 [0] NCCL INFO NET/IB: ncclIbReceiverQpsCreateToRts: QP created: port=1 dev=1 devName=roceP2p1s0f0 ndevs=2 nmdevs=2 qp_num=1723 pkey=0 pd=0xf6250808f970
srv3:75:86 [0] NCCL INFO NET/IB: ncclIbReceiverQpsCreateToRts: QP created: port=1 dev=1 devName=roceP2p1s0f0 ndevs=2 nmdevs=2 qp_num=1724 pkey=0 pd=0xf6250808f970
srv3:75:86 [0] NCCL INFO NET/IB: ncclIbSenderQpsToRts: Set ECE: IbDev 1 Port 1 qp_num 1720 set_ece={supported=1, vendor_id=0x15b3, options=0x30000002, comp_mask=0x0}
srv3:75:86 [0] NCCL INFO NET/IB: ncclIbSenderQpsCreate: QP created: port=1 dev=0 devName=rocep1s0f0 ndevs=2 nmdevs=2 qp_num=1603 pkey=0 pd=0xf62508017e00
srv3:75:86 [0] NCCL INFO NET/IB: ncclIbConnect: NCCL Dev 0 IbDev 0 Port 1 qp_num 1603 mtu 5 GID 3 (0/30A0A0AFFFF0000) ctsFifoRkey=0x1808c5 ctsFifoLkey=0x1808c5
srv3:75:86 [0] NCCL INFO NET/IB: ncclIbConnect: IbDev 0 Port 1 qp_num 1603 query_ece={supported=1, vendor_id=0x15b3, options=0x30000002, comp_mask=0x0}
srv3:75:86 [0] NCCL INFO NET/IB: ncclIbSenderQpsCreate: QP created: port=1 dev=1 devName=roceP2p1s0f0 ndevs=2 nmdevs=2 qp_num=1725 pkey=0 pd=0xf6250808f970
srv3:75:86 [0] NCCL INFO NET/IB: ncclIbConnect: NCCL Dev 1 IbDev 1 Port 1 qp_num 1725 mtu 5 GID 3 (0/30B0A0AFFFF0000) ctsFifoRkey=0x196969 ctsFifoLkey=0x196969
srv3:75:86 [0] NCCL INFO NET/IB: ncclIbConnect: IbDev 1 Port 1 qp_num 1725 query_ece={supported=1, vendor_id=0x15b3, options=0x30000002, comp_mask=0x0}
srv3:75:86 [0] NCCL INFO NET/IB: ncclIbSenderQpsToRts: Set ECE: IbDev 0 Port 1 qp_num 1603 set_ece={supported=1, vendor_id=0x15b3, options=0x30000002, comp_mask=0x0}
srv3:75:86 [0] NCCL INFO NET/IB: ncclIbSenderQpsToRts: Set ECE: IbDev 1 Port 1 qp_num 1725 set_ece={supported=1, vendor_id=0x15b3, options=0x30000002, comp_mask=0x0}
srv3:75:75 [0] NCCL INFO Connected all rings, use ring PXN 0 GDR 0
srv3:75:86 [0] NCCL INFO New proxy recv connection 32 from local rank 0, transport 2
srv3:75:75 [0] NCCL INFO Connected to proxy localRank 0 -> connection 0xf62508006070
srv3:75:75 [0] NCCL INFO Channel 00/0 : 0[0] -> 2[0] [receive] via NET/IB/0
srv3:75:86 [0] NCCL INFO New proxy recv connection 33 from local rank 0, transport 2
srv3:75:75 [0] NCCL INFO Connected to proxy localRank 0 -> connection 0xf625080060f8
srv3:75:75 [0] NCCL INFO Channel 01/0 : 0[0] -> 2[0] [receive] via NET/IB/1
srv3:75:86 [0] NCCL INFO New proxy recv connection 34 from local rank 0, transport 2
srv3:75:75 [0] NCCL INFO Connected to proxy localRank 0 -> connection 0xf62508006180
srv3:75:75 [0] NCCL INFO Channel 02/0 : 0[0] -> 2[0] [receive] via NET/IB/0
srv3:75:86 [0] NCCL INFO New proxy recv connection 35 from local rank 0, transport 2
srv3:75:75 [0] NCCL INFO Connected to proxy localRank 0 -> connection 0xf62508006208
srv3:75:75 [0] NCCL INFO Channel 03/0 : 0[0] -> 2[0] [receive] via NET/IB/1
srv3:75:86 [0] NCCL INFO New proxy recv connection 36 from local rank 0, transport 2
srv3:75:75 [0] NCCL INFO Connected to proxy localRank 0 -> connection 0xf62508006290
srv3:75:75 [0] NCCL INFO Channel 04/0 : 0[0] -> 2[0] [receive] via NET/IB/0
srv3:75:86 [0] NCCL INFO New proxy recv connection 37 from local rank 0, transport 2
srv3:75:75 [0] NCCL INFO Connected to proxy localRank 0 -> connection 0xf62508006318
srv3:75:75 [0] NCCL INFO Channel 05/0 : 0[0] -> 2[0] [receive] via NET/IB/1
srv3:75:86 [0] NCCL INFO New proxy recv connection 38 from local rank 0, transport 2
srv3:75:75 [0] NCCL INFO Connected to proxy localRank 0 -> connection 0xf625080063a0
srv3:75:75 [0] NCCL INFO Channel 06/0 : 0[0] -> 2[0] [receive] via NET/IB/0
srv3:75:86 [0] NCCL INFO New proxy recv connection 39 from local rank 0, transport 2
srv3:75:75 [0] NCCL INFO Connected to proxy localRank 0 -> connection 0xf62508006428
srv3:75:75 [0] NCCL INFO Channel 07/0 : 0[0] -> 2[0] [receive] via NET/IB/1
srv3:75:86 [0] NCCL INFO New proxy send connection 40 from local rank 0, transport 2
srv3:75:75 [0] NCCL INFO Connected to proxy localRank 0 -> connection 0xf625080064b0
srv3:75:75 [0] NCCL INFO Channel 00/0 : 2[0] -> 0[0] [send] via NET/IB/0
srv3:75:86 [0] NCCL INFO New proxy send connection 41 from local rank 0, transport 2
srv3:75:75 [0] NCCL INFO Connected to proxy localRank 0 -> connection 0xf62508006538
srv3:75:75 [0] NCCL INFO Channel 01/0 : 2[0] -> 0[0] [send] via NET/IB/1
srv3:75:86 [0] NCCL INFO New proxy send connection 42 from local rank 0, transport 2
srv3:75:75 [0] NCCL INFO Connected to proxy localRank 0 -> connection 0xf625080065c0
srv3:75:75 [0] NCCL INFO Channel 02/0 : 2[0] -> 0[0] [send] via NET/IB/0
srv3:75:86 [0] NCCL INFO New proxy send connection 43 from local rank 0, transport 2
srv3:75:75 [0] NCCL INFO Connected to proxy localRank 0 -> connection 0xf62508006648
srv3:75:75 [0] NCCL INFO Channel 03/0 : 2[0] -> 0[0] [send] via NET/IB/1
srv3:75:86 [0] NCCL INFO New proxy send connection 44 from local rank 0, transport 2
srv3:75:75 [0] NCCL INFO Connected to proxy localRank 0 -> connection 0xf625080066d0
srv3:75:75 [0] NCCL INFO Channel 04/0 : 2[0] -> 0[0] [send] via NET/IB/0
srv3:75:86 [0] NCCL INFO New proxy send connection 45 from local rank 0, transport 2
srv3:75:75 [0] NCCL INFO Connected to proxy localRank 0 -> connection 0xf62508006758
srv3:75:75 [0] NCCL INFO Channel 05/0 : 2[0] -> 0[0] [send] via NET/IB/1
srv3:75:86 [0] NCCL INFO New proxy send connection 46 from local rank 0, transport 2
srv3:75:75 [0] NCCL INFO Connected to proxy localRank 0 -> connection 0xf625080067e0
srv3:75:75 [0] NCCL INFO Channel 06/0 : 2[0] -> 0[0] [send] via NET/IB/0
srv3:75:86 [0] NCCL INFO New proxy send connection 47 from local rank 0, transport 2
srv3:75:75 [0] NCCL INFO Connected to proxy localRank 0 -> connection 0xf62508006868
srv3:75:75 [0] NCCL INFO Channel 07/0 : 2[0] -> 0[0] [send] via NET/IB/1
srv3:75:86 [0] NCCL INFO New proxy recv connection 48 from local rank 0, transport 2
srv3:75:75 [0] NCCL INFO Connected to proxy localRank 0 -> connection 0xf625080068f0
srv3:75:75 [0] NCCL INFO Channel 00/0 : 3[0] -> 2[0] [receive] via NET/IB/0
srv3:75:86 [0] NCCL INFO New proxy recv connection 49 from local rank 0, transport 2
srv3:75:75 [0] NCCL INFO Connected to proxy localRank 0 -> connection 0xf62508006978
srv3:75:75 [0] NCCL INFO Channel 01/0 : 3[0] -> 2[0] [receive] via NET/IB/1
srv3:75:86 [0] NCCL INFO New proxy recv connection 50 from local rank 0, transport 2
srv3:75:75 [0] NCCL INFO Connected to proxy localRank 0 -> connection 0xf62508006a00
srv3:75:75 [0] NCCL INFO Channel 02/0 : 3[0] -> 2[0] [receive] via NET/IB/0
srv3:75:86 [0] NCCL INFO New proxy recv connection 51 from local rank 0, transport 2
srv3:75:75 [0] NCCL INFO Connected to proxy localRank 0 -> connection 0xf62508006a88
srv3:75:75 [0] NCCL INFO Channel 03/0 : 3[0] -> 2[0] [receive] via NET/IB/1
srv3:75:86 [0] NCCL INFO New proxy recv connection 52 from local rank 0, transport 2
srv3:75:75 [0] NCCL INFO Connected to proxy localRank 0 -> connection 0xf62508006b10
srv3:75:75 [0] NCCL INFO Channel 04/0 : 3[0] -> 2[0] [receive] via NET/IB/0
srv3:75:86 [0] NCCL INFO New proxy recv connection 53 from local rank 0, transport 2
srv3:75:75 [0] NCCL INFO Connected to proxy localRank 0 -> connection 0xf62508006b98
srv3:75:75 [0] NCCL INFO Channel 05/0 : 3[0] -> 2[0] [receive] via NET/IB/1
srv3:75:86 [0] NCCL INFO New proxy recv connection 54 from local rank 0, transport 2
srv3:75:75 [0] NCCL INFO Connected to proxy localRank 0 -> connection 0xf62508006c20
srv3:75:75 [0] NCCL INFO Channel 06/0 : 3[0] -> 2[0] [receive] via NET/IB/0
srv3:75:86 [0] NCCL INFO New proxy recv connection 55 from local rank 0, transport 2
srv3:75:75 [0] NCCL INFO Connected to proxy localRank 0 -> connection 0xf62508006ca8
srv3:75:75 [0] NCCL INFO Channel 07/0 : 3[0] -> 2[0] [receive] via NET/IB/1
srv3:75:86 [0] NCCL INFO New proxy send connection 56 from local rank 0, transport 2
srv3:75:75 [0] NCCL INFO Connected to proxy localRank 0 -> connection 0xf62508006d30
srv3:75:75 [0] NCCL INFO Channel 00/0 : 2[0] -> 1[0] [send] via NET/IB/0
srv3:75:86 [0] NCCL INFO New proxy send connection 57 from local rank 0, transport 2
srv3:75:75 [0] NCCL INFO Connected to proxy localRank 0 -> connection 0xf62508006db8
srv3:75:75 [0] NCCL INFO Channel 01/0 : 2[0] -> 1[0] [send] via NET/IB/1
srv3:75:86 [0] NCCL INFO New proxy send connection 58 from local rank 0, transport 2
srv3:75:75 [0] NCCL INFO Connected to proxy localRank 0 -> connection 0xf62508006e40
srv3:75:75 [0] NCCL INFO Channel 02/0 : 2[0] -> 1[0] [send] via NET/IB/0
srv3:75:86 [0] NCCL INFO New proxy send connection 59 from local rank 0, transport 2
srv3:75:75 [0] NCCL INFO Connected to proxy localRank 0 -> connection 0xf62508006ec8
srv3:75:75 [0] NCCL INFO Channel 03/0 : 2[0] -> 1[0] [send] via NET/IB/1
srv3:75:86 [0] NCCL INFO New proxy send connection 60 from local rank 0, transport 2
srv3:75:75 [0] NCCL INFO Connected to proxy localRank 0 -> connection 0xf62508006f50
srv3:75:75 [0] NCCL INFO Channel 04/0 : 2[0] -> 1[0] [send] via NET/IB/0
srv3:75:86 [0] NCCL INFO New proxy send connection 61 from local rank 0, transport 2
srv3:75:75 [0] NCCL INFO Connected to proxy localRank 0 -> connection 0xf62508006fd8
srv3:75:75 [0] NCCL INFO Channel 05/0 : 2[0] -> 1[0] [send] via NET/IB/1
srv3:75:86 [0] NCCL INFO New proxy send connection 62 from local rank 0, transport 2
srv3:75:75 [0] NCCL INFO Connected to proxy localRank 0 -> connection 0xf62508007060
srv3:75:75 [0] NCCL INFO Channel 06/0 : 2[0] -> 1[0] [send] via NET/IB/0
srv3:75:86 [0] NCCL INFO New proxy send connection 63 from local rank 0, transport 2
srv3:75:75 [0] NCCL INFO Connected to proxy localRank 0 -> connection 0xf625080070e8
srv3:75:75 [0] NCCL INFO Channel 07/0 : 2[0] -> 1[0] [send] via NET/IB/1
srv3:75:86 [0] NCCL INFO New proxy send connection 64 from local rank 0, transport 2
srv3:75:75 [0] NCCL INFO Connected to proxy localRank 0 -> connection 0xf62508007170
srv3:75:75 [0] NCCL INFO Channel 08/0 : 2[0] -> 1[0] [send] via NET/IB/0
srv3:75:86 [0] NCCL INFO New proxy send connection 65 from local rank 0, transport 2
srv3:75:75 [0] NCCL INFO Connected to proxy localRank 0 -> connection 0xf625080071f8
srv3:75:75 [0] NCCL INFO Channel 09/0 : 2[0] -> 1[0] [send] via NET/IB/1
srv3:75:86 [0] NCCL INFO New proxy send connection 66 from local rank 0, transport 2
srv3:75:75 [0] NCCL INFO Connected to proxy localRank 0 -> connection 0xf62508007280
srv3:75:75 [0] NCCL INFO Channel 10/0 : 2[0] -> 1[0] [send] via NET/IB/0
srv3:75:86 [0] NCCL INFO New proxy send connection 67 from local rank 0, transport 2
srv3:75:75 [0] NCCL INFO Connected to proxy localRank 0 -> connection 0xf62508007308
srv3:75:75 [0] NCCL INFO Channel 11/0 : 2[0] -> 1[0] [send] via NET/IB/1
srv3:75:86 [0] NCCL INFO New proxy send connection 68 from local rank 0, transport 2
srv3:75:75 [0] NCCL INFO Connected to proxy localRank 0 -> connection 0xf62508007390
srv3:75:75 [0] NCCL INFO Channel 12/0 : 2[0] -> 1[0] [send] via NET/IB/0
srv3:75:86 [0] NCCL INFO New proxy send connection 69 from local rank 0, transport 2
srv3:75:75 [0] NCCL INFO Connected to proxy localRank 0 -> connection 0xf62508007418
srv3:75:75 [0] NCCL INFO Channel 13/0 : 2[0] -> 1[0] [send] via NET/IB/1
srv3:75:86 [0] NCCL INFO New proxy send connection 70 from local rank 0, transport 2
srv3:75:75 [0] NCCL INFO Connected to proxy localRank 0 -> connection 0xf625080074a0
srv3:75:75 [0] NCCL INFO Channel 14/0 : 2[0] -> 1[0] [send] via NET/IB/0
srv3:75:86 [0] NCCL INFO New proxy send connection 71 from local rank 0, transport 2
srv3:75:75 [0] NCCL INFO Connected to proxy localRank 0 -> connection 0xf62508007528
srv3:75:75 [0] NCCL INFO Channel 15/0 : 2[0] -> 1[0] [send] via NET/IB/1
srv3:75:86 [0] NCCL INFO NET/IB: ncclIbResiliencyInit: Resiliency is disabled on the send communicator (comm=0xf62508fb4000)
srv3:75:86 [0] NCCL INFO NET/IB: ncclIbResiliencyInit: Resiliency is disabled on the recv communicator (comm=0xf62508fed000)
srv3:75:86 [0] NCCL INFO NET/IB: ncclIbRecvCommInit: Receive work requests will be posted on-demand
srv3:75:86 [0] NCCL INFO NET/IB: ncclIbResiliencyInit: Resiliency is disabled on the send communicator (comm=0xf6250902a000)
srv3:75:86 [0] NCCL INFO NET/IB: ncclIbResiliencyInit: Resiliency is disabled on the recv communicator (comm=0xf62509063000)
srv3:75:86 [0] NCCL INFO NET/IB: ncclIbRecvCommInit: Receive work requests will be posted on-demand
srv3:75:86 [0] NCCL INFO NET/IB: ncclIbResiliencyInit: Resiliency is disabled on the send communicator (comm=0xf625090a2000)
srv3:75:86 [0] NCCL INFO NET/IB: ncclIbSenderQpsCreate: QP created: port=1 dev=0 devName=rocep1s0f0 ndevs=2 nmdevs=2 qp_num=1604 pkey=0 pd=0xf62508017e00
srv3:75:86 [0] NCCL INFO NET/IB: ncclIbConnect: NCCL Dev 0 IbDev 0 Port 1 qp_num 1604 mtu 5 GID 3 (0/30A0A0AFFFF0000) ctsFifoRkey=0x175b19 ctsFifoLkey=0x175b19
srv3:75:86 [0] NCCL INFO NET/IB: ncclIbConnect: IbDev 0 Port 1 qp_num 1604 query_ece={supported=1, vendor_id=0x15b3, options=0x30000002, comp_mask=0x0}
srv3:75:86 [0] NCCL INFO NET/IB: ncclIbReceiverQpsCreateToRts: QP created: port=1 dev=0 devName=rocep1s0f0 ndevs=2 nmdevs=2 qp_num=1605 pkey=0 pd=0xf62508017e00
srv3:75:86 [0] NCCL INFO NET/IB: ncclIbReceiverQpsCreateToRts: QP created: port=1 dev=0 devName=rocep1s0f0 ndevs=2 nmdevs=2 qp_num=1606 pkey=0 pd=0xf62508017e00
srv3:75:86 [0] NCCL INFO NET/IB: ncclIbSenderQpsCreate: QP created: port=1 dev=1 devName=roceP2p1s0f0 ndevs=2 nmdevs=2 qp_num=1726 pkey=0 pd=0xf6250808f970
srv3:75:86 [0] NCCL INFO NET/IB: ncclIbConnect: NCCL Dev 1 IbDev 1 Port 1 qp_num 1726 mtu 5 GID 3 (0/30B0A0AFFFF0000) ctsFifoRkey=0x199a98 ctsFifoLkey=0x199a98
srv3:75:86 [0] NCCL INFO NET/IB: ncclIbConnect: IbDev 1 Port 1 qp_num 1726 query_ece={supported=1, vendor_id=0x15b3, options=0x30000002, comp_mask=0x0}
srv3:75:86 [0] NCCL INFO NET/IB: ncclIbReceiverQpsCreateToRts: QP created: port=1 dev=1 devName=roceP2p1s0f0 ndevs=2 nmdevs=2 qp_num=1727 pkey=0 pd=0xf6250808f970
srv3:75:86 [0] NCCL INFO NET/IB: ncclIbReceiverQpsCreateToRts: QP created: port=1 dev=1 devName=roceP2p1s0f0 ndevs=2 nmdevs=2 qp_num=1728 pkey=0 pd=0xf6250808f970
srv3:75:86 [0] NCCL INFO NET/IB: ncclIbSenderQpsCreate: QP created: port=1 dev=0 devName=rocep1s0f0 ndevs=2 nmdevs=2 qp_num=1607 pkey=0 pd=0xf62508017e00
srv3:75:86 [0] NCCL INFO NET/IB: ncclIbConnect: NCCL Dev 0 IbDev 0 Port 1 qp_num 1607 mtu 5 GID 3 (0/30A0A0AFFFF0000) ctsFifoRkey=0x17febb ctsFifoLkey=0x17febb
srv3:75:86 [0] NCCL INFO NET/IB: ncclIbConnect: IbDev 0 Port 1 qp_num 1607 query_ece={supported=1, vendor_id=0x15b3, options=0x30000002, comp_mask=0x0}
srv3:75:86 [0] NCCL INFO NET/IB: ncclIbResiliencyInit: Resiliency is disabled on the recv communicator (comm=0xf62509213000)
srv3:75:86 [0] NCCL INFO NET/IB: ncclIbRecvCommInit: Receive work requests will be posted on-demand
srv3:75:86 [0] NCCL INFO NET/IB: ncclIbSenderQpsToRts: Set ECE: IbDev 0 Port 1 qp_num 1604 set_ece={supported=1, vendor_id=0x15b3, options=0x30000002, comp_mask=0x0}
srv3:75:86 [0] NCCL INFO NET/IB: ncclIbSenderQpsToRts: Set ECE: IbDev 1 Port 1 qp_num 1726 set_ece={supported=1, vendor_id=0x15b3, options=0x30000002, comp_mask=0x0}
srv3:75:86 [0] NCCL INFO NET/IB: ncclIbSenderQpsToRts: Set ECE: IbDev 0 Port 1 qp_num 1607 set_ece={supported=1, vendor_id=0x15b3, options=0x30000002, comp_mask=0x0}
srv3:75:86 [0] NCCL INFO NET/IB: ncclIbReceiverQpsCreateToRts: QP created: port=1 dev=0 devName=rocep1s0f0 ndevs=2 nmdevs=2 qp_num=1608 pkey=0 pd=0xf62508017e00
srv3:75:86 [0] NCCL INFO NET/IB: ncclIbReceiverQpsCreateToRts: QP created: port=1 dev=0 devName=rocep1s0f0 ndevs=2 nmdevs=2 qp_num=1609 pkey=0 pd=0xf62508017e00
srv3:75:86 [0] NCCL INFO NET/IB: ncclIbResiliencyInit: Resiliency is disabled on the send communicator (comm=0xf6250929c000)
srv3:75:86 [0] NCCL INFO NET/IB: ncclIbResiliencyInit: Resiliency is disabled on the recv communicator (comm=0xf625092d7000)
srv3:75:86 [0] NCCL INFO NET/IB: ncclIbRecvCommInit: Receive work requests will be posted on-demand
srv3:75:86 [0] NCCL INFO NET/IB: ncclIbResiliencyInit: Resiliency is disabled on the send communicator (comm=0xf62509314000)
srv3:75:86 [0] NCCL INFO NET/IB: ncclIbResiliencyInit: Resiliency is disabled on the recv communicator (comm=0xf6250934d000)
srv3:75:86 [0] NCCL INFO NET/IB: ncclIbRecvCommInit: Receive work requests will be posted on-demand
srv3:75:86 [0] NCCL INFO NET/IB: ncclIbResiliencyInit: Resiliency is disabled on the send communicator (comm=0xf6250938a000)
srv3:75:86 [0] NCCL INFO NET/IB: ncclIbResiliencyInit: Resiliency is disabled on the recv communicator (comm=0xf625093c5000)
srv3:75:86 [0] NCCL INFO NET/IB: ncclIbRecvCommInit: Receive work requests will be posted on-demand
srv3:75:86 [0] NCCL INFO NET/IB: ncclIbResiliencyInit: Resiliency is disabled on the send communicator (comm=0xf62509404000)
srv3:75:86 [0] NCCL INFO NET/IB: ncclIbResiliencyInit: Resiliency is disabled on the recv communicator (comm=0xf6250943f000)
srv3:75:86 [0] NCCL INFO NET/IB: ncclIbRecvCommInit: Receive work requests will be posted on-demand
srv3:75:86 [0] NCCL INFO NET/IB: ncclIbResiliencyInit: Resiliency is disabled on the send communicator (comm=0xf6250947e000)
srv3:75:86 [0] NCCL INFO NET/IB: ncclIbResiliencyInit: Resiliency is disabled on the recv communicator (comm=0xf625094b9000)
srv3:75:86 [0] NCCL INFO NET/IB: ncclIbRecvCommInit: Receive work requests will be posted on-demand
srv3:75:86 [0] NCCL INFO NET/IB: ncclIbResiliencyInit: Resiliency is disabled on the send communicator (comm=0xf625094f8000)
srv3:75:86 [0] NCCL INFO NET/IB: ncclIbResiliencyInit: Resiliency is disabled on the recv communicator (comm=0xf62509533000)
srv3:75:86 [0] NCCL INFO NET/IB: ncclIbRecvCommInit: Receive work requests will be posted on-demand
srv3:75:86 [0] NCCL INFO NET/IB: ncclIbResiliencyInit: Resiliency is disabled on the send communicator (comm=0xf62509572000)
srv3:75:86 [0] NCCL INFO NET/IB: ncclIbResiliencyInit: Resiliency is disabled on the recv communicator (comm=0xf625095ad000)
srv3:75:86 [0] NCCL INFO NET/IB: ncclIbRecvCommInit: Receive work requests will be posted on-demand
srv3:75:86 [0] NCCL INFO NET/IB: ncclIbResiliencyInit: Resiliency is disabled on the send communicator (comm=0xf625095ec000)
srv3:75:86 [0] NCCL INFO NET/IB: ncclIbResiliencyInit: Resiliency is disabled on the recv communicator (comm=0xf62509627000)
srv3:75:86 [0] NCCL INFO NET/IB: ncclIbRecvCommInit: Receive work requests will be posted on-demand
srv3:75:86 [0] NCCL INFO NET/IB: ncclIbResiliencyInit: Resiliency is disabled on the send communicator (comm=0xf62509666000)
srv3:75:86 [0] NCCL INFO NET/IB: ncclIbResiliencyInit: Resiliency is disabled on the recv communicator (comm=0xf625096a1000)
srv3:75:86 [0] NCCL INFO NET/IB: ncclIbRecvCommInit: Receive work requests will be posted on-demand
srv3:75:86 [0] NCCL INFO NET/IB: ncclIbResiliencyInit: Resiliency is disabled on the send communicator (comm=0xf625096e0000)
srv3:75:86 [0] NCCL INFO NET/IB: ncclIbSenderQpsCreate: QP created: port=1 dev=1 devName=roceP2p1s0f0 ndevs=2 nmdevs=2 qp_num=1729 pkey=0 pd=0xf6250808f970
srv3:75:86 [0] NCCL INFO NET/IB: ncclIbConnect: NCCL Dev 1 IbDev 1 Port 1 qp_num 1729 mtu 5 GID 3 (0/30B0A0AFFFF0000) ctsFifoRkey=0x195a56 ctsFifoLkey=0x195a56
srv3:75:86 [0] NCCL INFO NET/IB: ncclIbConnect: IbDev 1 Port 1 qp_num 1729 query_ece={supported=1, vendor_id=0x15b3, options=0x30000002, comp_mask=0x0}
srv3:75:86 [0] NCCL INFO NET/IB: ncclIbReceiverQpsCreateToRts: QP created: port=1 dev=1 devName=roceP2p1s0f0 ndevs=2 nmdevs=2 qp_num=1730 pkey=0 pd=0xf6250808f970
srv3:75:86 [0] NCCL INFO NET/IB: ncclIbReceiverQpsCreateToRts: QP created: port=1 dev=1 devName=roceP2p1s0f0 ndevs=2 nmdevs=2 qp_num=1731 pkey=0 pd=0xf6250808f970
srv3:75:86 [0] NCCL INFO NET/IB: ncclIbSenderQpsCreate: QP created: port=1 dev=0 devName=rocep1s0f0 ndevs=2 nmdevs=2 qp_num=1610 pkey=0 pd=0xf62508017e00
srv3:75:86 [0] NCCL INFO NET/IB: ncclIbConnect: NCCL Dev 0 IbDev 0 Port 1 qp_num 1610 mtu 5 GID 3 (0/30A0A0AFFFF0000) ctsFifoRkey=0x174a08 ctsFifoLkey=0x174a08
srv3:75:86 [0] NCCL INFO NET/IB: ncclIbConnect: IbDev 0 Port 1 qp_num 1610 query_ece={supported=1, vendor_id=0x15b3, options=0x30000002, comp_mask=0x0}
srv3:75:86 [0] NCCL INFO NET/IB: ncclIbReceiverQpsCreateToRts: QP created: port=1 dev=0 devName=rocep1s0f0 ndevs=2 nmdevs=2 qp_num=1611 pkey=0 pd=0xf62508017e00
srv3:75:86 [0] NCCL INFO NET/IB: ncclIbReceiverQpsCreateToRts: QP created: port=1 dev=0 devName=rocep1s0f0 ndevs=2 nmdevs=2 qp_num=1612 pkey=0 pd=0xf62508017e00
srv3:75:86 [0] NCCL INFO NET/IB: ncclIbSenderQpsCreate: QP created: port=1 dev=1 devName=roceP2p1s0f0 ndevs=2 nmdevs=2 qp_num=1732 pkey=0 pd=0xf6250808f970
srv3:75:86 [0] NCCL INFO NET/IB: ncclIbConnect: NCCL Dev 1 IbDev 1 Port 1 qp_num 1732 mtu 5 GID 3 (0/30B0A0AFFFF0000) ctsFifoRkey=0x199693 ctsFifoLkey=0x199693
srv3:75:86 [0] NCCL INFO NET/IB: ncclIbConnect: IbDev 1 Port 1 qp_num 1732 query_ece={supported=1, vendor_id=0x15b3, options=0x30000002, comp_mask=0x0}
srv3:75:86 [0] NCCL INFO NET/IB: ncclIbReceiverQpsCreateToRts: QP created: port=1 dev=1 devName=roceP2p1s0f0 ndevs=2 nmdevs=2 qp_num=1733 pkey=0 pd=0xf6250808f970
srv3:75:86 [0] NCCL INFO NET/IB: ncclIbReceiverQpsCreateToRts: QP created: port=1 dev=1 devName=roceP2p1s0f0 ndevs=2 nmdevs=2 qp_num=1734 pkey=0 pd=0xf6250808f970
srv3:75:86 [0] NCCL INFO NET/IB: ncclIbSenderQpsCreate: QP created: port=1 dev=0 devName=rocep1s0f0 ndevs=2 nmdevs=2 qp_num=1613 pkey=0 pd=0xf62508017e00
srv3:75:86 [0] NCCL INFO NET/IB: ncclIbConnect: NCCL Dev 0 IbDev 0 Port 1 qp_num 1613 mtu 5 GID 3 (0/30A0A0AFFFF0000) ctsFifoRkey=0x1733eb ctsFifoLkey=0x1733eb
srv3:75:86 [0] NCCL INFO NET/IB: ncclIbConnect: IbDev 0 Port 1 qp_num 1613 query_ece={supported=1, vendor_id=0x15b3, options=0x30000002, comp_mask=0x0}
srv3:75:86 [0] NCCL INFO NET/IB: ncclIbReceiverQpsCreateToRts: QP created: port=1 dev=0 devName=rocep1s0f0 ndevs=2 nmdevs=2 qp_num=1614 pkey=0 pd=0xf62508017e00
srv3:75:86 [0] NCCL INFO NET/IB: ncclIbReceiverQpsCreateToRts: QP created: port=1 dev=0 devName=rocep1s0f0 ndevs=2 nmdevs=2 qp_num=1615 pkey=0 pd=0xf62508017e00
srv3:75:86 [0] NCCL INFO NET/IB: ncclIbSenderQpsCreate: QP created: port=1 dev=1 devName=roceP2p1s0f0 ndevs=2 nmdevs=2 qp_num=1735 pkey=0 pd=0xf6250808f970
srv3:75:86 [0] NCCL INFO NET/IB: ncclIbConnect: NCCL Dev 1 IbDev 1 Port 1 qp_num 1735 mtu 5 GID 3 (0/30B0A0AFFFF0000) ctsFifoRkey=0x198d8a ctsFifoLkey=0x198d8a
srv3:75:86 [0] NCCL INFO NET/IB: ncclIbConnect: IbDev 1 Port 1 qp_num 1735 query_ece={supported=1, vendor_id=0x15b3, options=0x30000002, comp_mask=0x0}
srv3:75:86 [0] NCCL INFO NET/IB: ncclIbReceiverQpsCreateToRts: QP created: port=1 dev=1 devName=roceP2p1s0f0 ndevs=2 nmdevs=2 qp_num=1736 pkey=0 pd=0xf6250808f970
srv3:75:86 [0] NCCL INFO NET/IB: ncclIbReceiverQpsCreateToRts: QP created: port=1 dev=1 devName=roceP2p1s0f0 ndevs=2 nmdevs=2 qp_num=1737 pkey=0 pd=0xf6250808f970
srv3:75:86 [0] NCCL INFO NET/IB: ncclIbResiliencyInit: Resiliency is disabled on the recv communicator (comm=0xf625099a5000)
srv3:75:86 [0] NCCL INFO NET/IB: ncclIbRecvCommInit: Receive work requests will be posted on-demand
srv3:75:86 [0] NCCL INFO NET/IB: ncclIbSenderQpsToRts: Set ECE: IbDev 1 Port 1 qp_num 1729 set_ece={supported=1, vendor_id=0x15b3, options=0x30000002, comp_mask=0x0}
srv3:75:86 [0] NCCL INFO NET/IB: ncclIbSenderQpsToRts: Set ECE: IbDev 0 Port 1 qp_num 1610 set_ece={supported=1, vendor_id=0x15b3, options=0x30000002, comp_mask=0x0}
srv3:75:86 [0] NCCL INFO NET/IB: ncclIbSenderQpsToRts: Set ECE: IbDev 1 Port 1 qp_num 1732 set_ece={supported=1, vendor_id=0x15b3, options=0x30000002, comp_mask=0x0}
srv3:75:86 [0] NCCL INFO NET/IB: ncclIbSenderQpsToRts: Set ECE: IbDev 0 Port 1 qp_num 1613 set_ece={supported=1, vendor_id=0x15b3, options=0x30000002, comp_mask=0x0}
srv3:75:86 [0] NCCL INFO NET/IB: ncclIbSenderQpsToRts: Set ECE: IbDev 1 Port 1 qp_num 1735 set_ece={supported=1, vendor_id=0x15b3, options=0x30000002, comp_mask=0x0}
srv3:75:86 [0] NCCL INFO NET/IB: ncclIbSenderQpsCreate: QP created: port=1 dev=0 devName=rocep1s0f0 ndevs=2 nmdevs=2 qp_num=1616 pkey=0 pd=0xf62508017e00
srv3:75:86 [0] NCCL INFO NET/IB: ncclIbConnect: NCCL Dev 0 IbDev 0 Port 1 qp_num 1616 mtu 5 GID 3 (0/30A0A0AFFFF0000) ctsFifoRkey=0x1817d4 ctsFifoLkey=0x1817d4
srv3:75:86 [0] NCCL INFO NET/IB: ncclIbConnect: IbDev 0 Port 1 qp_num 1616 query_ece={supported=1, vendor_id=0x15b3, options=0x30000002, comp_mask=0x0}
srv3:75:86 [0] NCCL INFO NET/IB: ncclIbReceiverQpsCreateToRts: QP created: port=1 dev=0 devName=rocep1s0f0 ndevs=2 nmdevs=2 qp_num=1617 pkey=0 pd=0xf62508017e00
srv3:75:86 [0] NCCL INFO NET/IB: ncclIbReceiverQpsCreateToRts: QP created: port=1 dev=0 devName=rocep1s0f0 ndevs=2 nmdevs=2 qp_num=1618 pkey=0 pd=0xf62508017e00
srv3:75:86 [0] NCCL INFO NET/IB: ncclIbSenderQpsCreate: QP created: port=1 dev=1 devName=roceP2p1s0f0 ndevs=2 nmdevs=2 qp_num=1738 pkey=0 pd=0xf6250808f970
srv3:75:86 [0] NCCL INFO NET/IB: ncclIbConnect: NCCL Dev 1 IbDev 1 Port 1 qp_num 1738 mtu 5 GID 3 (0/30B0A0AFFFF0000) ctsFifoRkey=0x198380 ctsFifoLkey=0x198380
srv3:75:86 [0] NCCL INFO NET/IB: ncclIbConnect: IbDev 1 Port 1 qp_num 1738 query_ece={supported=1, vendor_id=0x15b3, options=0x30000002, comp_mask=0x0}
srv3:75:86 [0] NCCL INFO NET/IB: ncclIbReceiverQpsCreateToRts: QP created: port=1 dev=1 devName=roceP2p1s0f0 ndevs=2 nmdevs=2 qp_num=1739 pkey=0 pd=0xf6250808f970
srv3:75:86 [0] NCCL INFO NET/IB: ncclIbReceiverQpsCreateToRts: QP created: port=1 dev=1 devName=roceP2p1s0f0 ndevs=2 nmdevs=2 qp_num=1740 pkey=0 pd=0xf6250808f970
srv3:75:86 [0] NCCL INFO NET/IB: ncclIbSenderQpsCreate: QP created: port=1 dev=0 devName=rocep1s0f0 ndevs=2 nmdevs=2 qp_num=1619 pkey=0 pd=0xf62508017e00
srv3:75:86 [0] NCCL INFO NET/IB: ncclIbConnect: NCCL Dev 0 IbDev 0 Port 1 qp_num 1619 mtu 5 GID 3 (0/30A0A0AFFFF0000) ctsFifoRkey=0x170ecb ctsFifoLkey=0x170ecb
srv3:75:86 [0] NCCL INFO NET/IB: ncclIbConnect: IbDev 0 Port 1 qp_num 1619 query_ece={supported=1, vendor_id=0x15b3, options=0x30000002, comp_mask=0x0}
srv3:75:86 [0] NCCL INFO NET/IB: ncclIbReceiverQpsCreateToRts: QP created: port=1 dev=0 devName=rocep1s0f0 ndevs=2 nmdevs=2 qp_num=1620 pkey=0 pd=0xf62508017e00
srv3:75:86 [0] NCCL INFO NET/IB: ncclIbReceiverQpsCreateToRts: QP created: port=1 dev=0 devName=rocep1s0f0 ndevs=2 nmdevs=2 qp_num=1621 pkey=0 pd=0xf62508017e00
srv3:75:86 [0] NCCL INFO NET/IB: ncclIbSenderQpsCreate: QP created: port=1 dev=1 devName=roceP2p1s0f0 ndevs=2 nmdevs=2 qp_num=1741 pkey=0 pd=0xf6250808f970
srv3:75:86 [0] NCCL INFO NET/IB: ncclIbConnect: NCCL Dev 1 IbDev 1 Port 1 qp_num 1741 mtu 5 GID 3 (0/30B0A0AFFFF0000) ctsFifoRkey=0x197774 ctsFifoLkey=0x197774
srv3:75:86 [0] NCCL INFO NET/IB: ncclIbConnect: IbDev 1 Port 1 qp_num 1741 query_ece={supported=1, vendor_id=0x15b3, options=0x30000002, comp_mask=0x0}
srv3:75:86 [0] NCCL INFO NET/IB: ncclIbReceiverQpsCreateToRts: QP created: port=1 dev=1 devName=roceP2p1s0f0 ndevs=2 nmdevs=2 qp_num=1742 pkey=0 pd=0xf6250808f970
srv3:75:86 [0] NCCL INFO NET/IB: ncclIbReceiverQpsCreateToRts: QP created: port=1 dev=1 devName=roceP2p1s0f0 ndevs=2 nmdevs=2 qp_num=1743 pkey=0 pd=0xf6250808f970
srv3:75:86 [0] NCCL INFO NET/IB: ncclIbSenderQpsCreate: QP created: port=1 dev=0 devName=rocep1s0f0 ndevs=2 nmdevs=2 qp_num=1622 pkey=0 pd=0xf62508017e00
srv3:75:86 [0] NCCL INFO NET/IB: ncclIbConnect: NCCL Dev 0 IbDev 0 Port 1 qp_num 1622 mtu 5 GID 3 (0/30A0A0AFFFF0000) ctsFifoRkey=0x1ad881 ctsFifoLkey=0x1ad881
srv3:75:86 [0] NCCL INFO NET/IB: ncclIbConnect: IbDev 0 Port 1 qp_num 1622 query_ece={supported=1, vendor_id=0x15b3, options=0x30000002, comp_mask=0x0}
srv3:75:86 [0] NCCL INFO NET/IB: ncclIbReceiverQpsCreateToRts: QP created: port=1 dev=0 devName=rocep1s0f0 ndevs=2 nmdevs=2 qp_num=1623 pkey=0 pd=0xf62508017e00
srv3:75:86 [0] NCCL INFO NET/IB: ncclIbReceiverQpsCreateToRts: QP created: port=1 dev=0 devName=rocep1s0f0 ndevs=2 nmdevs=2 qp_num=1624 pkey=0 pd=0xf62508017e00
srv3:75:86 [0] NCCL INFO NET/IB: ncclIbResiliencyInit: Resiliency is disabled on the send communicator (comm=0xf62509c60000)
srv3:75:86 [0] NCCL INFO NET/IB: ncclIbSenderQpsToRts: Set ECE: IbDev 0 Port 1 qp_num 1616 set_ece={supported=1, vendor_id=0x15b3, options=0x30000002, comp_mask=0x0}
srv3:75:86 [0] NCCL INFO NET/IB: ncclIbSenderQpsToRts: Set ECE: IbDev 1 Port 1 qp_num 1738 set_ece={supported=1, vendor_id=0x15b3, options=0x30000002, comp_mask=0x0}
srv3:75:86 [0] NCCL INFO NET/IB: ncclIbSenderQpsToRts: Set ECE: IbDev 0 Port 1 qp_num 1619 set_ece={supported=1, vendor_id=0x15b3, options=0x30000002, comp_mask=0x0}
srv3:75:86 [0] NCCL INFO NET/IB: ncclIbSenderQpsToRts: Set ECE: IbDev 1 Port 1 qp_num 1741 set_ece={supported=1, vendor_id=0x15b3, options=0x30000002, comp_mask=0x0}
srv3:75:86 [0] NCCL INFO NET/IB: ncclIbSenderQpsToRts: Set ECE: IbDev 0 Port 1 qp_num 1622 set_ece={supported=1, vendor_id=0x15b3, options=0x30000002, comp_mask=0x0}
srv3:75:86 [0] NCCL INFO NET/IB: ncclIbSenderQpsCreate: QP created: port=1 dev=1 devName=roceP2p1s0f0 ndevs=2 nmdevs=2 qp_num=1744 pkey=0 pd=0xf6250808f970
srv3:75:86 [0] NCCL INFO NET/IB: ncclIbConnect: NCCL Dev 1 IbDev 1 Port 1 qp_num 1744 mtu 5 GID 3 (0/30B0A0AFFFF0000) ctsFifoRkey=0x1ca790 ctsFifoLkey=0x1ca790
srv3:75:86 [0] NCCL INFO NET/IB: ncclIbConnect: IbDev 1 Port 1 qp_num 1744 query_ece={supported=1, vendor_id=0x15b3, options=0x30000002, comp_mask=0x0}
srv3:75:86 [0] NCCL INFO NET/IB: ncclIbResiliencyInit: Resiliency is disabled on the recv communicator (comm=0xf62509cc9000)
srv3:75:86 [0] NCCL INFO NET/IB: ncclIbRecvCommInit: Receive work requests will be posted on-demand
srv3:75:86 [0] NCCL INFO NET/IB: ncclIbResiliencyInit: Resiliency is disabled on the send communicator (comm=0xf62509d06000)
srv3:75:86 [0] NCCL INFO NET/IB: ncclIbResiliencyInit: Resiliency is disabled on the recv communicator (comm=0xf62509d3f000)
srv3:75:86 [0] NCCL INFO NET/IB: ncclIbRecvCommInit: Receive work requests will be posted on-demand
srv3:75:86 [0] NCCL INFO NET/IB: ncclIbResiliencyInit: Resiliency is disabled on the send communicator (comm=0xf62509d7c000)
srv3:75:86 [0] NCCL INFO NET/IB: ncclIbResiliencyInit: Resiliency is disabled on the recv communicator (comm=0xf62509db5000)
srv3:75:86 [0] NCCL INFO NET/IB: ncclIbRecvCommInit: Receive work requests will be posted on-demand
srv3:75:86 [0] NCCL INFO NET/IB: ncclIbResiliencyInit: Resiliency is disabled on the send communicator (comm=0xf62509df2000)
srv3:75:86 [0] NCCL INFO NET/IB: ncclIbReceiverQpsCreateToRts: QP created: port=1 dev=1 devName=roceP2p1s0f0 ndevs=2 nmdevs=2 qp_num=1745 pkey=0 pd=0xf6250808f970
srv3:75:86 [0] NCCL INFO NET/IB: ncclIbReceiverQpsCreateToRts: QP created: port=1 dev=1 devName=roceP2p1s0f0 ndevs=2 nmdevs=2 qp_num=1746 pkey=0 pd=0xf6250808f970
srv3:75:86 [0] NCCL INFO NET/IB: ncclIbReceiverQpsCreateToRts: QP created: port=1 dev=0 devName=rocep1s0f0 ndevs=2 nmdevs=2 qp_num=1625 pkey=0 pd=0xf62508017e00
srv3:75:86 [0] NCCL INFO NET/IB: ncclIbReceiverQpsCreateToRts: QP created: port=1 dev=0 devName=rocep1s0f0 ndevs=2 nmdevs=2 qp_num=1626 pkey=0 pd=0xf62508017e00
srv3:75:86 [0] NCCL INFO NET/IB: ncclIbSenderQpsCreate: QP created: port=1 dev=1 devName=roceP2p1s0f0 ndevs=2 nmdevs=2 qp_num=1747 pkey=0 pd=0xf6250808f970
srv3:75:86 [0] NCCL INFO NET/IB: ncclIbConnect: NCCL Dev 1 IbDev 1 Port 1 qp_num 1747 mtu 5 GID 3 (0/30B0A0AFFFF0000) ctsFifoRkey=0x19504d ctsFifoLkey=0x19504d
srv3:75:86 [0] NCCL INFO NET/IB: ncclIbConnect: IbDev 1 Port 1 qp_num 1747 query_ece={supported=1, vendor_id=0x15b3, options=0x30000002, comp_mask=0x0}
srv3:75:86 [0] NCCL INFO NET/IB: ncclIbReceiverQpsCreateToRts: QP created: port=1 dev=1 devName=roceP2p1s0f0 ndevs=2 nmdevs=2 qp_num=1748 pkey=0 pd=0xf6250808f970
srv3:75:86 [0] NCCL INFO NET/IB: ncclIbReceiverQpsCreateToRts: QP created: port=1 dev=1 devName=roceP2p1s0f0 ndevs=2 nmdevs=2 qp_num=1749 pkey=0 pd=0xf6250808f970
srv3:75:86 [0] NCCL INFO NET/IB: ncclIbSenderQpsCreate: QP created: port=1 dev=0 devName=rocep1s0f0 ndevs=2 nmdevs=2 qp_num=1627 pkey=0 pd=0xf62508017e00
srv3:75:86 [0] NCCL INFO NET/IB: ncclIbConnect: NCCL Dev 0 IbDev 0 Port 1 qp_num 1627 mtu 5 GID 3 (0/30A0A0AFFFF0000) ctsFifoRkey=0x17eca9 ctsFifoLkey=0x17eca9
srv3:75:86 [0] NCCL INFO NET/IB: ncclIbConnect: IbDev 0 Port 1 qp_num 1627 query_ece={supported=1, vendor_id=0x15b3, options=0x30000002, comp_mask=0x0}
srv3:75:86 [0] NCCL INFO NET/IB: ncclIbResiliencyInit: Resiliency is disabled on the send communicator (comm=0xf62509f7b000)
srv3:75:86 [0] NCCL INFO NET/IB: ncclIbSenderQpsToRts: Set ECE: IbDev 1 Port 1 qp_num 1744 set_ece={supported=1, vendor_id=0x15b3, options=0x30000002, comp_mask=0x0}
srv3:75:86 [0] NCCL INFO NET/IB: ncclIbSenderQpsCreate: QP created: port=1 dev=0 devName=rocep1s0f0 ndevs=2 nmdevs=2 qp_num=1628 pkey=0 pd=0xf62508017e00
srv3:75:86 [0] NCCL INFO NET/IB: ncclIbConnect: NCCL Dev 0 IbDev 0 Port 1 qp_num 1628 mtu 5 GID 3 (0/30A0A0AFFFF0000) ctsFifoRkey=0x17e6a3 ctsFifoLkey=0x17e6a3
srv3:75:86 [0] NCCL INFO NET/IB: ncclIbConnect: IbDev 0 Port 1 qp_num 1628 query_ece={supported=1, vendor_id=0x15b3, options=0x30000002, comp_mask=0x0}
srv3:75:86 [0] NCCL INFO NET/IB: ncclIbSenderQpsToRts: Set ECE: IbDev 1 Port 1 qp_num 1747 set_ece={supported=1, vendor_id=0x15b3, options=0x30000002, comp_mask=0x0}
srv3:75:86 [0] NCCL INFO NET/IB: ncclIbSenderQpsToRts: Set ECE: IbDev 0 Port 1 qp_num 1627 set_ece={supported=1, vendor_id=0x15b3, options=0x30000002, comp_mask=0x0}
srv3:75:86 [0] NCCL INFO NET/IB: ncclIbSenderQpsCreate: QP created: port=1 dev=1 devName=roceP2p1s0f0 ndevs=2 nmdevs=2 qp_num=1750 pkey=0 pd=0xf6250808f970
srv3:75:86 [0] NCCL INFO NET/IB: ncclIbConnect: NCCL Dev 1 IbDev 1 Port 1 qp_num 1750 mtu 5 GID 3 (0/30B0A0AFFFF0000) ctsFifoRkey=0x191a1a ctsFifoLkey=0x191a1a
srv3:75:86 [0] NCCL INFO NET/IB: ncclIbConnect: IbDev 1 Port 1 qp_num 1750 query_ece={supported=1, vendor_id=0x15b3, options=0x30000002, comp_mask=0x0}
srv3:75:86 [0] NCCL INFO NET/IB: ncclIbResiliencyInit: Resiliency is disabled on the send communicator (comm=0xf6250a012000)
srv3:75:86 [0] NCCL INFO NET/IB: ncclIbSenderQpsToRts: Set ECE: IbDev 0 Port 1 qp_num 1628 set_ece={supported=1, vendor_id=0x15b3, options=0x30000002, comp_mask=0x0}
srv3:75:86 [0] NCCL INFO NET/IB: ncclIbSenderQpsToRts: Set ECE: IbDev 1 Port 1 qp_num 1750 set_ece={supported=1, vendor_id=0x15b3, options=0x30000002, comp_mask=0x0}
srv3:75:86 [0] NCCL INFO NET/IB: ncclIbSenderQpsCreate: QP created: port=1 dev=0 devName=rocep1s0f0 ndevs=2 nmdevs=2 qp_num=1629 pkey=0 pd=0xf62508017e00
srv3:75:86 [0] NCCL INFO NET/IB: ncclIbConnect: NCCL Dev 0 IbDev 0 Port 1 qp_num 1629 mtu 5 GID 3 (0/30A0A0AFFFF0000) ctsFifoRkey=0x17e09a ctsFifoLkey=0x17e09a
srv3:75:86 [0] NCCL INFO NET/IB: ncclIbConnect: IbDev 0 Port 1 qp_num 1629 query_ece={supported=1, vendor_id=0x15b3, options=0x30000002, comp_mask=0x0}
srv3:75:86 [0] NCCL INFO NET/IB: ncclIbResiliencyInit: Resiliency is disabled on the send communicator (comm=0xf6250a079000)
srv3:75:86 [0] NCCL INFO NET/IB: ncclIbResiliencyInit: Resiliency is disabled on the send communicator (comm=0xf6250a0b2000)
srv3:75:86 [0] NCCL INFO NET/IB: ncclIbResiliencyInit: Resiliency is disabled on the send communicator (comm=0xf6250a0ed000)
srv3:75:86 [0] NCCL INFO NET/IB: ncclIbResiliencyInit: Resiliency is disabled on the send communicator (comm=0xf6250a128000)
srv3:75:86 [0] NCCL INFO NET/IB: ncclIbResiliencyInit: Resiliency is disabled on the send communicator (comm=0xf6250a163000)
srv3:75:86 [0] NCCL INFO NET/IB: ncclIbSenderQpsCreate: QP created: port=1 dev=1 devName=roceP2p1s0f0 ndevs=2 nmdevs=2 qp_num=1751 pkey=0 pd=0xf6250808f970
srv3:75:86 [0] NCCL INFO NET/IB: ncclIbConnect: NCCL Dev 1 IbDev 1 Port 1 qp_num 1751 mtu 5 GID 3 (0/30B0A0AFFFF0000) ctsFifoRkey=0x191111 ctsFifoLkey=0x191111
srv3:75:86 [0] NCCL INFO NET/IB: ncclIbConnect: IbDev 1 Port 1 qp_num 1751 query_ece={supported=1, vendor_id=0x15b3, options=0x30000002, comp_mask=0x0}
srv3:75:86 [0] NCCL INFO NET/IB: ncclIbSenderQpsToRts: Set ECE: IbDev 0 Port 1 qp_num 1629 set_ece={supported=1, vendor_id=0x15b3, options=0x30000002, comp_mask=0x0}
srv3:75:86 [0] NCCL INFO NET/IB: ncclIbSenderQpsCreate: QP created: port=1 dev=1 devName=roceP2p1s0f0 ndevs=2 nmdevs=2 qp_num=1752 pkey=0 pd=0xf6250808f970
srv3:75:86 [0] NCCL INFO NET/IB: ncclIbConnect: NCCL Dev 1 IbDev 1 Port 1 qp_num 1752 mtu 5 GID 3 (0/30B0A0AFFFF0000) ctsFifoRkey=0x190705 ctsFifoLkey=0x190705
srv3:75:86 [0] NCCL INFO NET/IB: ncclIbConnect: IbDev 1 Port 1 qp_num 1752 query_ece={supported=1, vendor_id=0x15b3, options=0x30000002, comp_mask=0x0}
srv3:75:86 [0] NCCL INFO NET/IB: ncclIbSenderQpsCreate: QP created: port=1 dev=0 devName=rocep1s0f0 ndevs=2 nmdevs=2 qp_num=1630 pkey=0 pd=0xf62508017e00
srv3:75:86 [0] NCCL INFO NET/IB: ncclIbConnect: NCCL Dev 0 IbDev 0 Port 1 qp_num 1630 mtu 5 GID 3 (0/30A0A0AFFFF0000) ctsFifoRkey=0x17d794 ctsFifoLkey=0x17d794
srv3:75:86 [0] NCCL INFO NET/IB: ncclIbConnect: IbDev 0 Port 1 qp_num 1630 query_ece={supported=1, vendor_id=0x15b3, options=0x30000002, comp_mask=0x0}
srv3:75:86 [0] NCCL INFO NET/IB: ncclIbSenderQpsCreate: QP created: port=1 dev=1 devName=roceP2p1s0f0 ndevs=2 nmdevs=2 qp_num=1753 pkey=0 pd=0xf6250808f970
srv3:75:86 [0] NCCL INFO NET/IB: ncclIbConnect: NCCL Dev 1 IbDev 1 Port 1 qp_num 1753 mtu 5 GID 3 (0/30B0A0AFFFF0000) ctsFifoRkey=0x18fdfa ctsFifoLkey=0x18fdfa
srv3:75:86 [0] NCCL INFO NET/IB: ncclIbConnect: IbDev 1 Port 1 qp_num 1753 query_ece={supported=1, vendor_id=0x15b3, options=0x30000002, comp_mask=0x0}
srv3:75:86 [0] NCCL INFO NET/IB: ncclIbSenderQpsCreate: QP created: port=1 dev=0 devName=rocep1s0f0 ndevs=2 nmdevs=2 qp_num=1631 pkey=0 pd=0xf62508017e00
srv3:75:86 [0] NCCL INFO NET/IB: ncclIbConnect: NCCL Dev 0 IbDev 0 Port 1 qp_num 1631 mtu 5 GID 3 (0/30A0A0AFFFF0000) ctsFifoRkey=0x180bc8 ctsFifoLkey=0x180bc8
srv3:75:86 [0] NCCL INFO NET/IB: ncclIbConnect: IbDev 0 Port 1 qp_num 1631 query_ece={supported=1, vendor_id=0x15b3, options=0x30000002, comp_mask=0x0}
srv3:75:86 [0] NCCL INFO NET/IB: ncclIbSenderQpsToRts: Set ECE: IbDev 1 Port 1 qp_num 1751 set_ece={supported=1, vendor_id=0x15b3, options=0x30000002, comp_mask=0x0}
srv3:75:86 [0] NCCL INFO NET/IB: ncclIbSenderQpsToRts: Set ECE: IbDev 1 Port 1 qp_num 1752 set_ece={supported=1, vendor_id=0x15b3, options=0x30000002, comp_mask=0x0}
srv3:75:86 [0] NCCL INFO NET/IB: ncclIbSenderQpsToRts: Set ECE: IbDev 0 Port 1 qp_num 1630 set_ece={supported=1, vendor_id=0x15b3, options=0x30000002, comp_mask=0x0}
srv3:75:86 [0] NCCL INFO NET/IB: ncclIbSenderQpsToRts: Set ECE: IbDev 1 Port 1 qp_num 1753 set_ece={supported=1, vendor_id=0x15b3, options=0x30000002, comp_mask=0x0}
srv3:75:86 [0] NCCL INFO NET/IB: ncclIbSenderQpsToRts: Set ECE: IbDev 0 Port 1 qp_num 1631 set_ece={supported=1, vendor_id=0x15b3, options=0x30000002, comp_mask=0x0}
srv3:75:75 [0] NCCL INFO Connected all trees
srv3:75:86 [0] NCCL INFO New proxy recv connection 72 from local rank 0, transport 2
srv3:75:75 [0] NCCL INFO Connected to proxy localRank 0 -> connection 0xf625080075b0
srv3:75:75 [0] NCCL INFO Channel 08/0 : 3[0] -> 2[0] [receive] via NET/IB/0
srv3:75:86 [0] NCCL INFO New proxy recv connection 73 from local rank 0, transport 2
srv3:75:75 [0] NCCL INFO Connected to proxy localRank 0 -> connection 0xf62508007638
srv3:75:75 [0] NCCL INFO Channel 09/0 : 3[0] -> 2[0] [receive] via NET/IB/1
srv3:75:86 [0] NCCL INFO New proxy recv connection 74 from local rank 0, transport 2
srv3:75:75 [0] NCCL INFO Connected to proxy localRank 0 -> connection 0xf625080076c0
srv3:75:75 [0] NCCL INFO Channel 10/0 : 3[0] -> 2[0] [receive] via NET/IB/0
srv3:75:86 [0] NCCL INFO New proxy recv connection 75 from local rank 0, transport 2
srv3:75:75 [0] NCCL INFO Connected to proxy localRank 0 -> connection 0xf62508007748
srv3:75:75 [0] NCCL INFO Channel 11/0 : 3[0] -> 2[0] [receive] via NET/IB/1
srv3:75:86 [0] NCCL INFO New proxy recv connection 76 from local rank 0, transport 2
srv3:75:75 [0] NCCL INFO Connected to proxy localRank 0 -> connection 0xf625080077d0
srv3:75:75 [0] NCCL INFO Channel 12/0 : 3[0] -> 2[0] [receive] via NET/IB/0
srv3:75:86 [0] NCCL INFO New proxy recv connection 77 from local rank 0, transport 2
srv3:75:75 [0] NCCL INFO Connected to proxy localRank 0 -> connection 0xf62508007858
srv3:75:75 [0] NCCL INFO Channel 13/0 : 3[0] -> 2[0] [receive] via NET/IB/1
srv3:75:86 [0] NCCL INFO New proxy recv connection 78 from local rank 0, transport 2
srv3:75:75 [0] NCCL INFO Connected to proxy localRank 0 -> connection 0xf625080078e0
srv3:75:75 [0] NCCL INFO Channel 14/0 : 3[0] -> 2[0] [receive] via NET/IB/0
srv3:75:86 [0] NCCL INFO New proxy recv connection 79 from local rank 0, transport 2
srv3:75:75 [0] NCCL INFO Connected to proxy localRank 0 -> connection 0xf62508007968
srv3:75:75 [0] NCCL INFO Channel 15/0 : 3[0] -> 2[0] [receive] via NET/IB/1
srv3:75:86 [0] NCCL INFO NET/IB: ncclIbResiliencyInit: Resiliency is disabled on the recv communicator (comm=0xf6250a296000)
srv3:75:86 [0] NCCL INFO NET/IB: ncclIbRecvCommInit: Receive work requests will be posted on-demand
srv3:75:86 [0] NCCL INFO NET/IB: ncclIbResiliencyInit: Resiliency is disabled on the recv communicator (comm=0xf6250a2d3000)
srv3:75:86 [0] NCCL INFO NET/IB: ncclIbRecvCommInit: Receive work requests will be posted on-demand
srv3:75:86 [0] NCCL INFO NET/IB: ncclIbResiliencyInit: Resiliency is disabled on the recv communicator (comm=0xf6250a310000)
srv3:75:86 [0] NCCL INFO NET/IB: ncclIbRecvCommInit: Receive work requests will be posted on-demand
srv3:75:86 [0] NCCL INFO NET/IB: ncclIbResiliencyInit: Resiliency is disabled on the recv communicator (comm=0xf6250a34d000)
srv3:75:86 [0] NCCL INFO NET/IB: ncclIbRecvCommInit: Receive work requests will be posted on-demand
srv3:75:86 [0] NCCL INFO NET/IB: ncclIbResiliencyInit: Resiliency is disabled on the recv communicator (comm=0xf6250a38a000)
srv3:75:86 [0] NCCL INFO NET/IB: ncclIbRecvCommInit: Receive work requests will be posted on-demand
srv3:75:86 [0] NCCL INFO NET/IB: ncclIbResiliencyInit: Resiliency is disabled on the recv communicator (comm=0xf6250a3c7000)
srv3:75:86 [0] NCCL INFO NET/IB: ncclIbRecvCommInit: Receive work requests will be posted on-demand
srv3:75:86 [0] NCCL INFO NET/IB: ncclIbResiliencyInit: Resiliency is disabled on the recv communicator (comm=0xf6250a406000)
srv3:75:86 [0] NCCL INFO NET/IB: ncclIbRecvCommInit: Receive work requests will be posted on-demand
srv3:75:86 [0] NCCL INFO NET/IB: ncclIbResiliencyInit: Resiliency is disabled on the recv communicator (comm=0xf6250a445000)
srv3:75:86 [0] NCCL INFO NET/IB: ncclIbRecvCommInit: Receive work requests will be posted on-demand
srv3:75:86 [0] NCCL INFO NET/IB: ncclIbReceiverQpsCreateToRts: QP created: port=1 dev=0 devName=rocep1s0f0 ndevs=2 nmdevs=2 qp_num=1632 pkey=0 pd=0xf62508017e00
srv3:75:86 [0] NCCL INFO NET/IB: ncclIbReceiverQpsCreateToRts: QP created: port=1 dev=0 devName=rocep1s0f0 ndevs=2 nmdevs=2 qp_num=1633 pkey=0 pd=0xf62508017e00
srv3:75:86 [0] NCCL INFO NET/IB: ncclIbReceiverQpsCreateToRts: QP created: port=1 dev=1 devName=roceP2p1s0f0 ndevs=2 nmdevs=2 qp_num=1754 pkey=0 pd=0xf6250808f970
srv3:75:86 [0] NCCL INFO NET/IB: ncclIbReceiverQpsCreateToRts: QP created: port=1 dev=1 devName=roceP2p1s0f0 ndevs=2 nmdevs=2 qp_num=1755 pkey=0 pd=0xf6250808f970
srv3:75:86 [0] NCCL INFO NET/IB: ncclIbReceiverQpsCreateToRts: QP created: port=1 dev=0 devName=rocep1s0f0 ndevs=2 nmdevs=2 qp_num=1634 pkey=0 pd=0xf62508017e00
srv3:75:86 [0] NCCL INFO NET/IB: ncclIbReceiverQpsCreateToRts: QP created: port=1 dev=0 devName=rocep1s0f0 ndevs=2 nmdevs=2 qp_num=1635 pkey=0 pd=0xf62508017e00
srv3:75:86 [0] NCCL INFO NET/IB: ncclIbReceiverQpsCreateToRts: QP created: port=1 dev=1 devName=roceP2p1s0f0 ndevs=2 nmdevs=2 qp_num=1756 pkey=0 pd=0xf6250808f970
srv3:75:86 [0] NCCL INFO NET/IB: ncclIbReceiverQpsCreateToRts: QP created: port=1 dev=1 devName=roceP2p1s0f0 ndevs=2 nmdevs=2 qp_num=1757 pkey=0 pd=0xf6250808f970
srv3:75:86 [0] NCCL INFO NET/IB: ncclIbReceiverQpsCreateToRts: QP created: port=1 dev=0 devName=rocep1s0f0 ndevs=2 nmdevs=2 qp_num=1636 pkey=0 pd=0xf62508017e00
srv3:75:86 [0] NCCL INFO NET/IB: ncclIbReceiverQpsCreateToRts: QP created: port=1 dev=0 devName=rocep1s0f0 ndevs=2 nmdevs=2 qp_num=1637 pkey=0 pd=0xf62508017e00
srv3:75:86 [0] NCCL INFO NET/IB: ncclIbReceiverQpsCreateToRts: QP created: port=1 dev=1 devName=roceP2p1s0f0 ndevs=2 nmdevs=2 qp_num=1758 pkey=0 pd=0xf6250808f970
srv3:75:86 [0] NCCL INFO NET/IB: ncclIbReceiverQpsCreateToRts: QP created: port=1 dev=1 devName=roceP2p1s0f0 ndevs=2 nmdevs=2 qp_num=1759 pkey=0 pd=0xf6250808f970
srv3:75:86 [0] NCCL INFO NET/IB: ncclIbReceiverQpsCreateToRts: QP created: port=1 dev=0 devName=rocep1s0f0 ndevs=2 nmdevs=2 qp_num=1638 pkey=0 pd=0xf62508017e00
srv3:75:86 [0] NCCL INFO NET/IB: ncclIbReceiverQpsCreateToRts: QP created: port=1 dev=0 devName=rocep1s0f0 ndevs=2 nmdevs=2 qp_num=1639 pkey=0 pd=0xf62508017e00
srv3:75:86 [0] NCCL INFO NET/IB: ncclIbReceiverQpsCreateToRts: QP created: port=1 dev=1 devName=roceP2p1s0f0 ndevs=2 nmdevs=2 qp_num=1760 pkey=0 pd=0xf6250808f970
srv3:75:86 [0] NCCL INFO NET/IB: ncclIbReceiverQpsCreateToRts: QP created: port=1 dev=1 devName=roceP2p1s0f0 ndevs=2 nmdevs=2 qp_num=1761 pkey=0 pd=0xf6250808f970
srv3:75:86 [0] NCCL INFO New proxy recv connection 80 from local rank 0, transport 2
srv3:75:75 [0] NCCL INFO Connected to proxy localRank 0 -> connection 0xf625080079f0
srv3:75:75 [0] NCCL INFO Channel 08/0 : 0[0] -> 2[0] [receive] via NET/IB/0
srv3:75:86 [0] NCCL INFO New proxy recv connection 81 from local rank 0, transport 2
srv3:75:75 [0] NCCL INFO Connected to proxy localRank 0 -> connection 0xf62508007a78
srv3:75:75 [0] NCCL INFO Channel 09/0 : 0[0] -> 2[0] [receive] via NET/IB/1
srv3:75:86 [0] NCCL INFO New proxy recv connection 82 from local rank 0, transport 2
srv3:75:75 [0] NCCL INFO Connected to proxy localRank 0 -> connection 0xf62508007b00
srv3:75:75 [0] NCCL INFO Channel 10/0 : 0[0] -> 2[0] [receive] via NET/IB/0
srv3:75:86 [0] NCCL INFO New proxy recv connection 83 from local rank 0, transport 2
srv3:75:75 [0] NCCL INFO Connected to proxy localRank 0 -> connection 0xf62508007b88
srv3:75:75 [0] NCCL INFO Channel 11/0 : 0[0] -> 2[0] [receive] via NET/IB/1
srv3:75:86 [0] NCCL INFO New proxy recv connection 84 from local rank 0, transport 2
srv3:75:75 [0] NCCL INFO Connected to proxy localRank 0 -> connection 0xf62508007c10
srv3:75:75 [0] NCCL INFO Channel 12/0 : 0[0] -> 2[0] [receive] via NET/IB/0
srv3:75:86 [0] NCCL INFO New proxy recv connection 85 from local rank 0, transport 2
srv3:75:75 [0] NCCL INFO Connected to proxy localRank 0 -> connection 0xf62508007c98
srv3:75:75 [0] NCCL INFO Channel 13/0 : 0[0] -> 2[0] [receive] via NET/IB/1
srv3:75:86 [0] NCCL INFO New proxy recv connection 86 from local rank 0, transport 2
srv3:75:75 [0] NCCL INFO Connected to proxy localRank 0 -> connection 0xf62508007d20
srv3:75:75 [0] NCCL INFO Channel 14/0 : 0[0] -> 2[0] [receive] via NET/IB/0
srv3:75:86 [0] NCCL INFO New proxy recv connection 87 from local rank 0, transport 2
srv3:75:75 [0] NCCL INFO Connected to proxy localRank 0 -> connection 0xf62508007da8
srv3:75:75 [0] NCCL INFO Channel 15/0 : 0[0] -> 2[0] [receive] via NET/IB/1
srv3:75:86 [0] NCCL INFO New proxy send connection 88 from local rank 0, transport 2
srv3:75:75 [0] NCCL INFO Connected to proxy localRank 0 -> connection 0xf62508007e30
srv3:75:75 [0] NCCL INFO Channel 08/0 : 2[0] -> 0[0] [send] via NET/IB/0
srv3:75:86 [0] NCCL INFO New proxy send connection 89 from local rank 0, transport 2
srv3:75:75 [0] NCCL INFO Connected to proxy localRank 0 -> connection 0xf62508007eb8
srv3:75:75 [0] NCCL INFO Channel 09/0 : 2[0] -> 0[0] [send] via NET/IB/1
srv3:75:86 [0] NCCL INFO New proxy send connection 90 from local rank 0, transport 2
srv3:75:75 [0] NCCL INFO Connected to proxy localRank 0 -> connection 0xf62508007f40
srv3:75:75 [0] NCCL INFO Channel 10/0 : 2[0] -> 0[0] [send] via NET/IB/0
srv3:75:86 [0] NCCL INFO New proxy send connection 91 from local rank 0, transport 2
srv3:75:75 [0] NCCL INFO Connected to proxy localRank 0 -> connection 0xf62508007fc8
srv3:75:75 [0] NCCL INFO Channel 11/0 : 2[0] -> 0[0] [send] via NET/IB/1
srv3:75:86 [0] NCCL INFO New proxy send connection 92 from local rank 0, transport 2
srv3:75:75 [0] NCCL INFO Connected to proxy localRank 0 -> connection 0xf62508008050
srv3:75:75 [0] NCCL INFO Channel 12/0 : 2[0] -> 0[0] [send] via NET/IB/0
srv3:75:86 [0] NCCL INFO New proxy send connection 93 from local rank 0, transport 2
srv3:75:75 [0] NCCL INFO Connected to proxy localRank 0 -> connection 0xf625080080d8
srv3:75:75 [0] NCCL INFO Channel 13/0 : 2[0] -> 0[0] [send] via NET/IB/1
srv3:75:86 [0] NCCL INFO New proxy send connection 94 from local rank 0, transport 2
srv3:75:75 [0] NCCL INFO Connected to proxy localRank 0 -> connection 0xf62508008160
srv3:75:75 [0] NCCL INFO Channel 14/0 : 2[0] -> 0[0] [send] via NET/IB/0
srv3:75:86 [0] NCCL INFO New proxy send connection 95 from local rank 0, transport 2
srv3:75:75 [0] NCCL INFO Connected to proxy localRank 0 -> connection 0xf625080081e8
srv3:75:75 [0] NCCL INFO Channel 15/0 : 2[0] -> 0[0] [send] via NET/IB/1
srv3:75:86 [0] NCCL INFO NET/IB: ncclIbResiliencyInit: Resiliency is disabled on the send communicator (comm=0xf6250a6fa000)
srv3:75:86 [0] NCCL INFO NET/IB: ncclIbResiliencyInit: Resiliency is disabled on the recv communicator (comm=0xf6250a733000)
srv3:75:86 [0] NCCL INFO NET/IB: ncclIbRecvCommInit: Receive work requests will be posted on-demand
srv3:75:86 [0] NCCL INFO NET/IB: ncclIbResiliencyInit: Resiliency is disabled on the send communicator (comm=0xf6250a770000)
srv3:75:86 [0] NCCL INFO NET/IB: ncclIbSenderQpsCreate: QP created: port=1 dev=0 devName=rocep1s0f0 ndevs=2 nmdevs=2 qp_num=1640 pkey=0 pd=0xf62508017e00
srv3:75:86 [0] NCCL INFO NET/IB: ncclIbConnect: NCCL Dev 0 IbDev 0 Port 1 qp_num 1640 mtu 5 GID 3 (0/30A0A0AFFFF0000) ctsFifoRkey=0x17d18e ctsFifoLkey=0x17d18e
srv3:75:86 [0] NCCL INFO NET/IB: ncclIbConnect: IbDev 0 Port 1 qp_num 1640 query_ece={supported=1, vendor_id=0x15b3, options=0x30000002, comp_mask=0x0}
srv3:75:86 [0] NCCL INFO NET/IB: ncclIbSenderQpsCreate: QP created: port=1 dev=1 devName=roceP2p1s0f0 ndevs=2 nmdevs=2 qp_num=1762 pkey=0 pd=0xf6250808f970
srv3:75:86 [0] NCCL INFO NET/IB: ncclIbConnect: NCCL Dev 1 IbDev 1 Port 1 qp_num 1762 mtu 5 GID 3 (0/30B0A0AFFFF0000) ctsFifoRkey=0x1c9079 ctsFifoLkey=0x1c9079
srv3:75:86 [0] NCCL INFO NET/IB: ncclIbConnect: IbDev 1 Port 1 qp_num 1762 query_ece={supported=1, vendor_id=0x15b3, options=0x30000002, comp_mask=0x0}
srv3:75:86 [0] NCCL INFO NET/IB: ncclIbResiliencyInit: Resiliency is disabled on the recv communicator (comm=0xf6250a80d000)
srv3:75:86 [0] NCCL INFO NET/IB: ncclIbRecvCommInit: Receive work requests will be posted on-demand
srv3:75:86 [0] NCCL INFO NET/IB: ncclIbResiliencyInit: Resiliency is disabled on the send communicator (comm=0xf6250a84c000)
srv3:75:86 [0] NCCL INFO NET/IB: ncclIbReceiverQpsCreateToRts: QP created: port=1 dev=0 devName=rocep1s0f0 ndevs=2 nmdevs=2 qp_num=1641 pkey=0 pd=0xf62508017e00
srv3:75:86 [0] NCCL INFO NET/IB: ncclIbReceiverQpsCreateToRts: QP created: port=1 dev=0 devName=rocep1s0f0 ndevs=2 nmdevs=2 qp_num=1642 pkey=0 pd=0xf62508017e00
srv3:75:86 [0] NCCL INFO NET/IB: ncclIbReceiverQpsCreateToRts: QP created: port=1 dev=1 devName=roceP2p1s0f0 ndevs=2 nmdevs=2 qp_num=1763 pkey=0 pd=0xf6250808f970
srv3:75:86 [0] NCCL INFO NET/IB: ncclIbReceiverQpsCreateToRts: QP created: port=1 dev=1 devName=roceP2p1s0f0 ndevs=2 nmdevs=2 qp_num=1764 pkey=0 pd=0xf6250808f970
srv3:75:86 [0] NCCL INFO NET/IB: ncclIbSenderQpsCreate: QP created: port=1 dev=0 devName=rocep1s0f0 ndevs=2 nmdevs=2 qp_num=1643 pkey=0 pd=0xf62508017e00
srv3:75:86 [0] NCCL INFO NET/IB: ncclIbConnect: NCCL Dev 0 IbDev 0 Port 1 qp_num 1643 mtu 5 GID 3 (0/30A0A0AFFFF0000) ctsFifoRkey=0x16c986 ctsFifoLkey=0x16c986
srv3:75:86 [0] NCCL INFO NET/IB: ncclIbConnect: IbDev 0 Port 1 qp_num 1643 query_ece={supported=1, vendor_id=0x15b3, options=0x30000002, comp_mask=0x0}
srv3:75:86 [0] NCCL INFO NET/IB: ncclIbResiliencyInit: Resiliency is disabled on the recv communicator (comm=0xf6250a959000)
srv3:75:86 [0] NCCL INFO NET/IB: ncclIbRecvCommInit: Receive work requests will be posted on-demand
srv3:75:86 [0] NCCL INFO NET/IB: ncclIbSenderQpsToRts: Set ECE: IbDev 0 Port 1 qp_num 1640 set_ece={supported=1, vendor_id=0x15b3, options=0x30000002, comp_mask=0x0}
srv3:75:86 [0] NCCL INFO NET/IB: ncclIbSenderQpsToRts: Set ECE: IbDev 1 Port 1 qp_num 1762 set_ece={supported=1, vendor_id=0x15b3, options=0x30000002, comp_mask=0x0}
srv3:75:86 [0] NCCL INFO NET/IB: ncclIbReceiverQpsCreateToRts: QP created: port=1 dev=0 devName=rocep1s0f0 ndevs=2 nmdevs=2 qp_num=1644 pkey=0 pd=0xf62508017e00
srv3:75:86 [0] NCCL INFO NET/IB: ncclIbReceiverQpsCreateToRts: QP created: port=1 dev=0 devName=rocep1s0f0 ndevs=2 nmdevs=2 qp_num=1645 pkey=0 pd=0xf62508017e00
srv3:75:86 [0] NCCL INFO NET/IB: ncclIbResiliencyInit: Resiliency is disabled on the send communicator (comm=0xf6250a9e0000)
srv3:75:86 [0] NCCL INFO NET/IB: ncclIbSenderQpsToRts: Set ECE: IbDev 0 Port 1 qp_num 1643 set_ece={supported=1, vendor_id=0x15b3, options=0x30000002, comp_mask=0x0}
srv3:75:86 [0] NCCL INFO NET/IB: ncclIbSenderQpsCreate: QP created: port=1 dev=1 devName=roceP2p1s0f0 ndevs=2 nmdevs=2 qp_num=1765 pkey=0 pd=0xf6250808f970
srv3:75:86 [0] NCCL INFO NET/IB: ncclIbConnect: NCCL Dev 1 IbDev 1 Port 1 qp_num 1765 mtu 5 GID 3 (0/30B0A0AFFFF0000) ctsFifoRkey=0x1c8c75 ctsFifoLkey=0x1c8c75
srv3:75:86 [0] NCCL INFO NET/IB: ncclIbConnect: IbDev 1 Port 1 qp_num 1765 query_ece={supported=1, vendor_id=0x15b3, options=0x30000002, comp_mask=0x0}
srv3:75:86 [0] NCCL INFO NET/IB: ncclIbResiliencyInit: Resiliency is disabled on the recv communicator (comm=0xf6250aa4b000)
srv3:75:86 [0] NCCL INFO NET/IB: ncclIbRecvCommInit: Receive work requests will be posted on-demand
srv3:75:86 [0] NCCL INFO NET/IB: ncclIbResiliencyInit: Resiliency is disabled on the send communicator (comm=0xf6250aa8a000)
srv3:75:86 [0] NCCL INFO NET/IB: ncclIbResiliencyInit: Resiliency is disabled on the recv communicator (comm=0xf6250aac5000)
srv3:75:86 [0] NCCL INFO NET/IB: ncclIbRecvCommInit: Receive work requests will be posted on-demand
srv3:75:86 [0] NCCL INFO NET/IB: ncclIbResiliencyInit: Resiliency is disabled on the send communicator (comm=0xf6250ab04000)
srv3:75:86 [0] NCCL INFO NET/IB: ncclIbResiliencyInit: Resiliency is disabled on the recv communicator (comm=0xf6250ab3f000)
srv3:75:86 [0] NCCL INFO NET/IB: ncclIbRecvCommInit: Receive work requests will be posted on-demand
srv3:75:86 [0] NCCL INFO NET/IB: ncclIbResiliencyInit: Resiliency is disabled on the send communicator (comm=0xf6250ab7e000)
srv3:75:86 [0] NCCL INFO NET/IB: ncclIbResiliencyInit: Resiliency is disabled on the recv communicator (comm=0xf6250abb9000)
srv3:75:86 [0] NCCL INFO NET/IB: ncclIbRecvCommInit: Receive work requests will be posted on-demand
srv3:75:86 [0] NCCL INFO NET/IB: ncclIbResiliencyInit: Resiliency is disabled on the send communicator (comm=0xf6250abf8000)
srv3:75:86 [0] NCCL INFO NET/IB: ncclIbResiliencyInit: Resiliency is disabled on the recv communicator (comm=0xf6250ac33000)
srv3:75:86 [0] NCCL INFO NET/IB: ncclIbRecvCommInit: Receive work requests will be posted on-demand
srv3:75:86 [0] NCCL INFO NET/IB: ncclIbSenderQpsToRts: Set ECE: IbDev 1 Port 1 qp_num 1765 set_ece={supported=1, vendor_id=0x15b3, options=0x30000002, comp_mask=0x0}
srv3:75:86 [0] NCCL INFO NET/IB: ncclIbSenderQpsCreate: QP created: port=1 dev=0 devName=rocep1s0f0 ndevs=2 nmdevs=2 qp_num=1646 pkey=0 pd=0xf62508017e00
srv3:75:86 [0] NCCL INFO NET/IB: ncclIbConnect: NCCL Dev 0 IbDev 0 Port 1 qp_num 1646 mtu 5 GID 3 (0/30A0A0AFFFF0000) ctsFifoRkey=0x17c380 ctsFifoLkey=0x17c380
srv3:75:86 [0] NCCL INFO NET/IB: ncclIbConnect: IbDev 0 Port 1 qp_num 1646 query_ece={supported=1, vendor_id=0x15b3, options=0x30000002, comp_mask=0x0}
srv3:75:86 [0] NCCL INFO NET/IB: ncclIbReceiverQpsCreateToRts: QP created: port=1 dev=0 devName=rocep1s0f0 ndevs=2 nmdevs=2 qp_num=1647 pkey=0 pd=0xf62508017e00
srv3:75:86 [0] NCCL INFO NET/IB: ncclIbReceiverQpsCreateToRts: QP created: port=1 dev=0 devName=rocep1s0f0 ndevs=2 nmdevs=2 qp_num=1648 pkey=0 pd=0xf62508017e00
srv3:75:86 [0] NCCL INFO NET/IB: ncclIbSenderQpsCreate: QP created: port=1 dev=1 devName=roceP2p1s0f0 ndevs=2 nmdevs=2 qp_num=1766 pkey=0 pd=0xf6250808f970
srv3:75:86 [0] NCCL INFO NET/IB: ncclIbConnect: NCCL Dev 1 IbDev 1 Port 1 qp_num 1766 mtu 5 GID 3 (0/30B0A0AFFFF0000) ctsFifoRkey=0x193b3a ctsFifoLkey=0x193b3a
srv3:75:86 [0] NCCL INFO NET/IB: ncclIbConnect: IbDev 1 Port 1 qp_num 1766 query_ece={supported=1, vendor_id=0x15b3, options=0x30000002, comp_mask=0x0}
srv3:75:86 [0] NCCL INFO NET/IB: ncclIbReceiverQpsCreateToRts: QP created: port=1 dev=1 devName=roceP2p1s0f0 ndevs=2 nmdevs=2 qp_num=1767 pkey=0 pd=0xf6250808f970
srv3:75:86 [0] NCCL INFO NET/IB: ncclIbReceiverQpsCreateToRts: QP created: port=1 dev=1 devName=roceP2p1s0f0 ndevs=2 nmdevs=2 qp_num=1768 pkey=0 pd=0xf6250808f970
srv3:75:86 [0] NCCL INFO NET/IB: ncclIbSenderQpsCreate: QP created: port=1 dev=0 devName=rocep1s0f0 ndevs=2 nmdevs=2 qp_num=1649 pkey=0 pd=0xf62508017e00
srv3:75:86 [0] NCCL INFO NET/IB: ncclIbConnect: NCCL Dev 0 IbDev 0 Port 1 qp_num 1649 mtu 5 GID 3 (0/30A0A0AFFFF0000) ctsFifoRkey=0x17b572 ctsFifoLkey=0x17b572
srv3:75:86 [0] NCCL INFO NET/IB: ncclIbConnect: IbDev 0 Port 1 qp_num 1649 query_ece={supported=1, vendor_id=0x15b3, options=0x30000002, comp_mask=0x0}
srv3:75:86 [0] NCCL INFO NET/IB: ncclIbReceiverQpsCreateToRts: QP created: port=1 dev=0 devName=rocep1s0f0 ndevs=2 nmdevs=2 qp_num=1650 pkey=0 pd=0xf62508017e00
srv3:75:86 [0] NCCL INFO NET/IB: ncclIbReceiverQpsCreateToRts: QP created: port=1 dev=0 devName=rocep1s0f0 ndevs=2 nmdevs=2 qp_num=1651 pkey=0 pd=0xf62508017e00
srv3:75:86 [0] NCCL INFO NET/IB: ncclIbSenderQpsCreate: QP created: port=1 dev=1 devName=roceP2p1s0f0 ndevs=2 nmdevs=2 qp_num=1769 pkey=0 pd=0xf6250808f970
srv3:75:86 [0] NCCL INFO NET/IB: ncclIbConnect: NCCL Dev 1 IbDev 1 Port 1 qp_num 1769 mtu 5 GID 3 (0/30B0A0AFFFF0000) ctsFifoRkey=0x18c5c6 ctsFifoLkey=0x18c5c6
srv3:75:86 [0] NCCL INFO NET/IB: ncclIbConnect: IbDev 1 Port 1 qp_num 1769 query_ece={supported=1, vendor_id=0x15b3, options=0x30000002, comp_mask=0x0}
srv3:75:86 [0] NCCL INFO NET/IB: ncclIbReceiverQpsCreateToRts: QP created: port=1 dev=1 devName=roceP2p1s0f0 ndevs=2 nmdevs=2 qp_num=1770 pkey=0 pd=0xf6250808f970
srv3:75:86 [0] NCCL INFO NET/IB: ncclIbReceiverQpsCreateToRts: QP created: port=1 dev=1 devName=roceP2p1s0f0 ndevs=2 nmdevs=2 qp_num=1771 pkey=0 pd=0xf6250808f970
srv3:75:86 [0] NCCL INFO NET/IB: ncclIbReceiverQpsCreateToRts: QP created: port=1 dev=1 devName=roceP2p1s0f0 ndevs=2 nmdevs=2 qp_num=1772 pkey=0 pd=0xf6250808f970
srv3:75:86 [0] NCCL INFO NET/IB: ncclIbReceiverQpsCreateToRts: QP created: port=1 dev=1 devName=roceP2p1s0f0 ndevs=2 nmdevs=2 qp_num=1773 pkey=0 pd=0xf6250808f970
srv3:75:86 [0] NCCL INFO NET/IB: ncclIbSenderQpsToRts: Set ECE: IbDev 0 Port 1 qp_num 1646 set_ece={supported=1, vendor_id=0x15b3, options=0x30000002, comp_mask=0x0}
srv3:75:86 [0] NCCL INFO NET/IB: ncclIbSenderQpsToRts: Set ECE: IbDev 1 Port 1 qp_num 1766 set_ece={supported=1, vendor_id=0x15b3, options=0x30000002, comp_mask=0x0}
srv3:75:86 [0] NCCL INFO NET/IB: ncclIbSenderQpsToRts: Set ECE: IbDev 0 Port 1 qp_num 1649 set_ece={supported=1, vendor_id=0x15b3, options=0x30000002, comp_mask=0x0}
srv3:75:86 [0] NCCL INFO NET/IB: ncclIbSenderQpsToRts: Set ECE: IbDev 1 Port 1 qp_num 1769 set_ece={supported=1, vendor_id=0x15b3, options=0x30000002, comp_mask=0x0}
srv3:75:75 [0] NCCL INFO Connected binomial trees
srv3:75:86 [0] NCCL INFO New proxy send connection 96 from local rank 0, transport 2
srv3:75:75 [0] NCCL INFO Connected to proxy localRank 0 -> connection 0xf62508008270
srv3:75:75 [0] NCCL INFO TUNER/Plugin: Could not find: libnccl-tuner.so
srv3:75:75 [0] NCCL INFO threadThresholds 8/8/64 | 32/8/64 | 512 | 512
srv3:75:75 [0] NCCL INFO 16 coll channels, 16 collnet channels, 0 nvls channels, 16 p2p channels, 4 p2p channels per peer
srv3:75:75 [0] NCCL INFO Symmetric memory is not supported. cuMemEnable 0, globalGinSupport 0, globalNicFused 0 cuMemGdrSupport 0
srv3:75:75 [0] NCCL INFO ncclCommInitRankConfig comm 0x36038aa0 rank 2 nranks 4 cudaDev 0 nvmlDev 0 busId f01000 commId 0x2af79407f61cfd5a - Init COMPLETE
srv3:75:75 [0] NCCL INFO Init timings - ncclCommInitRankConfig: rank 2 nranks 4 total 1.46 (kernels 0.19, alloc 0.03, bootstrap 0.04, allgathers 0.00, topo 0.01, graphs 0.00, connections 1.19, rest 0.00)
max 8 63.01099807024002
max 48 64.01599943637848
max 192 61.14700064063072
sum 8192 72.2379982471466
sum 49152 75.84600150585175
sum 196608 200.66099613904953
sum 2097152 836.6429805755615
sum 8388608 2439.4965171813965
injected_wait -1 [1.9170000286976574, 81.13999990746379]
injected_wait 3 [1.8215000209238497, 191.20249967090786]
srv3:75:75 [0] NCCL INFO comm 0x36038aa0 rank 2 nranks 4 cudaDev 0 busId f01000 - Destroy COMPLETE
srv3:75:75 [0] NCCL INFO ENV/Plugin: Closing env plugin ncclEnvDefault
[W911 13:22:11.228084671 Utils.hpp:137] Warning: Environment variable NCCL_ASYNC_ERROR_HANDLING is deprecated; use TORCH_NCCL_ASYNC_ERROR_HANDLING instead (function operator())
