srv1:31:31 [0] NCCL INFO ENV/Plugin: Could not find: libnccl-env.so
srv1:31:31 [0] NCCL INFO cudaDriverVersion 13000
srv1:31:31 [0] NCCL INFO NCCL_SOCKET_IFNAME set to enp1s0f0np0
srv1:31:31 [0] NCCL INFO NCCL version 2.29.7+cuda13.2
srv1:31:31 [0] NCCL INFO NCCL git version stable b81d6a5a3
srv1:31:31 [0] NCCL INFO NET/Plugin: Could not find: libnccl-net.so
srv1:31:31 [0] NCCL INFO dlvsym failed on mlx5dv_get_data_direct_sysfs_path - /usr/lib/aarch64-linux-gnu/libmlx5.so: undefined symbol: mlx5dv_get_data_direct_sysfs_path, version MLX5_1.25 version MLX5_1.25
srv1:31:31 [0] NCCL INFO dlvsym failed on mlx5dv_reg_dmabuf_mr - /usr/lib/aarch64-linux-gnu/libmlx5.so: undefined symbol: mlx5dv_reg_dmabuf_mr, version MLX5_1.25 version MLX5_1.25
srv1:31:31 [0] NCCL INFO NCCL_IB_HCA set to rocep1s0f0,roceP2p1s0f0
srv1:31:31 [0] NCCL INFO NET/IB: [0] rocep1s0f0:uverbs0:1/RoCE provider=Mlx5 speed=200000 context=0x397f1180 pciPath=/sys/devices/pci0000:00/0000:00:00.0/0000:01:00.0 ar=0
srv1:31:31 [0] NCCL INFO NET/IB: [2] roceP2p1s0f0:uverbs2:1/RoCE provider=Mlx5 speed=200000 context=0x39832880 pciPath=/sys/devices/pci0002:00/0002:00:00.0/0002:01:00.0 ar=0
srv1:31:31 [0] NCCL INFO NET/IB : Made virtual device [0] name=rocep1s0f0 speed=200000 ndevs=1
srv1:31:31 [0] NCCL INFO NET/IB : Made virtual device [1] name=roceP2p1s0f0 speed=200000 ndevs=1
srv1:31:31 [0] NCCL INFO NET/IB : Using [0]rocep1s0f0:1/RoCE [1]roceP2p1s0f0:1/RoCE [RO]; OOB enp1s0f0np0:10.10.10.1<0>
srv1:31:31 [0] NCCL INFO Initialized NET plugin IB
srv1:31:31 [0] NCCL INFO Assigned NET plugin IB to comm
srv1:31:31 [0] NCCL INFO GIN/Plugin: Could not find: libnccl-gin.so
srv1:31:31 [0] NCCL INFO Assigned GIN plugin GIN_IB_GDAKI to comm
srv1:31:31 [0] NCCL INFO Assigned RMA plugin GIN_IB_PROXY to comm
srv1:31:31 [0] NCCL INFO Using network IB
srv1:31:31 [0] NCCL INFO [Rank 1] ncclCommInitRankConfig comm 0x37dceaa0 rank 1 nranks 4 cudaDev 0 nvmlDev 0 busId f01000 commId 0x2af79407f61cfd5a - Init START
srv1:31:31 [0] NCCL INFO RAS client listening socket at 127.0.0.1<28028>
srv1:31:31 [0] NCCL INFO NCCL_P2P_LEVEL set by environment to SYS
srv1:31:31 [0] NCCL INFO Topology detection : could not read /sys/devices/system/node/node-1/cpumap, ignoring
srv1:31:31 [0] NCCL INFO TOPO/NET : Importing network plugins to topology
srv1:31:31 [0] NCCL INFO Topology detection : could not read /sys/devices/system/node/node-1/cpumap, ignoring
srv1:31:31 [0] NCCL INFO NET/GIN_IB_GDAKI : GPU Direct RDMA Disabled for HCA 0 'rocep1s0f0'
srv1:31:31 [0] NCCL INFO ncclTopoPopulateNics : Filled rocep1s0f0 in topo with pciPath=/sys/devices/pci0000:00/0000:00:00.0/0000:01:00.0 net=0 gin=1 keep=1 coll=(null)
srv1:31:31 [0] NCCL INFO Topology detection : could not read /sys/devices/system/node/node-1/cpumap, ignoring
srv1:31:31 [0] NCCL INFO NET/GIN_IB_GDAKI : GPU Direct RDMA Disabled for HCA 1 'roceP2p1s0f0'
srv1:31:31 [0] NCCL INFO ncclTopoPopulateNics : Filled roceP2p1s0f0 in topo with pciPath=/sys/devices/pci0002:00/0002:00:00.0/0002:01:00.0 net=0 gin=1 keep=1 coll=(null)
srv1:31:31 [0] NCCL INFO NET/IB : GPU Direct RDMA Disabled for HCA 0 'rocep1s0f0'
srv1:31:31 [0] NCCL INFO ncclTopoPopulateNics : Filled rocep1s0f0 in topo with pciPath=/sys/devices/pci0000:00/0000:00:00.0/0000:01:00.0 net=1 gin=1 keep=1 coll=(null)
srv1:31:31 [0] NCCL INFO NET/IB : GPU Direct RDMA Disabled for HCA 1 'roceP2p1s0f0'
srv1:31:31 [0] NCCL INFO ncclTopoPopulateNics : Filled roceP2p1s0f0 in topo with pciPath=/sys/devices/pci0002:00/0002:00:00.0/0002:01:00.0 net=1 gin=1 keep=1 coll=(null)
srv1:31:31 [0] NCCL INFO === System : maxBw 12.0 totalBw 3.0 ===
srv1:31:31 [0] NCCL INFO CPU/0-ffffffffffffff (3/-1/-1)
srv1:31:31 [0] NCCL INFO + C2C[345.0] - GPU/0-f01000
srv1:31:31 [0] NCCL INFO + PCI[12.0] - NIC/0-1000
srv1:31:31 [0] NCCL INFO               + NET[25.0] - NET/0-0 (0/6ff9bb000399c530/1/25.000000)
srv1:31:31 [0] NCCL INFO               + NET[25.0] - GIN/0-0
srv1:31:31 [0] NCCL INFO + PCI[12.0] - NIC/0-201000
srv1:31:31 [0] NCCL INFO               + NET[25.0] - NET/0-1 (0/6ff9bb000399c530/1/25.000000)
srv1:31:31 [0] NCCL INFO               + NET[25.0] - GIN/0-1
srv1:31:31 [0] NCCL INFO + PCI[3.0] - GPU/0-f01000 (1)
srv1:31:31 [0] NCCL INFO              + C2C[345.0] - CPU/0-ffffffffffffff
srv1:31:31 [0] NCCL INFO ==========================================
srv1:31:31 [0] NCCL INFO GPU/0-f01000 :GPU/0-f01000 (0/5000.0/LOC) CPU/0-ffffffffffffff (1/345.0/C2C) NET/0-0 (3/12.0/P2C) NET/0-1 (3/12.0/P2C) GIN/0-0 (3/12.0/PHB) GIN/0-1 (3/12.0/PHB) 
srv1:31:31 [0] NCCL INFO NET/0-0 :GPU/0-f01000 (3/12.0/P2C) CPU/0-ffffffffffffff (2/12.0/PHB) NET/0-0 (0/5000.0/LOC) NET/0-1 (4/12.0/PHB) GIN/0-0 (2/25.0/LOC) GIN/0-1 (4/12.0/PHB) 
srv1:31:31 [0] NCCL INFO NET/0-1 :GPU/0-f01000 (3/12.0/P2C) CPU/0-ffffffffffffff (2/12.0/PHB) NET/0-0 (4/12.0/PHB) NET/0-1 (0/5000.0/LOC) GIN/0-0 (4/12.0/PHB) GIN/0-1 (2/25.0/LOC) 
srv1:31:31 [0] NCCL INFO GIN/0-0 :GPU/0-f01000 (3/12.0/PHB) CPU/0-ffffffffffffff (2/12.0/PHB) NET/0-0 (2/25.0/LOC) NET/0-1 (4/12.0/PHB) GIN/0-0 (0/5000.0/LOC) GIN/0-1 (4/12.0/PHB) 
srv1:31:31 [0] NCCL INFO GIN/0-1 :GPU/0-f01000 (3/12.0/PHB) CPU/0-ffffffffffffff (2/12.0/PHB) NET/0-0 (4/12.0/PHB) NET/0-1 (2/25.0/LOC) GIN/0-0 (4/12.0/PHB) GIN/0-1 (0/5000.0/LOC) 
srv1:31:31 [0] NCCL INFO ncclTopoGetCpuAffinity: Affinity for GPU 0 is empty, ignoring. (GPU affinity = ).
srv1:31:31 [0] NCCL INFO Pattern 4, crossNic 1, nChannels 8, bw 3.000000/3.000000, type LOC/P2C, sameChannels 1
srv1:31:31 [0] NCCL INFO  0 : NET/0-0 GPU/0-f01000 NET/0-0
srv1:31:31 [0] NCCL INFO  1 : NET/0-1 GPU/0-f01000 NET/0-0
srv1:31:31 [0] NCCL INFO  2 : NET/0-0 GPU/0-f01000 NET/0-0
srv1:31:31 [0] NCCL INFO  3 : NET/0-1 GPU/0-f01000 NET/0-0
srv1:31:31 [0] NCCL INFO  4 : NET/0-0 GPU/0-f01000 NET/0-1
srv1:31:31 [0] NCCL INFO  5 : NET/0-1 GPU/0-f01000 NET/0-1
srv1:31:31 [0] NCCL INFO  6 : NET/0-0 GPU/0-f01000 NET/0-1
srv1:31:31 [0] NCCL INFO  7 : NET/0-1 GPU/0-f01000 NET/0-1
srv1:31:31 [0] NCCL INFO Pattern 3, crossNic 1, nChannels 8, bw 1.200000/0.240000, type LOC/P2C, sameChannels 1
srv1:31:31 [0] NCCL INFO  0 : NET/0-0 GPU/0-f01000 NET/0-0
srv1:31:31 [0] NCCL INFO  1 : NET/0-1 GPU/0-f01000 NET/0-1
srv1:31:31 [0] NCCL INFO  2 : NET/0-0 GPU/0-f01000 NET/0-0
srv1:31:31 [0] NCCL INFO  3 : NET/0-1 GPU/0-f01000 NET/0-1
srv1:31:31 [0] NCCL INFO  4 : NET/0-0 GPU/0-f01000 NET/0-0
srv1:31:31 [0] NCCL INFO  5 : NET/0-1 GPU/0-f01000 NET/0-1
srv1:31:31 [0] NCCL INFO  6 : NET/0-0 GPU/0-f01000 NET/0-0
srv1:31:31 [0] NCCL INFO  7 : NET/0-1 GPU/0-f01000 NET/0-1
srv1:31:31 [0] NCCL INFO comm 0x37dceaa0 rank 1 nRanks 4 nNodes 4 localRanks 1 localRank 0 MNNVL 0
srv1:31:31 [0] NCCL INFO Tree 0 : 2 -> 1 -> -1/-1/-1
srv1:31:31 [0] NCCL INFO Tree 8 : 3 -> 1 -> 2/0/-1
srv1:31:31 [0] NCCL INFO Tree 1 : 2 -> 1 -> -1/-1/-1
srv1:31:31 [0] NCCL INFO Tree 9 : 3 -> 1 -> 2/0/-1
srv1:31:31 [0] NCCL INFO Tree 2 : 2 -> 1 -> -1/-1/-1
srv1:31:31 [0] NCCL INFO Tree 10 : 3 -> 1 -> 2/0/-1
srv1:31:31 [0] NCCL INFO Tree 3 : 2 -> 1 -> -1/-1/-1
srv1:31:31 [0] NCCL INFO Tree 11 : 3 -> 1 -> 2/0/-1
srv1:31:31 [0] NCCL INFO Tree 4 : 2 -> 1 -> -1/-1/-1
srv1:31:31 [0] NCCL INFO Tree 12 : 3 -> 1 -> 2/0/-1
srv1:31:31 [0] NCCL INFO Tree 5 : 2 -> 1 -> -1/-1/-1
srv1:31:31 [0] NCCL INFO Tree 13 : 3 -> 1 -> 2/0/-1
srv1:31:31 [0] NCCL INFO Tree 6 : 2 -> 1 -> -1/-1/-1
srv1:31:31 [0] NCCL INFO Tree 14 : 3 -> 1 -> 2/0/-1
srv1:31:31 [0] NCCL INFO Tree 7 : 2 -> 1 -> -1/-1/-1
srv1:31:31 [0] NCCL INFO Tree 15 : 3 -> 1 -> 2/0/-1
srv1:31:31 [0] NCCL INFO Ring 00 : 0 -> 1 -> 2
srv1:31:31 [0] NCCL INFO Ring 01 : 0 -> 1 -> 2
srv1:31:31 [0] NCCL INFO Ring 02 : 0 -> 1 -> 2
srv1:31:31 [0] NCCL INFO Ring 03 : 0 -> 1 -> 2
srv1:31:31 [0] NCCL INFO Ring 04 : 0 -> 1 -> 2
srv1:31:31 [0] NCCL INFO Ring 05 : 0 -> 1 -> 2
srv1:31:31 [0] NCCL INFO Ring 06 : 0 -> 1 -> 2
srv1:31:31 [0] NCCL INFO Ring 07 : 0 -> 1 -> 2
srv1:31:31 [0] NCCL INFO Ring 08 : 0 -> 1 -> 2
srv1:31:31 [0] NCCL INFO Ring 09 : 0 -> 1 -> 2
srv1:31:31 [0] NCCL INFO Ring 10 : 0 -> 1 -> 2
srv1:31:31 [0] NCCL INFO Ring 11 : 0 -> 1 -> 2
srv1:31:31 [0] NCCL INFO Ring 12 : 0 -> 1 -> 2
srv1:31:31 [0] NCCL INFO Ring 13 : 0 -> 1 -> 2
srv1:31:31 [0] NCCL INFO Ring 14 : 0 -> 1 -> 2
srv1:31:31 [0] NCCL INFO Ring 15 : 0 -> 1 -> 2
srv1:31:31 [0] NCCL INFO Trees [0] -1/-1/-1->1->2 [1] -1/-1/-1->1->2 [2] -1/-1/-1->1->2 [3] -1/-1/-1->1->2 [4] -1/-1/-1->1->2 [5] -1/-1/-1->1->2 [6] -1/-1/-1->1->2 [7] -1/-1/-1->1->2 [8] 2/0/-1->1->3 [9] 2/0/-1->1->3 [10] 2/0/-1->1->3 [11] 2/0/-1->1->3 [12] 2/0/-1->1->3 [13] 2/0/-1->1->3 [14] 2/0/-1->1->3 [15] 2/0/-1->1->3
srv1:31:31 [0] NCCL INFO P2P Chunksize set to 262144
srv1:31:31 [0] NCCL INFO PROFILER/Plugin: Could not find: libnccl-profiler.so
srv1:31:31 [0] NCCL INFO Check P2P Type isAllDirectP2p 1 directMode 0 isAllCudaP2p 1
srv1:31:31 [0] NCCL INFO ncclP2pSchedule: group size used is 1
srv1:31:42 [0] NCCL INFO [Proxy Service] Device 0 CPU core 15
srv1:31:43 [0] NCCL INFO [Proxy Service UDS] Device 0 CPU core 11
srv1:31:42 [0] NCCL INFO New proxy recv connection 0 from local rank 0, transport 2
srv1:31:44 [0] NCCL INFO [Proxy Progress] Device 0 CPU core 15
srv1:31:31 [0] NCCL INFO Connected to proxy localRank 0 -> connection 0xeefa48004f70
srv1:31:31 [0] NCCL INFO Channel 00/0 : 0[0] -> 1[0] [receive] via NET/IB/0
srv1:31:42 [0] NCCL INFO New proxy recv connection 1 from local rank 0, transport 2
srv1:31:31 [0] NCCL INFO Connected to proxy localRank 0 -> connection 0xeefa48004ff8
srv1:31:31 [0] NCCL INFO Channel 01/0 : 0[0] -> 1[0] [receive] via NET/IB/1
srv1:31:42 [0] NCCL INFO New proxy recv connection 2 from local rank 0, transport 2
srv1:31:31 [0] NCCL INFO Connected to proxy localRank 0 -> connection 0xeefa48005080
srv1:31:31 [0] NCCL INFO Channel 02/0 : 0[0] -> 1[0] [receive] via NET/IB/0
srv1:31:42 [0] NCCL INFO New proxy recv connection 3 from local rank 0, transport 2
srv1:31:31 [0] NCCL INFO Connected to proxy localRank 0 -> connection 0xeefa48005108
srv1:31:31 [0] NCCL INFO Channel 03/0 : 0[0] -> 1[0] [receive] via NET/IB/1
srv1:31:42 [0] NCCL INFO New proxy recv connection 4 from local rank 0, transport 2
srv1:31:31 [0] NCCL INFO Connected to proxy localRank 0 -> connection 0xeefa48005190
srv1:31:31 [0] NCCL INFO Channel 04/0 : 0[0] -> 1[0] [receive] via NET/IB/0
srv1:31:42 [0] NCCL INFO New proxy recv connection 5 from local rank 0, transport 2
srv1:31:31 [0] NCCL INFO Connected to proxy localRank 0 -> connection 0xeefa48005218
srv1:31:31 [0] NCCL INFO Channel 05/0 : 0[0] -> 1[0] [receive] via NET/IB/1
srv1:31:42 [0] NCCL INFO New proxy recv connection 6 from local rank 0, transport 2
srv1:31:31 [0] NCCL INFO Connected to proxy localRank 0 -> connection 0xeefa480052a0
srv1:31:31 [0] NCCL INFO Channel 06/0 : 0[0] -> 1[0] [receive] via NET/IB/0
srv1:31:42 [0] NCCL INFO New proxy recv connection 7 from local rank 0, transport 2
srv1:31:31 [0] NCCL INFO Connected to proxy localRank 0 -> connection 0xeefa48005328
srv1:31:31 [0] NCCL INFO Channel 07/0 : 0[0] -> 1[0] [receive] via NET/IB/1
srv1:31:42 [0] NCCL INFO New proxy recv connection 8 from local rank 0, transport 2
srv1:31:31 [0] NCCL INFO Connected to proxy localRank 0 -> connection 0xeefa480053b0
srv1:31:31 [0] NCCL INFO Channel 08/0 : 0[0] -> 1[0] [receive] via NET/IB/0
srv1:31:42 [0] NCCL INFO New proxy recv connection 9 from local rank 0, transport 2
srv1:31:31 [0] NCCL INFO Connected to proxy localRank 0 -> connection 0xeefa48005438
srv1:31:31 [0] NCCL INFO Channel 09/0 : 0[0] -> 1[0] [receive] via NET/IB/1
srv1:31:42 [0] NCCL INFO New proxy recv connection 10 from local rank 0, transport 2
srv1:31:31 [0] NCCL INFO Connected to proxy localRank 0 -> connection 0xeefa480054c0
srv1:31:31 [0] NCCL INFO Channel 10/0 : 0[0] -> 1[0] [receive] via NET/IB/0
srv1:31:42 [0] NCCL INFO New proxy recv connection 11 from local rank 0, transport 2
srv1:31:31 [0] NCCL INFO Connected to proxy localRank 0 -> connection 0xeefa48005548
srv1:31:31 [0] NCCL INFO Channel 11/0 : 0[0] -> 1[0] [receive] via NET/IB/1
srv1:31:42 [0] NCCL INFO New proxy recv connection 12 from local rank 0, transport 2
srv1:31:31 [0] NCCL INFO Connected to proxy localRank 0 -> connection 0xeefa480055d0
srv1:31:31 [0] NCCL INFO Channel 12/0 : 0[0] -> 1[0] [receive] via NET/IB/0
srv1:31:42 [0] NCCL INFO New proxy recv connection 13 from local rank 0, transport 2
srv1:31:31 [0] NCCL INFO Connected to proxy localRank 0 -> connection 0xeefa48005658
srv1:31:31 [0] NCCL INFO Channel 13/0 : 0[0] -> 1[0] [receive] via NET/IB/1
srv1:31:42 [0] NCCL INFO New proxy recv connection 14 from local rank 0, transport 2
srv1:31:31 [0] NCCL INFO Connected to proxy localRank 0 -> connection 0xeefa480056e0
srv1:31:31 [0] NCCL INFO Channel 14/0 : 0[0] -> 1[0] [receive] via NET/IB/0
srv1:31:42 [0] NCCL INFO New proxy recv connection 15 from local rank 0, transport 2
srv1:31:31 [0] NCCL INFO Connected to proxy localRank 0 -> connection 0xeefa48005768
srv1:31:31 [0] NCCL INFO Channel 15/0 : 0[0] -> 1[0] [receive] via NET/IB/1
srv1:31:42 [0] NCCL INFO New proxy send connection 16 from local rank 0, transport 2
srv1:31:31 [0] NCCL INFO Connected to proxy localRank 0 -> connection 0xeefa480057f0
srv1:31:31 [0] NCCL INFO Channel 00/0 : 1[0] -> 2[0] [send] via NET/IB/0
srv1:31:42 [0] NCCL INFO New proxy send connection 17 from local rank 0, transport 2
srv1:31:31 [0] NCCL INFO Connected to proxy localRank 0 -> connection 0xeefa48005878
srv1:31:31 [0] NCCL INFO Channel 01/0 : 1[0] -> 2[0] [send] via NET/IB/1
srv1:31:42 [0] NCCL INFO New proxy send connection 18 from local rank 0, transport 2
srv1:31:31 [0] NCCL INFO Connected to proxy localRank 0 -> connection 0xeefa48005900
srv1:31:31 [0] NCCL INFO Channel 02/0 : 1[0] -> 2[0] [send] via NET/IB/0
srv1:31:42 [0] NCCL INFO New proxy send connection 19 from local rank 0, transport 2
srv1:31:31 [0] NCCL INFO Connected to proxy localRank 0 -> connection 0xeefa48005988
srv1:31:31 [0] NCCL INFO Channel 03/0 : 1[0] -> 2[0] [send] via NET/IB/1
srv1:31:42 [0] NCCL INFO New proxy send connection 20 from local rank 0, transport 2
srv1:31:31 [0] NCCL INFO Connected to proxy localRank 0 -> connection 0xeefa48005a10
srv1:31:31 [0] NCCL INFO Channel 04/0 : 1[0] -> 2[0] [send] via NET/IB/0
srv1:31:42 [0] NCCL INFO New proxy send connection 21 from local rank 0, transport 2
srv1:31:31 [0] NCCL INFO Connected to proxy localRank 0 -> connection 0xeefa48005a98
srv1:31:31 [0] NCCL INFO Channel 05/0 : 1[0] -> 2[0] [send] via NET/IB/1
srv1:31:42 [0] NCCL INFO New proxy send connection 22 from local rank 0, transport 2
srv1:31:31 [0] NCCL INFO Connected to proxy localRank 0 -> connection 0xeefa48005b20
srv1:31:31 [0] NCCL INFO Channel 06/0 : 1[0] -> 2[0] [send] via NET/IB/0
srv1:31:42 [0] NCCL INFO New proxy send connection 23 from local rank 0, transport 2
srv1:31:31 [0] NCCL INFO Connected to proxy localRank 0 -> connection 0xeefa48005ba8
srv1:31:31 [0] NCCL INFO Channel 07/0 : 1[0] -> 2[0] [send] via NET/IB/1
srv1:31:42 [0] NCCL INFO New proxy send connection 24 from local rank 0, transport 2
srv1:31:31 [0] NCCL INFO Connected to proxy localRank 0 -> connection 0xeefa48005c30
srv1:31:31 [0] NCCL INFO Channel 08/0 : 1[0] -> 2[0] [send] via NET/IB/0
srv1:31:42 [0] NCCL INFO New proxy send connection 25 from local rank 0, transport 2
srv1:31:31 [0] NCCL INFO Connected to proxy localRank 0 -> connection 0xeefa48005cb8
srv1:31:31 [0] NCCL INFO Channel 09/0 : 1[0] -> 2[0] [send] via NET/IB/1
srv1:31:42 [0] NCCL INFO New proxy send connection 26 from local rank 0, transport 2
srv1:31:31 [0] NCCL INFO Connected to proxy localRank 0 -> connection 0xeefa48005d40
srv1:31:31 [0] NCCL INFO Channel 10/0 : 1[0] -> 2[0] [send] via NET/IB/0
srv1:31:42 [0] NCCL INFO New proxy send connection 27 from local rank 0, transport 2
srv1:31:31 [0] NCCL INFO Connected to proxy localRank 0 -> connection 0xeefa48005dc8
srv1:31:31 [0] NCCL INFO Channel 11/0 : 1[0] -> 2[0] [send] via NET/IB/1
srv1:31:42 [0] NCCL INFO New proxy send connection 28 from local rank 0, transport 2
srv1:31:31 [0] NCCL INFO Connected to proxy localRank 0 -> connection 0xeefa48005e50
srv1:31:31 [0] NCCL INFO Channel 12/0 : 1[0] -> 2[0] [send] via NET/IB/0
srv1:31:42 [0] NCCL INFO New proxy send connection 29 from local rank 0, transport 2
srv1:31:31 [0] NCCL INFO Connected to proxy localRank 0 -> connection 0xeefa48005ed8
srv1:31:31 [0] NCCL INFO Channel 13/0 : 1[0] -> 2[0] [send] via NET/IB/1
srv1:31:42 [0] NCCL INFO New proxy send connection 30 from local rank 0, transport 2
srv1:31:31 [0] NCCL INFO Connected to proxy localRank 0 -> connection 0xeefa48005f60
srv1:31:31 [0] NCCL INFO Channel 14/0 : 1[0] -> 2[0] [send] via NET/IB/0
srv1:31:42 [0] NCCL INFO New proxy send connection 31 from local rank 0, transport 2
srv1:31:31 [0] NCCL INFO Connected to proxy localRank 0 -> connection 0xeefa48005fe8
srv1:31:31 [0] NCCL INFO Channel 15/0 : 1[0] -> 2[0] [send] via NET/IB/1
srv1:31:42 [0] NCCL INFO NET/IB: ncclIbResiliencyInit: Resiliency is disabled on the send communicator (comm=0xeefa48018000)
srv1:31:42 [0] NCCL INFO NET/IB: ncclIbResiliencyInit: Resiliency is disabled on the recv communicator (comm=0xeefa48053000)
srv1:31:42 [0] NCCL INFO NET/IB: ncclIbRecvCommInit: Receive work requests will be posted on-demand
srv1:31:42 [0] NCCL INFO NET/IB: ncclIbResiliencyInit: Resiliency is disabled on the send communicator (comm=0xeefa48092000)
srv1:31:42 [0] NCCL INFO NET/IB: ncclIbResiliencyInit: Resiliency is disabled on the recv communicator (comm=0xeefa480cd000)
srv1:31:42 [0] NCCL INFO NET/IB: ncclIbRecvCommInit: Receive work requests will be posted on-demand
srv1:31:42 [0] NCCL INFO NET/IB: ncclIbResiliencyInit: Resiliency is disabled on the send communicator (comm=0xeefa4810c000)
srv1:31:42 [0] NCCL INFO NET/IB: ncclIbResiliencyInit: Resiliency is disabled on the recv communicator (comm=0xeefa48147000)
srv1:31:42 [0] NCCL INFO NET/IB: ncclIbRecvCommInit: Receive work requests will be posted on-demand
srv1:31:42 [0] NCCL INFO NET/IB: ncclIbResiliencyInit: Resiliency is disabled on the send communicator (comm=0xeefa48186000)
srv1:31:42 [0] NCCL INFO NET/IB: ncclIbResiliencyInit: Resiliency is disabled on the recv communicator (comm=0xeefa481c1000)
srv1:31:42 [0] NCCL INFO NET/IB: ncclIbRecvCommInit: Receive work requests will be posted on-demand
srv1:31:42 [0] NCCL INFO NET/IB: ncclIbResiliencyInit: Resiliency is disabled on the send communicator (comm=0xeefa48200000)
srv1:31:42 [0] NCCL INFO NET/IB: ncclIbSenderQpsCreate: QP created: port=1 dev=0 devName=rocep1s0f0 ndevs=2 nmdevs=2 qp_num=1580 pkey=0 pd=0xeefa4808fc30
srv1:31:42 [0] NCCL INFO NET/IB: ncclIbConnect: NCCL Dev 0 IbDev 0 Port 1 qp_num 1580 mtu 5 GID 3 (0/10A0A0AFFFF0000) ctsFifoRkey=0x17f0ae ctsFifoLkey=0x17f0ae
srv1:31:42 [0] NCCL INFO NET/IB: ncclIbConnect: IbDev 0 Port 1 qp_num 1580 query_ece={supported=1, vendor_id=0x15b3, options=0x30000002, comp_mask=0x0}
srv1:31:42 [0] NCCL INFO NET/IB: ncclIbReceiverQpsCreateToRts: QP created: port=1 dev=0 devName=rocep1s0f0 ndevs=2 nmdevs=2 qp_num=1581 pkey=0 pd=0xeefa4808fc30
srv1:31:42 [0] NCCL INFO NET/IB: ncclIbReceiverQpsCreateToRts: QP created: port=1 dev=0 devName=rocep1s0f0 ndevs=2 nmdevs=2 qp_num=1582 pkey=0 pd=0xeefa4808fc30
srv1:31:42 [0] NCCL INFO NET/IB: ncclIbSenderQpsCreate: QP created: port=1 dev=1 devName=roceP2p1s0f0 ndevs=2 nmdevs=2 qp_num=1702 pkey=0 pd=0xeefa4824d8e0
srv1:31:42 [0] NCCL INFO NET/IB: ncclIbConnect: NCCL Dev 1 IbDev 1 Port 1 qp_num 1702 mtu 5 GID 3 (0/10B0A0AFFFF0000) ctsFifoRkey=0x19d4d1 ctsFifoLkey=0x19d4d1
srv1:31:42 [0] NCCL INFO NET/IB: ncclIbConnect: IbDev 1 Port 1 qp_num 1702 query_ece={supported=1, vendor_id=0x15b3, options=0x30000002, comp_mask=0x0}
srv1:31:42 [0] NCCL INFO NET/IB: ncclIbReceiverQpsCreateToRts: QP created: port=1 dev=1 devName=roceP2p1s0f0 ndevs=2 nmdevs=2 qp_num=1703 pkey=0 pd=0xeefa4824d8e0
srv1:31:42 [0] NCCL INFO NET/IB: ncclIbReceiverQpsCreateToRts: QP created: port=1 dev=1 devName=roceP2p1s0f0 ndevs=2 nmdevs=2 qp_num=1704 pkey=0 pd=0xeefa4824d8e0
srv1:31:42 [0] NCCL INFO NET/IB: ncclIbSenderQpsCreate: QP created: port=1 dev=0 devName=rocep1s0f0 ndevs=2 nmdevs=2 qp_num=1583 pkey=0 pd=0xeefa4808fc30
srv1:31:42 [0] NCCL INFO NET/IB: ncclIbConnect: NCCL Dev 0 IbDev 0 Port 1 qp_num 1583 mtu 5 GID 3 (0/10A0A0AFFFF0000) ctsFifoRkey=0x180dcb ctsFifoLkey=0x180dcb
srv1:31:42 [0] NCCL INFO NET/IB: ncclIbConnect: IbDev 0 Port 1 qp_num 1583 query_ece={supported=1, vendor_id=0x15b3, options=0x30000002, comp_mask=0x0}
srv1:31:42 [0] NCCL INFO NET/IB: ncclIbSenderQpsCreate: QP created: port=1 dev=1 devName=roceP2p1s0f0 ndevs=2 nmdevs=2 qp_num=1705 pkey=0 pd=0xeefa4824d8e0
srv1:31:42 [0] NCCL INFO NET/IB: ncclIbConnect: NCCL Dev 1 IbDev 1 Port 1 qp_num 1705 mtu 5 GID 3 (0/10B0A0AFFFF0000) ctsFifoRkey=0x19c7c3 ctsFifoLkey=0x19c7c3
srv1:31:42 [0] NCCL INFO NET/IB: ncclIbConnect: IbDev 1 Port 1 qp_num 1705 query_ece={supported=1, vendor_id=0x15b3, options=0x30000002, comp_mask=0x0}
srv1:31:42 [0] NCCL INFO NET/IB: ncclIbResiliencyInit: Resiliency is disabled on the recv communicator (comm=0xeefa483b8000)
srv1:31:42 [0] NCCL INFO NET/IB: ncclIbRecvCommInit: Receive work requests will be posted on-demand
srv1:31:42 [0] NCCL INFO NET/IB: ncclIbSenderQpsToRts: Set ECE: IbDev 0 Port 1 qp_num 1580 set_ece={supported=1, vendor_id=0x15b3, options=0x30000002, comp_mask=0x0}
srv1:31:42 [0] NCCL INFO NET/IB: ncclIbSenderQpsToRts: Set ECE: IbDev 1 Port 1 qp_num 1702 set_ece={supported=1, vendor_id=0x15b3, options=0x30000002, comp_mask=0x0}
srv1:31:42 [0] NCCL INFO NET/IB: ncclIbSenderQpsToRts: Set ECE: IbDev 0 Port 1 qp_num 1583 set_ece={supported=1, vendor_id=0x15b3, options=0x30000002, comp_mask=0x0}
srv1:31:42 [0] NCCL INFO NET/IB: ncclIbSenderQpsToRts: Set ECE: IbDev 1 Port 1 qp_num 1705 set_ece={supported=1, vendor_id=0x15b3, options=0x30000002, comp_mask=0x0}
srv1:31:42 [0] NCCL INFO NET/IB: ncclIbResiliencyInit: Resiliency is disabled on the send communicator (comm=0xeefa483f7000)
srv1:31:42 [0] NCCL INFO NET/IB: ncclIbResiliencyInit: Resiliency is disabled on the recv communicator (comm=0xeefa48430000)
srv1:31:42 [0] NCCL INFO NET/IB: ncclIbRecvCommInit: Receive work requests will be posted on-demand
srv1:31:42 [0] NCCL INFO NET/IB: ncclIbResiliencyInit: Resiliency is disabled on the send communicator (comm=0xeefa4846d000)
srv1:31:42 [0] NCCL INFO NET/IB: ncclIbResiliencyInit: Resiliency is disabled on the recv communicator (comm=0xeefa484a6000)
srv1:31:42 [0] NCCL INFO NET/IB: ncclIbRecvCommInit: Receive work requests will be posted on-demand
srv1:31:42 [0] NCCL INFO NET/IB: ncclIbResiliencyInit: Resiliency is disabled on the send communicator (comm=0xeefa484e3000)
srv1:31:42 [0] NCCL INFO NET/IB: ncclIbResiliencyInit: Resiliency is disabled on the recv communicator (comm=0xeefa4851c000)
srv1:31:42 [0] NCCL INFO NET/IB: ncclIbRecvCommInit: Receive work requests will be posted on-demand
srv1:31:42 [0] NCCL INFO NET/IB: ncclIbResiliencyInit: Resiliency is disabled on the send communicator (comm=0xeefa4855b000)
srv1:31:42 [0] NCCL INFO NET/IB: ncclIbResiliencyInit: Resiliency is disabled on the recv communicator (comm=0xeefa48596000)
srv1:31:42 [0] NCCL INFO NET/IB: ncclIbRecvCommInit: Receive work requests will be posted on-demand
srv1:31:42 [0] NCCL INFO NET/IB: ncclIbResiliencyInit: Resiliency is disabled on the send communicator (comm=0xeefa485d5000)
srv1:31:42 [0] NCCL INFO NET/IB: ncclIbResiliencyInit: Resiliency is disabled on the recv communicator (comm=0xeefa48610000)
srv1:31:42 [0] NCCL INFO NET/IB: ncclIbRecvCommInit: Receive work requests will be posted on-demand
srv1:31:42 [0] NCCL INFO NET/IB: ncclIbResiliencyInit: Resiliency is disabled on the send communicator (comm=0xeefa4864f000)
srv1:31:42 [0] NCCL INFO NET/IB: ncclIbResiliencyInit: Resiliency is disabled on the recv communicator (comm=0xeefa4868a000)
srv1:31:42 [0] NCCL INFO NET/IB: ncclIbRecvCommInit: Receive work requests will be posted on-demand
srv1:31:42 [0] NCCL INFO NET/IB: ncclIbResiliencyInit: Resiliency is disabled on the send communicator (comm=0xeefa486c9000)
srv1:31:42 [0] NCCL INFO NET/IB: ncclIbResiliencyInit: Resiliency is disabled on the recv communicator (comm=0xeefa48704000)
srv1:31:42 [0] NCCL INFO NET/IB: ncclIbRecvCommInit: Receive work requests will be posted on-demand
srv1:31:42 [0] NCCL INFO NET/IB: ncclIbResiliencyInit: Resiliency is disabled on the send communicator (comm=0xeefa48743000)
srv1:31:42 [0] NCCL INFO NET/IB: ncclIbResiliencyInit: Resiliency is disabled on the recv communicator (comm=0xeefa4877e000)
srv1:31:42 [0] NCCL INFO NET/IB: ncclIbRecvCommInit: Receive work requests will be posted on-demand
srv1:31:42 [0] NCCL INFO NET/IB: ncclIbResiliencyInit: Resiliency is disabled on the send communicator (comm=0xeefa487bd000)
srv1:31:42 [0] NCCL INFO NET/IB: ncclIbResiliencyInit: Resiliency is disabled on the recv communicator (comm=0xeefa487f8000)
srv1:31:42 [0] NCCL INFO NET/IB: ncclIbRecvCommInit: Receive work requests will be posted on-demand
srv1:31:42 [0] NCCL INFO NET/IB: ncclIbResiliencyInit: Resiliency is disabled on the send communicator (comm=0xeefa48837000)
srv1:31:42 [0] NCCL INFO NET/IB: ncclIbResiliencyInit: Resiliency is disabled on the recv communicator (comm=0xeefa48872000)
srv1:31:42 [0] NCCL INFO NET/IB: ncclIbRecvCommInit: Receive work requests will be posted on-demand
srv1:31:42 [0] NCCL INFO NET/IB: ncclIbResiliencyInit: Resiliency is disabled on the send communicator (comm=0xeefa488b1000)
srv1:31:42 [0] NCCL INFO NET/IB: ncclIbResiliencyInit: Resiliency is disabled on the recv communicator (comm=0xeefa488ec000)
srv1:31:42 [0] NCCL INFO NET/IB: ncclIbRecvCommInit: Receive work requests will be posted on-demand
srv1:31:42 [0] NCCL INFO NET/IB: ncclIbReceiverQpsCreateToRts: QP created: port=1 dev=0 devName=rocep1s0f0 ndevs=2 nmdevs=2 qp_num=1584 pkey=0 pd=0xeefa4808fc30
srv1:31:42 [0] NCCL INFO NET/IB: ncclIbReceiverQpsCreateToRts: QP created: port=1 dev=0 devName=rocep1s0f0 ndevs=2 nmdevs=2 qp_num=1585 pkey=0 pd=0xeefa4808fc30
srv1:31:42 [0] NCCL INFO NET/IB: ncclIbReceiverQpsCreateToRts: QP created: port=1 dev=1 devName=roceP2p1s0f0 ndevs=2 nmdevs=2 qp_num=1706 pkey=0 pd=0xeefa4824d8e0
srv1:31:42 [0] NCCL INFO NET/IB: ncclIbReceiverQpsCreateToRts: QP created: port=1 dev=1 devName=roceP2p1s0f0 ndevs=2 nmdevs=2 qp_num=1707 pkey=0 pd=0xeefa4824d8e0
srv1:31:42 [0] NCCL INFO NET/IB: ncclIbReceiverQpsCreateToRts: QP created: port=1 dev=0 devName=rocep1s0f0 ndevs=2 nmdevs=2 qp_num=1586 pkey=0 pd=0xeefa4808fc30
srv1:31:42 [0] NCCL INFO NET/IB: ncclIbReceiverQpsCreateToRts: QP created: port=1 dev=0 devName=rocep1s0f0 ndevs=2 nmdevs=2 qp_num=1587 pkey=0 pd=0xeefa4808fc30
srv1:31:42 [0] NCCL INFO NET/IB: ncclIbReceiverQpsCreateToRts: QP created: port=1 dev=1 devName=roceP2p1s0f0 ndevs=2 nmdevs=2 qp_num=1708 pkey=0 pd=0xeefa4824d8e0
srv1:31:42 [0] NCCL INFO NET/IB: ncclIbReceiverQpsCreateToRts: QP created: port=1 dev=1 devName=roceP2p1s0f0 ndevs=2 nmdevs=2 qp_num=1709 pkey=0 pd=0xeefa4824d8e0
srv1:31:42 [0] NCCL INFO NET/IB: ncclIbSenderQpsCreate: QP created: port=1 dev=0 devName=rocep1s0f0 ndevs=2 nmdevs=2 qp_num=1588 pkey=0 pd=0xeefa4808fc30
srv1:31:42 [0] NCCL INFO NET/IB: ncclIbConnect: NCCL Dev 0 IbDev 0 Port 1 qp_num 1588 mtu 5 GID 3 (0/10A0A0AFFFF0000) ctsFifoRkey=0xe28e5 ctsFifoLkey=0xe28e5
srv1:31:42 [0] NCCL INFO NET/IB: ncclIbConnect: IbDev 0 Port 1 qp_num 1588 query_ece={supported=1, vendor_id=0x15b3, options=0x30000002, comp_mask=0x0}
srv1:31:42 [0] NCCL INFO NET/IB: ncclIbReceiverQpsCreateToRts: QP created: port=1 dev=0 devName=rocep1s0f0 ndevs=2 nmdevs=2 qp_num=1589 pkey=0 pd=0xeefa4808fc30
srv1:31:42 [0] NCCL INFO NET/IB: ncclIbReceiverQpsCreateToRts: QP created: port=1 dev=0 devName=rocep1s0f0 ndevs=2 nmdevs=2 qp_num=1590 pkey=0 pd=0xeefa4808fc30
srv1:31:42 [0] NCCL INFO NET/IB: ncclIbSenderQpsCreate: QP created: port=1 dev=1 devName=roceP2p1s0f0 ndevs=2 nmdevs=2 qp_num=1710 pkey=0 pd=0xeefa4824d8e0
srv1:31:42 [0] NCCL INFO NET/IB: ncclIbConnect: NCCL Dev 1 IbDev 1 Port 1 qp_num 1710 mtu 5 GID 3 (0/10B0A0AFFFF0000) ctsFifoRkey=0x19e5e4 ctsFifoLkey=0x19e5e4
srv1:31:42 [0] NCCL INFO NET/IB: ncclIbConnect: IbDev 1 Port 1 qp_num 1710 query_ece={supported=1, vendor_id=0x15b3, options=0x30000002, comp_mask=0x0}
srv1:31:42 [0] NCCL INFO NET/IB: ncclIbReceiverQpsCreateToRts: QP created: port=1 dev=1 devName=roceP2p1s0f0 ndevs=2 nmdevs=2 qp_num=1711 pkey=0 pd=0xeefa4824d8e0
srv1:31:42 [0] NCCL INFO NET/IB: ncclIbReceiverQpsCreateToRts: QP created: port=1 dev=1 devName=roceP2p1s0f0 ndevs=2 nmdevs=2 qp_num=1712 pkey=0 pd=0xeefa4824d8e0
srv1:31:42 [0] NCCL INFO NET/IB: ncclIbSenderQpsCreate: QP created: port=1 dev=0 devName=rocep1s0f0 ndevs=2 nmdevs=2 qp_num=1591 pkey=0 pd=0xeefa4808fc30
srv1:31:42 [0] NCCL INFO NET/IB: ncclIbConnect: NCCL Dev 0 IbDev 0 Port 1 qp_num 1591 mtu 5 GID 3 (0/10A0A0AFFFF0000) ctsFifoRkey=0x182ce9 ctsFifoLkey=0x182ce9
srv1:31:42 [0] NCCL INFO NET/IB: ncclIbConnect: IbDev 0 Port 1 qp_num 1591 query_ece={supported=1, vendor_id=0x15b3, options=0x30000002, comp_mask=0x0}
srv1:31:42 [0] NCCL INFO NET/IB: ncclIbSenderQpsCreate: QP created: port=1 dev=1 devName=roceP2p1s0f0 ndevs=2 nmdevs=2 qp_num=1713 pkey=0 pd=0xeefa4824d8e0
srv1:31:42 [0] NCCL INFO NET/IB: ncclIbConnect: NCCL Dev 1 IbDev 1 Port 1 qp_num 1713 mtu 5 GID 3 (0/10B0A0AFFFF0000) ctsFifoRkey=0x19eee1 ctsFifoLkey=0x19eee1
srv1:31:42 [0] NCCL INFO NET/IB: ncclIbConnect: IbDev 1 Port 1 qp_num 1713 query_ece={supported=1, vendor_id=0x15b3, options=0x30000002, comp_mask=0x0}
srv1:31:42 [0] NCCL INFO NET/IB: ncclIbSenderQpsCreate: QP created: port=1 dev=0 devName=rocep1s0f0 ndevs=2 nmdevs=2 qp_num=1592 pkey=0 pd=0xeefa4808fc30
srv1:31:42 [0] NCCL INFO NET/IB: ncclIbConnect: NCCL Dev 0 IbDev 0 Port 1 qp_num 1592 mtu 5 GID 3 (0/10A0A0AFFFF0000) ctsFifoRkey=0x182be8 ctsFifoLkey=0x182be8
srv1:31:42 [0] NCCL INFO NET/IB: ncclIbConnect: IbDev 0 Port 1 qp_num 1592 query_ece={supported=1, vendor_id=0x15b3, options=0x30000002, comp_mask=0x0}
srv1:31:42 [0] NCCL INFO NET/IB: ncclIbSenderQpsCreate: QP created: port=1 dev=1 devName=roceP2p1s0f0 ndevs=2 nmdevs=2 qp_num=1714 pkey=0 pd=0xeefa4824d8e0
srv1:31:42 [0] NCCL INFO NET/IB: ncclIbConnect: NCCL Dev 1 IbDev 1 Port 1 qp_num 1714 mtu 5 GID 3 (0/10B0A0AFFFF0000) ctsFifoRkey=0x19e2df ctsFifoLkey=0x19e2df
srv1:31:42 [0] NCCL INFO NET/IB: ncclIbConnect: IbDev 1 Port 1 qp_num 1714 query_ece={supported=1, vendor_id=0x15b3, options=0x30000002, comp_mask=0x0}
srv1:31:42 [0] NCCL INFO NET/IB: ncclIbSenderQpsCreate: QP created: port=1 dev=0 devName=rocep1s0f0 ndevs=2 nmdevs=2 qp_num=1593 pkey=0 pd=0xeefa4808fc30
srv1:31:42 [0] NCCL INFO NET/IB: ncclIbConnect: NCCL Dev 0 IbDev 0 Port 1 qp_num 1593 mtu 5 GID 3 (0/10A0A0AFFFF0000) ctsFifoRkey=0x182ae7 ctsFifoLkey=0x182ae7
srv1:31:42 [0] NCCL INFO NET/IB: ncclIbConnect: IbDev 0 Port 1 qp_num 1593 query_ece={supported=1, vendor_id=0x15b3, options=0x30000002, comp_mask=0x0}
srv1:31:42 [0] NCCL INFO NET/IB: ncclIbSenderQpsCreate: QP created: port=1 dev=1 devName=roceP2p1s0f0 ndevs=2 nmdevs=2 qp_num=1715 pkey=0 pd=0xeefa4824d8e0
srv1:31:42 [0] NCCL INFO NET/IB: ncclIbConnect: NCCL Dev 1 IbDev 1 Port 1 qp_num 1715 mtu 5 GID 3 (0/10B0A0AFFFF0000) ctsFifoRkey=0x19dddc ctsFifoLkey=0x19dddc
srv1:31:42 [0] NCCL INFO NET/IB: ncclIbConnect: IbDev 1 Port 1 qp_num 1715 query_ece={supported=1, vendor_id=0x15b3, options=0x30000002, comp_mask=0x0}
srv1:31:42 [0] NCCL INFO NET/IB: ncclIbSenderQpsToRts: Set ECE: IbDev 0 Port 1 qp_num 1588 set_ece={supported=1, vendor_id=0x15b3, options=0x30000002, comp_mask=0x0}
srv1:31:42 [0] NCCL INFO NET/IB: ncclIbSenderQpsToRts: Set ECE: IbDev 1 Port 1 qp_num 1710 set_ece={supported=1, vendor_id=0x15b3, options=0x30000002, comp_mask=0x0}
srv1:31:42 [0] NCCL INFO NET/IB: ncclIbSenderQpsToRts: Set ECE: IbDev 0 Port 1 qp_num 1591 set_ece={supported=1, vendor_id=0x15b3, options=0x30000002, comp_mask=0x0}
srv1:31:42 [0] NCCL INFO NET/IB: ncclIbReceiverQpsCreateToRts: QP created: port=1 dev=0 devName=rocep1s0f0 ndevs=2 nmdevs=2 qp_num=1594 pkey=0 pd=0xeefa4808fc30
srv1:31:42 [0] NCCL INFO NET/IB: ncclIbReceiverQpsCreateToRts: QP created: port=1 dev=0 devName=rocep1s0f0 ndevs=2 nmdevs=2 qp_num=1595 pkey=0 pd=0xeefa4808fc30
srv1:31:42 [0] NCCL INFO NET/IB: ncclIbSenderQpsToRts: Set ECE: IbDev 1 Port 1 qp_num 1713 set_ece={supported=1, vendor_id=0x15b3, options=0x30000002, comp_mask=0x0}
srv1:31:42 [0] NCCL INFO NET/IB: ncclIbReceiverQpsCreateToRts: QP created: port=1 dev=1 devName=roceP2p1s0f0 ndevs=2 nmdevs=2 qp_num=1716 pkey=0 pd=0xeefa4824d8e0
srv1:31:42 [0] NCCL INFO NET/IB: ncclIbReceiverQpsCreateToRts: QP created: port=1 dev=1 devName=roceP2p1s0f0 ndevs=2 nmdevs=2 qp_num=1717 pkey=0 pd=0xeefa4824d8e0
srv1:31:42 [0] NCCL INFO NET/IB: ncclIbSenderQpsToRts: Set ECE: IbDev 0 Port 1 qp_num 1592 set_ece={supported=1, vendor_id=0x15b3, options=0x30000002, comp_mask=0x0}
srv1:31:42 [0] NCCL INFO NET/IB: ncclIbReceiverQpsCreateToRts: QP created: port=1 dev=0 devName=rocep1s0f0 ndevs=2 nmdevs=2 qp_num=1596 pkey=0 pd=0xeefa4808fc30
srv1:31:42 [0] NCCL INFO NET/IB: ncclIbReceiverQpsCreateToRts: QP created: port=1 dev=0 devName=rocep1s0f0 ndevs=2 nmdevs=2 qp_num=1597 pkey=0 pd=0xeefa4808fc30
srv1:31:42 [0] NCCL INFO NET/IB: ncclIbSenderQpsToRts: Set ECE: IbDev 1 Port 1 qp_num 1714 set_ece={supported=1, vendor_id=0x15b3, options=0x30000002, comp_mask=0x0}
srv1:31:42 [0] NCCL INFO NET/IB: ncclIbReceiverQpsCreateToRts: QP created: port=1 dev=1 devName=roceP2p1s0f0 ndevs=2 nmdevs=2 qp_num=1718 pkey=0 pd=0xeefa4824d8e0
srv1:31:42 [0] NCCL INFO NET/IB: ncclIbReceiverQpsCreateToRts: QP created: port=1 dev=1 devName=roceP2p1s0f0 ndevs=2 nmdevs=2 qp_num=1719 pkey=0 pd=0xeefa4824d8e0
srv1:31:42 [0] NCCL INFO NET/IB: ncclIbSenderQpsToRts: Set ECE: IbDev 0 Port 1 qp_num 1593 set_ece={supported=1, vendor_id=0x15b3, options=0x30000002, comp_mask=0x0}
srv1:31:42 [0] NCCL INFO NET/IB: ncclIbReceiverQpsCreateToRts: QP created: port=1 dev=0 devName=rocep1s0f0 ndevs=2 nmdevs=2 qp_num=1598 pkey=0 pd=0xeefa4808fc30
srv1:31:42 [0] NCCL INFO NET/IB: ncclIbReceiverQpsCreateToRts: QP created: port=1 dev=0 devName=rocep1s0f0 ndevs=2 nmdevs=2 qp_num=1599 pkey=0 pd=0xeefa4808fc30
srv1:31:42 [0] NCCL INFO NET/IB: ncclIbSenderQpsToRts: Set ECE: IbDev 1 Port 1 qp_num 1715 set_ece={supported=1, vendor_id=0x15b3, options=0x30000002, comp_mask=0x0}
srv1:31:42 [0] NCCL INFO NET/IB: ncclIbReceiverQpsCreateToRts: QP created: port=1 dev=1 devName=roceP2p1s0f0 ndevs=2 nmdevs=2 qp_num=1720 pkey=0 pd=0xeefa4824d8e0
srv1:31:42 [0] NCCL INFO NET/IB: ncclIbReceiverQpsCreateToRts: QP created: port=1 dev=1 devName=roceP2p1s0f0 ndevs=2 nmdevs=2 qp_num=1721 pkey=0 pd=0xeefa4824d8e0
srv1:31:42 [0] NCCL INFO NET/IB: ncclIbSenderQpsCreate: QP created: port=1 dev=0 devName=rocep1s0f0 ndevs=2 nmdevs=2 qp_num=1600 pkey=0 pd=0xeefa4808fc30
srv1:31:42 [0] NCCL INFO NET/IB: ncclIbConnect: NCCL Dev 0 IbDev 0 Port 1 qp_num 1600 mtu 5 GID 3 (0/10A0A0AFFFF0000) ctsFifoRkey=0x1826e3 ctsFifoLkey=0x1826e3
srv1:31:42 [0] NCCL INFO NET/IB: ncclIbConnect: IbDev 0 Port 1 qp_num 1600 query_ece={supported=1, vendor_id=0x15b3, options=0x30000002, comp_mask=0x0}
srv1:31:42 [0] NCCL INFO NET/IB: ncclIbSenderQpsToRts: Set ECE: IbDev 0 Port 1 qp_num 1600 set_ece={supported=1, vendor_id=0x15b3, options=0x30000002, comp_mask=0x0}
srv1:31:42 [0] NCCL INFO NET/IB: ncclIbSenderQpsCreate: QP created: port=1 dev=1 devName=roceP2p1s0f0 ndevs=2 nmdevs=2 qp_num=1722 pkey=0 pd=0xeefa4824d8e0
srv1:31:42 [0] NCCL INFO NET/IB: ncclIbConnect: NCCL Dev 1 IbDev 1 Port 1 qp_num 1722 mtu 5 GID 3 (0/10B0A0AFFFF0000) ctsFifoRkey=0x19d2d0 ctsFifoLkey=0x19d2d0
srv1:31:42 [0] NCCL INFO NET/IB: ncclIbConnect: IbDev 1 Port 1 qp_num 1722 query_ece={supported=1, vendor_id=0x15b3, options=0x30000002, comp_mask=0x0}
srv1:31:42 [0] NCCL INFO NET/IB: ncclIbSenderQpsCreate: QP created: port=1 dev=0 devName=rocep1s0f0 ndevs=2 nmdevs=2 qp_num=1601 pkey=0 pd=0xeefa4808fc30
srv1:31:42 [0] NCCL INFO NET/IB: ncclIbConnect: NCCL Dev 0 IbDev 0 Port 1 qp_num 1601 mtu 5 GID 3 (0/10A0A0AFFFF0000) ctsFifoRkey=0x1825e2 ctsFifoLkey=0x1825e2
srv1:31:42 [0] NCCL INFO NET/IB: ncclIbConnect: IbDev 0 Port 1 qp_num 1601 query_ece={supported=1, vendor_id=0x15b3, options=0x30000002, comp_mask=0x0}
srv1:31:42 [0] NCCL INFO NET/IB: ncclIbSenderQpsCreate: QP created: port=1 dev=1 devName=roceP2p1s0f0 ndevs=2 nmdevs=2 qp_num=1723 pkey=0 pd=0xeefa4824d8e0
srv1:31:42 [0] NCCL INFO NET/IB: ncclIbConnect: NCCL Dev 1 IbDev 1 Port 1 qp_num 1723 mtu 5 GID 3 (0/10B0A0AFFFF0000) ctsFifoRkey=0x19cdcb ctsFifoLkey=0x19cdcb
srv1:31:42 [0] NCCL INFO NET/IB: ncclIbConnect: IbDev 1 Port 1 qp_num 1723 query_ece={supported=1, vendor_id=0x15b3, options=0x30000002, comp_mask=0x0}
srv1:31:42 [0] NCCL INFO NET/IB: ncclIbSenderQpsToRts: Set ECE: IbDev 1 Port 1 qp_num 1722 set_ece={supported=1, vendor_id=0x15b3, options=0x30000002, comp_mask=0x0}
srv1:31:42 [0] NCCL INFO NET/IB: ncclIbSenderQpsToRts: Set ECE: IbDev 0 Port 1 qp_num 1601 set_ece={supported=1, vendor_id=0x15b3, options=0x30000002, comp_mask=0x0}
srv1:31:42 [0] NCCL INFO NET/IB: ncclIbSenderQpsToRts: Set ECE: IbDev 1 Port 1 qp_num 1723 set_ece={supported=1, vendor_id=0x15b3, options=0x30000002, comp_mask=0x0}
srv1:31:42 [0] NCCL INFO NET/IB: ncclIbReceiverQpsCreateToRts: QP created: port=1 dev=0 devName=rocep1s0f0 ndevs=2 nmdevs=2 qp_num=1602 pkey=0 pd=0xeefa4808fc30
srv1:31:42 [0] NCCL INFO NET/IB: ncclIbReceiverQpsCreateToRts: QP created: port=1 dev=0 devName=rocep1s0f0 ndevs=2 nmdevs=2 qp_num=1603 pkey=0 pd=0xeefa4808fc30
srv1:31:42 [0] NCCL INFO NET/IB: ncclIbReceiverQpsCreateToRts: QP created: port=1 dev=1 devName=roceP2p1s0f0 ndevs=2 nmdevs=2 qp_num=1724 pkey=0 pd=0xeefa4824d8e0
srv1:31:42 [0] NCCL INFO NET/IB: ncclIbReceiverQpsCreateToRts: QP created: port=1 dev=1 devName=roceP2p1s0f0 ndevs=2 nmdevs=2 qp_num=1725 pkey=0 pd=0xeefa4824d8e0
srv1:31:31 [0] NCCL INFO Connected all rings, use ring PXN 0 GDR 0
srv1:31:42 [0] NCCL INFO New proxy recv connection 32 from local rank 0, transport 2
srv1:31:31 [0] NCCL INFO Connected to proxy localRank 0 -> connection 0xeefa48006070
srv1:31:31 [0] NCCL INFO Channel 08/0 : 3[0] -> 1[0] [receive] via NET/IB/0
srv1:31:42 [0] NCCL INFO New proxy recv connection 33 from local rank 0, transport 2
srv1:31:31 [0] NCCL INFO Connected to proxy localRank 0 -> connection 0xeefa480060f8
srv1:31:31 [0] NCCL INFO Channel 09/0 : 3[0] -> 1[0] [receive] via NET/IB/1
srv1:31:42 [0] NCCL INFO New proxy recv connection 34 from local rank 0, transport 2
srv1:31:31 [0] NCCL INFO Connected to proxy localRank 0 -> connection 0xeefa48006180
srv1:31:31 [0] NCCL INFO Channel 10/0 : 3[0] -> 1[0] [receive] via NET/IB/0
srv1:31:42 [0] NCCL INFO New proxy recv connection 35 from local rank 0, transport 2
srv1:31:31 [0] NCCL INFO Connected to proxy localRank 0 -> connection 0xeefa48006208
srv1:31:31 [0] NCCL INFO Channel 11/0 : 3[0] -> 1[0] [receive] via NET/IB/1
srv1:31:42 [0] NCCL INFO New proxy recv connection 36 from local rank 0, transport 2
srv1:31:31 [0] NCCL INFO Connected to proxy localRank 0 -> connection 0xeefa48006290
srv1:31:31 [0] NCCL INFO Channel 12/0 : 3[0] -> 1[0] [receive] via NET/IB/0
srv1:31:42 [0] NCCL INFO New proxy recv connection 37 from local rank 0, transport 2
srv1:31:31 [0] NCCL INFO Connected to proxy localRank 0 -> connection 0xeefa48006318
srv1:31:31 [0] NCCL INFO Channel 13/0 : 3[0] -> 1[0] [receive] via NET/IB/1
srv1:31:42 [0] NCCL INFO New proxy recv connection 38 from local rank 0, transport 2
srv1:31:31 [0] NCCL INFO Connected to proxy localRank 0 -> connection 0xeefa480063a0
srv1:31:31 [0] NCCL INFO Channel 14/0 : 3[0] -> 1[0] [receive] via NET/IB/0
srv1:31:42 [0] NCCL INFO New proxy recv connection 39 from local rank 0, transport 2
srv1:31:31 [0] NCCL INFO Connected to proxy localRank 0 -> connection 0xeefa48006428
srv1:31:31 [0] NCCL INFO Channel 15/0 : 3[0] -> 1[0] [receive] via NET/IB/1
srv1:31:42 [0] NCCL INFO New proxy send connection 40 from local rank 0, transport 2
srv1:31:31 [0] NCCL INFO Connected to proxy localRank 0 -> connection 0xeefa480064b0
srv1:31:31 [0] NCCL INFO Channel 08/0 : 1[0] -> 3[0] [send] via NET/IB/0
srv1:31:42 [0] NCCL INFO New proxy send connection 41 from local rank 0, transport 2
srv1:31:31 [0] NCCL INFO Connected to proxy localRank 0 -> connection 0xeefa48006538
srv1:31:31 [0] NCCL INFO Channel 09/0 : 1[0] -> 3[0] [send] via NET/IB/1
srv1:31:42 [0] NCCL INFO New proxy send connection 42 from local rank 0, transport 2
srv1:31:31 [0] NCCL INFO Connected to proxy localRank 0 -> connection 0xeefa480065c0
srv1:31:31 [0] NCCL INFO Channel 10/0 : 1[0] -> 3[0] [send] via NET/IB/0
srv1:31:42 [0] NCCL INFO New proxy send connection 43 from local rank 0, transport 2
srv1:31:31 [0] NCCL INFO Connected to proxy localRank 0 -> connection 0xeefa48006648
srv1:31:31 [0] NCCL INFO Channel 11/0 : 1[0] -> 3[0] [send] via NET/IB/1
srv1:31:42 [0] NCCL INFO New proxy send connection 44 from local rank 0, transport 2
srv1:31:31 [0] NCCL INFO Connected to proxy localRank 0 -> connection 0xeefa480066d0
srv1:31:31 [0] NCCL INFO Channel 12/0 : 1[0] -> 3[0] [send] via NET/IB/0
srv1:31:42 [0] NCCL INFO New proxy send connection 45 from local rank 0, transport 2
srv1:31:31 [0] NCCL INFO Connected to proxy localRank 0 -> connection 0xeefa48006758
srv1:31:31 [0] NCCL INFO Channel 13/0 : 1[0] -> 3[0] [send] via NET/IB/1
srv1:31:42 [0] NCCL INFO New proxy send connection 46 from local rank 0, transport 2
srv1:31:31 [0] NCCL INFO Connected to proxy localRank 0 -> connection 0xeefa480067e0
srv1:31:31 [0] NCCL INFO Channel 14/0 : 1[0] -> 3[0] [send] via NET/IB/0
srv1:31:42 [0] NCCL INFO New proxy send connection 47 from local rank 0, transport 2
srv1:31:31 [0] NCCL INFO Connected to proxy localRank 0 -> connection 0xeefa48006868
srv1:31:31 [0] NCCL INFO Channel 15/0 : 1[0] -> 3[0] [send] via NET/IB/1
srv1:31:42 [0] NCCL INFO New proxy recv connection 48 from local rank 0, transport 2
srv1:31:31 [0] NCCL INFO Connected to proxy localRank 0 -> connection 0xeefa480068f0
srv1:31:31 [0] NCCL INFO Channel 00/0 : 2[0] -> 1[0] [receive] via NET/IB/0
srv1:31:42 [0] NCCL INFO New proxy recv connection 49 from local rank 0, transport 2
srv1:31:31 [0] NCCL INFO Connected to proxy localRank 0 -> connection 0xeefa48006978
srv1:31:31 [0] NCCL INFO Channel 01/0 : 2[0] -> 1[0] [receive] via NET/IB/1
srv1:31:42 [0] NCCL INFO New proxy recv connection 50 from local rank 0, transport 2
srv1:31:31 [0] NCCL INFO Connected to proxy localRank 0 -> connection 0xeefa48006a00
srv1:31:31 [0] NCCL INFO Channel 02/0 : 2[0] -> 1[0] [receive] via NET/IB/0
srv1:31:42 [0] NCCL INFO New proxy recv connection 51 from local rank 0, transport 2
srv1:31:31 [0] NCCL INFO Connected to proxy localRank 0 -> connection 0xeefa48006a88
srv1:31:31 [0] NCCL INFO Channel 03/0 : 2[0] -> 1[0] [receive] via NET/IB/1
srv1:31:42 [0] NCCL INFO New proxy recv connection 52 from local rank 0, transport 2
srv1:31:31 [0] NCCL INFO Connected to proxy localRank 0 -> connection 0xeefa48006b10
srv1:31:31 [0] NCCL INFO Channel 04/0 : 2[0] -> 1[0] [receive] via NET/IB/0
srv1:31:42 [0] NCCL INFO New proxy recv connection 53 from local rank 0, transport 2
srv1:31:31 [0] NCCL INFO Connected to proxy localRank 0 -> connection 0xeefa48006b98
srv1:31:31 [0] NCCL INFO Channel 05/0 : 2[0] -> 1[0] [receive] via NET/IB/1
srv1:31:42 [0] NCCL INFO New proxy recv connection 54 from local rank 0, transport 2
srv1:31:31 [0] NCCL INFO Connected to proxy localRank 0 -> connection 0xeefa48006c20
srv1:31:31 [0] NCCL INFO Channel 06/0 : 2[0] -> 1[0] [receive] via NET/IB/0
srv1:31:42 [0] NCCL INFO New proxy recv connection 55 from local rank 0, transport 2
srv1:31:31 [0] NCCL INFO Connected to proxy localRank 0 -> connection 0xeefa48006ca8
srv1:31:31 [0] NCCL INFO Channel 07/0 : 2[0] -> 1[0] [receive] via NET/IB/1
srv1:31:42 [0] NCCL INFO New proxy recv connection 56 from local rank 0, transport 2
srv1:31:31 [0] NCCL INFO Connected to proxy localRank 0 -> connection 0xeefa48006d30
srv1:31:31 [0] NCCL INFO Channel 08/0 : 2[0] -> 1[0] [receive] via NET/IB/0
srv1:31:42 [0] NCCL INFO New proxy recv connection 57 from local rank 0, transport 2
srv1:31:31 [0] NCCL INFO Connected to proxy localRank 0 -> connection 0xeefa48006db8
srv1:31:31 [0] NCCL INFO Channel 09/0 : 2[0] -> 1[0] [receive] via NET/IB/1
srv1:31:42 [0] NCCL INFO New proxy recv connection 58 from local rank 0, transport 2
srv1:31:31 [0] NCCL INFO Connected to proxy localRank 0 -> connection 0xeefa48006e40
srv1:31:31 [0] NCCL INFO Channel 10/0 : 2[0] -> 1[0] [receive] via NET/IB/0
srv1:31:42 [0] NCCL INFO New proxy recv connection 59 from local rank 0, transport 2
srv1:31:31 [0] NCCL INFO Connected to proxy localRank 0 -> connection 0xeefa48006ec8
srv1:31:31 [0] NCCL INFO Channel 11/0 : 2[0] -> 1[0] [receive] via NET/IB/1
srv1:31:42 [0] NCCL INFO New proxy recv connection 60 from local rank 0, transport 2
srv1:31:31 [0] NCCL INFO Connected to proxy localRank 0 -> connection 0xeefa48006f50
srv1:31:31 [0] NCCL INFO Channel 12/0 : 2[0] -> 1[0] [receive] via NET/IB/0
srv1:31:42 [0] NCCL INFO New proxy recv connection 61 from local rank 0, transport 2
srv1:31:31 [0] NCCL INFO Connected to proxy localRank 0 -> connection 0xeefa48006fd8
srv1:31:31 [0] NCCL INFO Channel 13/0 : 2[0] -> 1[0] [receive] via NET/IB/1
srv1:31:42 [0] NCCL INFO New proxy recv connection 62 from local rank 0, transport 2
srv1:31:31 [0] NCCL INFO Connected to proxy localRank 0 -> connection 0xeefa48007060
srv1:31:31 [0] NCCL INFO Channel 14/0 : 2[0] -> 1[0] [receive] via NET/IB/0
srv1:31:42 [0] NCCL INFO New proxy recv connection 63 from local rank 0, transport 2
srv1:31:31 [0] NCCL INFO Connected to proxy localRank 0 -> connection 0xeefa480070e8
srv1:31:31 [0] NCCL INFO Channel 15/0 : 2[0] -> 1[0] [receive] via NET/IB/1
srv1:31:42 [0] NCCL INFO New proxy send connection 64 from local rank 0, transport 2
srv1:31:31 [0] NCCL INFO Connected to proxy localRank 0 -> connection 0xeefa48007170
srv1:31:31 [0] NCCL INFO Channel 08/0 : 1[0] -> 0[0] [send] via NET/IB/0
srv1:31:42 [0] NCCL INFO New proxy send connection 65 from local rank 0, transport 2
srv1:31:31 [0] NCCL INFO Connected to proxy localRank 0 -> connection 0xeefa480071f8
srv1:31:31 [0] NCCL INFO Channel 09/0 : 1[0] -> 0[0] [send] via NET/IB/1
srv1:31:42 [0] NCCL INFO New proxy send connection 66 from local rank 0, transport 2
srv1:31:31 [0] NCCL INFO Connected to proxy localRank 0 -> connection 0xeefa48007280
srv1:31:31 [0] NCCL INFO Channel 10/0 : 1[0] -> 0[0] [send] via NET/IB/0
srv1:31:42 [0] NCCL INFO New proxy send connection 67 from local rank 0, transport 2
srv1:31:31 [0] NCCL INFO Connected to proxy localRank 0 -> connection 0xeefa48007308
srv1:31:31 [0] NCCL INFO Channel 11/0 : 1[0] -> 0[0] [send] via NET/IB/1
srv1:31:42 [0] NCCL INFO New proxy send connection 68 from local rank 0, transport 2
srv1:31:31 [0] NCCL INFO Connected to proxy localRank 0 -> connection 0xeefa48007390
srv1:31:31 [0] NCCL INFO Channel 12/0 : 1[0] -> 0[0] [send] via NET/IB/0
srv1:31:42 [0] NCCL INFO New proxy send connection 69 from local rank 0, transport 2
srv1:31:31 [0] NCCL INFO Connected to proxy localRank 0 -> connection 0xeefa48007418
srv1:31:31 [0] NCCL INFO Channel 13/0 : 1[0] -> 0[0] [send] via NET/IB/1
srv1:31:42 [0] NCCL INFO New proxy send connection 70 from local rank 0, transport 2
srv1:31:31 [0] NCCL INFO Connected to proxy localRank 0 -> connection 0xeefa480074a0
srv1:31:31 [0] NCCL INFO Channel 14/0 : 1[0] -> 0[0] [send] via NET/IB/0
srv1:31:42 [0] NCCL INFO New proxy send connection 71 from local rank 0, transport 2
srv1:31:31 [0] NCCL INFO Connected to proxy localRank 0 -> connection 0xeefa48007528
srv1:31:31 [0] NCCL INFO Channel 15/0 : 1[0] -> 0[0] [send] via NET/IB/1
srv1:31:42 [0] NCCL INFO NET/IB: ncclIbResiliencyInit: Resiliency is disabled on the send communicator (comm=0xeefa48fb9000)
srv1:31:42 [0] NCCL INFO NET/IB: ncclIbResiliencyInit: Resiliency is disabled on the recv communicator (comm=0xeefa48ff2000)
srv1:31:42 [0] NCCL INFO NET/IB: ncclIbRecvCommInit: Receive work requests will be posted on-demand
srv1:31:42 [0] NCCL INFO NET/IB: ncclIbSenderQpsCreate: QP created: port=1 dev=0 devName=rocep1s0f0 ndevs=2 nmdevs=2 qp_num=1604 pkey=0 pd=0xeefa4808fc30
srv1:31:42 [0] NCCL INFO NET/IB: ncclIbConnect: NCCL Dev 0 IbDev 0 Port 1 qp_num 1604 mtu 5 GID 3 (0/10A0A0AFFFF0000) ctsFifoRkey=0x1822df ctsFifoLkey=0x1822df
srv1:31:42 [0] NCCL INFO NET/IB: ncclIbConnect: IbDev 0 Port 1 qp_num 1604 query_ece={supported=1, vendor_id=0x15b3, options=0x30000002, comp_mask=0x0}
srv1:31:42 [0] NCCL INFO NET/IB: ncclIbResiliencyInit: Resiliency is disabled on the send communicator (comm=0xeefa4905d000)
srv1:31:42 [0] NCCL INFO NET/IB: ncclIbResiliencyInit: Resiliency is disabled on the recv communicator (comm=0xeefa49098000)
srv1:31:42 [0] NCCL INFO NET/IB: ncclIbRecvCommInit: Receive work requests will be posted on-demand
srv1:31:42 [0] NCCL INFO NET/IB: ncclIbReceiverQpsCreateToRts: QP created: port=1 dev=0 devName=rocep1s0f0 ndevs=2 nmdevs=2 qp_num=1605 pkey=0 pd=0xeefa4808fc30
srv1:31:42 [0] NCCL INFO NET/IB: ncclIbReceiverQpsCreateToRts: QP created: port=1 dev=0 devName=rocep1s0f0 ndevs=2 nmdevs=2 qp_num=1606 pkey=0 pd=0xeefa4808fc30
srv1:31:42 [0] NCCL INFO NET/IB: ncclIbSenderQpsCreate: QP created: port=1 dev=1 devName=roceP2p1s0f0 ndevs=2 nmdevs=2 qp_num=1726 pkey=0 pd=0xeefa4824d8e0
srv1:31:42 [0] NCCL INFO NET/IB: ncclIbConnect: NCCL Dev 1 IbDev 1 Port 1 qp_num 1726 mtu 5 GID 3 (0/10B0A0AFFFF0000) ctsFifoRkey=0x19c1be ctsFifoLkey=0x19c1be
srv1:31:42 [0] NCCL INFO NET/IB: ncclIbConnect: IbDev 1 Port 1 qp_num 1726 query_ece={supported=1, vendor_id=0x15b3, options=0x30000002, comp_mask=0x0}
srv1:31:42 [0] NCCL INFO NET/IB: ncclIbReceiverQpsCreateToRts: QP created: port=1 dev=1 devName=roceP2p1s0f0 ndevs=2 nmdevs=2 qp_num=1727 pkey=0 pd=0xeefa4824d8e0
srv1:31:42 [0] NCCL INFO NET/IB: ncclIbReceiverQpsCreateToRts: QP created: port=1 dev=1 devName=roceP2p1s0f0 ndevs=2 nmdevs=2 qp_num=1728 pkey=0 pd=0xeefa4824d8e0
srv1:31:42 [0] NCCL INFO NET/IB: ncclIbResiliencyInit: Resiliency is disabled on the send communicator (comm=0xeefa491a9000)
srv1:31:42 [0] NCCL INFO NET/IB: ncclIbSenderQpsToRts: Set ECE: IbDev 0 Port 1 qp_num 1604 set_ece={supported=1, vendor_id=0x15b3, options=0x30000002, comp_mask=0x0}
srv1:31:42 [0] NCCL INFO NET/IB: ncclIbResiliencyInit: Resiliency is disabled on the recv communicator (comm=0xeefa491e4000)
srv1:31:42 [0] NCCL INFO NET/IB: ncclIbRecvCommInit: Receive work requests will be posted on-demand
srv1:31:42 [0] NCCL INFO NET/IB: ncclIbResiliencyInit: Resiliency is disabled on the send communicator (comm=0xeefa49221000)
srv1:31:42 [0] NCCL INFO NET/IB: ncclIbResiliencyInit: Resiliency is disabled on the recv communicator (comm=0xeefa4925a000)
srv1:31:42 [0] NCCL INFO NET/IB: ncclIbRecvCommInit: Receive work requests will be posted on-demand
srv1:31:42 [0] NCCL INFO NET/IB: ncclIbResiliencyInit: Resiliency is disabled on the send communicator (comm=0xeefa49299000)
srv1:31:42 [0] NCCL INFO NET/IB: ncclIbResiliencyInit: Resiliency is disabled on the recv communicator (comm=0xeefa492d4000)
srv1:31:42 [0] NCCL INFO NET/IB: ncclIbRecvCommInit: Receive work requests will be posted on-demand
srv1:31:42 [0] NCCL INFO NET/IB: ncclIbResiliencyInit: Resiliency is disabled on the send communicator (comm=0xeefa49313000)
srv1:31:42 [0] NCCL INFO NET/IB: ncclIbResiliencyInit: Resiliency is disabled on the recv communicator (comm=0xeefa4934e000)
srv1:31:42 [0] NCCL INFO NET/IB: ncclIbRecvCommInit: Receive work requests will be posted on-demand
srv1:31:42 [0] NCCL INFO NET/IB: ncclIbResiliencyInit: Resiliency is disabled on the send communicator (comm=0xeefa4938d000)
srv1:31:42 [0] NCCL INFO NET/IB: ncclIbResiliencyInit: Resiliency is disabled on the recv communicator (comm=0xeefa493c8000)
srv1:31:42 [0] NCCL INFO NET/IB: ncclIbRecvCommInit: Receive work requests will be posted on-demand
srv1:31:42 [0] NCCL INFO NET/IB: ncclIbResiliencyInit: Resiliency is disabled on the send communicator (comm=0xeefa49405000)
srv1:31:42 [0] NCCL INFO NET/IB: ncclIbResiliencyInit: Resiliency is disabled on the recv communicator (comm=0xeefa49440000)
srv1:31:42 [0] NCCL INFO NET/IB: ncclIbRecvCommInit: Receive work requests will be posted on-demand
srv1:31:42 [0] NCCL INFO NET/IB: ncclIbResiliencyInit: Resiliency is disabled on the recv communicator (comm=0xeefa4947f000)
srv1:31:42 [0] NCCL INFO NET/IB: ncclIbRecvCommInit: Receive work requests will be posted on-demand
srv1:31:42 [0] NCCL INFO NET/IB: ncclIbResiliencyInit: Resiliency is disabled on the recv communicator (comm=0xeefa494be000)
srv1:31:42 [0] NCCL INFO NET/IB: ncclIbRecvCommInit: Receive work requests will be posted on-demand
srv1:31:42 [0] NCCL INFO NET/IB: ncclIbResiliencyInit: Resiliency is disabled on the recv communicator (comm=0xeefa494fd000)
srv1:31:42 [0] NCCL INFO NET/IB: ncclIbRecvCommInit: Receive work requests will be posted on-demand
srv1:31:42 [0] NCCL INFO NET/IB: ncclIbResiliencyInit: Resiliency is disabled on the recv communicator (comm=0xeefa4953c000)
srv1:31:42 [0] NCCL INFO NET/IB: ncclIbRecvCommInit: Receive work requests will be posted on-demand
srv1:31:42 [0] NCCL INFO NET/IB: ncclIbResiliencyInit: Resiliency is disabled on the recv communicator (comm=0xeefa4957b000)
srv1:31:42 [0] NCCL INFO NET/IB: ncclIbRecvCommInit: Receive work requests will be posted on-demand
srv1:31:42 [0] NCCL INFO NET/IB: ncclIbResiliencyInit: Resiliency is disabled on the recv communicator (comm=0xeefa495ba000)
srv1:31:42 [0] NCCL INFO NET/IB: ncclIbRecvCommInit: Receive work requests will be posted on-demand
srv1:31:42 [0] NCCL INFO NET/IB: ncclIbResiliencyInit: Resiliency is disabled on the recv communicator (comm=0xeefa495f9000)
srv1:31:42 [0] NCCL INFO NET/IB: ncclIbRecvCommInit: Receive work requests will be posted on-demand
srv1:31:42 [0] NCCL INFO NET/IB: ncclIbResiliencyInit: Resiliency is disabled on the recv communicator (comm=0xeefa49638000)
srv1:31:42 [0] NCCL INFO NET/IB: ncclIbRecvCommInit: Receive work requests will be posted on-demand
srv1:31:42 [0] NCCL INFO NET/IB: ncclIbResiliencyInit: Resiliency is disabled on the send communicator (comm=0xeefa49677000)
srv1:31:42 [0] NCCL INFO NET/IB: ncclIbResiliencyInit: Resiliency is disabled on the recv communicator (comm=0xeefa496b2000)
srv1:31:42 [0] NCCL INFO NET/IB: ncclIbRecvCommInit: Receive work requests will be posted on-demand
srv1:31:42 [0] NCCL INFO NET/IB: ncclIbResiliencyInit: Resiliency is disabled on the send communicator (comm=0xeefa496f1000)
srv1:31:42 [0] NCCL INFO NET/IB: ncclIbResiliencyInit: Resiliency is disabled on the recv communicator (comm=0xeefa4972c000)
srv1:31:42 [0] NCCL INFO NET/IB: ncclIbRecvCommInit: Receive work requests will be posted on-demand
srv1:31:42 [0] NCCL INFO NET/IB: ncclIbResiliencyInit: Resiliency is disabled on the send communicator (comm=0xeefa4976b000)
srv1:31:42 [0] NCCL INFO NET/IB: ncclIbResiliencyInit: Resiliency is disabled on the recv communicator (comm=0xeefa497a6000)
srv1:31:42 [0] NCCL INFO NET/IB: ncclIbRecvCommInit: Receive work requests will be posted on-demand
srv1:31:42 [0] NCCL INFO NET/IB: ncclIbResiliencyInit: Resiliency is disabled on the send communicator (comm=0xeefa497e5000)
srv1:31:42 [0] NCCL INFO NET/IB: ncclIbResiliencyInit: Resiliency is disabled on the recv communicator (comm=0xeefa49820000)
srv1:31:42 [0] NCCL INFO NET/IB: ncclIbRecvCommInit: Receive work requests will be posted on-demand
srv1:31:42 [0] NCCL INFO NET/IB: ncclIbResiliencyInit: Resiliency is disabled on the send communicator (comm=0xeefa4985f000)
srv1:31:42 [0] NCCL INFO NET/IB: ncclIbResiliencyInit: Resiliency is disabled on the recv communicator (comm=0xeefa4989a000)
srv1:31:42 [0] NCCL INFO NET/IB: ncclIbRecvCommInit: Receive work requests will be posted on-demand
srv1:31:42 [0] NCCL INFO NET/IB: ncclIbResiliencyInit: Resiliency is disabled on the send communicator (comm=0xeefa498d9000)
srv1:31:42 [0] NCCL INFO NET/IB: ncclIbSenderQpsToRts: Set ECE: IbDev 1 Port 1 qp_num 1726 set_ece={supported=1, vendor_id=0x15b3, options=0x30000002, comp_mask=0x0}
srv1:31:42 [0] NCCL INFO NET/IB: ncclIbSenderQpsCreate: QP created: port=1 dev=0 devName=rocep1s0f0 ndevs=2 nmdevs=2 qp_num=1607 pkey=0 pd=0xeefa4808fc30
srv1:31:42 [0] NCCL INFO NET/IB: ncclIbConnect: NCCL Dev 0 IbDev 0 Port 1 qp_num 1607 mtu 5 GID 3 (0/10A0A0AFFFF0000) ctsFifoRkey=0x181cd9 ctsFifoLkey=0x181cd9
srv1:31:42 [0] NCCL INFO NET/IB: ncclIbConnect: IbDev 0 Port 1 qp_num 1607 query_ece={supported=1, vendor_id=0x15b3, options=0x30000002, comp_mask=0x0}
srv1:31:42 [0] NCCL INFO NET/IB: ncclIbReceiverQpsCreateToRts: QP created: port=1 dev=0 devName=rocep1s0f0 ndevs=2 nmdevs=2 qp_num=1608 pkey=0 pd=0xeefa4808fc30
srv1:31:42 [0] NCCL INFO NET/IB: ncclIbReceiverQpsCreateToRts: QP created: port=1 dev=0 devName=rocep1s0f0 ndevs=2 nmdevs=2 qp_num=1609 pkey=0 pd=0xeefa4808fc30
srv1:31:42 [0] NCCL INFO NET/IB: ncclIbSenderQpsCreate: QP created: port=1 dev=1 devName=roceP2p1s0f0 ndevs=2 nmdevs=2 qp_num=1729 pkey=0 pd=0xeefa4824d8e0
srv1:31:42 [0] NCCL INFO NET/IB: ncclIbConnect: NCCL Dev 1 IbDev 1 Port 1 qp_num 1729 mtu 5 GID 3 (0/10B0A0AFFFF0000) ctsFifoRkey=0x19b5b2 ctsFifoLkey=0x19b5b2
srv1:31:42 [0] NCCL INFO NET/IB: ncclIbConnect: IbDev 1 Port 1 qp_num 1729 query_ece={supported=1, vendor_id=0x15b3, options=0x30000002, comp_mask=0x0}
srv1:31:42 [0] NCCL INFO NET/IB: ncclIbReceiverQpsCreateToRts: QP created: port=1 dev=1 devName=roceP2p1s0f0 ndevs=2 nmdevs=2 qp_num=1730 pkey=0 pd=0xeefa4824d8e0
srv1:31:42 [0] NCCL INFO NET/IB: ncclIbReceiverQpsCreateToRts: QP created: port=1 dev=1 devName=roceP2p1s0f0 ndevs=2 nmdevs=2 qp_num=1731 pkey=0 pd=0xeefa4824d8e0
srv1:31:42 [0] NCCL INFO NET/IB: ncclIbSenderQpsCreate: QP created: port=1 dev=0 devName=rocep1s0f0 ndevs=2 nmdevs=2 qp_num=1610 pkey=0 pd=0xeefa4808fc30
srv1:31:42 [0] NCCL INFO NET/IB: ncclIbConnect: NCCL Dev 0 IbDev 0 Port 1 qp_num 1610 mtu 5 GID 3 (0/10A0A0AFFFF0000) ctsFifoRkey=0x1813cf ctsFifoLkey=0x1813cf
srv1:31:42 [0] NCCL INFO NET/IB: ncclIbConnect: IbDev 0 Port 1 qp_num 1610 query_ece={supported=1, vendor_id=0x15b3, options=0x30000002, comp_mask=0x0}
srv1:31:42 [0] NCCL INFO NET/IB: ncclIbReceiverQpsCreateToRts: QP created: port=1 dev=0 devName=rocep1s0f0 ndevs=2 nmdevs=2 qp_num=1611 pkey=0 pd=0xeefa4808fc30
srv1:31:42 [0] NCCL INFO NET/IB: ncclIbReceiverQpsCreateToRts: QP created: port=1 dev=0 devName=rocep1s0f0 ndevs=2 nmdevs=2 qp_num=1612 pkey=0 pd=0xeefa4808fc30
srv1:31:42 [0] NCCL INFO NET/IB: ncclIbSenderQpsCreate: QP created: port=1 dev=1 devName=roceP2p1s0f0 ndevs=2 nmdevs=2 qp_num=1732 pkey=0 pd=0xeefa4824d8e0
srv1:31:42 [0] NCCL INFO NET/IB: ncclIbConnect: NCCL Dev 1 IbDev 1 Port 1 qp_num 1732 mtu 5 GID 3 (0/10B0A0AFFFF0000) ctsFifoRkey=0x19a6a4 ctsFifoLkey=0x19a6a4
srv1:31:42 [0] NCCL INFO NET/IB: ncclIbConnect: IbDev 1 Port 1 qp_num 1732 query_ece={supported=1, vendor_id=0x15b3, options=0x30000002, comp_mask=0x0}
srv1:31:42 [0] NCCL INFO NET/IB: ncclIbReceiverQpsCreateToRts: QP created: port=1 dev=1 devName=roceP2p1s0f0 ndevs=2 nmdevs=2 qp_num=1733 pkey=0 pd=0xeefa4824d8e0
srv1:31:42 [0] NCCL INFO NET/IB: ncclIbReceiverQpsCreateToRts: QP created: port=1 dev=1 devName=roceP2p1s0f0 ndevs=2 nmdevs=2 qp_num=1734 pkey=0 pd=0xeefa4824d8e0
srv1:31:42 [0] NCCL INFO NET/IB: ncclIbSenderQpsCreate: QP created: port=1 dev=0 devName=rocep1s0f0 ndevs=2 nmdevs=2 qp_num=1613 pkey=0 pd=0xeefa4808fc30
srv1:31:42 [0] NCCL INFO NET/IB: ncclIbConnect: NCCL Dev 0 IbDev 0 Port 1 qp_num 1613 mtu 5 GID 3 (0/10A0A0AFFFF0000) ctsFifoRkey=0x1805c2 ctsFifoLkey=0x1805c2
srv1:31:42 [0] NCCL INFO NET/IB: ncclIbConnect: IbDev 0 Port 1 qp_num 1613 query_ece={supported=1, vendor_id=0x15b3, options=0x30000002, comp_mask=0x0}
srv1:31:42 [0] NCCL INFO NET/IB: ncclIbReceiverQpsCreateToRts: QP created: port=1 dev=0 devName=rocep1s0f0 ndevs=2 nmdevs=2 qp_num=1614 pkey=0 pd=0xeefa4808fc30
srv1:31:42 [0] NCCL INFO NET/IB: ncclIbReceiverQpsCreateToRts: QP created: port=1 dev=0 devName=rocep1s0f0 ndevs=2 nmdevs=2 qp_num=1615 pkey=0 pd=0xeefa4808fc30
srv1:31:42 [0] NCCL INFO NET/IB: ncclIbSenderQpsCreate: QP created: port=1 dev=1 devName=roceP2p1s0f0 ndevs=2 nmdevs=2 qp_num=1735 pkey=0 pd=0xeefa4824d8e0
srv1:31:42 [0] NCCL INFO NET/IB: ncclIbConnect: NCCL Dev 1 IbDev 1 Port 1 qp_num 1735 mtu 5 GID 3 (0/10B0A0AFFFF0000) ctsFifoRkey=0x199794 ctsFifoLkey=0x199794
srv1:31:42 [0] NCCL INFO NET/IB: ncclIbConnect: IbDev 1 Port 1 qp_num 1735 query_ece={supported=1, vendor_id=0x15b3, options=0x30000002, comp_mask=0x0}
srv1:31:42 [0] NCCL INFO NET/IB: ncclIbReceiverQpsCreateToRts: QP created: port=1 dev=1 devName=roceP2p1s0f0 ndevs=2 nmdevs=2 qp_num=1736 pkey=0 pd=0xeefa4824d8e0
srv1:31:42 [0] NCCL INFO NET/IB: ncclIbReceiverQpsCreateToRts: QP created: port=1 dev=1 devName=roceP2p1s0f0 ndevs=2 nmdevs=2 qp_num=1737 pkey=0 pd=0xeefa4824d8e0
srv1:31:42 [0] NCCL INFO NET/IB: ncclIbResiliencyInit: Resiliency is disabled on the recv communicator (comm=0xeefa49c1e000)
srv1:31:42 [0] NCCL INFO NET/IB: ncclIbRecvCommInit: Receive work requests will be posted on-demand
srv1:31:42 [0] NCCL INFO NET/IB: ncclIbSenderQpsToRts: Set ECE: IbDev 0 Port 1 qp_num 1607 set_ece={supported=1, vendor_id=0x15b3, options=0x30000002, comp_mask=0x0}
srv1:31:42 [0] NCCL INFO NET/IB: ncclIbSenderQpsToRts: Set ECE: IbDev 1 Port 1 qp_num 1729 set_ece={supported=1, vendor_id=0x15b3, options=0x30000002, comp_mask=0x0}
srv1:31:42 [0] NCCL INFO NET/IB: ncclIbSenderQpsToRts: Set ECE: IbDev 0 Port 1 qp_num 1610 set_ece={supported=1, vendor_id=0x15b3, options=0x30000002, comp_mask=0x0}
srv1:31:42 [0] NCCL INFO NET/IB: ncclIbSenderQpsToRts: Set ECE: IbDev 1 Port 1 qp_num 1732 set_ece={supported=1, vendor_id=0x15b3, options=0x30000002, comp_mask=0x0}
srv1:31:42 [0] NCCL INFO NET/IB: ncclIbSenderQpsToRts: Set ECE: IbDev 0 Port 1 qp_num 1613 set_ece={supported=1, vendor_id=0x15b3, options=0x30000002, comp_mask=0x0}
srv1:31:42 [0] NCCL INFO NET/IB: ncclIbSenderQpsToRts: Set ECE: IbDev 1 Port 1 qp_num 1735 set_ece={supported=1, vendor_id=0x15b3, options=0x30000002, comp_mask=0x0}
srv1:31:42 [0] NCCL INFO NET/IB: ncclIbSenderQpsCreate: QP created: port=1 dev=0 devName=rocep1s0f0 ndevs=2 nmdevs=2 qp_num=1616 pkey=0 pd=0xeefa4808fc30
srv1:31:42 [0] NCCL INFO NET/IB: ncclIbConnect: NCCL Dev 0 IbDev 0 Port 1 qp_num 1616 mtu 5 GID 3 (0/10A0A0AFFFF0000) ctsFifoRkey=0x17f7b4 ctsFifoLkey=0x17f7b4
srv1:31:42 [0] NCCL INFO NET/IB: ncclIbConnect: IbDev 0 Port 1 qp_num 1616 query_ece={supported=1, vendor_id=0x15b3, options=0x30000002, comp_mask=0x0}
srv1:31:42 [0] NCCL INFO NET/IB: ncclIbSenderQpsCreate: QP created: port=1 dev=1 devName=roceP2p1s0f0 ndevs=2 nmdevs=2 qp_num=1738 pkey=0 pd=0xeefa4824d8e0
srv1:31:42 [0] NCCL INFO NET/IB: ncclIbConnect: NCCL Dev 1 IbDev 1 Port 1 qp_num 1738 mtu 5 GID 3 (0/10B0A0AFFFF0000) ctsFifoRkey=0x198784 ctsFifoLkey=0x198784
srv1:31:42 [0] NCCL INFO NET/IB: ncclIbConnect: IbDev 1 Port 1 qp_num 1738 query_ece={supported=1, vendor_id=0x15b3, options=0x30000002, comp_mask=0x0}
srv1:31:42 [0] NCCL INFO NET/IB: ncclIbSenderQpsCreate: QP created: port=1 dev=0 devName=rocep1s0f0 ndevs=2 nmdevs=2 qp_num=1617 pkey=0 pd=0xeefa4808fc30
srv1:31:42 [0] NCCL INFO NET/IB: ncclIbConnect: NCCL Dev 0 IbDev 0 Port 1 qp_num 1617 mtu 5 GID 3 (0/10A0A0AFFFF0000) ctsFifoRkey=0x17edad ctsFifoLkey=0x17edad
srv1:31:42 [0] NCCL INFO NET/IB: ncclIbConnect: IbDev 0 Port 1 qp_num 1617 query_ece={supported=1, vendor_id=0x15b3, options=0x30000002, comp_mask=0x0}
srv1:31:42 [0] NCCL INFO NET/IB: ncclIbResiliencyInit: Resiliency is disabled on the send communicator (comm=0xeefa49ce7000)
srv1:31:42 [0] NCCL INFO NET/IB: ncclIbResiliencyInit: Resiliency is disabled on the recv communicator (comm=0xeefa49d20000)
srv1:31:42 [0] NCCL INFO NET/IB: ncclIbRecvCommInit: Receive work requests will be posted on-demand
srv1:31:42 [0] NCCL INFO NET/IB: ncclIbResiliencyInit: Resiliency is disabled on the send communicator (comm=0xeefa49d5d000)
srv1:31:42 [0] NCCL INFO NET/IB: ncclIbResiliencyInit: Resiliency is disabled on the recv communicator (comm=0xeefa49d96000)
srv1:31:42 [0] NCCL INFO NET/IB: ncclIbRecvCommInit: Receive work requests will be posted on-demand
srv1:31:42 [0] NCCL INFO NET/IB: ncclIbSenderQpsToRts: Set ECE: IbDev 0 Port 1 qp_num 1616 set_ece={supported=1, vendor_id=0x15b3, options=0x30000002, comp_mask=0x0}
srv1:31:42 [0] NCCL INFO NET/IB: ncclIbSenderQpsToRts: Set ECE: IbDev 1 Port 1 qp_num 1738 set_ece={supported=1, vendor_id=0x15b3, options=0x30000002, comp_mask=0x0}
srv1:31:42 [0] NCCL INFO NET/IB: ncclIbSenderQpsToRts: Set ECE: IbDev 0 Port 1 qp_num 1617 set_ece={supported=1, vendor_id=0x15b3, options=0x30000002, comp_mask=0x0}
srv1:31:42 [0] NCCL INFO NET/IB: ncclIbSenderQpsCreate: QP created: port=1 dev=1 devName=roceP2p1s0f0 ndevs=2 nmdevs=2 qp_num=1739 pkey=0 pd=0xeefa4824d8e0
srv1:31:42 [0] NCCL INFO NET/IB: ncclIbConnect: NCCL Dev 1 IbDev 1 Port 1 qp_num 1739 mtu 5 GID 3 (0/10B0A0AFFFF0000) ctsFifoRkey=0x19867a ctsFifoLkey=0x19867a
srv1:31:42 [0] NCCL INFO NET/IB: ncclIbConnect: IbDev 1 Port 1 qp_num 1739 query_ece={supported=1, vendor_id=0x15b3, options=0x30000002, comp_mask=0x0}
srv1:31:42 [0] NCCL INFO NET/IB: ncclIbReceiverQpsCreateToRts: QP created: port=1 dev=0 devName=rocep1s0f0 ndevs=2 nmdevs=2 qp_num=1618 pkey=0 pd=0xeefa4808fc30
srv1:31:42 [0] NCCL INFO NET/IB: ncclIbReceiverQpsCreateToRts: QP created: port=1 dev=0 devName=rocep1s0f0 ndevs=2 nmdevs=2 qp_num=1619 pkey=0 pd=0xeefa4808fc30
srv1:31:42 [0] NCCL INFO NET/IB: ncclIbReceiverQpsCreateToRts: QP created: port=1 dev=1 devName=roceP2p1s0f0 ndevs=2 nmdevs=2 qp_num=1740 pkey=0 pd=0xeefa4824d8e0
srv1:31:42 [0] NCCL INFO NET/IB: ncclIbReceiverQpsCreateToRts: QP created: port=1 dev=1 devName=roceP2p1s0f0 ndevs=2 nmdevs=2 qp_num=1741 pkey=0 pd=0xeefa4824d8e0
srv1:31:42 [0] NCCL INFO NET/IB: ncclIbReceiverQpsCreateToRts: QP created: port=1 dev=0 devName=rocep1s0f0 ndevs=2 nmdevs=2 qp_num=1620 pkey=0 pd=0xeefa4808fc30
srv1:31:42 [0] NCCL INFO NET/IB: ncclIbReceiverQpsCreateToRts: QP created: port=1 dev=0 devName=rocep1s0f0 ndevs=2 nmdevs=2 qp_num=1621 pkey=0 pd=0xeefa4808fc30
srv1:31:42 [0] NCCL INFO NET/IB: ncclIbReceiverQpsCreateToRts: QP created: port=1 dev=1 devName=roceP2p1s0f0 ndevs=2 nmdevs=2 qp_num=1742 pkey=0 pd=0xeefa4824d8e0
srv1:31:42 [0] NCCL INFO NET/IB: ncclIbReceiverQpsCreateToRts: QP created: port=1 dev=1 devName=roceP2p1s0f0 ndevs=2 nmdevs=2 qp_num=1743 pkey=0 pd=0xeefa4824d8e0
srv1:31:42 [0] NCCL INFO NET/IB: ncclIbReceiverQpsCreateToRts: QP created: port=1 dev=0 devName=rocep1s0f0 ndevs=2 nmdevs=2 qp_num=1622 pkey=0 pd=0xeefa4808fc30
srv1:31:42 [0] NCCL INFO NET/IB: ncclIbReceiverQpsCreateToRts: QP created: port=1 dev=0 devName=rocep1s0f0 ndevs=2 nmdevs=2 qp_num=1623 pkey=0 pd=0xeefa4808fc30
srv1:31:42 [0] NCCL INFO NET/IB: ncclIbSenderQpsToRts: Set ECE: IbDev 1 Port 1 qp_num 1739 set_ece={supported=1, vendor_id=0x15b3, options=0x30000002, comp_mask=0x0}
srv1:31:42 [0] NCCL INFO NET/IB: ncclIbSenderQpsCreate: QP created: port=1 dev=0 devName=rocep1s0f0 ndevs=2 nmdevs=2 qp_num=1624 pkey=0 pd=0xeefa4808fc30
srv1:31:42 [0] NCCL INFO NET/IB: ncclIbConnect: NCCL Dev 0 IbDev 0 Port 1 qp_num 1624 mtu 5 GID 3 (0/10A0A0AFFFF0000) ctsFifoRkey=0x17e7a5 ctsFifoLkey=0x17e7a5
srv1:31:42 [0] NCCL INFO NET/IB: ncclIbConnect: IbDev 0 Port 1 qp_num 1624 query_ece={supported=1, vendor_id=0x15b3, options=0x30000002, comp_mask=0x0}
srv1:31:42 [0] NCCL INFO NET/IB: ncclIbSenderQpsCreate: QP created: port=1 dev=1 devName=roceP2p1s0f0 ndevs=2 nmdevs=2 qp_num=1744 pkey=0 pd=0xeefa4824d8e0
srv1:31:42 [0] NCCL INFO NET/IB: ncclIbConnect: NCCL Dev 1 IbDev 1 Port 1 qp_num 1744 mtu 5 GID 3 (0/10B0A0AFFFF0000) ctsFifoRkey=0x195f5e ctsFifoLkey=0x195f5e
srv1:31:42 [0] NCCL INFO NET/IB: ncclIbConnect: IbDev 1 Port 1 qp_num 1744 query_ece={supported=1, vendor_id=0x15b3, options=0x30000002, comp_mask=0x0}
srv1:31:42 [0] NCCL INFO NET/IB: ncclIbSenderQpsCreate: QP created: port=1 dev=0 devName=rocep1s0f0 ndevs=2 nmdevs=2 qp_num=1625 pkey=0 pd=0xeefa4808fc30
srv1:31:42 [0] NCCL INFO NET/IB: ncclIbConnect: NCCL Dev 0 IbDev 0 Port 1 qp_num 1625 mtu 5 GID 3 (0/10A0A0AFFFF0000) ctsFifoRkey=0x17e09e ctsFifoLkey=0x17e09e
srv1:31:42 [0] NCCL INFO NET/IB: ncclIbConnect: IbDev 0 Port 1 qp_num 1625 query_ece={supported=1, vendor_id=0x15b3, options=0x30000002, comp_mask=0x0}
srv1:31:42 [0] NCCL INFO NET/IB: ncclIbSenderQpsCreate: QP created: port=1 dev=1 devName=roceP2p1s0f0 ndevs=2 nmdevs=2 qp_num=1745 pkey=0 pd=0xeefa4824d8e0
srv1:31:42 [0] NCCL INFO NET/IB: ncclIbConnect: NCCL Dev 1 IbDev 1 Port 1 qp_num 1745 mtu 5 GID 3 (0/10B0A0AFFFF0000) ctsFifoRkey=0x195655 ctsFifoLkey=0x195655
srv1:31:42 [0] NCCL INFO NET/IB: ncclIbConnect: IbDev 1 Port 1 qp_num 1745 query_ece={supported=1, vendor_id=0x15b3, options=0x30000002, comp_mask=0x0}
srv1:31:42 [0] NCCL INFO NET/IB: ncclIbSenderQpsToRts: Set ECE: IbDev 0 Port 1 qp_num 1624 set_ece={supported=1, vendor_id=0x15b3, options=0x30000002, comp_mask=0x0}
srv1:31:42 [0] NCCL INFO NET/IB: ncclIbSenderQpsToRts: Set ECE: IbDev 1 Port 1 qp_num 1744 set_ece={supported=1, vendor_id=0x15b3, options=0x30000002, comp_mask=0x0}
srv1:31:42 [0] NCCL INFO NET/IB: ncclIbSenderQpsToRts: Set ECE: IbDev 0 Port 1 qp_num 1625 set_ece={supported=1, vendor_id=0x15b3, options=0x30000002, comp_mask=0x0}
srv1:31:42 [0] NCCL INFO NET/IB: ncclIbSenderQpsToRts: Set ECE: IbDev 1 Port 1 qp_num 1745 set_ece={supported=1, vendor_id=0x15b3, options=0x30000002, comp_mask=0x0}
srv1:31:42 [0] NCCL INFO NET/IB: ncclIbReceiverQpsCreateToRts: QP created: port=1 dev=1 devName=roceP2p1s0f0 ndevs=2 nmdevs=2 qp_num=1746 pkey=0 pd=0xeefa4824d8e0
srv1:31:42 [0] NCCL INFO NET/IB: ncclIbReceiverQpsCreateToRts: QP created: port=1 dev=1 devName=roceP2p1s0f0 ndevs=2 nmdevs=2 qp_num=1747 pkey=0 pd=0xeefa4824d8e0
srv1:31:42 [0] NCCL INFO NET/IB: ncclIbReceiverQpsCreateToRts: QP created: port=1 dev=1 devName=roceP2p1s0f0 ndevs=2 nmdevs=2 qp_num=1748 pkey=0 pd=0xeefa4824d8e0
srv1:31:42 [0] NCCL INFO NET/IB: ncclIbReceiverQpsCreateToRts: QP created: port=1 dev=1 devName=roceP2p1s0f0 ndevs=2 nmdevs=2 qp_num=1749 pkey=0 pd=0xeefa4824d8e0
srv1:31:42 [0] NCCL INFO NET/IB: ncclIbReceiverQpsCreateToRts: QP created: port=1 dev=0 devName=rocep1s0f0 ndevs=2 nmdevs=2 qp_num=1626 pkey=0 pd=0xeefa4808fc30
srv1:31:42 [0] NCCL INFO NET/IB: ncclIbReceiverQpsCreateToRts: QP created: port=1 dev=0 devName=rocep1s0f0 ndevs=2 nmdevs=2 qp_num=1627 pkey=0 pd=0xeefa4808fc30
srv1:31:42 [0] NCCL INFO NET/IB: ncclIbReceiverQpsCreateToRts: QP created: port=1 dev=0 devName=rocep1s0f0 ndevs=2 nmdevs=2 qp_num=1628 pkey=0 pd=0xeefa4808fc30
srv1:31:42 [0] NCCL INFO NET/IB: ncclIbReceiverQpsCreateToRts: QP created: port=1 dev=0 devName=rocep1s0f0 ndevs=2 nmdevs=2 qp_num=1629 pkey=0 pd=0xeefa4808fc30
srv1:31:42 [0] NCCL INFO NET/IB: ncclIbReceiverQpsCreateToRts: QP created: port=1 dev=1 devName=roceP2p1s0f0 ndevs=2 nmdevs=2 qp_num=1750 pkey=0 pd=0xeefa4824d8e0
srv1:31:42 [0] NCCL INFO NET/IB: ncclIbReceiverQpsCreateToRts: QP created: port=1 dev=1 devName=roceP2p1s0f0 ndevs=2 nmdevs=2 qp_num=1751 pkey=0 pd=0xeefa4824d8e0
srv1:31:42 [0] NCCL INFO NET/IB: ncclIbReceiverQpsCreateToRts: QP created: port=1 dev=0 devName=rocep1s0f0 ndevs=2 nmdevs=2 qp_num=1630 pkey=0 pd=0xeefa4808fc30
srv1:31:42 [0] NCCL INFO NET/IB: ncclIbReceiverQpsCreateToRts: QP created: port=1 dev=0 devName=rocep1s0f0 ndevs=2 nmdevs=2 qp_num=1631 pkey=0 pd=0xeefa4808fc30
srv1:31:42 [0] NCCL INFO NET/IB: ncclIbReceiverQpsCreateToRts: QP created: port=1 dev=1 devName=roceP2p1s0f0 ndevs=2 nmdevs=2 qp_num=1752 pkey=0 pd=0xeefa4824d8e0
srv1:31:42 [0] NCCL INFO NET/IB: ncclIbReceiverQpsCreateToRts: QP created: port=1 dev=1 devName=roceP2p1s0f0 ndevs=2 nmdevs=2 qp_num=1753 pkey=0 pd=0xeefa4824d8e0
srv1:31:42 [0] NCCL INFO NET/IB: ncclIbReceiverQpsCreateToRts: QP created: port=1 dev=1 devName=roceP2p1s0f0 ndevs=2 nmdevs=2 qp_num=1754 pkey=0 pd=0xeefa4824d8e0
srv1:31:42 [0] NCCL INFO NET/IB: ncclIbReceiverQpsCreateToRts: QP created: port=1 dev=1 devName=roceP2p1s0f0 ndevs=2 nmdevs=2 qp_num=1755 pkey=0 pd=0xeefa4824d8e0
srv1:31:42 [0] NCCL INFO NET/IB: ncclIbReceiverQpsCreateToRts: QP created: port=1 dev=0 devName=rocep1s0f0 ndevs=2 nmdevs=2 qp_num=1632 pkey=0 pd=0xeefa4808fc30
srv1:31:42 [0] NCCL INFO NET/IB: ncclIbReceiverQpsCreateToRts: QP created: port=1 dev=0 devName=rocep1s0f0 ndevs=2 nmdevs=2 qp_num=1633 pkey=0 pd=0xeefa4808fc30
srv1:31:42 [0] NCCL INFO NET/IB: ncclIbReceiverQpsCreateToRts: QP created: port=1 dev=1 devName=roceP2p1s0f0 ndevs=2 nmdevs=2 qp_num=1756 pkey=0 pd=0xeefa4824d8e0
srv1:31:42 [0] NCCL INFO NET/IB: ncclIbReceiverQpsCreateToRts: QP created: port=1 dev=1 devName=roceP2p1s0f0 ndevs=2 nmdevs=2 qp_num=1757 pkey=0 pd=0xeefa4824d8e0
srv1:31:42 [0] NCCL INFO NET/IB: ncclIbReceiverQpsCreateToRts: QP created: port=1 dev=0 devName=rocep1s0f0 ndevs=2 nmdevs=2 qp_num=1634 pkey=0 pd=0xeefa4808fc30
srv1:31:42 [0] NCCL INFO NET/IB: ncclIbReceiverQpsCreateToRts: QP created: port=1 dev=0 devName=rocep1s0f0 ndevs=2 nmdevs=2 qp_num=1635 pkey=0 pd=0xeefa4808fc30
srv1:31:31 [0] NCCL INFO Connected all trees
srv1:31:42 [0] NCCL INFO New proxy send connection 72 from local rank 0, transport 2
srv1:31:31 [0] NCCL INFO Connected to proxy localRank 0 -> connection 0xeefa480075b0
srv1:31:31 [0] NCCL INFO Channel 00/0 : 1[0] -> 0[0] [send] via NET/IB/0
srv1:31:42 [0] NCCL INFO New proxy send connection 73 from local rank 0, transport 2
srv1:31:31 [0] NCCL INFO Connected to proxy localRank 0 -> connection 0xeefa48007638
srv1:31:31 [0] NCCL INFO Channel 01/0 : 1[0] -> 0[0] [send] via NET/IB/1
srv1:31:42 [0] NCCL INFO New proxy send connection 74 from local rank 0, transport 2
srv1:31:31 [0] NCCL INFO Connected to proxy localRank 0 -> connection 0xeefa480076c0
srv1:31:31 [0] NCCL INFO Channel 02/0 : 1[0] -> 0[0] [send] via NET/IB/0
srv1:31:42 [0] NCCL INFO New proxy send connection 75 from local rank 0, transport 2
srv1:31:31 [0] NCCL INFO Connected to proxy localRank 0 -> connection 0xeefa48007748
srv1:31:31 [0] NCCL INFO Channel 03/0 : 1[0] -> 0[0] [send] via NET/IB/1
srv1:31:42 [0] NCCL INFO New proxy send connection 76 from local rank 0, transport 2
srv1:31:31 [0] NCCL INFO Connected to proxy localRank 0 -> connection 0xeefa480077d0
srv1:31:31 [0] NCCL INFO Channel 04/0 : 1[0] -> 0[0] [send] via NET/IB/0
srv1:31:42 [0] NCCL INFO New proxy send connection 77 from local rank 0, transport 2
srv1:31:31 [0] NCCL INFO Connected to proxy localRank 0 -> connection 0xeefa48007858
srv1:31:31 [0] NCCL INFO Channel 05/0 : 1[0] -> 0[0] [send] via NET/IB/1
srv1:31:42 [0] NCCL INFO New proxy send connection 78 from local rank 0, transport 2
srv1:31:31 [0] NCCL INFO Connected to proxy localRank 0 -> connection 0xeefa480078e0
srv1:31:31 [0] NCCL INFO Channel 06/0 : 1[0] -> 0[0] [send] via NET/IB/0
srv1:31:42 [0] NCCL INFO New proxy send connection 79 from local rank 0, transport 2
srv1:31:31 [0] NCCL INFO Connected to proxy localRank 0 -> connection 0xeefa48007968
srv1:31:31 [0] NCCL INFO Channel 07/0 : 1[0] -> 0[0] [send] via NET/IB/1
srv1:31:42 [0] NCCL INFO NET/IB: ncclIbResiliencyInit: Resiliency is disabled on the send communicator (comm=0xeefa4a3a9000)
srv1:31:42 [0] NCCL INFO NET/IB: ncclIbResiliencyInit: Resiliency is disabled on the send communicator (comm=0xeefa4a3e2000)
srv1:31:42 [0] NCCL INFO NET/IB: ncclIbSenderQpsCreate: QP created: port=1 dev=0 devName=rocep1s0f0 ndevs=2 nmdevs=2 qp_num=1636 pkey=0 pd=0xeefa4808fc30
srv1:31:42 [0] NCCL INFO NET/IB: ncclIbConnect: NCCL Dev 0 IbDev 0 Port 1 qp_num 1636 mtu 5 GID 3 (0/10A0A0AFFFF0000) ctsFifoRkey=0x17b470 ctsFifoLkey=0x17b470
srv1:31:42 [0] NCCL INFO NET/IB: ncclIbConnect: IbDev 0 Port 1 qp_num 1636 query_ece={supported=1, vendor_id=0x15b3, options=0x30000002, comp_mask=0x0}
srv1:31:42 [0] NCCL INFO NET/IB: ncclIbResiliencyInit: Resiliency is disabled on the send communicator (comm=0xeefa4a449000)
srv1:31:42 [0] NCCL INFO NET/IB: ncclIbResiliencyInit: Resiliency is disabled on the send communicator (comm=0xeefa4a482000)
srv1:31:42 [0] NCCL INFO NET/IB: ncclIbResiliencyInit: Resiliency is disabled on the send communicator (comm=0xeefa4a4bd000)
srv1:31:42 [0] NCCL INFO NET/IB: ncclIbResiliencyInit: Resiliency is disabled on the send communicator (comm=0xeefa4a4f8000)
srv1:31:42 [0] NCCL INFO NET/IB: ncclIbResiliencyInit: Resiliency is disabled on the send communicator (comm=0xeefa4a533000)
srv1:31:42 [0] NCCL INFO NET/IB: ncclIbResiliencyInit: Resiliency is disabled on the send communicator (comm=0xeefa4a56e000)
srv1:31:42 [0] NCCL INFO NET/IB: ncclIbSenderQpsToRts: Set ECE: IbDev 0 Port 1 qp_num 1636 set_ece={supported=1, vendor_id=0x15b3, options=0x30000002, comp_mask=0x0}
srv1:31:42 [0] NCCL INFO NET/IB: ncclIbSenderQpsCreate: QP created: port=1 dev=1 devName=roceP2p1s0f0 ndevs=2 nmdevs=2 qp_num=1758 pkey=0 pd=0xeefa4824d8e0
srv1:31:42 [0] NCCL INFO NET/IB: ncclIbConnect: NCCL Dev 1 IbDev 1 Port 1 qp_num 1758 mtu 5 GID 3 (0/10B0A0AFFFF0000) ctsFifoRkey=0x19bcb9 ctsFifoLkey=0x19bcb9
srv1:31:42 [0] NCCL INFO NET/IB: ncclIbConnect: IbDev 1 Port 1 qp_num 1758 query_ece={supported=1, vendor_id=0x15b3, options=0x30000002, comp_mask=0x0}
srv1:31:42 [0] NCCL INFO NET/IB: ncclIbSenderQpsToRts: Set ECE: IbDev 1 Port 1 qp_num 1758 set_ece={supported=1, vendor_id=0x15b3, options=0x30000002, comp_mask=0x0}
srv1:31:42 [0] NCCL INFO NET/IB: ncclIbSenderQpsCreate: QP created: port=1 dev=0 devName=rocep1s0f0 ndevs=2 nmdevs=2 qp_num=1637 pkey=0 pd=0xeefa4808fc30
srv1:31:42 [0] NCCL INFO NET/IB: ncclIbConnect: NCCL Dev 0 IbDev 0 Port 1 qp_num 1637 mtu 5 GID 3 (0/10A0A0AFFFF0000) ctsFifoRkey=0x17aa65 ctsFifoLkey=0x17aa65
srv1:31:42 [0] NCCL INFO NET/IB: ncclIbConnect: IbDev 0 Port 1 qp_num 1637 query_ece={supported=1, vendor_id=0x15b3, options=0x30000002, comp_mask=0x0}
srv1:31:42 [0] NCCL INFO NET/IB: ncclIbSenderQpsCreate: QP created: port=1 dev=1 devName=roceP2p1s0f0 ndevs=2 nmdevs=2 qp_num=1759 pkey=0 pd=0xeefa4824d8e0
srv1:31:42 [0] NCCL INFO NET/IB: ncclIbConnect: NCCL Dev 1 IbDev 1 Port 1 qp_num 1759 mtu 5 GID 3 (0/10B0A0AFFFF0000) ctsFifoRkey=0x19b6b3 ctsFifoLkey=0x19b6b3
srv1:31:42 [0] NCCL INFO NET/IB: ncclIbConnect: IbDev 1 Port 1 qp_num 1759 query_ece={supported=1, vendor_id=0x15b3, options=0x30000002, comp_mask=0x0}
srv1:31:42 [0] NCCL INFO NET/IB: ncclIbSenderQpsToRts: Set ECE: IbDev 0 Port 1 qp_num 1637 set_ece={supported=1, vendor_id=0x15b3, options=0x30000002, comp_mask=0x0}
srv1:31:42 [0] NCCL INFO NET/IB: ncclIbSenderQpsToRts: Set ECE: IbDev 1 Port 1 qp_num 1759 set_ece={supported=1, vendor_id=0x15b3, options=0x30000002, comp_mask=0x0}
srv1:31:42 [0] NCCL INFO NET/IB: ncclIbSenderQpsCreate: QP created: port=1 dev=0 devName=rocep1s0f0 ndevs=2 nmdevs=2 qp_num=1638 pkey=0 pd=0xeefa4808fc30
srv1:31:42 [0] NCCL INFO NET/IB: ncclIbConnect: NCCL Dev 0 IbDev 0 Port 1 qp_num 1638 mtu 5 GID 3 (0/10A0A0AFFFF0000) ctsFifoRkey=0x179b5a ctsFifoLkey=0x179b5a
srv1:31:42 [0] NCCL INFO NET/IB: ncclIbConnect: IbDev 0 Port 1 qp_num 1638 query_ece={supported=1, vendor_id=0x15b3, options=0x30000002, comp_mask=0x0}
srv1:31:42 [0] NCCL INFO NET/IB: ncclIbSenderQpsToRts: Set ECE: IbDev 0 Port 1 qp_num 1638 set_ece={supported=1, vendor_id=0x15b3, options=0x30000002, comp_mask=0x0}
srv1:31:42 [0] NCCL INFO NET/IB: ncclIbSenderQpsCreate: QP created: port=1 dev=1 devName=roceP2p1s0f0 ndevs=2 nmdevs=2 qp_num=1760 pkey=0 pd=0xeefa4824d8e0
srv1:31:42 [0] NCCL INFO NET/IB: ncclIbConnect: NCCL Dev 1 IbDev 1 Port 1 qp_num 1760 mtu 5 GID 3 (0/10B0A0AFFFF0000) ctsFifoRkey=0x19706d ctsFifoLkey=0x19706d
srv1:31:42 [0] NCCL INFO NET/IB: ncclIbConnect: IbDev 1 Port 1 qp_num 1760 query_ece={supported=1, vendor_id=0x15b3, options=0x30000002, comp_mask=0x0}
srv1:31:42 [0] NCCL INFO NET/IB: ncclIbSenderQpsCreate: QP created: port=1 dev=0 devName=rocep1s0f0 ndevs=2 nmdevs=2 qp_num=1639 pkey=0 pd=0xeefa4808fc30
srv1:31:42 [0] NCCL INFO NET/IB: ncclIbConnect: NCCL Dev 0 IbDev 0 Port 1 qp_num 1639 mtu 5 GID 3 (0/10A0A0AFFFF0000) ctsFifoRkey=0x17924f ctsFifoLkey=0x17924f
srv1:31:42 [0] NCCL INFO NET/IB: ncclIbConnect: IbDev 0 Port 1 qp_num 1639 query_ece={supported=1, vendor_id=0x15b3, options=0x30000002, comp_mask=0x0}
srv1:31:42 [0] NCCL INFO NET/IB: ncclIbSenderQpsCreate: QP created: port=1 dev=1 devName=roceP2p1s0f0 ndevs=2 nmdevs=2 qp_num=1761 pkey=0 pd=0xeefa4824d8e0
srv1:31:42 [0] NCCL INFO NET/IB: ncclIbConnect: NCCL Dev 1 IbDev 1 Port 1 qp_num 1761 mtu 5 GID 3 (0/10B0A0AFFFF0000) ctsFifoRkey=0x19adac ctsFifoLkey=0x19adac
srv1:31:42 [0] NCCL INFO NET/IB: ncclIbConnect: IbDev 1 Port 1 qp_num 1761 query_ece={supported=1, vendor_id=0x15b3, options=0x30000002, comp_mask=0x0}
srv1:31:42 [0] NCCL INFO NET/IB: ncclIbSenderQpsToRts: Set ECE: IbDev 1 Port 1 qp_num 1760 set_ece={supported=1, vendor_id=0x15b3, options=0x30000002, comp_mask=0x0}
srv1:31:42 [0] NCCL INFO NET/IB: ncclIbSenderQpsToRts: Set ECE: IbDev 0 Port 1 qp_num 1639 set_ece={supported=1, vendor_id=0x15b3, options=0x30000002, comp_mask=0x0}
srv1:31:42 [0] NCCL INFO NET/IB: ncclIbSenderQpsToRts: Set ECE: IbDev 1 Port 1 qp_num 1761 set_ece={supported=1, vendor_id=0x15b3, options=0x30000002, comp_mask=0x0}
srv1:31:42 [0] NCCL INFO New proxy recv connection 80 from local rank 0, transport 2
srv1:31:31 [0] NCCL INFO Connected to proxy localRank 0 -> connection 0xeefa480079f0
srv1:31:31 [0] NCCL INFO Channel 00/0 : 3[0] -> 1[0] [receive] via NET/IB/0
srv1:31:42 [0] NCCL INFO New proxy recv connection 81 from local rank 0, transport 2
srv1:31:31 [0] NCCL INFO Connected to proxy localRank 0 -> connection 0xeefa48007a78
srv1:31:31 [0] NCCL INFO Channel 01/0 : 3[0] -> 1[0] [receive] via NET/IB/1
srv1:31:42 [0] NCCL INFO New proxy recv connection 82 from local rank 0, transport 2
srv1:31:31 [0] NCCL INFO Connected to proxy localRank 0 -> connection 0xeefa48007b00
srv1:31:31 [0] NCCL INFO Channel 02/0 : 3[0] -> 1[0] [receive] via NET/IB/0
srv1:31:42 [0] NCCL INFO New proxy recv connection 83 from local rank 0, transport 2
srv1:31:31 [0] NCCL INFO Connected to proxy localRank 0 -> connection 0xeefa48007b88
srv1:31:31 [0] NCCL INFO Channel 03/0 : 3[0] -> 1[0] [receive] via NET/IB/1
srv1:31:42 [0] NCCL INFO New proxy recv connection 84 from local rank 0, transport 2
srv1:31:31 [0] NCCL INFO Connected to proxy localRank 0 -> connection 0xeefa48007c10
srv1:31:31 [0] NCCL INFO Channel 04/0 : 3[0] -> 1[0] [receive] via NET/IB/0
srv1:31:42 [0] NCCL INFO New proxy recv connection 85 from local rank 0, transport 2
srv1:31:31 [0] NCCL INFO Connected to proxy localRank 0 -> connection 0xeefa48007c98
srv1:31:31 [0] NCCL INFO Channel 05/0 : 3[0] -> 1[0] [receive] via NET/IB/1
srv1:31:42 [0] NCCL INFO New proxy recv connection 86 from local rank 0, transport 2
srv1:31:31 [0] NCCL INFO Connected to proxy localRank 0 -> connection 0xeefa48007d20
srv1:31:31 [0] NCCL INFO Channel 06/0 : 3[0] -> 1[0] [receive] via NET/IB/0
srv1:31:42 [0] NCCL INFO New proxy recv connection 87 from local rank 0, transport 2
srv1:31:31 [0] NCCL INFO Connected to proxy localRank 0 -> connection 0xeefa48007da8
srv1:31:31 [0] NCCL INFO Channel 07/0 : 3[0] -> 1[0] [receive] via NET/IB/1
srv1:31:42 [0] NCCL INFO New proxy send connection 88 from local rank 0, transport 2
srv1:31:31 [0] NCCL INFO Connected to proxy localRank 0 -> connection 0xeefa48007e30
srv1:31:31 [0] NCCL INFO Channel 00/0 : 1[0] -> 3[0] [send] via NET/IB/0
srv1:31:42 [0] NCCL INFO New proxy send connection 89 from local rank 0, transport 2
srv1:31:31 [0] NCCL INFO Connected to proxy localRank 0 -> connection 0xeefa48007eb8
srv1:31:31 [0] NCCL INFO Channel 01/0 : 1[0] -> 3[0] [send] via NET/IB/1
srv1:31:42 [0] NCCL INFO New proxy send connection 90 from local rank 0, transport 2
srv1:31:31 [0] NCCL INFO Connected to proxy localRank 0 -> connection 0xeefa48007f40
srv1:31:31 [0] NCCL INFO Channel 02/0 : 1[0] -> 3[0] [send] via NET/IB/0
srv1:31:42 [0] NCCL INFO New proxy send connection 91 from local rank 0, transport 2
srv1:31:31 [0] NCCL INFO Connected to proxy localRank 0 -> connection 0xeefa48007fc8
srv1:31:31 [0] NCCL INFO Channel 03/0 : 1[0] -> 3[0] [send] via NET/IB/1
srv1:31:42 [0] NCCL INFO New proxy send connection 92 from local rank 0, transport 2
srv1:31:31 [0] NCCL INFO Connected to proxy localRank 0 -> connection 0xeefa48008050
srv1:31:31 [0] NCCL INFO Channel 04/0 : 1[0] -> 3[0] [send] via NET/IB/0
srv1:31:42 [0] NCCL INFO New proxy send connection 93 from local rank 0, transport 2
srv1:31:31 [0] NCCL INFO Connected to proxy localRank 0 -> connection 0xeefa480080d8
srv1:31:31 [0] NCCL INFO Channel 05/0 : 1[0] -> 3[0] [send] via NET/IB/1
srv1:31:42 [0] NCCL INFO New proxy send connection 94 from local rank 0, transport 2
srv1:31:31 [0] NCCL INFO Connected to proxy localRank 0 -> connection 0xeefa48008160
srv1:31:31 [0] NCCL INFO Channel 06/0 : 1[0] -> 3[0] [send] via NET/IB/0
srv1:31:42 [0] NCCL INFO New proxy send connection 95 from local rank 0, transport 2
srv1:31:31 [0] NCCL INFO Connected to proxy localRank 0 -> connection 0xeefa480081e8
srv1:31:31 [0] NCCL INFO Channel 07/0 : 1[0] -> 3[0] [send] via NET/IB/1
srv1:31:42 [0] NCCL INFO NET/IB: ncclIbResiliencyInit: Resiliency is disabled on the send communicator (comm=0xeefa4a6fd000)
srv1:31:42 [0] NCCL INFO NET/IB: ncclIbResiliencyInit: Resiliency is disabled on the recv communicator (comm=0xeefa4a736000)
srv1:31:42 [0] NCCL INFO NET/IB: ncclIbRecvCommInit: Receive work requests will be posted on-demand
srv1:31:42 [0] NCCL INFO NET/IB: ncclIbResiliencyInit: Resiliency is disabled on the send communicator (comm=0xeefa4a773000)
srv1:31:42 [0] NCCL INFO NET/IB: ncclIbSenderQpsCreate: QP created: port=1 dev=0 devName=rocep1s0f0 ndevs=2 nmdevs=2 qp_num=1640 pkey=0 pd=0xeefa4808fc30
srv1:31:42 [0] NCCL INFO NET/IB: ncclIbConnect: NCCL Dev 0 IbDev 0 Port 1 qp_num 1640 mtu 5 GID 3 (0/10A0A0AFFFF0000) ctsFifoRkey=0x178745 ctsFifoLkey=0x178745
srv1:31:42 [0] NCCL INFO NET/IB: ncclIbConnect: IbDev 0 Port 1 qp_num 1640 query_ece={supported=1, vendor_id=0x15b3, options=0x30000002, comp_mask=0x0}
srv1:31:42 [0] NCCL INFO NET/IB: ncclIbReceiverQpsCreateToRts: QP created: port=1 dev=0 devName=rocep1s0f0 ndevs=2 nmdevs=2 qp_num=1641 pkey=0 pd=0xeefa4808fc30
srv1:31:42 [0] NCCL INFO NET/IB: ncclIbReceiverQpsCreateToRts: QP created: port=1 dev=0 devName=rocep1s0f0 ndevs=2 nmdevs=2 qp_num=1642 pkey=0 pd=0xeefa4808fc30
srv1:31:42 [0] NCCL INFO NET/IB: ncclIbSenderQpsCreate: QP created: port=1 dev=1 devName=roceP2p1s0f0 ndevs=2 nmdevs=2 qp_num=1762 pkey=0 pd=0xeefa4824d8e0
srv1:31:42 [0] NCCL INFO NET/IB: ncclIbConnect: NCCL Dev 1 IbDev 1 Port 1 qp_num 1762 mtu 5 GID 3 (0/10B0A0AFFFF0000) ctsFifoRkey=0x190e0f ctsFifoLkey=0x190e0f
srv1:31:42 [0] NCCL INFO NET/IB: ncclIbConnect: IbDev 1 Port 1 qp_num 1762 query_ece={supported=1, vendor_id=0x15b3, options=0x30000002, comp_mask=0x0}
srv1:31:42 [0] NCCL INFO NET/IB: ncclIbResiliencyInit: Resiliency is disabled on the recv communicator (comm=0xeefa4a860000)
srv1:31:42 [0] NCCL INFO NET/IB: ncclIbRecvCommInit: Receive work requests will be posted on-demand
srv1:31:42 [0] NCCL INFO NET/IB: ncclIbSenderQpsToRts: Set ECE: IbDev 0 Port 1 qp_num 1640 set_ece={supported=1, vendor_id=0x15b3, options=0x30000002, comp_mask=0x0}
srv1:31:42 [0] NCCL INFO NET/IB: ncclIbResiliencyInit: Resiliency is disabled on the send communicator (comm=0xeefa4a89f000)
srv1:31:42 [0] NCCL INFO NET/IB: ncclIbResiliencyInit: Resiliency is disabled on the recv communicator (comm=0xeefa4a8d8000)
srv1:31:42 [0] NCCL INFO NET/IB: ncclIbRecvCommInit: Receive work requests will be posted on-demand
srv1:31:42 [0] NCCL INFO NET/IB: ncclIbResiliencyInit: Resiliency is disabled on the send communicator (comm=0xeefa4a915000)
srv1:31:42 [0] NCCL INFO NET/IB: ncclIbResiliencyInit: Resiliency is disabled on the recv communicator (comm=0xeefa4a950000)
srv1:31:42 [0] NCCL INFO NET/IB: ncclIbRecvCommInit: Receive work requests will be posted on-demand
srv1:31:42 [0] NCCL INFO NET/IB: ncclIbResiliencyInit: Resiliency is disabled on the send communicator (comm=0xeefa4a98f000)
srv1:31:42 [0] NCCL INFO NET/IB: ncclIbResiliencyInit: Resiliency is disabled on the recv communicator (comm=0xeefa4a9ca000)
srv1:31:42 [0] NCCL INFO NET/IB: ncclIbRecvCommInit: Receive work requests will be posted on-demand
srv1:31:42 [0] NCCL INFO NET/IB: ncclIbResiliencyInit: Resiliency is disabled on the send communicator (comm=0xeefa4aa09000)
srv1:31:42 [0] NCCL INFO NET/IB: ncclIbResiliencyInit: Resiliency is disabled on the recv communicator (comm=0xeefa4aa44000)
srv1:31:42 [0] NCCL INFO NET/IB: ncclIbRecvCommInit: Receive work requests will be posted on-demand
srv1:31:42 [0] NCCL INFO NET/IB: ncclIbResiliencyInit: Resiliency is disabled on the send communicator (comm=0xeefa4aa83000)
srv1:31:42 [0] NCCL INFO NET/IB: ncclIbResiliencyInit: Resiliency is disabled on the recv communicator (comm=0xeefa4aabe000)
srv1:31:42 [0] NCCL INFO NET/IB: ncclIbRecvCommInit: Receive work requests will be posted on-demand
srv1:31:42 [0] NCCL INFO NET/IB: ncclIbResiliencyInit: Resiliency is disabled on the send communicator (comm=0xeefa4aafd000)
srv1:31:42 [0] NCCL INFO NET/IB: ncclIbResiliencyInit: Resiliency is disabled on the recv communicator (comm=0xeefa4ab38000)
srv1:31:42 [0] NCCL INFO NET/IB: ncclIbRecvCommInit: Receive work requests will be posted on-demand
srv1:31:42 [0] NCCL INFO NET/IB: ncclIbReceiverQpsCreateToRts: QP created: port=1 dev=1 devName=roceP2p1s0f0 ndevs=2 nmdevs=2 qp_num=1763 pkey=0 pd=0xeefa4824d8e0
srv1:31:42 [0] NCCL INFO NET/IB: ncclIbReceiverQpsCreateToRts: QP created: port=1 dev=1 devName=roceP2p1s0f0 ndevs=2 nmdevs=2 qp_num=1764 pkey=0 pd=0xeefa4824d8e0
srv1:31:42 [0] NCCL INFO NET/IB: ncclIbSenderQpsToRts: Set ECE: IbDev 1 Port 1 qp_num 1762 set_ece={supported=1, vendor_id=0x15b3, options=0x30000002, comp_mask=0x0}
srv1:31:42 [0] NCCL INFO NET/IB: ncclIbSenderQpsCreate: QP created: port=1 dev=0 devName=rocep1s0f0 ndevs=2 nmdevs=2 qp_num=1643 pkey=0 pd=0xeefa4808fc30
srv1:31:42 [0] NCCL INFO NET/IB: ncclIbConnect: NCCL Dev 0 IbDev 0 Port 1 qp_num 1643 mtu 5 GID 3 (0/10A0A0AFFFF0000) ctsFifoRkey=0x17722f ctsFifoLkey=0x17722f
srv1:31:42 [0] NCCL INFO NET/IB: ncclIbConnect: IbDev 0 Port 1 qp_num 1643 query_ece={supported=1, vendor_id=0x15b3, options=0x30000002, comp_mask=0x0}
srv1:31:42 [0] NCCL INFO NET/IB: ncclIbReceiverQpsCreateToRts: QP created: port=1 dev=0 devName=rocep1s0f0 ndevs=2 nmdevs=2 qp_num=1644 pkey=0 pd=0xeefa4808fc30
srv1:31:42 [0] NCCL INFO NET/IB: ncclIbReceiverQpsCreateToRts: QP created: port=1 dev=0 devName=rocep1s0f0 ndevs=2 nmdevs=2 qp_num=1645 pkey=0 pd=0xeefa4808fc30
srv1:31:42 [0] NCCL INFO NET/IB: ncclIbSenderQpsCreate: QP created: port=1 dev=1 devName=roceP2p1s0f0 ndevs=2 nmdevs=2 qp_num=1765 pkey=0 pd=0xeefa4824d8e0
srv1:31:42 [0] NCCL INFO NET/IB: ncclIbConnect: NCCL Dev 1 IbDev 1 Port 1 qp_num 1765 mtu 5 GID 3 (0/10B0A0AFFFF0000) ctsFifoRkey=0x18fbfb ctsFifoLkey=0x18fbfb
srv1:31:42 [0] NCCL INFO NET/IB: ncclIbConnect: IbDev 1 Port 1 qp_num 1765 query_ece={supported=1, vendor_id=0x15b3, options=0x30000002, comp_mask=0x0}
srv1:31:42 [0] NCCL INFO NET/IB: ncclIbReceiverQpsCreateToRts: QP created: port=1 dev=1 devName=roceP2p1s0f0 ndevs=2 nmdevs=2 qp_num=1766 pkey=0 pd=0xeefa4824d8e0
srv1:31:42 [0] NCCL INFO NET/IB: ncclIbReceiverQpsCreateToRts: QP created: port=1 dev=1 devName=roceP2p1s0f0 ndevs=2 nmdevs=2 qp_num=1767 pkey=0 pd=0xeefa4824d8e0
srv1:31:42 [0] NCCL INFO NET/IB: ncclIbSenderQpsCreate: QP created: port=1 dev=0 devName=rocep1s0f0 ndevs=2 nmdevs=2 qp_num=1646 pkey=0 pd=0xeefa4808fc30
srv1:31:42 [0] NCCL INFO NET/IB: ncclIbConnect: NCCL Dev 0 IbDev 0 Port 1 qp_num 1646 mtu 5 GID 3 (0/10A0A0AFFFF0000) ctsFifoRkey=0x175b18 ctsFifoLkey=0x175b18
srv1:31:42 [0] NCCL INFO NET/IB: ncclIbConnect: IbDev 0 Port 1 qp_num 1646 query_ece={supported=1, vendor_id=0x15b3, options=0x30000002, comp_mask=0x0}
srv1:31:42 [0] NCCL INFO NET/IB: ncclIbReceiverQpsCreateToRts: QP created: port=1 dev=0 devName=rocep1s0f0 ndevs=2 nmdevs=2 qp_num=1647 pkey=0 pd=0xeefa4808fc30
srv1:31:42 [0] NCCL INFO NET/IB: ncclIbReceiverQpsCreateToRts: QP created: port=1 dev=0 devName=rocep1s0f0 ndevs=2 nmdevs=2 qp_num=1648 pkey=0 pd=0xeefa4808fc30
srv1:31:42 [0] NCCL INFO NET/IB: ncclIbSenderQpsCreate: QP created: port=1 dev=1 devName=roceP2p1s0f0 ndevs=2 nmdevs=2 qp_num=1768 pkey=0 pd=0xeefa4824d8e0
srv1:31:42 [0] NCCL INFO NET/IB: ncclIbConnect: NCCL Dev 1 IbDev 1 Port 1 qp_num 1768 mtu 5 GID 3 (0/10B0A0AFFFF0000) ctsFifoRkey=0x18e3e2 ctsFifoLkey=0x18e3e2
srv1:31:42 [0] NCCL INFO NET/IB: ncclIbConnect: IbDev 1 Port 1 qp_num 1768 query_ece={supported=1, vendor_id=0x15b3, options=0x30000002, comp_mask=0x0}
srv1:31:42 [0] NCCL INFO NET/IB: ncclIbReceiverQpsCreateToRts: QP created: port=1 dev=1 devName=roceP2p1s0f0 ndevs=2 nmdevs=2 qp_num=1769 pkey=0 pd=0xeefa4824d8e0
srv1:31:42 [0] NCCL INFO NET/IB: ncclIbReceiverQpsCreateToRts: QP created: port=1 dev=1 devName=roceP2p1s0f0 ndevs=2 nmdevs=2 qp_num=1770 pkey=0 pd=0xeefa4824d8e0
srv1:31:42 [0] NCCL INFO NET/IB: ncclIbSenderQpsToRts: Set ECE: IbDev 0 Port 1 qp_num 1643 set_ece={supported=1, vendor_id=0x15b3, options=0x30000002, comp_mask=0x0}
srv1:31:42 [0] NCCL INFO NET/IB: ncclIbSenderQpsToRts: Set ECE: IbDev 1 Port 1 qp_num 1765 set_ece={supported=1, vendor_id=0x15b3, options=0x30000002, comp_mask=0x0}
srv1:31:42 [0] NCCL INFO NET/IB: ncclIbSenderQpsToRts: Set ECE: IbDev 0 Port 1 qp_num 1646 set_ece={supported=1, vendor_id=0x15b3, options=0x30000002, comp_mask=0x0}
srv1:31:42 [0] NCCL INFO NET/IB: ncclIbSenderQpsToRts: Set ECE: IbDev 1 Port 1 qp_num 1768 set_ece={supported=1, vendor_id=0x15b3, options=0x30000002, comp_mask=0x0}
srv1:31:42 [0] NCCL INFO NET/IB: ncclIbReceiverQpsCreateToRts: QP created: port=1 dev=0 devName=rocep1s0f0 ndevs=2 nmdevs=2 qp_num=1649 pkey=0 pd=0xeefa4808fc30
srv1:31:42 [0] NCCL INFO NET/IB: ncclIbReceiverQpsCreateToRts: QP created: port=1 dev=0 devName=rocep1s0f0 ndevs=2 nmdevs=2 qp_num=1650 pkey=0 pd=0xeefa4808fc30
srv1:31:42 [0] NCCL INFO NET/IB: ncclIbSenderQpsCreate: QP created: port=1 dev=1 devName=roceP2p1s0f0 ndevs=2 nmdevs=2 qp_num=1771 pkey=0 pd=0xeefa4824d8e0
srv1:31:42 [0] NCCL INFO NET/IB: ncclIbConnect: NCCL Dev 1 IbDev 1 Port 1 qp_num 1771 mtu 5 GID 3 (0/10B0A0AFFFF0000) ctsFifoRkey=0x18cecb ctsFifoLkey=0x18cecb
srv1:31:42 [0] NCCL INFO NET/IB: ncclIbConnect: IbDev 1 Port 1 qp_num 1771 query_ece={supported=1, vendor_id=0x15b3, options=0x30000002, comp_mask=0x0}
srv1:31:42 [0] NCCL INFO NET/IB: ncclIbSenderQpsCreate: QP created: port=1 dev=0 devName=rocep1s0f0 ndevs=2 nmdevs=2 qp_num=1651 pkey=0 pd=0xeefa4808fc30
srv1:31:42 [0] NCCL INFO NET/IB: ncclIbConnect: NCCL Dev 0 IbDev 0 Port 1 qp_num 1651 mtu 5 GID 3 (0/10A0A0AFFFF0000) ctsFifoRkey=0x173bf9 ctsFifoLkey=0x173bf9
srv1:31:42 [0] NCCL INFO NET/IB: ncclIbConnect: IbDev 0 Port 1 qp_num 1651 query_ece={supported=1, vendor_id=0x15b3, options=0x30000002, comp_mask=0x0}
srv1:31:42 [0] NCCL INFO NET/IB: ncclIbSenderQpsToRts: Set ECE: IbDev 0 Port 1 qp_num 1651 set_ece={supported=1, vendor_id=0x15b3, options=0x30000002, comp_mask=0x0}
srv1:31:42 [0] NCCL INFO NET/IB: ncclIbSenderQpsToRts: Set ECE: IbDev 1 Port 1 qp_num 1771 set_ece={supported=1, vendor_id=0x15b3, options=0x30000002, comp_mask=0x0}
srv1:31:42 [0] NCCL INFO NET/IB: ncclIbReceiverQpsCreateToRts: QP created: port=1 dev=1 devName=roceP2p1s0f0 ndevs=2 nmdevs=2 qp_num=1772 pkey=0 pd=0xeefa4824d8e0
srv1:31:42 [0] NCCL INFO NET/IB: ncclIbReceiverQpsCreateToRts: QP created: port=1 dev=1 devName=roceP2p1s0f0 ndevs=2 nmdevs=2 qp_num=1773 pkey=0 pd=0xeefa4824d8e0
srv1:31:31 [0] NCCL INFO Connected binomial trees
srv1:31:42 [0] NCCL INFO New proxy send connection 96 from local rank 0, transport 2
srv1:31:31 [0] NCCL INFO Connected to proxy localRank 0 -> connection 0xeefa48008270
srv1:31:31 [0] NCCL INFO TUNER/Plugin: Could not find: libnccl-tuner.so
srv1:31:31 [0] NCCL INFO threadThresholds 8/8/64 | 32/8/64 | 512 | 512
srv1:31:31 [0] NCCL INFO 16 coll channels, 16 collnet channels, 0 nvls channels, 16 p2p channels, 4 p2p channels per peer
srv1:31:31 [0] NCCL INFO Symmetric memory is not supported. cuMemEnable 0, globalGinSupport 0, globalNicFused 0 cuMemGdrSupport 0
srv1:31:31 [0] NCCL INFO ncclCommInitRankConfig comm 0x37dceaa0 rank 1 nranks 4 cudaDev 0 nvmlDev 0 busId f01000 commId 0x2af79407f61cfd5a - Init COMPLETE
srv1:31:31 [0] NCCL INFO Init timings - ncclCommInitRankConfig: rank 1 nranks 4 total 1.46 (kernels 0.15, alloc 0.04, bootstrap 0.08, allgathers 0.00, topo 0.01, graphs 0.00, connections 1.18, rest 0.00)
max 8 62.73449957370758
max 48 63.85200098156929
max 192 61.1799992620945
sum 8192 72.93600216507912
sum 49152 75.80600306391716
sum 196608 201.88400149345398
sum 2097152 837.6505076885223
sum 8388608 2437.311053276062
injected_wait -1 [1.8825000097422162, 81.01649989839643]
injected_wait 3 [2.051499999652151, 191.1659997422248]
srv1:31:31 [0] NCCL INFO comm 0x37dceaa0 rank 1 nranks 4 cudaDev 0 busId f01000 - Destroy COMPLETE
srv1:31:31 [0] NCCL INFO ENV/Plugin: Closing env plugin ncclEnvDefault
[W911 13:22:11.764169901 Utils.hpp:137] Warning: Environment variable NCCL_ASYNC_ERROR_HANDLING is deprecated; use TORCH_NCCL_ASYNC_ERROR_HANDLING instead (function operator())
