  box: GB10 (DGX Spark): SM121, unified 120 GiB (106 free)
  kernel shape (record): hidden 2560 hc 4 gated_residual tp 4 | gqa 6x256 no sink | linear 4/12x128x128 conv 4 decay/head | indexer qsa 4x128 pool 4 top 2048 | moe 512(128 local) I640/640 top10 nvfp4 silu | spec 1
[W919 02:20:04.521272813 Utils.hpp:137] Warning: Environment variable NCCL_ASYNC_ERROR_HANDLING is deprecated; use TORCH_NCCL_ASYNC_ERROR_HANDLING instead (function operator())
[oneshot] inline proxy serving peers=3 inline_bytes=8 wr_reuse=1
/usr/local/lib/python3.12/dist-packages/torch/distributed/c10d_logger.py:83: FutureWarning: `torch.distributed.all_gather_into_tensor` is deprecated. Please use `torch.distributed.all_gather_single` instead.
  return func(*args, **kwargs)
  collectives: one-shot RDMA (NCCL where ineligible)
  lanes qualified: {'gated_residual': {'enter': (0.0062500000931322575, 0.0010940515203401446), 'inject': (0.004854368977248669, 0.0013956144684925675), 'leave_norm': (0.004975124262273312, 0.0024845092557370663), 'leave': (0.004975124262273312, 0.0024845092557370663), 'close': (0.005586592014878988, 0.0027172171976417303)}, 'gdn': {'decay': (1.8527525469380635e-07, 1.2093259726952965e-07), 'beta': (0.0, 0.0), 'raw_beta': (0.0, 0.0), 'norm': (7.038288458716124e-05, 2.438618139422033e-06)}, 'qsa_norm_rope': {'norm_rope_6x256': (0.006172839552164078, 0.0015349400928243995), 'norm_rope_4x128': (0.006896551698446274, 0.002324720611795783)}, 'skinny_gemv': {'513x2560': 0.002813, '324x10240': 0.002272, '320x10240': 0.002349}, 'fp8_rows': {1: 0.002073, 4: 0.001935, 16: 0.002006}}
boot rendezvous arena-admission: rank 2 prepared; waiting for 4 ranks (deadline 1800s)
boot rendezvous weights-loaded: rank 2 prepared; waiting for 4 ranks (deadline 1800s)
[b12x-bounds] state_E=128 n=640 tile_m=32 routed_rows=2981 -> rows 7072/7072 tiles 221/221 tasks 1105/1105
[b12x-bounds] state_E=128 n=640 tile_m=128 routed_rows=92887 -> rows 109184/109184 tiles 853/853 tasks 4265/4265
[b12x-bounds] state_E=128 n=640 tile_m=128 routed_rows=77012 -> rows 93312/109184 tiles 729/853 tasks 3645/4265
/usr/local/lib/python3.12/dist-packages/torch/distributed/c10d_logger.py:83: FutureWarning: `torch.distributed.all_gather_into_tensor` is deprecated. Please use `torch.distributed.all_gather_single` instead.
  return func(*args, **kwargs)
[b12x-bounds] state_E=128 n=640 tile_m=128 routed_rows=98719 -> rows 115072/115072 tiles 899/899 tasks 4495/4495
[b12x-bounds] state_E=128 n=640 tile_m=128 routed_rows=19444 -> rows 35712/115072 tiles 279/899 tasks 1395/4495
[b12x-bounds] state_E=128 n=640 tile_m=128 routed_rows=32080 -> rows 48384/115072 tiles 378/899 tasks 1890/4495
[b12x-bounds] state_E=128 n=640 tile_m=128 routed_rows=95490 -> rows 111872/115072 tiles 874/899 tasks 4370/4495
[b12x-bounds] state_E=128 n=640 tile_m=128 routed_rows=114410 -> rows 130688/130688 tiles 1021/1021 tasks 5105/5105
[b12x-bounds] state_E=128 n=640 tile_m=128 routed_rows=121697 -> rows 137984/137984 tiles 1078/1078 tasks 5390/5390
[b12x-bounds] state_E=128 n=640 tile_m=128 routed_rows=55761 -> rows 72064/137984 tiles 563/1078 tasks 2815/5390
[b12x-bounds] state_E=128 n=640 tile_m=128 routed_rows=91631 -> rows 107904/137984 tiles 843/1078 tasks 4215/5390
[b12x-bounds] state_E=128 n=640 tile_m=128 routed_rows=76985 -> rows 93312/137984 tiles 729/1078 tasks 3645/5390
[b12x-bounds] state_E=128 n=640 tile_m=128 routed_rows=76959 -> rows 93312/137984 tiles 729/1078 tasks 3645/5390
[b12x-bounds] state_E=128 n=640 tile_m=128 routed_rows=98579 -> rows 114944/137984 tiles 898/1078 tasks 4490/5390
[b12x-bounds] state_E=128 n=640 tile_m=128 routed_rows=43300 -> rows 59648/137984 tiles 466/1078 tasks 2330/5390
[b12x-bounds] state_E=128 n=640 tile_m=128 routed_rows=79731 -> rows 96000/137984 tiles 750/1078 tasks 3750/5390
[b12x-bounds] state_E=128 n=640 tile_m=128 routed_rows=82961 -> rows 99328/137984 tiles 776/1078 tasks 3880/5390
[b12x-bounds] state_E=128 n=640 tile_m=128 routed_rows=70250 -> rows 86528/137984 tiles 676/1078 tasks 3380/5390
[b12x-bounds] state_E=128 n=640 tile_m=128 routed_rows=65927 -> rows 82304/137984 tiles 643/1078 tasks 3215/5390
[b12x-bounds] state_E=128 n=640 tile_m=128 routed_rows=62253 -> rows 78592/137984 tiles 614/1078 tasks 3070/5390
[b12x-bounds] state_E=128 n=640 tile_m=128 routed_rows=86871 -> rows 103168/137984 tiles 806/1078 tasks 4030/5390
[b12x-bounds] state_E=128 n=640 tile_m=128 routed_rows=66949 -> rows 83328/137984 tiles 651/1078 tasks 3255/5390
[b12x-bounds] state_E=128 n=640 tile_m=128 routed_rows=84134 -> rows 100480/137984 tiles 785/1078 tasks 3925/5390
[b12x-bounds] state_E=128 n=640 tile_m=128 routed_rows=96099 -> rows 112384/137984 tiles 878/1078 tasks 4390/5390
[b12x-bounds] state_E=128 n=640 tile_m=128 routed_rows=52410 -> rows 68736/137984 tiles 537/1078 tasks 2685/5390
  drafter: MTP head, K=1 (verify step 2 tokens a row)
  rank 2: ready in 124.8 s, door on port 8000
/usr/local/lib/python3.12/dist-packages/torch/distributed/c10d_logger.py:83: FutureWarning: `torch.distributed.all_gather_into_tensor` is deprecated. Please use `torch.distributed.all_gather_single` instead.
  return func(*args, **kwargs)
