  box: GB10 (DGX Spark): SM121, unified 120 GiB (106 free)
  kernel shape (record): hidden 2560 hc 4 gated_residual tp 4 | gqa 6x256 no sink | linear 4/12x128x128 conv 4 decay/head | indexer qsa 4x128 pool 4 top 2048 | moe 512(128 local) I640/640 top10 nvfp4 silu | spec 1
[W919 02:23:05.036767252 Utils.hpp:137] Warning: Environment variable NCCL_ASYNC_ERROR_HANDLING is deprecated; use TORCH_NCCL_ASYNC_ERROR_HANDLING instead (function operator())
[oneshot] inline proxy serving peers=3 inline_bytes=8 wr_reuse=1
/usr/local/lib/python3.12/dist-packages/torch/distributed/c10d_logger.py:83: FutureWarning: `torch.distributed.all_gather_into_tensor` is deprecated. Please use `torch.distributed.all_gather_single` instead.
  return func(*args, **kwargs)
  collectives: one-shot RDMA (NCCL where ineligible)
  lanes qualified: {'gated_residual': {'enter': (0.0062500000931322575, 0.0010940515203401446), 'inject': (0.004854368977248669, 0.0013956144684925675), 'leave_norm': (0.004975124262273312, 0.0024845092557370663), 'leave': (0.004975124262273312, 0.0024845092557370663), 'close': (0.005586592014878988, 0.0027172171976417303)}, 'gdn': {'decay': (1.8527525469380635e-07, 1.2093259726952965e-07), 'beta': (0.0, 0.0), 'raw_beta': (0.0, 0.0), 'norm': (7.038288458716124e-05, 2.438618139422033e-06)}, 'qsa_norm_rope': {'norm_rope_6x256': (0.006172839552164078, 0.0015349400928243995), 'norm_rope_4x128': (0.006896551698446274, 0.002324720611795783)}, 'skinny_gemv': {'513x2560': 0.002813, '324x10240': 0.002272, '320x10240': 0.002349}, 'fp8_rows': {1: 0.002073, 4: 0.001935, 16: 0.002006}}
boot rendezvous arena-admission: rank 2 prepared; waiting for 4 ranks (deadline 1800s)
boot rendezvous weights-loaded: rank 2 prepared; waiting for 4 ranks (deadline 1800s)
[b12x-bounds] state_E=128 n=640 tile_m=32 routed_rows=2981 -> rows 7072/7072 tiles 221/221 tasks 1105/1105
[b12x-bounds] state_E=128 n=640 tile_m=128 routed_rows=92862 -> rows 109184/109184 tiles 853/853 tasks 4265/4265
[b12x-bounds] state_E=128 n=640 tile_m=128 routed_rows=76504 -> rows 92800/109184 tiles 725/853 tasks 3625/4265
/usr/local/lib/python3.12/dist-packages/torch/distributed/c10d_logger.py:83: FutureWarning: `torch.distributed.all_gather_into_tensor` is deprecated. Please use `torch.distributed.all_gather_single` instead.
  return func(*args, **kwargs)
[b12x-bounds] state_E=128 n=640 tile_m=128 routed_rows=99325 -> rows 115584/115584 tiles 903/903 tasks 4515/4515
[b12x-bounds] state_E=128 n=640 tile_m=128 routed_rows=19330 -> rows 35712/115584 tiles 279/903 tasks 1395/4515
[b12x-bounds] state_E=128 n=640 tile_m=128 routed_rows=30520 -> rows 46848/115584 tiles 366/903 tasks 1830/4515
[b12x-bounds] state_E=128 n=640 tile_m=128 routed_rows=94203 -> rows 110464/115584 tiles 863/903 tasks 4315/4515
[b12x-bounds] state_E=128 n=640 tile_m=128 routed_rows=119726 -> rows 136064/136064 tiles 1063/1063 tasks 5315/5315
[b12x-bounds] state_E=128 n=640 tile_m=128 routed_rows=119798 -> rows 136064/136064 tiles 1063/1063 tasks 5315/5315
[b12x-bounds] state_E=128 n=640 tile_m=128 routed_rows=57163 -> rows 73472/136064 tiles 574/1063 tasks 2870/5315
[b12x-bounds] state_E=128 n=640 tile_m=128 routed_rows=92152 -> rows 108416/136064 tiles 847/1063 tasks 4235/5315
[b12x-bounds] state_E=128 n=640 tile_m=128 routed_rows=75617 -> rows 91904/136064 tiles 718/1063 tasks 3590/5315
[b12x-bounds] state_E=128 n=640 tile_m=128 routed_rows=77991 -> rows 94336/136064 tiles 737/1063 tasks 3685/5315
[b12x-bounds] state_E=128 n=640 tile_m=128 routed_rows=100672 -> rows 116992/136064 tiles 914/1063 tasks 4570/5315
[b12x-bounds] state_E=128 n=640 tile_m=128 routed_rows=41968 -> rows 58240/136064 tiles 455/1063 tasks 2275/5315
[b12x-bounds] state_E=128 n=640 tile_m=128 routed_rows=80666 -> rows 97024/136064 tiles 758/1063 tasks 3790/5315
[b12x-bounds] state_E=128 n=640 tile_m=128 routed_rows=80922 -> rows 97280/136064 tiles 760/1063 tasks 3800/5315
[b12x-bounds] state_E=128 n=640 tile_m=128 routed_rows=70551 -> rows 86912/136064 tiles 679/1063 tasks 3395/5315
[b12x-bounds] state_E=128 n=640 tile_m=128 routed_rows=67392 -> rows 83712/136064 tiles 654/1063 tasks 3270/5315
[b12x-bounds] state_E=128 n=640 tile_m=128 routed_rows=63574 -> rows 79872/136064 tiles 624/1063 tasks 3120/5315
[b12x-bounds] state_E=128 n=640 tile_m=128 routed_rows=90775 -> rows 107136/136064 tiles 837/1063 tasks 4185/5315
[b12x-bounds] state_E=128 n=640 tile_m=128 routed_rows=66918 -> rows 83200/136064 tiles 650/1063 tasks 3250/5315
[b12x-bounds] state_E=128 n=640 tile_m=128 routed_rows=82664 -> rows 98944/136064 tiles 773/1063 tasks 3865/5315
[b12x-bounds] state_E=128 n=640 tile_m=128 routed_rows=95792 -> rows 112128/136064 tiles 876/1063 tasks 4380/5315
[b12x-bounds] state_E=128 n=640 tile_m=128 routed_rows=50358 -> rows 66688/136064 tiles 521/1063 tasks 2605/5315
2026-09-19 02:23:56,141 - INFO - cute_dsl_core.py:177 - flashinfer.jit: Compiling CuTe-DSL kernel st_b12x_moe_e96383066039_sm121a_cute_dsl/static_m16_k2560_n640_t10_r160_2897a1e8df411b6a
2026-09-19 02:24:00,368 - INFO - cute_dsl_core.py:246 - flashinfer.jit: Persisted CuTe-DSL kernel to /cache/cu132/.cache/flashinfer/0.6.18.dev20260819/121a/cached_ops/st_b12x_moe_e96383066039_sm121a_cute_dsl/static_m16_k2560_n640_t10_r160_2897a1e8df411b6a.o
2026-09-19 02:24:38,068 - INFO - cute_dsl_core.py:177 - flashinfer.jit: Compiling CuTe-DSL kernel st_b12x_moe_e96383066039_sm121a_cute_dsl/micro_m8_k2560_n640_t10_r160_af110944efae4c3a
2026-09-19 02:24:40,840 - INFO - cute_dsl_core.py:246 - flashinfer.jit: Persisted CuTe-DSL kernel to /cache/cu132/.cache/flashinfer/0.6.18.dev20260819/121a/cached_ops/st_b12x_moe_e96383066039_sm121a_cute_dsl/micro_m8_k2560_n640_t10_r160_af110944efae4c3a.o
2026-09-19 02:24:42,376 - INFO - cute_dsl_core.py:177 - flashinfer.jit: Compiling CuTe-DSL kernel st_b12x_moe_e96383066039_sm121a_cute_dsl/micro_m4_k2560_n640_t10_r160_800388f7994713b6
2026-09-19 02:24:44,726 - INFO - cute_dsl_core.py:246 - flashinfer.jit: Persisted CuTe-DSL kernel to /cache/cu132/.cache/flashinfer/0.6.18.dev20260819/121a/cached_ops/st_b12x_moe_e96383066039_sm121a_cute_dsl/micro_m4_k2560_n640_t10_r160_800388f7994713b6.o
2026-09-19 02:25:05,896 - INFO - cute_dsl_core.py:177 - flashinfer.jit: Compiling CuTe-DSL kernel st_b12x_moe_e96383066039_sm121a_cute_dsl/micro_m3_k2560_n640_t10_r160_54f8ad7251493213
2026-09-19 02:25:08,556 - INFO - cute_dsl_core.py:246 - flashinfer.jit: Persisted CuTe-DSL kernel to /cache/cu132/.cache/flashinfer/0.6.18.dev20260819/121a/cached_ops/st_b12x_moe_e96383066039_sm121a_cute_dsl/micro_m3_k2560_n640_t10_r160_54f8ad7251493213.o
2026-09-19 02:25:11,110 - INFO - cute_dsl_core.py:177 - flashinfer.jit: Compiling CuTe-DSL kernel st_b12x_moe_e96383066039_sm121a_cute_dsl/micro_m2_k2560_n640_t10_r160_e8be3707daa11d16
2026-09-19 02:25:13,728 - INFO - cute_dsl_core.py:246 - flashinfer.jit: Persisted CuTe-DSL kernel to /cache/cu132/.cache/flashinfer/0.6.18.dev20260819/121a/cached_ops/st_b12x_moe_e96383066039_sm121a_cute_dsl/micro_m2_k2560_n640_t10_r160_e8be3707daa11d16.o
2026-09-19 02:25:29,400 - INFO - cute_dsl_core.py:177 - flashinfer.jit: Compiling CuTe-DSL kernel st_b12x_moe_e96383066039_sm121a_cute_dsl/micro_m1_k2560_n640_t10_r160_c0b5a30d06baa791
2026-09-19 02:25:30,517 - INFO - cute_dsl_core.py:246 - flashinfer.jit: Persisted CuTe-DSL kernel to /cache/cu132/.cache/flashinfer/0.6.18.dev20260819/121a/cached_ops/st_b12x_moe_e96383066039_sm121a_cute_dsl/micro_m1_k2560_n640_t10_r160_c0b5a30d06baa791.o
  drafter: MTP head, K=3 (verify step 4 tokens a row)
  rank 2: ready in 161.3 s, door on port 8000
/usr/local/lib/python3.12/dist-packages/torch/distributed/c10d_logger.py:83: FutureWarning: `torch.distributed.all_gather_into_tensor` is deprecated. Please use `torch.distributed.all_gather_single` instead.
  return func(*args, **kwargs)
2026-09-19 02:25:50,289 - INFO - cute_dsl_core.py:177 - flashinfer.jit: Compiling CuTe-DSL kernel st_b12x_moe_e96383066039_sm121a_cute_dsl/micro_m4_k2560_n640_t1_r4_238e2a852b2d5ed5
2026-09-19 02:25:53,037 - INFO - cute_dsl_core.py:246 - flashinfer.jit: Persisted CuTe-DSL kernel to /cache/cu132/.cache/flashinfer/0.6.18.dev20260819/121a/cached_ops/st_b12x_moe_e96383066039_sm121a_cute_dsl/micro_m4_k2560_n640_t1_r4_238e2a852b2d5ed5.o
2026-09-19 02:25:53,088 - INFO - cute_dsl_core.py:177 - flashinfer.jit: Compiling CuTe-DSL kernel st_b12x_moe_e96383066039_sm121a_cute_dsl/micro_m3_k2560_n640_t1_r4_3706a864d3ba6644
2026-09-19 02:25:55,804 - INFO - cute_dsl_core.py:246 - flashinfer.jit: Persisted CuTe-DSL kernel to /cache/cu132/.cache/flashinfer/0.6.18.dev20260819/121a/cached_ops/st_b12x_moe_e96383066039_sm121a_cute_dsl/micro_m3_k2560_n640_t1_r4_3706a864d3ba6644.o
2026-09-19 02:25:58,819 - INFO - cute_dsl_core.py:177 - flashinfer.jit: Compiling CuTe-DSL kernel st_b12x_moe_e96383066039_sm121a_cute_dsl/micro_m2_k2560_n640_t1_r4_af5a9d1fd5844b76
2026-09-19 02:26:01,475 - INFO - cute_dsl_core.py:246 - flashinfer.jit: Persisted CuTe-DSL kernel to /cache/cu132/.cache/flashinfer/0.6.18.dev20260819/121a/cached_ops/st_b12x_moe_e96383066039_sm121a_cute_dsl/micro_m2_k2560_n640_t1_r4_af5a9d1fd5844b76.o
