test_capacity_buckets_share_one_factor_owner_by_rows_and_tokens (tests.test_engine_deferred_state_contracts.DeferredStateContracts.test_capacity_buckets_share_one_factor_owner_by_rows_and_tokens) ... ok
test_commit_uses_before_context_and_real_slots_after_eos_clipping (tests.test_engine_deferred_state_contracts.DeferredStateContracts.test_commit_uses_before_context_and_real_slots_after_eos_clipping) ... ok
test_host_sampling_materializes_only_clipped_counts_before_return (tests.test_engine_deferred_state_contracts.DeferredStateContracts.test_host_sampling_materializes_only_clipped_counts_before_return) ... ok
test_sparse_layer_ids_route_to_dense_factor_indices (tests.test_engine_deferred_state_contracts.DeferredStateContracts.test_sparse_layer_ids_route_to_dense_factor_indices) ... ok
test_state_policy_is_explicit_and_rejects_split_target_ownership (tests.test_engine_deferred_state_contracts.DeferredStateContracts.test_state_policy_is_explicit_and_rejects_split_target_ownership) ... ok
test_c4_overlap_keeps_rows_state_and_auxiliary_order (tests.test_engine_execution_plans.ExecutionPlanTests.test_c4_overlap_keeps_rows_state_and_auxiliary_order) ... ok
test_four_ranks_keep_collective_order_and_reduced_outputs (tests.test_engine_execution_plans.ExecutionPlanTests.test_four_ranks_keep_collective_order_and_reduced_outputs) ... ok
test_layer_order_matches_chunk_order_and_all_prefix_states (tests.test_engine_execution_plans.ExecutionPlanTests.test_layer_order_matches_chunk_order_and_all_prefix_states) ... ok
test_only_c4_splits_and_invalid_budgets_fail (tests.test_engine_execution_plans.ExecutionPlanTests.test_only_c4_splits_and_invalid_budgets_fail) ... ok
test_oversized_window_refuses_before_mutating_state (tests.test_engine_execution_plans.ExecutionPlanTests.test_oversized_window_refuses_before_mutating_state) ... ok
test_tiles_rebase_patches_and_keep_only_internal_marks (tests.test_engine_execution_plans.ExecutionPlanTests.test_tiles_rebase_patches_and_keep_only_internal_marks) ... ok
test_acceptance_defaults_are_on_and_cannot_override_production (tests.test_engine_knobs.KnobDeclarationTests.test_acceptance_defaults_are_on_and_cannot_override_production) ... ok
test_adopted_execution_cannot_be_changed_by_stale_bisect_environment (tests.test_engine_knobs.KnobDeclarationTests.test_adopted_execution_cannot_be_changed_by_stale_bisect_environment) ... ok
test_gb10_serving_defaults_are_on_and_production_refuses_overrides (tests.test_engine_knobs.KnobDeclarationTests.test_gb10_serving_defaults_are_on_and_production_refuses_overrides) ... ok
test_only_declared_precision_mla_context_and_execution_experiments_remain (tests.test_engine_knobs.KnobDeclarationTests.test_only_declared_precision_mla_context_and_execution_experiments_remain) ... ok
test_production_remains_restartable_after_experiment_expiry (tests.test_engine_knobs.KnobDeclarationTests.test_production_remains_restartable_after_experiment_expiry) ... ok
test_configure_prefill_modes (tests.test_engine_knobs.MlaPrefillModeTests.test_configure_prefill_modes) ... ok
test_dispatcher_spec_is_applied_once_and_refused_after_views_exist (tests.test_engine_knobs.MoeStaticSpecTests.test_dispatcher_spec_is_applied_once_and_refused_after_views_exist) ... ok
test_parse_moe_static (tests.test_engine_knobs.MoeStaticSpecTests.test_parse_moe_static) ... ok
test_the_timing_cells_reach_the_served_recipe_but_never_serving (tests.test_engine_knobs.MoeStaticSpecTests.test_the_timing_cells_reach_the_served_recipe_but_never_serving)
xs/xa drop a TMA issue at compile time, which is the only way to ask which of the served recipe's ... ok
test_tile_major_relayout_reads_back_row_major (tests.test_engine_knobs.MoeStaticSpecTests.test_tile_major_relayout_reads_back_row_major) ... ok
test_dynamic_tile_m_override_is_validated (tests.test_engine_knobs.ProbeHookTests.test_dynamic_tile_m_override_is_validated) ... ok
test_mhc_pass_hook_is_fixed_before_the_kernels_compile (tests.test_engine_knobs.ProbeHookTests.test_mhc_pass_hook_is_fixed_before_the_kernels_compile) ... ok
test_mla_probe_instruments_are_arguments_not_env (tests.test_engine_knobs.ProbeHookTests.test_mla_probe_instruments_are_arguments_not_env) ... ok
test_probe_runner_and_launcher_forward_declared_knobs (tests.test_engine_knobs.ProbeRunnerTests.test_probe_runner_and_launcher_forward_declared_knobs) ... ok
test_durable_formats_are_not_interchangeable_even_with_equal_byte_counts (tests.test_engine_kda_storage.StateCapacityTests.test_durable_formats_are_not_interchangeable_even_with_equal_byte_counts) ... ok
test_format_is_committed_in_manifest_and_survives_restart (tests.test_engine_kda_storage.StateCapacityTests.test_format_is_committed_in_manifest_and_survives_restart) ... ok
test_full_geometry_returns_memory_without_increasing_capacity (tests.test_engine_kda_storage.StateCapacityTests.test_full_geometry_returns_memory_without_increasing_capacity) ... ok
test_invalid_precision_is_rejected_before_allocation (tests.test_engine_kda_storage.StateCapacityTests.test_invalid_precision_is_rejected_before_allocation) ... ok
test_declared_budget_keeps_paged_capacity_and_returns_state_savings (tests.test_engine_kda_storage.StateCopyTests.test_declared_budget_keeps_paged_capacity_and_returns_state_savings) ... ok
test_experiment_selection_and_production_fact_are_explicit (tests.test_engine_kda_storage.StateCopyTests.test_experiment_selection_and_production_fact_are_explicit) ... ok
test_snapshot_boundary_and_restore_keep_fp16_bits (tests.test_engine_kda_storage.StateCopyTests.test_snapshot_boundary_and_restore_keep_fp16_bits) ... ok
test_arms_are_independent_and_combined_mode_is_explicit (tests.test_engine_draft_acceptance.DraftAcceptanceTests.test_arms_are_independent_and_combined_mode_is_explicit) ... ok
test_async_and_bounded_serving_retire_diagnostics_once_without_changing_tokens (tests.test_engine_draft_acceptance.DraftAcceptanceTests.test_async_and_bounded_serving_retire_diagnostics_once_without_changing_tokens) ... ok
test_combined_mode_calibrates_executed_fp8_and_preserves_shared_packs (tests.test_engine_draft_acceptance.DraftAcceptanceTests.test_combined_mode_calibrates_executed_fp8_and_preserves_shared_packs) ... ok
test_committed_decode_mask_cannot_be_a_weight_or_broadcast_across_rows (tests.test_engine_draft_acceptance.DraftAcceptanceTests.test_committed_decode_mask_cannot_be_a_weight_or_broadcast_across_rows) ... ok
test_corrupt_local_or_peer_statistics_fail_all_ranks_instead_of_downgrading_to_rtn (tests.test_engine_draft_acceptance.DraftAcceptanceTests.test_corrupt_local_or_peer_statistics_fail_all_ranks_instead_of_downgrading_to_rtn) ... ok
test_decode_calibration_refuses_corruption_before_large_allocation (tests.test_engine_draft_acceptance.DraftAcceptanceTests.test_decode_calibration_refuses_corruption_before_large_allocation) ... ok
test_decode_collection_ignores_prefill_capture_and_rejected_rows_and_preserves_shared_blob (tests.test_engine_draft_acceptance.DraftAcceptanceTests.test_decode_collection_ignores_prefill_capture_and_rejected_rows_and_preserves_shared_blob) ... ok
test_diagnostic_release_drops_external_device_storage_and_sink (tests.test_engine_draft_acceptance.DraftAcceptanceTests.test_diagnostic_release_drops_external_device_storage_and_sink) ... ok
test_fc_fp8_reuses_its_pack_and_observes_exactly_once (tests.test_engine_draft_acceptance.DraftAcceptanceTests.test_fc_fp8_reuses_its_pack_and_observes_exactly_once) ... ok
test_first_rejection_covers_selection_support_eos_limits_and_inactive_rows (tests.test_engine_draft_acceptance.DraftAcceptanceTests.test_first_rejection_covers_selection_support_eos_limits_and_inactive_rows) ... ok
test_one_missing_rank_keeps_every_rank_on_collection_without_overwriting_ready_files (tests.test_engine_draft_acceptance.DraftAcceptanceTests.test_one_missing_rank_keeps_every_rank_on_collection_without_overwriting_ready_files) ... ok
test_only_w4_pack_uses_decode_calibration_fp8_keeps_shared_identity (tests.test_engine_draft_acceptance.DraftAcceptanceTests.test_only_w4_pack_uses_decode_calibration_fp8_keeps_shared_identity) ... ok
test_serving_boot_collects_missing_statistics_then_consumes_on_the_next_boot (tests.test_engine_draft_acceptance.DraftAcceptanceTests.test_serving_boot_collects_missing_statistics_then_consumes_on_the_next_boot) ... ok
test_slot_owned_candidates_and_host_recording_survive_reuse (tests.test_engine_draft_acceptance.DraftAcceptanceTests.test_slot_owned_candidates_and_host_recording_survive_reuse) ... ok
test_combined_fp8_is_declared_and_both_packs_are_sent_to_compaction (tests.test_engine_drafter_storage.DrafterStorageTests.test_combined_fp8_is_declared_and_both_packs_are_sent_to_compaction) ... ok
test_context_phase_survives_early_projection_and_short_commits (tests.test_engine_drafter_storage.DrafterStorageTests.test_context_phase_survives_early_projection_and_short_commits) ... ok
test_fused_context_norm_is_owned_by_the_declared_compact_region (tests.test_engine_drafter_storage.DrafterStorageTests.test_fused_context_norm_is_owned_by_the_declared_compact_region) ... ok
test_layout_removes_raw_projections_and_reserves_only_live_readers (tests.test_engine_drafter_storage.DrafterStorageTests.test_layout_removes_raw_projections_and_reserves_only_live_readers) ... ok
test_packed_reservation_fits_folded_and_unfolded_metadata (tests.test_engine_drafter_storage.DrafterStorageTests.test_packed_reservation_fits_folded_and_unfolded_metadata) ... ok
test_precision_selection_covers_supported_rows_and_context_prefill (tests.test_engine_drafter_storage.DrafterStorageTests.test_precision_selection_covers_supported_rows_and_context_prefill) ... ok
test_prepare_uses_the_declared_precision_and_refuses_oversized_blocks (tests.test_engine_drafter_storage.DrafterStorageTests.test_prepare_uses_the_declared_precision_and_refuses_oversized_blocks) ... ok

----------------------------------------------------------------------
Ran 53 tests in 7.328s

OK
