test_block_layout_keeps_every_typed_view_aligned_and_disjoint (tests.test_engine_glm53.LayoutTests.test_block_layout_keeps_every_typed_view_aligned_and_disjoint) ... ok
test_invalid_layers_and_partial_pools_fail_before_allocation (tests.test_engine_glm53.LayoutTests.test_invalid_layers_and_partial_pools_fail_before_allocation) ... ok
test_position_rings_retain_history_after_rejecting_all_drafts (tests.test_engine_glm53.LayoutTests.test_position_rings_retain_history_after_rejecting_all_drafts) ... ok
test_binding_is_once_per_process (tests.test_engine_kernel_shape.DescriptorTests.test_binding_is_once_per_process) ... ok
test_dsv41_declares_no_linear_attention_and_its_own_expert_encoding (tests.test_engine_kernel_shape.DescriptorTests.test_dsv41_declares_no_linear_attention_and_its_own_expert_encoding) ... ok
test_impossible_shapes_are_refused_at_construction (tests.test_engine_kernel_shape.DescriptorTests.test_impossible_shapes_are_refused_at_construction) ... ok
test_qwen38_declares_a_different_cell_through_the_same_descriptor (tests.test_engine_kernel_shape.DescriptorTests.test_qwen38_declares_a_different_cell_through_the_same_descriptor) ... ok
test_the_glm_checkpoint_derives_the_measured_cell (tests.test_engine_kernel_shape.DescriptorTests.test_the_glm_checkpoint_derives_the_measured_cell)
Model geometry is unchanged; operator-selected draft width is recorded separately. ... ok
test_the_tiny_test_facts_still_derive_a_valid_shape (tests.test_engine_kernel_shape.DescriptorTests.test_the_tiny_test_facts_still_derive_a_valid_shape) ... ok
test_unbound_means_the_measured_cell (tests.test_engine_kernel_shape.DescriptorTests.test_unbound_means_the_measured_cell) ... ok
test_capacity_buckets_share_one_factor_owner_by_rows_and_tokens (tests.test_engine_deferred_state_contracts.DeferredStateContracts.test_capacity_buckets_share_one_factor_owner_by_rows_and_tokens) ... ok
test_commit_uses_before_context_and_real_slots_after_eos_clipping (tests.test_engine_deferred_state_contracts.DeferredStateContracts.test_commit_uses_before_context_and_real_slots_after_eos_clipping) ... ok
test_host_sampling_materializes_only_clipped_counts_before_return (tests.test_engine_deferred_state_contracts.DeferredStateContracts.test_host_sampling_materializes_only_clipped_counts_before_return) ... ok
test_sparse_layer_ids_route_to_dense_factor_indices (tests.test_engine_deferred_state_contracts.DeferredStateContracts.test_sparse_layer_ids_route_to_dense_factor_indices) ... ok
test_state_policy_is_explicit_and_rejects_split_target_ownership (tests.test_engine_deferred_state_contracts.DeferredStateContracts.test_state_policy_is_explicit_and_rejects_split_target_ownership) ... ok
test_c4_overlap_keeps_rows_state_and_auxiliary_order (tests.test_engine_execution_plans.ExecutionPlanTests.test_c4_overlap_keeps_rows_state_and_auxiliary_order) ... ok
test_four_ranks_keep_collective_order_and_reduced_outputs (tests.test_engine_execution_plans.ExecutionPlanTests.test_four_ranks_keep_collective_order_and_reduced_outputs) ... ok
test_layer_order_matches_chunk_order_and_all_prefix_states (tests.test_engine_execution_plans.ExecutionPlanTests.test_layer_order_matches_chunk_order_and_all_prefix_states) ... ok
test_only_c4_splits_and_invalid_budgets_fail (tests.test_engine_execution_plans.ExecutionPlanTests.test_only_c4_splits_and_invalid_budgets_fail) ... ok
test_oversized_window_refuses_before_mutating_state (tests.test_engine_execution_plans.ExecutionPlanTests.test_oversized_window_refuses_before_mutating_state) ... ok
test_tiles_rebase_patches_and_keep_only_internal_marks (tests.test_engine_execution_plans.ExecutionPlanTests.test_tiles_rebase_patches_and_keep_only_internal_marks) ... ok
test_durable_formats_are_not_interchangeable_even_with_equal_byte_counts (tests.test_engine_kda_storage.StateCapacityTests.test_durable_formats_are_not_interchangeable_even_with_equal_byte_counts) ... ok
test_format_is_committed_in_manifest_and_survives_restart (tests.test_engine_kda_storage.StateCapacityTests.test_format_is_committed_in_manifest_and_survives_restart) ... ok
test_full_geometry_returns_memory_without_increasing_capacity (tests.test_engine_kda_storage.StateCapacityTests.test_full_geometry_returns_memory_without_increasing_capacity) ... ok
test_invalid_precision_is_rejected_before_allocation (tests.test_engine_kda_storage.StateCapacityTests.test_invalid_precision_is_rejected_before_allocation) ... ok
test_declared_budget_keeps_paged_capacity_and_returns_state_savings (tests.test_engine_kda_storage.StateCopyTests.test_declared_budget_keeps_paged_capacity_and_returns_state_savings) ... ok
test_experiment_selection_and_production_fact_are_explicit (tests.test_engine_kda_storage.StateCopyTests.test_experiment_selection_and_production_fact_are_explicit) ... ok
test_snapshot_boundary_and_restore_keep_fp16_bits (tests.test_engine_kda_storage.StateCopyTests.test_snapshot_boundary_and_restore_keep_fp16_bits) ... ok

----------------------------------------------------------------------
Ran 28 tests in 4.314s

OK
