
Resource usage:
 Common:
  GLOBAL:0
 Function kernel_cutlass_kernel_flashinferfused_moecute_dslblackwell_sm12xmoe_dynamic_ep_localMoEGatedEPLocalKernel_object_at__tensorptrbf16gmemalign16o409640961_tensorptri32gmemo1_tensorptrf32gmem_0:
  REG:168 STACK:112 SHARED:1024 LOCAL:0 CONSTANT[0]:2160 TEXTURE:0 SURFACE:0 SAMPLER:0

test_apply_defers_the_capture_query_until_candidate_admission (test_glm53_ep_prefill_local.AdmissionTests.test_apply_defers_the_capture_query_until_candidate_admission) ... ok
test_dispatch_never_silently_falls_back_with_sentinel_geometry (test_glm53_ep_prefill_local.AdmissionTests.test_dispatch_never_silently_falls_back_with_sentinel_geometry) ... ok
test_ep_and_stock_artifacts_have_distinct_keys (test_glm53_ep_prefill_local.AdmissionTests.test_ep_and_stock_artifacts_have_distinct_keys) ... ok
test_sp_reduction_gate_requires_opt_in_for_ep (test_glm53_ep_prefill_local.AdmissionTests.test_sp_reduction_gate_requires_opt_in_for_ep) ... ok
test_wide_workspace_covers_concentrated_and_tail_routes (test_glm53_ep_prefill_local.AdmissionTests.test_wide_workspace_covers_concentrated_and_tail_routes) ... ok
test_wrapper_admits_only_exact_eager_local_geometry (test_glm53_ep_prefill_local.AdmissionTests.test_wrapper_admits_only_exact_eager_local_geometry) ... ok
test_wrapper_passes_original_token_and_output_storage (test_glm53_ep_prefill_local.AdmissionTests.test_wrapper_passes_original_token_and_output_storage) ... ok
test_failed_probe_preserves_phase_and_partial_results (test_glm53_ep_local_probe.EvidenceTests.test_failed_probe_preserves_phase_and_partial_results) ... ok
test_incomplete_remap_compile_matrix_is_rejected (test_glm53_ep_local_probe.EvidenceTests.test_incomplete_remap_compile_matrix_is_rejected) ... ok
test_matching_evidence_passes_and_changed_overlay_fails (test_glm53_ep_local_probe.EvidenceTests.test_matching_evidence_passes_and_changed_overlay_fails) ... ok
test_missing_mount_skips_and_changed_test_are_rejected (test_glm53_ep_local_probe.EvidenceTests.test_missing_mount_skips_and_changed_test_are_rejected) ... ok
test_stale_receipt_is_rejected_before_service_inventory_or_pause (test_glm53_ep_local_probe.EvidenceTests.test_stale_receipt_is_rejected_before_service_inventory_or_pause) ... ok
test_corrupt_small_row_cannot_hide_behind_a_large_row (test_glm53_ep_local_probe.NumericalTests.test_corrupt_small_row_cannot_hide_behind_a_large_row) ... ok
test_large_stock_noise_cannot_authorize_a_bad_candidate (test_glm53_ep_local_probe.NumericalTests.test_large_stock_noise_cannot_authorize_a_bad_candidate) ... ok
test_nonfinite_and_broadcastable_shapes_are_rejected (test_glm53_ep_local_probe.NumericalTests.test_nonfinite_and_broadcastable_shapes_are_rejected) ... ok
test_small_stock_noise_preserves_existing_candidate_floor (test_glm53_ep_local_probe.NumericalTests.test_small_stock_noise_preserves_existing_candidate_floor) ... ok
test_generated_transition_executes_stop_and_start_with_unordered_mounts (test_glm53_probe_lifecycle.OfflineTests.test_generated_transition_executes_stop_and_start_with_unordered_mounts) ... ok
test_generated_transition_refuses_real_source_change_before_docker_mutation (test_glm53_probe_lifecycle.OfflineTests.test_generated_transition_refuses_real_source_change_before_docker_mutation) ... ok
test_lost_hold_refuses_before_remote_mutation (test_glm53_probe_lifecycle.OfflineTests.test_lost_hold_refuses_before_remote_mutation) ... ok
test_no_partial_or_automatically_deleted_or_wrong_image_fleet (test_glm53_probe_lifecycle.OfflineTests.test_no_partial_or_automatically_deleted_or_wrong_image_fleet) ... ok
test_partial_stop_error_restores_without_running_gpu (test_glm53_probe_lifecycle.OfflineTests.test_partial_stop_error_restores_without_running_gpu) ... ok
test_probe_error_restores_before_propagating (test_glm53_probe_lifecycle.OfflineTests.test_probe_error_restores_before_propagating) ... ok
test_public_restore_uses_actual_fleet_decision_and_refuses_errors (test_glm53_probe_lifecycle.OfflineTests.test_public_restore_uses_actual_fleet_decision_and_refuses_errors) ... ok
test_restore_failure_is_not_success (test_glm53_probe_lifecycle.OfflineTests.test_restore_failure_is_not_success) ... ok
test_launch_failure_propagates_instead_of_requesting_fallback (test_glm53_ep_route_remap.AdmissionTests.test_launch_failure_propagates_instead_of_requesting_fallback) ... ok
test_launch_sizes_are_validated_once_and_recomputed_for_reused_tensors (test_glm53_ep_route_remap.AdmissionTests.test_launch_sizes_are_validated_once_and_recomputed_for_reused_tensors) ... ok
test_one_launch_reuses_scratch_and_preserves_dtype_for_each_arm (test_glm53_ep_route_remap.AdmissionTests.test_one_launch_reuses_scratch_and_preserves_dtype_for_each_arm) ... ok
test_public_support_check_is_boolean_and_never_launches (test_glm53_ep_route_remap.AdmissionTests.test_public_support_check_is_boolean_and_never_launches) ... ok
test_reused_tensor_metadata_is_revalidated_after_every_launch (test_glm53_ep_route_remap.AdmissionTests.test_reused_tensor_metadata_is_revalidated_after_every_launch) ... ok
test_unsupported_metadata_returns_before_any_launch (test_glm53_ep_route_remap.AdmissionTests.test_unsupported_metadata_returns_before_any_launch) ... ok
test_actual_remap_preserves_local_bits_and_zeros_remote_nonfinite_weights (test_glm53_ep_route_remap.ReferenceTests.test_actual_remap_preserves_local_bits_and_zeros_remote_nonfinite_weights) ... ok
test_actual_tensor_remap_matches_scalar_conversion_and_range_oracle (test_glm53_ep_route_remap.ReferenceTests.test_actual_tensor_remap_matches_scalar_conversion_and_range_oracle) ... ok
test_declined_candidate_and_disabled_path_keep_legacy_scratch (test_glm53_ep_route_remap.WrapperScratchTests.test_declined_candidate_and_disabled_path_keep_legacy_scratch) ... ok
test_full_candidate_reuses_tensor_objects_without_any_scratch_views (test_glm53_ep_route_remap.WrapperScratchTests.test_full_candidate_reuses_tensor_objects_without_any_scratch_views) ... ok
test_partial_candidate_uses_current_storage_and_exact_row_views (test_glm53_ep_route_remap.WrapperScratchTests.test_partial_candidate_uses_current_storage_and_exact_row_views) ... ok
test_changed_executable_cannot_reuse_successful_preflight (test_glm53_ep_sanitizer.PreflightTests.test_changed_executable_cannot_reuse_successful_preflight) ... ok
test_missing_executable_and_wrong_hash_fail_before_container (test_glm53_ep_sanitizer.PreflightTests.test_missing_executable_and_wrong_hash_fail_before_container) ... ok
test_nonzero_exit_or_missing_version_cannot_pass (test_glm53_ep_sanitizer.PreflightTests.test_nonzero_exit_or_missing_version_cannot_pass) ... ok
test_outer_timeout_removes_only_its_preflight_container (test_glm53_ep_sanitizer.PreflightTests.test_outer_timeout_removes_only_its_preflight_container) ... ok
test_pinned_version_runs_in_bounded_no_device_container_and_records_identity (test_glm53_ep_sanitizer.PreflightTests.test_pinned_version_runs_in_bounded_no_device_container_and_records_identity) ... ok
test_failed_preflight_never_reaches_service_inventory_or_pause (test_glm53_ep_sanitizer.RunnerOrderTests.test_failed_preflight_never_reaches_service_inventory_or_pause) ... ok
test_absent_errors_ignored_errors_and_warnings_are_rejected (test_glm53_ep_sanitizer.SummaryTests.test_absent_errors_ignored_errors_and_warnings_are_rejected) ... ok
test_tool_specific_clean_summaries_are_required (test_glm53_ep_sanitizer.SummaryTests.test_tool_specific_clean_summaries_are_required) ... ok
test_context_precedes_first_binding_count (test_glm53_ep_binding_check.BindingOrderTests.test_context_precedes_first_binding_count) ... ok
test_existing_context_is_rejected_before_api_or_allocation (test_glm53_ep_binding_check.BindingOrderTests.test_existing_context_is_rejected_before_api_or_allocation) ... ok
test_null_failed_api_result_is_preserved_and_fatal (test_glm53_ep_binding_check.BindingOrderTests.test_null_failed_api_result_is_preserved_and_fatal) ... ok
test_nonzero_sanitizer_keeps_failure_and_restores_original (test_glm53_ep_binding_check.DiagnosticLifecycleTests.test_nonzero_sanitizer_keeps_failure_and_restores_original) ... ok
test_all_valid_rows_and_experts_match_scalar_words (test_glm53_ep_task_publication.TaskPublicationTests.test_all_valid_rows_and_experts_match_scalar_words) ... ok
test_complete_tile_prefix_has_no_gap_overlap_or_tail_write (test_glm53_ep_task_publication.TaskPublicationTests.test_complete_tile_prefix_has_no_gap_overlap_or_tail_write) ... ok
test_four_byte_pointer_abi_uses_scalar_fallback (test_glm53_ep_task_publication.TaskPublicationTests.test_four_byte_pointer_abi_uses_scalar_fallback) ... ok
test_other_slice_contracts_keep_stock_scalar_publication (test_glm53_ep_task_publication.TaskPublicationTests.test_other_slice_contracts_keep_stock_scalar_publication) ... ok
test_each_warp_keeps_selected_words_and_count_slot_separate (test_glm53_ep_route_scale_cache.RouteScaleCacheTests.test_each_warp_keeps_selected_words_and_count_slot_separate) ... ok
test_no_local_routes_read_no_stale_scale_slots (test_glm53_ep_route_scale_cache.RouteScaleCacheTests.test_no_local_routes_read_no_stale_scale_slots) ... ok
test_scales_changed_at_same_addresses_replace_previous_batch (test_glm53_ep_route_scale_cache.RouteScaleCacheTests.test_scales_changed_at_same_addresses_replace_previous_batch) ... ok
test_selected_raw_bits_match_previous_quantizer_inputs (test_glm53_ep_route_scale_cache.RouteScaleCacheTests.test_selected_raw_bits_match_previous_quantizer_inputs) ... ok

----------------------------------------------------------------------
Ran 55 tests in 1.346s

OK
COMPILE PASS arm=local m=6912
