wait work: step_sim 재검증(최근 onepass 기록 3개, CPU) → /home/choiceoh/glm53-logs/wait-sim/wait-st-c2-reuse0914-20260914-223338.txt
wait work: 끝났다 — 4줄 → /home/choiceoh/glm53-logs/wait-sim/wait-st-c2-reuse0914-20260914-223338.txt
GO st-c2-reuse0914 2026-09-14_22:33:38
  single GPU: probes/engine_kernel_check.py on srv4 (tree ~/st-c2-reuse-aaa5f9e8, image sha256:a0709718a4b26894d5cac5f417a0f74fde4198531e97c9b3171b0bcf513a6a9f, budget 8 GiB beside production, no fleet lease)
{"lane": "imports", "modules": 123, "table": "served", "vllm_loaded": false}
[b12x sf6] prepared FC1+FC2; packed bytes=85819392
{"lane": "moe_pair_identity", "shared_mode": "ordinary", "rank_file": "/home/choiceoh/models/st-glm53-nvidia-tp4-9391/rank3of4.safetensors", "weights_sha256": {"L3.moe.gate": "d9b073de20e23bca95c0110f8d131a655e27b8dd1ec9370943b78734b189e86e", "L3.moe.bias": "cad2f175acdabf61327e2c60bc609df9df81b21f7a8bc166d367b57ca13b78e7", "L3.moe.sh_gate_up": "0b99c22a58b3c98afe1ac3c59a583e62f9db00c5c38039ba423152c3473f3b62", "L3.moe.sh_down": "4f4357d6da8a9e1ebcba5b6605eb89f1bcc12c3fbfd8bc0a56223c31a5f39a91", "L3.moe.w13": "478b368f40bc160de55eb6f9183b932d5c1b6ae7de6830ed6f6215f4abb962a9", "L3.moe.w13_sf": "ae997725cc9d6d8b00741cef2e9de2fdc8eabb548bcf0ee38abcf342cff23e6f", "L3.moe.w13_alpha": "ac67a63b66261a27f1d554f6ea56c54e99f4d7453c088d3f5d620ec61a76f945", "L3.moe.a13_scale": "943fb533b85e78648717e60d599619ff59ec88b5beb1e0e0ccc8a22a75fe4972", "L3.moe.w2": "a95eb1aa4a765ae6d6bb46f6b57f02ed7568eb866c8a3b686fd65aa7178b19a6", "L3.moe.w2_sf": "c4cec568a6beb26956d29cd20d31747eb19f91eeba4b3a7ee0fd79854530f2b0", "L3.moe.w2_alpha": "36a2911ff7f90108bc72e76e82e9f2c21878c170018359d1efb3d2fd31da523a", "L3.moe.a2_scale": "cc81ef1524250ece78d606d9b2a656d86c729f26e69791801213fdc6d1ba97b7"}, "sources_sha256": {"engine/kernels/b12x/moe_dispatch.py": "3e0dbb99a90a5d4c1b90f87882fad1a8643df863c1a806ff3cccf9e01205678c", "engine/kernels/b12x/moe_static_kernel_v4.py": "f8df143819000db29f61acc817fe761af961ab46cd76bb7648634d69daab5357", "engine/kernels/b12x/moe_static_common.py": "e2576dcf4fc1d442fcd882c772d1d6da65e92c4cc97d79db1b68e7961d99b2f7", "engine/kernels/b12x/moe_static_kernel_v5.py": "4c3e8f66fb678d14fe2d97dd352c6e7ddb7b95b2b5ce710ebdb26398a232226e", "engine/kernels/moe_output.py": "006d1ab7244f37bfc5f1dfe3b734c0950fa8c02b51d6629994e65492a1068068", "engine/profiles/glm53/net.py": "2ae5e3ec8c4789a38c84de187568c9a508d9dc8cb609a6cfc7eafb4f97a5666c", "engine/profiles/glm53/lanes.py": "ec032aefa7c8509b65df80dd92b6c25f8e124d302c4db01e8aaeaa924fe3b250", "engine/kernels/dense/shared_mlp.py": "3fe4eaee2ba200365040dc33a833d9775e8307d469e132f08cc21bc629504415", "engine/profiles/glm53/modelopt_scales.py": "5fb0fbbbc2011e0390248c696f5fb04e128e854d8544dbc113e932e8a28afbf3", "probes/engine_moe_pair_check.py": "2b1371ad6dd7ef07be7ac2236f6655b4c0c77f43d808e3e2a19040ac899616c0", "probes/engine_decode_fusions.py": "6675674d1370231d9ca540f0bda3bd59fb1777b1f0d30b2b9937191e856dfcd5", "probes/engine_decode_batch.py": "5c61c7154f778e230a867b78f269a192bbb95eb3f162a3553a25ad1863161601"}, "torch": "2.13.0+cu132", "cuda": "13.2", "gpu": "NVIDIA GB10", "scales": "ModelOpt", "rows": [8, 16], "seed": 91416, "direct_scatter_only": false, "scatter_reuse_only": true, "configs_m16": [{"tile_m": 32, "fc1": 2, "fc2": 2, "a_rows": 32, "stamps": false, "wide": true, "skip_sf": false, "skip_a": false, "v4": true, "a_ring": false, "tiled": true, "sf_pack": false, "decode_reform": true, "reform_sf_pack": true, "batch_reform": true, "c2_scatter_reuse": false, "sf6_separate": true, "sf6_word_expand": true, "sf6_fc2_word_expand": true, "packed_activation_store": true, "fc1_reuse_a": true, "compact_staging": true, "c2_direct_scatter": true, "sf6_registers": true}, {"tile_m": 32, "fc1": 2, "fc2": 2, "a_rows": 32, "stamps": false, "wide": true, "skip_sf": false, "skip_a": false, "v4": true, "a_ring": false, "tiled": true, "sf_pack": false, "decode_reform": true, "reform_sf_pack": true, "batch_reform": true, "sf6_separate": true, "sf6_word_expand": true, "sf6_fc2_word_expand": true, "packed_activation_store": true, "fc1_reuse_a": true, "compact_staging": true, "c2_direct_scatter": true, "c2_scatter_reuse": true, "sf6_registers": true}], "candidate_default_enabled": false, "includes": "routed+shared experts, output cast/add; C1 keeps its shared overlap policy"}
2026-09-14 13:33:55,115 - INFO - cute_dsl_core.py:174 - flashinfer.jit: Invalidating stale CuTe-DSL module st_b12x_moe_sm121a_cute_dsl
2026-09-14 13:33:55,117 - INFO - cute_dsl_core.py:177 - flashinfer.jit: Compiling CuTe-DSL kernel st_b12x_moe_sm121a_cute_dsl/static2_m8_k4096_n512_t8_r64_tm32f2g2a32wutr16n128k256d256sf6v1fc1sepwordfc2worda2u64a1reusecompactsfregs_d69cee7670a17f43
DECODE_REFORM_LAYOUT_PASS 1024
REFORM_SF6_LAYOUT_PASS FC1=2048 FC2=2048
2026-09-14 13:34:03,214 - INFO - cute_dsl_core.py:246 - flashinfer.jit: Persisted CuTe-DSL kernel to /cache/cu132/.cache/flashinfer/0.6.18.dev20260819/121a/cached_ops/st_b12x_moe_sm121a_cute_dsl/static2_m8_k4096_n512_t8_r64_tm32f2g2a32wutr16n128k256d256sf6v1fc1sepwordfc2worda2u64a1reusecompactsfregs_d69cee7670a17f43.o
[b12x static v2] lane serving: static2_m8_k4096_n512_t8_r64_tm32f2g2a32wutr16n128k256d256sf6v1fc1sepwordfc2worda2u64a1reusecompactsfregs (mac=48, m=8, routed=64, smem=91136 B)
{"lane": "moe_pair_numerics", "shared_mode": "ordinary", "rows": 8, "unique_experts": 1, "max_expert_rows": 64, "relative_max": 0.0, "repeat_relative": [0.0, 0.0], "changed_input_and_route": true, "poisoned_output": true}
{"lane": "moe_pair_numerics", "shared_mode": "ordinary", "rows": 8, "unique_experts": 2, "max_expert_rows": 32, "relative_max": 0.0, "repeat_relative": [0.0, 0.0], "changed_input_and_route": true, "poisoned_output": true}
{"lane": "moe_pair_numerics", "shared_mode": "ordinary", "rows": 8, "unique_experts": 8, "max_expert_rows": 8, "relative_max": 0.0, "repeat_relative": [0.0, 0.0], "changed_input_and_route": true, "poisoned_output": true}
{"lane": "moe_pair_numerics", "shared_mode": "ordinary", "rows": 8, "unique_experts": 16, "max_expert_rows": 4, "relative_max": 0.0, "repeat_relative": [0.0, 0.0], "changed_input_and_route": true, "poisoned_output": true}
{"lane": "moe_pair_numerics", "shared_mode": "ordinary", "rows": 8, "unique_experts": 32, "max_expert_rows": 2, "relative_max": 0.0, "repeat_relative": [0.0, 0.0], "changed_input_and_route": true, "poisoned_output": true}
{"lane": "moe_pair_numerics", "shared_mode": "ordinary", "rows": 8, "unique_experts": 56, "max_expert_rows": 2, "relative_max": 0.0, "repeat_relative": [0.0, 0.0], "changed_input_and_route": true, "poisoned_output": true}
{"lane": "moe_pair_numerics", "shared_mode": "ordinary", "rows": 8, "unique_experts": 64, "max_expert_rows": 1, "relative_max": 0.0, "repeat_relative": [0.0, 0.0], "changed_input_and_route": true, "poisoned_output": true}
{"lane": "moe_pair_numerics", "shared_mode": "ordinary", "rows": 8, "unique_experts": 8, "max_expert_rows": 8, "relative_max": 0.0, "repeat_relative": [0.0, 0.0], "changed_input_and_route": true, "poisoned_output": true}
{"lane": "moe_pair_real_router_numerics", "shared_mode": "ordinary", "rows": 8, "relative_max": 0.0, "unique_experts": 55, "correlated": false, "request_groups": 0, "router_in_timing": false}
{"lane": "moe_pair_real_router_numerics", "shared_mode": "ordinary", "rows": 8, "relative_max": 0.0, "unique_experts": 8, "correlated": true, "request_groups": 1, "router_in_timing": false}
2026-09-14 13:34:06,530 - INFO - cute_dsl_core.py:177 - flashinfer.jit: Compiling CuTe-DSL kernel st_b12x_moe_sm121a_cute_dsl/static2_m16_k4096_n512_t8_r128_tm32f2g2a32wutr16n128k256d256sf6v1fc1sepwordfc2worda2u64a1reusecompactsfregsc2scatter_ab95565053c7e0d1
DECODE_REFORM_LAYOUT_PASS 1024
REFORM_SF6_LAYOUT_PASS FC1=2048 FC2=2048

[91m[1merror[TYPE_UNSTABLE_JOIN]:[0m `ep_row` has type `None` on one path and `Int32` on another. Where the paths come back together, both versions must be the same type.
    [94m-->[0m /repo/engine/kernels/b12x/moe_static_kernel_v4.py:2092
     |
2090 |                     )
2091 | 
2092 |                 for output_tile_idx in range(0, output_tile_cnt, 1, unroll=4):  # type: ignore[call-overload]
     |                 [91m^[0m
  [92msuggestion:[0m Make every assignment to `ep_row` produce the same type.
  [92msuggestion:[0m If you need a conversion, convert it explicitly inside the branch so the result is
              consistently one type.

