[W911 23:59:26.912231961 Utils.hpp:137] Warning: Environment variable NCCL_ASYNC_ERROR_HANDLING is deprecated; use TORCH_NCCL_ASYNC_ERROR_HANDLING instead (function operator())
[b12x sf6] prepared FC1+FC2; packed bytes=85819392
[osar] phase rank=0 us/collective (n=6): guard=2.8 copy=3.1 wait=37.4 reduce=2.8 | total=46.1  @1592 MHz assumed | wait by size: <=128KiB n=4 8.6, >128KiB n=2 95.0
phase                                      seconds   dev GiB  counters
arena                                        0.181     +4.77  
load                                         1.594     +3.16  blocks=3 bytes=1.90739e+09
load drafter                                 0.227     +0.01  blocks=3 bytes=2.34216e+09
prepare native execution                     4.746     +0.35  
{"arena_expandable": 1, "dense_pack_cache": 45, "dense_pack_gptq": 43, "dense_pack_rtn": 2, "target_native_linears": 10, "drafter_native_linears": 31, "blocks": 210, "slots": 3, "arena_GiB": 4.678, "prefix_snapshots": 8, "snapshot_MiB": 41.0}
[megakernel] selftest mla rel=3.07e-03 pair_prefill=False group=2 prefill32=False -> ARM
2026-09-11 23:59:41,001 - INFO - cute_dsl_core.py:174 - flashinfer.jit: Invalidating stale CuTe-DSL module st_b12x_moe_sm121a_cute_dsl
2026-09-11 23:59:41,001 - INFO - cute_dsl_core.py:177 - flashinfer.jit: Compiling CuTe-DSL kernel st_b12x_moe_sm121a_cute_dsl/static2_m6_k4096_n512_t8_r48_tm32f2g2a32wutr16n128k256d256sf6v1_946887720f597aab
DECODE_REFORM_LAYOUT_PASS 1024
REFORM_SF6_LAYOUT_PASS FC1=2048 FC2=2048
[osar] phase rank=0 us/collective (n=4): guard=2.8 copy=6.0 wait=276224.6 reduce=3.6 | total=276237.1  @1592 MHz assumed | wait by size: <=128KiB n=4 276224.6, >128KiB n=0 0.0
2026-09-11 23:59:46,073 - INFO - cute_dsl_core.py:246 - flashinfer.jit: Persisted CuTe-DSL kernel to /cache/.cache/flashinfer/0.6.18.dev20260819/121a/cached_ops/st_b12x_moe_sm121a_cute_dsl/static2_m6_k4096_n512_t8_r48_tm32f2g2a32wutr16n128k256d256sf6v1_946887720f597aab.o
[b12x static v2] lane serving: static2_m6_k4096_n512_t8_r48_tm32f2g2a32wutr16n128k256d256sf6v1 (mac=48, m=6, routed=48, smem=98304 B)
2026-09-11 23:59:46,624 - INFO - cute_dsl_core.py:177 - flashinfer.jit: Compiling CuTe-DSL kernel st_b12x_moe_sm121a_cute_dsl/static2_m12_k4096_n512_t8_r96_tm32f2g2a32wutsf6v1_498686e3df00c407
REFORM_SF6_LAYOUT_PASS FC1=4096 FC2=1024
2026-09-11 23:59:51,468 - INFO - cute_dsl_core.py:246 - flashinfer.jit: Persisted CuTe-DSL kernel to /cache/.cache/flashinfer/0.6.18.dev20260819/121a/cached_ops/st_b12x_moe_sm121a_cute_dsl/static2_m12_k4096_n512_t8_r96_tm32f2g2a32wutsf6v1_498686e3df00c407.o
[b12x static v2] lane serving: static2_m12_k4096_n512_t8_r96_tm32f2g2a32wutsf6v1 (mac=48, m=12, routed=96, smem=101376 B)
2026-09-11 23:59:51,572 - INFO - cute_dsl_core.py:177 - flashinfer.jit: Compiling CuTe-DSL kernel st_b12x_moe_sm121a_cute_dsl/static2_m6_k4096_n512_t8_r96_tm32f2g2a32wutr16n128k256d256sf6v1_82fe9b63fc412d29
DECODE_REFORM_LAYOUT_PASS 1024
REFORM_SF6_LAYOUT_PASS FC1=2048 FC2=2048
[osar] phase rank=0 us/collective (n=20): guard=3.0 copy=3.1 wait=12044.8 reduce=2.7 | total=12053.7  @1592 MHz assumed | wait by size: <=128KiB n=20 12044.8, >128KiB n=0 0.0
2026-09-11 23:59:56,523 - INFO - cute_dsl_core.py:246 - flashinfer.jit: Persisted CuTe-DSL kernel to /cache/.cache/flashinfer/0.6.18.dev20260819/121a/cached_ops/st_b12x_moe_sm121a_cute_dsl/static2_m6_k4096_n512_t8_r96_tm32f2g2a32wutr16n128k256d256sf6v1_82fe9b63fc412d29.o
[b12x static v2] lane serving: static2_m6_k4096_n512_t8_r96_tm32f2g2a32wutr16n128k256d256sf6v1 (mac=48, m=6, routed=48, smem=98304 B)
{"rank": 0, "target_context": 0, "relative": 0.0, "passed": true}
[osar] phase rank=0 us/collective (n=169): guard=2.9 copy=3.4 wait=689.6 reduce=2.9 | total=698.8  @1592 MHz assumed | wait by size: <=128KiB n=168 693.7, >128KiB n=1 4.7
2026-09-12 00:00:09,377 - INFO - cute_dsl_core.py:177 - flashinfer.jit: Compiling CuTe-DSL kernel st_b12x_moe_sm121a_cute_dsl/static2_m17_k4096_n512_t8_r136_tm32f2g2a32wutsf6v1_340c615c7a8e6b70
REFORM_SF6_LAYOUT_PASS FC1=4096 FC2=1024
2026-09-12 00:00:14,201 - INFO - cute_dsl_core.py:246 - flashinfer.jit: Persisted CuTe-DSL kernel to /cache/.cache/flashinfer/0.6.18.dev20260819/121a/cached_ops/st_b12x_moe_sm121a_cute_dsl/static2_m17_k4096_n512_t8_r136_tm32f2g2a32wutsf6v1_340c615c7a8e6b70.o
[b12x static v2] lane serving: static2_m17_k4096_n512_t8_r136_tm32f2g2a32wutsf6v1 (mac=48, m=17, routed=136, smem=101376 B)
2026-09-12 00:00:14,381 - INFO - cute_dsl_core.py:177 - flashinfer.jit: Compiling CuTe-DSL kernel st_b12x_moe_sm121a_cute_dsl/static2_m12_k4096_n512_t8_r136_tm32f2g2a32wutsf6v1_feca82035be15442
REFORM_SF6_LAYOUT_PASS FC1=4096 FC2=1024
[osar] phase rank=0 us/collective (n=13): guard=3.4 copy=3.9 wait=10957.1 reduce=3.2 | total=10967.6  @1592 MHz assumed | wait by size: <=128KiB n=4 26.2, >128KiB n=9 15815.3
2026-09-12 00:00:19,293 - INFO - cute_dsl_core.py:246 - flashinfer.jit: Persisted CuTe-DSL kernel to /cache/.cache/flashinfer/0.6.18.dev20260819/121a/cached_ops/st_b12x_moe_sm121a_cute_dsl/static2_m12_k4096_n512_t8_r136_tm32f2g2a32wutsf6v1_feca82035be15442.o
[b12x static v2] lane serving: static2_m12_k4096_n512_t8_r136_tm32f2g2a32wutsf6v1 (mac=48, m=12, routed=96, smem=101376 B)
{"rank": 0, "target_context": 17, "relative": 0.0, "passed": true}
/usr/local/lib/python3.12/dist-packages/torch/distributed/c10d_logger.py:83: FutureWarning: `torch.distributed.reduce_scatter_tensor` is deprecated. Please use `torch.distributed.reduce_scatter_single` instead.
  return func(*args, **kwargs)
2026-09-12 00:00:19,477 - INFO - cute_dsl_core.py:177 - flashinfer.jit: Compiling CuTe-DSL kernel st_b12x_moe_sm121a_cute_dsl/dynamic_e288_k4096_n512_t8_tiled_cf93baeedfd01c43
[osar] phase rank=0 us/collective (n=6): guard=4.3 copy=3.6 wait=18386.5 reduce=3.4 | total=18397.7  @1592 MHz assumed | wait by size: <=128KiB n=6 18386.5, >128KiB n=0 0.0
2026-09-12 00:00:29,175 - INFO - cute_dsl_core.py:246 - flashinfer.jit: Persisted CuTe-DSL kernel to /cache/.cache/flashinfer/0.6.18.dev20260819/121a/cached_ops/st_b12x_moe_sm121a_cute_dsl/dynamic_e288_k4096_n512_t8_tiled_cf93baeedfd01c43.o
[b12x-bounds] state_E=288 n=512 tile_m=128 routed_rows=1024 -> rows 37760/37760 tiles 295/295 tasks 1180/1180
{"rank": 0, "target_context": 128, "relative": 0.0, "passed": true}
[b12x-bounds] state_E=288 n=512 tile_m=128 routed_rows=2048 -> rows 38784/38784 tiles 303/303 tasks 1212/1212
{"rank": 0, "target_context": 256, "relative": 0.0, "passed": true}
/usr/local/lib/python3.12/dist-packages/torch/distributed/c10d_logger.py:83: FutureWarning: `torch.distributed.all_gather_into_tensor` is deprecated. Please use `torch.distributed.all_gather_single` instead.
  return func(*args, **kwargs)
/usr/local/lib/python3.12/dist-packages/torch/distributed/c10d_logger.py:83: FutureWarning: `torch.distributed.all_gather_into_tensor` is deprecated. Please use `torch.distributed.all_gather_single` instead.
  return func(*args, **kwargs)
2026-09-12 00:00:32,464 - INFO - cute_dsl_core.py:174 - flashinfer.jit: Invalidating stale CuTe-DSL module st_b12x_moe_sm121a_cute_dsl
2026-09-12 00:00:32,465 - INFO - cute_dsl_core.py:177 - flashinfer.jit: Compiling CuTe-DSL kernel st_b12x_moe_sm121a_cute_dsl/dynamic_e288_k4096_n512_t8_tiled_b8100dca67ecc476
2026-09-12 00:00:35,757 - INFO - cute_dsl_core.py:246 - flashinfer.jit: Persisted CuTe-DSL kernel to /cache/.cache/flashinfer/0.6.18.dev20260819/121a/cached_ops/st_b12x_moe_sm121a_cute_dsl/dynamic_e288_k4096_n512_t8_tiled_b8100dca67ecc476.o
[b12x-bounds] state_E=288 n=512 tile_m=128 routed_rows=32768 -> rows 69504/69504 tiles 543/543 tasks 2172/2172
[tp-sf6-q0] LAUNCHED E288/H4096/I512/top8 T=4096
[osar] phase rank=0 us/collective (n=20): guard=2.9 copy=3.8 wait=312.7 reduce=2.8 | total=322.2  @1592 MHz assumed | wait by size: <=128KiB n=20 312.7, >128KiB n=0 0.0
{"rank": 0, "target_context": 4096, "relative": 0.0, "passed": true}
[b12x-bounds] state_E=288 n=512 tile_m=128 routed_rows=32776 -> rows 69632/69632 tiles 544/544 tasks 2176/2176
{"rank": 0, "target_context": 4097, "relative": 0.0, "passed": true}
{"rank": 0, "drafter_context": 0, "passed": true}
{"rank": 0, "drafter_context": 1, "passed": true}
{"rank": 0, "drafter_context": 2047, "passed": true}
{"rank": 0, "drafter_context": 2048, "passed": true}
{"rank": 0, "drafter_context": 2057, "passed": true}
/usr/local/lib/python3.12/dist-packages/torch/distributed/c10d_logger.py:83: UserWarning: barrier(): using the device under current context. You can specify `device_id` in `init_process_group` to mute this warning.
  return func(*args, **kwargs)
