ROWS 128 A S<2,4,3> o 0 o ((8,16),(128,1),(1,5)):((128,1024),(1,0),(0,16384)) BYTES 40960
PACKED tensor<ptr<i8, smem, align<1024>> o ((8,16),(64,1)):((64,512),(1,0))> LAYOUT ((8,16),(64,1)):((64,512),(1,0)) SIZE 8192
WRITE 0 17 OLD 2176 17 NEW 2176 17
WRITE 1 17 OLD 2177 81 NEW 2177 81
WRITE 2 17 OLD 130 129 NEW 130 129
WRITE 3 17 OLD 131 193 NEW 131 193
MMA_WARP 0 SHAPE ((2, 2), 2, (2, 4)) FIRST (0, 0) LAST (72, 105)
MMA_WARP 1 SHAPE ((2, 2), 2, (2, 4)) FIRST (16, 0) LAST (88, 105)
MMA_WARP 2 SHAPE ((2, 2), 2, (2, 4)) FIRST (32, 0) LAST (104, 105)
MMA_WARP 3 SHAPE ((2, 2), 2, (2, 4)) FIRST (48, 0) LAST (120, 105)
MMA_WARP 4 SHAPE ((2, 2), 2, (2, 4)) FIRST (0, 16) LAST (72, 121)
MMA_WARP 5 SHAPE ((2, 2), 2, (2, 4)) FIRST (16, 16) LAST (88, 121)
MMA_WARP 6 SHAPE ((2, 2), 2, (2, 4)) FIRST (32, 16) LAST (104, 121)
MMA_WARP 7 SHAPE ((2, 2), 2, (2, 4)) FIRST (48, 16) LAST (120, 121)
ROWS 64 A S<2,4,3> o 0 o ((8,8),(128,1),(1,5)):((128,1024),(1,0),(0,8192)) BYTES 20480
PACKED tensor<ptr<i8, smem, align<1024>> o ((8,8),(64,1)):((64,512),(1,0))> LAYOUT ((8,8),(64,1)):((64,512),(1,0)) SIZE 4096
WRITE 0 17 OLD 2176 34 NEW 1088 17
WRITE 1 17 OLD 2177 98 NEW 1089 81
WRITE 2 17 OLD 130 130 NEW 66 129
WRITE 3 17 OLD 131 194 NEW 67 193
MMA_WARP 0 SHAPE ((2, 2), 1, (2, 4)) FIRST (0, 0) LAST (8, 105)
MMA_WARP 1 SHAPE ((2, 2), 1, (2, 4)) FIRST (16, 0) LAST (24, 105)
MMA_WARP 2 SHAPE ((2, 2), 1, (2, 4)) FIRST (32, 0) LAST (40, 105)
MMA_WARP 3 SHAPE ((2, 2), 1, (2, 4)) FIRST (48, 0) LAST (56, 105)
MMA_WARP 4 SHAPE ((2, 2), 1, (2, 4)) FIRST (0, 16) LAST (8, 121)
MMA_WARP 5 SHAPE ((2, 2), 1, (2, 4)) FIRST (16, 16) LAST (24, 121)
MMA_WARP 6 SHAPE ((2, 2), 1, (2, 4)) FIRST (32, 16) LAST (40, 121)
MMA_WARP 7 SHAPE ((2, 2), 1, (2, 4)) FIRST (48, 16) LAST (56, 121)
