
Resource usage:
 Common:
  GLOBAL:0
 Function kernel_cutlass_kernel_flashinferfused_moecute_dslblackwell_sm12xmoe_dynamic_ep_localMoEGatedEPLocalKernel_object_at__tensorptrbf16gmemalign16o409640961_tensorptri32gmemo1_tensorptrf32gmem_0:
  REG:168 STACK:112 SHARED:1024 LOCAL:0 CONSTANT[0]:2160 TEXTURE:0 SURFACE:0 SAMPLER:0

test_apply_defers_the_capture_query_until_candidate_admission (test_glm53_ep_prefill_local.AdmissionTests.test_apply_defers_the_capture_query_until_candidate_admission) ... ok
test_dispatch_never_silently_falls_back_with_sentinel_geometry (test_glm53_ep_prefill_local.AdmissionTests.test_dispatch_never_silently_falls_back_with_sentinel_geometry) ... ok
test_ep_and_stock_artifacts_have_distinct_keys (test_glm53_ep_prefill_local.AdmissionTests.test_ep_and_stock_artifacts_have_distinct_keys) ... ok
test_sp_reduction_gate_requires_opt_in_for_ep (test_glm53_ep_prefill_local.AdmissionTests.test_sp_reduction_gate_requires_opt_in_for_ep) ... ok
test_wide_workspace_covers_concentrated_and_tail_routes (test_glm53_ep_prefill_local.AdmissionTests.test_wide_workspace_covers_concentrated_and_tail_routes) ... ok
test_wrapper_admits_only_exact_eager_local_geometry (test_glm53_ep_prefill_local.AdmissionTests.test_wrapper_admits_only_exact_eager_local_geometry) ... ok
test_wrapper_passes_original_token_and_output_storage (test_glm53_ep_prefill_local.AdmissionTests.test_wrapper_passes_original_token_and_output_storage) ... ok
test_complete_artifacts_cannot_override_failed_runtime_recheck (test_glm53_ep_local_probe.EvidenceTests.test_complete_artifacts_cannot_override_failed_runtime_recheck) ... ok
test_failed_probe_preserves_phase_and_partial_results (test_glm53_ep_local_probe.EvidenceTests.test_failed_probe_preserves_phase_and_partial_results) ... ok
test_incomplete_remap_compile_matrix_is_rejected (test_glm53_ep_local_probe.EvidenceTests.test_incomplete_remap_compile_matrix_is_rejected) ... ok
test_matching_evidence_passes_and_changed_overlay_fails (test_glm53_ep_local_probe.EvidenceTests.test_matching_evidence_passes_and_changed_overlay_fails) ... ok
test_missing_mount_skips_and_changed_test_are_rejected (test_glm53_ep_local_probe.EvidenceTests.test_missing_mount_skips_and_changed_test_are_rejected) ... ok
test_stale_receipt_is_rejected_before_service_inventory_or_pause (test_glm53_ep_local_probe.EvidenceTests.test_stale_receipt_is_rejected_before_service_inventory_or_pause) ... ok
test_stopped_handoff_reaches_failed_cell_and_restores_original_running_flags (test_glm53_ep_local_probe.EvidenceTests.test_stopped_handoff_reaches_failed_cell_and_restores_original_running_flags) ... ok
test_corrupt_small_row_cannot_hide_behind_a_large_row (test_glm53_ep_local_probe.NumericalTests.test_corrupt_small_row_cannot_hide_behind_a_large_row) ... ok
test_large_stock_noise_cannot_authorize_a_bad_candidate (test_glm53_ep_local_probe.NumericalTests.test_large_stock_noise_cannot_authorize_a_bad_candidate) ... ok
test_nonfinite_and_broadcastable_shapes_are_rejected (test_glm53_ep_local_probe.NumericalTests.test_nonfinite_and_broadcastable_shapes_are_rejected) ... ok
test_small_stock_noise_preserves_existing_candidate_floor (test_glm53_ep_local_probe.NumericalTests.test_small_stock_noise_preserves_existing_candidate_floor) ... ok
test_generated_transition_executes_stop_and_start_with_unordered_mounts (test_glm53_probe_lifecycle.OfflineTests.test_generated_transition_executes_stop_and_start_with_unordered_mounts) ... ok
test_generated_transition_refuses_real_source_change_before_docker_mutation (test_glm53_probe_lifecycle.OfflineTests.test_generated_transition_refuses_real_source_change_before_docker_mutation) ... ok
test_lost_hold_refuses_before_remote_mutation (test_glm53_probe_lifecycle.OfflineTests.test_lost_hold_refuses_before_remote_mutation) ... ok
test_no_partial_or_automatically_deleted_or_wrong_image_fleet (test_glm53_probe_lifecycle.OfflineTests.test_no_partial_or_automatically_deleted_or_wrong_image_fleet) ... ok
test_partial_stop_error_restores_without_running_gpu (test_glm53_probe_lifecycle.OfflineTests.test_partial_stop_error_restores_without_running_gpu) ... ok
test_probe_error_restores_before_propagating (test_glm53_probe_lifecycle.OfflineTests.test_probe_error_restores_before_propagating) ... ok
test_public_restore_uses_actual_fleet_decision_and_refuses_errors (test_glm53_probe_lifecycle.OfflineTests.test_public_restore_uses_actual_fleet_decision_and_refuses_errors) ... ok
test_restore_failure_is_not_success (test_glm53_probe_lifecycle.OfflineTests.test_restore_failure_is_not_success) ... ok
test_stopped_admission_refuses_lost_holder_before_probe_or_remote_action (test_glm53_probe_lifecycle.OfflineTests.test_stopped_admission_refuses_lost_holder_before_probe_or_remote_action) ... ok
test_stopped_restore_checks_state_and_source_without_waiting_for_health (test_glm53_probe_lifecycle.OfflineTests.test_stopped_restore_checks_state_and_source_without_waiting_for_health) ... ok
test_stopped_success_failure_and_cancellation_restore_without_start_or_health (test_glm53_probe_lifecycle.OfflineTests.test_stopped_success_failure_and_cancellation_restore_without_start_or_health) ... ok
test_uniform_stopped_donor_retains_image_manifest_and_boolean_state_gates (test_glm53_probe_lifecycle.OfflineTests.test_uniform_stopped_donor_retains_image_manifest_and_boolean_state_gates) ... ok
test_launch_failure_propagates_instead_of_requesting_fallback (test_glm53_ep_route_remap.AdmissionTests.test_launch_failure_propagates_instead_of_requesting_fallback) ... ok
test_launch_sizes_are_validated_once_and_recomputed_for_reused_tensors (test_glm53_ep_route_remap.AdmissionTests.test_launch_sizes_are_validated_once_and_recomputed_for_reused_tensors) ... ok
test_one_launch_reuses_scratch_and_preserves_dtype_for_each_arm (test_glm53_ep_route_remap.AdmissionTests.test_one_launch_reuses_scratch_and_preserves_dtype_for_each_arm) ... ok
test_public_support_check_is_boolean_and_never_launches (test_glm53_ep_route_remap.AdmissionTests.test_public_support_check_is_boolean_and_never_launches) ... ok
test_reused_tensor_metadata_is_revalidated_after_every_launch (test_glm53_ep_route_remap.AdmissionTests.test_reused_tensor_metadata_is_revalidated_after_every_launch) ... ok
test_unsupported_metadata_returns_before_any_launch (test_glm53_ep_route_remap.AdmissionTests.test_unsupported_metadata_returns_before_any_launch) ... ok
test_actual_remap_preserves_local_bits_and_zeros_remote_nonfinite_weights (test_glm53_ep_route_remap.ReferenceTests.test_actual_remap_preserves_local_bits_and_zeros_remote_nonfinite_weights) ... ok
test_actual_tensor_remap_matches_scalar_conversion_and_range_oracle (test_glm53_ep_route_remap.ReferenceTests.test_actual_tensor_remap_matches_scalar_conversion_and_range_oracle) ... ok
test_declined_candidate_and_disabled_path_keep_legacy_scratch (test_glm53_ep_route_remap.WrapperScratchTests.test_declined_candidate_and_disabled_path_keep_legacy_scratch) ... ok
test_full_candidate_reuses_tensor_objects_without_any_scratch_views (test_glm53_ep_route_remap.WrapperScratchTests.test_full_candidate_reuses_tensor_objects_without_any_scratch_views) ... ok
test_partial_candidate_uses_current_storage_and_exact_row_views (test_glm53_ep_route_remap.WrapperScratchTests.test_partial_candidate_uses_current_storage_and_exact_row_views) ... ok
test_changed_executable_cannot_reuse_successful_preflight (test_glm53_ep_sanitizer.PreflightTests.test_changed_executable_cannot_reuse_successful_preflight) ... ok
test_missing_executable_and_wrong_hash_fail_before_container (test_glm53_ep_sanitizer.PreflightTests.test_missing_executable_and_wrong_hash_fail_before_container) ... ok
test_nonzero_exit_or_missing_version_cannot_pass (test_glm53_ep_sanitizer.PreflightTests.test_nonzero_exit_or_missing_version_cannot_pass) ... ok
test_outer_timeout_removes_only_its_preflight_container (test_glm53_ep_sanitizer.PreflightTests.test_outer_timeout_removes_only_its_preflight_container) ... ok
test_pinned_version_runs_in_bounded_no_device_container_and_records_identity (test_glm53_ep_sanitizer.PreflightTests.test_pinned_version_runs_in_bounded_no_device_container_and_records_identity) ... ok
test_failed_preflight_never_reaches_service_inventory_or_pause (test_glm53_ep_sanitizer.RunnerOrderTests.test_failed_preflight_never_reaches_service_inventory_or_pause) ... usage: runner [-h] --revision REVISION --out OUT --capsule-root CAPSULE_ROOT
              --manifest-sha256 MANIFEST_SHA256
runner: error: the following arguments are required: --capsule-root, --manifest-sha256
ERROR
test_absent_errors_ignored_errors_and_warnings_are_rejected (test_glm53_ep_sanitizer.SummaryTests.test_absent_errors_ignored_errors_and_warnings_are_rejected) ... ok
test_tool_specific_clean_summaries_are_required (test_glm53_ep_sanitizer.SummaryTests.test_tool_specific_clean_summaries_are_required) ... ok
test_context_precedes_first_binding_count (test_glm53_ep_binding_check.BindingOrderTests.test_context_precedes_first_binding_count) ... ok
test_existing_context_is_rejected_before_api_or_allocation (test_glm53_ep_binding_check.BindingOrderTests.test_existing_context_is_rejected_before_api_or_allocation) ... ok
test_null_failed_api_result_is_preserved_and_fatal (test_glm53_ep_binding_check.BindingOrderTests.test_null_failed_api_result_is_preserved_and_fatal) ... ok
test_nonzero_sanitizer_keeps_failure_and_restores_original (test_glm53_ep_binding_check.DiagnosticLifecycleTests.test_nonzero_sanitizer_keeps_failure_and_restores_original) ... ok
test_stopped_handoff_runs_diagnostic_and_keeps_originals_stopped (test_glm53_ep_binding_check.DiagnosticLifecycleTests.test_stopped_handoff_runs_diagnostic_and_keeps_originals_stopped) ... ok
test_every_admissible_tile_boundary_matches_original_address (test_glm53_ep_task_publication.PhysicalRowAddressTests.test_every_admissible_tile_boundary_matches_original_address) ... ok
test_histogram_rows_match_original_without_overlap_or_padding_writes (test_glm53_ep_task_publication.PhysicalRowAddressTests.test_histogram_rows_match_original_without_overlap_or_padding_writes) ... ok
test_actual_dispatch_admission_excludes_the_stock_retention_range (test_glm53_ep_task_publication.Q0StorePolicyTests.test_actual_dispatch_admission_excludes_the_stock_retention_range) ... ok
test_both_actual_q0_stores_keep_exact_addresses_and_payload_bits (test_glm53_ep_task_publication.Q0StorePolicyTests.test_both_actual_q0_stores_keep_exact_addresses_and_payload_bits) ... ok
test_all_physical_rows_and_sf_indices_match_original_layout (test_glm53_ep_task_publication.ScaleOffsetAddressTests.test_all_physical_rows_and_sf_indices_match_original_layout) ... ok
test_m128_tiles_cover_every_scale_byte_without_overlap (test_glm53_ep_task_publication.ScaleOffsetAddressTests.test_m128_tiles_cover_every_scale_byte_without_overlap) ... ok
test_all_valid_rows_and_experts_match_scalar_words (test_glm53_ep_task_publication.TaskPublicationTests.test_all_valid_rows_and_experts_match_scalar_words) ... ok
test_complete_tile_prefix_has_no_gap_overlap_or_tail_write (test_glm53_ep_task_publication.TaskPublicationTests.test_complete_tile_prefix_has_no_gap_overlap_or_tail_write) ... ok
test_four_byte_pointer_abi_uses_scalar_fallback (test_glm53_ep_task_publication.TaskPublicationTests.test_four_byte_pointer_abi_uses_scalar_fallback) ... ok
test_other_slice_contracts_keep_stock_scalar_publication (test_glm53_ep_task_publication.TaskPublicationTests.test_other_slice_contracts_keep_stock_scalar_publication) ... ok
test_actual_filter_compacts_zero_through_eight_routes_before_comparison (test_glm53_ep_route_scale_cache.RouteScaleCacheTests.test_actual_filter_compacts_zero_through_eight_routes_before_comparison) ... ok
test_each_warp_publishes_only_selected_words_and_packed_count_slot (test_glm53_ep_route_scale_cache.RouteScaleCacheTests.test_each_warp_publishes_only_selected_words_and_packed_count_slot) ... ok
test_equal_routes_need_only_existing_state_and_first_scale_reads (test_glm53_ep_route_scale_cache.RouteScaleCacheTests.test_equal_routes_need_only_existing_state_and_first_scale_reads) ... ok
test_no_local_routes_read_no_stale_scale_slots (test_glm53_ep_route_scale_cache.RouteScaleCacheTests.test_no_local_routes_read_no_stale_scale_slots) ... ok
test_only_lane_zero_publishes_before_existing_warp_barrier (test_glm53_ep_route_scale_cache.RouteScaleCacheTests.test_only_lane_zero_publishes_before_existing_warp_barrier) ... ok
test_scales_changed_at_same_addresses_replace_previous_batch (test_glm53_ep_route_scale_cache.RouteScaleCacheTests.test_scales_changed_at_same_addresses_replace_previous_batch) ... ok
test_selected_raw_bits_match_previous_quantizer_inputs (test_glm53_ep_route_scale_cache.RouteScaleCacheTests.test_selected_raw_bits_match_previous_quantizer_inputs) ... ok
test_actual_histogram_and_producer_skip_poison_and_preserve_valid_weight_bits (test_glm53_ep_route_scale_cache.RouteWeightReadTests.test_actual_histogram_and_producer_skip_poison_and_preserve_valid_weight_bits) ... ok
test_expected_identity_matches_preserved_cpu2_imports_and_v6_gpu_candidate (test_glm53_ep_capsule_runtime.CapsuleRuntimeTests.test_expected_identity_matches_preserved_cpu2_imports_and_v6_gpu_candidate) ... ok
test_host_requires_fixed_manifest_before_touching_files (test_glm53_ep_capsule_runtime.CapsuleRuntimeTests.test_host_requires_fixed_manifest_before_touching_files) ... ok
test_mount_has_exact_read_only_origin_and_python_environment (test_glm53_ep_capsule_runtime.CapsuleRuntimeTests.test_mount_has_exact_read_only_origin_and_python_environment) ... ok
test_pathfinder_rejects_wrong_module_or_selected_metadata_before_hash_acceptance (test_glm53_ep_capsule_runtime.CapsuleRuntimeTests.test_pathfinder_rejects_wrong_module_or_selected_metadata_before_hash_acceptance) ... ok
test_receipt_rejects_missing_old_version_hash_origin_and_extra_fields (test_glm53_ep_capsule_runtime.CapsuleRuntimeTests.test_receipt_rejects_missing_old_version_hash_origin_and_extra_fields) ... ok
test_runtime_rejects_environment_before_imports_and_requires_exact_identities (test_glm53_ep_capsule_runtime.CapsuleRuntimeTests.test_runtime_rejects_environment_before_imports_and_requires_exact_identities) ... ok
test_runtime_rejects_other_mount_and_bytecode_before_imports (test_glm53_ep_capsule_runtime.CapsuleRuntimeTests.test_runtime_rejects_other_mount_and_bytecode_before_imports) ... ok
test_capsule_arguments_are_required_on_both_outer_clis (test_glm53_ep_capsule_wrappers.CpuWrapperTests.test_capsule_arguments_are_required_on_both_outer_clis) ... ok
test_cpu_command_uses_readonly_capsule_fixed_inner_path_and_existing_limits (test_glm53_ep_capsule_wrappers.CpuWrapperTests.test_cpu_command_uses_readonly_capsule_fixed_inner_path_and_existing_limits) ... ok
test_cpu_postcheck_failure_cannot_mask_docker_failure_or_exception (test_glm53_ep_capsule_wrappers.CpuWrapperTests.test_cpu_postcheck_failure_cannot_mask_docker_failure_or_exception) ... ok
test_invalid_capsule_is_rejected_before_output_or_docker (test_glm53_ep_capsule_wrappers.CpuWrapperTests.test_invalid_capsule_is_rejected_before_output_or_docker) ... ok
test_output_cannot_overlap_source_or_capsule_in_either_direction (test_glm53_ep_capsule_wrappers.CpuWrapperTests.test_output_cannot_overlap_source_or_capsule_in_either_direction) ... ok
test_stock_result_requires_capsule_receipt_and_matching_contract_source (test_glm53_ep_capsule_wrappers.CpuWrapperTests.test_stock_result_requires_capsule_receipt_and_matching_contract_source) ... ok
test_capsule_final_failure_does_not_hide_original_gpu_exit (test_glm53_ep_capsule_wrappers.GpuWrapperTests.test_capsule_final_failure_does_not_hide_original_gpu_exit) ... ok
test_cell_runtime_mismatch_stops_followups_and_restores (test_glm53_ep_capsule_wrappers.GpuWrapperTests.test_cell_runtime_mismatch_stops_followups_and_restores) ... ok
test_changed_capsule_before_first_cell_restores_without_launching (test_glm53_ep_capsule_wrappers.GpuWrapperTests.test_changed_capsule_before_first_cell_restores_without_launching) ... ok
test_complete_looking_cell_with_failed_or_missing_recheck_cannot_pass (test_glm53_ep_capsule_wrappers.GpuWrapperTests.test_complete_looking_cell_with_failed_or_missing_recheck_cannot_pass) ... ok
test_every_remap_moe_and_sanitizer_cell_uses_cpu15_capsule_identity (test_glm53_ep_capsule_wrappers.GpuWrapperTests.test_every_remap_moe_and_sanitizer_cell_uses_cpu15_capsule_identity) ... ok
test_final_source_recheck_cannot_report_success_after_all_cells (test_glm53_ep_capsule_wrappers.GpuWrapperTests.test_final_source_recheck_cannot_report_success_after_all_cells) ... ok
test_stale_cpu_source_or_runtime_fails_before_inventory_and_pause (test_glm53_ep_capsule_wrappers.GpuWrapperTests.test_stale_cpu_source_or_runtime_fails_before_inventory_and_pause) ... ok
test_all_inner_clis_require_both_capsule_arguments (test_glm53_ep_capsule_inners.InnerCapsuleTests.test_all_inner_clis_require_both_capsule_arguments) ... ok
test_cpu_device_guard_still_precedes_runtime_and_compilation (test_glm53_ep_capsule_inners.InnerCapsuleTests.test_cpu_device_guard_still_precedes_runtime_and_compilation) ... ok
test_failed_operation_keeps_primary_error_phase_and_records_secondary_error (test_glm53_ep_capsule_inners.InnerCapsuleTests.test_failed_operation_keeps_primary_error_phase_and_records_secondary_error) ... ok
test_gpu_rejects_missing_and_different_compile_runtime_before_import (test_glm53_ep_capsule_inners.InnerCapsuleTests.test_gpu_rejects_missing_and_different_compile_runtime_before_import) ... ok
test_inners_can_be_loaded_as_packages_without_probes_on_path (test_glm53_ep_capsule_inners.InnerCapsuleTests.test_inners_can_be_loaded_as_packages_without_probes_on_path) ... ok
test_invalid_runtime_stops_before_accelerator_import_or_operation (test_glm53_ep_capsule_inners.InnerCapsuleTests.test_invalid_runtime_stops_before_accelerator_import_or_operation) ... ok
test_post_operation_identity_change_prevents_pass_and_keeps_partial_results (test_glm53_ep_capsule_inners.InnerCapsuleTests.test_post_operation_identity_change_prevents_pass_and_keeps_partial_results) ... ok
test_postcheck_validation_exception_also_prevents_pass (test_glm53_ep_capsule_inners.InnerCapsuleTests.test_postcheck_validation_exception_also_prevents_pass) ... ok
test_real_operation_imports_are_after_admission_and_failure_is_rechecked (test_glm53_ep_capsule_inners.InnerCapsuleTests.test_real_operation_imports_are_after_admission_and_failure_is_rechecked) ... ok
test_success_requires_matching_checks_before_and_after_operation (test_glm53_ep_capsule_inners.InnerCapsuleTests.test_success_requires_matching_checks_before_and_after_operation) ... ok
test_archive_traversal_extra_package_and_symlink_never_create_site (test_glm53_ep_bindings_capsule.CapsuleTests.test_archive_traversal_extra_package_and_symlink_never_create_site) ... ok
test_complete_payload_and_licenses_validate_without_importing_cuda (test_glm53_ep_bindings_capsule.CapsuleTests.test_complete_payload_and_licenses_validate_without_importing_cuda) ... ok
test_complete_record_metadata_license_and_unique_members_are_required (test_glm53_ep_bindings_capsule.CapsuleTests.test_complete_record_metadata_license_and_unique_members_are_required) ... ok
test_extra_missing_mutated_files_and_empty_directories_are_rejected (test_glm53_ep_bindings_capsule.CapsuleTests.test_extra_missing_mutated_files_and_empty_directories_are_rejected) ... ok
test_manifest_requires_an_external_digest_and_rejects_rehashed_mutation (test_glm53_ep_bindings_capsule.CapsuleTests.test_manifest_requires_an_external_digest_and_rejects_rehashed_mutation) ... ok
test_symlinked_payload_directory_and_manifest_are_rejected (test_glm53_ep_bindings_capsule.CapsuleTests.test_symlinked_payload_directory_and_manifest_are_rejected) ... ok
test_unpinned_wheel_bytes_one_package_and_existing_destination_are_refused (test_glm53_ep_bindings_capsule.CapsuleTests.test_unpinned_wheel_bytes_one_package_and_existing_destination_are_refused) ... ok
test_binding_only_override_is_not_accepted_as_the_matched_pair (test_glm53_ep_bindings_capsule.DependencyTests.test_binding_only_override_is_not_accepted_as_the_matched_pair) ... ok
test_duplicate_distribution_and_direct_url_identity_fail_closed (test_glm53_ep_bindings_capsule.DependencyTests.test_duplicate_distribution_and_direct_url_identity_fail_closed) ... ok
test_matching_pair_satisfies_reverse_constraints_and_retains_unrelated_baseline_conflict (test_glm53_ep_bindings_capsule.DependencyTests.test_matching_pair_satisfies_reverse_constraints_and_retains_unrelated_baseline_conflict) ... ok
test_reverse_dependency_pathfinder_and_missing_target_fail (test_glm53_ep_bindings_capsule.DependencyTests.test_reverse_dependency_pathfinder_and_missing_target_fail) ... ok
test_target_markers_are_explicit_and_active_extras_cannot_hide_constraints (test_glm53_ep_bindings_capsule.DependencyTests.test_target_markers_are_explicit_and_active_extras_cannot_hide_constraints) ... ok
test_actual_import_paths_hashes_and_both_distribution_versions_are_bound (test_glm53_ep_bindings_pair.ImportIdentityTests.test_actual_import_paths_hashes_and_both_distribution_versions_are_bound) ... ok
test_global_metapackage_cannot_masquerade_as_candidate (test_glm53_ep_bindings_pair.ImportIdentityTests.test_global_metapackage_cannot_masquerade_as_candidate) ... ok
test_wrong_binary_hash_fails (test_glm53_ep_bindings_pair.ImportIdentityTests.test_wrong_binary_hash_fails) ... ok
test_wrong_import_origin_fails (test_glm53_ep_bindings_pair.ImportIdentityTests.test_wrong_import_origin_fails) ... ok
test_baseline_failure_candidate_runs_one_pause_exact_restore_and_failure_exit (test_glm53_ep_bindings_pair.PairLifecycleTests.test_baseline_failure_candidate_runs_one_pause_exact_restore_and_failure_exit) ... ok
test_candidate_sanitizer_failure_cannot_observe_compatibility (test_glm53_ep_bindings_pair.PairLifecycleTests.test_candidate_sanitizer_failure_cannot_observe_compatibility) ... ok
test_capsule_drift_after_pair_prevents_compatibility_verdict (test_glm53_ep_bindings_pair.PairLifecycleTests.test_capsule_drift_after_pair_prevents_compatibility_verdict) ... ok
test_capsule_drift_at_candidate_go_aborts_and_restores (test_glm53_ep_bindings_pair.PairLifecycleTests.test_capsule_drift_at_candidate_go_aborts_and_restores) ... ok
test_interruption_stops_pair_and_restores_original (test_glm53_ep_bindings_pair.PairLifecycleTests.test_interruption_stops_pair_and_restores_original) ... ok
test_stopped_donor_is_restored_stopped_without_idle_or_boot (test_glm53_ep_bindings_pair.PairLifecycleTests.test_stopped_donor_is_restored_stopped_without_idle_or_boot) ... ok
test_unmatched_baseline_error_cannot_be_waived (test_glm53_ep_bindings_pair.PairLifecycleTests.test_unmatched_baseline_error_cannot_be_waived) ... ok
test_v5_reports_must_be_between_unique_count_markers_after_identity (test_glm53_ep_bindings_pair.PairLifecycleTests.test_v5_reports_must_be_between_unique_count_markers_after_identity) ... ok
test_both_arms_keep_torch_then_identity_then_first_api (test_glm53_ep_bindings_pair.ProbeOrderTests.test_both_arms_keep_torch_then_identity_then_first_api) ... ok
test_identity_failure_prevents_both_binding_calls (test_glm53_ep_bindings_pair.ProbeOrderTests.test_identity_failure_prevents_both_binding_calls) ... ok
test_unexpected_count_or_driver_version_is_not_observed (test_glm53_ep_bindings_pair.ProbeOrderTests.test_unexpected_count_or_driver_version_is_not_observed) ... ok

======================================================================
ERROR: test_failed_preflight_never_reaches_service_inventory_or_pause (test_glm53_ep_sanitizer.RunnerOrderTests.test_failed_preflight_never_reaches_service_inventory_or_pause)
----------------------------------------------------------------------
Traceback (most recent call last):
  File "/repo/tests/test_glm53_ep_sanitizer.py", line 138, in test_failed_preflight_never_reaches_service_inventory_or_pause
    self.assertEqual(runner.main(), 1)
                     ^^^^^^^^^^^^^
  File "/repo/probes/run_glm53_ep_local_offline.py", line 45, in main
    args = ap.parse_args()
           ^^^^^^^^^^^^^^^
  File "/usr/lib/python3.12/argparse.py", line 1908, in parse_args
    args, argv = self.parse_known_args(args, namespace)
                 ^^^^^^^^^^^^^^^^^^^^^^^^^^^^^^^^^^^^^^
  File "/usr/lib/python3.12/argparse.py", line 1941, in parse_known_args
    namespace, args = self._parse_known_args(args, namespace)
                      ^^^^^^^^^^^^^^^^^^^^^^^^^^^^^^^^^^^^^^^
  File "/usr/lib/python3.12/argparse.py", line 2190, in _parse_known_args
    self.error(_('the following arguments are required: %s') %
  File "/usr/lib/python3.12/argparse.py", line 2677, in error
    self.exit(2, _('%(prog)s: error: %(message)s\n') % args)
  File "/usr/lib/python3.12/argparse.py", line 2664, in exit
    _sys.exit(status)
SystemExit: 2

----------------------------------------------------------------------
Ran 129 tests in 5.542s

FAILED (errors=1)
Traceback (most recent call last):
  File "/repo/probes/glm53_ep_local_compile_check.py", line 150, in <module>
    main()
  File "/repo/probes/glm53_ep_local_compile_check.py", line 124, in main
    compile_arm(args, evidence)
  File "/repo/probes/glm53_ep_local_compile_check.py", line 92, in compile_arm
    assert tested.wasSuccessful() and not tested.skipped, contracts
           ^^^^^^^^^^^^^^^^^^^^^^^^^^^^^^^^^^^^^^^^^^^^^
{"arm": "local", "m": 6912, "verdict": "FAIL", "phase": "cpu-contracts", "binding_runtime": {"schema": 1, "capsule_manifest_sha256": "b29ac01b3a45a5c140ba205187c86411412c5b74e7ac31417747e028588debab", "binding_identity": {"version": "13.0.3", "root": "/opt/glm53-bindings-capsule", "modules": {"cuda.bindings.driver": {"path": "/opt/glm53-bindings-capsule/cuda/bindings/driver.cpython-312-aarch64-linux-gnu.so", "sha256": "dd32428c39930c2ceffe855ab06ac645e158eba1af9b6f665fa676fa0c71e89e"}, "cuda.bindings._bindings.cydriver": {"path": "/opt/glm53-bindings-capsule/cuda/bindings/_bindings/cydriver.cpython-312-aarch64-linux-gnu.so", "sha256": "28a0267e633d526f47acf4920f7b7942e696d5eb6879d22e4f969ba55a6d292d"}}, "distributions": {"cuda-bindings": {"version": "13.0.3", "path": "/opt/glm53-bindings-capsule/cuda_bindings-13.0.3.dist-info/METADATA", "sha256": "5659a955aa1bc509a7c06b939502271fe49acaf4f79adb58c0f73b3f0791a235"}, "cuda-python": {"version": "13.0.3", "path": "/opt/glm53-bindings-capsule/cuda_python-13.0.3.dist-info/METADATA", "sha256": "c4b239363756205466e7d427234a9b17df68034823a0e5758794ca6a3e6fea99"}}}, "pathfinder": {"version": "1.7.0", "path": "/usr/local/lib/python3.12/dist-packages/cuda/pathfinder/__init__.py", "sha256": "4ea26c3f6f3bb3c7d2dc725beabfd9cb375e11142ff9a477290eb9b226fd9543", "metadata_path": "/usr/local/lib/python3.12/dist-packages/cuda_pathfinder-1.7.0.dist-info/METADATA", "metadata_sha256": "b2d9b84b42ce29eff98b781efdccfd9cb75862d61cb6cab57fc37c6f52cc2548"}}, "artifacts": [{"file": "cutlass___call___flashinferfused_moecute_dslblackwell_sm12xmoe_dispatch_DynamicMoELaunch_object_at__Ptrgmem_Ptrgmem_Ptrgmem_Ptrgmem_Ptrgmem_Ptrgmem_Ptrgmem_FakeTensorInt3211_FakeTe.sm_121a.ptx", "bytes": 939211, "sha256": "7c4bdc1d65f84314089dc399c39e91c90b12c699b34257de697c9fda151d1cc8"}], "resources": [{"file": "cutlass___call___flashinferfused_moecute_dslblackwell_sm12xmoe_dispatch_DynamicMoELaunch_object_at__Ptrgmem_Ptrgmem_Ptrgmem_Ptrgmem_Ptrgmem_Ptrgmem_Ptrgmem_FakeTensorInt3211_FakeTe.sm_121a.cubin", "bytes": 288664, "sha256": "a657728bfb29e02e032b0fa43b69cf169fa5ac63b0cb74bf3954100211720dd4", "resources": "\nResource usage:\n Common:\n  GLOBAL:0\n Function kernel_cutlass_kernel_flashinferfused_moecute_dslblackwell_sm12xmoe_dynamic_ep_localMoEGatedEPLocalKernel_object_at__tensorptrbf16gmemalign16o409640961_tensorptri32gmemo1_tensorptrf32gmem_0:\n  REG:168 STACK:112 SHARED:1024 LOCAL:0 CONSTANT[0]:2160 TEXTURE:0 SURFACE:0 SAMPLER:0\n"}], "remap_compilation": [{"label": "mapped-i32-fp32-i32", "kind": "mapped", "signature": {"IDS": "*i32", "WEIGHTS": "*fp32", "EXPERT_MAP": "*i32", "OUT_IDS": "*i32", "OUT_WEIGHTS": "*fp32", "N_PAIRS": "i32", "LOCAL_OFFSET": "i32"}, "constants": {"MAP_LEN": 288, "HAS_MAP": true, "BLOCK": 256}, "hash": "3d4dff50c395481a10ce90ad113735bebc132fd5292bb0f116c4de5c4de864ca", "shared_bytes": 0, "ptx_sha256": "2f5e7f4c0033be95e1b339ebbf7dd8f03c494135feab5fbe78911b5a2b57eb0d", "cubin_sha256": "8df15098223d0dc0d5b66bcd0343a8fe437f1f2505fa0c0b5ee97189b6610109"}, {"label": "mapped-i32-fp32-i64", "kind": "mapped", "signature": {"IDS": "*i32", "WEIGHTS": "*fp32", "EXPERT_MAP": "*i64", "OUT_IDS": "*i32", "OUT_WEIGHTS": "*fp32", "N_PAIRS": "i32", "LOCAL_OFFSET": "i32"}, "constants": {"MAP_LEN": 288, "HAS_MAP": true, "BLOCK": 256}, "hash": "f12dc9fd0464aa0459db959660b1ab1fbeff927533ad91b2bda5d88893b0a8d1", "shared_bytes": 0, "ptx_sha256": "8f702e3f7c6203b6a62f314614b0c6274a024d0122edf82800349859019489db", "cubin_sha256": "641b74003a194d893fbe2b3235ad6e5116a9e5a7244481773f04ea6767aee2cb"}, {"label": "mapped-i32-fp16-i32", "kind": "mapped", "signature": {"IDS": "*i32", "WEIGHTS": "*fp16", "EXPERT_MAP": "*i32", "OUT_IDS": "*i32", "OUT_WEIGHTS": "*fp16", "N_PAIRS": "i32", "LOCAL_OFFSET": "i32"}, "constants": {"MAP_LEN": 288, "HAS_MAP": true, "BLOCK": 256}, "hash": "c13feb52b94b875798276b90fb006d7f2dea4fa7f2c3f3ca78a7060d399eee6d", "shared_bytes": 0, "ptx_sha256": "d271146a71b20215e799e331441a50ec6e2f50a2f55f1197a6d903aa2225ed9b", "cubin_sha256": "ca3aedf52071d7f47e6a7170e57bd884f612a59c5b0494fd9f5d7ec2f1950770"}, {"label": "mapped-i32-fp16-i64", "kind": "mapped", "signature": {"IDS": "*i32", "WEIGHTS": "*fp16", "EXPERT_MAP": "*i64", "OUT_IDS": "*i32", "OUT_WEIGHTS": "*fp16", "N_PAIRS": "i32", "LOCAL_OFFSET": "i32"}, "constants": {"MAP_LEN": 288, "HAS_MAP": true, "BLOCK": 256}, "hash": "e5a702c3cb1dd2eacf5e32d1657ac37c8534483dd3c72b955ee7cfcdf3bfcff8", "shared_bytes": 0, "ptx_sha256": "8f90d2116e5382a2d125119fb578e3158c24fa015b8c6b6687545d86a1aadb09", "cubin_sha256": "68b601913a573672d685386f23814eca23f4df8b9fd260a330672bcccefef4e9"}, {"label": "mapped-i32-bf16-i32", "kind": "mapped", "signature": {"IDS": "*i32", "WEIGHTS": "*bf16", "EXPERT_MAP": "*i32", "OUT_IDS": "*i32", "OUT_WEIGHTS": "*bf16", "N_PAIRS": "i32", "LOCAL_OFFSET": "i32"}, "constants": {"MAP_LEN": 288, "HAS_MAP": true, "BLOCK": 256}, "hash": "50675b798ae03cac0b34fbedc9b65d414f952efba17edf025e6ad9f883dcc342", "shared_bytes": 0, "ptx_sha256": "d271146a71b20215e799e331441a50ec6e2f50a2f55f1197a6d903aa2225ed9b", "cubin_sha256": "ca3aedf52071d7f47e6a7170e57bd884f612a59c5b0494fd9f5d7ec2f1950770"}, {"label": "mapped-i32-bf16-i64", "kind": "mapped", "signature": {"IDS": "*i32", "WEIGHTS": "*bf16", "EXPERT_MAP": "*i64", "OUT_IDS": "*i32", "OUT_WEIGHTS": "*bf16", "N_PAIRS": "i32", "LOCAL_OFFSET": "i32"}, "constants": {"MAP_LEN": 288, "HAS_MAP": true, "BLOCK": 256}, "hash": "af5919af3b76686c0f07bf27ec8c01c553d502917e9e293a7dae04022c49315a", "shared_bytes": 0, "ptx_sha256": "8f90d2116e5382a2d125119fb578e3158c24fa015b8c6b6687545d86a1aadb09", "cubin_sha256": "68b601913a573672d685386f23814eca23f4df8b9fd260a330672bcccefef4e9"}, {"label": "mapped-i64-fp32-i32", "kind": "mapped", "signature": {"IDS": "*i64", "WEIGHTS": "*fp32", "EXPERT_MAP": "*i32", "OUT_IDS": "*i32", "OUT_WEIGHTS": "*fp32", "N_PAIRS": "i32", "LOCAL_OFFSET": "i32"}, "constants": {"MAP_LEN": 288, "HAS_MAP": true, "BLOCK": 256}, "hash": "c5069d53942f755763222bd444880ef6e2f8bab017d447079c2f72e509522982", "shared_bytes": 0, "ptx_sha256": "8b5122b74204fdf9e6dcf24c6fc8853e42955682ff4a4548355c9bc4a1b8e1b9", "cubin_sha256": "3851b4d8709fa0c2df5fe21431a616b16a273465016a7b9fef69b95415c78a37"}, {"label": "mapped-i64-fp32-i64", "kind": "mapped", "signature": {"IDS": "*i64", "WEIGHTS": "*fp32", "EXPERT_MAP": "*i64", "OUT_IDS": "*i32", "OUT_WEIGHTS": "*fp32", "N_PAIRS": "i32", "LOCAL_OFFSET": "i32"}, "constants": {"MAP_LEN": 288, "HAS_MAP": true, "BLOCK": 256}, "hash": "129578174417fce7efd1ebbde6315793a28998c657ab9ac3660d48640668b4ad", "shared_bytes": 0, "ptx_sha256": "4825abab342c3ed078cfa33618cbb9484127586a9cbbc0029d1987aeba893738", "cubin_sha256": "e9a8e906c328893d83889cef3ae65b17e7a208f8f0e6a5acd04ba8b5ec4eba79"}, {"label": "mapped-i64-fp16-i32", "kind": "mapped", "signature": {"IDS": "*i64", "WEIGHTS": "*fp16", "EXPERT_MAP": "*i32", "OUT_IDS": "*i32", "OUT_WEIGHTS": "*fp16", "N_PAIRS": "i32", "LOCAL_OFFSET": "i32"}, "constants": {"MAP_LEN": 288, "HAS_MAP": true, "BLOCK": 256}, "hash": "df9961b8643628942be3113bdd9ffdab18b4c973ced3e960b9cdb5bc1a88cb80", "shared_bytes": 0, "ptx_sha256": "9615f43d780e43f2770472901a085a9b3d3747ca2fc12f23854b0be11d086c2b", "cubin_sha256": "d8ed1f52071f98f231c0a1d622a56a28378d02b97750c5029aa92535a15ca908"}, {"label": "mapped-i64-fp16-i64", "kind": "mapped", "signature": {"IDS": "*i64", "WEIGHTS": "*fp16", "EXPERT_MAP": "*i64", "OUT_IDS": "*i32", "OUT_WEIGHTS": "*fp16", "N_PAIRS": "i32", "LOCAL_OFFSET": "i32"}, "constants": {"MAP_LEN": 288, "HAS_MAP": true, "BLOCK": 256}, "hash": "09f2cdcffb3d9066502e523942bc05f0f54e40f27d0906adef3d82a85617725b", "shared_bytes": 0, "ptx_sha256": "98a7500d9941e7c2e47454d518bb9e6f69253a147e488de7fec6408f30ce9e4e", "cubin_sha256": "00dea1a26cf0002ef28ee4fee955064e432f28a6acbdc6717da2024100ce49fb"}, {"label": "mapped-i64-bf16-i32", "kind": "mapped", "signature": {"IDS": "*i64", "WEIGHTS": "*bf16", "EXPERT_MAP": "*i32", "OUT_IDS": "*i32", "OUT_WEIGHTS": "*bf16", "N_PAIRS": "i32", "LOCAL_OFFSET": "i32"}, "constants": {"MAP_LEN": 288, "HAS_MAP": true, "BLOCK": 256}, "hash": "533758d75c10a0f21c72aebac6f2504a1b85eb6774fe5433597f97e14e7665d6", "shared_bytes": 0, "ptx_sha256": "9615f43d780e43f2770472901a085a9b3d3747ca2fc12f23854b0be11d086c2b", "cubin_sha256": "d8ed1f52071f98f231c0a1d622a56a28378d02b97750c5029aa92535a15ca908"}, {"label": "mapped-i64-bf16-i64", "kind": "mapped", "signature": {"IDS": "*i64", "WEIGHTS": "*bf16", "EXPERT_MAP": "*i64", "OUT_IDS": "*i32", "OUT_WEIGHTS": "*bf16", "N_PAIRS": "i32", "LOCAL_OFFSET": "i32"}, "constants": {"MAP_LEN": 288, "HAS_MAP": true, "BLOCK": 256}, "hash": "23e276de865771f000e53483ecd5576f0a5efe194f930d2f9bfcc7915e4247c8", "shared_bytes": 0, "ptx_sha256": "98a7500d9941e7c2e47454d518bb9e6f69253a147e488de7fec6408f30ce9e4e", "cubin_sha256": "00dea1a26cf0002ef28ee4fee955064e432f28a6acbdc6717da2024100ce49fb"}, {"label": "empty-i32-fp32-i32", "kind": "empty", "signature": {"IDS": "*i32", "WEIGHTS": "*fp32", "EXPERT_MAP": "*i32", "OUT_IDS": "*i32", "OUT_WEIGHTS": "*fp32", "N_PAIRS": "i32", "LOCAL_OFFSET": "i32"}, "constants": {"MAP_LEN": 0, "HAS_MAP": true, "BLOCK": 256}, "hash": "adb15ab6bfc27767f2038ba622e278f76d852379b392f2c148961d2bab4cbf54", "shared_bytes": 0, "ptx_sha256": "bcef4b25cf42de6a314dcdc0a4a303101add2cf8ade9c5dd524c3f8435d4182f", "cubin_sha256": "9d0e7d70be394c20930de977467b9d72ae0ec8b2ac2f72d6049ca249b649d4f0"}, {"label": "empty-i32-fp16-i32", "kind": "empty", "signature": {"IDS": "*i32", "WEIGHTS": "*fp16", "EXPERT_MAP": "*i32", "OUT_IDS": "*i32", "OUT_WEIGHTS": "*fp16", "N_PAIRS": "i32", "LOCAL_OFFSET": "i32"}, "constants": {"MAP_LEN": 0, "HAS_MAP": true, "BLOCK": 256}, "hash": "adfde49ec0ebd26d2defeffcb109d9e9bccf7d5354b307e02f8b62889a024b72", "shared_bytes": 0, "ptx_sha256": "e93c46c095b7b0f7555827d661fc89512abda37468f669f5d2811835951e7f15", "cubin_sha256": "d3ef0b945f076f6ce0217e2099c08ea4ea4c096aa1f76f39a473cf0481e89ce4"}, {"label": "empty-i32-bf16-i32", "kind": "empty", "signature": {"IDS": "*i32", "WEIGHTS": "*bf16", "EXPERT_MAP": "*i32", "OUT_IDS": "*i32", "OUT_WEIGHTS": "*bf16", "N_PAIRS": "i32", "LOCAL_OFFSET": "i32"}, "constants": {"MAP_LEN": 0, "HAS_MAP": true, "BLOCK": 256}, "hash": "1946934d2b94b67b621f57eb184ac368adeb7bd248b2d64d9ce089f4a5f00b12", "shared_bytes": 0, "ptx_sha256": "e93c46c095b7b0f7555827d661fc89512abda37468f669f5d2811835951e7f15", "cubin_sha256": "d3ef0b945f076f6ce0217e2099c08ea4ea4c096aa1f76f39a473cf0481e89ce4"}, {"label": "empty-i64-fp32-i32", "kind": "empty", "signature": {"IDS": "*i64", "WEIGHTS": "*fp32", "EXPERT_MAP": "*i32", "OUT_IDS": "*i32", "OUT_WEIGHTS": "*fp32", "N_PAIRS": "i32", "LOCAL_OFFSET": "i32"}, "constants": {"MAP_LEN": 0, "HAS_MAP": true, "BLOCK": 256}, "hash": "6c0ce6527263450b7b7d38e936c0e9161edfa849e9765d737d9682ee265b3124", "shared_bytes": 0, "ptx_sha256": "bcef4b25cf42de6a314dcdc0a4a303101add2cf8ade9c5dd524c3f8435d4182f", "cubin_sha256": "9d0e7d70be394c20930de977467b9d72ae0ec8b2ac2f72d6049ca249b649d4f0"}, {"label": "empty-i64-fp16-i32", "kind": "empty", "signature": {"IDS": "*i64", "WEIGHTS": "*fp16", "EXPERT_MAP": "*i32", "OUT_IDS": "*i32", "OUT_WEIGHTS": "*fp16", "N_PAIRS": "i32", "LOCAL_OFFSET": "i32"}, "constants": {"MAP_LEN": 0, "HAS_MAP": true, "BLOCK": 256}, "hash": "b93e188b8111dfe4ef991b015ce942b8f89f1b43e914f90b746d68e0f9f80984", "shared_bytes": 0, "ptx_sha256": "e93c46c095b7b0f7555827d661fc89512abda37468f669f5d2811835951e7f15", "cubin_sha256": "d3ef0b945f076f6ce0217e2099c08ea4ea4c096aa1f76f39a473cf0481e89ce4"}, {"label": "empty-i64-bf16-i32", "kind": "empty", "signature": {"IDS": "*i64", "WEIGHTS": "*bf16", "EXPERT_MAP": "*i32", "OUT_IDS": "*i32", "OUT_WEIGHTS": "*bf16", "N_PAIRS": "i32", "LOCAL_OFFSET": "i32"}, "constants": {"MAP_LEN": 0, "HAS_MAP": true, "BLOCK": 256}, "hash": "70e5fd48adf7fe23f272ed46ca3225d95f24da5c897668a0acc1b94f587a4001", "shared_bytes": 0, "ptx_sha256": "e93c46c095b7b0f7555827d661fc89512abda37468f669f5d2811835951e7f15", "cubin_sha256": "d3ef0b945f076f6ce0217e2099c08ea4ea4c096aa1f76f39a473cf0481e89ce4"}, {"label": "offset-i32-fp32-i32", "kind": "offset", "signature": {"IDS": "*i32", "WEIGHTS": "*fp32", "EXPERT_MAP": "*i32", "OUT_IDS": "*i32", "OUT_WEIGHTS": "*fp32", "N_PAIRS": "i32", "LOCAL_OFFSET": "i32"}, "constants": {"MAP_LEN": 0, "HAS_MAP": false, "BLOCK": 256}, "hash": "53852bd03753e4735be41a5f476383fab9195bb811e2253efffdf08785e1d985", "shared_bytes": 0, "ptx_sha256": "a0cefa45eadba91362f0a98ae35d3bef8e35afa627ff1bda2dd4394749c9ed58", "cubin_sha256": "11dfcbea68a4b1db56afe3279e486cb28c5d5bad14cc3a188a8a07021a0a88fb"}, {"label": "offset-i32-fp16-i32", "kind": "offset", "signature": {"IDS": "*i32", "WEIGHTS": "*fp16", "EXPERT_MAP": "*i32", "OUT_IDS": "*i32", "OUT_WEIGHTS": "*fp16", "N_PAIRS": "i32", "LOCAL_OFFSET": "i32"}, "constants": {"MAP_LEN": 0, "HAS_MAP": false, "BLOCK": 256}, "hash": "87a60f4383d8585c9f379f0825f39a48cfc13f93a11e7433ef4c13281db295a9", "shared_bytes": 0, "ptx_sha256": "98426119fc8481fcd8cae129d4ab5bfd3381f79637d613f7b5c9be57399d407f", "cubin_sha256": "a08f1ff607067c693151e40e3c9dd3f7b8e5364ec442c7d8a1d87c71d34cd3cc"}, {"label": "offset-i32-bf16-i32", "kind": "offset", "signature": {"IDS": "*i32", "WEIGHTS": "*bf16", "EXPERT_MAP": "*i32", "OUT_IDS": "*i32", "OUT_WEIGHTS": "*bf16", "N_PAIRS": "i32", "LOCAL_OFFSET": "i32"}, "constants": {"MAP_LEN": 0, "HAS_MAP": false, "BLOCK": 256}, "hash": "25f7b2e0a0b23124d5c739285bcdca5deb0440feafb42c9b21ee6a4cae4398fb", "shared_bytes": 0, "ptx_sha256": "98426119fc8481fcd8cae129d4ab5bfd3381f79637d613f7b5c9be57399d407f", "cubin_sha256": "a08f1ff607067c693151e40e3c9dd3f7b8e5364ec442c7d8a1d87c71d34cd3cc"}, {"label": "offset-i64-fp32-i32", "kind": "offset", "signature": {"IDS": "*i64", "WEIGHTS": "*fp32", "EXPERT_MAP": "*i32", "OUT_IDS": "*i32", "OUT_WEIGHTS": "*fp32", "N_PAIRS": "i32", "LOCAL_OFFSET": "i32"}, "constants": {"MAP_LEN": 0, "HAS_MAP": false, "BLOCK": 256}, "hash": "b55575870cbc28088a576dabe2ad4e470bb6dc3845bdd83122fc5a7def768714", "shared_bytes": 0, "ptx_sha256": "630fe8b409dc6030aca83bbdb4c6864fafb5078753a995c871229186f4cba4a3", "cubin_sha256": "a96a0877ac378442e4333594eac59bef73bdf08245d05ef980a22f3c115a2fa0"}, {"label": "offset-i64-fp16-i32", "kind": "offset", "signature": {"IDS": "*i64", "WEIGHTS": "*fp16", "EXPERT_MAP": "*i32", "OUT_IDS": "*i32", "OUT_WEIGHTS": "*fp16", "N_PAIRS": "i32", "LOCAL_OFFSET": "i32"}, "constants": {"MAP_LEN": 0, "HAS_MAP": false, "BLOCK": 256}, "hash": "2ae23cc013d7403868560d669b1357aaa44993a76a4b67317e7783922ed951eb", "shared_bytes": 0, "ptx_sha256": "42e737bc23882197dc5613648dc7e3b66eac27f5d1b0c07c7f47dfe0b75d8f2b", "cubin_sha256": "a8bc74c0ab937e327048c32b4ecac2b88cb25a07163a05652796a8520b67bd37"}, {"label": "offset-i64-bf16-i32", "kind": "offset", "signature": {"IDS": "*i64", "WEIGHTS": "*bf16", "EXPERT_MAP": "*i32", "OUT_IDS": "*i32", "OUT_WEIGHTS": "*bf16", "N_PAIRS": "i32", "LOCAL_OFFSET": "i32"}, "constants": {"MAP_LEN": 0, "HAS_MAP": false, "BLOCK": 256}, "hash": "6444b942eb16beb16586755f7214187fcc35244d1ffc590f071532290de4c2b1", "shared_bytes": 0, "ptx_sha256": "42e737bc23882197dc5613648dc7e3b66eac27f5d1b0c07c7f47dfe0b75d8f2b", "cubin_sha256": "a8bc74c0ab937e327048c32b4ecac2b88cb25a07163a05652796a8520b67bd37"}], "contracts": {"tests_run": 129, "failures": 0, "errors": 1, "skips": 0, "files": {"tests/test_glm53_ep_prefill_local.py": "3f79ec33eaabff5521b898b6e72555116e8c1797b51f3b5871fb9c46a203130a", "tests/test_glm53_ep_local_probe.py": "5a8fb78fd9dcc233fb02e1253bfd6247b24baaeb0c80387c6e381ccaafc0b325", "tests/test_glm53_probe_lifecycle.py": "c35a83f6e3eb34adc6a77b240994a7ce1cdc86d4da3f2e9a81220de4bf3f2706", "tests/test_glm53_ep_route_remap.py": "7f6a9ab88f1eaf219a662f4ffca41cb42aef941fb14bd3c0289f677f16e1da5c", "tests/test_glm53_ep_sanitizer.py": "c5ec424b9631dc4a498fbf4f8497b2c063afcadef7b2a633d4b15ad85a558279", "tests/test_glm53_ep_binding_check.py": "eedeca9b4bc0f01c4fa2a20518182dba6a5a6854b55c36c7c6af394541f5b26f", "tests/test_glm53_ep_task_publication.py": "f9260af34f57c26da403e637166a90141c0dce5b63c01fae43238bdcb8d31caf", "tests/test_glm53_ep_route_scale_cache.py": "d0572162c527dd930ab116a7d894aae314dda7700ba7e8e3254f2fe9febca68b", "tests/test_glm53_ep_capsule_runtime.py": "624a496cfa8a37be53c9625962e1119d89a8d87f1d9de5c8f20b9a34f8c6779f", "tests/test_glm53_ep_capsule_wrappers.py": "9ff4d4eeedc91ca56856f3a23dc0cb3473a66a2d42de670a8fc1f53fbbfad6dc", "tests/test_glm53_ep_capsule_inners.py": "fccae5d3ff7a57d72e3c0d25355193ab4409ae2d2668c26ae362fe313efc599d", "tests/test_glm53_ep_bindings_capsule.py": "e24b1dae1a3bdc67ed41a33b44d25e4bb6274fafaa7781f30ac0cbc8c335b6fb", "tests/test_glm53_ep_bindings_pair.py": "8dfedc98646a0580781cad5e14921d4ce277c8f899e1ec65fb26af496a5bff6a", "probes/glm53_ep_local_check.py": "8a9c8bd1e3d04bb4b557181ec55e16a2698bd079540af4c6d1a2ae6cce39348c", "probes/glm53_ep_local_evidence.py": "052bbc888b326d7fd330cb9cc622dae526c3ebf1f3362f96a9e0dc05e5cf7dde", "probes/run_glm53_ep_local_offline.py": "426159d546f189726d82ccf9a1274fa61be453a698ec1a829fa987bc34fda48f", "probes/glm53_probe_lifecycle.py": "ac981627094546373ffbee6970a23d9356f23642b628dd228168324c50b7cc16", "probes/glm53_ep_local_compile_check.py": "4187c1150ce16bc12e33dec8d6136b108f36dc3792b2f45421fd44a3c6a082cf", "probes/run_glm53_ep_local_cpu_compile.py": "2353825ca1bd395a122439402b2eac892518d52c99e52de1872d6dad70f18da8", "probes/glm53_ep_route_remap_check.py": "241c11de8db10b550f6a624e91ec729882d4993b1919abe7b187acec4252e568", "probes/glm53_ep_sanitizer.py": "7144f2b4c488e073257845dc65b028c220a06831ac9ce654d6fbaa2f01ca7e1a", "probes/glm53_ep_binding_check.py": "1d8027b4575bed172b4daeb2a19c10b44977afd34d3d483fb038b0cf4404463c", "probes/run_glm53_ep_binding_offline.py": "357ce3de1b087135b4661aeea8fe7a6ea5ce978de024a9f1c9c83b4aba766514", "probes/glm53_ep_capsule_runtime.py": "aad33d433396424955107c8b06ddec3859f801b9fab9fabfc2154ebedc7623a7", "probes/glm53_ep_bindings_capsule.py": "f3c11beb4731bb543a03679bb7056cf1039c6de17b2de705ae0d7580bb8ab5b4", "probes/glm53_ep_bindings_pair_check.py": "2afeabdd4e1499d622b7a829cc063728b659cf669c8ce99285ec4e26cdd911f0", "probes/run_glm53_ep_bindings_pair_offline.py": "420aadfa5b804783b285488b19a545fda60de305d861fd6dd9634d9cab944587"}}, "binding_runtime_rechecked": true, "error": "AssertionError({'tests_run': 129, 'failures': 0, 'errors': 1, 'skips': 0, 'files': {'tests/test_glm53_ep_prefill_local.py': '3f79ec33eaabff5521b898b6e72555116e8c1797b51f3b5871fb9c46a203130a', 'tests/test_glm53_ep_local_probe.py': '5a8fb78fd9dcc233fb02e1253bfd6247b24baaeb0c80387c6e381ccaafc0b325', 'tests/test_glm53_probe_lifecycle.py': 'c35a83f6e3eb34adc6a77b240994a7ce1cdc86d4da3f2e9a81220de4bf3f2706', 'tests/test_glm53_ep_route_remap.py': '7f6a9ab88f1eaf219a662f4ffca41cb42aef941fb14bd3c0289f677f16e1da5c', 'tests/test_glm53_ep_sanitizer.py': 'c5ec424b9631dc4a498fbf4f8497b2c063afcadef7b2a633d4b15ad85a558279', 'tests/test_glm53_ep_binding_check.py': 'eedeca9b4bc0f01c4fa2a20518182dba6a5a6854b55c36c7c6af394541f5b26f', 'tests/test_glm53_ep_task_publication.py': 'f9260af34f57c26da403e637166a90141c0dce5b63c01fae43238bdcb8d31caf', 'tests/test_glm53_ep_route_scale_cache.py': 'd0572162c527dd930ab116a7d894aae314dda7700ba7e8e3254f2fe9febca68b', 'tests/test_glm53_ep_capsule_runtime.py': '624a496cfa8a37be53c9625962e1119d89a8d87f1d9de5c8f20b9a34f8c6779f', 'tests/test_glm53_ep_capsule_wrappers.py': '9ff4d4eeedc91ca56856f3a23dc0cb3473a66a2d42de670a8fc1f53fbbfad6dc', 'tests/test_glm53_ep_capsule_inners.py': 'fccae5d3ff7a57d72e3c0d25355193ab4409ae2d2668c26ae362fe313efc599d', 'tests/test_glm53_ep_bindings_capsule.py': 'e24b1dae1a3bdc67ed41a33b44d25e4bb6274fafaa7781f30ac0cbc8c335b6fb', 'tests/test_glm53_ep_bindings_pair.py': '8dfedc98646a0580781cad5e14921d4ce277c8f899e1ec65fb26af496a5bff6a', 'probes/glm53_ep_local_check.py': '8a9c8bd1e3d04bb4b557181ec55e16a2698bd079540af4c6d1a2ae6cce39348c', 'probes/glm53_ep_local_evidence.py': '052bbc888b326d7fd330cb9cc622dae526c3ebf1f3362f96a9e0dc05e5cf7dde', 'probes/run_glm53_ep_local_offline.py': '426159d546f189726d82ccf9a1274fa61be453a698ec1a829fa987bc34fda48f', 'probes/glm53_probe_lifecycle.py': 'ac981627094546373ffbee6970a23d9356f23642b628dd228168324c50b7cc16', 'probes/glm53_ep_local_compile_check.py': '4187c1150ce16bc12e33dec8d6136b108f36dc3792b2f45421fd44a3c6a082cf', 'probes/run_glm53_ep_local_cpu_compile.py': '2353825ca1bd395a122439402b2eac892518d52c99e52de1872d6dad70f18da8', 'probes/glm53_ep_route_remap_check.py': '241c11de8db10b550f6a624e91ec729882d4993b1919abe7b187acec4252e568', 'probes/glm53_ep_sanitizer.py': '7144f2b4c488e073257845dc65b028c220a06831ac9ce654d6fbaa2f01ca7e1a', 'probes/glm53_ep_binding_check.py': '1d8027b4575bed172b4daeb2a19c10b44977afd34d3d483fb038b0cf4404463c', 'probes/run_glm53_ep_binding_offline.py': '357ce3de1b087135b4661aeea8fe7a6ea5ce978de024a9f1c9c83b4aba766514', 'probes/glm53_ep_capsule_runtime.py': 'aad33d433396424955107c8b06ddec3859f801b9fab9fabfc2154ebedc7623a7', 'probes/glm53_ep_bindings_capsule.py': 'f3c11beb4731bb543a03679bb7056cf1039c6de17b2de705ae0d7580bb8ab5b4', 'probes/glm53_ep_bindings_pair_check.py': '2afeabdd4e1499d622b7a829cc063728b659cf669c8ce99285ec4e26cdd911f0', 'probes/run_glm53_ep_bindings_pair_offline.py': '420aadfa5b804783b285488b19a545fda60de305d861fd6dd9634d9cab944587'}})"}
AssertionError: {'tests_run': 129, 'failures': 0, 'errors': 1, 'skips': 0, 'files': {'tests/test_glm53_ep_prefill_local.py': '3f79ec33eaabff5521b898b6e72555116e8c1797b51f3b5871fb9c46a203130a', 'tests/test_glm53_ep_local_probe.py': '5a8fb78fd9dcc233fb02e1253bfd6247b24baaeb0c80387c6e381ccaafc0b325', 'tests/test_glm53_probe_lifecycle.py': 'c35a83f6e3eb34adc6a77b240994a7ce1cdc86d4da3f2e9a81220de4bf3f2706', 'tests/test_glm53_ep_route_remap.py': '7f6a9ab88f1eaf219a662f4ffca41cb42aef941fb14bd3c0289f677f16e1da5c', 'tests/test_glm53_ep_sanitizer.py': 'c5ec424b9631dc4a498fbf4f8497b2c063afcadef7b2a633d4b15ad85a558279', 'tests/test_glm53_ep_binding_check.py': 'eedeca9b4bc0f01c4fa2a20518182dba6a5a6854b55c36c7c6af394541f5b26f', 'tests/test_glm53_ep_task_publication.py': 'f9260af34f57c26da403e637166a90141c0dce5b63c01fae43238bdcb8d31caf', 'tests/test_glm53_ep_route_scale_cache.py': 'd0572162c527dd930ab116a7d894aae314dda7700ba7e8e3254f2fe9febca68b', 'tests/test_glm53_ep_capsule_runtime.py': '624a496cfa8a37be53c9625962e1119d89a8d87f1d9de5c8f20b9a34f8c6779f', 'tests/test_glm53_ep_capsule_wrappers.py': '9ff4d4eeedc91ca56856f3a23dc0cb3473a66a2d42de670a8fc1f53fbbfad6dc', 'tests/test_glm53_ep_capsule_inners.py': 'fccae5d3ff7a57d72e3c0d25355193ab4409ae2d2668c26ae362fe313efc599d', 'tests/test_glm53_ep_bindings_capsule.py': 'e24b1dae1a3bdc67ed41a33b44d25e4bb6274fafaa7781f30ac0cbc8c335b6fb', 'tests/test_glm53_ep_bindings_pair.py': '8dfedc98646a0580781cad5e14921d4ce277c8f899e1ec65fb26af496a5bff6a', 'probes/glm53_ep_local_check.py': '8a9c8bd1e3d04bb4b557181ec55e16a2698bd079540af4c6d1a2ae6cce39348c', 'probes/glm53_ep_local_evidence.py': '052bbc888b326d7fd330cb9cc622dae526c3ebf1f3362f96a9e0dc05e5cf7dde', 'probes/run_glm53_ep_local_offline.py': '426159d546f189726d82ccf9a1274fa61be453a698ec1a829fa987bc34fda48f', 'probes/glm53_probe_lifecycle.py': 'ac981627094546373ffbee6970a23d9356f23642b628dd228168324c50b7cc16', 'probes/glm53_ep_local_compile_check.py': '4187c1150ce16bc12e33dec8d6136b108f36dc3792b2f45421fd44a3c6a082cf', 'probes/run_glm53_ep_local_cpu_compile.py': '2353825ca1bd395a122439402b2eac892518d52c99e52de1872d6dad70f18da8', 'probes/glm53_ep_route_remap_check.py': '241c11de8db10b550f6a624e91ec729882d4993b1919abe7b187acec4252e568', 'probes/glm53_ep_sanitizer.py': '7144f2b4c488e073257845dc65b028c220a06831ac9ce654d6fbaa2f01ca7e1a', 'probes/glm53_ep_binding_check.py': '1d8027b4575bed172b4daeb2a19c10b44977afd34d3d483fb038b0cf4404463c', 'probes/run_glm53_ep_binding_offline.py': '357ce3de1b087135b4661aeea8fe7a6ea5ce978de024a9f1c9c83b4aba766514', 'probes/glm53_ep_capsule_runtime.py': 'aad33d433396424955107c8b06ddec3859f801b9fab9fabfc2154ebedc7623a7', 'probes/glm53_ep_bindings_capsule.py': 'f3c11beb4731bb543a03679bb7056cf1039c6de17b2de705ae0d7580bb8ab5b4', 'probes/glm53_ep_bindings_pair_check.py': '2afeabdd4e1499d622b7a829cc063728b659cf669c8ce99285ec4e26cdd911f0', 'probes/run_glm53_ep_bindings_pair_offline.py': '420aadfa5b804783b285488b19a545fda60de305d861fd6dd9634d9cab944587'}}
