test_dequantized_fp8_values_are_identical (tests.test_engine_dense_cta_layout.CtaLayoutTests.test_dequantized_fp8_values_are_identical) ... ok
test_logical_bytes_padding_and_metadata_survive_round_trip (tests.test_engine_dense_cta_layout.CtaLayoutTests.test_logical_bytes_padding_and_metadata_survive_round_trip) ... ok
test_mixed_or_invalid_layouts_are_refused (tests.test_engine_dense_cta_layout.CtaLayoutTests.test_mixed_or_invalid_layouts_are_refused) ... ok
test_repacking_is_restricted_to_target_shape_before_execution (tests.test_engine_dense_cta_layout.CtaLayoutTests.test_repacking_is_restricted_to_target_shape_before_execution) ... ok
test_layout_sizes_are_the_cells_own_packs (tests.test_engine_producer_pack_rows.ProducerPackRowsTests.test_layout_sizes_are_the_cells_own_packs) ... ok
test_net_allocates_the_layout_of_the_step_rows_only_when_the_writer_reads_it (tests.test_engine_producer_pack_rows.ProducerPackRowsTests.test_net_allocates_the_layout_of_the_step_rows_only_when_the_writer_reads_it) ... ok
test_only_bound_kda_output_writers_read_sixteen_row_packs (tests.test_engine_producer_pack_rows.ProducerPackRowsTests.test_only_bound_kda_output_writers_read_sixteen_row_packs) ... ok
test_the_writer_hands_the_pack_to_its_bound_cell_and_refuses_it_elsewhere (tests.test_engine_producer_pack_rows.ProducerPackRowsTests.test_the_writer_hands_the_pack_to_its_bound_cell_and_refuses_it_elsewhere) ... ok
test_a_build_refuses_a_calibration_that_changed_under_it (tests.test_engine_dense_store_digest.DigestTests.test_a_build_refuses_a_calibration_that_changed_under_it) ... ok
test_a_digest_answers_only_for_the_bytes_it_hashed (tests.test_engine_dense_store_digest.DigestTests.test_a_digest_answers_only_for_the_bytes_it_hashed) ... ok
test_a_rewritten_calibration_is_read_again_and_files_a_new_pack (tests.test_engine_dense_store_digest.DigestTests.test_a_rewritten_calibration_is_read_again_and_files_a_new_pack) ... ok
test_both_lanes_find_the_filed_packs_and_read_the_calibration_once (tests.test_engine_dense_store_digest.DigestTests.test_both_lanes_find_the_filed_packs_and_read_the_calibration_once) ... ok
test_lanes_without_a_shared_digest_still_find_them (tests.test_engine_dense_store_digest.DigestTests.test_lanes_without_a_shared_digest_still_find_them) ... ok
test_release_returns_the_worker_and_a_later_digest_starts_another (tests.test_engine_dense_store_digest.DigestTests.test_release_returns_the_worker_and_a_later_digest_starts_another) ... ok
test_bound_ordinary_and_direct_graphs_follow_changed_inputs_and_addresses (tests.test_engine_decode_fastpaths.BoundDecodeGpuTests.test_bound_ordinary_and_direct_graphs_follow_changed_inputs_and_addresses) ... skipped 'requires CUDA; not exercised by the CPU gate'
test_binding_preserves_old_rows_and_cannot_affect_another_model (tests.test_engine_decode_fastpaths.BoundDecodeTests.test_binding_preserves_old_rows_and_cannot_affect_another_model) ... ok
test_indexer_owner_freezes_rows_and_preserves_both_projections (tests.test_engine_decode_fastpaths.BoundDecodeTests.test_indexer_owner_freezes_rows_and_preserves_both_projections) ... ok
test_proof_requires_every_candidate_layer_and_capture_width (tests.test_engine_decode_fastpaths.BoundDecodeTests.test_proof_requires_every_candidate_layer_and_capture_width) ... ok
test_same_bound_pack_routes_ordinary_private_and_direct_outputs (tests.test_engine_decode_fastpaths.BoundDecodeTests.test_same_bound_pack_routes_ordinary_private_and_direct_outputs) ... ok
test_serving_default_on_with_experimental_rollback_and_neutral_bare_plan (tests.test_engine_decode_fastpaths.BoundDecodeTests.test_serving_default_on_with_experimental_rollback_and_neutral_bare_plan) ... ok
test_a_shape_is_never_both_compact_m8_and_a_bound_cell_at_eight_rows (tests.test_engine_decode_fastpaths.CompactM8AgreesWithBoundC1Tests.test_a_shape_is_never_both_compact_m8_and_a_bound_cell_at_eight_rows)
The two kernels pick ksr from the same occupancy, and they must not disagree about it. ... ok
test_same_build_bytes_private_scratch_and_rebound_direct_output (tests.test_engine_forward_reduce.ForwardReductionGpuTests.test_same_build_bytes_private_scratch_and_rebound_direct_output) ... skipped 'requires a reserved GB10 GPU'
test_boot_rejects_an_output_owner_missing_c1_execution (tests.test_engine_forward_reduce.ForwardReductionTests.test_boot_rejects_an_output_owner_missing_c1_execution) ... ok
test_new_output_cells_use_owned_packs_and_replay_time_direct_descriptors (tests.test_engine_forward_reduce.ForwardReductionTests.test_new_output_cells_use_owned_packs_and_replay_time_direct_descriptors) ... ok
test_bound_forward_consumes_the_exact_owned_pack (tests.test_engine_fixed_k_cost.InputPackTests.test_bound_forward_consumes_the_exact_owned_pack) ... ok
test_serving_proof_refuses_each_missing_consumer (tests.test_engine_fixed_k_cost.InputPackTests.test_serving_proof_refuses_each_missing_consumer) ... ok
test_context_takes_the_knob_once_and_the_served_default_is_off (tests.test_engine_dense_l2_prefetch.DenseL2PrefetchTests.test_context_takes_the_knob_once_and_the_served_default_is_off) ... ok
test_kernel_prefetches_its_slice_from_one_thread_before_the_pdl_wait (tests.test_engine_dense_l2_prefetch.DenseL2PrefetchTests.test_kernel_prefetches_its_slice_from_one_thread_before_the_pdl_wait) ... ok
test_probe_holds_the_knob_only_around_its_l2_arms (tests.test_engine_dense_l2_prefetch.DenseL2PrefetchTests.test_probe_holds_the_knob_only_around_its_l2_arms) ... ok

----------------------------------------------------------------------
Ran 29 tests in 0.532s

OK (skipped=2)
