  box: GB10 (DGX Spark): SM121, unified 120 GiB (105 free)
  kernel shape (record): hidden 2560 hc 4 gated_residual tp 4 | gqa 6x256 no sink | linear 4/12x128x128 conv 4 decay/head | indexer qsa 4x128 pool 4 top 2048 | moe 512(128 local) I640/640 top10 nvfp4 silu | spec 1
[W919 07:04:50.742544039 Utils.hpp:137] Warning: Environment variable NCCL_ASYNC_ERROR_HANDLING is deprecated; use TORCH_NCCL_ASYNC_ERROR_HANDLING instead (function operator())
NCCL version 2.29.7+cuda13.2
[oneshot] inline proxy serving peers=3 inline_bytes=8 wr_reuse=1
/usr/local/lib/python3.12/dist-packages/torch/distributed/c10d_logger.py:83: FutureWarning: `torch.distributed.all_gather_into_tensor` is deprecated. Please use `torch.distributed.all_gather_single` instead.
  return func(*args, **kwargs)
  collectives: one-shot RDMA (NCCL where ineligible)
  lanes qualified: {'gated_residual': {'enter': (0.0062500000931322575, 0.0010940515203401446), 'inject': (0.004854368977248669, 0.0013956144684925675), 'leave_norm': (0.004975124262273312, 0.0024845092557370663), 'leave': (0.004975124262273312, 0.0024845092557370663), 'close': (0.005586592014878988, 0.0027172171976417303)}, 'gdn': {'decay': (1.8527525469380635e-07, 1.2093259726952965e-07), 'beta': (0.0, 0.0), 'raw_beta': (0.0, 0.0), 'norm': (7.038288458716124e-05, 2.438618139422033e-06)}, 'qsa_norm_rope': {'norm_rope_6x256': (0.006172839552164078, 0.0015349400928243995), 'norm_rope_4x128': (0.006896551698446274, 0.002324720611795783)}, 'skinny_gemv': {'513x2560': 0.002813, '324x10240': 0.002272, '320x10240': 0.002349}, 'fp8_rows': {1: 0.002073, 4: 0.001935, 16: 0.002006}}
boot rendezvous arena-admission: rank 0 prepared; waiting for 4 ranks (deadline 1800s)
[transformers] You are using a model of type `qwen4_exp` to instantiate a model of type ``. This may be expected if you are loading a checkpoint that shares a subset of the architecture (e.g., loading a `sam2_video` checkpoint into `Sam2Model`), but is otherwise not supported and can yield errors. Please verify that the checkpoint is compatible with the model you are instantiating.
boot rendezvous weights-loaded: rank 0 prepared; waiting for 4 ranks (deadline 1800s)
  warm eager moe: eager/8 0.539s, eager/1 0.006s, eager/2 0.009s, eager/3 0.009s, eager/4 0.005s, eager/5 0.005s, eager/6 0.005s, eager/7 0.005s
[b12x-bounds] state_E=128 n=640 tile_m=128 routed_rows=67179 -> rows 83456/83456 tiles 652/652 tasks 3260/3260
[b12x-bounds] state_E=128 n=640 tile_m=128 routed_rows=35663 -> rows 51968/83456 tiles 406/652 tasks 2030/3260
[b12x-bounds] state_E=128 n=640 tile_m=128 routed_rows=78312 -> rows 94592/94592 tiles 739/739 tasks 3695/3695
/usr/local/lib/python3.12/dist-packages/torch/distributed/c10d_logger.py:83: FutureWarning: `torch.distributed.all_gather_into_tensor` is deprecated. Please use `torch.distributed.all_gather_single` instead.
  return func(*args, **kwargs)
[b12x-bounds] state_E=128 n=640 tile_m=128 routed_rows=105742 -> rows 122112/122112 tiles 954/954 tasks 4770/4770
[b12x-bounds] state_E=128 n=640 tile_m=128 routed_rows=80279 -> rows 96640/122112 tiles 755/954 tasks 3775/4770
[b12x-bounds] state_E=128 n=640 tile_m=128 routed_rows=47476 -> rows 63744/122112 tiles 498/954 tasks 2490/4770
[b12x-bounds] state_E=128 n=640 tile_m=128 routed_rows=81561 -> rows 97920/122112 tiles 765/954 tasks 3825/4770
[b12x-bounds] state_E=128 n=640 tile_m=128 routed_rows=65062 -> rows 81408/122112 tiles 636/954 tasks 3180/4770
[b12x-bounds] state_E=128 n=640 tile_m=128 routed_rows=40453 -> rows 56832/122112 tiles 444/954 tasks 2220/4770
[b12x-bounds] state_E=128 n=640 tile_m=128 routed_rows=35757 -> rows 52096/122112 tiles 407/954 tasks 2035/4770
[b12x-bounds] state_E=128 n=640 tile_m=128 routed_rows=105195 -> rows 121472/122112 tiles 949/954 tasks 4745/4770
[b12x-bounds] state_E=128 n=640 tile_m=128 routed_rows=91735 -> rows 108032/122112 tiles 844/954 tasks 4220/4770
[b12x-bounds] state_E=128 n=640 tile_m=128 routed_rows=88309 -> rows 104576/122112 tiles 817/954 tasks 4085/4770
[b12x-bounds] state_E=128 n=640 tile_m=128 routed_rows=87260 -> rows 103552/122112 tiles 809/954 tasks 4045/4770
[b12x-bounds] state_E=128 n=640 tile_m=128 routed_rows=109707 -> rows 126080/126080 tiles 985/985 tasks 4925/4925
[b12x-bounds] state_E=128 n=640 tile_m=128 routed_rows=109697 -> rows 126080/126080 tiles 985/985 tasks 4925/4925
[b12x-bounds] state_E=128 n=640 tile_m=128 routed_rows=47279 -> rows 63616/126080 tiles 497/985 tasks 2485/4925
[b12x-bounds] state_E=128 n=640 tile_m=128 routed_rows=95527 -> rows 111872/126080 tiles 874/985 tasks 4370/4925
[b12x-bounds] state_E=128 n=640 tile_m=128 routed_rows=110192 -> rows 126464/126464 tiles 988/988 tasks 4940/4940
[b12x-bounds] state_E=128 n=640 tile_m=128 routed_rows=86998 -> rows 103296/126464 tiles 807/988 tasks 4035/4940
[b12x-bounds] state_E=128 n=640 tile_m=128 routed_rows=81575 -> rows 97920/126464 tiles 765/988 tasks 3825/4940
[b12x-bounds] state_E=128 n=640 tile_m=128 routed_rows=74549 -> rows 90880/126464 tiles 710/988 tasks 3550/4940
[b12x-bounds] state_E=128 n=640 tile_m=128 routed_rows=92342 -> rows 108672/126464 tiles 849/988 tasks 4245/4940
[b12x-bounds] state_E=128 n=640 tile_m=128 routed_rows=79902 -> rows 96256/126464 tiles 752/988 tasks 3760/4940
[b12x-bounds] state_E=128 n=640 tile_m=128 routed_rows=104267 -> rows 120576/126464 tiles 942/988 tasks 4710/4940
  warm prefill: memory/32256/0 25.169s, kernels/1/0 0.217s, kernels/8/0 1.265s, kernels/64/0 0.293s, kernels/512/0 0.44s, kernels/4095/0 1.347s, kernels/64/8384 1.302s, kernels/64/16832 0.278s, kernels/64/32960 0.281s, kernels/64/65984 0.291s, kernels/64/131264 0.287s, kernels/64/262080 0.288s, head/1/0 0.028s, head/1/4607 0.019s, head/1/8447 0.019s, head/1/16895 0.017s, head/1/33023 0.015s, head/1/66047 0.015s, head/1/131327 0.017s, head/1/262143 0.02s, head/2/0 0.025s, head/2/4606 0.019s, head/2/8446 0.018s, head/2/16894 0.019s, head/2/33022 0.017s, head/2/66046 0.019s, head/2/131326 0.015s, head/2/262142 0.016s, head/3/0 0.009s, head/3/4605 0.016s, head/3/8445 0.018s, head/3/16893 0.015s, head/3/33021 0.02s, head/3/66045 0.019s, head/3/131325 0.019s, head/3/262141 0.018s, head/4/0 0.01s, head/4/4604 0.009s, head/4/8444 0.009s, head/4/16892 0.009s, head/4/33020 0.009s, head/4/66044 0.009s, head/4/131324 0.009s, head/4/262140 0.009s
  shared expert: forked at one request's rows
  drafter: MTP head, K=3 (verify step 4 tokens a row; draft ledger)
phase                                      seconds   dev GiB  counters
front                                        3.424            import_s=2.237 box_s=0.456 shape_s=0.002
comm                                         5.803     +0.33  
prepare one-shot                             2.673     +1.49  
lanes                                        0.006     +0.00  kernel_imports_s=2.859
  wait for the imports                       0.000     +0.00  
qualify lanes                                2.250     +1.36  
arena                                        1.303    +39.25  
load                                         3.607     +3.14  blocks=52 bytes=2.19704e+10 direct=1 stage_s=0.942 wait_s=0.087 copy_s=0.033 views_s=0 tensors=2 read_bytes=8.38869e+08
ple table                                    0.001     +0.00  
prepare dense                                7.243     +0.84  weight_digest_calls=192 weight_digest_s=2.573 pack_calls=192 pack_s=3.205 packs_cache=192 packs_rtn=192
mtp experts                                  0.030     +0.00  mtp_experts_qualify=0
caches                                       0.003     +0.00  
engine                                       0.030     +0.00  
wait for weight preparation                  0.827     -0.00  
runner                                       0.000     +0.00  
wait for the prelude                         0.000     +0.00  
warm eager moe                               0.617     +0.19  
warm prefill                                31.965     +0.84  
capture decode                               8.141     +1.03  
door                                         0.023     +0.00  
total                                       67.948
  rank 0: ready in 65.8 s, door on port 8000
/usr/local/lib/python3.12/dist-packages/torch/distributed/c10d_logger.py:83: FutureWarning: `torch.distributed.all_gather_into_tensor` is deprecated. Please use `torch.distributed.all_gather_single` instead.
  return func(*args, **kwargs)
