{"event": "start", "args": {"command": "train", "data": "/data", "ckpt": "/ckpt", "depth": "3", "window": "1024", "eval_windows": "64", "seed": "0", "out": "/out", "steps": "91", "accumulate": "2", "lr": "5e-05", "warmup": "9", "beta": "0.6", "auf": "False", "clip": "1.0", "log_every": "10", "eval_every": "22"}, "world": 4, "trained_parameters": 88929792, "t": 1789800933.4}
NCCL version 2.29.7+cuda13.2
{"event": "eval", "step": 0, "agree_1": 0.71311, "agree_2": 0.63038, "agree_3": 0.58426, "chain_1": 0.71311, "chain_2": 0.51305, "chain_3": 0.38179, "loss_1": 1.15384, "loss_2": 2.20867, "loss_3": 2.80226, "text_chain_1": 0.68362, "text_chain_2": 0.49553, "text_chain_3": 0.3693, "tokens_a_step": 2.60794, "positions": 24828, "t": 1789800950.9}
{"event": "train", "step": 10, "lr": 4.8524941384059415e-05, "grad_norm": 6.1706, "loss_1": 0.46824, "agree_1": 0.89256, "chain_1": 0.89256, "text_chain_1": 0.45088, "loss_2": 0.70026, "agree_2": 0.84411, "chain_2": 0.77719, "text_chain_2": 0.36227, "loss_3": 0.97374, "agree_3": 0.77748, "chain_3": 0.63755, "text_chain_3": 0.28738, "tokens_a_step": 3.3073, "t": 1789800996.1}
{"event": "train", "step": 20, "lr": 4.427382936987449e-05, "grad_norm": 2.5862, "loss_1": 0.26738, "agree_1": 0.86287, "chain_1": 0.86287, "text_chain_1": 0.80895, "loss_2": 0.60251, "agree_2": 0.79321, "chain_2": 0.69642, "text_chain_2": 0.62146, "loss_3": 0.87846, "agree_3": 0.73798, "chain_3": 0.54565, "text_chain_3": 0.46336, "tokens_a_step": 3.10495, "t": 1789801042.6}
{"event": "eval", "step": 22, "agree_1": 0.82914, "agree_2": 0.75161, "agree_3": 0.70545, "chain_1": 0.82914, "chain_2": 0.6574, "chain_3": 0.52324, "loss_1": 0.43525, "loss_2": 0.78829, "loss_3": 1.03653, "text_chain_1": 0.6595, "text_chain_2": 0.47837, "text_chain_3": 0.35251, "tokens_a_step": 3.00979, "positions": 24828, "t": 1789801063.9}
{"event": "saved", "step": 22, "tokens_a_step": 3.00979, "t": 1789801064.5}
{"event": "train", "step": 30, "lr": 3.77483151097534e-05, "grad_norm": 2.1854, "loss_1": 0.19164, "agree_1": 0.90033, "chain_1": 0.90033, "text_chain_1": 0.81488, "loss_2": 0.39479, "agree_2": 0.85572, "chain_2": 0.78415, "text_chain_2": 0.69215, "loss_3": 0.56329, "agree_3": 0.82567, "chain_3": 0.6732, "text_chain_3": 0.57565, "tokens_a_step": 3.35768, "t": 1789801105.4}
{"event": "train", "step": 40, "lr": 2.971843988632292e-05, "grad_norm": 2.2143, "loss_1": 0.61383, "agree_1": 0.76904, "chain_1": 0.76904, "text_chain_1": 0.66194, "loss_2": 0.80349, "agree_2": 0.72521, "chain_2": 0.61248, "text_chain_2": 0.48156, "loss_3": 1.03008, "agree_3": 0.71007, "chain_3": 0.50162, "text_chain_3": 0.38189, "tokens_a_step": 2.88314, "t": 1789801152.7}
{"event": "eval", "step": 44, "agree_1": 0.83752, "agree_2": 0.76317, "agree_3": 0.72434, "chain_1": 0.83752, "chain_2": 0.67194, "chain_3": 0.54612, "loss_1": 0.39134, "loss_2": 0.70876, "loss_3": 0.93137, "text_chain_1": 0.66353, "text_chain_2": 0.48981, "text_chain_3": 0.36825, "tokens_a_step": 3.05558, "positions": 24828, "t": 1789801187.0}
{"event": "saved", "step": 44, "tokens_a_step": 3.05558, "t": 1789801187.6}
{"event": "train", "step": 50, "lr": 2.1131766630242966e-05, "grad_norm": 1.6901, "loss_1": 0.24977, "agree_1": 0.88412, "chain_1": 0.88412, "text_chain_1": 0.81222, "loss_2": 0.45528, "agree_2": 0.85485, "chain_2": 0.77076, "text_chain_2": 0.67678, "loss_3": 0.60076, "agree_3": 0.80981, "chain_3": 0.6563, "text_chain_3": 0.55993, "tokens_a_step": 3.31118, "t": 1789801219.5}
{"event": "train", "step": 60, "lr": 1.3001563051005347e-05, "grad_norm": 1.6671, "loss_1": 0.26948, "agree_1": 0.84617, "chain_1": 0.84617, "text_chain_1": 0.7593, "loss_2": 0.55046, "agree_2": 0.77335, "chain_2": 0.68002, "text_chain_2": 0.57276, "loss_3": 0.80854, "agree_3": 0.7165, "chain_3": 0.52539, "text_chain_3": 0.42505, "tokens_a_step": 3.05158, "t": 1789801275.4}
{"event": "eval", "step": 66, "agree_1": 0.8426, "agree_2": 0.77272, "agree_3": 0.7328, "chain_1": 0.8426, "chain_2": 0.68217, "chain_3": 0.55715, "loss_1": 0.37488, "loss_2": 0.67686, "loss_3": 0.87938, "text_chain_1": 0.66852, "text_chain_2": 0.49501, "text_chain_3": 0.37575, "tokens_a_step": 3.08192, "positions": 24828, "t": 1789801314.7}
{"event": "saved", "step": 66, "tokens_a_step": 3.08192, "t": 1789801315.3}
{"event": "train", "step": 70, "lr": 6.28723129572247e-06, "grad_norm": 2.0773, "loss_1": 0.60147, "agree_1": 0.75574, "chain_1": 0.75574, "text_chain_1": 0.62481, "loss_2": 1.06948, "agree_2": 0.66222, "chain_2": 0.53135, "text_chain_2": 0.40022, "loss_3": 1.30903, "agree_3": 0.61449, "chain_3": 0.40177, "text_chain_3": 0.26148, "tokens_a_step": 2.68885, "t": 1789801333.3}
{"event": "train", "step": 80, "lr": 1.7810939968674418e-06, "grad_norm": 1.754, "loss_1": 0.45392, "agree_1": 0.80404, "chain_1": 0.80404, "text_chain_1": 0.70424, "loss_2": 0.91083, "agree_2": 0.69604, "chain_2": 0.58735, "text_chain_2": 0.47983, "loss_3": 1.24844, "agree_3": 0.63619, "chain_3": 0.42313, "text_chain_3": 0.32805, "tokens_a_step": 2.81452, "t": 1789801377.6}
{"event": "eval", "step": 88, "agree_1": 0.84453, "agree_2": 0.77505, "agree_3": 0.73651, "chain_1": 0.84453, "chain_2": 0.68632, "chain_3": 0.56211, "loss_1": 0.36978, "loss_2": 0.66505, "loss_3": 0.86196, "text_chain_1": 0.67077, "text_chain_2": 0.49799, "text_chain_3": 0.3805, "tokens_a_step": 3.09296, "positions": 24828, "t": 1789801424.4}
{"event": "saved", "step": 88, "tokens_a_step": 3.09296, "t": 1789801425.1}
{"event": "train", "step": 90, "lr": 1.4896486223239802e-08, "grad_norm": 1.5972, "loss_1": 0.34356, "agree_1": 0.80416, "chain_1": 0.80416, "text_chain_1": 0.69121, "loss_2": 0.65345, "agree_2": 0.73007, "chain_2": 0.59255, "text_chain_2": 0.46054, "loss_3": 0.90025, "agree_3": 0.67736, "chain_3": 0.43754, "text_chain_3": 0.30701, "tokens_a_step": 2.83424, "t": 1789801433.9}
{"event": "eval", "step": 91, "agree_1": 0.84393, "agree_2": 0.77445, "agree_3": 0.73647, "chain_1": 0.84393, "chain_2": 0.68515, "chain_3": 0.56138, "loss_1": 0.36981, "loss_2": 0.66544, "loss_3": 0.86174, "text_chain_1": 0.67082, "text_chain_2": 0.49754, "text_chain_3": 0.38022, "tokens_a_step": 3.09046, "positions": 24828, "t": 1789801451.0}
{"event": "end", "best_tokens_a_step": 3.09296, "base_tokens_a_step": 2.60794, "t": 1789801451.0}
/usr/local/lib/python3.12/dist-packages/torch/distributed/c10d_logger.py:83: UserWarning: barrier(): using the device under current context. You can specify `device_id` in `init_process_group` to mute this warning.
  return func(*args, **kwargs)
