{"event": "start", "args": {"command": "train", "data": "/data", "ckpt": "/ckpt", "depth": "3", "window": "1024", "eval_windows": "64", "seed": "0", "out": "/out", "init": "/init/head.safetensors", "steps": "130", "accumulate": "2", "lr": "3e-05", "warmup": "100", "beta": "0.6", "auf": "False", "clip": "1.0", "log_every": "10", "eval_every": "26"}, "world": 4, "trained_parameters": 88929792, "t": 1789804600.2}
NCCL version 2.29.7+cuda13.2
{"event": "eval", "step": 0, "agree_1": 0.85178, "agree_2": 0.79052, "agree_3": 0.75314, "chain_1": 0.85178, "chain_2": 0.70167, "chain_3": 0.58261, "loss_1": 0.33573, "loss_2": 0.60382, "loss_3": 0.78399, "text_chain_1": 0.6746, "text_chain_2": 0.50822, "text_chain_3": 0.3921, "tokens_a_step": 3.13606, "positions": 24828, "t": 1789804619.0}
{"event": "train", "step": 10, "lr": 2.2741636354915988e-05, "grad_norm": 1.798, "loss_1": 0.32484, "agree_1": 0.82971, "chain_1": 0.82971, "text_chain_1": 0.75069, "loss_2": 0.58785, "agree_2": 0.76394, "chain_2": 0.66536, "text_chain_2": 0.56936, "loss_3": 0.83332, "agree_3": 0.70309, "chain_3": 0.50224, "text_chain_3": 0.42685, "tokens_a_step": 2.99731, "t": 1789804665.8}
{"event": "train", "step": 20, "lr": 2.8281840384798147e-05, "grad_norm": 1.608, "loss_1": 0.25655, "agree_1": 0.89152, "chain_1": 0.89152, "text_chain_1": 0.35162, "loss_2": 0.53196, "agree_2": 0.83292, "chain_2": 0.75436, "text_chain_2": 0.2182, "loss_3": 0.71117, "agree_3": 0.79426, "chain_3": 0.66334, "text_chain_3": 0.12344, "tokens_a_step": 3.30923, "t": 1789804711.1}
{"event": "eval", "step": 26, "agree_1": 0.85182, "agree_2": 0.78693, "agree_3": 0.74871, "chain_1": 0.85182, "chain_2": 0.69917, "chain_3": 0.5781, "loss_1": 0.3368, "loss_2": 0.60967, "loss_3": 0.79868, "text_chain_1": 0.67496, "text_chain_2": 0.50942, "text_chain_3": 0.39125, "tokens_a_step": 3.12909, "positions": 24828, "t": 1789804751.3}
{"event": "train", "step": 30, "lr": 2.6227661222566516e-05, "grad_norm": 1.4547, "loss_1": 0.26993, "agree_1": 0.8495, "chain_1": 0.8495, "text_chain_1": 0.80696, "loss_2": 0.46765, "agree_2": 0.81164, "chain_2": 0.70951, "text_chain_2": 0.63568, "loss_3": 0.6394, "agree_3": 0.77132, "chain_3": 0.58564, "text_chain_3": 0.51034, "tokens_a_step": 3.14465, "t": 1789804771.2}
{"event": "train", "step": 40, "lr": 2.3520971200967337e-05, "grad_norm": 1.374, "loss_1": 0.14378, "agree_1": 0.90522, "chain_1": 0.90522, "text_chain_1": 0.84479, "loss_2": 0.3091, "agree_2": 0.85914, "chain_2": 0.7862, "text_chain_2": 0.69168, "loss_3": 0.46079, "agree_3": 0.81419, "chain_3": 0.67516, "text_chain_3": 0.57901, "tokens_a_step": 3.36658, "t": 1789804818.3}
{"event": "train", "step": 50, "lr": 2.0319073305638035e-05, "grad_norm": 2.1408, "loss_1": 0.28847, "agree_1": 0.85592, "chain_1": 0.85592, "text_chain_1": 0.76924, "loss_2": 0.6061, "agree_2": 0.76799, "chain_2": 0.67396, "text_chain_2": 0.57262, "loss_3": 0.83466, "agree_3": 0.74111, "chain_3": 0.52009, "text_chain_3": 0.41752, "tokens_a_step": 3.04997, "t": 1789804866.5}
{"event": "eval", "step": 52, "agree_1": 0.85234, "agree_2": 0.78983, "agree_3": 0.75193, "chain_1": 0.85234, "chain_2": 0.70231, "chain_3": 0.58237, "loss_1": 0.33341, "loss_2": 0.60571, "loss_3": 0.7895, "text_chain_1": 0.67492, "text_chain_2": 0.51092, "text_chain_3": 0.39504, "tokens_a_step": 3.13702, "positions": 24828, "t": 1789804888.1}
{"event": "saved", "step": 52, "tokens_a_step": 3.13702, "t": 1789804888.7}
{"event": "train", "step": 60, "lr": 1.6808050203829845e-05, "grad_norm": 1.7433, "loss_1": 0.63323, "agree_1": 0.7405, "chain_1": 0.7405, "text_chain_1": 0.6059, "loss_2": 1.18, "agree_2": 0.61929, "chain_2": 0.47729, "text_chain_2": 0.34762, "loss_3": 1.55161, "agree_3": 0.55564, "chain_3": 0.28635, "text_chain_3": 0.18238, "tokens_a_step": 2.50413, "t": 1789804923.0}
{"event": "train", "step": 70, "lr": 1.3191949796170156e-05, "grad_norm": 0.7209, "loss_1": 0.10797, "agree_1": 0.94074, "chain_1": 0.94074, "text_chain_1": 0.45969, "loss_2": 0.17498, "agree_2": 0.92674, "chain_2": 0.88349, "text_chain_2": 0.36258, "loss_3": 0.26377, "agree_3": 0.88688, "chain_3": 0.80131, "text_chain_3": 0.28286, "tokens_a_step": 3.62553, "t": 1789804969.3}
{"event": "eval", "step": 78, "agree_1": 0.85621, "agree_2": 0.79302, "agree_3": 0.75729, "chain_1": 0.85621, "chain_2": 0.70896, "chain_3": 0.58958, "loss_1": 0.32699, "loss_2": 0.5896, "loss_3": 0.76397, "text_chain_1": 0.6779, "text_chain_2": 0.51474, "text_chain_3": 0.39903, "tokens_a_step": 3.15474, "positions": 24828, "t": 1789805017.8}
{"event": "saved", "step": 78, "tokens_a_step": 3.15474, "t": 1789805018.5}
{"event": "train", "step": 80, "lr": 9.680926694361966e-06, "grad_norm": 2.1873, "loss_1": 0.35201, "agree_1": 0.81216, "chain_1": 0.81216, "text_chain_1": 0.75095, "loss_2": 0.61375, "agree_2": 0.74745, "chain_2": 0.62955, "text_chain_2": 0.56873, "loss_3": 0.87279, "agree_3": 0.69835, "chain_3": 0.47354, "text_chain_3": 0.41596, "tokens_a_step": 2.91525, "t": 1789805027.2}
{"event": "train", "step": 90, "lr": 6.479028799032664e-06, "grad_norm": 1.2618, "loss_1": 0.26202, "agree_1": 0.86479, "chain_1": 0.86479, "text_chain_1": 0.78192, "loss_2": 0.47581, "agree_2": 0.82763, "chain_2": 0.7343, "text_chain_2": 0.60621, "loss_3": 0.62271, "agree_3": 0.77709, "chain_3": 0.61355, "text_chain_3": 0.48251, "tokens_a_step": 3.21264, "t": 1789805075.1}
{"event": "train", "step": 100, "lr": 3.772338777433482e-06, "grad_norm": 1.1285, "loss_1": 0.18835, "agree_1": 0.9517, "chain_1": 0.9517, "text_chain_1": 0.47911, "loss_2": 0.22957, "agree_2": 0.91857, "chain_2": 0.88173, "text_chain_2": 0.39522, "loss_3": 0.26552, "agree_3": 0.90975, "chain_3": 0.81388, "text_chain_3": 0.32737, "tokens_a_step": 3.64732, "t": 1789805123.1}
{"event": "eval", "step": 104, "agree_1": 0.85686, "agree_2": 0.79455, "agree_3": 0.75955, "chain_1": 0.85686, "chain_2": 0.7096, "chain_3": 0.59107, "loss_1": 0.32455, "loss_2": 0.58477, "loss_3": 0.75694, "text_chain_1": 0.67782, "text_chain_2": 0.51454, "text_chain_3": 0.40019, "tokens_a_step": 3.15752, "positions": 24828, "t": 1789805154.9}
{"event": "saved", "step": 104, "tokens_a_step": 3.15752, "t": 1789805155.5}
{"event": "train", "step": 110, "lr": 1.718159615201853e-06, "grad_norm": 1.7354, "loss_1": 0.52573, "agree_1": 0.77346, "chain_1": 0.77346, "text_chain_1": 0.66257, "loss_2": 0.91532, "agree_2": 0.69061, "chain_2": 0.5542, "text_chain_2": 0.41531, "loss_3": 1.20924, "agree_3": 0.6224, "chain_3": 0.37026, "text_chain_3": 0.25818, "tokens_a_step": 2.69792, "t": 1789805182.8}
{"event": "train", "step": 120, "lr": 4.3587273860921985e-07, "grad_norm": 1.669, "loss_1": 0.49372, "agree_1": 0.75626, "chain_1": 0.75626, "text_chain_1": 0.69543, "loss_2": 1.01909, "agree_2": 0.6512, "chain_2": 0.51662, "text_chain_2": 0.44784, "loss_3": 1.34845, "agree_3": 0.5894, "chain_3": 0.34701, "text_chain_3": 0.28525, "tokens_a_step": 2.6199, "t": 1789805230.2}
{"event": "train", "step": 130, "lr": 0.0, "grad_norm": 0.9841, "loss_1": 0.24162, "agree_1": 0.86132, "chain_1": 0.86132, "text_chain_1": 0.73724, "loss_2": 0.50375, "agree_2": 0.79925, "chain_2": 0.69583, "text_chain_2": 0.53888, "loss_3": 0.70796, "agree_3": 0.76771, "chain_3": 0.55959, "text_chain_3": 0.40878, "tokens_a_step": 3.11674, "t": 1789805278.0}
{"event": "eval", "step": 130, "agree_1": 0.85718, "agree_2": 0.79559, "agree_3": 0.76015, "chain_1": 0.85718, "chain_2": 0.71069, "chain_3": 0.59248, "loss_1": 0.3225, "loss_2": 0.58109, "loss_3": 0.75292, "text_chain_1": 0.67883, "text_chain_2": 0.51535, "text_chain_3": 0.40072, "tokens_a_step": 3.16034, "positions": 24828, "t": 1789805290.5}
{"event": "saved", "step": 130, "tokens_a_step": 3.16034, "t": 1789805291.1}
{"event": "end", "best_tokens_a_step": 3.16034, "base_tokens_a_step": 3.13606, "t": 1789805291.1}
/usr/local/lib/python3.12/dist-packages/torch/distributed/c10d_logger.py:83: UserWarning: barrier(): using the device under current context. You can specify `device_id` in `init_process_group` to mute this warning.
  return func(*args, **kwargs)
