{"event": "start", "args": {"command": "train", "data": "/data", "ckpt": "/ckpt", "depth": "3", "window": "1024", "eval_windows": "64", "seed": "0", "out": "/out", "init": "/init/head.safetensors", "steps": "182", "accumulate": "2", "lr": "3e-05", "warmup": "100", "beta": "0.6", "auf": "False", "clip": "1.0", "log_every": "10", "eval_every": "26"}, "world": 4, "trained_parameters": 88929792, "t": 1789802225.1}
NCCL version 2.29.7+cuda13.2
{"event": "eval", "step": 0, "agree_1": 0.84453, "agree_2": 0.77505, "agree_3": 0.73651, "chain_1": 0.84453, "chain_2": 0.68632, "chain_3": 0.56211, "loss_1": 0.36978, "loss_2": 0.66505, "loss_3": 0.86196, "text_chain_1": 0.67077, "text_chain_2": 0.49799, "text_chain_3": 0.3805, "tokens_a_step": 3.09296, "positions": 24828, "t": 1789802242.8}
{"event": "train", "step": 10, "lr": 1.654282490847395e-05, "grad_norm": 1.9108, "loss_1": 0.18572, "agree_1": 0.94856, "chain_1": 0.94856, "text_chain_1": 0.48356, "loss_2": 0.2442, "agree_2": 0.9291, "chain_2": 0.89055, "text_chain_2": 0.42008, "loss_3": 0.32121, "agree_3": 0.92113, "chain_3": 0.83085, "text_chain_3": 0.36995, "tokens_a_step": 3.66995, "t": 1789802287.5}
{"event": "train", "step": 20, "lr": 2.9114964830435648e-05, "grad_norm": 1.9031, "loss_1": 0.16514, "agree_1": 0.90455, "chain_1": 0.90455, "text_chain_1": 0.8334, "loss_2": 0.35748, "agree_2": 0.85791, "chain_2": 0.78567, "text_chain_2": 0.68375, "loss_3": 0.53218, "agree_3": 0.81373, "chain_3": 0.65823, "text_chain_3": 0.54526, "tokens_a_step": 3.34845, "t": 1789802333.5}
{"event": "eval", "step": 26, "agree_1": 0.84558, "agree_2": 0.77646, "agree_3": 0.73546, "chain_1": 0.84558, "chain_2": 0.68705, "chain_3": 0.5634, "loss_1": 0.37499, "loss_2": 0.68387, "loss_3": 0.89943, "text_chain_1": 0.66981, "text_chain_2": 0.49936, "text_chain_3": 0.38062, "tokens_a_step": 3.09602, "positions": 24828, "t": 1789802372.9}
{"event": "saved", "step": 26, "tokens_a_step": 3.09602, "t": 1789802373.5}
{"event": "train", "step": 30, "lr": 2.80333195308751e-05, "grad_norm": 1.4796, "loss_1": 0.10414, "agree_1": 0.95108, "chain_1": 0.95108, "text_chain_1": 0.84569, "loss_2": 0.1881, "agree_2": 0.92742, "chain_2": 0.88666, "text_chain_2": 0.7511, "loss_3": 0.29951, "agree_3": 0.89569, "chain_3": 0.79957, "text_chain_3": 0.65826, "tokens_a_step": 3.63731, "t": 1789802391.8}
{"event": "train", "step": 40, "lr": 2.6564297621924696e-05, "grad_norm": 1.9588, "loss_1": 0.46379, "agree_1": 0.78828, "chain_1": 0.78828, "text_chain_1": 0.68243, "loss_2": 0.60291, "agree_2": 0.76856, "chain_2": 0.64228, "text_chain_2": 0.48455, "loss_3": 0.77396, "agree_3": 0.72111, "chain_3": 0.52024, "text_chain_3": 0.37779, "tokens_a_step": 2.95079, "t": 1789802441.4}
{"event": "train", "step": 50, "lr": 2.475156140503116e-05, "grad_norm": 1.6117, "loss_1": 0.16475, "agree_1": 0.92803, "chain_1": 0.92803, "text_chain_1": 0.83555, "loss_2": 0.28232, "agree_2": 0.91471, "chain_2": 0.85372, "text_chain_2": 0.71486, "loss_3": 0.37371, "agree_3": 0.87936, "chain_3": 0.76357, "text_chain_3": 0.61498, "tokens_a_step": 3.54532, "t": 1789802491.1}
{"event": "eval", "step": 52, "agree_1": 0.84586, "agree_2": 0.78069, "agree_3": 0.73925, "chain_1": 0.84586, "chain_2": 0.69192, "chain_3": 0.56738, "loss_1": 0.36071, "loss_2": 0.65579, "loss_3": 0.8563, "text_chain_1": 0.66908, "text_chain_2": 0.50125, "text_chain_3": 0.38175, "tokens_a_step": 3.10516, "positions": 24828, "t": 1789802512.8}
{"event": "saved", "step": 52, "tokens_a_step": 3.10516, "t": 1789802513.5}
{"event": "train", "step": 60, "lr": 2.264898906585204e-05, "grad_norm": 1.5458, "loss_1": 0.22311, "agree_1": 0.8727, "chain_1": 0.8727, "text_chain_1": 0.77995, "loss_2": 0.43462, "agree_2": 0.81019, "chain_2": 0.72172, "text_chain_2": 0.59418, "loss_3": 0.66208, "agree_3": 0.7455, "chain_3": 0.57814, "text_chain_3": 0.4538, "tokens_a_step": 3.17257, "t": 1789802549.7}
{"event": "train", "step": 70, "lr": 2.0319073305638035e-05, "grad_norm": 1.9173, "loss_1": 0.53429, "agree_1": 0.78889, "chain_1": 0.78889, "text_chain_1": 0.6537, "loss_2": 0.91493, "agree_2": 0.70672, "chain_2": 0.59365, "text_chain_2": 0.44137, "loss_3": 1.12084, "agree_3": 0.66357, "chain_3": 0.45878, "text_chain_3": 0.29644, "tokens_a_step": 2.84133, "t": 1789802593.8}
{"event": "eval", "step": 78, "agree_1": 0.84695, "agree_2": 0.78158, "agree_3": 0.7438, "chain_1": 0.84695, "chain_2": 0.69236, "chain_3": 0.57024, "loss_1": 0.35031, "loss_2": 0.6348, "loss_3": 0.82549, "text_chain_1": 0.67392, "text_chain_2": 0.50439, "text_chain_3": 0.38706, "tokens_a_step": 3.10955, "positions": 24828, "t": 1789802642.3}
{"event": "saved", "step": 78, "tokens_a_step": 3.10955, "t": 1789802643.0}
{"event": "train", "step": 80, "lr": 1.783106393179375e-05, "grad_norm": 1.7891, "loss_1": 0.42208, "agree_1": 0.80424, "chain_1": 0.80424, "text_chain_1": 0.69953, "loss_2": 0.88498, "agree_2": 0.69781, "chain_2": 0.59246, "text_chain_2": 0.47915, "loss_3": 1.20507, "agree_3": 0.6558, "chain_3": 0.43507, "text_chain_3": 0.33822, "tokens_a_step": 2.83177, "t": 1789802651.3}
{"event": "train", "step": 90, "lr": 1.525890961358083e-05, "grad_norm": 1.6379, "loss_1": 0.27924, "agree_1": 0.83573, "chain_1": 0.83573, "text_chain_1": 0.70959, "loss_2": 0.53032, "agree_2": 0.77189, "chain_2": 0.64165, "text_chain_2": 0.4929, "loss_3": 0.73679, "agree_3": 0.72066, "chain_3": 0.48413, "text_chain_3": 0.34055, "tokens_a_step": 2.96151, "t": 1789802695.2}
{"event": "train", "step": 100, "lr": 1.267905997814578e-05, "grad_norm": 1.8501, "loss_1": 0.08154, "agree_1": 0.95796, "chain_1": 0.95796, "text_chain_1": 0.4529, "loss_2": 0.17178, "agree_2": 0.92944, "chain_2": 0.89464, "text_chain_2": 0.37701, "loss_3": 0.25194, "agree_3": 0.91254, "chain_3": 0.8357, "text_chain_3": 0.3137, "tokens_a_step": 3.6883, "t": 1789802741.4}
{"event": "eval", "step": 104, "agree_1": 0.84977, "agree_2": 0.78532, "agree_3": 0.74778, "chain_1": 0.84977, "chain_2": 0.69696, "chain_3": 0.57677, "loss_1": 0.34221, "loss_2": 0.61663, "loss_3": 0.8047, "text_chain_1": 0.67444, "text_chain_2": 0.50644, "text_chain_3": 0.38956, "tokens_a_step": 3.12349, "positions": 24828, "t": 1789802771.7}
{"event": "saved", "step": 104, "tokens_a_step": 3.12349, "t": 1789802772.7}
{"event": "train", "step": 110, "lr": 1.0168193373022644e-05, "grad_norm": 1.3551, "loss_1": 0.41042, "agree_1": 0.79832, "chain_1": 0.79832, "text_chain_1": 0.68655, "loss_2": 0.76144, "agree_2": 0.71569, "chain_2": 0.58934, "text_chain_2": 0.47149, "loss_3": 1.0324, "agree_3": 0.66585, "chain_3": 0.42408, "text_chain_3": 0.32325, "tokens_a_step": 2.81174, "t": 1789802798.8}
{"event": "train", "step": 120, "lr": 7.800937830603208e-06, "grad_norm": 1.6083, "loss_1": 0.5195, "agree_1": 0.77205, "chain_1": 0.77205, "text_chain_1": 0.6303, "loss_2": 0.92718, "agree_2": 0.67569, "chain_2": 0.53963, "text_chain_2": 0.38044, "loss_3": 1.20427, "agree_3": 0.62548, "chain_3": 0.38491, "text_chain_3": 0.23502, "tokens_a_step": 2.69658, "t": 1789802846.7}
{"event": "train", "step": 130, "lr": 5.647652972118998e-06, "grad_norm": 1.1789, "loss_1": 0.01303, "agree_1": 0.98833, "chain_1": 0.98833, "text_chain_1": 0.51006, "loss_2": 0.02131, "agree_2": 0.98749, "chain_2": 0.97582, "text_chain_2": 0.48996, "loss_3": 0.0311, "agree_3": 0.97863, "chain_3": 0.95825, "text_chain_3": 0.47379, "tokens_a_step": 3.9224, "t": 1789802893.5}
{"event": "eval", "step": 130, "agree_1": 0.8515, "agree_2": 0.78762, "agree_3": 0.75153, "chain_1": 0.8515, "chain_2": 0.70026, "chain_3": 0.58068, "loss_1": 0.33723, "loss_2": 0.61011, "loss_3": 0.79195, "text_chain_1": 0.67396, "text_chain_2": 0.50628, "text_chain_3": 0.39077, "tokens_a_step": 3.13243, "positions": 24828, "t": 1789802906.5}
{"event": "saved", "step": 130, "tokens_a_step": 3.13243, "t": 1789802907.2}
{"event": "train", "step": 140, "lr": 3.772338777433482e-06, "grad_norm": 1.7546, "loss_1": 0.3912, "agree_1": 0.85326, "chain_1": 0.85326, "text_chain_1": 0.43721, "loss_2": 0.6094, "agree_2": 0.80088, "chain_2": 0.71118, "text_chain_2": 0.28963, "loss_3": 0.75909, "agree_3": 0.77379, "chain_3": 0.60902, "text_chain_3": 0.19271, "tokens_a_step": 3.17346, "t": 1789802950.9}
{"event": "train", "step": 150, "lr": 2.230733376234733e-06, "grad_norm": 0.9096, "loss_1": 0.06262, "agree_1": 0.95867, "chain_1": 0.95867, "text_chain_1": 0.55515, "loss_2": 0.10958, "agree_2": 0.9357, "chain_2": 0.90284, "text_chain_2": 0.47532, "loss_3": 0.14645, "agree_3": 0.92742, "chain_3": 0.84821, "text_chain_3": 0.41666, "tokens_a_step": 3.70972, "t": 1789802998.1}
{"event": "eval", "step": 156, "agree_1": 0.8517, "agree_2": 0.78911, "agree_3": 0.75302, "chain_1": 0.8517, "chain_2": 0.70135, "chain_3": 0.58184, "loss_1": 0.33519, "loss_2": 0.60437, "loss_3": 0.78342, "text_chain_1": 0.67416, "text_chain_2": 0.50785, "text_chain_3": 0.39282, "tokens_a_step": 3.13489, "positions": 24828, "t": 1789803037.4}
{"event": "saved", "step": 156, "tokens_a_step": 3.13489, "t": 1789803038.1}
{"event": "train", "step": 160, "lr": 1.068656398120465e-06, "grad_norm": 1.1, "loss_1": 0.10662, "agree_1": 0.94973, "chain_1": 0.94973, "text_chain_1": 0.41381, "loss_2": 0.21509, "agree_2": 0.91375, "chain_2": 0.87089, "text_chain_2": 0.30975, "loss_3": 0.3216, "agree_3": 0.87883, "chain_3": 0.79417, "text_chain_3": 0.23708, "tokens_a_step": 3.6148, "t": 1789803056.2}
{"event": "train", "step": 170, "lr": 3.2064712056067036e-07, "grad_norm": 1.5494, "loss_1": 0.14098, "agree_1": 0.92127, "chain_1": 0.92127, "text_chain_1": 0.81184, "loss_2": 0.28482, "agree_2": 0.88115, "chain_2": 0.82559, "text_chain_2": 0.68966, "loss_3": 0.36968, "agree_3": 0.8656, "chain_3": 0.74515, "text_chain_3": 0.59054, "tokens_a_step": 3.49201, "t": 1789803099.5}
{"event": "train", "step": 180, "lr": 8.937891733943881e-09, "grad_norm": 2.0085, "loss_1": 0.32702, "agree_1": 0.84095, "chain_1": 0.84095, "text_chain_1": 0.71777, "loss_2": 0.66288, "agree_2": 0.75474, "chain_2": 0.64003, "text_chain_2": 0.48228, "loss_3": 0.88772, "agree_3": 0.70301, "chain_3": 0.46505, "text_chain_3": 0.30482, "tokens_a_step": 2.94603, "t": 1789803146.8}
{"event": "eval", "step": 182, "agree_1": 0.85178, "agree_2": 0.79052, "agree_3": 0.75314, "chain_1": 0.85178, "chain_2": 0.70167, "chain_3": 0.58261, "loss_1": 0.33573, "loss_2": 0.60382, "loss_3": 0.78399, "text_chain_1": 0.6746, "text_chain_2": 0.50822, "text_chain_3": 0.3921, "tokens_a_step": 3.13606, "positions": 24828, "t": 1789803167.5}
{"event": "saved", "step": 182, "tokens_a_step": 3.13606, "t": 1789803168.2}
{"event": "end", "best_tokens_a_step": 3.13606, "base_tokens_a_step": 3.09296, "t": 1789803168.2}
/usr/local/lib/python3.12/dist-packages/torch/distributed/c10d_logger.py:83: UserWarning: barrier(): using the device under current context. You can specify `device_id` in `init_process_group` to mute this warning.
  return func(*args, **kwargs)
