  box: GB10 (DGX Spark): SM121, unified 120 GiB (105 free)
  kernel shape (record): hidden 2560 hc 4 gated_residual tp 4 | gqa 6x256 no sink | linear 4/12x128x128 conv 4 decay/head | indexer qsa 4x128 pool 4 top 2048 | moe 512(128 local) I640/640 top10 nvfp4 silu | spec 1
[W919 07:33:18.493172933 Utils.hpp:137] Warning: Environment variable NCCL_ASYNC_ERROR_HANDLING is deprecated; use TORCH_NCCL_ASYNC_ERROR_HANDLING instead (function operator())
NCCL version 2.29.7+cuda13.2
[oneshot] inline proxy serving peers=3 inline_bytes=8 wr_reuse=1
/usr/local/lib/python3.12/dist-packages/torch/distributed/c10d_logger.py:83: FutureWarning: `torch.distributed.all_gather_into_tensor` is deprecated. Please use `torch.distributed.all_gather_single` instead.
  return func(*args, **kwargs)
  collectives: one-shot RDMA (NCCL where ineligible)
  lanes qualified: {'gated_residual': {'enter': (0.0062500000931322575, 0.0010940515203401446), 'inject': (0.004854368977248669, 0.0013956144684925675), 'leave_norm': (0.004975124262273312, 0.0024845092557370663), 'leave': (0.004975124262273312, 0.0024845092557370663), 'close': (0.005586592014878988, 0.0027172171976417303)}, 'gdn': {'decay': (1.8527525469380635e-07, 1.2093259726952965e-07), 'beta': (0.0, 0.0), 'raw_beta': (0.0, 0.0), 'norm': (7.038288458716124e-05, 2.438618139422033e-06)}, 'qsa_norm_rope': {'norm_rope_6x256': (0.006172839552164078, 0.0015349400928243995), 'norm_rope_4x128': (0.006896551698446274, 0.002324720611795783)}, 'skinny_gemv': {'513x2560': 0.002813, '324x10240': 0.002272, '320x10240': 0.002349}, 'fp8_rows': {1: 0.002073, 4: 0.001935, 16: 0.002006}}
boot rendezvous arena-admission: rank 0 prepared; waiting for 4 ranks (deadline 1800s)
[transformers] You are using a model of type `qwen4_exp` to instantiate a model of type ``. This may be expected if you are loading a checkpoint that shares a subset of the architecture (e.g., loading a `sam2_video` checkpoint into `Sam2Model`), but is otherwise not supported and can yield errors. Please verify that the checkpoint is compatible with the model you are instantiating.
boot rendezvous weights-loaded: rank 0 prepared; waiting for 4 ranks (deadline 1800s)
  warm eager moe: eager/8 0.536s, eager/1 0.006s, eager/2 0.01s, eager/3 0.01s, eager/4 0.006s, eager/5 0.006s, eager/6 0.006s, eager/7 0.006s
[b12x-bounds] state_E=128 n=640 tile_m=128 routed_rows=67179 -> rows 83456/83456 tiles 652/652 tasks 3260/3260
[b12x-bounds] state_E=128 n=640 tile_m=128 routed_rows=35797 -> rows 52096/83456 tiles 407/652 tasks 2035/3260
[b12x-bounds] state_E=128 n=640 tile_m=128 routed_rows=74862 -> rows 91136/91136 tiles 712/712 tasks 3560/3560
/usr/local/lib/python3.12/dist-packages/torch/distributed/c10d_logger.py:83: FutureWarning: `torch.distributed.all_gather_into_tensor` is deprecated. Please use `torch.distributed.all_gather_single` instead.
  return func(*args, **kwargs)
[b12x-bounds] state_E=128 n=640 tile_m=128 routed_rows=105851 -> rows 122112/122112 tiles 954/954 tasks 4770/4770
[b12x-bounds] state_E=128 n=640 tile_m=128 routed_rows=78726 -> rows 95104/122112 tiles 743/954 tasks 3715/4770
[b12x-bounds] state_E=128 n=640 tile_m=128 routed_rows=46770 -> rows 63104/122112 tiles 493/954 tasks 2465/4770
[b12x-bounds] state_E=128 n=640 tile_m=128 routed_rows=79471 -> rows 95744/122112 tiles 748/954 tasks 3740/4770
[b12x-bounds] state_E=128 n=640 tile_m=128 routed_rows=65264 -> rows 81536/122112 tiles 637/954 tasks 3185/4770
[b12x-bounds] state_E=128 n=640 tile_m=128 routed_rows=40497 -> rows 56832/122112 tiles 444/954 tasks 2220/4770
[b12x-bounds] state_E=128 n=640 tile_m=128 routed_rows=36215 -> rows 52480/122112 tiles 410/954 tasks 2050/4770
[b12x-bounds] state_E=128 n=640 tile_m=128 routed_rows=106659 -> rows 123008/123008 tiles 961/961 tasks 4805/4805
[b12x-bounds] state_E=128 n=640 tile_m=128 routed_rows=87559 -> rows 103936/123008 tiles 812/961 tasks 4060/4805
[b12x-bounds] state_E=128 n=640 tile_m=128 routed_rows=88491 -> rows 104832/123008 tiles 819/961 tasks 4095/4805
[b12x-bounds] state_E=128 n=640 tile_m=128 routed_rows=85598 -> rows 101888/123008 tiles 796/961 tasks 3980/4805
[b12x-bounds] state_E=128 n=640 tile_m=128 routed_rows=108418 -> rows 124800/124800 tiles 975/975 tasks 4875/4875
[b12x-bounds] state_E=128 n=640 tile_m=128 routed_rows=107939 -> rows 124288/124800 tiles 971/975 tasks 4855/4875
[b12x-bounds] state_E=128 n=640 tile_m=128 routed_rows=47709 -> rows 64000/124800 tiles 500/975 tasks 2500/4875
[b12x-bounds] state_E=128 n=640 tile_m=128 routed_rows=94232 -> rows 110592/124800 tiles 864/975 tasks 4320/4875
[b12x-bounds] state_E=128 n=640 tile_m=128 routed_rows=111190 -> rows 127488/127488 tiles 996/996 tasks 4980/4980
[b12x-bounds] state_E=128 n=640 tile_m=128 routed_rows=89777 -> rows 106112/127488 tiles 829/996 tasks 4145/4980
[b12x-bounds] state_E=128 n=640 tile_m=128 routed_rows=81079 -> rows 97408/127488 tiles 761/996 tasks 3805/4980
[b12x-bounds] state_E=128 n=640 tile_m=128 routed_rows=68995 -> rows 85376/127488 tiles 667/996 tasks 3335/4980
[b12x-bounds] state_E=128 n=640 tile_m=128 routed_rows=90105 -> rows 106368/127488 tiles 831/996 tasks 4155/4980
[b12x-bounds] state_E=128 n=640 tile_m=128 routed_rows=78585 -> rows 94848/127488 tiles 741/996 tasks 3705/4980
[b12x-bounds] state_E=128 n=640 tile_m=128 routed_rows=103824 -> rows 120192/127488 tiles 939/996 tasks 4695/4980
  warm prefill: memory/32256/0 25.599s, kernels/1/0 0.215s, kernels/8/0 1.253s, kernels/64/0 0.295s, kernels/512/0 0.458s, kernels/4095/0 1.344s, kernels/64/8384 1.304s, kernels/64/16832 0.285s, kernels/64/32960 0.273s, kernels/64/65984 0.277s, kernels/64/131264 0.278s, kernels/64/262080 0.28s, head/1/0 0.031s, head/1/4607 0.018s, head/1/8447 0.016s, head/1/16895 0.016s, head/1/33023 0.017s, head/1/66047 0.02s, head/1/131327 0.017s, head/1/262143 0.019s, head/2/0 0.024s, head/2/4606 0.019s, head/2/8446 0.015s, head/2/16894 0.015s, head/2/33022 0.018s, head/2/66046 0.019s, head/2/131326 0.016s, head/2/262142 0.017s, head/3/0 0.008s, head/3/4605 0.016s, head/3/8445 0.016s, head/3/16893 0.015s, head/3/33021 0.016s, head/3/66045 0.018s, head/3/131325 0.021s, head/3/262141 0.014s, head/4/0 0.009s, head/4/4604 0.009s, head/4/8444 0.008s, head/4/16892 0.008s, head/4/33020 0.008s, head/4/66044 0.008s, head/4/131324 0.008s, head/4/262140 0.008s
  shared expert: forked at one request's rows
  drafter: MTP head, K=3 (verify step 4 tokens a row; draft ledger)
phase                                      seconds   dev GiB  counters
front                                        3.845            import_s=2.67 box_s=0.477 shape_s=0.001
comm                                         3.767     +0.25  
prepare one-shot                             2.686     +1.34  
lanes                                        0.009     +0.00  kernel_imports_s=3.126
  wait for the imports                       0.000     +0.00  
qualify lanes                                2.718     +1.39  
arena                                        1.466    +39.21  
load                                         3.219     +3.21  blocks=53 bytes=2.19704e+10 direct=1 stage_s=0.044 wait_s=0.01 copy_s=0.005 views_s=0.001 tensors=22 read_bytes=1.00372e+08
ple table                                    0.004     +0.00  
prepare dense                                7.870     +0.87  weight_digest_calls=192 weight_digest_s=3.533 pack_calls=192 pack_s=3.267 packs_cache=192 packs_rtn=192
mtp experts                                  0.030     +0.00  mtp_experts_qualify=0
caches                                       0.003     +0.00  
engine                                       0.031     +0.00  
wait for weight preparation                  0.571     -0.01  
runner                                       0.000     +0.00  
wait for the prelude                         0.000     +0.00  
warm eager moe                               0.616     +0.20  
warm prefill                                32.349     +0.80  
capture decode                               7.743     +1.68  
door                                         0.016     +0.00  
total                                       66.941
  rank 0: ready in 64.3 s, door on port 8000
/usr/local/lib/python3.12/dist-packages/torch/distributed/c10d_logger.py:83: FutureWarning: `torch.distributed.all_gather_into_tensor` is deprecated. Please use `torch.distributed.all_gather_single` instead.
  return func(*args, **kwargs)
