test_actual_compiler_receives_m32_and_fixed_fake_geometry (test_glm53_ep_micro_tile.EPMicroTileTests.test_actual_compiler_receives_m32_and_fixed_fake_geometry) ... ok
test_existing_m64_cache_entry_cannot_satisfy_m32 (test_glm53_ep_micro_tile.EPMicroTileTests.test_existing_m64_cache_entry_cannot_satisfy_m32) ... ok
test_existing_tp_and_non_sentinel_tiles_unchanged (test_glm53_ep_micro_tile.EPMicroTileTests.test_existing_tp_and_non_sentinel_tiles_unchanged) ... ok
test_m32_retains_valid_mma_and_physical_scale_geometry (test_glm53_ep_micro_tile.EPMicroTileTests.test_m32_retains_valid_mma_and_physical_scale_geometry) ... ok
test_nonmatching_call_still_constructs_m64 (test_glm53_ep_micro_tile.EPMicroTileTests.test_nonmatching_call_still_constructs_m64) ... ok
test_only_exact_geometry_overrides_default (test_glm53_ep_micro_tile.EPMicroTileTests.test_only_exact_geometry_overrides_default) ... ok
test_allocation_failure_falls_back_but_launch_errors_never_do (test_glm53_ep_short_decode.FusedShortDecodeTests.test_allocation_failure_falls_back_but_launch_errors_never_do) ... ok
test_exact_six_rows_bypass_torch_remap_and_all_staging_copies (test_glm53_ep_short_decode.FusedShortDecodeTests.test_exact_six_rows_bypass_torch_remap_and_all_staging_copies) ... ok
test_other_token_counts_geometry_or_disabled_flag_never_prepare (test_glm53_ep_short_decode.FusedShortDecodeTests.test_other_token_counts_geometry_or_disabled_flag_never_prepare) ... ok
test_same_weight_dtype_preserves_staging_in_both_capture_orders (test_glm53_ep_short_decode.FusedShortDecodeTests.test_same_weight_dtype_preserves_staging_in_both_capture_orders) ... ok
test_unsupported_or_prelaunch_decline_reuses_original_remap_and_padding (test_glm53_ep_short_decode.FusedShortDecodeTests.test_unsupported_or_prelaunch_decline_reuses_original_remap_and_padding) ... ok
test_actual_apply_reaches_single_padded_call_for_all_short_batches (test_glm53_ep_short_decode.ShortDecodeTests.test_actual_apply_reaches_single_padded_call_for_all_short_batches) ... ok
test_all_remote_rows_clear_previous_staging_output (test_glm53_ep_short_decode.ShortDecodeTests.test_all_remote_rows_clear_previous_staging_output) ... ok
test_disabled_path_and_invalid_tail_geometry_retain_fallback (test_glm53_ep_short_decode.ShortDecodeTests.test_disabled_path_and_invalid_tail_geometry_retain_fallback) ... ok
test_padding_allocation_failure_keeps_disjoint_fixed_fallback (test_glm53_ep_short_decode.ShortDecodeTests.test_padding_allocation_failure_keeps_disjoint_fixed_fallback) ... ok
test_proof_requires_completed_coherent_call_counts (test_glm53_ep_short_decode.ShortDecodeTests.test_proof_requires_completed_coherent_call_counts) ... ok
test_spec5_graph_shapes_reuse_staging_and_preserve_every_real_row (test_glm53_ep_short_decode.ShortDecodeTests.test_spec5_graph_shapes_reuse_staging_and_preserve_every_real_row) ... ok
test_launch_failure_propagates_instead_of_requesting_fallback (test_glm53_ep_route_remap.AdmissionTests.test_launch_failure_propagates_instead_of_requesting_fallback) ... ok
test_launch_sizes_are_validated_once_and_recomputed_for_reused_tensors (test_glm53_ep_route_remap.AdmissionTests.test_launch_sizes_are_validated_once_and_recomputed_for_reused_tensors) ... ok
test_one_launch_reuses_scratch_and_preserves_dtype_for_each_arm (test_glm53_ep_route_remap.AdmissionTests.test_one_launch_reuses_scratch_and_preserves_dtype_for_each_arm) ... ok
test_public_support_check_is_boolean_and_never_launches (test_glm53_ep_route_remap.AdmissionTests.test_public_support_check_is_boolean_and_never_launches) ... ok
test_reused_tensor_metadata_is_revalidated_after_every_launch (test_glm53_ep_route_remap.AdmissionTests.test_reused_tensor_metadata_is_revalidated_after_every_launch) ... ok
test_unsupported_metadata_returns_before_any_launch (test_glm53_ep_route_remap.AdmissionTests.test_unsupported_metadata_returns_before_any_launch) ... ok
test_actual_remap_preserves_local_bits_and_zeros_remote_nonfinite_weights (test_glm53_ep_route_remap.ReferenceTests.test_actual_remap_preserves_local_bits_and_zeros_remote_nonfinite_weights) ... ok
test_actual_tensor_remap_matches_scalar_conversion_and_range_oracle (test_glm53_ep_route_remap.ReferenceTests.test_actual_tensor_remap_matches_scalar_conversion_and_range_oracle) ... ok
test_exact_types_and_map_variants_launch_once_with_owned_buffers (test_glm53_ep_route_remap.ShortPrepareAdmissionTests.test_exact_types_and_map_variants_launch_once_with_owned_buffers) ... ok
test_metadata_is_fresh_and_launch_errors_propagate (test_glm53_ep_route_remap.ShortPrepareAdmissionTests.test_metadata_is_fresh_and_launch_errors_propagate) ... ok
test_unsupported_metadata_or_partial_alias_never_launches (test_glm53_ep_route_remap.ShortPrepareAdmissionTests.test_unsupported_metadata_or_partial_alias_never_launches) ... ok
test_real_kernel_matches_legacy_padding_bits_and_changed_inputs (test_glm53_ep_route_remap.ShortPrepareKernelTests.test_real_kernel_matches_legacy_padding_bits_and_changed_inputs) ... ok
test_declined_candidate_and_disabled_path_keep_legacy_scratch (test_glm53_ep_route_remap.WrapperScratchTests.test_declined_candidate_and_disabled_path_keep_legacy_scratch) ... ok
test_full_candidate_reuses_tensor_objects_without_any_scratch_views (test_glm53_ep_route_remap.WrapperScratchTests.test_full_candidate_reuses_tensor_objects_without_any_scratch_views) ... ok
test_partial_candidate_uses_current_storage_and_exact_row_views (test_glm53_ep_route_remap.WrapperScratchTests.test_partial_candidate_uses_current_storage_and_exact_row_views) ... ok
test_existing_numerical_and_failure_capture_contracts_are_exact (test_glm53_ep_local_selftest.ContractTests.test_existing_numerical_and_failure_capture_contracts_are_exact) ... ok
test_fixed_coverage_and_rng_calls_do_not_mutate_global_rng (test_glm53_ep_local_selftest.ContractTests.test_fixed_coverage_and_rng_calls_do_not_mutate_global_rng) ... ok
test_m32_candidate_and_m64_control_actual_keys_are_required (test_glm53_ep_local_selftest.ContractTests.test_m32_candidate_and_m64_control_actual_keys_are_required) ... ok
test_run_is_fixed_order_and_first_failure_prevents_later_cases (test_glm53_ep_local_selftest.ContractTests.test_run_is_fixed_order_and_first_failure_prevents_later_cases) ... ok
test_canonical_q0_ignores_allocation_order_and_unwritten_padding (test_glm53_ep_local_selftest.Q0Tests.test_canonical_q0_ignores_allocation_order_and_unwritten_padding) ... ok
test_valid_packed_byte_drift_and_bad_route_fail_closed (test_glm53_ep_local_selftest.Q0Tests.test_valid_packed_byte_drift_and_bad_route_fail_closed) ... ok
test_first_failure_and_secondary_cleanup_are_sticky (test_glm53_ep_local_selftest.StateTests.test_first_failure_and_secondary_cleanup_are_sticky) ... ok
test_inference_tensor_descriptor_snapshot_is_read_only (test_glm53_ep_local_selftest.StateTests.test_inference_tensor_descriptor_snapshot_is_read_only) ... ok
test_only_scratch_cache_changes_restored_compiles_retained (test_glm53_ep_local_selftest.StateTests.test_only_scratch_cache_changes_restored_compiles_retained) ... ok
test_reentrant_call_fails_instead_of_arming_running_test (test_glm53_ep_local_selftest.StateTests.test_reentrant_call_fails_instead_of_arming_running_test) ... ok
test_warning_logger_still_publishes_complete_pass_once_after_sync (test_glm53_ep_local_selftest.StateTests.test_warning_logger_still_publishes_complete_pass_once_after_sync) ... ok
test_actual_launcher_uses_fp32_then_copy_without_sync_and_stock_is_unchanged (test_glm53_ep_scatter_fp32.RuntimeTests.test_actual_launcher_uses_fp32_then_copy_without_sync_and_stock_is_unchanged) ... ok
test_incompatible_output_or_cached_storage_is_rejected (test_glm53_ep_scatter_fp32.RuntimeTests.test_incompatible_output_or_cached_storage_is_rejected) ... ok
test_kernel_failure_cannot_copy_stale_or_claim_output (test_glm53_ep_scatter_fp32.RuntimeTests.test_kernel_failure_cannot_copy_stale_or_claim_output) ... ok
test_shared_buffer_reuses_grows_and_records_nondefault_stream (test_glm53_ep_scatter_fp32.RuntimeTests.test_shared_buffer_reuses_grows_and_records_nondefault_stream) ... ok
test_ep_cache_and_fake_dtype_are_distinct_without_changing_stock_key (test_glm53_ep_scatter_fp32.SourceTests.test_ep_cache_and_fake_dtype_are_distinct_without_changing_stock_key) ... ok
test_fp32_zero_covers_every_row_and_keeps_grid_barrier (test_glm53_ep_scatter_fp32.SourceTests.test_fp32_zero_covers_every_row_and_keeps_grid_barrier) ... ok
test_onepass9_bf16_fixture_and_legacy_scratch_dtype_are_explicit (test_glm53_ep_scatter_fp32.SourceTests.test_onepass9_bf16_fixture_and_legacy_scratch_dtype_are_explicit) ... ok
test_stock_contribution_and_entire_scatter_addressing_are_preserved (test_glm53_ep_scatter_fp32.SourceTests.test_stock_contribution_and_entire_scatter_addressing_are_preserved) ... ok
test_apply_defers_the_capture_query_until_candidate_admission (test_glm53_ep_prefill_local.AdmissionTests.test_apply_defers_the_capture_query_until_candidate_admission) ... ok
test_dispatch_never_silently_falls_back_with_sentinel_geometry (test_glm53_ep_prefill_local.AdmissionTests.test_dispatch_never_silently_falls_back_with_sentinel_geometry) ... ok
test_ep_and_stock_artifacts_have_distinct_keys (test_glm53_ep_prefill_local.AdmissionTests.test_ep_and_stock_artifacts_have_distinct_keys) ... ok
test_sp_reduction_gate_requires_opt_in_for_ep (test_glm53_ep_prefill_local.AdmissionTests.test_sp_reduction_gate_requires_opt_in_for_ep) ... ok
test_wide_workspace_covers_concentrated_and_tail_routes (test_glm53_ep_prefill_local.AdmissionTests.test_wide_workspace_covers_concentrated_and_tail_routes) ... ok
test_wrapper_admits_only_exact_eager_local_geometry (test_glm53_ep_prefill_local.AdmissionTests.test_wrapper_admits_only_exact_eager_local_geometry) ... ok
test_wrapper_passes_original_token_and_output_storage (test_glm53_ep_prefill_local.AdmissionTests.test_wrapper_passes_original_token_and_output_storage) ... ok
test_complete_artifacts_cannot_override_failed_runtime_recheck (test_glm53_ep_local_probe.EvidenceTests.test_complete_artifacts_cannot_override_failed_runtime_recheck) ... ok
test_failed_probe_preserves_phase_and_partial_results (test_glm53_ep_local_probe.EvidenceTests.test_failed_probe_preserves_phase_and_partial_results) ... ok
test_incomplete_remap_compile_matrix_is_rejected (test_glm53_ep_local_probe.EvidenceTests.test_incomplete_remap_compile_matrix_is_rejected) ... ok
test_matching_evidence_passes_and_changed_overlay_fails (test_glm53_ep_local_probe.EvidenceTests.test_matching_evidence_passes_and_changed_overlay_fails) ... ok
test_missing_mount_skips_and_changed_test_are_rejected (test_glm53_ep_local_probe.EvidenceTests.test_missing_mount_skips_and_changed_test_are_rejected) ... ok
test_stale_receipt_is_rejected_before_service_inventory_or_pause (test_glm53_ep_local_probe.EvidenceTests.test_stale_receipt_is_rejected_before_service_inventory_or_pause) ... ok
test_stopped_handoff_reaches_failed_cell_and_restores_original_running_flags (test_glm53_ep_local_probe.EvidenceTests.test_stopped_handoff_reaches_failed_cell_and_restores_original_running_flags) ... ok
test_corrupt_small_row_cannot_hide_behind_a_large_row (test_glm53_ep_local_probe.NumericalTests.test_corrupt_small_row_cannot_hide_behind_a_large_row) ... ok
test_large_stock_noise_cannot_authorize_a_bad_candidate (test_glm53_ep_local_probe.NumericalTests.test_large_stock_noise_cannot_authorize_a_bad_candidate) ... ok
test_nonfinite_and_broadcastable_shapes_are_rejected (test_glm53_ep_local_probe.NumericalTests.test_nonfinite_and_broadcastable_shapes_are_rejected) ... ok
test_small_stock_noise_preserves_existing_candidate_floor (test_glm53_ep_local_probe.NumericalTests.test_small_stock_noise_preserves_existing_candidate_floor) ... ok
test_actual_allocator_pins_only_matching_capacity_before_any_launch (test_glm53_ep_micro_scatter.AdmissionTests.test_actual_allocator_pins_only_matching_capacity_before_any_launch) ... ok
test_buffered_fp32_cache_cannot_satisfy_direct_scatter (test_glm53_ep_micro_scatter.AdmissionTests.test_buffered_fp32_cache_cannot_satisfy_direct_scatter) ... ok
test_compile_constructor_output_dtype_and_cache_namespace_agree (test_glm53_ep_micro_scatter.AdmissionTests.test_compile_constructor_output_dtype_and_cache_namespace_agree) ... ok
test_compile_execution_modes_keep_existing_rejection_or_buffered_fp32 (test_glm53_ep_micro_scatter.AdmissionTests.test_compile_execution_modes_keep_existing_rejection_or_buffered_fp32) ... ok
test_direct_scatter_rejects_every_geometry_and_execution_mode_mismatch (test_glm53_ep_micro_scatter.AdmissionTests.test_direct_scatter_rejects_every_geometry_and_execution_mode_mismatch) ... ok
test_only_fixed_top1_and_sentinel_top8_are_selected (test_glm53_ep_micro_scatter.AdmissionTests.test_only_fixed_top1_and_sentinel_top8_are_selected) ... ok
test_actual_selected_launches_copy_after_kernel_with_same_pinned_pointer (test_glm53_ep_micro_scatter.LaunchTests.test_actual_selected_launches_copy_after_kernel_with_same_pinned_pointer) ... ok
test_missing_or_wrong_buffer_refuses_before_launch_and_never_reallocates (test_glm53_ep_micro_scatter.LaunchTests.test_missing_or_wrong_buffer_refuses_before_launch_and_never_reallocates) ... ok
test_output_contract_and_launch_failure_do_not_publish_stale_output (test_glm53_ep_micro_scatter.LaunchTests.test_output_contract_and_launch_failure_do_not_publish_stale_output) ... ok
test_tp_micro_preserves_output_abi_without_new_copy (test_glm53_ep_micro_scatter.LaunchTests.test_tp_micro_preserves_output_abi_without_new_copy) ... ok
test_constructor_default_is_stock_and_variants_retain_same_geometry (test_glm53_ep_micro_scatter_fp32.ScatterTests.test_constructor_default_is_stock_and_variants_retain_same_geometry) ... ok
test_entire_kernel_preserves_stock_except_exact_ep_scatter_changes (test_glm53_ep_micro_scatter_fp32.ScatterTests.test_entire_kernel_preserves_stock_except_exact_ep_scatter_changes) ... ok
test_ep_publication_precedes_every_scatter_and_retains_post_barrier (test_glm53_ep_micro_scatter_fp32.ScatterTests.test_ep_publication_precedes_every_scatter_and_retains_post_barrier) ... ok
test_ep_scatter_bounds_cover_every_route_exactly_once (test_glm53_ep_micro_scatter_fp32.ScatterTests.test_ep_scatter_bounds_cover_every_route_exactly_once) ... ok
test_exact_stock_saturating_conversion_and_lane_order_are_retained (test_glm53_ep_micro_scatter_fp32.ScatterTests.test_exact_stock_saturating_conversion_and_lane_order_are_retained) ... ok
test_original_ptx_proves_cross_warp_reads_need_publication (test_glm53_ep_micro_scatter_fp32.ScatterTests.test_original_ptx_proves_cross_warp_reads_need_publication) ... ok
test_packed_finite_bf16_words_widen_without_rounding_or_lane_swap (test_glm53_ep_micro_scatter_fp32.ScatterTests.test_packed_finite_bf16_words_widen_without_rounding_or_lane_swap) ... ok
test_wrong_output_dtype_fails_before_layout_or_tma_work (test_glm53_ep_micro_scatter_fp32.ScatterTests.test_wrong_output_dtype_fails_before_layout_or_tma_work) ... ok
test_zeroing_covers_exact_element_addresses_for_both_widths (test_glm53_ep_micro_scatter_fp32.ScatterTests.test_zeroing_covers_exact_element_addresses_for_both_widths) ... ok
test_compile_time_identity_validator_rejects_missing_or_bad_pairs (test_glm53_ep_micro_direct_scatter.DirectScatterTests.test_compile_time_identity_validator_rejects_missing_or_bad_pairs) ... ok
test_constructor_is_default_off_and_rejects_other_variants (test_glm53_ep_micro_direct_scatter.DirectScatterTests.test_constructor_is_default_off_and_rejects_other_variants) ... ok
test_direct_fragment_pair_scatter_preserves_routes_and_poisoned_tail (test_glm53_ep_micro_direct_scatter.DirectScatterTests.test_direct_fragment_pair_scatter_preserves_routes_and_poisoned_tail) ... ok
test_direct_source_keeps_rounding_and_common_post_barrier (test_glm53_ep_micro_direct_scatter.DirectScatterTests.test_direct_source_keeps_rounding_and_common_post_barrier) ... ok
test_pair_coordinates_match_original_ptx (test_glm53_ep_micro_direct_scatter.DirectScatterTests.test_pair_coordinates_match_original_ptx) ... ok
test_real_shape_admission_precedes_tma_and_layout_work (test_glm53_ep_micro_direct_scatter.DirectScatterTests.test_real_shape_admission_precedes_tma_and_layout_work) ... ok

----------------------------------------------------------------------
Ran 94 tests in 7.570s

OK
{"verdict": "PASS", "phase": "complete", "error": null, "contracts": {"tests_run": 94, "failures": 0, "errors": 0, "skips": 0}, "cuda_initialized": false}
