test_packet_plan_activity_is_boolean_and_keeps_chunk_order (tests.test_engine_ffn_packets.PacketContractTests.test_packet_plan_activity_is_boolean_and_keeps_chunk_order) ... ok
test_plan_refuses_layer_major_packet_execution (tests.test_engine_ffn_packets.PacketContractTests.test_plan_refuses_layer_major_packet_execution) ... ok
test_ragged_geometry_preserves_rank_order_and_scale_alignment (tests.test_engine_ffn_packets.PacketContractTests.test_ragged_geometry_preserves_rank_order_and_scale_alignment) ... ok
test_shared_projector_crops_before_the_gemm (tests.test_engine_ffn_packets.PacketContractTests.test_shared_projector_crops_before_the_gemm) ... ok
test_short_prefill_and_decode_do_not_vote (tests.test_engine_ffn_packets.PacketContractTests.test_short_prefill_and_decode_do_not_vote) ... ok
test_real_forward_uses_one_packet_for_three_readers_and_consistent_fallback (tests.test_engine_ffn_packets.PacketForwardTests.test_real_forward_uses_one_packet_for_three_readers_and_consistent_fallback) ... ok
test_frontend_evidence_uses_expert_token_identity_across_atomic_permutations (tests.test_engine_ffn_packets.PacketProducerTests.test_frontend_evidence_uses_expert_token_identity_across_atomic_permutations) ... ok
test_packet_producer_preserves_the_entire_route_quantize_publish_body (tests.test_engine_ffn_packets.PacketProducerTests.test_packet_producer_preserves_the_entire_route_quantize_publish_body) ... ok
test_graph_replay_reads_new_packet_values_and_scales (tests.test_engine_prefill_fp8_consumer.PrefillConsumerTests.test_graph_replay_reads_new_packet_values_and_scales) ... ok
test_packet_router_preserves_logits_and_route_selection (tests.test_engine_prefill_fp8_consumer.PrefillConsumerTests.test_packet_router_preserves_logits_and_route_selection) ... FAIL
test_padded_packets_and_gemm_group_scales (tests.test_engine_prefill_fp8_consumer.PrefillConsumerTests.test_padded_packets_and_gemm_group_scales) ... ok
test_real_rows_are_cropped_before_shared_quantization_output (tests.test_engine_prefill_fp8_consumer.PrefillConsumerTests.test_real_rows_are_cropped_before_shared_quantization_output) ... ok

======================================================================
FAIL: test_packet_router_preserves_logits_and_route_selection (tests.test_engine_prefill_fp8_consumer.PrefillConsumerTests.test_packet_router_preserves_logits_and_route_selection)
----------------------------------------------------------------------
Traceback (most recent call last):
  File "/repo/tests/test_engine_prefill_fp8_consumer.py", line 117, in test_packet_router_preserves_logits_and_route_selection
    self.fail(f'packet router rows={rows}: default={difference(actual)}, '
AssertionError: packet router rows=8193: default={'changed': 1558421, 'first_positions': [[1, 0], [1, 1], [1, 3], [1, 4], [1, 6], [1, 8], [1, 10], [1, 14]], 'max_abs': 3.0517578125e-05, 'finite': True}, pipeline_diagnostics={1: {'changed': 1558421, 'first_positions': [[1, 0], [1, 1], [1, 3], [1, 4], [1, 6], [1, 8], [1, 10], [1, 14]], 'max_abs': 3.0517578125e-05, 'finite': True}, 2: {'changed': 1558421, 'first_positions': [[1, 0], [1, 1], [1, 3], [1, 4], [1, 6], [1, 8], [1, 10], [1, 14]], 'max_abs': 3.0517578125e-05, 'finite': True}}

----------------------------------------------------------------------
Ran 16 tests in 1.676s

FAILED (failures=1)
Traceback (most recent call last):
  File "/repo/probes/engine_ffn_packets_check.py", line 265, in <module>
    main()
  File "/repo/probes/engine_ffn_packets_check.py", line 254, in main
{"status": "FAIL", "scope": "one GB10, received FP8 packets through full L3 FFN output; synthetic activations, actual rank weights; excludes pack/all-gather/reduce-scatter, NIC, TTFT, generation tok/s and model quality/acceptance", "source_sha256": {"engine/modules/prefill_packets.py": "eeaa468b8715373c7711cb29d58c8993a824f80da91c9753693f714053cc6471", "engine/modules/token_shards.py": "11d3bf3c2fe8e644a845fa49864800d5f0e021ccdc7c6eef03c9151b695aa77c", "engine/kernels/prefill_collectives/__init__.py": "4fca676770574b77e9280a260c36cff406ebe0279a15fc3b5bdd0b11222e0f4c", "engine/kernels/prefill_collectives/consumer.py": "d0f242b38b4d0e74afd205214067ecab57f046b5c81f8f2fa5032ce8fbcdfd7c", "engine/kernels/prefill_collectives/kernels.py": "49d22265497ee41cc3ff03d455fa11a76519c450322aa993cbc5601cfc5a48a4", "engine/kernels/prefill_router.py": "1be65d85e0e19899ecd163ab05ece1b92822277fd80adc1f804b80818fbc36a7", "engine/kernels/dense/__init__.py": "abd41b1cfc059e60c3ab482eba8bbcd5ebdd91d47c4a535e64b01cdcda5ae875", "engine/kernels/dense/fp8.py": "fecc21c8b0f3088c765083cf7987db210de499313490559596dca7dee676c3ca", "engine/kernels/b12x/moe_dispatch.py": "9989e2739839cbb8914745ed45c992a7535c036331aeff3fcf304b46bb946918", "engine/kernels/b12x/moe_packet_input.py": "edfb8563846ea6df2c86a42417a18d679e58bccb55a14164458e7d6ea89eef37", "engine/kernels/b12x/moe_dynamic_prefill_packets.py": "2cb221c7ddc9891dad4f6d2a83ccf981c22e70b3a2171a6795792c0c5e2fae8e", "engine/kernels/b12x/moe_dynamic_gated_sf6_prefill.py": "bcf0313d6cab7699ec03b09e6a64a482551250a825628daa4f68fea96c655a8a", "engine/kernels/b12x/moe_w4a16_fp4_helpers.py": "3115cf3e73064cbf2c339d5fd2cec1c49206f34283c281faef2d1c2d290a6c73", "engine/profiles/glm53/net.py": "c8464237fed8c4d3129f8c9989d50f15de23545bf0702fddc9e4813a1c7052ab", "engine/profiles/glm53/lanes.py": "3b9ac6ed5037f724eabdff56bee10c507dc05f665381a47eabb8e2460b30508d", "engine/profiles/glm53/execution.py": "716111e7cc714a83a6b5af46a1641ee3efc6ce67aa3233dcabccc47c3ffa31b8", "engine/profiles/glm53/boot.py": "0cc08c187db2ae8edfcecd5ce0faa29a003e8c366925e2d7552525b2f7611222", "probes/engine_ffn_packets_compile.py": "bdd2b71116f5bf6fcd594a06b366f78f8ce6e95d21fb73ff7b131641fd3ff5b1", "probes/engine_ffn_packets_check.py": "5641b001bccd08d68ab54e38995d8338d2eb988fd4f15db7fc21f069a04f60f2", "tests/test_engine_ffn_packets.py": "1ab3640fbca124084e14e2038bd8e88e79f3c57aebaf7d4ed8a9291990747a94", "tests/test_engine_prefill_fp8_consumer.py": "7b49d67453788ca0712b8978c612d03a343e16af20f0f91639f33b5aebc2f236", "engine/kernels/glm_pointwise.py": "bd9713dd4f4fd2a40f62b53f2d92c651356b54f3bd07242714e772aa52c1df5b", "engine/profiles/glm53/modelopt_scales.py": "5fb0fbbbc2011e0390248c696f5fb04e128e854d8544dbc113e932e8a28afbf3"}, "image": "sha256:8190d08e822e1f9d18dda5a127a5d9a9e8c53ef4b5136d1154f9ea4b7727f1ed", "started": 1789367428.4878159, "error": "Traceback (most recent call last):\n  File \"/repo/probes/engine_ffn_packets_check.py\", line 254, in main\n    measure(args, report)\n  File \"/repo/probes/engine_ffn_packets_check.py\", line 86, in measure\n    raise RuntimeError('packet CPU/transport/router qualification failed or skipped')\nRuntimeError: packet CPU/transport/router qualification failed or skipped\n"}
    measure(args, report)
  File "/repo/probes/engine_ffn_packets_check.py", line 86, in measure
    raise RuntimeError('packet CPU/transport/router qualification failed or skipped')
RuntimeError: packet CPU/transport/router qualification failed or skipped
