test_rollback_matches_clean_pools_for_every_boundary_and_accept_count (test_engine_glm53.CudaCacheTests.test_rollback_matches_clean_pools_for_every_boundary_and_accept_count) ...
  test_rollback_matches_clean_pools_for_every_boundary_and_accept_count (test_engine_glm53.CudaCacheTests.test_rollback_matches_clean_pools_for_every_boundary_and_accept_count) (phase=0, accepted=1) ... FAIL
  test_rollback_matches_clean_pools_for_every_boundary_and_accept_count (test_engine_glm53.CudaCacheTests.test_rollback_matches_clean_pools_for_every_boundary_and_accept_count) (phase=0, accepted=2) ... FAIL
  test_rollback_matches_clean_pools_for_every_boundary_and_accept_count (test_engine_glm53.CudaCacheTests.test_rollback_matches_clean_pools_for_every_boundary_and_accept_count) (phase=0, accepted=5) ... FAIL
  test_rollback_matches_clean_pools_for_every_boundary_and_accept_count (test_engine_glm53.CudaCacheTests.test_rollback_matches_clean_pools_for_every_boundary_and_accept_count) (phase=1, accepted=1) ... FAIL
  test_rollback_matches_clean_pools_for_every_boundary_and_accept_count (test_engine_glm53.CudaCacheTests.test_rollback_matches_clean_pools_for_every_boundary_and_accept_count) (phase=1, accepted=2) ... FAIL
  test_rollback_matches_clean_pools_for_every_boundary_and_accept_count (test_engine_glm53.CudaCacheTests.test_rollback_matches_clean_pools_for_every_boundary_and_accept_count) (phase=1, accepted=3) ... FAIL
  test_rollback_matches_clean_pools_for_every_boundary_and_accept_count (test_engine_glm53.CudaCacheTests.test_rollback_matches_clean_pools_for_every_boundary_and_accept_count) (phase=1, accepted=4) ... FAIL
  test_rollback_matches_clean_pools_for_every_boundary_and_accept_count (test_engine_glm53.CudaCacheTests.test_rollback_matches_clean_pools_for_every_boundary_and_accept_count) (phase=1, accepted=5) ... FAIL
  test_rollback_matches_clean_pools_for_every_boundary_and_accept_count (test_engine_glm53.CudaCacheTests.test_rollback_matches_clean_pools_for_every_boundary_and_accept_count) (phase=2, accepted=1) ... FAIL
  test_rollback_matches_clean_pools_for_every_boundary_and_accept_count (test_engine_glm53.CudaCacheTests.test_rollback_matches_clean_pools_for_every_boundary_and_accept_count) (phase=2, accepted=2) ... FAIL
  test_rollback_matches_clean_pools_for_every_boundary_and_accept_count (test_engine_glm53.CudaCacheTests.test_rollback_matches_clean_pools_for_every_boundary_and_accept_count) (phase=2, accepted=3) ... FAIL
  test_rollback_matches_clean_pools_for_every_boundary_and_accept_count (test_engine_glm53.CudaCacheTests.test_rollback_matches_clean_pools_for_every_boundary_and_accept_count) (phase=2, accepted=4) ... FAIL
  test_rollback_matches_clean_pools_for_every_boundary_and_accept_count (test_engine_glm53.CudaCacheTests.test_rollback_matches_clean_pools_for_every_boundary_and_accept_count) (phase=2, accepted=5) ... FAIL
  test_rollback_matches_clean_pools_for_every_boundary_and_accept_count (test_engine_glm53.CudaCacheTests.test_rollback_matches_clean_pools_for_every_boundary_and_accept_count) (phase=3, accepted=1) ... FAIL
  test_rollback_matches_clean_pools_for_every_boundary_and_accept_count (test_engine_glm53.CudaCacheTests.test_rollback_matches_clean_pools_for_every_boundary_and_accept_count) (phase=3, accepted=2) ... FAIL
  test_rollback_matches_clean_pools_for_every_boundary_and_accept_count (test_engine_glm53.CudaCacheTests.test_rollback_matches_clean_pools_for_every_boundary_and_accept_count) (phase=3, accepted=3) ... FAIL
  test_rollback_matches_clean_pools_for_every_boundary_and_accept_count (test_engine_glm53.CudaCacheTests.test_rollback_matches_clean_pools_for_every_boundary_and_accept_count) (phase=3, accepted=4) ... FAIL
  test_rollback_matches_clean_pools_for_every_boundary_and_accept_count (test_engine_glm53.CudaCacheTests.test_rollback_matches_clean_pools_for_every_boundary_and_accept_count) (phase=3, accepted=5) ... FAIL

======================================================================
FAIL: test_rollback_matches_clean_pools_for_every_boundary_and_accept_count (test_engine_glm53.CudaCacheTests.test_rollback_matches_clean_pools_for_every_boundary_and_accept_count) (phase=0, accepted=1)
----------------------------------------------------------------------
Traceback (most recent call last):
  File "/repo/test_engine_glm53.py", line 176, in test_rollback_matches_clean_pools_for_every_boundary_and_accept_count
    self.assertTrue(torch.equal(c.pool_keys(1)[ids].view(torch.uint8), expected_keys))
AssertionError: False is not true

======================================================================
FAIL: test_rollback_matches_clean_pools_for_every_boundary_and_accept_count (test_engine_glm53.CudaCacheTests.test_rollback_matches_clean_pools_for_every_boundary_and_accept_count) (phase=0, accepted=2)
----------------------------------------------------------------------
Traceback (most recent call last):
  File "/repo/test_engine_glm53.py", line 176, in test_rollback_matches_clean_pools_for_every_boundary_and_accept_count
    self.assertTrue(torch.equal(c.pool_keys(1)[ids].view(torch.uint8), expected_keys))
AssertionError: False is not true

======================================================================
FAIL: test_rollback_matches_clean_pools_for_every_boundary_and_accept_count (test_engine_glm53.CudaCacheTests.test_rollback_matches_clean_pools_for_every_boundary_and_accept_count) (phase=0, accepted=5)
----------------------------------------------------------------------
Traceback (most recent call last):
  File "/repo/test_engine_glm53.py", line 176, in test_rollback_matches_clean_pools_for_every_boundary_and_accept_count
    self.assertTrue(torch.equal(c.pool_keys(1)[ids].view(torch.uint8), expected_keys))
AssertionError: False is not true

======================================================================
FAIL: test_rollback_matches_clean_pools_for_every_boundary_and_accept_count (test_engine_glm53.CudaCacheTests.test_rollback_matches_clean_pools_for_every_boundary_and_accept_count) (phase=1, accepted=1)
----------------------------------------------------------------------
Traceback (most recent call last):
  File "/repo/test_engine_glm53.py", line 176, in test_rollback_matches_clean_pools_for_every_boundary_and_accept_count
    self.assertTrue(torch.equal(c.pool_keys(1)[ids].view(torch.uint8), expected_keys))
AssertionError: False is not true

======================================================================
FAIL: test_rollback_matches_clean_pools_for_every_boundary_and_accept_count (test_engine_glm53.CudaCacheTests.test_rollback_matches_clean_pools_for_every_boundary_and_accept_count) (phase=1, accepted=2)
----------------------------------------------------------------------
Traceback (most recent call last):
  File "/repo/test_engine_glm53.py", line 176, in test_rollback_matches_clean_pools_for_every_boundary_and_accept_count
    self.assertTrue(torch.equal(c.pool_keys(1)[ids].view(torch.uint8), expected_keys))
AssertionError: False is not true

======================================================================
FAIL: test_rollback_matches_clean_pools_for_every_boundary_and_accept_count (test_engine_glm53.CudaCacheTests.test_rollback_matches_clean_pools_for_every_boundary_and_accept_count) (phase=1, accepted=3)
----------------------------------------------------------------------
Traceback (most recent call last):
  File "/repo/test_engine_glm53.py", line 176, in test_rollback_matches_clean_pools_for_every_boundary_and_accept_count
    self.assertTrue(torch.equal(c.pool_keys(1)[ids].view(torch.uint8), expected_keys))
AssertionError: False is not true

======================================================================
FAIL: test_rollback_matches_clean_pools_for_every_boundary_and_accept_count (test_engine_glm53.CudaCacheTests.test_rollback_matches_clean_pools_for_every_boundary_and_accept_count) (phase=1, accepted=4)
----------------------------------------------------------------------
Traceback (most recent call last):
  File "/repo/test_engine_glm53.py", line 176, in test_rollback_matches_clean_pools_for_every_boundary_and_accept_count
    self.assertTrue(torch.equal(c.pool_keys(1)[ids].view(torch.uint8), expected_keys))
AssertionError: False is not true

======================================================================
FAIL: test_rollback_matches_clean_pools_for_every_boundary_and_accept_count (test_engine_glm53.CudaCacheTests.test_rollback_matches_clean_pools_for_every_boundary_and_accept_count) (phase=1, accepted=5)
----------------------------------------------------------------------
Traceback (most recent call last):
  File "/repo/test_engine_glm53.py", line 176, in test_rollback_matches_clean_pools_for_every_boundary_and_accept_count
    self.assertTrue(torch.equal(c.pool_keys(1)[ids].view(torch.uint8), expected_keys))
AssertionError: False is not true

======================================================================
FAIL: test_rollback_matches_clean_pools_for_every_boundary_and_accept_count (test_engine_glm53.CudaCacheTests.test_rollback_matches_clean_pools_for_every_boundary_and_accept_count) (phase=2, accepted=1)
----------------------------------------------------------------------
Traceback (most recent call last):
  File "/repo/test_engine_glm53.py", line 176, in test_rollback_matches_clean_pools_for_every_boundary_and_accept_count
    self.assertTrue(torch.equal(c.pool_keys(1)[ids].view(torch.uint8), expected_keys))
AssertionError: False is not true

======================================================================
FAIL: test_rollback_matches_clean_pools_for_every_boundary_and_accept_count (test_engine_glm53.CudaCacheTests.test_rollback_matches_clean_pools_for_every_boundary_and_accept_count) (phase=2, accepted=2)
----------------------------------------------------------------------
Traceback (most recent call last):
  File "/repo/test_engine_glm53.py", line 176, in test_rollback_matches_clean_pools_for_every_boundary_and_accept_count
    self.assertTrue(torch.equal(c.pool_keys(1)[ids].view(torch.uint8), expected_keys))
AssertionError: False is not true

======================================================================
FAIL: test_rollback_matches_clean_pools_for_every_boundary_and_accept_count (test_engine_glm53.CudaCacheTests.test_rollback_matches_clean_pools_for_every_boundary_and_accept_count) (phase=2, accepted=3)
----------------------------------------------------------------------
Traceback (most recent call last):
  File "/repo/test_engine_glm53.py", line 176, in test_rollback_matches_clean_pools_for_every_boundary_and_accept_count
    self.assertTrue(torch.equal(c.pool_keys(1)[ids].view(torch.uint8), expected_keys))
AssertionError: False is not true

======================================================================
FAIL: test_rollback_matches_clean_pools_for_every_boundary_and_accept_count (test_engine_glm53.CudaCacheTests.test_rollback_matches_clean_pools_for_every_boundary_and_accept_count) (phase=2, accepted=4)
----------------------------------------------------------------------
Traceback (most recent call last):
  File "/repo/test_engine_glm53.py", line 176, in test_rollback_matches_clean_pools_for_every_boundary_and_accept_count
    self.assertTrue(torch.equal(c.pool_keys(1)[ids].view(torch.uint8), expected_keys))
AssertionError: False is not true

======================================================================
FAIL: test_rollback_matches_clean_pools_for_every_boundary_and_accept_count (test_engine_glm53.CudaCacheTests.test_rollback_matches_clean_pools_for_every_boundary_and_accept_count) (phase=2, accepted=5)
----------------------------------------------------------------------
Traceback (most recent call last):
  File "/repo/test_engine_glm53.py", line 176, in test_rollback_matches_clean_pools_for_every_boundary_and_accept_count
    self.assertTrue(torch.equal(c.pool_keys(1)[ids].view(torch.uint8), expected_keys))
AssertionError: False is not true

======================================================================
FAIL: test_rollback_matches_clean_pools_for_every_boundary_and_accept_count (test_engine_glm53.CudaCacheTests.test_rollback_matches_clean_pools_for_every_boundary_and_accept_count) (phase=3, accepted=1)
----------------------------------------------------------------------
Traceback (most recent call last):
  File "/repo/test_engine_glm53.py", line 176, in test_rollback_matches_clean_pools_for_every_boundary_and_accept_count
    self.assertTrue(torch.equal(c.pool_keys(1)[ids].view(torch.uint8), expected_keys))
AssertionError: False is not true

======================================================================
FAIL: test_rollback_matches_clean_pools_for_every_boundary_and_accept_count (test_engine_glm53.CudaCacheTests.test_rollback_matches_clean_pools_for_every_boundary_and_accept_count) (phase=3, accepted=2)
----------------------------------------------------------------------
Traceback (most recent call last):
  File "/repo/test_engine_glm53.py", line 176, in test_rollback_matches_clean_pools_for_every_boundary_and_accept_count
    self.assertTrue(torch.equal(c.pool_keys(1)[ids].view(torch.uint8), expected_keys))
AssertionError: False is not true

======================================================================
FAIL: test_rollback_matches_clean_pools_for_every_boundary_and_accept_count (test_engine_glm53.CudaCacheTests.test_rollback_matches_clean_pools_for_every_boundary_and_accept_count) (phase=3, accepted=3)
----------------------------------------------------------------------
Traceback (most recent call last):
  File "/repo/test_engine_glm53.py", line 176, in test_rollback_matches_clean_pools_for_every_boundary_and_accept_count
    self.assertTrue(torch.equal(c.pool_keys(1)[ids].view(torch.uint8), expected_keys))
AssertionError: False is not true

======================================================================
FAIL: test_rollback_matches_clean_pools_for_every_boundary_and_accept_count (test_engine_glm53.CudaCacheTests.test_rollback_matches_clean_pools_for_every_boundary_and_accept_count) (phase=3, accepted=4)
----------------------------------------------------------------------
Traceback (most recent call last):
  File "/repo/test_engine_glm53.py", line 176, in test_rollback_matches_clean_pools_for_every_boundary_and_accept_count
    self.assertTrue(torch.equal(c.pool_keys(1)[ids].view(torch.uint8), expected_keys))
AssertionError: False is not true

======================================================================
FAIL: test_rollback_matches_clean_pools_for_every_boundary_and_accept_count (test_engine_glm53.CudaCacheTests.test_rollback_matches_clean_pools_for_every_boundary_and_accept_count) (phase=3, accepted=5)
----------------------------------------------------------------------
Traceback (most recent call last):
  File "/repo/test_engine_glm53.py", line 176, in test_rollback_matches_clean_pools_for_every_boundary_and_accept_count
    self.assertTrue(torch.equal(c.pool_keys(1)[ids].view(torch.uint8), expected_keys))
AssertionError: False is not true

----------------------------------------------------------------------
Ran 1 test in 2.005s

FAILED (failures=18)
