test_projection_is_identical_and_only_final_retained_rows_calibrate (tests.test_engine_early_observe.EarlyObserveTests.test_projection_is_identical_and_only_final_retained_rows_calibrate) ... ok
test_subgroups_preserve_slot_mapping_and_unrounded_capacity (tests.test_engine_early_observe.EarlyObserveTests.test_subgroups_preserve_slot_mapping_and_unrounded_capacity) ... ok
test_collect_masks_ghost_rows_and_fits_the_correction_sign (tests.test_engine_draft_precision.BiasFitTests.test_collect_masks_ghost_rows_and_fits_the_correction_sign) ... ok
test_cpu_cli_merges_rank_bundles_and_records_input_hashes (tests.test_engine_draft_precision.BiasFitTests.test_cpu_cli_merges_rank_bundles_and_records_input_hashes) ... ok
test_fit_requires_finite_paired_rows_and_complete_distinct_ranks (tests.test_engine_draft_precision.BiasFitTests.test_fit_requires_finite_paired_rows_and_complete_distinct_ranks) ... ok
test_normalized_error_can_veto_improved_fc_error (tests.test_engine_draft_precision.BiasFitTests.test_normalized_error_can_veto_improved_fc_error) ... ok
test_validation_can_veto_but_cannot_fit_the_vector (tests.test_engine_draft_precision.BiasFitTests.test_validation_can_veto_but_cannot_fit_the_vector) ... ok
test_binding_uses_own_rank_and_peer_errors_are_reported (tests.test_engine_draft_precision.BindingTests.test_binding_uses_own_rank_and_peer_errors_are_reported) ... ok
test_default_does_no_preparation_and_identity_pins_each_reader_input (tests.test_engine_draft_precision.BindingTests.test_default_does_no_preparation_and_identity_pins_each_reader_input) ... ok
test_profile_rejects_malformed_corrections (tests.test_engine_draft_precision.BindingTests.test_profile_rejects_malformed_corrections) ... ok
test_w4_bias_is_refused_even_if_the_vector_is_well_formed (tests.test_engine_draft_precision.BindingTests.test_w4_bias_is_refused_even_if_the_vector_is_well_formed) ... ok
test_empty_strided_and_invalid_inputs (tests.test_engine_draft_precision.ProjectionTests.test_empty_strided_and_invalid_inputs) ... ok
test_fp32_projection_graph_replay_preserves_changed_close_scores (tests.test_engine_draft_precision.ProjectionTests.test_fp32_projection_graph_replay_preserves_changed_close_scores) ... skipped 'CUDA graph numerics; no GPU is used in CPU CI'
test_output_rounding_can_hide_a_real_score_difference (tests.test_engine_draft_precision.ProjectionTests.test_output_rounding_can_hide_a_real_score_difference) ... ok
test_cuda_controlled_walk_and_trace_match_cpu_and_replay_changed_packets (tests.test_engine_draft_tuning_integration.WalkTests.test_cuda_controlled_walk_and_trace_match_cpu_and_replay_changed_packets) ... skipped 'CUDA selector numerics; CPU CI never launches GPUs'
test_fc_bias_norm_cuda_graph_reads_the_owned_vector (tests.test_engine_draft_tuning_integration.WalkTests.test_fc_bias_norm_cuda_graph_reads_the_owned_vector) ... skipped 'CUDA fused norm numerics; CPU CI never launches GPUs'
test_fc_bias_norm_preserves_fp32_addition_and_signed_weight (tests.test_engine_draft_tuning_integration.WalkTests.test_fc_bias_norm_preserves_fp32_addition_and_signed_weight) ... ok
test_position_alpha_and_forced_predecessor_are_used_in_the_actual_walk (tests.test_engine_draft_tuning_integration.WalkTests.test_position_alpha_and_forced_predecessor_are_used_in_the_actual_walk) ... ok
test_actual_proposal_masks_before_topk_and_sampled_q_matches_the_forced_pick (tests.test_engine_draft_tuning_integration.WiringTests.test_actual_proposal_masks_before_topk_and_sampled_q_matches_the_forced_pick) ... ok
test_capture_construction_binds_boundary_input_only_when_enabled (tests.test_engine_draft_tuning_integration.WiringTests.test_capture_construction_binds_boundary_input_only_when_enabled) ... ok
test_fc_bias_follows_decode_phase_even_with_shared_calibration (tests.test_engine_draft_tuning_integration.WiringTests.test_fc_bias_follows_decode_phase_even_with_shared_calibration) ... ok
test_packet_reuse_resets_to_empty_on_both_graph_entry_points (tests.test_engine_draft_tuning_integration.WiringTests.test_packet_reuse_resets_to_empty_on_both_graph_entry_points) ... ok
test_preparation_requires_real_statistics_and_binds_only_draft_names (tests.test_engine_draft_tuning_integration.WiringTests.test_preparation_requires_real_statistics_and_binds_only_draft_names) ... ok
test_projection_precision_reaches_greedy_sampled_and_batched_paths (tests.test_engine_draft_tuning_integration.WiringTests.test_projection_precision_reaches_greedy_sampled_and_batched_paths) ... ok
test_trace_collection_cannot_run_ahead_and_overwrite_its_proposal (tests.test_engine_draft_tuning_integration.WiringTests.test_trace_collection_cannot_run_ahead_and_overwrite_its_proposal) ... ok
test_bytes_and_rates_match_the_timeline_s_accounting (tests.test_engine_kda_ring_bench.RingBenchTests.test_bytes_and_rates_match_the_timeline_s_accounting) ... ok
test_the_kernel_check_admits_and_dispatches_the_lane (tests.test_engine_kda_ring_bench.RingBenchTests.test_the_kernel_check_admits_and_dispatches_the_lane) ... ok

----------------------------------------------------------------------
Ran 27 tests in 0.648s

OK (skipped=3)
