test_collect_masks_ghost_rows_and_fits_the_correction_sign (tests.test_engine_draft_precision.BiasFitTests.test_collect_masks_ghost_rows_and_fits_the_correction_sign) ... ok
test_cpu_cli_merges_rank_bundles_and_records_input_hashes (tests.test_engine_draft_precision.BiasFitTests.test_cpu_cli_merges_rank_bundles_and_records_input_hashes) ... ok
test_fit_requires_finite_paired_rows_and_complete_distinct_ranks (tests.test_engine_draft_precision.BiasFitTests.test_fit_requires_finite_paired_rows_and_complete_distinct_ranks) ... ok
test_normalized_error_can_veto_improved_fc_error (tests.test_engine_draft_precision.BiasFitTests.test_normalized_error_can_veto_improved_fc_error) ... ok
test_validation_can_veto_but_cannot_fit_the_vector (tests.test_engine_draft_precision.BiasFitTests.test_validation_can_veto_but_cannot_fit_the_vector) ... ok
test_binding_uses_own_rank_and_peer_errors_are_reported (tests.test_engine_draft_precision.BindingTests.test_binding_uses_own_rank_and_peer_errors_are_reported) ... ok
test_default_does_no_preparation_and_identity_pins_each_reader_input (tests.test_engine_draft_precision.BindingTests.test_default_does_no_preparation_and_identity_pins_each_reader_input) ... ok
test_profile_rejects_malformed_corrections (tests.test_engine_draft_precision.BindingTests.test_profile_rejects_malformed_corrections) ... ok
test_w4_bias_is_refused_even_if_the_vector_is_well_formed (tests.test_engine_draft_precision.BindingTests.test_w4_bias_is_refused_even_if_the_vector_is_well_formed) ... ok
test_empty_strided_and_invalid_inputs (tests.test_engine_draft_precision.ProjectionTests.test_empty_strided_and_invalid_inputs) ... ok
test_fp32_projection_graph_replay_preserves_changed_close_scores (tests.test_engine_draft_precision.ProjectionTests.test_fp32_projection_graph_replay_preserves_changed_close_scores) ... skipped 'CUDA graph numerics; no GPU is used in CPU CI'
test_output_rounding_can_hide_a_real_score_difference (tests.test_engine_draft_precision.ProjectionTests.test_output_rounding_can_hide_a_real_score_difference) ... ok
test_eos_is_removed_before_topk_on_each_shard_with_replacement (tests.test_engine_draft_tuning.BoundaryTests.test_eos_is_removed_before_topk_on_each_shard_with_replacement) ... ok
test_packet_matches_minimum_budget_and_committed_thinking_state (tests.test_engine_draft_tuning.BoundaryTests.test_packet_matches_minimum_budget_and_committed_thinking_state) ... ok
test_sampled_forcing_preserves_unique_support_and_uses_actual_predecessor (tests.test_engine_draft_tuning.BoundaryTests.test_sampled_forcing_preserves_unique_support_and_uses_actual_predecessor) ... ok
test_spontaneous_end_cancels_future_force (tests.test_engine_draft_tuning.BoundaryTests.test_spontaneous_end_cancels_future_force) ... ok
test_actual_cpu_pack_fit_is_read_only_and_profiles_preserve_format (tests.test_engine_draft_tuning.PackingFitTests.test_actual_cpu_pack_fit_is_read_only_and_profiles_preserve_format) ... ok
test_damping_changes_factor_and_pack_identity_only_for_the_tuned_reader (tests.test_engine_draft_tuning.PackingFitTests.test_damping_changes_factor_and_pack_identity_only_for_the_tuned_reader) ... ok
test_no_fitting_on_overlapping_requests_or_wrong_reader_statistics (tests.test_engine_draft_tuning.PackingFitTests.test_no_fitting_on_overlapping_requests_or_wrong_reader_statistics) ... ok
test_tuned_pack_cannot_reuse_default_cache_or_unattested_legacy_bytes (tests.test_engine_draft_tuning.PackingFitTests.test_tuned_pack_cannot_reuse_default_cache_or_unattested_legacy_bytes) ... ok
test_baseline_and_explicit_names (tests.test_engine_draft_tuning.ProfileTests.test_baseline_and_explicit_names) ... ok
test_malformed_profiles_cannot_silently_change_defaults (tests.test_engine_draft_tuning.ProfileTests.test_malformed_profiles_cannot_silently_change_defaults) ... ok
test_profile_identity_and_errors_are_agreed_before_packing (tests.test_engine_draft_tuning.ProfileTests.test_profile_identity_and_errors_are_agreed_before_packing) ... ok
test_fitted_alpha_preserves_projection_precision_and_refuses_mixed_records (tests.test_engine_draft_tuning.SelectorFitTests.test_fitted_alpha_preserves_projection_precision_and_refuses_mixed_records) ... ok
test_groups_cannot_leak_and_nonroot_or_policy_rows_do_not_fit (tests.test_engine_draft_tuning.SelectorFitTests.test_groups_cannot_leak_and_nonroot_or_policy_rows_do_not_fit) ... ok
test_position_fit_requires_a_held_out_gain_and_keeps_unobserved_positions (tests.test_engine_draft_tuning.SelectorFitTests.test_position_fit_requires_a_held_out_gain_and_keeps_unobserved_positions) ... ok
test_recording_manifest_tags_request_families_without_editing_raw_trace (tests.test_engine_draft_tuning.SelectorFitTests.test_recording_manifest_tags_request_families_without_editing_raw_trace) ... ok
test_root_trace_records_only_observable_unconstrained_labels_and_samples_steps (tests.test_engine_draft_tuning.TraceTests.test_root_trace_records_only_observable_unconstrained_labels_and_samples_steps) ... ok
test_cuda_controlled_walk_and_trace_match_cpu_and_replay_changed_packets (tests.test_engine_draft_tuning_integration.WalkTests.test_cuda_controlled_walk_and_trace_match_cpu_and_replay_changed_packets) ... skipped 'CUDA selector numerics; CPU CI never launches GPUs'
test_fc_bias_norm_cuda_graph_reads_the_owned_vector (tests.test_engine_draft_tuning_integration.WalkTests.test_fc_bias_norm_cuda_graph_reads_the_owned_vector) ... skipped 'CUDA fused norm numerics; CPU CI never launches GPUs'
test_fc_bias_norm_preserves_fp32_addition_and_signed_weight (tests.test_engine_draft_tuning_integration.WalkTests.test_fc_bias_norm_preserves_fp32_addition_and_signed_weight) ... ok
test_position_alpha_and_forced_predecessor_are_used_in_the_actual_walk (tests.test_engine_draft_tuning_integration.WalkTests.test_position_alpha_and_forced_predecessor_are_used_in_the_actual_walk) ... ok
test_actual_proposal_masks_before_topk_and_sampled_q_matches_the_forced_pick (tests.test_engine_draft_tuning_integration.WiringTests.test_actual_proposal_masks_before_topk_and_sampled_q_matches_the_forced_pick) ... ok
test_capture_construction_binds_boundary_input_only_when_enabled (tests.test_engine_draft_tuning_integration.WiringTests.test_capture_construction_binds_boundary_input_only_when_enabled) ... ok
test_fc_bias_follows_decode_phase_even_with_shared_calibration (tests.test_engine_draft_tuning_integration.WiringTests.test_fc_bias_follows_decode_phase_even_with_shared_calibration) ... ok
test_packet_reuse_resets_to_empty_on_both_graph_entry_points (tests.test_engine_draft_tuning_integration.WiringTests.test_packet_reuse_resets_to_empty_on_both_graph_entry_points) ... ok
test_preparation_requires_real_statistics_and_binds_only_draft_names (tests.test_engine_draft_tuning_integration.WiringTests.test_preparation_requires_real_statistics_and_binds_only_draft_names) ... ok
test_projection_precision_reaches_greedy_sampled_and_batched_paths (tests.test_engine_draft_tuning_integration.WiringTests.test_projection_precision_reaches_greedy_sampled_and_batched_paths) ... ok
test_trace_collection_cannot_run_ahead_and_overwrite_its_proposal (tests.test_engine_draft_tuning_integration.WiringTests.test_trace_collection_cannot_run_ahead_and_overwrite_its_proposal) ... ok
test_combined_fp8_is_declared_and_both_packs_are_sent_to_compaction (tests.test_engine_drafter_storage.DrafterStorageTests.test_combined_fp8_is_declared_and_both_packs_are_sent_to_compaction) ... ok
test_context_phase_survives_early_projection_and_short_commits (tests.test_engine_drafter_storage.DrafterStorageTests.test_context_phase_survives_early_projection_and_short_commits) ... ok
test_fused_context_norm_is_owned_by_the_declared_compact_region (tests.test_engine_drafter_storage.DrafterStorageTests.test_fused_context_norm_is_owned_by_the_declared_compact_region) ... ok
test_layout_removes_raw_projections_and_reserves_only_live_readers (tests.test_engine_drafter_storage.DrafterStorageTests.test_layout_removes_raw_projections_and_reserves_only_live_readers) ... ok
test_packed_reservation_fits_folded_and_unfolded_metadata (tests.test_engine_drafter_storage.DrafterStorageTests.test_packed_reservation_fits_folded_and_unfolded_metadata) ... ok
test_precision_selection_covers_supported_rows_and_context_prefill (tests.test_engine_drafter_storage.DrafterStorageTests.test_precision_selection_covers_supported_rows_and_context_prefill) ... ok
test_prepare_uses_the_declared_precision_and_refuses_oversized_blocks (tests.test_engine_drafter_storage.DrafterStorageTests.test_prepare_uses_the_declared_precision_and_refuses_oversized_blocks) ... ok
test_arms_are_independent_and_combined_mode_is_explicit (tests.test_engine_draft_acceptance.DraftAcceptanceTests.test_arms_are_independent_and_combined_mode_is_explicit) ... ok
test_async_and_bounded_serving_retire_diagnostics_once_without_changing_tokens (tests.test_engine_draft_acceptance.DraftAcceptanceTests.test_async_and_bounded_serving_retire_diagnostics_once_without_changing_tokens) ... ok
test_combined_mode_calibrates_executed_fp8_and_preserves_shared_packs (tests.test_engine_draft_acceptance.DraftAcceptanceTests.test_combined_mode_calibrates_executed_fp8_and_preserves_shared_packs) ... ok
test_committed_decode_mask_cannot_be_a_weight_or_broadcast_across_rows (tests.test_engine_draft_acceptance.DraftAcceptanceTests.test_committed_decode_mask_cannot_be_a_weight_or_broadcast_across_rows) ... ok
test_corrupt_local_or_peer_statistics_fail_all_ranks_instead_of_downgrading_to_rtn (tests.test_engine_draft_acceptance.DraftAcceptanceTests.test_corrupt_local_or_peer_statistics_fail_all_ranks_instead_of_downgrading_to_rtn) ... ok
test_decode_calibration_refuses_corruption_before_large_allocation (tests.test_engine_draft_acceptance.DraftAcceptanceTests.test_decode_calibration_refuses_corruption_before_large_allocation) ... ok
test_decode_collection_ignores_prefill_capture_and_rejected_rows_and_preserves_shared_blob (tests.test_engine_draft_acceptance.DraftAcceptanceTests.test_decode_collection_ignores_prefill_capture_and_rejected_rows_and_preserves_shared_blob) ... ok
test_diagnostic_release_drops_external_device_storage_and_sink (tests.test_engine_draft_acceptance.DraftAcceptanceTests.test_diagnostic_release_drops_external_device_storage_and_sink) ... ok
test_fc_fp8_reuses_its_pack_and_observes_exactly_once (tests.test_engine_draft_acceptance.DraftAcceptanceTests.test_fc_fp8_reuses_its_pack_and_observes_exactly_once) ... ok
test_first_rejection_covers_selection_support_eos_limits_and_inactive_rows (tests.test_engine_draft_acceptance.DraftAcceptanceTests.test_first_rejection_covers_selection_support_eos_limits_and_inactive_rows) ... ok
test_one_missing_rank_keeps_every_rank_on_collection_without_overwriting_ready_files (tests.test_engine_draft_acceptance.DraftAcceptanceTests.test_one_missing_rank_keeps_every_rank_on_collection_without_overwriting_ready_files) ... ok
test_only_w4_pack_uses_decode_calibration_fp8_keeps_shared_identity (tests.test_engine_draft_acceptance.DraftAcceptanceTests.test_only_w4_pack_uses_decode_calibration_fp8_keeps_shared_identity) ... ok
test_serving_boot_collects_missing_statistics_then_consumes_on_the_next_boot (tests.test_engine_draft_acceptance.DraftAcceptanceTests.test_serving_boot_collects_missing_statistics_then_consumes_on_the_next_boot) ... ok
test_slot_owned_candidates_and_host_recording_survive_reuse (tests.test_engine_draft_acceptance.DraftAcceptanceTests.test_slot_owned_candidates_and_host_recording_survive_reuse) ... ok

----------------------------------------------------------------------
Ran 60 tests in 0.842s

OK (skipped=3)
