waiting: pos 2/2, the fleet's prefill3300-routej8 holds this box too 2026-09-13_09:40:35
waiting: pos 2/3, the fleet's prefill3300-routej8 holds this box too 2026-09-13_09:42:04
waiting: pos 1/2, the fleet's prefill3300-routej8 holds this box too 2026-09-13_09:46:13
waiting: pos 1/3, the fleet's prefill3300-routej8 holds this box too 2026-09-13_09:51:37
waiting: pos 1/3 2026-09-13_09:53:06
GO st-gb10-scratch0913v2 2026-09-13_09:53:07
  single GPU: probes/engine_execution_plan_check.py on srv4 (tree ~/st-probe-tree, image st-engine:glm53, budget 8 GiB beside production, no fleet lease)
test_concurrent_projection_preserves_outputs_and_rearms_counters (tests.test_engine_execution_plan_cuda.PrivateWorkspaceTests.test_concurrent_projection_preserves_outputs_and_rearms_counters) ... ok

----------------------------------------------------------------------
Ran 1 test in 66.204s

OK
Traceback (most recent call last):
  File "/repo/probes/engine_execution_plan_check.py", line 59, in <module>
    main()
  File "/repo/probes/engine_execution_plan_check.py", line 55, in main
    "source_sha256": {p: hashlib.sha256(Path(p).read_bytes()).hexdigest() for p in files}}, indent=2)+"\n")
                                        ^^^^^^^^^^^^^^^^^^^^
  File "/usr/lib/python3.12/pathlib.py", line 1021, in read_bytes
    with self.open(mode='rb') as f:
         ^^^^^^^^^^^^^^^^^^^^
  File "/usr/lib/python3.12/pathlib.py", line 1015, in open
    return io.open(self, mode, buffering, encoding, errors, newline)
           ^^^^^^^^^^^^^^^^^^^^^^^^^^^^^^^^^^^^^^^^^^^^^^^^^^^^^^^^^
FileNotFoundError: [Errno 2] No such file or directory: 'engine/profiles/glm53/execution.py'
