srv1:31:31 [0] NCCL INFO ENV/Plugin: Could not find: libnccl-env.so
srv1:31:31 [0] NCCL INFO cudaDriverVersion 13000
srv1:31:31 [0] NCCL INFO NCCL_SOCKET_IFNAME set to enp1s0f0np0
srv1:31:31 [0] NCCL INFO NCCL version 2.29.7+cuda13.2
srv1:31:31 [0] NCCL INFO NCCL git version stable b81d6a5a3
srv1:31:31 [0] NCCL INFO NET/Plugin: Could not find: libnccl-net.so
srv1:31:31 [0] NCCL INFO dlvsym failed on mlx5dv_get_data_direct_sysfs_path - /usr/lib/aarch64-linux-gnu/libmlx5.so: undefined symbol: mlx5dv_get_data_direct_sysfs_path, version MLX5_1.25 version MLX5_1.25
srv1:31:31 [0] NCCL INFO dlvsym failed on mlx5dv_reg_dmabuf_mr - /usr/lib/aarch64-linux-gnu/libmlx5.so: undefined symbol: mlx5dv_reg_dmabuf_mr, version MLX5_1.25 version MLX5_1.25
srv1:31:31 [0] NCCL INFO NCCL_IB_HCA set to rocep1s0f0,roceP2p1s0f0
srv1:31:31 [0] NCCL INFO NET/IB: [0] rocep1s0f0:uverbs0:1/RoCE provider=Mlx5 speed=200000 context=0x29315f60 pciPath=/sys/devices/pci0000:00/0000:00:00.0/0000:01:00.0 ar=0
srv1:31:31 [0] NCCL INFO NET/IB: [2] roceP2p1s0f0:uverbs2:1/RoCE provider=Mlx5 speed=200000 context=0x29357660 pciPath=/sys/devices/pci0002:00/0002:00:00.0/0002:01:00.0 ar=0
srv1:31:31 [0] NCCL INFO NET/IB : Made virtual device [0] name=rocep1s0f0 speed=200000 ndevs=1
srv1:31:31 [0] NCCL INFO NET/IB : Made virtual device [1] name=roceP2p1s0f0 speed=200000 ndevs=1
srv1:31:31 [0] NCCL INFO NET/IB : Using [0]rocep1s0f0:1/RoCE [1]roceP2p1s0f0:1/RoCE [RO]; OOB enp1s0f0np0:10.10.10.1<0>
srv1:31:31 [0] NCCL INFO Initialized NET plugin IB
srv1:31:31 [0] NCCL INFO Assigned NET plugin IB to comm
srv1:31:31 [0] NCCL INFO GIN/Plugin: Could not find: libnccl-gin.so
srv1:31:31 [0] NCCL INFO Assigned GIN plugin GIN_IB_GDAKI to comm
srv1:31:31 [0] NCCL INFO Assigned RMA plugin GIN_IB_PROXY to comm
srv1:31:31 [0] NCCL INFO Using network IB
srv1:31:31 [0] NCCL INFO [Rank 1] ncclCommInitRankConfig comm 0x278f0ac0 rank 1 nranks 4 cudaDev 0 nvmlDev 0 busId f01000 commId 0x5b0c65046d7e5d07 - Init START
srv1:31:31 [0] NCCL INFO RAS client listening socket at 127.0.0.1<28028>
srv1:31:31 [0] NCCL INFO NCCL_P2P_LEVEL set by environment to SYS
srv1:31:31 [0] NCCL INFO Topology detection : could not read /sys/devices/system/node/node-1/cpumap, ignoring
srv1:31:31 [0] NCCL INFO TOPO/NET : Importing network plugins to topology
srv1:31:31 [0] NCCL INFO Topology detection : could not read /sys/devices/system/node/node-1/cpumap, ignoring
srv1:31:31 [0] NCCL INFO NET/GIN_IB_GDAKI : GPU Direct RDMA Disabled for HCA 0 'rocep1s0f0'
srv1:31:31 [0] NCCL INFO ncclTopoPopulateNics : Filled rocep1s0f0 in topo with pciPath=/sys/devices/pci0000:00/0000:00:00.0/0000:01:00.0 net=0 gin=1 keep=1 coll=(null)
srv1:31:31 [0] NCCL INFO Topology detection : could not read /sys/devices/system/node/node-1/cpumap, ignoring
srv1:31:31 [0] NCCL INFO NET/GIN_IB_GDAKI : GPU Direct RDMA Disabled for HCA 1 'roceP2p1s0f0'
srv1:31:31 [0] NCCL INFO ncclTopoPopulateNics : Filled roceP2p1s0f0 in topo with pciPath=/sys/devices/pci0002:00/0002:00:00.0/0002:01:00.0 net=0 gin=1 keep=1 coll=(null)
srv1:31:31 [0] NCCL INFO NET/IB : GPU Direct RDMA Disabled for HCA 0 'rocep1s0f0'
srv1:31:31 [0] NCCL INFO ncclTopoPopulateNics : Filled rocep1s0f0 in topo with pciPath=/sys/devices/pci0000:00/0000:00:00.0/0000:01:00.0 net=1 gin=1 keep=1 coll=(null)
srv1:31:31 [0] NCCL INFO NET/IB : GPU Direct RDMA Disabled for HCA 1 'roceP2p1s0f0'
srv1:31:31 [0] NCCL INFO ncclTopoPopulateNics : Filled roceP2p1s0f0 in topo with pciPath=/sys/devices/pci0002:00/0002:00:00.0/0002:01:00.0 net=1 gin=1 keep=1 coll=(null)
srv1:31:31 [0] NCCL INFO === System : maxBw 12.0 totalBw 3.0 ===
srv1:31:31 [0] NCCL INFO CPU/0-ffffffffffffff (3/-1/-1)
srv1:31:31 [0] NCCL INFO + C2C[345.0] - GPU/0-f01000
srv1:31:31 [0] NCCL INFO + PCI[12.0] - NIC/0-1000
srv1:31:31 [0] NCCL INFO               + NET[25.0] - NET/0-0 (0/6ff9bb000399c530/1/25.000000)
srv1:31:31 [0] NCCL INFO               + NET[25.0] - GIN/0-0
srv1:31:31 [0] NCCL INFO + PCI[12.0] - NIC/0-201000
srv1:31:31 [0] NCCL INFO               + NET[25.0] - NET/0-1 (0/6ff9bb000399c530/1/25.000000)
srv1:31:31 [0] NCCL INFO               + NET[25.0] - GIN/0-1
srv1:31:31 [0] NCCL INFO + PCI[3.0] - GPU/0-f01000 (1)
srv1:31:31 [0] NCCL INFO              + C2C[345.0] - CPU/0-ffffffffffffff
srv1:31:31 [0] NCCL INFO ==========================================
srv1:31:31 [0] NCCL INFO GPU/0-f01000 :GPU/0-f01000 (0/5000.0/LOC) CPU/0-ffffffffffffff (1/345.0/C2C) NET/0-0 (3/12.0/P2C) NET/0-1 (3/12.0/P2C) GIN/0-0 (3/12.0/PHB) GIN/0-1 (3/12.0/PHB) 
srv1:31:31 [0] NCCL INFO NET/0-0 :GPU/0-f01000 (3/12.0/P2C) CPU/0-ffffffffffffff (2/12.0/PHB) NET/0-0 (0/5000.0/LOC) NET/0-1 (4/12.0/PHB) GIN/0-0 (2/25.0/LOC) GIN/0-1 (4/12.0/PHB) 
srv1:31:31 [0] NCCL INFO NET/0-1 :GPU/0-f01000 (3/12.0/P2C) CPU/0-ffffffffffffff (2/12.0/PHB) NET/0-0 (4/12.0/PHB) NET/0-1 (0/5000.0/LOC) GIN/0-0 (4/12.0/PHB) GIN/0-1 (2/25.0/LOC) 
srv1:31:31 [0] NCCL INFO GIN/0-0 :GPU/0-f01000 (3/12.0/PHB) CPU/0-ffffffffffffff (2/12.0/PHB) NET/0-0 (2/25.0/LOC) NET/0-1 (4/12.0/PHB) GIN/0-0 (0/5000.0/LOC) GIN/0-1 (4/12.0/PHB) 
srv1:31:31 [0] NCCL INFO GIN/0-1 :GPU/0-f01000 (3/12.0/PHB) CPU/0-ffffffffffffff (2/12.0/PHB) NET/0-0 (4/12.0/PHB) NET/0-1 (2/25.0/LOC) GIN/0-0 (4/12.0/PHB) GIN/0-1 (0/5000.0/LOC) 
srv1:31:31 [0] NCCL INFO ncclTopoGetCpuAffinity: Affinity for GPU 0 is empty, ignoring. (GPU affinity = ).
srv1:31:31 [0] NCCL INFO Pattern 4, crossNic 1, nChannels 8, bw 3.000000/3.000000, type LOC/P2C, sameChannels 1
srv1:31:31 [0] NCCL INFO  0 : NET/0-0 GPU/0-f01000 NET/0-0
srv1:31:31 [0] NCCL INFO  1 : NET/0-1 GPU/0-f01000 NET/0-0
srv1:31:31 [0] NCCL INFO  2 : NET/0-0 GPU/0-f01000 NET/0-0
srv1:31:31 [0] NCCL INFO  3 : NET/0-1 GPU/0-f01000 NET/0-0
srv1:31:31 [0] NCCL INFO  4 : NET/0-0 GPU/0-f01000 NET/0-1
srv1:31:31 [0] NCCL INFO  5 : NET/0-1 GPU/0-f01000 NET/0-1
srv1:31:31 [0] NCCL INFO  6 : NET/0-0 GPU/0-f01000 NET/0-1
srv1:31:31 [0] NCCL INFO  7 : NET/0-1 GPU/0-f01000 NET/0-1
srv1:31:31 [0] NCCL INFO Pattern 3, crossNic 1, nChannels 8, bw 1.200000/0.240000, type LOC/P2C, sameChannels 1
srv1:31:31 [0] NCCL INFO  0 : NET/0-0 GPU/0-f01000 NET/0-0
srv1:31:31 [0] NCCL INFO  1 : NET/0-1 GPU/0-f01000 NET/0-1
srv1:31:31 [0] NCCL INFO  2 : NET/0-0 GPU/0-f01000 NET/0-0
srv1:31:31 [0] NCCL INFO  3 : NET/0-1 GPU/0-f01000 NET/0-1
srv1:31:31 [0] NCCL INFO  4 : NET/0-0 GPU/0-f01000 NET/0-0
srv1:31:31 [0] NCCL INFO  5 : NET/0-1 GPU/0-f01000 NET/0-1
srv1:31:31 [0] NCCL INFO  6 : NET/0-0 GPU/0-f01000 NET/0-0
srv1:31:31 [0] NCCL INFO  7 : NET/0-1 GPU/0-f01000 NET/0-1
srv1:31:31 [0] NCCL INFO comm 0x278f0ac0 rank 1 nRanks 4 nNodes 4 localRanks 1 localRank 0 MNNVL 0
srv1:31:31 [0] NCCL INFO Tree 0 : 2 -> 1 -> -1/-1/-1
srv1:31:31 [0] NCCL INFO Tree 8 : 3 -> 1 -> 2/0/-1
srv1:31:31 [0] NCCL INFO Tree 1 : 2 -> 1 -> -1/-1/-1
srv1:31:31 [0] NCCL INFO Tree 9 : 3 -> 1 -> 2/0/-1
srv1:31:31 [0] NCCL INFO Tree 2 : 2 -> 1 -> -1/-1/-1
srv1:31:31 [0] NCCL INFO Tree 10 : 3 -> 1 -> 2/0/-1
srv1:31:31 [0] NCCL INFO Tree 3 : 2 -> 1 -> -1/-1/-1
srv1:31:31 [0] NCCL INFO Tree 11 : 3 -> 1 -> 2/0/-1
srv1:31:31 [0] NCCL INFO Tree 4 : 2 -> 1 -> -1/-1/-1
srv1:31:31 [0] NCCL INFO Tree 12 : 3 -> 1 -> 2/0/-1
srv1:31:31 [0] NCCL INFO Tree 5 : 2 -> 1 -> -1/-1/-1
srv1:31:31 [0] NCCL INFO Tree 13 : 3 -> 1 -> 2/0/-1
srv1:31:31 [0] NCCL INFO Tree 6 : 2 -> 1 -> -1/-1/-1
srv1:31:31 [0] NCCL INFO Tree 14 : 3 -> 1 -> 2/0/-1
srv1:31:31 [0] NCCL INFO Tree 7 : 2 -> 1 -> -1/-1/-1
srv1:31:31 [0] NCCL INFO Tree 15 : 3 -> 1 -> 2/0/-1
srv1:31:31 [0] NCCL INFO Ring 00 : 0 -> 1 -> 2
srv1:31:31 [0] NCCL INFO Ring 01 : 0 -> 1 -> 2
srv1:31:31 [0] NCCL INFO Ring 02 : 0 -> 1 -> 2
srv1:31:31 [0] NCCL INFO Ring 03 : 0 -> 1 -> 2
srv1:31:31 [0] NCCL INFO Ring 04 : 0 -> 1 -> 2
srv1:31:31 [0] NCCL INFO Ring 05 : 0 -> 1 -> 2
srv1:31:31 [0] NCCL INFO Ring 06 : 0 -> 1 -> 2
srv1:31:31 [0] NCCL INFO Ring 07 : 0 -> 1 -> 2
srv1:31:31 [0] NCCL INFO Ring 08 : 0 -> 1 -> 2
srv1:31:31 [0] NCCL INFO Ring 09 : 0 -> 1 -> 2
srv1:31:31 [0] NCCL INFO Ring 10 : 0 -> 1 -> 2
srv1:31:31 [0] NCCL INFO Ring 11 : 0 -> 1 -> 2
srv1:31:31 [0] NCCL INFO Ring 12 : 0 -> 1 -> 2
srv1:31:31 [0] NCCL INFO Ring 13 : 0 -> 1 -> 2
srv1:31:31 [0] NCCL INFO Ring 14 : 0 -> 1 -> 2
srv1:31:31 [0] NCCL INFO Ring 15 : 0 -> 1 -> 2
srv1:31:31 [0] NCCL INFO Trees [0] -1/-1/-1->1->2 [1] -1/-1/-1->1->2 [2] -1/-1/-1->1->2 [3] -1/-1/-1->1->2 [4] -1/-1/-1->1->2 [5] -1/-1/-1->1->2 [6] -1/-1/-1->1->2 [7] -1/-1/-1->1->2 [8] 2/0/-1->1->3 [9] 2/0/-1->1->3 [10] 2/0/-1->1->3 [11] 2/0/-1->1->3 [12] 2/0/-1->1->3 [13] 2/0/-1->1->3 [14] 2/0/-1->1->3 [15] 2/0/-1->1->3
srv1:31:31 [0] NCCL INFO P2P Chunksize set to 262144
srv1:31:31 [0] NCCL INFO PROFILER/Plugin: Could not find: libnccl-profiler.so
srv1:31:31 [0] NCCL INFO Check P2P Type isAllDirectP2p 1 directMode 0 isAllCudaP2p 1
srv1:31:31 [0] NCCL INFO ncclP2pSchedule: group size used is 1
srv1:31:42 [0] NCCL INFO [Proxy Service] Device 0 CPU core 1
srv1:31:43 [0] NCCL INFO [Proxy Service UDS] Device 0 CPU core 4
srv1:31:42 [0] NCCL INFO New proxy recv connection 0 from local rank 0, transport 2
srv1:31:31 [0] NCCL INFO Connected to proxy localRank 0 -> connection 0xf9c02c004f70
srv1:31:44 [0] NCCL INFO [Proxy Progress] Device 0 CPU core 6
srv1:31:31 [0] NCCL INFO Channel 00/0 : 0[0] -> 1[0] [receive] via NET/IB/0
srv1:31:42 [0] NCCL INFO New proxy recv connection 1 from local rank 0, transport 2
srv1:31:31 [0] NCCL INFO Connected to proxy localRank 0 -> connection 0xf9c02c004ff8
srv1:31:31 [0] NCCL INFO Channel 01/0 : 0[0] -> 1[0] [receive] via NET/IB/1
srv1:31:42 [0] NCCL INFO New proxy recv connection 2 from local rank 0, transport 2
srv1:31:31 [0] NCCL INFO Connected to proxy localRank 0 -> connection 0xf9c02c005080
srv1:31:31 [0] NCCL INFO Channel 02/0 : 0[0] -> 1[0] [receive] via NET/IB/0
srv1:31:42 [0] NCCL INFO New proxy recv connection 3 from local rank 0, transport 2
srv1:31:31 [0] NCCL INFO Connected to proxy localRank 0 -> connection 0xf9c02c005108
srv1:31:31 [0] NCCL INFO Channel 03/0 : 0[0] -> 1[0] [receive] via NET/IB/1
srv1:31:42 [0] NCCL INFO New proxy recv connection 4 from local rank 0, transport 2
srv1:31:31 [0] NCCL INFO Connected to proxy localRank 0 -> connection 0xf9c02c005190
srv1:31:31 [0] NCCL INFO Channel 04/0 : 0[0] -> 1[0] [receive] via NET/IB/0
srv1:31:42 [0] NCCL INFO New proxy recv connection 5 from local rank 0, transport 2
srv1:31:31 [0] NCCL INFO Connected to proxy localRank 0 -> connection 0xf9c02c005218
srv1:31:31 [0] NCCL INFO Channel 05/0 : 0[0] -> 1[0] [receive] via NET/IB/1
srv1:31:42 [0] NCCL INFO New proxy recv connection 6 from local rank 0, transport 2
srv1:31:31 [0] NCCL INFO Connected to proxy localRank 0 -> connection 0xf9c02c0052a0
srv1:31:31 [0] NCCL INFO Channel 06/0 : 0[0] -> 1[0] [receive] via NET/IB/0
srv1:31:42 [0] NCCL INFO New proxy recv connection 7 from local rank 0, transport 2
srv1:31:31 [0] NCCL INFO Connected to proxy localRank 0 -> connection 0xf9c02c005328
srv1:31:31 [0] NCCL INFO Channel 07/0 : 0[0] -> 1[0] [receive] via NET/IB/1
srv1:31:42 [0] NCCL INFO New proxy recv connection 8 from local rank 0, transport 2
srv1:31:31 [0] NCCL INFO Connected to proxy localRank 0 -> connection 0xf9c02c0053b0
srv1:31:31 [0] NCCL INFO Channel 08/0 : 0[0] -> 1[0] [receive] via NET/IB/0
srv1:31:42 [0] NCCL INFO New proxy recv connection 9 from local rank 0, transport 2
srv1:31:31 [0] NCCL INFO Connected to proxy localRank 0 -> connection 0xf9c02c005438
srv1:31:31 [0] NCCL INFO Channel 09/0 : 0[0] -> 1[0] [receive] via NET/IB/1
srv1:31:42 [0] NCCL INFO New proxy recv connection 10 from local rank 0, transport 2
srv1:31:31 [0] NCCL INFO Connected to proxy localRank 0 -> connection 0xf9c02c0054c0
srv1:31:31 [0] NCCL INFO Channel 10/0 : 0[0] -> 1[0] [receive] via NET/IB/0
srv1:31:42 [0] NCCL INFO New proxy recv connection 11 from local rank 0, transport 2
srv1:31:31 [0] NCCL INFO Connected to proxy localRank 0 -> connection 0xf9c02c005548
srv1:31:31 [0] NCCL INFO Channel 11/0 : 0[0] -> 1[0] [receive] via NET/IB/1
srv1:31:42 [0] NCCL INFO New proxy recv connection 12 from local rank 0, transport 2
srv1:31:31 [0] NCCL INFO Connected to proxy localRank 0 -> connection 0xf9c02c0055d0
srv1:31:31 [0] NCCL INFO Channel 12/0 : 0[0] -> 1[0] [receive] via NET/IB/0
srv1:31:42 [0] NCCL INFO New proxy recv connection 13 from local rank 0, transport 2
srv1:31:31 [0] NCCL INFO Connected to proxy localRank 0 -> connection 0xf9c02c005658
srv1:31:31 [0] NCCL INFO Channel 13/0 : 0[0] -> 1[0] [receive] via NET/IB/1
srv1:31:42 [0] NCCL INFO New proxy recv connection 14 from local rank 0, transport 2
srv1:31:31 [0] NCCL INFO Connected to proxy localRank 0 -> connection 0xf9c02c0056e0
srv1:31:31 [0] NCCL INFO Channel 14/0 : 0[0] -> 1[0] [receive] via NET/IB/0
srv1:31:42 [0] NCCL INFO New proxy recv connection 15 from local rank 0, transport 2
srv1:31:31 [0] NCCL INFO Connected to proxy localRank 0 -> connection 0xf9c02c005768
srv1:31:31 [0] NCCL INFO Channel 15/0 : 0[0] -> 1[0] [receive] via NET/IB/1
srv1:31:42 [0] NCCL INFO New proxy send connection 16 from local rank 0, transport 2
srv1:31:31 [0] NCCL INFO Connected to proxy localRank 0 -> connection 0xf9c02c0057f0
srv1:31:31 [0] NCCL INFO Channel 00/0 : 1[0] -> 2[0] [send] via NET/IB/0
srv1:31:42 [0] NCCL INFO New proxy send connection 17 from local rank 0, transport 2
srv1:31:31 [0] NCCL INFO Connected to proxy localRank 0 -> connection 0xf9c02c005878
srv1:31:31 [0] NCCL INFO Channel 01/0 : 1[0] -> 2[0] [send] via NET/IB/1
srv1:31:42 [0] NCCL INFO New proxy send connection 18 from local rank 0, transport 2
srv1:31:31 [0] NCCL INFO Connected to proxy localRank 0 -> connection 0xf9c02c005900
srv1:31:31 [0] NCCL INFO Channel 02/0 : 1[0] -> 2[0] [send] via NET/IB/0
srv1:31:42 [0] NCCL INFO New proxy send connection 19 from local rank 0, transport 2
srv1:31:31 [0] NCCL INFO Connected to proxy localRank 0 -> connection 0xf9c02c005988
srv1:31:31 [0] NCCL INFO Channel 03/0 : 1[0] -> 2[0] [send] via NET/IB/1
srv1:31:42 [0] NCCL INFO New proxy send connection 20 from local rank 0, transport 2
srv1:31:31 [0] NCCL INFO Connected to proxy localRank 0 -> connection 0xf9c02c005a10
srv1:31:31 [0] NCCL INFO Channel 04/0 : 1[0] -> 2[0] [send] via NET/IB/0
srv1:31:42 [0] NCCL INFO New proxy send connection 21 from local rank 0, transport 2
srv1:31:31 [0] NCCL INFO Connected to proxy localRank 0 -> connection 0xf9c02c005a98
srv1:31:31 [0] NCCL INFO Channel 05/0 : 1[0] -> 2[0] [send] via NET/IB/1
srv1:31:42 [0] NCCL INFO New proxy send connection 22 from local rank 0, transport 2
srv1:31:31 [0] NCCL INFO Connected to proxy localRank 0 -> connection 0xf9c02c005b20
srv1:31:31 [0] NCCL INFO Channel 06/0 : 1[0] -> 2[0] [send] via NET/IB/0
srv1:31:42 [0] NCCL INFO New proxy send connection 23 from local rank 0, transport 2
srv1:31:31 [0] NCCL INFO Connected to proxy localRank 0 -> connection 0xf9c02c005ba8
srv1:31:31 [0] NCCL INFO Channel 07/0 : 1[0] -> 2[0] [send] via NET/IB/1
srv1:31:42 [0] NCCL INFO New proxy send connection 24 from local rank 0, transport 2
srv1:31:31 [0] NCCL INFO Connected to proxy localRank 0 -> connection 0xf9c02c005c30
srv1:31:31 [0] NCCL INFO Channel 08/0 : 1[0] -> 2[0] [send] via NET/IB/0
srv1:31:42 [0] NCCL INFO New proxy send connection 25 from local rank 0, transport 2
srv1:31:31 [0] NCCL INFO Connected to proxy localRank 0 -> connection 0xf9c02c005cb8
srv1:31:31 [0] NCCL INFO Channel 09/0 : 1[0] -> 2[0] [send] via NET/IB/1
srv1:31:42 [0] NCCL INFO New proxy send connection 26 from local rank 0, transport 2
srv1:31:31 [0] NCCL INFO Connected to proxy localRank 0 -> connection 0xf9c02c005d40
srv1:31:31 [0] NCCL INFO Channel 10/0 : 1[0] -> 2[0] [send] via NET/IB/0
srv1:31:42 [0] NCCL INFO New proxy send connection 27 from local rank 0, transport 2
srv1:31:31 [0] NCCL INFO Connected to proxy localRank 0 -> connection 0xf9c02c005dc8
srv1:31:31 [0] NCCL INFO Channel 11/0 : 1[0] -> 2[0] [send] via NET/IB/1
srv1:31:42 [0] NCCL INFO New proxy send connection 28 from local rank 0, transport 2
srv1:31:31 [0] NCCL INFO Connected to proxy localRank 0 -> connection 0xf9c02c005e50
srv1:31:31 [0] NCCL INFO Channel 12/0 : 1[0] -> 2[0] [send] via NET/IB/0
srv1:31:42 [0] NCCL INFO New proxy send connection 29 from local rank 0, transport 2
srv1:31:31 [0] NCCL INFO Connected to proxy localRank 0 -> connection 0xf9c02c005ed8
srv1:31:31 [0] NCCL INFO Channel 13/0 : 1[0] -> 2[0] [send] via NET/IB/1
srv1:31:42 [0] NCCL INFO New proxy send connection 30 from local rank 0, transport 2
srv1:31:31 [0] NCCL INFO Connected to proxy localRank 0 -> connection 0xf9c02c005f60
srv1:31:31 [0] NCCL INFO Channel 14/0 : 1[0] -> 2[0] [send] via NET/IB/0
srv1:31:42 [0] NCCL INFO New proxy send connection 31 from local rank 0, transport 2
srv1:31:31 [0] NCCL INFO Connected to proxy localRank 0 -> connection 0xf9c02c005fe8
srv1:31:31 [0] NCCL INFO Channel 15/0 : 1[0] -> 2[0] [send] via NET/IB/1
srv1:31:42 [0] NCCL INFO NET/IB: ncclIbResiliencyInit: Resiliency is disabled on the send communicator (comm=0xf9c02c018000)
srv1:31:42 [0] NCCL INFO NET/IB: ncclIbResiliencyInit: Resiliency is disabled on the recv communicator (comm=0xf9c02c053000)
srv1:31:42 [0] NCCL INFO NET/IB: ncclIbRecvCommInit: Receive work requests will be posted on-demand
srv1:31:42 [0] NCCL INFO NET/IB: ncclIbResiliencyInit: Resiliency is disabled on the send communicator (comm=0xf9c02c092000)
srv1:31:42 [0] NCCL INFO NET/IB: ncclIbSenderQpsCreate: QP created: port=1 dev=0 devName=rocep1s0f0 ndevs=2 nmdevs=2 qp_num=1940 pkey=0 pd=0xf9c02c017c80
srv1:31:42 [0] NCCL INFO NET/IB: ncclIbConnect: NCCL Dev 0 IbDev 0 Port 1 qp_num 1940 mtu 5 GID 3 (0/10A0A0AFFFF0000) ctsFifoRkey=0x17da9a ctsFifoLkey=0x17da9a
srv1:31:42 [0] NCCL INFO NET/IB: ncclIbConnect: IbDev 0 Port 1 qp_num 1940 query_ece={supported=1, vendor_id=0x15b3, options=0x30000002, comp_mask=0x0}
srv1:31:42 [0] NCCL INFO NET/IB: ncclIbResiliencyInit: Resiliency is disabled on the recv communicator (comm=0xf9c02c109000)
srv1:31:42 [0] NCCL INFO NET/IB: ncclIbRecvCommInit: Receive work requests will be posted on-demand
srv1:31:42 [0] NCCL INFO NET/IB: ncclIbResiliencyInit: Resiliency is disabled on the send communicator (comm=0xf9c02c148000)
srv1:31:42 [0] NCCL INFO NET/IB: ncclIbReceiverQpsCreateToRts: QP created: port=1 dev=0 devName=rocep1s0f0 ndevs=2 nmdevs=2 qp_num=1941 pkey=0 pd=0xf9c02c017c80
srv1:31:42 [0] NCCL INFO NET/IB: ncclIbReceiverQpsCreateToRts: QP created: port=1 dev=0 devName=rocep1s0f0 ndevs=2 nmdevs=2 qp_num=1942 pkey=0 pd=0xf9c02c017c80
srv1:31:42 [0] NCCL INFO NET/IB: ncclIbReceiverQpsCreateToRts: QP created: port=1 dev=1 devName=roceP2p1s0f0 ndevs=2 nmdevs=2 qp_num=2062 pkey=0 pd=0xf9c02c0dff90
srv1:31:42 [0] NCCL INFO NET/IB: ncclIbReceiverQpsCreateToRts: QP created: port=1 dev=1 devName=roceP2p1s0f0 ndevs=2 nmdevs=2 qp_num=2063 pkey=0 pd=0xf9c02c0dff90
srv1:31:42 [0] NCCL INFO NET/IB: ncclIbResiliencyInit: Resiliency is disabled on the recv communicator (comm=0xf9c02c22d000)
srv1:31:42 [0] NCCL INFO NET/IB: ncclIbRecvCommInit: Receive work requests will be posted on-demand
srv1:31:42 [0] NCCL INFO NET/IB: ncclIbSenderQpsToRts: Set ECE: IbDev 0 Port 1 qp_num 1940 set_ece={supported=1, vendor_id=0x15b3, options=0x30000002, comp_mask=0x0}
srv1:31:42 [0] NCCL INFO NET/IB: ncclIbSenderQpsCreate: QP created: port=1 dev=1 devName=roceP2p1s0f0 ndevs=2 nmdevs=2 qp_num=2064 pkey=0 pd=0xf9c02c0dff90
srv1:31:42 [0] NCCL INFO NET/IB: ncclIbConnect: NCCL Dev 1 IbDev 1 Port 1 qp_num 2064 mtu 5 GID 3 (0/10B0A0AFFFF0000) ctsFifoRkey=0x19b6b3 ctsFifoLkey=0x19b6b3
srv1:31:42 [0] NCCL INFO NET/IB: ncclIbConnect: IbDev 1 Port 1 qp_num 2064 query_ece={supported=1, vendor_id=0x15b3, options=0x30000002, comp_mask=0x0}
srv1:31:42 [0] NCCL INFO NET/IB: ncclIbResiliencyInit: Resiliency is disabled on the send communicator (comm=0xf9c02c29c000)
srv1:31:42 [0] NCCL INFO NET/IB: ncclIbResiliencyInit: Resiliency is disabled on the recv communicator (comm=0xf9c02c2d7000)
srv1:31:42 [0] NCCL INFO NET/IB: ncclIbRecvCommInit: Receive work requests will be posted on-demand
srv1:31:42 [0] NCCL INFO NET/IB: ncclIbResiliencyInit: Resiliency is disabled on the send communicator (comm=0xf9c02c316000)
srv1:31:42 [0] NCCL INFO NET/IB: ncclIbResiliencyInit: Resiliency is disabled on the recv communicator (comm=0xf9c02c351000)
srv1:31:42 [0] NCCL INFO NET/IB: ncclIbRecvCommInit: Receive work requests will be posted on-demand
srv1:31:42 [0] NCCL INFO NET/IB: ncclIbResiliencyInit: Resiliency is disabled on the send communicator (comm=0xf9c02c390000)
srv1:31:42 [0] NCCL INFO NET/IB: ncclIbResiliencyInit: Resiliency is disabled on the recv communicator (comm=0xf9c02c3cb000)
srv1:31:42 [0] NCCL INFO NET/IB: ncclIbRecvCommInit: Receive work requests will be posted on-demand
srv1:31:42 [0] NCCL INFO NET/IB: ncclIbResiliencyInit: Resiliency is disabled on the send communicator (comm=0xf9c02c40a000)
srv1:31:42 [0] NCCL INFO NET/IB: ncclIbResiliencyInit: Resiliency is disabled on the recv communicator (comm=0xf9c02c445000)
srv1:31:42 [0] NCCL INFO NET/IB: ncclIbRecvCommInit: Receive work requests will be posted on-demand
srv1:31:42 [0] NCCL INFO NET/IB: ncclIbResiliencyInit: Resiliency is disabled on the send communicator (comm=0xf9c02c482000)
srv1:31:42 [0] NCCL INFO NET/IB: ncclIbResiliencyInit: Resiliency is disabled on the recv communicator (comm=0xf9c02c4bd000)
srv1:31:42 [0] NCCL INFO NET/IB: ncclIbRecvCommInit: Receive work requests will be posted on-demand
srv1:31:42 [0] NCCL INFO NET/IB: ncclIbResiliencyInit: Resiliency is disabled on the send communicator (comm=0xf9c02c4fc000)
srv1:31:42 [0] NCCL INFO NET/IB: ncclIbResiliencyInit: Resiliency is disabled on the recv communicator (comm=0xf9c02c537000)
srv1:31:42 [0] NCCL INFO NET/IB: ncclIbRecvCommInit: Receive work requests will be posted on-demand
srv1:31:42 [0] NCCL INFO NET/IB: ncclIbResiliencyInit: Resiliency is disabled on the send communicator (comm=0xf9c02c576000)
srv1:31:42 [0] NCCL INFO NET/IB: ncclIbResiliencyInit: Resiliency is disabled on the recv communicator (comm=0xf9c02c5b1000)
srv1:31:42 [0] NCCL INFO NET/IB: ncclIbRecvCommInit: Receive work requests will be posted on-demand
srv1:31:42 [0] NCCL INFO NET/IB: ncclIbResiliencyInit: Resiliency is disabled on the send communicator (comm=0xf9c02c5f0000)
srv1:31:42 [0] NCCL INFO NET/IB: ncclIbResiliencyInit: Resiliency is disabled on the recv communicator (comm=0xf9c02c62b000)
srv1:31:42 [0] NCCL INFO NET/IB: ncclIbRecvCommInit: Receive work requests will be posted on-demand
srv1:31:42 [0] NCCL INFO NET/IB: ncclIbResiliencyInit: Resiliency is disabled on the send communicator (comm=0xf9c02c66a000)
srv1:31:42 [0] NCCL INFO NET/IB: ncclIbResiliencyInit: Resiliency is disabled on the recv communicator (comm=0xf9c02c6a5000)
srv1:31:42 [0] NCCL INFO NET/IB: ncclIbRecvCommInit: Receive work requests will be posted on-demand
srv1:31:42 [0] NCCL INFO NET/IB: ncclIbResiliencyInit: Resiliency is disabled on the send communicator (comm=0xf9c02c6e4000)
srv1:31:42 [0] NCCL INFO NET/IB: ncclIbSenderQpsToRts: Set ECE: IbDev 1 Port 1 qp_num 2064 set_ece={supported=1, vendor_id=0x15b3, options=0x30000002, comp_mask=0x0}
srv1:31:42 [0] NCCL INFO NET/IB: ncclIbSenderQpsCreate: QP created: port=1 dev=0 devName=rocep1s0f0 ndevs=2 nmdevs=2 qp_num=1943 pkey=0 pd=0xf9c02c017c80
srv1:31:42 [0] NCCL INFO NET/IB: ncclIbConnect: NCCL Dev 0 IbDev 0 Port 1 qp_num 1943 mtu 5 GID 3 (0/10A0A0AFFFF0000) ctsFifoRkey=0x17e19f ctsFifoLkey=0x17e19f
srv1:31:42 [0] NCCL INFO NET/IB: ncclIbConnect: IbDev 0 Port 1 qp_num 1943 query_ece={supported=1, vendor_id=0x15b3, options=0x30000002, comp_mask=0x0}
srv1:31:42 [0] NCCL INFO NET/IB: ncclIbReceiverQpsCreateToRts: QP created: port=1 dev=0 devName=rocep1s0f0 ndevs=2 nmdevs=2 qp_num=1944 pkey=0 pd=0xf9c02c017c80
srv1:31:42 [0] NCCL INFO NET/IB: ncclIbReceiverQpsCreateToRts: QP created: port=1 dev=0 devName=rocep1s0f0 ndevs=2 nmdevs=2 qp_num=1945 pkey=0 pd=0xf9c02c017c80
srv1:31:42 [0] NCCL INFO NET/IB: ncclIbSenderQpsCreate: QP created: port=1 dev=1 devName=roceP2p1s0f0 ndevs=2 nmdevs=2 qp_num=2065 pkey=0 pd=0xf9c02c0dff90
srv1:31:42 [0] NCCL INFO NET/IB: ncclIbConnect: NCCL Dev 1 IbDev 1 Port 1 qp_num 2065 mtu 5 GID 3 (0/10B0A0AFFFF0000) ctsFifoRkey=0x192826 ctsFifoLkey=0x192826
srv1:31:42 [0] NCCL INFO NET/IB: ncclIbConnect: IbDev 1 Port 1 qp_num 2065 query_ece={supported=1, vendor_id=0x15b3, options=0x30000002, comp_mask=0x0}
srv1:31:42 [0] NCCL INFO NET/IB: ncclIbReceiverQpsCreateToRts: QP created: port=1 dev=1 devName=roceP2p1s0f0 ndevs=2 nmdevs=2 qp_num=2066 pkey=0 pd=0xf9c02c0dff90
srv1:31:42 [0] NCCL INFO NET/IB: ncclIbReceiverQpsCreateToRts: QP created: port=1 dev=1 devName=roceP2p1s0f0 ndevs=2 nmdevs=2 qp_num=2067 pkey=0 pd=0xf9c02c0dff90
srv1:31:42 [0] NCCL INFO NET/IB: ncclIbResiliencyInit: Resiliency is disabled on the recv communicator (comm=0xf9c02c821000)
srv1:31:42 [0] NCCL INFO NET/IB: ncclIbRecvCommInit: Receive work requests will be posted on-demand
srv1:31:42 [0] NCCL INFO NET/IB: ncclIbResiliencyInit: Resiliency is disabled on the send communicator (comm=0xf9c02c860000)
srv1:31:42 [0] NCCL INFO NET/IB: ncclIbReceiverQpsCreateToRts: QP created: port=1 dev=0 devName=rocep1s0f0 ndevs=2 nmdevs=2 qp_num=1946 pkey=0 pd=0xf9c02c017c80
srv1:31:42 [0] NCCL INFO NET/IB: ncclIbReceiverQpsCreateToRts: QP created: port=1 dev=0 devName=rocep1s0f0 ndevs=2 nmdevs=2 qp_num=1947 pkey=0 pd=0xf9c02c017c80
srv1:31:42 [0] NCCL INFO NET/IB: ncclIbResiliencyInit: Resiliency is disabled on the recv communicator (comm=0xf9c02c8eb000)
srv1:31:42 [0] NCCL INFO NET/IB: ncclIbRecvCommInit: Receive work requests will be posted on-demand
srv1:31:42 [0] NCCL INFO NET/IB: ncclIbResiliencyInit: Resiliency is disabled on the send communicator (comm=0xf9c02c92a000)
srv1:31:42 [0] NCCL INFO NET/IB: ncclIbResiliencyInit: Resiliency is disabled on the recv communicator (comm=0xf9c02c965000)
srv1:31:42 [0] NCCL INFO NET/IB: ncclIbRecvCommInit: Receive work requests will be posted on-demand
srv1:31:42 [0] NCCL INFO NET/IB: ncclIbResiliencyInit: Resiliency is disabled on the send communicator (comm=0xf9c02c9a4000)
srv1:31:42 [0] NCCL INFO NET/IB: ncclIbResiliencyInit: Resiliency is disabled on the recv communicator (comm=0xf9c02c9df000)
srv1:31:42 [0] NCCL INFO NET/IB: ncclIbRecvCommInit: Receive work requests will be posted on-demand
srv1:31:42 [0] NCCL INFO NET/IB: ncclIbSenderQpsToRts: Set ECE: IbDev 0 Port 1 qp_num 1943 set_ece={supported=1, vendor_id=0x15b3, options=0x30000002, comp_mask=0x0}
srv1:31:42 [0] NCCL INFO NET/IB: ncclIbSenderQpsToRts: Set ECE: IbDev 1 Port 1 qp_num 2065 set_ece={supported=1, vendor_id=0x15b3, options=0x30000002, comp_mask=0x0}
srv1:31:42 [0] NCCL INFO NET/IB: ncclIbSenderQpsCreate: QP created: port=1 dev=0 devName=rocep1s0f0 ndevs=2 nmdevs=2 qp_num=1948 pkey=0 pd=0xf9c02c017c80
srv1:31:42 [0] NCCL INFO NET/IB: ncclIbConnect: NCCL Dev 0 IbDev 0 Port 1 qp_num 1948 mtu 5 GID 3 (0/10A0A0AFFFF0000) ctsFifoRkey=0x17b976 ctsFifoLkey=0x17b976
srv1:31:42 [0] NCCL INFO NET/IB: ncclIbConnect: IbDev 0 Port 1 qp_num 1948 query_ece={supported=1, vendor_id=0x15b3, options=0x30000002, comp_mask=0x0}
srv1:31:42 [0] NCCL INFO NET/IB: ncclIbSenderQpsCreate: QP created: port=1 dev=1 devName=roceP2p1s0f0 ndevs=2 nmdevs=2 qp_num=2068 pkey=0 pd=0xf9c02c0dff90
srv1:31:42 [0] NCCL INFO NET/IB: ncclIbConnect: NCCL Dev 1 IbDev 1 Port 1 qp_num 2068 mtu 5 GID 3 (0/10B0A0AFFFF0000) ctsFifoRkey=0x1ca18a ctsFifoLkey=0x1ca18a
srv1:31:42 [0] NCCL INFO NET/IB: ncclIbConnect: IbDev 1 Port 1 qp_num 2068 query_ece={supported=1, vendor_id=0x15b3, options=0x30000002, comp_mask=0x0}
srv1:31:42 [0] NCCL INFO NET/IB: ncclIbSenderQpsCreate: QP created: port=1 dev=0 devName=rocep1s0f0 ndevs=2 nmdevs=2 qp_num=1949 pkey=0 pd=0xf9c02c017c80
srv1:31:42 [0] NCCL INFO NET/IB: ncclIbConnect: NCCL Dev 0 IbDev 0 Port 1 qp_num 1949 mtu 5 GID 3 (0/10A0A0AFFFF0000) ctsFifoRkey=0x17ae6a ctsFifoLkey=0x17ae6a
srv1:31:42 [0] NCCL INFO NET/IB: ncclIbConnect: IbDev 0 Port 1 qp_num 1949 query_ece={supported=1, vendor_id=0x15b3, options=0x30000002, comp_mask=0x0}
srv1:31:42 [0] NCCL INFO NET/IB: ncclIbSenderQpsToRts: Set ECE: IbDev 1 Port 1 qp_num 2068 set_ece={supported=1, vendor_id=0x15b3, options=0x30000002, comp_mask=0x0}
srv1:31:42 [0] NCCL INFO NET/IB: ncclIbSenderQpsToRts: Set ECE: IbDev 0 Port 1 qp_num 1949 set_ece={supported=1, vendor_id=0x15b3, options=0x30000002, comp_mask=0x0}
srv1:31:42 [0] NCCL INFO NET/IB: ncclIbSenderQpsCreate: QP created: port=1 dev=1 devName=roceP2p1s0f0 ndevs=2 nmdevs=2 qp_num=2069 pkey=0 pd=0xf9c02c0dff90
srv1:31:42 [0] NCCL INFO NET/IB: ncclIbConnect: NCCL Dev 1 IbDev 1 Port 1 qp_num 2069 mtu 5 GID 3 (0/10B0A0AFFFF0000) ctsFifoRkey=0x19bcb9 ctsFifoLkey=0x19bcb9
srv1:31:42 [0] NCCL INFO NET/IB: ncclIbConnect: IbDev 1 Port 1 qp_num 2069 query_ece={supported=1, vendor_id=0x15b3, options=0x30000002, comp_mask=0x0}
srv1:31:42 [0] NCCL INFO NET/IB: ncclIbSenderQpsToRts: Set ECE: IbDev 0 Port 1 qp_num 1948 set_ece={supported=1, vendor_id=0x15b3, options=0x30000002, comp_mask=0x0}
srv1:31:42 [0] NCCL INFO NET/IB: ncclIbReceiverQpsCreateToRts: QP created: port=1 dev=1 devName=roceP2p1s0f0 ndevs=2 nmdevs=2 qp_num=2070 pkey=0 pd=0xf9c02c0dff90
srv1:31:42 [0] NCCL INFO NET/IB: ncclIbReceiverQpsCreateToRts: QP created: port=1 dev=1 devName=roceP2p1s0f0 ndevs=2 nmdevs=2 qp_num=2071 pkey=0 pd=0xf9c02c0dff90
srv1:31:42 [0] NCCL INFO NET/IB: ncclIbReceiverQpsCreateToRts: QP created: port=1 dev=0 devName=rocep1s0f0 ndevs=2 nmdevs=2 qp_num=1950 pkey=0 pd=0xf9c02c017c80
srv1:31:42 [0] NCCL INFO NET/IB: ncclIbReceiverQpsCreateToRts: QP created: port=1 dev=0 devName=rocep1s0f0 ndevs=2 nmdevs=2 qp_num=1951 pkey=0 pd=0xf9c02c017c80
srv1:31:42 [0] NCCL INFO NET/IB: ncclIbReceiverQpsCreateToRts: QP created: port=1 dev=1 devName=roceP2p1s0f0 ndevs=2 nmdevs=2 qp_num=2072 pkey=0 pd=0xf9c02c0dff90
srv1:31:42 [0] NCCL INFO NET/IB: ncclIbReceiverQpsCreateToRts: QP created: port=1 dev=1 devName=roceP2p1s0f0 ndevs=2 nmdevs=2 qp_num=2073 pkey=0 pd=0xf9c02c0dff90
srv1:31:42 [0] NCCL INFO NET/IB: ncclIbReceiverQpsCreateToRts: QP created: port=1 dev=0 devName=rocep1s0f0 ndevs=2 nmdevs=2 qp_num=1952 pkey=0 pd=0xf9c02c017c80
srv1:31:42 [0] NCCL INFO NET/IB: ncclIbReceiverQpsCreateToRts: QP created: port=1 dev=0 devName=rocep1s0f0 ndevs=2 nmdevs=2 qp_num=1953 pkey=0 pd=0xf9c02c017c80
srv1:31:42 [0] NCCL INFO NET/IB: ncclIbReceiverQpsCreateToRts: QP created: port=1 dev=1 devName=roceP2p1s0f0 ndevs=2 nmdevs=2 qp_num=2074 pkey=0 pd=0xf9c02c0dff90
srv1:31:42 [0] NCCL INFO NET/IB: ncclIbReceiverQpsCreateToRts: QP created: port=1 dev=1 devName=roceP2p1s0f0 ndevs=2 nmdevs=2 qp_num=2075 pkey=0 pd=0xf9c02c0dff90
srv1:31:42 [0] NCCL INFO NET/IB: ncclIbSenderQpsToRts: Set ECE: IbDev 1 Port 1 qp_num 2069 set_ece={supported=1, vendor_id=0x15b3, options=0x30000002, comp_mask=0x0}
srv1:31:42 [0] NCCL INFO NET/IB: ncclIbSenderQpsCreate: QP created: port=1 dev=0 devName=rocep1s0f0 ndevs=2 nmdevs=2 qp_num=1954 pkey=0 pd=0xf9c02c017c80
srv1:31:42 [0] NCCL INFO NET/IB: ncclIbConnect: NCCL Dev 0 IbDev 0 Port 1 qp_num 1954 mtu 5 GID 3 (0/10A0A0AFFFF0000) ctsFifoRkey=0x175815 ctsFifoLkey=0x175815
srv1:31:42 [0] NCCL INFO NET/IB: ncclIbConnect: IbDev 0 Port 1 qp_num 1954 query_ece={supported=1, vendor_id=0x15b3, options=0x30000002, comp_mask=0x0}
srv1:31:42 [0] NCCL INFO NET/IB: ncclIbSenderQpsCreate: QP created: port=1 dev=1 devName=roceP2p1s0f0 ndevs=2 nmdevs=2 qp_num=2076 pkey=0 pd=0xf9c02c0dff90
srv1:31:42 [0] NCCL INFO NET/IB: ncclIbConnect: NCCL Dev 1 IbDev 1 Port 1 qp_num 2076 mtu 5 GID 3 (0/10B0A0AFFFF0000) ctsFifoRkey=0x19c0bd ctsFifoLkey=0x19c0bd
srv1:31:42 [0] NCCL INFO NET/IB: ncclIbConnect: IbDev 1 Port 1 qp_num 2076 query_ece={supported=1, vendor_id=0x15b3, options=0x30000002, comp_mask=0x0}
srv1:31:42 [0] NCCL INFO NET/IB: ncclIbSenderQpsCreate: QP created: port=1 dev=0 devName=rocep1s0f0 ndevs=2 nmdevs=2 qp_num=1955 pkey=0 pd=0xf9c02c017c80
srv1:31:42 [0] NCCL INFO NET/IB: ncclIbConnect: NCCL Dev 0 IbDev 0 Port 1 qp_num 1955 mtu 5 GID 3 (0/10A0A0AFFFF0000) ctsFifoRkey=0x1ad881 ctsFifoLkey=0x1ad881
srv1:31:42 [0] NCCL INFO NET/IB: ncclIbConnect: IbDev 0 Port 1 qp_num 1955 query_ece={supported=1, vendor_id=0x15b3, options=0x30000002, comp_mask=0x0}
srv1:31:42 [0] NCCL INFO NET/IB: ncclIbSenderQpsCreate: QP created: port=1 dev=1 devName=roceP2p1s0f0 ndevs=2 nmdevs=2 qp_num=2077 pkey=0 pd=0xf9c02c0dff90
srv1:31:42 [0] NCCL INFO NET/IB: ncclIbConnect: NCCL Dev 1 IbDev 1 Port 1 qp_num 2077 mtu 5 GID 3 (0/10B0A0AFFFF0000) ctsFifoRkey=0x19cfca ctsFifoLkey=0x19cfca
srv1:31:42 [0] NCCL INFO NET/IB: ncclIbConnect: IbDev 1 Port 1 qp_num 2077 query_ece={supported=1, vendor_id=0x15b3, options=0x30000002, comp_mask=0x0}
srv1:31:42 [0] NCCL INFO NET/IB: ncclIbSenderQpsCreate: QP created: port=1 dev=0 devName=rocep1s0f0 ndevs=2 nmdevs=2 qp_num=1956 pkey=0 pd=0xf9c02c017c80
srv1:31:42 [0] NCCL INFO NET/IB: ncclIbConnect: NCCL Dev 0 IbDev 0 Port 1 qp_num 1956 mtu 5 GID 3 (0/10A0A0AFFFF0000) ctsFifoRkey=0x176421 ctsFifoLkey=0x176421
srv1:31:42 [0] NCCL INFO NET/IB: ncclIbConnect: IbDev 0 Port 1 qp_num 1956 query_ece={supported=1, vendor_id=0x15b3, options=0x30000002, comp_mask=0x0}
srv1:31:42 [0] NCCL INFO NET/IB: ncclIbSenderQpsCreate: QP created: port=1 dev=1 devName=roceP2p1s0f0 ndevs=2 nmdevs=2 qp_num=2078 pkey=0 pd=0xf9c02c0dff90
srv1:31:42 [0] NCCL INFO NET/IB: ncclIbConnect: NCCL Dev 1 IbDev 1 Port 1 qp_num 2078 mtu 5 GID 3 (0/10B0A0AFFFF0000) ctsFifoRkey=0x1c9b84 ctsFifoLkey=0x1c9b84
srv1:31:42 [0] NCCL INFO NET/IB: ncclIbConnect: IbDev 1 Port 1 qp_num 2078 query_ece={supported=1, vendor_id=0x15b3, options=0x30000002, comp_mask=0x0}
srv1:31:42 [0] NCCL INFO NET/IB: ncclIbSenderQpsCreate: QP created: port=1 dev=0 devName=rocep1s0f0 ndevs=2 nmdevs=2 qp_num=1957 pkey=0 pd=0xf9c02c017c80
srv1:31:42 [0] NCCL INFO NET/IB: ncclIbConnect: NCCL Dev 0 IbDev 0 Port 1 qp_num 1957 mtu 5 GID 3 (0/10A0A0AFFFF0000) ctsFifoRkey=0x179655 ctsFifoLkey=0x179655
srv1:31:42 [0] NCCL INFO NET/IB: ncclIbConnect: IbDev 0 Port 1 qp_num 1957 query_ece={supported=1, vendor_id=0x15b3, options=0x30000002, comp_mask=0x0}
srv1:31:42 [0] NCCL INFO NET/IB: ncclIbSenderQpsToRts: Set ECE: IbDev 0 Port 1 qp_num 1954 set_ece={supported=1, vendor_id=0x15b3, options=0x30000002, comp_mask=0x0}
srv1:31:42 [0] NCCL INFO NET/IB: ncclIbSenderQpsToRts: Set ECE: IbDev 1 Port 1 qp_num 2076 set_ece={supported=1, vendor_id=0x15b3, options=0x30000002, comp_mask=0x0}
srv1:31:42 [0] NCCL INFO NET/IB: ncclIbSenderQpsToRts: Set ECE: IbDev 0 Port 1 qp_num 1955 set_ece={supported=1, vendor_id=0x15b3, options=0x30000002, comp_mask=0x0}
srv1:31:42 [0] NCCL INFO NET/IB: ncclIbReceiverQpsCreateToRts: QP created: port=1 dev=0 devName=rocep1s0f0 ndevs=2 nmdevs=2 qp_num=1958 pkey=0 pd=0xf9c02c017c80
srv1:31:42 [0] NCCL INFO NET/IB: ncclIbReceiverQpsCreateToRts: QP created: port=1 dev=0 devName=rocep1s0f0 ndevs=2 nmdevs=2 qp_num=1959 pkey=0 pd=0xf9c02c017c80
srv1:31:42 [0] NCCL INFO NET/IB: ncclIbSenderQpsToRts: Set ECE: IbDev 1 Port 1 qp_num 2077 set_ece={supported=1, vendor_id=0x15b3, options=0x30000002, comp_mask=0x0}
srv1:31:42 [0] NCCL INFO NET/IB: ncclIbSenderQpsToRts: Set ECE: IbDev 0 Port 1 qp_num 1956 set_ece={supported=1, vendor_id=0x15b3, options=0x30000002, comp_mask=0x0}
srv1:31:42 [0] NCCL INFO NET/IB: ncclIbSenderQpsToRts: Set ECE: IbDev 1 Port 1 qp_num 2078 set_ece={supported=1, vendor_id=0x15b3, options=0x30000002, comp_mask=0x0}
srv1:31:42 [0] NCCL INFO NET/IB: ncclIbSenderQpsToRts: Set ECE: IbDev 0 Port 1 qp_num 1957 set_ece={supported=1, vendor_id=0x15b3, options=0x30000002, comp_mask=0x0}
srv1:31:42 [0] NCCL INFO NET/IB: ncclIbReceiverQpsCreateToRts: QP created: port=1 dev=1 devName=roceP2p1s0f0 ndevs=2 nmdevs=2 qp_num=2079 pkey=0 pd=0xf9c02c0dff90
srv1:31:42 [0] NCCL INFO NET/IB: ncclIbReceiverQpsCreateToRts: QP created: port=1 dev=1 devName=roceP2p1s0f0 ndevs=2 nmdevs=2 qp_num=2080 pkey=0 pd=0xf9c02c0dff90
srv1:31:42 [0] NCCL INFO NET/IB: ncclIbReceiverQpsCreateToRts: QP created: port=1 dev=0 devName=rocep1s0f0 ndevs=2 nmdevs=2 qp_num=1960 pkey=0 pd=0xf9c02c017c80
srv1:31:42 [0] NCCL INFO NET/IB: ncclIbReceiverQpsCreateToRts: QP created: port=1 dev=0 devName=rocep1s0f0 ndevs=2 nmdevs=2 qp_num=1961 pkey=0 pd=0xf9c02c017c80
srv1:31:42 [0] NCCL INFO NET/IB: ncclIbReceiverQpsCreateToRts: QP created: port=1 dev=1 devName=roceP2p1s0f0 ndevs=2 nmdevs=2 qp_num=2081 pkey=0 pd=0xf9c02c0dff90
srv1:31:42 [0] NCCL INFO NET/IB: ncclIbReceiverQpsCreateToRts: QP created: port=1 dev=1 devName=roceP2p1s0f0 ndevs=2 nmdevs=2 qp_num=2082 pkey=0 pd=0xf9c02c0dff90
srv1:31:42 [0] NCCL INFO NET/IB: ncclIbReceiverQpsCreateToRts: QP created: port=1 dev=0 devName=rocep1s0f0 ndevs=2 nmdevs=2 qp_num=1962 pkey=0 pd=0xf9c02c017c80
srv1:31:42 [0] NCCL INFO NET/IB: ncclIbReceiverQpsCreateToRts: QP created: port=1 dev=0 devName=rocep1s0f0 ndevs=2 nmdevs=2 qp_num=1963 pkey=0 pd=0xf9c02c017c80
srv1:31:42 [0] NCCL INFO NET/IB: ncclIbSenderQpsCreate: QP created: port=1 dev=1 devName=roceP2p1s0f0 ndevs=2 nmdevs=2 qp_num=2083 pkey=0 pd=0xf9c02c0dff90
srv1:31:42 [0] NCCL INFO NET/IB: ncclIbConnect: NCCL Dev 1 IbDev 1 Port 1 qp_num 2083 mtu 5 GID 3 (0/10B0A0AFFFF0000) ctsFifoRkey=0x194443 ctsFifoLkey=0x194443
srv1:31:42 [0] NCCL INFO NET/IB: ncclIbConnect: IbDev 1 Port 1 qp_num 2083 query_ece={supported=1, vendor_id=0x15b3, options=0x30000002, comp_mask=0x0}
srv1:31:42 [0] NCCL INFO NET/IB: ncclIbSenderQpsToRts: Set ECE: IbDev 1 Port 1 qp_num 2083 set_ece={supported=1, vendor_id=0x15b3, options=0x30000002, comp_mask=0x0}
srv1:31:42 [0] NCCL INFO NET/IB: ncclIbReceiverQpsCreateToRts: QP created: port=1 dev=1 devName=roceP2p1s0f0 ndevs=2 nmdevs=2 qp_num=2084 pkey=0 pd=0xf9c02c0dff90
srv1:31:42 [0] NCCL INFO NET/IB: ncclIbReceiverQpsCreateToRts: QP created: port=1 dev=1 devName=roceP2p1s0f0 ndevs=2 nmdevs=2 qp_num=2085 pkey=0 pd=0xf9c02c0dff90
srv1:31:31 [0] NCCL INFO Connected all rings, use ring PXN 0 GDR 0
srv1:31:42 [0] NCCL INFO New proxy recv connection 32 from local rank 0, transport 2
srv1:31:31 [0] NCCL INFO Connected to proxy localRank 0 -> connection 0xf9c02c006070
srv1:31:31 [0] NCCL INFO Channel 08/0 : 3[0] -> 1[0] [receive] via NET/IB/0
srv1:31:42 [0] NCCL INFO New proxy recv connection 33 from local rank 0, transport 2
srv1:31:31 [0] NCCL INFO Connected to proxy localRank 0 -> connection 0xf9c02c0060f8
srv1:31:31 [0] NCCL INFO Channel 09/0 : 3[0] -> 1[0] [receive] via NET/IB/1
srv1:31:42 [0] NCCL INFO New proxy recv connection 34 from local rank 0, transport 2
srv1:31:31 [0] NCCL INFO Connected to proxy localRank 0 -> connection 0xf9c02c006180
srv1:31:31 [0] NCCL INFO Channel 10/0 : 3[0] -> 1[0] [receive] via NET/IB/0
srv1:31:42 [0] NCCL INFO New proxy recv connection 35 from local rank 0, transport 2
srv1:31:31 [0] NCCL INFO Connected to proxy localRank 0 -> connection 0xf9c02c006208
srv1:31:31 [0] NCCL INFO Channel 11/0 : 3[0] -> 1[0] [receive] via NET/IB/1
srv1:31:42 [0] NCCL INFO New proxy recv connection 36 from local rank 0, transport 2
srv1:31:31 [0] NCCL INFO Connected to proxy localRank 0 -> connection 0xf9c02c006290
srv1:31:31 [0] NCCL INFO Channel 12/0 : 3[0] -> 1[0] [receive] via NET/IB/0
srv1:31:42 [0] NCCL INFO New proxy recv connection 37 from local rank 0, transport 2
srv1:31:31 [0] NCCL INFO Connected to proxy localRank 0 -> connection 0xf9c02c006318
srv1:31:31 [0] NCCL INFO Channel 13/0 : 3[0] -> 1[0] [receive] via NET/IB/1
srv1:31:42 [0] NCCL INFO New proxy recv connection 38 from local rank 0, transport 2
srv1:31:31 [0] NCCL INFO Connected to proxy localRank 0 -> connection 0xf9c02c0063a0
srv1:31:31 [0] NCCL INFO Channel 14/0 : 3[0] -> 1[0] [receive] via NET/IB/0
srv1:31:42 [0] NCCL INFO New proxy recv connection 39 from local rank 0, transport 2
srv1:31:31 [0] NCCL INFO Connected to proxy localRank 0 -> connection 0xf9c02c006428
srv1:31:31 [0] NCCL INFO Channel 15/0 : 3[0] -> 1[0] [receive] via NET/IB/1
srv1:31:42 [0] NCCL INFO New proxy send connection 40 from local rank 0, transport 2
srv1:31:31 [0] NCCL INFO Connected to proxy localRank 0 -> connection 0xf9c02c0064b0
srv1:31:31 [0] NCCL INFO Channel 08/0 : 1[0] -> 3[0] [send] via NET/IB/0
srv1:31:42 [0] NCCL INFO New proxy send connection 41 from local rank 0, transport 2
srv1:31:31 [0] NCCL INFO Connected to proxy localRank 0 -> connection 0xf9c02c006538
srv1:31:31 [0] NCCL INFO Channel 09/0 : 1[0] -> 3[0] [send] via NET/IB/1
srv1:31:42 [0] NCCL INFO New proxy send connection 42 from local rank 0, transport 2
srv1:31:31 [0] NCCL INFO Connected to proxy localRank 0 -> connection 0xf9c02c0065c0
srv1:31:31 [0] NCCL INFO Channel 10/0 : 1[0] -> 3[0] [send] via NET/IB/0
srv1:31:42 [0] NCCL INFO New proxy send connection 43 from local rank 0, transport 2
srv1:31:31 [0] NCCL INFO Connected to proxy localRank 0 -> connection 0xf9c02c006648
srv1:31:31 [0] NCCL INFO Channel 11/0 : 1[0] -> 3[0] [send] via NET/IB/1
srv1:31:42 [0] NCCL INFO New proxy send connection 44 from local rank 0, transport 2
srv1:31:31 [0] NCCL INFO Connected to proxy localRank 0 -> connection 0xf9c02c0066d0
srv1:31:31 [0] NCCL INFO Channel 12/0 : 1[0] -> 3[0] [send] via NET/IB/0
srv1:31:42 [0] NCCL INFO New proxy send connection 45 from local rank 0, transport 2
srv1:31:31 [0] NCCL INFO Connected to proxy localRank 0 -> connection 0xf9c02c006758
srv1:31:31 [0] NCCL INFO Channel 13/0 : 1[0] -> 3[0] [send] via NET/IB/1
srv1:31:42 [0] NCCL INFO New proxy send connection 46 from local rank 0, transport 2
srv1:31:31 [0] NCCL INFO Connected to proxy localRank 0 -> connection 0xf9c02c0067e0
srv1:31:31 [0] NCCL INFO Channel 14/0 : 1[0] -> 3[0] [send] via NET/IB/0
srv1:31:42 [0] NCCL INFO New proxy send connection 47 from local rank 0, transport 2
srv1:31:31 [0] NCCL INFO Connected to proxy localRank 0 -> connection 0xf9c02c006868
srv1:31:31 [0] NCCL INFO Channel 15/0 : 1[0] -> 3[0] [send] via NET/IB/1
srv1:31:42 [0] NCCL INFO New proxy recv connection 48 from local rank 0, transport 2
srv1:31:31 [0] NCCL INFO Connected to proxy localRank 0 -> connection 0xf9c02c0068f0
srv1:31:31 [0] NCCL INFO Channel 00/0 : 2[0] -> 1[0] [receive] via NET/IB/0
srv1:31:42 [0] NCCL INFO New proxy recv connection 49 from local rank 0, transport 2
srv1:31:31 [0] NCCL INFO Connected to proxy localRank 0 -> connection 0xf9c02c006978
srv1:31:31 [0] NCCL INFO Channel 01/0 : 2[0] -> 1[0] [receive] via NET/IB/1
srv1:31:42 [0] NCCL INFO New proxy recv connection 50 from local rank 0, transport 2
srv1:31:31 [0] NCCL INFO Connected to proxy localRank 0 -> connection 0xf9c02c006a00
srv1:31:31 [0] NCCL INFO Channel 02/0 : 2[0] -> 1[0] [receive] via NET/IB/0
srv1:31:42 [0] NCCL INFO New proxy recv connection 51 from local rank 0, transport 2
srv1:31:31 [0] NCCL INFO Connected to proxy localRank 0 -> connection 0xf9c02c006a88
srv1:31:31 [0] NCCL INFO Channel 03/0 : 2[0] -> 1[0] [receive] via NET/IB/1
srv1:31:42 [0] NCCL INFO New proxy recv connection 52 from local rank 0, transport 2
srv1:31:31 [0] NCCL INFO Connected to proxy localRank 0 -> connection 0xf9c02c006b10
srv1:31:31 [0] NCCL INFO Channel 04/0 : 2[0] -> 1[0] [receive] via NET/IB/0
srv1:31:42 [0] NCCL INFO New proxy recv connection 53 from local rank 0, transport 2
srv1:31:31 [0] NCCL INFO Connected to proxy localRank 0 -> connection 0xf9c02c006b98
srv1:31:31 [0] NCCL INFO Channel 05/0 : 2[0] -> 1[0] [receive] via NET/IB/1
srv1:31:42 [0] NCCL INFO New proxy recv connection 54 from local rank 0, transport 2
srv1:31:31 [0] NCCL INFO Connected to proxy localRank 0 -> connection 0xf9c02c006c20
srv1:31:31 [0] NCCL INFO Channel 06/0 : 2[0] -> 1[0] [receive] via NET/IB/0
srv1:31:42 [0] NCCL INFO New proxy recv connection 55 from local rank 0, transport 2
srv1:31:31 [0] NCCL INFO Connected to proxy localRank 0 -> connection 0xf9c02c006ca8
srv1:31:31 [0] NCCL INFO Channel 07/0 : 2[0] -> 1[0] [receive] via NET/IB/1
srv1:31:42 [0] NCCL INFO New proxy recv connection 56 from local rank 0, transport 2
srv1:31:31 [0] NCCL INFO Connected to proxy localRank 0 -> connection 0xf9c02c006d30
srv1:31:31 [0] NCCL INFO Channel 08/0 : 2[0] -> 1[0] [receive] via NET/IB/0
srv1:31:42 [0] NCCL INFO New proxy recv connection 57 from local rank 0, transport 2
srv1:31:31 [0] NCCL INFO Connected to proxy localRank 0 -> connection 0xf9c02c006db8
srv1:31:31 [0] NCCL INFO Channel 09/0 : 2[0] -> 1[0] [receive] via NET/IB/1
srv1:31:42 [0] NCCL INFO New proxy recv connection 58 from local rank 0, transport 2
srv1:31:31 [0] NCCL INFO Connected to proxy localRank 0 -> connection 0xf9c02c006e40
srv1:31:31 [0] NCCL INFO Channel 10/0 : 2[0] -> 1[0] [receive] via NET/IB/0
srv1:31:42 [0] NCCL INFO New proxy recv connection 59 from local rank 0, transport 2
srv1:31:31 [0] NCCL INFO Connected to proxy localRank 0 -> connection 0xf9c02c006ec8
srv1:31:31 [0] NCCL INFO Channel 11/0 : 2[0] -> 1[0] [receive] via NET/IB/1
srv1:31:42 [0] NCCL INFO New proxy recv connection 60 from local rank 0, transport 2
srv1:31:31 [0] NCCL INFO Connected to proxy localRank 0 -> connection 0xf9c02c006f50
srv1:31:31 [0] NCCL INFO Channel 12/0 : 2[0] -> 1[0] [receive] via NET/IB/0
srv1:31:42 [0] NCCL INFO New proxy recv connection 61 from local rank 0, transport 2
srv1:31:31 [0] NCCL INFO Connected to proxy localRank 0 -> connection 0xf9c02c006fd8
srv1:31:31 [0] NCCL INFO Channel 13/0 : 2[0] -> 1[0] [receive] via NET/IB/1
srv1:31:42 [0] NCCL INFO New proxy recv connection 62 from local rank 0, transport 2
srv1:31:31 [0] NCCL INFO Connected to proxy localRank 0 -> connection 0xf9c02c007060
srv1:31:31 [0] NCCL INFO Channel 14/0 : 2[0] -> 1[0] [receive] via NET/IB/0
srv1:31:42 [0] NCCL INFO New proxy recv connection 63 from local rank 0, transport 2
srv1:31:31 [0] NCCL INFO Connected to proxy localRank 0 -> connection 0xf9c02c0070e8
srv1:31:31 [0] NCCL INFO Channel 15/0 : 2[0] -> 1[0] [receive] via NET/IB/1
srv1:31:42 [0] NCCL INFO New proxy send connection 64 from local rank 0, transport 2
srv1:31:31 [0] NCCL INFO Connected to proxy localRank 0 -> connection 0xf9c02c007170
srv1:31:31 [0] NCCL INFO Channel 08/0 : 1[0] -> 0[0] [send] via NET/IB/0
srv1:31:42 [0] NCCL INFO New proxy send connection 65 from local rank 0, transport 2
srv1:31:31 [0] NCCL INFO Connected to proxy localRank 0 -> connection 0xf9c02c0071f8
srv1:31:31 [0] NCCL INFO Channel 09/0 : 1[0] -> 0[0] [send] via NET/IB/1
srv1:31:42 [0] NCCL INFO New proxy send connection 66 from local rank 0, transport 2
srv1:31:31 [0] NCCL INFO Connected to proxy localRank 0 -> connection 0xf9c02c007280
srv1:31:31 [0] NCCL INFO Channel 10/0 : 1[0] -> 0[0] [send] via NET/IB/0
srv1:31:42 [0] NCCL INFO New proxy send connection 67 from local rank 0, transport 2
srv1:31:31 [0] NCCL INFO Connected to proxy localRank 0 -> connection 0xf9c02c007308
srv1:31:31 [0] NCCL INFO Channel 11/0 : 1[0] -> 0[0] [send] via NET/IB/1
srv1:31:42 [0] NCCL INFO New proxy send connection 68 from local rank 0, transport 2
srv1:31:31 [0] NCCL INFO Connected to proxy localRank 0 -> connection 0xf9c02c007390
srv1:31:31 [0] NCCL INFO Channel 12/0 : 1[0] -> 0[0] [send] via NET/IB/0
srv1:31:42 [0] NCCL INFO New proxy send connection 69 from local rank 0, transport 2
srv1:31:31 [0] NCCL INFO Connected to proxy localRank 0 -> connection 0xf9c02c007418
srv1:31:31 [0] NCCL INFO Channel 13/0 : 1[0] -> 0[0] [send] via NET/IB/1
srv1:31:42 [0] NCCL INFO New proxy send connection 70 from local rank 0, transport 2
srv1:31:31 [0] NCCL INFO Connected to proxy localRank 0 -> connection 0xf9c02c0074a0
srv1:31:31 [0] NCCL INFO Channel 14/0 : 1[0] -> 0[0] [send] via NET/IB/0
srv1:31:42 [0] NCCL INFO New proxy send connection 71 from local rank 0, transport 2
srv1:31:31 [0] NCCL INFO Connected to proxy localRank 0 -> connection 0xf9c02c007528
srv1:31:31 [0] NCCL INFO Channel 15/0 : 1[0] -> 0[0] [send] via NET/IB/1
srv1:31:42 [0] NCCL INFO NET/IB: ncclIbResiliencyInit: Resiliency is disabled on the send communicator (comm=0xf9c02cfb2000)
srv1:31:42 [0] NCCL INFO NET/IB: ncclIbResiliencyInit: Resiliency is disabled on the recv communicator (comm=0xf9c02cfeb000)
srv1:31:42 [0] NCCL INFO NET/IB: ncclIbRecvCommInit: Receive work requests will be posted on-demand
srv1:31:42 [0] NCCL INFO NET/IB: ncclIbResiliencyInit: Resiliency is disabled on the send communicator (comm=0xf9c02d02a000)
srv1:31:42 [0] NCCL INFO NET/IB: ncclIbSenderQpsCreate: QP created: port=1 dev=0 devName=rocep1s0f0 ndevs=2 nmdevs=2 qp_num=1964 pkey=0 pd=0xf9c02c017c80
srv1:31:42 [0] NCCL INFO NET/IB: ncclIbConnect: NCCL Dev 0 IbDev 0 Port 1 qp_num 1964 mtu 5 GID 3 (0/10A0A0AFFFF0000) ctsFifoRkey=0x177832 ctsFifoLkey=0x177832
srv1:31:42 [0] NCCL INFO NET/IB: ncclIbConnect: IbDev 0 Port 1 qp_num 1964 query_ece={supported=1, vendor_id=0x15b3, options=0x30000002, comp_mask=0x0}
srv1:31:42 [0] NCCL INFO NET/IB: ncclIbReceiverQpsCreateToRts: QP created: port=1 dev=0 devName=rocep1s0f0 ndevs=2 nmdevs=2 qp_num=1965 pkey=0 pd=0xf9c02c017c80
srv1:31:42 [0] NCCL INFO NET/IB: ncclIbReceiverQpsCreateToRts: QP created: port=1 dev=0 devName=rocep1s0f0 ndevs=2 nmdevs=2 qp_num=1966 pkey=0 pd=0xf9c02c017c80
srv1:31:42 [0] NCCL INFO NET/IB: ncclIbSenderQpsCreate: QP created: port=1 dev=1 devName=roceP2p1s0f0 ndevs=2 nmdevs=2 qp_num=2086 pkey=0 pd=0xf9c02c0dff90
srv1:31:42 [0] NCCL INFO NET/IB: ncclIbConnect: NCCL Dev 1 IbDev 1 Port 1 qp_num 2086 mtu 5 GID 3 (0/10B0A0AFFFF0000) ctsFifoRkey=0x19a2a0 ctsFifoLkey=0x19a2a0
srv1:31:42 [0] NCCL INFO NET/IB: ncclIbConnect: IbDev 1 Port 1 qp_num 2086 query_ece={supported=1, vendor_id=0x15b3, options=0x30000002, comp_mask=0x0}
srv1:31:42 [0] NCCL INFO NET/IB: ncclIbResiliencyInit: Resiliency is disabled on the recv communicator (comm=0xf9c02d119000)
srv1:31:42 [0] NCCL INFO NET/IB: ncclIbRecvCommInit: Receive work requests will be posted on-demand
srv1:31:42 [0] NCCL INFO NET/IB: ncclIbResiliencyInit: Resiliency is disabled on the send communicator (comm=0xf9c02d158000)
srv1:31:42 [0] NCCL INFO NET/IB: ncclIbResiliencyInit: Resiliency is disabled on the recv communicator (comm=0xf9c02d193000)
srv1:31:42 [0] NCCL INFO NET/IB: ncclIbRecvCommInit: Receive work requests will be posted on-demand
srv1:31:42 [0] NCCL INFO NET/IB: ncclIbResiliencyInit: Resiliency is disabled on the send communicator (comm=0xf9c02d1d2000)
srv1:31:42 [0] NCCL INFO NET/IB: ncclIbResiliencyInit: Resiliency is disabled on the recv communicator (comm=0xf9c02d20d000)
srv1:31:42 [0] NCCL INFO NET/IB: ncclIbRecvCommInit: Receive work requests will be posted on-demand
srv1:31:42 [0] NCCL INFO NET/IB: ncclIbResiliencyInit: Resiliency is disabled on the send communicator (comm=0xf9c02d24c000)
srv1:31:42 [0] NCCL INFO NET/IB: ncclIbResiliencyInit: Resiliency is disabled on the recv communicator (comm=0xf9c02d287000)
srv1:31:42 [0] NCCL INFO NET/IB: ncclIbRecvCommInit: Receive work requests will be posted on-demand
srv1:31:42 [0] NCCL INFO NET/IB: ncclIbResiliencyInit: Resiliency is disabled on the send communicator (comm=0xf9c02d2c6000)
srv1:31:42 [0] NCCL INFO NET/IB: ncclIbResiliencyInit: Resiliency is disabled on the recv communicator (comm=0xf9c02d301000)
srv1:31:42 [0] NCCL INFO NET/IB: ncclIbRecvCommInit: Receive work requests will be posted on-demand
srv1:31:42 [0] NCCL INFO NET/IB: ncclIbResiliencyInit: Resiliency is disabled on the send communicator (comm=0xf9c02d340000)
srv1:31:42 [0] NCCL INFO NET/IB: ncclIbResiliencyInit: Resiliency is disabled on the recv communicator (comm=0xf9c02d37b000)
srv1:31:42 [0] NCCL INFO NET/IB: ncclIbRecvCommInit: Receive work requests will be posted on-demand
srv1:31:42 [0] NCCL INFO NET/IB: ncclIbResiliencyInit: Resiliency is disabled on the send communicator (comm=0xf9c02d3ba000)
srv1:31:42 [0] NCCL INFO NET/IB: ncclIbResiliencyInit: Resiliency is disabled on the recv communicator (comm=0xf9c02d3f5000)
srv1:31:42 [0] NCCL INFO NET/IB: ncclIbRecvCommInit: Receive work requests will be posted on-demand
srv1:31:42 [0] NCCL INFO NET/IB: ncclIbResiliencyInit: Resiliency is disabled on the recv communicator (comm=0xf9c02d434000)
srv1:31:42 [0] NCCL INFO NET/IB: ncclIbRecvCommInit: Receive work requests will be posted on-demand
srv1:31:42 [0] NCCL INFO NET/IB: ncclIbResiliencyInit: Resiliency is disabled on the recv communicator (comm=0xf9c02d473000)
srv1:31:42 [0] NCCL INFO NET/IB: ncclIbRecvCommInit: Receive work requests will be posted on-demand
srv1:31:42 [0] NCCL INFO NET/IB: ncclIbResiliencyInit: Resiliency is disabled on the recv communicator (comm=0xf9c02d4b2000)
srv1:31:42 [0] NCCL INFO NET/IB: ncclIbRecvCommInit: Receive work requests will be posted on-demand
srv1:31:42 [0] NCCL INFO NET/IB: ncclIbResiliencyInit: Resiliency is disabled on the recv communicator (comm=0xf9c02d4f1000)
srv1:31:42 [0] NCCL INFO NET/IB: ncclIbRecvCommInit: Receive work requests will be posted on-demand
srv1:31:42 [0] NCCL INFO NET/IB: ncclIbResiliencyInit: Resiliency is disabled on the recv communicator (comm=0xf9c02d530000)
srv1:31:42 [0] NCCL INFO NET/IB: ncclIbRecvCommInit: Receive work requests will be posted on-demand
srv1:31:42 [0] NCCL INFO NET/IB: ncclIbResiliencyInit: Resiliency is disabled on the recv communicator (comm=0xf9c02d56f000)
srv1:31:42 [0] NCCL INFO NET/IB: ncclIbRecvCommInit: Receive work requests will be posted on-demand
srv1:31:42 [0] NCCL INFO NET/IB: ncclIbResiliencyInit: Resiliency is disabled on the recv communicator (comm=0xf9c02d5ae000)
srv1:31:42 [0] NCCL INFO NET/IB: ncclIbRecvCommInit: Receive work requests will be posted on-demand
srv1:31:42 [0] NCCL INFO NET/IB: ncclIbResiliencyInit: Resiliency is disabled on the recv communicator (comm=0xf9c02d5ed000)
srv1:31:42 [0] NCCL INFO NET/IB: ncclIbRecvCommInit: Receive work requests will be posted on-demand
srv1:31:42 [0] NCCL INFO NET/IB: ncclIbResiliencyInit: Resiliency is disabled on the send communicator (comm=0xf9c02d62c000)
srv1:31:42 [0] NCCL INFO NET/IB: ncclIbResiliencyInit: Resiliency is disabled on the recv communicator (comm=0xf9c02d667000)
srv1:31:42 [0] NCCL INFO NET/IB: ncclIbRecvCommInit: Receive work requests will be posted on-demand
srv1:31:42 [0] NCCL INFO NET/IB: ncclIbResiliencyInit: Resiliency is disabled on the send communicator (comm=0xf9c02d6a6000)
srv1:31:42 [0] NCCL INFO NET/IB: ncclIbSenderQpsCreate: QP created: port=1 dev=0 devName=rocep1s0f0 ndevs=2 nmdevs=2 qp_num=1967 pkey=0 pd=0xf9c02c017c80
srv1:31:42 [0] NCCL INFO NET/IB: ncclIbConnect: NCCL Dev 0 IbDev 0 Port 1 qp_num 1967 mtu 5 GID 3 (0/10A0A0AFFFF0000) ctsFifoRkey=0x178644 ctsFifoLkey=0x178644
srv1:31:42 [0] NCCL INFO NET/IB: ncclIbConnect: IbDev 0 Port 1 qp_num 1967 query_ece={supported=1, vendor_id=0x15b3, options=0x30000002, comp_mask=0x0}
srv1:31:42 [0] NCCL INFO NET/IB: ncclIbSenderQpsCreate: QP created: port=1 dev=1 devName=roceP2p1s0f0 ndevs=2 nmdevs=2 qp_num=2087 pkey=0 pd=0xf9c02c0dff90
srv1:31:42 [0] NCCL INFO NET/IB: ncclIbConnect: NCCL Dev 1 IbDev 1 Port 1 qp_num 2087 mtu 5 GID 3 (0/10B0A0AFFFF0000) ctsFifoRkey=0x199a98 ctsFifoLkey=0x199a98
srv1:31:42 [0] NCCL INFO NET/IB: ncclIbConnect: IbDev 1 Port 1 qp_num 2087 query_ece={supported=1, vendor_id=0x15b3, options=0x30000002, comp_mask=0x0}
srv1:31:42 [0] NCCL INFO NET/IB: ncclIbResiliencyInit: Resiliency is disabled on the recv communicator (comm=0xf9c02d745000)
srv1:31:42 [0] NCCL INFO NET/IB: ncclIbRecvCommInit: Receive work requests will be posted on-demand
srv1:31:42 [0] NCCL INFO NET/IB: ncclIbResiliencyInit: Resiliency is disabled on the send communicator (comm=0xf9c02d784000)
srv1:31:42 [0] NCCL INFO NET/IB: ncclIbResiliencyInit: Resiliency is disabled on the recv communicator (comm=0xf9c02d7bf000)
srv1:31:42 [0] NCCL INFO NET/IB: ncclIbRecvCommInit: Receive work requests will be posted on-demand
srv1:31:42 [0] NCCL INFO NET/IB: ncclIbResiliencyInit: Resiliency is disabled on the send communicator (comm=0xf9c02d7fe000)
srv1:31:42 [0] NCCL INFO NET/IB: ncclIbResiliencyInit: Resiliency is disabled on the recv communicator (comm=0xf9c02d839000)
srv1:31:42 [0] NCCL INFO NET/IB: ncclIbRecvCommInit: Receive work requests will be posted on-demand
srv1:31:42 [0] NCCL INFO NET/IB: ncclIbResiliencyInit: Resiliency is disabled on the send communicator (comm=0xf9c02d878000)
srv1:31:42 [0] NCCL INFO NET/IB: ncclIbResiliencyInit: Resiliency is disabled on the recv communicator (comm=0xf9c02d8b3000)
srv1:31:42 [0] NCCL INFO NET/IB: ncclIbRecvCommInit: Receive work requests will be posted on-demand
srv1:31:42 [0] NCCL INFO NET/IB: ncclIbResiliencyInit: Resiliency is disabled on the send communicator (comm=0xf9c02d8f2000)
srv1:31:42 [0] NCCL INFO NET/IB: ncclIbResiliencyInit: Resiliency is disabled on the recv communicator (comm=0xf9c02d92d000)
srv1:31:42 [0] NCCL INFO NET/IB: ncclIbRecvCommInit: Receive work requests will be posted on-demand
srv1:31:42 [0] NCCL INFO NET/IB: ncclIbResiliencyInit: Resiliency is disabled on the send communicator (comm=0xf9c02d96c000)
srv1:31:42 [0] NCCL INFO NET/IB: ncclIbResiliencyInit: Resiliency is disabled on the recv communicator (comm=0xf9c02d9a7000)
srv1:31:42 [0] NCCL INFO NET/IB: ncclIbRecvCommInit: Receive work requests will be posted on-demand
srv1:31:42 [0] NCCL INFO NET/IB: ncclIbResiliencyInit: Resiliency is disabled on the send communicator (comm=0xf9c02d9e6000)
srv1:31:42 [0] NCCL INFO NET/IB: ncclIbResiliencyInit: Resiliency is disabled on the recv communicator (comm=0xf9c02da21000)
srv1:31:42 [0] NCCL INFO NET/IB: ncclIbRecvCommInit: Receive work requests will be posted on-demand
srv1:31:42 [0] NCCL INFO NET/IB: ncclIbSenderQpsToRts: Set ECE: IbDev 0 Port 1 qp_num 1967 set_ece={supported=1, vendor_id=0x15b3, options=0x30000002, comp_mask=0x0}
srv1:31:42 [0] NCCL INFO NET/IB: ncclIbSenderQpsToRts: Set ECE: IbDev 1 Port 1 qp_num 2087 set_ece={supported=1, vendor_id=0x15b3, options=0x30000002, comp_mask=0x0}
srv1:31:42 [0] NCCL INFO NET/IB: ncclIbSenderQpsCreate: QP created: port=1 dev=0 devName=rocep1s0f0 ndevs=2 nmdevs=2 qp_num=1968 pkey=0 pd=0xf9c02c017c80
srv1:31:42 [0] NCCL INFO NET/IB: ncclIbConnect: NCCL Dev 0 IbDev 0 Port 1 qp_num 1968 mtu 5 GID 3 (0/10A0A0AFFFF0000) ctsFifoRkey=0x17914e ctsFifoLkey=0x17914e
srv1:31:42 [0] NCCL INFO NET/IB: ncclIbConnect: IbDev 0 Port 1 qp_num 1968 query_ece={supported=1, vendor_id=0x15b3, options=0x30000002, comp_mask=0x0}
srv1:31:42 [0] NCCL INFO NET/IB: ncclIbSenderQpsCreate: QP created: port=1 dev=1 devName=roceP2p1s0f0 ndevs=2 nmdevs=2 qp_num=2088 pkey=0 pd=0xf9c02c0dff90
srv1:31:42 [0] NCCL INFO NET/IB: ncclIbConnect: NCCL Dev 1 IbDev 1 Port 1 qp_num 2088 mtu 5 GID 3 (0/10B0A0AFFFF0000) ctsFifoRkey=0x199491 ctsFifoLkey=0x199491
srv1:31:42 [0] NCCL INFO NET/IB: ncclIbConnect: IbDev 1 Port 1 qp_num 2088 query_ece={supported=1, vendor_id=0x15b3, options=0x30000002, comp_mask=0x0}
srv1:31:42 [0] NCCL INFO NET/IB: ncclIbSenderQpsCreate: QP created: port=1 dev=0 devName=rocep1s0f0 ndevs=2 nmdevs=2 qp_num=1969 pkey=0 pd=0xf9c02c017c80
srv1:31:42 [0] NCCL INFO NET/IB: ncclIbConnect: NCCL Dev 0 IbDev 0 Port 1 qp_num 1969 mtu 5 GID 3 (0/10A0A0AFFFF0000) ctsFifoRkey=0x17a968 ctsFifoLkey=0x17a968
srv1:31:42 [0] NCCL INFO NET/IB: ncclIbConnect: IbDev 0 Port 1 qp_num 1969 query_ece={supported=1, vendor_id=0x15b3, options=0x30000002, comp_mask=0x0}
srv1:31:42 [0] NCCL INFO NET/IB: ncclIbSenderQpsCreate: QP created: port=1 dev=1 devName=roceP2p1s0f0 ndevs=2 nmdevs=2 qp_num=2089 pkey=0 pd=0xf9c02c0dff90
srv1:31:42 [0] NCCL INFO NET/IB: ncclIbConnect: NCCL Dev 1 IbDev 1 Port 1 qp_num 2089 mtu 5 GID 3 (0/10B0A0AFFFF0000) ctsFifoRkey=0x198b89 ctsFifoLkey=0x198b89
srv1:31:42 [0] NCCL INFO NET/IB: ncclIbConnect: IbDev 1 Port 1 qp_num 2089 query_ece={supported=1, vendor_id=0x15b3, options=0x30000002, comp_mask=0x0}
srv1:31:42 [0] NCCL INFO NET/IB: ncclIbSenderQpsCreate: QP created: port=1 dev=0 devName=rocep1s0f0 ndevs=2 nmdevs=2 qp_num=1970 pkey=0 pd=0xf9c02c017c80
srv1:31:42 [0] NCCL INFO NET/IB: ncclIbConnect: NCCL Dev 0 IbDev 0 Port 1 qp_num 1970 mtu 5 GID 3 (0/10A0A0AFFFF0000) ctsFifoRkey=0x179f59 ctsFifoLkey=0x179f59
srv1:31:42 [0] NCCL INFO NET/IB: ncclIbConnect: IbDev 0 Port 1 qp_num 1970 query_ece={supported=1, vendor_id=0x15b3, options=0x30000002, comp_mask=0x0}
srv1:31:42 [0] NCCL INFO NET/IB: ncclIbSenderQpsCreate: QP created: port=1 dev=1 devName=roceP2p1s0f0 ndevs=2 nmdevs=2 qp_num=2090 pkey=0 pd=0xf9c02c0dff90
srv1:31:42 [0] NCCL INFO NET/IB: ncclIbConnect: NCCL Dev 1 IbDev 1 Port 1 qp_num 2090 mtu 5 GID 3 (0/10B0A0AFFFF0000) ctsFifoRkey=0x198382 ctsFifoLkey=0x198382
srv1:31:42 [0] NCCL INFO NET/IB: ncclIbConnect: IbDev 1 Port 1 qp_num 2090 query_ece={supported=1, vendor_id=0x15b3, options=0x30000002, comp_mask=0x0}
srv1:31:42 [0] NCCL INFO NET/IB: ncclIbSenderQpsToRts: Set ECE: IbDev 0 Port 1 qp_num 1964 set_ece={supported=1, vendor_id=0x15b3, options=0x30000002, comp_mask=0x0}
srv1:31:42 [0] NCCL INFO NET/IB: ncclIbSenderQpsToRts: Set ECE: IbDev 1 Port 1 qp_num 2086 set_ece={supported=1, vendor_id=0x15b3, options=0x30000002, comp_mask=0x0}
srv1:31:42 [0] NCCL INFO NET/IB: ncclIbReceiverQpsCreateToRts: QP created: port=1 dev=1 devName=roceP2p1s0f0 ndevs=2 nmdevs=2 qp_num=2091 pkey=0 pd=0xf9c02c0dff90
srv1:31:42 [0] NCCL INFO NET/IB: ncclIbReceiverQpsCreateToRts: QP created: port=1 dev=1 devName=roceP2p1s0f0 ndevs=2 nmdevs=2 qp_num=2092 pkey=0 pd=0xf9c02c0dff90
srv1:31:42 [0] NCCL INFO NET/IB: ncclIbSenderQpsCreate: QP created: port=1 dev=0 devName=rocep1s0f0 ndevs=2 nmdevs=2 qp_num=1971 pkey=0 pd=0xf9c02c017c80
srv1:31:42 [0] NCCL INFO NET/IB: ncclIbConnect: NCCL Dev 0 IbDev 0 Port 1 qp_num 1971 mtu 5 GID 3 (0/10A0A0AFFFF0000) ctsFifoRkey=0x17a05c ctsFifoLkey=0x17a05c
srv1:31:42 [0] NCCL INFO NET/IB: ncclIbConnect: IbDev 0 Port 1 qp_num 1971 query_ece={supported=1, vendor_id=0x15b3, options=0x30000002, comp_mask=0x0}
srv1:31:42 [0] NCCL INFO NET/IB: ncclIbReceiverQpsCreateToRts: QP created: port=1 dev=0 devName=rocep1s0f0 ndevs=2 nmdevs=2 qp_num=1972 pkey=0 pd=0xf9c02c017c80
srv1:31:42 [0] NCCL INFO NET/IB: ncclIbReceiverQpsCreateToRts: QP created: port=1 dev=0 devName=rocep1s0f0 ndevs=2 nmdevs=2 qp_num=1973 pkey=0 pd=0xf9c02c017c80
srv1:31:42 [0] NCCL INFO NET/IB: ncclIbSenderQpsCreate: QP created: port=1 dev=1 devName=roceP2p1s0f0 ndevs=2 nmdevs=2 qp_num=2093 pkey=0 pd=0xf9c02c0dff90
srv1:31:42 [0] NCCL INFO NET/IB: ncclIbConnect: NCCL Dev 1 IbDev 1 Port 1 qp_num 2093 mtu 5 GID 3 (0/10B0A0AFFFF0000) ctsFifoRkey=0x197471 ctsFifoLkey=0x197471
srv1:31:42 [0] NCCL INFO NET/IB: ncclIbConnect: IbDev 1 Port 1 qp_num 2093 query_ece={supported=1, vendor_id=0x15b3, options=0x30000002, comp_mask=0x0}
srv1:31:42 [0] NCCL INFO NET/IB: ncclIbReceiverQpsCreateToRts: QP created: port=1 dev=1 devName=roceP2p1s0f0 ndevs=2 nmdevs=2 qp_num=2094 pkey=0 pd=0xf9c02c0dff90
srv1:31:42 [0] NCCL INFO NET/IB: ncclIbReceiverQpsCreateToRts: QP created: port=1 dev=1 devName=roceP2p1s0f0 ndevs=2 nmdevs=2 qp_num=2095 pkey=0 pd=0xf9c02c0dff90
srv1:31:42 [0] NCCL INFO NET/IB: ncclIbSenderQpsCreate: QP created: port=1 dev=0 devName=rocep1s0f0 ndevs=2 nmdevs=2 qp_num=1974 pkey=0 pd=0xf9c02c017c80
srv1:31:42 [0] NCCL INFO NET/IB: ncclIbConnect: NCCL Dev 0 IbDev 0 Port 1 qp_num 1974 mtu 5 GID 3 (0/10A0A0AFFFF0000) ctsFifoRkey=0x17b371 ctsFifoLkey=0x17b371
srv1:31:42 [0] NCCL INFO NET/IB: ncclIbConnect: IbDev 0 Port 1 qp_num 1974 query_ece={supported=1, vendor_id=0x15b3, options=0x30000002, comp_mask=0x0}
srv1:31:42 [0] NCCL INFO NET/IB: ncclIbReceiverQpsCreateToRts: QP created: port=1 dev=0 devName=rocep1s0f0 ndevs=2 nmdevs=2 qp_num=1975 pkey=0 pd=0xf9c02c017c80
srv1:31:42 [0] NCCL INFO NET/IB: ncclIbReceiverQpsCreateToRts: QP created: port=1 dev=0 devName=rocep1s0f0 ndevs=2 nmdevs=2 qp_num=1976 pkey=0 pd=0xf9c02c017c80
srv1:31:42 [0] NCCL INFO NET/IB: ncclIbSenderQpsCreate: QP created: port=1 dev=1 devName=roceP2p1s0f0 ndevs=2 nmdevs=2 qp_num=2096 pkey=0 pd=0xf9c02c0dff90
srv1:31:42 [0] NCCL INFO NET/IB: ncclIbConnect: NCCL Dev 1 IbDev 1 Port 1 qp_num 2096 mtu 5 GID 3 (0/10B0A0AFFFF0000) ctsFifoRkey=0x196c61 ctsFifoLkey=0x196c61
srv1:31:42 [0] NCCL INFO NET/IB: ncclIbConnect: IbDev 1 Port 1 qp_num 2096 query_ece={supported=1, vendor_id=0x15b3, options=0x30000002, comp_mask=0x0}
srv1:31:42 [0] NCCL INFO NET/IB: ncclIbReceiverQpsCreateToRts: QP created: port=1 dev=1 devName=roceP2p1s0f0 ndevs=2 nmdevs=2 qp_num=2097 pkey=0 pd=0xf9c02c0dff90
srv1:31:42 [0] NCCL INFO NET/IB: ncclIbReceiverQpsCreateToRts: QP created: port=1 dev=1 devName=roceP2p1s0f0 ndevs=2 nmdevs=2 qp_num=2098 pkey=0 pd=0xf9c02c0dff90
srv1:31:42 [0] NCCL INFO NET/IB: ncclIbSenderQpsCreate: QP created: port=1 dev=0 devName=rocep1s0f0 ndevs=2 nmdevs=2 qp_num=1977 pkey=0 pd=0xf9c02c017c80
srv1:31:42 [0] NCCL INFO NET/IB: ncclIbConnect: NCCL Dev 0 IbDev 0 Port 1 qp_num 1977 mtu 5 GID 3 (0/10A0A0AFFFF0000) ctsFifoRkey=0x1afea7 ctsFifoLkey=0x1afea7
srv1:31:42 [0] NCCL INFO NET/IB: ncclIbConnect: IbDev 0 Port 1 qp_num 1977 query_ece={supported=1, vendor_id=0x15b3, options=0x30000002, comp_mask=0x0}
srv1:31:42 [0] NCCL INFO NET/IB: ncclIbReceiverQpsCreateToRts: QP created: port=1 dev=0 devName=rocep1s0f0 ndevs=2 nmdevs=2 qp_num=1978 pkey=0 pd=0xf9c02c017c80
srv1:31:42 [0] NCCL INFO NET/IB: ncclIbReceiverQpsCreateToRts: QP created: port=1 dev=0 devName=rocep1s0f0 ndevs=2 nmdevs=2 qp_num=1979 pkey=0 pd=0xf9c02c017c80
srv1:31:42 [0] NCCL INFO NET/IB: ncclIbSenderQpsCreate: QP created: port=1 dev=1 devName=roceP2p1s0f0 ndevs=2 nmdevs=2 qp_num=2099 pkey=0 pd=0xf9c02c0dff90
srv1:31:42 [0] NCCL INFO NET/IB: ncclIbConnect: NCCL Dev 1 IbDev 1 Port 1 qp_num 2099 mtu 5 GID 3 (0/10B0A0AFFFF0000) ctsFifoRkey=0x195250 ctsFifoLkey=0x195250
srv1:31:42 [0] NCCL INFO NET/IB: ncclIbConnect: IbDev 1 Port 1 qp_num 2099 query_ece={supported=1, vendor_id=0x15b3, options=0x30000002, comp_mask=0x0}
srv1:31:42 [0] NCCL INFO NET/IB: ncclIbReceiverQpsCreateToRts: QP created: port=1 dev=1 devName=roceP2p1s0f0 ndevs=2 nmdevs=2 qp_num=2100 pkey=0 pd=0xf9c02c0dff90
srv1:31:42 [0] NCCL INFO NET/IB: ncclIbReceiverQpsCreateToRts: QP created: port=1 dev=1 devName=roceP2p1s0f0 ndevs=2 nmdevs=2 qp_num=2101 pkey=0 pd=0xf9c02c0dff90
srv1:31:42 [0] NCCL INFO NET/IB: ncclIbSenderQpsToRts: Set ECE: IbDev 0 Port 1 qp_num 1968 set_ece={supported=1, vendor_id=0x15b3, options=0x30000002, comp_mask=0x0}
srv1:31:42 [0] NCCL INFO NET/IB: ncclIbSenderQpsToRts: Set ECE: IbDev 1 Port 1 qp_num 2088 set_ece={supported=1, vendor_id=0x15b3, options=0x30000002, comp_mask=0x0}
srv1:31:42 [0] NCCL INFO NET/IB: ncclIbSenderQpsToRts: Set ECE: IbDev 0 Port 1 qp_num 1969 set_ece={supported=1, vendor_id=0x15b3, options=0x30000002, comp_mask=0x0}
srv1:31:42 [0] NCCL INFO NET/IB: ncclIbSenderQpsToRts: Set ECE: IbDev 1 Port 1 qp_num 2089 set_ece={supported=1, vendor_id=0x15b3, options=0x30000002, comp_mask=0x0}
srv1:31:42 [0] NCCL INFO NET/IB: ncclIbSenderQpsToRts: Set ECE: IbDev 0 Port 1 qp_num 1970 set_ece={supported=1, vendor_id=0x15b3, options=0x30000002, comp_mask=0x0}
srv1:31:42 [0] NCCL INFO NET/IB: ncclIbSenderQpsToRts: Set ECE: IbDev 1 Port 1 qp_num 2090 set_ece={supported=1, vendor_id=0x15b3, options=0x30000002, comp_mask=0x0}
srv1:31:42 [0] NCCL INFO NET/IB: ncclIbSenderQpsToRts: Set ECE: IbDev 0 Port 1 qp_num 1971 set_ece={supported=1, vendor_id=0x15b3, options=0x30000002, comp_mask=0x0}
srv1:31:42 [0] NCCL INFO NET/IB: ncclIbSenderQpsToRts: Set ECE: IbDev 1 Port 1 qp_num 2093 set_ece={supported=1, vendor_id=0x15b3, options=0x30000002, comp_mask=0x0}
srv1:31:42 [0] NCCL INFO NET/IB: ncclIbSenderQpsToRts: Set ECE: IbDev 0 Port 1 qp_num 1974 set_ece={supported=1, vendor_id=0x15b3, options=0x30000002, comp_mask=0x0}
srv1:31:42 [0] NCCL INFO NET/IB: ncclIbSenderQpsToRts: Set ECE: IbDev 1 Port 1 qp_num 2096 set_ece={supported=1, vendor_id=0x15b3, options=0x30000002, comp_mask=0x0}
srv1:31:42 [0] NCCL INFO NET/IB: ncclIbSenderQpsToRts: Set ECE: IbDev 0 Port 1 qp_num 1977 set_ece={supported=1, vendor_id=0x15b3, options=0x30000002, comp_mask=0x0}
srv1:31:42 [0] NCCL INFO NET/IB: ncclIbSenderQpsToRts: Set ECE: IbDev 1 Port 1 qp_num 2099 set_ece={supported=1, vendor_id=0x15b3, options=0x30000002, comp_mask=0x0}
srv1:31:42 [0] NCCL INFO NET/IB: ncclIbReceiverQpsCreateToRts: QP created: port=1 dev=0 devName=rocep1s0f0 ndevs=2 nmdevs=2 qp_num=1980 pkey=0 pd=0xf9c02c017c80
srv1:31:42 [0] NCCL INFO NET/IB: ncclIbReceiverQpsCreateToRts: QP created: port=1 dev=0 devName=rocep1s0f0 ndevs=2 nmdevs=2 qp_num=1981 pkey=0 pd=0xf9c02c017c80
srv1:31:42 [0] NCCL INFO NET/IB: ncclIbReceiverQpsCreateToRts: QP created: port=1 dev=1 devName=roceP2p1s0f0 ndevs=2 nmdevs=2 qp_num=2102 pkey=0 pd=0xf9c02c0dff90
srv1:31:42 [0] NCCL INFO NET/IB: ncclIbReceiverQpsCreateToRts: QP created: port=1 dev=1 devName=roceP2p1s0f0 ndevs=2 nmdevs=2 qp_num=2103 pkey=0 pd=0xf9c02c0dff90
srv1:31:42 [0] NCCL INFO NET/IB: ncclIbReceiverQpsCreateToRts: QP created: port=1 dev=0 devName=rocep1s0f0 ndevs=2 nmdevs=2 qp_num=1982 pkey=0 pd=0xf9c02c017c80
srv1:31:42 [0] NCCL INFO NET/IB: ncclIbReceiverQpsCreateToRts: QP created: port=1 dev=0 devName=rocep1s0f0 ndevs=2 nmdevs=2 qp_num=1983 pkey=0 pd=0xf9c02c017c80
srv1:31:42 [0] NCCL INFO NET/IB: ncclIbReceiverQpsCreateToRts: QP created: port=1 dev=1 devName=roceP2p1s0f0 ndevs=2 nmdevs=2 qp_num=2104 pkey=0 pd=0xf9c02c0dff90
srv1:31:42 [0] NCCL INFO NET/IB: ncclIbReceiverQpsCreateToRts: QP created: port=1 dev=1 devName=roceP2p1s0f0 ndevs=2 nmdevs=2 qp_num=2105 pkey=0 pd=0xf9c02c0dff90
srv1:31:42 [0] NCCL INFO NET/IB: ncclIbReceiverQpsCreateToRts: QP created: port=1 dev=0 devName=rocep1s0f0 ndevs=2 nmdevs=2 qp_num=1984 pkey=0 pd=0xf9c02c017c80
srv1:31:42 [0] NCCL INFO NET/IB: ncclIbReceiverQpsCreateToRts: QP created: port=1 dev=0 devName=rocep1s0f0 ndevs=2 nmdevs=2 qp_num=1985 pkey=0 pd=0xf9c02c017c80
srv1:31:42 [0] NCCL INFO NET/IB: ncclIbReceiverQpsCreateToRts: QP created: port=1 dev=1 devName=roceP2p1s0f0 ndevs=2 nmdevs=2 qp_num=2106 pkey=0 pd=0xf9c02c0dff90
srv1:31:42 [0] NCCL INFO NET/IB: ncclIbReceiverQpsCreateToRts: QP created: port=1 dev=1 devName=roceP2p1s0f0 ndevs=2 nmdevs=2 qp_num=2107 pkey=0 pd=0xf9c02c0dff90
srv1:31:42 [0] NCCL INFO NET/IB: ncclIbReceiverQpsCreateToRts: QP created: port=1 dev=1 devName=roceP2p1s0f0 ndevs=2 nmdevs=2 qp_num=2108 pkey=0 pd=0xf9c02c0dff90
srv1:31:42 [0] NCCL INFO NET/IB: ncclIbReceiverQpsCreateToRts: QP created: port=1 dev=1 devName=roceP2p1s0f0 ndevs=2 nmdevs=2 qp_num=2109 pkey=0 pd=0xf9c02c0dff90
srv1:31:42 [0] NCCL INFO NET/IB: ncclIbReceiverQpsCreateToRts: QP created: port=1 dev=0 devName=rocep1s0f0 ndevs=2 nmdevs=2 qp_num=1986 pkey=0 pd=0xf9c02c017c80
srv1:31:42 [0] NCCL INFO NET/IB: ncclIbReceiverQpsCreateToRts: QP created: port=1 dev=0 devName=rocep1s0f0 ndevs=2 nmdevs=2 qp_num=1987 pkey=0 pd=0xf9c02c017c80
srv1:31:42 [0] NCCL INFO NET/IB: ncclIbReceiverQpsCreateToRts: QP created: port=1 dev=1 devName=roceP2p1s0f0 ndevs=2 nmdevs=2 qp_num=2110 pkey=0 pd=0xf9c02c0dff90
srv1:31:42 [0] NCCL INFO NET/IB: ncclIbReceiverQpsCreateToRts: QP created: port=1 dev=1 devName=roceP2p1s0f0 ndevs=2 nmdevs=2 qp_num=2111 pkey=0 pd=0xf9c02c0dff90
srv1:31:42 [0] NCCL INFO NET/IB: ncclIbReceiverQpsCreateToRts: QP created: port=1 dev=0 devName=rocep1s0f0 ndevs=2 nmdevs=2 qp_num=1988 pkey=0 pd=0xf9c02c017c80
srv1:31:42 [0] NCCL INFO NET/IB: ncclIbReceiverQpsCreateToRts: QP created: port=1 dev=0 devName=rocep1s0f0 ndevs=2 nmdevs=2 qp_num=1989 pkey=0 pd=0xf9c02c017c80
srv1:31:42 [0] NCCL INFO NET/IB: ncclIbReceiverQpsCreateToRts: QP created: port=1 dev=1 devName=roceP2p1s0f0 ndevs=2 nmdevs=2 qp_num=2112 pkey=0 pd=0xf9c02c0dff90
srv1:31:42 [0] NCCL INFO NET/IB: ncclIbReceiverQpsCreateToRts: QP created: port=1 dev=1 devName=roceP2p1s0f0 ndevs=2 nmdevs=2 qp_num=2113 pkey=0 pd=0xf9c02c0dff90
srv1:31:42 [0] NCCL INFO NET/IB: ncclIbReceiverQpsCreateToRts: QP created: port=1 dev=0 devName=rocep1s0f0 ndevs=2 nmdevs=2 qp_num=1990 pkey=0 pd=0xf9c02c017c80
srv1:31:42 [0] NCCL INFO NET/IB: ncclIbReceiverQpsCreateToRts: QP created: port=1 dev=0 devName=rocep1s0f0 ndevs=2 nmdevs=2 qp_num=1991 pkey=0 pd=0xf9c02c017c80
srv1:31:42 [0] NCCL INFO NET/IB: ncclIbReceiverQpsCreateToRts: QP created: port=1 dev=1 devName=roceP2p1s0f0 ndevs=2 nmdevs=2 qp_num=2114 pkey=0 pd=0xf9c02c0dff90
srv1:31:42 [0] NCCL INFO NET/IB: ncclIbReceiverQpsCreateToRts: QP created: port=1 dev=1 devName=roceP2p1s0f0 ndevs=2 nmdevs=2 qp_num=2115 pkey=0 pd=0xf9c02c0dff90
srv1:31:42 [0] NCCL INFO NET/IB: ncclIbReceiverQpsCreateToRts: QP created: port=1 dev=0 devName=rocep1s0f0 ndevs=2 nmdevs=2 qp_num=1992 pkey=0 pd=0xf9c02c017c80
srv1:31:42 [0] NCCL INFO NET/IB: ncclIbReceiverQpsCreateToRts: QP created: port=1 dev=0 devName=rocep1s0f0 ndevs=2 nmdevs=2 qp_num=1993 pkey=0 pd=0xf9c02c017c80
srv1:31:42 [0] NCCL INFO NET/IB: ncclIbReceiverQpsCreateToRts: QP created: port=1 dev=1 devName=roceP2p1s0f0 ndevs=2 nmdevs=2 qp_num=2116 pkey=0 pd=0xf9c02c0dff90
srv1:31:42 [0] NCCL INFO NET/IB: ncclIbReceiverQpsCreateToRts: QP created: port=1 dev=1 devName=roceP2p1s0f0 ndevs=2 nmdevs=2 qp_num=2117 pkey=0 pd=0xf9c02c0dff90
srv1:31:42 [0] NCCL INFO NET/IB: ncclIbReceiverQpsCreateToRts: QP created: port=1 dev=0 devName=rocep1s0f0 ndevs=2 nmdevs=2 qp_num=1994 pkey=0 pd=0xf9c02c017c80
srv1:31:42 [0] NCCL INFO NET/IB: ncclIbReceiverQpsCreateToRts: QP created: port=1 dev=0 devName=rocep1s0f0 ndevs=2 nmdevs=2 qp_num=1995 pkey=0 pd=0xf9c02c017c80
srv1:31:31 [0] NCCL INFO Connected all trees
srv1:31:42 [0] NCCL INFO New proxy send connection 72 from local rank 0, transport 2
srv1:31:31 [0] NCCL INFO Connected to proxy localRank 0 -> connection 0xf9c02c0075b0
srv1:31:31 [0] NCCL INFO Channel 00/0 : 1[0] -> 0[0] [send] via NET/IB/0
srv1:31:42 [0] NCCL INFO New proxy send connection 73 from local rank 0, transport 2
srv1:31:31 [0] NCCL INFO Connected to proxy localRank 0 -> connection 0xf9c02c007638
srv1:31:31 [0] NCCL INFO Channel 01/0 : 1[0] -> 0[0] [send] via NET/IB/1
srv1:31:42 [0] NCCL INFO New proxy send connection 74 from local rank 0, transport 2
srv1:31:31 [0] NCCL INFO Connected to proxy localRank 0 -> connection 0xf9c02c0076c0
srv1:31:31 [0] NCCL INFO Channel 02/0 : 1[0] -> 0[0] [send] via NET/IB/0
srv1:31:42 [0] NCCL INFO New proxy send connection 75 from local rank 0, transport 2
srv1:31:31 [0] NCCL INFO Connected to proxy localRank 0 -> connection 0xf9c02c007748
srv1:31:31 [0] NCCL INFO Channel 03/0 : 1[0] -> 0[0] [send] via NET/IB/1
srv1:31:42 [0] NCCL INFO New proxy send connection 76 from local rank 0, transport 2
srv1:31:31 [0] NCCL INFO Connected to proxy localRank 0 -> connection 0xf9c02c0077d0
srv1:31:31 [0] NCCL INFO Channel 04/0 : 1[0] -> 0[0] [send] via NET/IB/0
srv1:31:42 [0] NCCL INFO New proxy send connection 77 from local rank 0, transport 2
srv1:31:31 [0] NCCL INFO Connected to proxy localRank 0 -> connection 0xf9c02c007858
srv1:31:31 [0] NCCL INFO Channel 05/0 : 1[0] -> 0[0] [send] via NET/IB/1
srv1:31:42 [0] NCCL INFO New proxy send connection 78 from local rank 0, transport 2
srv1:31:31 [0] NCCL INFO Connected to proxy localRank 0 -> connection 0xf9c02c0078e0
srv1:31:31 [0] NCCL INFO Channel 06/0 : 1[0] -> 0[0] [send] via NET/IB/0
srv1:31:42 [0] NCCL INFO New proxy send connection 79 from local rank 0, transport 2
srv1:31:31 [0] NCCL INFO Connected to proxy localRank 0 -> connection 0xf9c02c007968
srv1:31:31 [0] NCCL INFO Channel 07/0 : 1[0] -> 0[0] [send] via NET/IB/1
srv1:31:42 [0] NCCL INFO NET/IB: ncclIbResiliencyInit: Resiliency is disabled on the send communicator (comm=0xf9c02e3b2000)
srv1:31:42 [0] NCCL INFO NET/IB: ncclIbResiliencyInit: Resiliency is disabled on the send communicator (comm=0xf9c02e3eb000)
srv1:31:42 [0] NCCL INFO NET/IB: ncclIbSenderQpsCreate: QP created: port=1 dev=0 devName=rocep1s0f0 ndevs=2 nmdevs=2 qp_num=1996 pkey=0 pd=0xf9c02c017c80
srv1:31:42 [0] NCCL INFO NET/IB: ncclIbConnect: NCCL Dev 0 IbDev 0 Port 1 qp_num 1996 mtu 5 GID 3 (0/10A0A0AFFFF0000) ctsFifoRkey=0x176b28 ctsFifoLkey=0x176b28
srv1:31:42 [0] NCCL INFO NET/IB: ncclIbConnect: IbDev 0 Port 1 qp_num 1996 query_ece={supported=1, vendor_id=0x15b3, options=0x30000002, comp_mask=0x0}
srv1:31:42 [0] NCCL INFO NET/IB: ncclIbResiliencyInit: Resiliency is disabled on the send communicator (comm=0xf9c02e452000)
srv1:31:42 [0] NCCL INFO NET/IB: ncclIbResiliencyInit: Resiliency is disabled on the send communicator (comm=0xf9c02e48b000)
srv1:31:42 [0] NCCL INFO NET/IB: ncclIbResiliencyInit: Resiliency is disabled on the send communicator (comm=0xf9c02e4c4000)
srv1:31:42 [0] NCCL INFO NET/IB: ncclIbResiliencyInit: Resiliency is disabled on the send communicator (comm=0xf9c02e4fd000)
srv1:31:42 [0] NCCL INFO NET/IB: ncclIbResiliencyInit: Resiliency is disabled on the send communicator (comm=0xf9c02e536000)
srv1:31:42 [0] NCCL INFO NET/IB: ncclIbResiliencyInit: Resiliency is disabled on the send communicator (comm=0xf9c02e56f000)
srv1:31:42 [0] NCCL INFO NET/IB: ncclIbSenderQpsToRts: Set ECE: IbDev 0 Port 1 qp_num 1996 set_ece={supported=1, vendor_id=0x15b3, options=0x30000002, comp_mask=0x0}
srv1:31:42 [0] NCCL INFO NET/IB: ncclIbSenderQpsCreate: QP created: port=1 dev=1 devName=roceP2p1s0f0 ndevs=2 nmdevs=2 qp_num=2118 pkey=0 pd=0xf9c02c0dff90
srv1:31:42 [0] NCCL INFO NET/IB: ncclIbConnect: NCCL Dev 1 IbDev 1 Port 1 qp_num 2118 mtu 5 GID 3 (0/10B0A0AFFFF0000) ctsFifoRkey=0x18cecb ctsFifoLkey=0x18cecb
srv1:31:42 [0] NCCL INFO NET/IB: ncclIbConnect: IbDev 1 Port 1 qp_num 2118 query_ece={supported=1, vendor_id=0x15b3, options=0x30000002, comp_mask=0x0}
srv1:31:42 [0] NCCL INFO NET/IB: ncclIbSenderQpsToRts: Set ECE: IbDev 1 Port 1 qp_num 2118 set_ece={supported=1, vendor_id=0x15b3, options=0x30000002, comp_mask=0x0}
srv1:31:42 [0] NCCL INFO NET/IB: ncclIbSenderQpsCreate: QP created: port=1 dev=0 devName=rocep1s0f0 ndevs=2 nmdevs=2 qp_num=1997 pkey=0 pd=0xf9c02c017c80
srv1:31:42 [0] NCCL INFO NET/IB: ncclIbConnect: NCCL Dev 0 IbDev 0 Port 1 qp_num 1997 mtu 5 GID 3 (0/10A0A0AFFFF0000) ctsFifoRkey=0x175f1b ctsFifoLkey=0x175f1b
srv1:31:42 [0] NCCL INFO NET/IB: ncclIbConnect: IbDev 0 Port 1 qp_num 1997 query_ece={supported=1, vendor_id=0x15b3, options=0x30000002, comp_mask=0x0}
srv1:31:42 [0] NCCL INFO NET/IB: ncclIbSenderQpsCreate: QP created: port=1 dev=1 devName=roceP2p1s0f0 ndevs=2 nmdevs=2 qp_num=2119 pkey=0 pd=0xf9c02c0dff90
srv1:31:42 [0] NCCL INFO NET/IB: ncclIbConnect: NCCL Dev 1 IbDev 1 Port 1 qp_num 2119 mtu 5 GID 3 (0/10B0A0AFFFF0000) ctsFifoRkey=0x18e3e2 ctsFifoLkey=0x18e3e2
srv1:31:42 [0] NCCL INFO NET/IB: ncclIbConnect: IbDev 1 Port 1 qp_num 2119 query_ece={supported=1, vendor_id=0x15b3, options=0x30000002, comp_mask=0x0}
srv1:31:42 [0] NCCL INFO NET/IB: ncclIbSenderQpsCreate: QP created: port=1 dev=0 devName=rocep1s0f0 ndevs=2 nmdevs=2 qp_num=1998 pkey=0 pd=0xf9c02c017c80
srv1:31:42 [0] NCCL INFO NET/IB: ncclIbConnect: NCCL Dev 0 IbDev 0 Port 1 qp_num 1998 mtu 5 GID 3 (0/10A0A0AFFFF0000) ctsFifoRkey=0x17e8a6 ctsFifoLkey=0x17e8a6
srv1:31:42 [0] NCCL INFO NET/IB: ncclIbConnect: IbDev 0 Port 1 qp_num 1998 query_ece={supported=1, vendor_id=0x15b3, options=0x30000002, comp_mask=0x0}
srv1:31:42 [0] NCCL INFO NET/IB: ncclIbSenderQpsCreate: QP created: port=1 dev=1 devName=roceP2p1s0f0 ndevs=2 nmdevs=2 qp_num=2120 pkey=0 pd=0xf9c02c0dff90
srv1:31:42 [0] NCCL INFO NET/IB: ncclIbConnect: NCCL Dev 1 IbDev 1 Port 1 qp_num 2120 mtu 5 GID 3 (0/10B0A0AFFFF0000) ctsFifoRkey=0x18fbfb ctsFifoLkey=0x18fbfb
srv1:31:42 [0] NCCL INFO NET/IB: ncclIbConnect: IbDev 1 Port 1 qp_num 2120 query_ece={supported=1, vendor_id=0x15b3, options=0x30000002, comp_mask=0x0}
srv1:31:42 [0] NCCL INFO NET/IB: ncclIbSenderQpsToRts: Set ECE: IbDev 0 Port 1 qp_num 1997 set_ece={supported=1, vendor_id=0x15b3, options=0x30000002, comp_mask=0x0}
srv1:31:42 [0] NCCL INFO NET/IB: ncclIbSenderQpsToRts: Set ECE: IbDev 1 Port 1 qp_num 2119 set_ece={supported=1, vendor_id=0x15b3, options=0x30000002, comp_mask=0x0}
srv1:31:42 [0] NCCL INFO NET/IB: ncclIbSenderQpsToRts: Set ECE: IbDev 0 Port 1 qp_num 1998 set_ece={supported=1, vendor_id=0x15b3, options=0x30000002, comp_mask=0x0}
srv1:31:42 [0] NCCL INFO NET/IB: ncclIbSenderQpsToRts: Set ECE: IbDev 1 Port 1 qp_num 2120 set_ece={supported=1, vendor_id=0x15b3, options=0x30000002, comp_mask=0x0}
srv1:31:42 [0] NCCL INFO NET/IB: ncclIbSenderQpsCreate: QP created: port=1 dev=0 devName=rocep1s0f0 ndevs=2 nmdevs=2 qp_num=1999 pkey=0 pd=0xf9c02c017c80
srv1:31:42 [0] NCCL INFO NET/IB: ncclIbConnect: NCCL Dev 0 IbDev 0 Port 1 qp_num 1999 mtu 5 GID 3 (0/10A0A0AFFFF0000) ctsFifoRkey=0x175212 ctsFifoLkey=0x175212
srv1:31:42 [0] NCCL INFO NET/IB: ncclIbConnect: IbDev 0 Port 1 qp_num 1999 query_ece={supported=1, vendor_id=0x15b3, options=0x30000002, comp_mask=0x0}
srv1:31:42 [0] NCCL INFO NET/IB: ncclIbSenderQpsToRts: Set ECE: IbDev 0 Port 1 qp_num 1999 set_ece={supported=1, vendor_id=0x15b3, options=0x30000002, comp_mask=0x0}
srv1:31:42 [0] NCCL INFO NET/IB: ncclIbSenderQpsCreate: QP created: port=1 dev=1 devName=roceP2p1s0f0 ndevs=2 nmdevs=2 qp_num=2121 pkey=0 pd=0xf9c02c0dff90
srv1:31:42 [0] NCCL INFO NET/IB: ncclIbConnect: NCCL Dev 1 IbDev 1 Port 1 qp_num 2121 mtu 5 GID 3 (0/10B0A0AFFFF0000) ctsFifoRkey=0x190e0f ctsFifoLkey=0x190e0f
srv1:31:42 [0] NCCL INFO NET/IB: ncclIbConnect: IbDev 1 Port 1 qp_num 2121 query_ece={supported=1, vendor_id=0x15b3, options=0x30000002, comp_mask=0x0}
srv1:31:42 [0] NCCL INFO NET/IB: ncclIbSenderQpsToRts: Set ECE: IbDev 1 Port 1 qp_num 2121 set_ece={supported=1, vendor_id=0x15b3, options=0x30000002, comp_mask=0x0}
srv1:31:42 [0] NCCL INFO New proxy recv connection 80 from local rank 0, transport 2
srv1:31:31 [0] NCCL INFO Connected to proxy localRank 0 -> connection 0xf9c02c0079f0
srv1:31:31 [0] NCCL INFO Channel 00/0 : 3[0] -> 1[0] [receive] via NET/IB/0
srv1:31:42 [0] NCCL INFO New proxy recv connection 81 from local rank 0, transport 2
srv1:31:31 [0] NCCL INFO Connected to proxy localRank 0 -> connection 0xf9c02c007a78
srv1:31:31 [0] NCCL INFO Channel 01/0 : 3[0] -> 1[0] [receive] via NET/IB/1
srv1:31:42 [0] NCCL INFO New proxy recv connection 82 from local rank 0, transport 2
srv1:31:31 [0] NCCL INFO Connected to proxy localRank 0 -> connection 0xf9c02c007b00
srv1:31:31 [0] NCCL INFO Channel 02/0 : 3[0] -> 1[0] [receive] via NET/IB/0
srv1:31:42 [0] NCCL INFO New proxy recv connection 83 from local rank 0, transport 2
srv1:31:31 [0] NCCL INFO Connected to proxy localRank 0 -> connection 0xf9c02c007b88
srv1:31:31 [0] NCCL INFO Channel 03/0 : 3[0] -> 1[0] [receive] via NET/IB/1
srv1:31:42 [0] NCCL INFO New proxy recv connection 84 from local rank 0, transport 2
srv1:31:31 [0] NCCL INFO Connected to proxy localRank 0 -> connection 0xf9c02c007c10
srv1:31:31 [0] NCCL INFO Channel 04/0 : 3[0] -> 1[0] [receive] via NET/IB/0
srv1:31:42 [0] NCCL INFO New proxy recv connection 85 from local rank 0, transport 2
srv1:31:31 [0] NCCL INFO Connected to proxy localRank 0 -> connection 0xf9c02c007c98
srv1:31:31 [0] NCCL INFO Channel 05/0 : 3[0] -> 1[0] [receive] via NET/IB/1
srv1:31:42 [0] NCCL INFO New proxy recv connection 86 from local rank 0, transport 2
srv1:31:31 [0] NCCL INFO Connected to proxy localRank 0 -> connection 0xf9c02c007d20
srv1:31:31 [0] NCCL INFO Channel 06/0 : 3[0] -> 1[0] [receive] via NET/IB/0
srv1:31:42 [0] NCCL INFO New proxy recv connection 87 from local rank 0, transport 2
srv1:31:31 [0] NCCL INFO Connected to proxy localRank 0 -> connection 0xf9c02c007da8
srv1:31:31 [0] NCCL INFO Channel 07/0 : 3[0] -> 1[0] [receive] via NET/IB/1
srv1:31:42 [0] NCCL INFO New proxy send connection 88 from local rank 0, transport 2
srv1:31:31 [0] NCCL INFO Connected to proxy localRank 0 -> connection 0xf9c02c007e30
srv1:31:31 [0] NCCL INFO Channel 00/0 : 1[0] -> 3[0] [send] via NET/IB/0
srv1:31:42 [0] NCCL INFO New proxy send connection 89 from local rank 0, transport 2
srv1:31:31 [0] NCCL INFO Connected to proxy localRank 0 -> connection 0xf9c02c007eb8
srv1:31:31 [0] NCCL INFO Channel 01/0 : 1[0] -> 3[0] [send] via NET/IB/1
srv1:31:42 [0] NCCL INFO New proxy send connection 90 from local rank 0, transport 2
srv1:31:31 [0] NCCL INFO Connected to proxy localRank 0 -> connection 0xf9c02c007f40
srv1:31:31 [0] NCCL INFO Channel 02/0 : 1[0] -> 3[0] [send] via NET/IB/0
srv1:31:42 [0] NCCL INFO New proxy send connection 91 from local rank 0, transport 2
srv1:31:31 [0] NCCL INFO Connected to proxy localRank 0 -> connection 0xf9c02c007fc8
srv1:31:31 [0] NCCL INFO Channel 03/0 : 1[0] -> 3[0] [send] via NET/IB/1
srv1:31:42 [0] NCCL INFO New proxy send connection 92 from local rank 0, transport 2
srv1:31:31 [0] NCCL INFO Connected to proxy localRank 0 -> connection 0xf9c02c008050
srv1:31:31 [0] NCCL INFO Channel 04/0 : 1[0] -> 3[0] [send] via NET/IB/0
srv1:31:42 [0] NCCL INFO New proxy send connection 93 from local rank 0, transport 2
srv1:31:31 [0] NCCL INFO Connected to proxy localRank 0 -> connection 0xf9c02c0080d8
srv1:31:31 [0] NCCL INFO Channel 05/0 : 1[0] -> 3[0] [send] via NET/IB/1
srv1:31:42 [0] NCCL INFO New proxy send connection 94 from local rank 0, transport 2
srv1:31:31 [0] NCCL INFO Connected to proxy localRank 0 -> connection 0xf9c02c008160
srv1:31:31 [0] NCCL INFO Channel 06/0 : 1[0] -> 3[0] [send] via NET/IB/0
srv1:31:42 [0] NCCL INFO New proxy send connection 95 from local rank 0, transport 2
srv1:31:31 [0] NCCL INFO Connected to proxy localRank 0 -> connection 0xf9c02c0081e8
srv1:31:31 [0] NCCL INFO Channel 07/0 : 1[0] -> 3[0] [send] via NET/IB/1
srv1:31:42 [0] NCCL INFO NET/IB: ncclIbResiliencyInit: Resiliency is disabled on the send communicator (comm=0xf9c02e6fa000)
srv1:31:42 [0] NCCL INFO NET/IB: ncclIbResiliencyInit: Resiliency is disabled on the recv communicator (comm=0xf9c02e733000)
srv1:31:42 [0] NCCL INFO NET/IB: ncclIbRecvCommInit: Receive work requests will be posted on-demand
srv1:31:42 [0] NCCL INFO NET/IB: ncclIbResiliencyInit: Resiliency is disabled on the send communicator (comm=0xf9c02e770000)
srv1:31:42 [0] NCCL INFO NET/IB: ncclIbSenderQpsCreate: QP created: port=1 dev=0 devName=rocep1s0f0 ndevs=2 nmdevs=2 qp_num=2000 pkey=0 pd=0xf9c02c017c80
srv1:31:42 [0] NCCL INFO NET/IB: ncclIbConnect: NCCL Dev 0 IbDev 0 Port 1 qp_num 2000 mtu 5 GID 3 (0/10A0A0AFFFF0000) ctsFifoRkey=0x174906 ctsFifoLkey=0x174906
srv1:31:42 [0] NCCL INFO NET/IB: ncclIbConnect: IbDev 0 Port 1 qp_num 2000 query_ece={supported=1, vendor_id=0x15b3, options=0x30000002, comp_mask=0x0}
srv1:31:42 [0] NCCL INFO NET/IB: ncclIbSenderQpsCreate: QP created: port=1 dev=1 devName=roceP2p1s0f0 ndevs=2 nmdevs=2 qp_num=2122 pkey=0 pd=0xf9c02c0dff90
srv1:31:42 [0] NCCL INFO NET/IB: ncclIbConnect: NCCL Dev 1 IbDev 1 Port 1 qp_num 2122 mtu 5 GID 3 (0/10B0A0AFFFF0000) ctsFifoRkey=0x1c755e ctsFifoLkey=0x1c755e
srv1:31:42 [0] NCCL INFO NET/IB: ncclIbConnect: IbDev 1 Port 1 qp_num 2122 query_ece={supported=1, vendor_id=0x15b3, options=0x30000002, comp_mask=0x0}
srv1:31:42 [0] NCCL INFO NET/IB: ncclIbResiliencyInit: Resiliency is disabled on the recv communicator (comm=0xf9c02e80f000)
srv1:31:42 [0] NCCL INFO NET/IB: ncclIbRecvCommInit: Receive work requests will be posted on-demand
srv1:31:42 [0] NCCL INFO NET/IB: ncclIbResiliencyInit: Resiliency is disabled on the send communicator (comm=0xf9c02e84e000)
srv1:31:42 [0] NCCL INFO NET/IB: ncclIbReceiverQpsCreateToRts: QP created: port=1 dev=0 devName=rocep1s0f0 ndevs=2 nmdevs=2 qp_num=2001 pkey=0 pd=0xf9c02c017c80
srv1:31:42 [0] NCCL INFO NET/IB: ncclIbReceiverQpsCreateToRts: QP created: port=1 dev=0 devName=rocep1s0f0 ndevs=2 nmdevs=2 qp_num=2002 pkey=0 pd=0xf9c02c017c80
srv1:31:42 [0] NCCL INFO NET/IB: ncclIbResiliencyInit: Resiliency is disabled on the recv communicator (comm=0xf9c02e8d9000)
srv1:31:42 [0] NCCL INFO NET/IB: ncclIbRecvCommInit: Receive work requests will be posted on-demand
srv1:31:42 [0] NCCL INFO NET/IB: ncclIbSenderQpsToRts: Set ECE: IbDev 0 Port 1 qp_num 2000 set_ece={supported=1, vendor_id=0x15b3, options=0x30000002, comp_mask=0x0}
srv1:31:42 [0] NCCL INFO NET/IB: ncclIbSenderQpsToRts: Set ECE: IbDev 1 Port 1 qp_num 2122 set_ece={supported=1, vendor_id=0x15b3, options=0x30000002, comp_mask=0x0}
srv1:31:42 [0] NCCL INFO NET/IB: ncclIbReceiverQpsCreateToRts: QP created: port=1 dev=1 devName=roceP2p1s0f0 ndevs=2 nmdevs=2 qp_num=2123 pkey=0 pd=0xf9c02c0dff90
srv1:31:42 [0] NCCL INFO NET/IB: ncclIbReceiverQpsCreateToRts: QP created: port=1 dev=1 devName=roceP2p1s0f0 ndevs=2 nmdevs=2 qp_num=2124 pkey=0 pd=0xf9c02c0dff90
srv1:31:42 [0] NCCL INFO NET/IB: ncclIbSenderQpsCreate: QP created: port=1 dev=0 devName=rocep1s0f0 ndevs=2 nmdevs=2 qp_num=2003 pkey=0 pd=0xf9c02c017c80
srv1:31:42 [0] NCCL INFO NET/IB: ncclIbConnect: NCCL Dev 0 IbDev 0 Port 1 qp_num 2003 mtu 5 GID 3 (0/10A0A0AFFFF0000) ctsFifoRkey=0x173dfb ctsFifoLkey=0x173dfb
srv1:31:42 [0] NCCL INFO NET/IB: ncclIbConnect: IbDev 0 Port 1 qp_num 2003 query_ece={supported=1, vendor_id=0x15b3, options=0x30000002, comp_mask=0x0}
srv1:31:42 [0] NCCL INFO NET/IB: ncclIbReceiverQpsCreateToRts: QP created: port=1 dev=0 devName=rocep1s0f0 ndevs=2 nmdevs=2 qp_num=2004 pkey=0 pd=0xf9c02c017c80
srv1:31:42 [0] NCCL INFO NET/IB: ncclIbReceiverQpsCreateToRts: QP created: port=1 dev=0 devName=rocep1s0f0 ndevs=2 nmdevs=2 qp_num=2005 pkey=0 pd=0xf9c02c017c80
srv1:31:42 [0] NCCL INFO NET/IB: ncclIbResiliencyInit: Resiliency is disabled on the send communicator (comm=0xf9c02e9e4000)
srv1:31:42 [0] NCCL INFO NET/IB: ncclIbSenderQpsToRts: Set ECE: IbDev 0 Port 1 qp_num 2003 set_ece={supported=1, vendor_id=0x15b3, options=0x30000002, comp_mask=0x0}
srv1:31:42 [0] NCCL INFO NET/IB: ncclIbResiliencyInit: Resiliency is disabled on the recv communicator (comm=0xf9c02ea1f000)
srv1:31:42 [0] NCCL INFO NET/IB: ncclIbRecvCommInit: Receive work requests will be posted on-demand
srv1:31:42 [0] NCCL INFO NET/IB: ncclIbResiliencyInit: Resiliency is disabled on the send communicator (comm=0xf9c02ea5e000)
srv1:31:42 [0] NCCL INFO NET/IB: ncclIbResiliencyInit: Resiliency is disabled on the recv communicator (comm=0xf9c02ea97000)
srv1:31:42 [0] NCCL INFO NET/IB: ncclIbRecvCommInit: Receive work requests will be posted on-demand
srv1:31:42 [0] NCCL INFO NET/IB: ncclIbResiliencyInit: Resiliency is disabled on the send communicator (comm=0xf9c02ead4000)
srv1:31:42 [0] NCCL INFO NET/IB: ncclIbResiliencyInit: Resiliency is disabled on the recv communicator (comm=0xf9c02eb0f000)
srv1:31:42 [0] NCCL INFO NET/IB: ncclIbRecvCommInit: Receive work requests will be posted on-demand
srv1:31:42 [0] NCCL INFO NET/IB: ncclIbResiliencyInit: Resiliency is disabled on the send communicator (comm=0xf9c02eb4e000)
srv1:31:42 [0] NCCL INFO NET/IB: ncclIbResiliencyInit: Resiliency is disabled on the recv communicator (comm=0xf9c02eb89000)
srv1:31:42 [0] NCCL INFO NET/IB: ncclIbRecvCommInit: Receive work requests will be posted on-demand
srv1:31:42 [0] NCCL INFO NET/IB: ncclIbResiliencyInit: Resiliency is disabled on the send communicator (comm=0xf9c02ebc8000)
srv1:31:42 [0] NCCL INFO NET/IB: ncclIbResiliencyInit: Resiliency is disabled on the recv communicator (comm=0xf9c02ec03000)
srv1:31:42 [0] NCCL INFO NET/IB: ncclIbRecvCommInit: Receive work requests will be posted on-demand
srv1:31:42 [0] NCCL INFO NET/IB: ncclIbReceiverQpsCreateToRts: QP created: port=1 dev=1 devName=roceP2p1s0f0 ndevs=2 nmdevs=2 qp_num=2125 pkey=0 pd=0xf9c02c0dff90
srv1:31:42 [0] NCCL INFO NET/IB: ncclIbReceiverQpsCreateToRts: QP created: port=1 dev=1 devName=roceP2p1s0f0 ndevs=2 nmdevs=2 qp_num=2126 pkey=0 pd=0xf9c02c0dff90
srv1:31:42 [0] NCCL INFO NET/IB: ncclIbSenderQpsCreate: QP created: port=1 dev=0 devName=rocep1s0f0 ndevs=2 nmdevs=2 qp_num=2006 pkey=0 pd=0xf9c02c017c80
srv1:31:42 [0] NCCL INFO NET/IB: ncclIbConnect: NCCL Dev 0 IbDev 0 Port 1 qp_num 2006 mtu 5 GID 3 (0/10A0A0AFFFF0000) ctsFifoRkey=0x1728e6 ctsFifoLkey=0x1728e6
srv1:31:42 [0] NCCL INFO NET/IB: ncclIbConnect: IbDev 0 Port 1 qp_num 2006 query_ece={supported=1, vendor_id=0x15b3, options=0x30000002, comp_mask=0x0}
srv1:31:42 [0] NCCL INFO NET/IB: ncclIbReceiverQpsCreateToRts: QP created: port=1 dev=0 devName=rocep1s0f0 ndevs=2 nmdevs=2 qp_num=2007 pkey=0 pd=0xf9c02c017c80
srv1:31:42 [0] NCCL INFO NET/IB: ncclIbReceiverQpsCreateToRts: QP created: port=1 dev=0 devName=rocep1s0f0 ndevs=2 nmdevs=2 qp_num=2008 pkey=0 pd=0xf9c02c017c80
srv1:31:42 [0] NCCL INFO NET/IB: ncclIbSenderQpsCreate: QP created: port=1 dev=1 devName=roceP2p1s0f0 ndevs=2 nmdevs=2 qp_num=2127 pkey=0 pd=0xf9c02c0dff90
srv1:31:42 [0] NCCL INFO NET/IB: ncclIbConnect: NCCL Dev 1 IbDev 1 Port 1 qp_num 2127 mtu 5 GID 3 (0/10B0A0AFFFF0000) ctsFifoRkey=0x19594d ctsFifoLkey=0x19594d
srv1:31:42 [0] NCCL INFO NET/IB: ncclIbConnect: IbDev 1 Port 1 qp_num 2127 query_ece={supported=1, vendor_id=0x15b3, options=0x30000002, comp_mask=0x0}
srv1:31:42 [0] NCCL INFO NET/IB: ncclIbReceiverQpsCreateToRts: QP created: port=1 dev=1 devName=roceP2p1s0f0 ndevs=2 nmdevs=2 qp_num=2128 pkey=0 pd=0xf9c02c0dff90
srv1:31:42 [0] NCCL INFO NET/IB: ncclIbReceiverQpsCreateToRts: QP created: port=1 dev=1 devName=roceP2p1s0f0 ndevs=2 nmdevs=2 qp_num=2129 pkey=0 pd=0xf9c02c0dff90
srv1:31:42 [0] NCCL INFO NET/IB: ncclIbSenderQpsCreate: QP created: port=1 dev=0 devName=rocep1s0f0 ndevs=2 nmdevs=2 qp_num=2009 pkey=0 pd=0xf9c02c017c80
srv1:31:42 [0] NCCL INFO NET/IB: ncclIbConnect: NCCL Dev 0 IbDev 0 Port 1 qp_num 2009 mtu 5 GID 3 (0/10A0A0AFFFF0000) ctsFifoRkey=0x171dda ctsFifoLkey=0x171dda
srv1:31:42 [0] NCCL INFO NET/IB: ncclIbConnect: IbDev 0 Port 1 qp_num 2009 query_ece={supported=1, vendor_id=0x15b3, options=0x30000002, comp_mask=0x0}
srv1:31:42 [0] NCCL INFO NET/IB: ncclIbReceiverQpsCreateToRts: QP created: port=1 dev=0 devName=rocep1s0f0 ndevs=2 nmdevs=2 qp_num=2010 pkey=0 pd=0xf9c02c017c80
srv1:31:42 [0] NCCL INFO NET/IB: ncclIbReceiverQpsCreateToRts: QP created: port=1 dev=0 devName=rocep1s0f0 ndevs=2 nmdevs=2 qp_num=2011 pkey=0 pd=0xf9c02c017c80
srv1:31:42 [0] NCCL INFO NET/IB: ncclIbSenderQpsCreate: QP created: port=1 dev=1 devName=roceP2p1s0f0 ndevs=2 nmdevs=2 qp_num=2130 pkey=0 pd=0xf9c02c0dff90
srv1:31:42 [0] NCCL INFO NET/IB: ncclIbConnect: NCCL Dev 1 IbDev 1 Port 1 qp_num 2130 mtu 5 GID 3 (0/10B0A0AFFFF0000) ctsFifoRkey=0x195e56 ctsFifoLkey=0x195e56
srv1:31:42 [0] NCCL INFO NET/IB: ncclIbConnect: IbDev 1 Port 1 qp_num 2130 query_ece={supported=1, vendor_id=0x15b3, options=0x30000002, comp_mask=0x0}
srv1:31:42 [0] NCCL INFO NET/IB: ncclIbSenderQpsToRts: Set ECE: IbDev 0 Port 1 qp_num 2006 set_ece={supported=1, vendor_id=0x15b3, options=0x30000002, comp_mask=0x0}
srv1:31:42 [0] NCCL INFO NET/IB: ncclIbSenderQpsToRts: Set ECE: IbDev 1 Port 1 qp_num 2127 set_ece={supported=1, vendor_id=0x15b3, options=0x30000002, comp_mask=0x0}
srv1:31:42 [0] NCCL INFO NET/IB: ncclIbSenderQpsToRts: Set ECE: IbDev 0 Port 1 qp_num 2009 set_ece={supported=1, vendor_id=0x15b3, options=0x30000002, comp_mask=0x0}
srv1:31:42 [0] NCCL INFO NET/IB: ncclIbSenderQpsCreate: QP created: port=1 dev=1 devName=roceP2p1s0f0 ndevs=2 nmdevs=2 qp_num=2131 pkey=0 pd=0xf9c02c0dff90
srv1:31:42 [0] NCCL INFO NET/IB: ncclIbConnect: NCCL Dev 1 IbDev 1 Port 1 qp_num 2131 mtu 5 GID 3 (0/10B0A0AFFFF0000) ctsFifoRkey=0x18efed ctsFifoLkey=0x18efed
srv1:31:42 [0] NCCL INFO NET/IB: ncclIbConnect: IbDev 1 Port 1 qp_num 2131 query_ece={supported=1, vendor_id=0x15b3, options=0x30000002, comp_mask=0x0}
srv1:31:42 [0] NCCL INFO NET/IB: ncclIbReceiverQpsCreateToRts: QP created: port=1 dev=1 devName=roceP2p1s0f0 ndevs=2 nmdevs=2 qp_num=2132 pkey=0 pd=0xf9c02c0dff90
srv1:31:42 [0] NCCL INFO NET/IB: ncclIbReceiverQpsCreateToRts: QP created: port=1 dev=1 devName=roceP2p1s0f0 ndevs=2 nmdevs=2 qp_num=2133 pkey=0 pd=0xf9c02c0dff90
srv1:31:42 [0] NCCL INFO NET/IB: ncclIbSenderQpsToRts: Set ECE: IbDev 1 Port 1 qp_num 2130 set_ece={supported=1, vendor_id=0x15b3, options=0x30000002, comp_mask=0x0}
srv1:31:42 [0] NCCL INFO NET/IB: ncclIbSenderQpsToRts: Set ECE: IbDev 1 Port 1 qp_num 2131 set_ece={supported=1, vendor_id=0x15b3, options=0x30000002, comp_mask=0x0}
srv1:31:31 [0] NCCL INFO Connected binomial trees
srv1:31:42 [0] NCCL INFO New proxy send connection 96 from local rank 0, transport 2
srv1:31:31 [0] NCCL INFO Connected to proxy localRank 0 -> connection 0xf9c02c008270
srv1:31:31 [0] NCCL INFO TUNER/Plugin: Could not find: libnccl-tuner.so
srv1:31:31 [0] NCCL INFO threadThresholds 8/8/64 | 32/8/64 | 512 | 512
srv1:31:31 [0] NCCL INFO 16 coll channels, 16 collnet channels, 0 nvls channels, 16 p2p channels, 4 p2p channels per peer
srv1:31:31 [0] NCCL INFO Symmetric memory is not supported. cuMemEnable 0, globalGinSupport 0, globalNicFused 0 cuMemGdrSupport 0
srv1:31:31 [0] NCCL INFO ncclCommInitRankConfig comm 0x278f0ac0 rank 1 nranks 4 cudaDev 0 nvmlDev 0 busId f01000 commId 0x5b0c65046d7e5d07 - Init COMPLETE
srv1:31:31 [0] NCCL INFO Init timings - ncclCommInitRankConfig: rank 1 nranks 4 total 1.53 (kernels 0.16, alloc 0.03, bootstrap 0.07, allgathers 0.00, topo 0.00, graphs 0.00, connections 1.27, rest 0.00)
1 153880 random exact
1 153880 ties exact
1 153880 nonfinite exact
1 38710 random exact
1 38710 ties exact
1 38710 nonfinite exact
1 7 random exact
1 7 ties exact
1 7 nonfinite exact
5 153880 random exact
5 153880 ties exact
5 153880 nonfinite exact
5 38710 random exact
5 38710 ties exact
5 38710 nonfinite exact
5 7 random exact
5 7 ties exact
5 7 nonfinite exact
20 153880 random exact
20 153880 ties exact
20 153880 nonfinite exact
20 38710 random exact
20 38710 ties exact
20 38710 nonfinite exact
20 7 random exact
20 7 ties exact
20 7 nonfinite exact
srv1:31:31 [0] NCCL INFO comm 0x278f0ac0 rank 1 nranks 4 cudaDev 0 busId f01000 - Destroy COMPLETE
srv1:31:31 [0] NCCL INFO ENV/Plugin: Closing env plugin ncclEnvDefault
[W911 13:57:26.240059856 Utils.hpp:137] Warning: Environment variable NCCL_ASYNC_ERROR_HANDLING is deprecated; use TORCH_NCCL_ASYNC_ERROR_HANDLING instead (function operator())
