srv4:74:74 [0] NCCL INFO ENV/Plugin: Could not find: libnccl-env.so
srv4:74:74 [0] NCCL INFO cudaDriverVersion 13000
srv4:74:74 [0] NCCL INFO NCCL_SOCKET_IFNAME set to enp1s0f0np0
srv4:74:74 [0] NCCL INFO NCCL version 2.29.7+cuda13.2
srv4:74:74 [0] NCCL INFO NCCL git version stable b81d6a5a3
srv4:74:74 [0] NCCL INFO NET/Plugin: Could not find: libnccl-net.so
srv4:74:74 [0] NCCL INFO dlvsym failed on mlx5dv_get_data_direct_sysfs_path - /lib/aarch64-linux-gnu/libmlx5.so: undefined symbol: mlx5dv_get_data_direct_sysfs_path, version MLX5_1.25 version MLX5_1.25
srv4:74:74 [0] NCCL INFO dlvsym failed on mlx5dv_reg_dmabuf_mr - /lib/aarch64-linux-gnu/libmlx5.so: undefined symbol: mlx5dv_reg_dmabuf_mr, version MLX5_1.25 version MLX5_1.25
srv4:74:74 [0] NCCL INFO NCCL_IB_HCA set to rocep1s0f0,roceP2p1s0f0
srv4:74:74 [0] NCCL INFO NET/IB: [0] rocep1s0f0:uverbs0:1/RoCE provider=Mlx5 speed=200000 context=0x1a797e40 pciPath=/sys/devices/pci0000:00/0000:00:00.0/0000:01:00.0 ar=0
srv4:74:74 [0] NCCL INFO NET/IB: [2] roceP2p1s0f0:uverbs2:1/RoCE provider=Mlx5 speed=200000 context=0x1a7d9540 pciPath=/sys/devices/pci0002:00/0002:00:00.0/0002:01:00.0 ar=0
srv4:74:74 [0] NCCL INFO NET/IB : Made virtual device [0] name=rocep1s0f0 speed=200000 ndevs=1
srv4:74:74 [0] NCCL INFO NET/IB : Made virtual device [1] name=roceP2p1s0f0 speed=200000 ndevs=1
srv4:74:74 [0] NCCL INFO NET/IB : Using [0]rocep1s0f0:1/RoCE [1]roceP2p1s0f0:1/RoCE [RO]; OOB enp1s0f0np0:10.10.10.4<0>
srv4:74:74 [0] NCCL INFO Initialized NET plugin IB
srv4:74:74 [0] NCCL INFO Assigned NET plugin IB to comm
srv4:74:74 [0] NCCL INFO GIN/Plugin: Could not find: libnccl-gin.so
srv4:74:74 [0] NCCL INFO Assigned GIN plugin GIN_IB_GDAKI to comm
srv4:74:74 [0] NCCL INFO Assigned RMA plugin GIN_IB_PROXY to comm
srv4:74:74 [0] NCCL INFO Using network IB
srv4:74:74 [0] NCCL INFO [Rank 3] ncclCommInitRankConfig comm 0x18d6ca80 rank 3 nranks 4 cudaDev 0 nvmlDev 0 busId f01000 commId 0x5b0c65046d7e5d07 - Init START
srv4:74:74 [0] NCCL INFO RAS client listening socket at 127.0.0.1<28028>
srv4:74:74 [0] NCCL INFO NCCL_P2P_LEVEL set by environment to SYS
srv4:74:74 [0] NCCL INFO Topology detection : could not read /sys/devices/system/node/node-1/cpumap, ignoring
srv4:74:74 [0] NCCL INFO TOPO/NET : Importing network plugins to topology
srv4:74:74 [0] NCCL INFO Topology detection : could not read /sys/devices/system/node/node-1/cpumap, ignoring
srv4:74:74 [0] NCCL INFO NET/GIN_IB_GDAKI : GPU Direct RDMA Disabled for HCA 0 'rocep1s0f0'
srv4:74:74 [0] NCCL INFO ncclTopoPopulateNics : Filled rocep1s0f0 in topo with pciPath=/sys/devices/pci0000:00/0000:00:00.0/0000:01:00.0 net=0 gin=1 keep=1 coll=(null)
srv4:74:74 [0] NCCL INFO Topology detection : could not read /sys/devices/system/node/node-1/cpumap, ignoring
srv4:74:74 [0] NCCL INFO NET/GIN_IB_GDAKI : GPU Direct RDMA Disabled for HCA 1 'roceP2p1s0f0'
srv4:74:74 [0] NCCL INFO ncclTopoPopulateNics : Filled roceP2p1s0f0 in topo with pciPath=/sys/devices/pci0002:00/0002:00:00.0/0002:01:00.0 net=0 gin=1 keep=1 coll=(null)
srv4:74:74 [0] NCCL INFO NET/IB : GPU Direct RDMA Disabled for HCA 0 'rocep1s0f0'
srv4:74:74 [0] NCCL INFO ncclTopoPopulateNics : Filled rocep1s0f0 in topo with pciPath=/sys/devices/pci0000:00/0000:00:00.0/0000:01:00.0 net=1 gin=1 keep=1 coll=(null)
srv4:74:74 [0] NCCL INFO NET/IB : GPU Direct RDMA Disabled for HCA 1 'roceP2p1s0f0'
srv4:74:74 [0] NCCL INFO ncclTopoPopulateNics : Filled roceP2p1s0f0 in topo with pciPath=/sys/devices/pci0002:00/0002:00:00.0/0002:01:00.0 net=1 gin=1 keep=1 coll=(null)
srv4:74:74 [0] NCCL INFO === System : maxBw 12.0 totalBw 3.0 ===
srv4:74:74 [0] NCCL INFO CPU/0-ffffffffffffff (3/-1/-1)
srv4:74:74 [0] NCCL INFO + C2C[345.0] - GPU/0-f01000
srv4:74:74 [0] NCCL INFO + PCI[12.0] - NIC/0-1000
srv4:74:74 [0] NCCL INFO               + NET[25.0] - NET/0-0 (0/871971000346a738/1/25.000000)
srv4:74:74 [0] NCCL INFO               + NET[25.0] - GIN/0-0
srv4:74:74 [0] NCCL INFO + PCI[12.0] - NIC/0-201000
srv4:74:74 [0] NCCL INFO               + NET[25.0] - NET/0-1 (0/871971000346a738/1/25.000000)
srv4:74:74 [0] NCCL INFO               + NET[25.0] - GIN/0-1
srv4:74:74 [0] NCCL INFO + PCI[3.0] - GPU/0-f01000 (3)
srv4:74:74 [0] NCCL INFO              + C2C[345.0] - CPU/0-ffffffffffffff
srv4:74:74 [0] NCCL INFO ==========================================
srv4:74:74 [0] NCCL INFO GPU/0-f01000 :GPU/0-f01000 (0/5000.0/LOC) CPU/0-ffffffffffffff (1/345.0/C2C) NET/0-0 (3/12.0/P2C) NET/0-1 (3/12.0/P2C) GIN/0-0 (3/12.0/PHB) GIN/0-1 (3/12.0/PHB) 
srv4:74:74 [0] NCCL INFO NET/0-0 :GPU/0-f01000 (3/12.0/P2C) CPU/0-ffffffffffffff (2/12.0/PHB) NET/0-0 (0/5000.0/LOC) NET/0-1 (4/12.0/PHB) GIN/0-0 (2/25.0/LOC) GIN/0-1 (4/12.0/PHB) 
srv4:74:74 [0] NCCL INFO NET/0-1 :GPU/0-f01000 (3/12.0/P2C) CPU/0-ffffffffffffff (2/12.0/PHB) NET/0-0 (4/12.0/PHB) NET/0-1 (0/5000.0/LOC) GIN/0-0 (4/12.0/PHB) GIN/0-1 (2/25.0/LOC) 
srv4:74:74 [0] NCCL INFO GIN/0-0 :GPU/0-f01000 (3/12.0/PHB) CPU/0-ffffffffffffff (2/12.0/PHB) NET/0-0 (2/25.0/LOC) NET/0-1 (4/12.0/PHB) GIN/0-0 (0/5000.0/LOC) GIN/0-1 (4/12.0/PHB) 
srv4:74:74 [0] NCCL INFO GIN/0-1 :GPU/0-f01000 (3/12.0/PHB) CPU/0-ffffffffffffff (2/12.0/PHB) NET/0-0 (4/12.0/PHB) NET/0-1 (2/25.0/LOC) GIN/0-0 (4/12.0/PHB) GIN/0-1 (0/5000.0/LOC) 
srv4:74:74 [0] NCCL INFO ncclTopoGetCpuAffinity: Affinity for GPU 0 is empty, ignoring. (GPU affinity = ).
srv4:74:74 [0] NCCL INFO Pattern 4, crossNic 1, nChannels 8, bw 3.000000/3.000000, type LOC/P2C, sameChannels 1
srv4:74:74 [0] NCCL INFO  0 : NET/0-0 GPU/0-f01000 NET/0-0
srv4:74:74 [0] NCCL INFO  1 : NET/0-1 GPU/0-f01000 NET/0-0
srv4:74:74 [0] NCCL INFO  2 : NET/0-0 GPU/0-f01000 NET/0-0
srv4:74:74 [0] NCCL INFO  3 : NET/0-1 GPU/0-f01000 NET/0-0
srv4:74:74 [0] NCCL INFO  4 : NET/0-0 GPU/0-f01000 NET/0-1
srv4:74:74 [0] NCCL INFO  5 : NET/0-1 GPU/0-f01000 NET/0-1
srv4:74:74 [0] NCCL INFO  6 : NET/0-0 GPU/0-f01000 NET/0-1
srv4:74:74 [0] NCCL INFO  7 : NET/0-1 GPU/0-f01000 NET/0-1
srv4:74:74 [0] NCCL INFO Pattern 3, crossNic 1, nChannels 8, bw 1.200000/0.240000, type LOC/P2C, sameChannels 1
srv4:74:74 [0] NCCL INFO  0 : NET/0-0 GPU/0-f01000 NET/0-0
srv4:74:74 [0] NCCL INFO  1 : NET/0-1 GPU/0-f01000 NET/0-1
srv4:74:74 [0] NCCL INFO  2 : NET/0-0 GPU/0-f01000 NET/0-0
srv4:74:74 [0] NCCL INFO  3 : NET/0-1 GPU/0-f01000 NET/0-1
srv4:74:74 [0] NCCL INFO  4 : NET/0-0 GPU/0-f01000 NET/0-0
srv4:74:74 [0] NCCL INFO  5 : NET/0-1 GPU/0-f01000 NET/0-1
srv4:74:74 [0] NCCL INFO  6 : NET/0-0 GPU/0-f01000 NET/0-0
srv4:74:74 [0] NCCL INFO  7 : NET/0-1 GPU/0-f01000 NET/0-1
srv4:74:74 [0] NCCL INFO comm 0x18d6ca80 rank 3 nRanks 4 nNodes 4 localRanks 1 localRank 0 MNNVL 0
srv4:74:74 [0] NCCL INFO Tree 0 : 2 -> 3 -> -1/-1/-1
srv4:74:74 [0] NCCL INFO Tree 8 : -1 -> 3 -> 1/-1/-1
srv4:74:74 [0] NCCL INFO Tree 1 : 2 -> 3 -> -1/-1/-1
srv4:74:74 [0] NCCL INFO Tree 9 : -1 -> 3 -> 1/-1/-1
srv4:74:74 [0] NCCL INFO Tree 2 : 2 -> 3 -> -1/-1/-1
srv4:74:74 [0] NCCL INFO Tree 10 : -1 -> 3 -> 1/-1/-1
srv4:74:74 [0] NCCL INFO Tree 3 : 2 -> 3 -> -1/-1/-1
srv4:74:74 [0] NCCL INFO Tree 11 : -1 -> 3 -> 1/-1/-1
srv4:74:74 [0] NCCL INFO Tree 4 : 2 -> 3 -> -1/-1/-1
srv4:74:74 [0] NCCL INFO Tree 12 : -1 -> 3 -> 1/-1/-1
srv4:74:74 [0] NCCL INFO Tree 5 : 2 -> 3 -> -1/-1/-1
srv4:74:74 [0] NCCL INFO Tree 13 : -1 -> 3 -> 1/-1/-1
srv4:74:74 [0] NCCL INFO Tree 6 : 2 -> 3 -> -1/-1/-1
srv4:74:74 [0] NCCL INFO Tree 14 : -1 -> 3 -> 1/-1/-1
srv4:74:74 [0] NCCL INFO Tree 7 : 2 -> 3 -> -1/-1/-1
srv4:74:74 [0] NCCL INFO Tree 15 : -1 -> 3 -> 1/-1/-1
srv4:74:74 [0] NCCL INFO Ring 00 : 2 -> 3 -> 0
srv4:74:74 [0] NCCL INFO Ring 01 : 2 -> 3 -> 0
srv4:74:74 [0] NCCL INFO Ring 02 : 2 -> 3 -> 0
srv4:74:74 [0] NCCL INFO Ring 03 : 2 -> 3 -> 0
srv4:74:74 [0] NCCL INFO Ring 04 : 2 -> 3 -> 0
srv4:74:74 [0] NCCL INFO Ring 05 : 2 -> 3 -> 0
srv4:74:74 [0] NCCL INFO Ring 06 : 2 -> 3 -> 0
srv4:74:74 [0] NCCL INFO Ring 07 : 2 -> 3 -> 0
srv4:74:74 [0] NCCL INFO Ring 08 : 2 -> 3 -> 0
srv4:74:74 [0] NCCL INFO Ring 09 : 2 -> 3 -> 0
srv4:74:74 [0] NCCL INFO Ring 10 : 2 -> 3 -> 0
srv4:74:74 [0] NCCL INFO Ring 11 : 2 -> 3 -> 0
srv4:74:74 [0] NCCL INFO Ring 12 : 2 -> 3 -> 0
srv4:74:74 [0] NCCL INFO Ring 13 : 2 -> 3 -> 0
srv4:74:74 [0] NCCL INFO Ring 14 : 2 -> 3 -> 0
srv4:74:74 [0] NCCL INFO Ring 15 : 2 -> 3 -> 0
srv4:74:74 [0] NCCL INFO Trees [0] -1/-1/-1->3->2 [1] -1/-1/-1->3->2 [2] -1/-1/-1->3->2 [3] -1/-1/-1->3->2 [4] -1/-1/-1->3->2 [5] -1/-1/-1->3->2 [6] -1/-1/-1->3->2 [7] -1/-1/-1->3->2 [8] 1/-1/-1->3->-1 [9] 1/-1/-1->3->-1 [10] 1/-1/-1->3->-1 [11] 1/-1/-1->3->-1 [12] 1/-1/-1->3->-1 [13] 1/-1/-1->3->-1 [14] 1/-1/-1->3->-1 [15] 1/-1/-1->3->-1
srv4:74:74 [0] NCCL INFO P2P Chunksize set to 262144
srv4:74:74 [0] NCCL INFO PROFILER/Plugin: Could not find: libnccl-profiler.so
srv4:74:74 [0] NCCL INFO Check P2P Type isAllDirectP2p 1 directMode 0 isAllCudaP2p 1
srv4:74:74 [0] NCCL INFO ncclP2pSchedule: group size used is 1
srv4:74:85 [0] NCCL INFO [Proxy Service] Device 0 CPU core 1
srv4:74:86 [0] NCCL INFO [Proxy Service UDS] Device 0 CPU core 10
srv4:74:85 [0] NCCL INFO New proxy recv connection 0 from local rank 0, transport 2
srv4:74:74 [0] NCCL INFO Connected to proxy localRank 0 -> connection 0xe6faf4004f70
srv4:74:87 [0] NCCL INFO [Proxy Progress] Device 0 CPU core 2
srv4:74:74 [0] NCCL INFO Channel 00/0 : 2[0] -> 3[0] [receive] via NET/IB/0
srv4:74:85 [0] NCCL INFO New proxy recv connection 1 from local rank 0, transport 2
srv4:74:74 [0] NCCL INFO Connected to proxy localRank 0 -> connection 0xe6faf4004ff8
srv4:74:74 [0] NCCL INFO Channel 01/0 : 2[0] -> 3[0] [receive] via NET/IB/1
srv4:74:85 [0] NCCL INFO New proxy recv connection 2 from local rank 0, transport 2
srv4:74:74 [0] NCCL INFO Connected to proxy localRank 0 -> connection 0xe6faf4005080
srv4:74:74 [0] NCCL INFO Channel 02/0 : 2[0] -> 3[0] [receive] via NET/IB/0
srv4:74:85 [0] NCCL INFO New proxy recv connection 3 from local rank 0, transport 2
srv4:74:74 [0] NCCL INFO Connected to proxy localRank 0 -> connection 0xe6faf4005108
srv4:74:74 [0] NCCL INFO Channel 03/0 : 2[0] -> 3[0] [receive] via NET/IB/1
srv4:74:85 [0] NCCL INFO New proxy recv connection 4 from local rank 0, transport 2
srv4:74:74 [0] NCCL INFO Connected to proxy localRank 0 -> connection 0xe6faf4005190
srv4:74:74 [0] NCCL INFO Channel 04/0 : 2[0] -> 3[0] [receive] via NET/IB/0
srv4:74:85 [0] NCCL INFO New proxy recv connection 5 from local rank 0, transport 2
srv4:74:74 [0] NCCL INFO Connected to proxy localRank 0 -> connection 0xe6faf4005218
srv4:74:74 [0] NCCL INFO Channel 05/0 : 2[0] -> 3[0] [receive] via NET/IB/1
srv4:74:85 [0] NCCL INFO New proxy recv connection 6 from local rank 0, transport 2
srv4:74:74 [0] NCCL INFO Connected to proxy localRank 0 -> connection 0xe6faf40052a0
srv4:74:74 [0] NCCL INFO Channel 06/0 : 2[0] -> 3[0] [receive] via NET/IB/0
srv4:74:85 [0] NCCL INFO New proxy recv connection 7 from local rank 0, transport 2
srv4:74:74 [0] NCCL INFO Connected to proxy localRank 0 -> connection 0xe6faf4005328
srv4:74:74 [0] NCCL INFO Channel 07/0 : 2[0] -> 3[0] [receive] via NET/IB/1
srv4:74:85 [0] NCCL INFO New proxy recv connection 8 from local rank 0, transport 2
srv4:74:74 [0] NCCL INFO Connected to proxy localRank 0 -> connection 0xe6faf40053b0
srv4:74:74 [0] NCCL INFO Channel 08/0 : 2[0] -> 3[0] [receive] via NET/IB/0
srv4:74:85 [0] NCCL INFO New proxy recv connection 9 from local rank 0, transport 2
srv4:74:74 [0] NCCL INFO Connected to proxy localRank 0 -> connection 0xe6faf4005438
srv4:74:74 [0] NCCL INFO Channel 09/0 : 2[0] -> 3[0] [receive] via NET/IB/1
srv4:74:85 [0] NCCL INFO New proxy recv connection 10 from local rank 0, transport 2
srv4:74:74 [0] NCCL INFO Connected to proxy localRank 0 -> connection 0xe6faf40054c0
srv4:74:74 [0] NCCL INFO Channel 10/0 : 2[0] -> 3[0] [receive] via NET/IB/0
srv4:74:85 [0] NCCL INFO New proxy recv connection 11 from local rank 0, transport 2
srv4:74:74 [0] NCCL INFO Connected to proxy localRank 0 -> connection 0xe6faf4005548
srv4:74:74 [0] NCCL INFO Channel 11/0 : 2[0] -> 3[0] [receive] via NET/IB/1
srv4:74:85 [0] NCCL INFO New proxy recv connection 12 from local rank 0, transport 2
srv4:74:74 [0] NCCL INFO Connected to proxy localRank 0 -> connection 0xe6faf40055d0
srv4:74:74 [0] NCCL INFO Channel 12/0 : 2[0] -> 3[0] [receive] via NET/IB/0
srv4:74:85 [0] NCCL INFO New proxy recv connection 13 from local rank 0, transport 2
srv4:74:74 [0] NCCL INFO Connected to proxy localRank 0 -> connection 0xe6faf4005658
srv4:74:74 [0] NCCL INFO Channel 13/0 : 2[0] -> 3[0] [receive] via NET/IB/1
srv4:74:85 [0] NCCL INFO New proxy recv connection 14 from local rank 0, transport 2
srv4:74:74 [0] NCCL INFO Connected to proxy localRank 0 -> connection 0xe6faf40056e0
srv4:74:74 [0] NCCL INFO Channel 14/0 : 2[0] -> 3[0] [receive] via NET/IB/0
srv4:74:85 [0] NCCL INFO New proxy recv connection 15 from local rank 0, transport 2
srv4:74:74 [0] NCCL INFO Connected to proxy localRank 0 -> connection 0xe6faf4005768
srv4:74:74 [0] NCCL INFO Channel 15/0 : 2[0] -> 3[0] [receive] via NET/IB/1
srv4:74:85 [0] NCCL INFO New proxy send connection 16 from local rank 0, transport 2
srv4:74:74 [0] NCCL INFO Connected to proxy localRank 0 -> connection 0xe6faf40057f0
srv4:74:74 [0] NCCL INFO Channel 00/0 : 3[0] -> 0[0] [send] via NET/IB/0
srv4:74:85 [0] NCCL INFO New proxy send connection 17 from local rank 0, transport 2
srv4:74:74 [0] NCCL INFO Connected to proxy localRank 0 -> connection 0xe6faf4005878
srv4:74:74 [0] NCCL INFO Channel 01/0 : 3[0] -> 0[0] [send] via NET/IB/1
srv4:74:85 [0] NCCL INFO New proxy send connection 18 from local rank 0, transport 2
srv4:74:74 [0] NCCL INFO Connected to proxy localRank 0 -> connection 0xe6faf4005900
srv4:74:74 [0] NCCL INFO Channel 02/0 : 3[0] -> 0[0] [send] via NET/IB/0
srv4:74:85 [0] NCCL INFO New proxy send connection 19 from local rank 0, transport 2
srv4:74:74 [0] NCCL INFO Connected to proxy localRank 0 -> connection 0xe6faf4005988
srv4:74:74 [0] NCCL INFO Channel 03/0 : 3[0] -> 0[0] [send] via NET/IB/1
srv4:74:85 [0] NCCL INFO New proxy send connection 20 from local rank 0, transport 2
srv4:74:74 [0] NCCL INFO Connected to proxy localRank 0 -> connection 0xe6faf4005a10
srv4:74:74 [0] NCCL INFO Channel 04/0 : 3[0] -> 0[0] [send] via NET/IB/0
srv4:74:85 [0] NCCL INFO New proxy send connection 21 from local rank 0, transport 2
srv4:74:74 [0] NCCL INFO Connected to proxy localRank 0 -> connection 0xe6faf4005a98
srv4:74:74 [0] NCCL INFO Channel 05/0 : 3[0] -> 0[0] [send] via NET/IB/1
srv4:74:85 [0] NCCL INFO New proxy send connection 22 from local rank 0, transport 2
srv4:74:74 [0] NCCL INFO Connected to proxy localRank 0 -> connection 0xe6faf4005b20
srv4:74:74 [0] NCCL INFO Channel 06/0 : 3[0] -> 0[0] [send] via NET/IB/0
srv4:74:85 [0] NCCL INFO New proxy send connection 23 from local rank 0, transport 2
srv4:74:74 [0] NCCL INFO Connected to proxy localRank 0 -> connection 0xe6faf4005ba8
srv4:74:74 [0] NCCL INFO Channel 07/0 : 3[0] -> 0[0] [send] via NET/IB/1
srv4:74:85 [0] NCCL INFO New proxy send connection 24 from local rank 0, transport 2
srv4:74:74 [0] NCCL INFO Connected to proxy localRank 0 -> connection 0xe6faf4005c30
srv4:74:74 [0] NCCL INFO Channel 08/0 : 3[0] -> 0[0] [send] via NET/IB/0
srv4:74:85 [0] NCCL INFO New proxy send connection 25 from local rank 0, transport 2
srv4:74:74 [0] NCCL INFO Connected to proxy localRank 0 -> connection 0xe6faf4005cb8
srv4:74:74 [0] NCCL INFO Channel 09/0 : 3[0] -> 0[0] [send] via NET/IB/1
srv4:74:85 [0] NCCL INFO New proxy send connection 26 from local rank 0, transport 2
srv4:74:74 [0] NCCL INFO Connected to proxy localRank 0 -> connection 0xe6faf4005d40
srv4:74:74 [0] NCCL INFO Channel 10/0 : 3[0] -> 0[0] [send] via NET/IB/0
srv4:74:85 [0] NCCL INFO New proxy send connection 27 from local rank 0, transport 2
srv4:74:74 [0] NCCL INFO Connected to proxy localRank 0 -> connection 0xe6faf4005dc8
srv4:74:74 [0] NCCL INFO Channel 11/0 : 3[0] -> 0[0] [send] via NET/IB/1
srv4:74:85 [0] NCCL INFO New proxy send connection 28 from local rank 0, transport 2
srv4:74:74 [0] NCCL INFO Connected to proxy localRank 0 -> connection 0xe6faf4005e50
srv4:74:74 [0] NCCL INFO Channel 12/0 : 3[0] -> 0[0] [send] via NET/IB/0
srv4:74:85 [0] NCCL INFO New proxy send connection 29 from local rank 0, transport 2
srv4:74:74 [0] NCCL INFO Connected to proxy localRank 0 -> connection 0xe6faf4005ed8
srv4:74:74 [0] NCCL INFO Channel 13/0 : 3[0] -> 0[0] [send] via NET/IB/1
srv4:74:85 [0] NCCL INFO New proxy send connection 30 from local rank 0, transport 2
srv4:74:74 [0] NCCL INFO Connected to proxy localRank 0 -> connection 0xe6faf4005f60
srv4:74:74 [0] NCCL INFO Channel 14/0 : 3[0] -> 0[0] [send] via NET/IB/0
srv4:74:85 [0] NCCL INFO New proxy send connection 31 from local rank 0, transport 2
srv4:74:74 [0] NCCL INFO Connected to proxy localRank 0 -> connection 0xe6faf4005fe8
srv4:74:74 [0] NCCL INFO Channel 15/0 : 3[0] -> 0[0] [send] via NET/IB/1
srv4:74:85 [0] NCCL INFO NET/IB: ncclIbResiliencyInit: Resiliency is disabled on the send communicator (comm=0xe6faf4018000)
srv4:74:85 [0] NCCL INFO NET/IB: ncclIbResiliencyInit: Resiliency is disabled on the recv communicator (comm=0xe6faf4053000)
srv4:74:85 [0] NCCL INFO NET/IB: ncclIbRecvCommInit: Receive work requests will be posted on-demand
srv4:74:85 [0] NCCL INFO NET/IB: ncclIbResiliencyInit: Resiliency is disabled on the send communicator (comm=0xe6faf4092000)
srv4:74:85 [0] NCCL INFO NET/IB: ncclIbResiliencyInit: Resiliency is disabled on the recv communicator (comm=0xe6faf40cd000)
srv4:74:85 [0] NCCL INFO NET/IB: ncclIbRecvCommInit: Receive work requests will be posted on-demand
srv4:74:85 [0] NCCL INFO NET/IB: ncclIbResiliencyInit: Resiliency is disabled on the send communicator (comm=0xe6faf410c000)
srv4:74:85 [0] NCCL INFO NET/IB: ncclIbResiliencyInit: Resiliency is disabled on the recv communicator (comm=0xe6faf4147000)
srv4:74:85 [0] NCCL INFO NET/IB: ncclIbRecvCommInit: Receive work requests will be posted on-demand
srv4:74:85 [0] NCCL INFO NET/IB: ncclIbResiliencyInit: Resiliency is disabled on the send communicator (comm=0xe6faf4186000)
srv4:74:85 [0] NCCL INFO NET/IB: ncclIbResiliencyInit: Resiliency is disabled on the recv communicator (comm=0xe6faf41c1000)
srv4:74:85 [0] NCCL INFO NET/IB: ncclIbRecvCommInit: Receive work requests will be posted on-demand
srv4:74:85 [0] NCCL INFO NET/IB: ncclIbResiliencyInit: Resiliency is disabled on the send communicator (comm=0xe6faf4200000)
srv4:74:85 [0] NCCL INFO NET/IB: ncclIbResiliencyInit: Resiliency is disabled on the recv communicator (comm=0xe6faf423b000)
srv4:74:85 [0] NCCL INFO NET/IB: ncclIbRecvCommInit: Receive work requests will be posted on-demand
srv4:74:85 [0] NCCL INFO NET/IB: ncclIbResiliencyInit: Resiliency is disabled on the send communicator (comm=0xe6faf427a000)
srv4:74:85 [0] NCCL INFO NET/IB: ncclIbSenderQpsCreate: QP created: port=1 dev=0 devName=rocep1s0f0 ndevs=2 nmdevs=2 qp_num=1940 pkey=0 pd=0xe6faf408fdd0
srv4:74:85 [0] NCCL INFO NET/IB: ncclIbConnect: NCCL Dev 0 IbDev 0 Port 1 qp_num 1940 mtu 5 GID 3 (0/40A0A0AFFFF0000) ctsFifoRkey=0x1707c5 ctsFifoLkey=0x1707c5
srv4:74:85 [0] NCCL INFO NET/IB: ncclIbConnect: IbDev 0 Port 1 qp_num 1940 query_ece={supported=1, vendor_id=0x15b3, options=0x30000002, comp_mask=0x0}
srv4:74:85 [0] NCCL INFO NET/IB: ncclIbReceiverQpsCreateToRts: QP created: port=1 dev=0 devName=rocep1s0f0 ndevs=2 nmdevs=2 qp_num=1941 pkey=0 pd=0xe6faf408fdd0
srv4:74:85 [0] NCCL INFO NET/IB: ncclIbReceiverQpsCreateToRts: QP created: port=1 dev=0 devName=rocep1s0f0 ndevs=2 nmdevs=2 qp_num=1942 pkey=0 pd=0xe6faf408fdd0
srv4:74:85 [0] NCCL INFO NET/IB: ncclIbSenderQpsCreate: QP created: port=1 dev=1 devName=roceP2p1s0f0 ndevs=2 nmdevs=2 qp_num=2062 pkey=0 pd=0xe6faf40ccd50
srv4:74:85 [0] NCCL INFO NET/IB: ncclIbConnect: NCCL Dev 1 IbDev 1 Port 1 qp_num 2062 mtu 5 GID 3 (0/40B0A0AFFFF0000) ctsFifoRkey=0x16b9b5 ctsFifoLkey=0x16b9b5
srv4:74:85 [0] NCCL INFO NET/IB: ncclIbConnect: IbDev 1 Port 1 qp_num 2062 query_ece={supported=1, vendor_id=0x15b3, options=0x30000002, comp_mask=0x0}
srv4:74:85 [0] NCCL INFO NET/IB: ncclIbReceiverQpsCreateToRts: QP created: port=1 dev=1 devName=roceP2p1s0f0 ndevs=2 nmdevs=2 qp_num=2063 pkey=0 pd=0xe6faf40ccd50
srv4:74:85 [0] NCCL INFO NET/IB: ncclIbReceiverQpsCreateToRts: QP created: port=1 dev=1 devName=roceP2p1s0f0 ndevs=2 nmdevs=2 qp_num=2064 pkey=0 pd=0xe6faf40ccd50
srv4:74:85 [0] NCCL INFO NET/IB: ncclIbSenderQpsCreate: QP created: port=1 dev=0 devName=rocep1s0f0 ndevs=2 nmdevs=2 qp_num=1943 pkey=0 pd=0xe6faf408fdd0
srv4:74:85 [0] NCCL INFO NET/IB: ncclIbConnect: NCCL Dev 0 IbDev 0 Port 1 qp_num 1943 mtu 5 GID 3 (0/40A0A0AFFFF0000) ctsFifoRkey=0x13d995 ctsFifoLkey=0x13d995
srv4:74:85 [0] NCCL INFO NET/IB: ncclIbConnect: IbDev 0 Port 1 qp_num 1943 query_ece={supported=1, vendor_id=0x15b3, options=0x30000002, comp_mask=0x0}
srv4:74:85 [0] NCCL INFO NET/IB: ncclIbSenderQpsCreate: QP created: port=1 dev=1 devName=roceP2p1s0f0 ndevs=2 nmdevs=2 qp_num=2065 pkey=0 pd=0xe6faf40ccd50
srv4:74:85 [0] NCCL INFO NET/IB: ncclIbConnect: NCCL Dev 1 IbDev 1 Port 1 qp_num 2065 mtu 5 GID 3 (0/40B0A0AFFFF0000) ctsFifoRkey=0x17dbd8 ctsFifoLkey=0x17dbd8
srv4:74:85 [0] NCCL INFO NET/IB: ncclIbConnect: IbDev 1 Port 1 qp_num 2065 query_ece={supported=1, vendor_id=0x15b3, options=0x30000002, comp_mask=0x0}
srv4:74:85 [0] NCCL INFO NET/IB: ncclIbResiliencyInit: Resiliency is disabled on the recv communicator (comm=0xe6faf4432000)
srv4:74:85 [0] NCCL INFO NET/IB: ncclIbRecvCommInit: Receive work requests will be posted on-demand
srv4:74:85 [0] NCCL INFO NET/IB: ncclIbSenderQpsToRts: Set ECE: IbDev 0 Port 1 qp_num 1940 set_ece={supported=1, vendor_id=0x15b3, options=0x30000002, comp_mask=0x0}
srv4:74:85 [0] NCCL INFO NET/IB: ncclIbResiliencyInit: Resiliency is disabled on the send communicator (comm=0xe6faf4471000)
srv4:74:85 [0] NCCL INFO NET/IB: ncclIbResiliencyInit: Resiliency is disabled on the recv communicator (comm=0xe6faf44aa000)
srv4:74:85 [0] NCCL INFO NET/IB: ncclIbRecvCommInit: Receive work requests will be posted on-demand
srv4:74:85 [0] NCCL INFO NET/IB: ncclIbResiliencyInit: Resiliency is disabled on the send communicator (comm=0xe6faf44e7000)
srv4:74:85 [0] NCCL INFO NET/IB: ncclIbResiliencyInit: Resiliency is disabled on the recv communicator (comm=0xe6faf4522000)
srv4:74:85 [0] NCCL INFO NET/IB: ncclIbRecvCommInit: Receive work requests will be posted on-demand
srv4:74:85 [0] NCCL INFO NET/IB: ncclIbResiliencyInit: Resiliency is disabled on the send communicator (comm=0xe6faf4561000)
srv4:74:85 [0] NCCL INFO NET/IB: ncclIbResiliencyInit: Resiliency is disabled on the recv communicator (comm=0xe6faf459c000)
srv4:74:85 [0] NCCL INFO NET/IB: ncclIbRecvCommInit: Receive work requests will be posted on-demand
srv4:74:85 [0] NCCL INFO NET/IB: ncclIbResiliencyInit: Resiliency is disabled on the send communicator (comm=0xe6faf45db000)
srv4:74:85 [0] NCCL INFO NET/IB: ncclIbResiliencyInit: Resiliency is disabled on the recv communicator (comm=0xe6faf4616000)
srv4:74:85 [0] NCCL INFO NET/IB: ncclIbRecvCommInit: Receive work requests will be posted on-demand
srv4:74:85 [0] NCCL INFO NET/IB: ncclIbResiliencyInit: Resiliency is disabled on the send communicator (comm=0xe6faf4655000)
srv4:74:85 [0] NCCL INFO NET/IB: ncclIbResiliencyInit: Resiliency is disabled on the recv communicator (comm=0xe6faf4690000)
srv4:74:85 [0] NCCL INFO NET/IB: ncclIbRecvCommInit: Receive work requests will be posted on-demand
srv4:74:85 [0] NCCL INFO NET/IB: ncclIbResiliencyInit: Resiliency is disabled on the send communicator (comm=0xe6faf46cf000)
srv4:74:85 [0] NCCL INFO NET/IB: ncclIbResiliencyInit: Resiliency is disabled on the recv communicator (comm=0xe6faf470a000)
srv4:74:85 [0] NCCL INFO NET/IB: ncclIbRecvCommInit: Receive work requests will be posted on-demand
srv4:74:85 [0] NCCL INFO NET/IB: ncclIbResiliencyInit: Resiliency is disabled on the send communicator (comm=0xe6faf4749000)
srv4:74:85 [0] NCCL INFO NET/IB: ncclIbResiliencyInit: Resiliency is disabled on the recv communicator (comm=0xe6faf4784000)
srv4:74:85 [0] NCCL INFO NET/IB: ncclIbRecvCommInit: Receive work requests will be posted on-demand
srv4:74:85 [0] NCCL INFO NET/IB: ncclIbResiliencyInit: Resiliency is disabled on the send communicator (comm=0xe6faf47c3000)
srv4:74:85 [0] NCCL INFO NET/IB: ncclIbResiliencyInit: Resiliency is disabled on the recv communicator (comm=0xe6faf47fe000)
srv4:74:85 [0] NCCL INFO NET/IB: ncclIbRecvCommInit: Receive work requests will be posted on-demand
srv4:74:85 [0] NCCL INFO NET/IB: ncclIbResiliencyInit: Resiliency is disabled on the send communicator (comm=0xe6faf483d000)
srv4:74:85 [0] NCCL INFO NET/IB: ncclIbResiliencyInit: Resiliency is disabled on the recv communicator (comm=0xe6faf4878000)
srv4:74:85 [0] NCCL INFO NET/IB: ncclIbRecvCommInit: Receive work requests will be posted on-demand
srv4:74:85 [0] NCCL INFO NET/IB: ncclIbResiliencyInit: Resiliency is disabled on the send communicator (comm=0xe6faf48b7000)
srv4:74:85 [0] NCCL INFO NET/IB: ncclIbResiliencyInit: Resiliency is disabled on the recv communicator (comm=0xe6faf48f2000)
srv4:74:85 [0] NCCL INFO NET/IB: ncclIbRecvCommInit: Receive work requests will be posted on-demand
srv4:74:85 [0] NCCL INFO NET/IB: ncclIbReceiverQpsCreateToRts: QP created: port=1 dev=0 devName=rocep1s0f0 ndevs=2 nmdevs=2 qp_num=1944 pkey=0 pd=0xe6faf408fdd0
srv4:74:85 [0] NCCL INFO NET/IB: ncclIbReceiverQpsCreateToRts: QP created: port=1 dev=0 devName=rocep1s0f0 ndevs=2 nmdevs=2 qp_num=1945 pkey=0 pd=0xe6faf408fdd0
srv4:74:85 [0] NCCL INFO NET/IB: ncclIbReceiverQpsCreateToRts: QP created: port=1 dev=1 devName=roceP2p1s0f0 ndevs=2 nmdevs=2 qp_num=2066 pkey=0 pd=0xe6faf40ccd50
srv4:74:85 [0] NCCL INFO NET/IB: ncclIbReceiverQpsCreateToRts: QP created: port=1 dev=1 devName=roceP2p1s0f0 ndevs=2 nmdevs=2 qp_num=2067 pkey=0 pd=0xe6faf40ccd50
srv4:74:85 [0] NCCL INFO NET/IB: ncclIbSenderQpsToRts: Set ECE: IbDev 1 Port 1 qp_num 2062 set_ece={supported=1, vendor_id=0x15b3, options=0x30000002, comp_mask=0x0}
srv4:74:85 [0] NCCL INFO NET/IB: ncclIbSenderQpsToRts: Set ECE: IbDev 0 Port 1 qp_num 1943 set_ece={supported=1, vendor_id=0x15b3, options=0x30000002, comp_mask=0x0}
srv4:74:85 [0] NCCL INFO NET/IB: ncclIbSenderQpsToRts: Set ECE: IbDev 1 Port 1 qp_num 2065 set_ece={supported=1, vendor_id=0x15b3, options=0x30000002, comp_mask=0x0}
srv4:74:85 [0] NCCL INFO NET/IB: ncclIbSenderQpsCreate: QP created: port=1 dev=0 devName=rocep1s0f0 ndevs=2 nmdevs=2 qp_num=1946 pkey=0 pd=0xe6faf408fdd0
srv4:74:85 [0] NCCL INFO NET/IB: ncclIbConnect: NCCL Dev 0 IbDev 0 Port 1 qp_num 1946 mtu 5 GID 3 (0/40A0A0AFFFF0000) ctsFifoRkey=0x1a2bd4 ctsFifoLkey=0x1a2bd4
srv4:74:85 [0] NCCL INFO NET/IB: ncclIbConnect: IbDev 0 Port 1 qp_num 1946 query_ece={supported=1, vendor_id=0x15b3, options=0x30000002, comp_mask=0x0}
srv4:74:85 [0] NCCL INFO NET/IB: ncclIbReceiverQpsCreateToRts: QP created: port=1 dev=0 devName=rocep1s0f0 ndevs=2 nmdevs=2 qp_num=1947 pkey=0 pd=0xe6faf408fdd0
srv4:74:85 [0] NCCL INFO NET/IB: ncclIbReceiverQpsCreateToRts: QP created: port=1 dev=0 devName=rocep1s0f0 ndevs=2 nmdevs=2 qp_num=1948 pkey=0 pd=0xe6faf408fdd0
srv4:74:85 [0] NCCL INFO NET/IB: ncclIbReceiverQpsCreateToRts: QP created: port=1 dev=1 devName=roceP2p1s0f0 ndevs=2 nmdevs=2 qp_num=2068 pkey=0 pd=0xe6faf40ccd50
srv4:74:85 [0] NCCL INFO NET/IB: ncclIbReceiverQpsCreateToRts: QP created: port=1 dev=1 devName=roceP2p1s0f0 ndevs=2 nmdevs=2 qp_num=2069 pkey=0 pd=0xe6faf40ccd50
srv4:74:85 [0] NCCL INFO NET/IB: ncclIbReceiverQpsCreateToRts: QP created: port=1 dev=0 devName=rocep1s0f0 ndevs=2 nmdevs=2 qp_num=1949 pkey=0 pd=0xe6faf408fdd0
srv4:74:85 [0] NCCL INFO NET/IB: ncclIbReceiverQpsCreateToRts: QP created: port=1 dev=0 devName=rocep1s0f0 ndevs=2 nmdevs=2 qp_num=1950 pkey=0 pd=0xe6faf408fdd0
srv4:74:85 [0] NCCL INFO NET/IB: ncclIbReceiverQpsCreateToRts: QP created: port=1 dev=1 devName=roceP2p1s0f0 ndevs=2 nmdevs=2 qp_num=2070 pkey=0 pd=0xe6faf40ccd50
srv4:74:85 [0] NCCL INFO NET/IB: ncclIbReceiverQpsCreateToRts: QP created: port=1 dev=1 devName=roceP2p1s0f0 ndevs=2 nmdevs=2 qp_num=2071 pkey=0 pd=0xe6faf40ccd50
srv4:74:85 [0] NCCL INFO NET/IB: ncclIbSenderQpsToRts: Set ECE: IbDev 0 Port 1 qp_num 1946 set_ece={supported=1, vendor_id=0x15b3, options=0x30000002, comp_mask=0x0}
srv4:74:85 [0] NCCL INFO NET/IB: ncclIbSenderQpsCreate: QP created: port=1 dev=1 devName=roceP2p1s0f0 ndevs=2 nmdevs=2 qp_num=2072 pkey=0 pd=0xe6faf40ccd50
srv4:74:85 [0] NCCL INFO NET/IB: ncclIbConnect: NCCL Dev 1 IbDev 1 Port 1 qp_num 2072 mtu 5 GID 3 (0/40B0A0AFFFF0000) ctsFifoRkey=0x16aba9 ctsFifoLkey=0x16aba9
srv4:74:85 [0] NCCL INFO NET/IB: ncclIbConnect: IbDev 1 Port 1 qp_num 2072 query_ece={supported=1, vendor_id=0x15b3, options=0x30000002, comp_mask=0x0}
srv4:74:85 [0] NCCL INFO NET/IB: ncclIbSenderQpsCreate: QP created: port=1 dev=0 devName=rocep1s0f0 ndevs=2 nmdevs=2 qp_num=1951 pkey=0 pd=0xe6faf408fdd0
srv4:74:85 [0] NCCL INFO NET/IB: ncclIbConnect: NCCL Dev 0 IbDev 0 Port 1 qp_num 1951 mtu 5 GID 3 (0/40A0A0AFFFF0000) ctsFifoRkey=0x17eca9 ctsFifoLkey=0x17eca9
srv4:74:85 [0] NCCL INFO NET/IB: ncclIbConnect: IbDev 0 Port 1 qp_num 1951 query_ece={supported=1, vendor_id=0x15b3, options=0x30000002, comp_mask=0x0}
srv4:74:85 [0] NCCL INFO NET/IB: ncclIbSenderQpsCreate: QP created: port=1 dev=1 devName=roceP2p1s0f0 ndevs=2 nmdevs=2 qp_num=2073 pkey=0 pd=0xe6faf40ccd50
srv4:74:85 [0] NCCL INFO NET/IB: ncclIbConnect: NCCL Dev 1 IbDev 1 Port 1 qp_num 2073 mtu 5 GID 3 (0/40B0A0AFFFF0000) ctsFifoRkey=0x18e1e0 ctsFifoLkey=0x18e1e0
srv4:74:85 [0] NCCL INFO NET/IB: ncclIbConnect: IbDev 1 Port 1 qp_num 2073 query_ece={supported=1, vendor_id=0x15b3, options=0x30000002, comp_mask=0x0}
srv4:74:85 [0] NCCL INFO NET/IB: ncclIbSenderQpsCreate: QP created: port=1 dev=0 devName=rocep1s0f0 ndevs=2 nmdevs=2 qp_num=1952 pkey=0 pd=0xe6faf408fdd0
srv4:74:85 [0] NCCL INFO NET/IB: ncclIbConnect: NCCL Dev 0 IbDev 0 Port 1 qp_num 1952 mtu 5 GID 3 (0/40A0A0AFFFF0000) ctsFifoRkey=0x17f8b6 ctsFifoLkey=0x17f8b6
srv4:74:85 [0] NCCL INFO NET/IB: ncclIbConnect: IbDev 0 Port 1 qp_num 1952 query_ece={supported=1, vendor_id=0x15b3, options=0x30000002, comp_mask=0x0}
srv4:74:85 [0] NCCL INFO NET/IB: ncclIbSenderQpsCreate: QP created: port=1 dev=1 devName=roceP2p1s0f0 ndevs=2 nmdevs=2 qp_num=2074 pkey=0 pd=0xe6faf40ccd50
srv4:74:85 [0] NCCL INFO NET/IB: ncclIbConnect: NCCL Dev 1 IbDev 1 Port 1 qp_num 2074 mtu 5 GID 3 (0/40B0A0AFFFF0000) ctsFifoRkey=0x189191 ctsFifoLkey=0x189191
srv4:74:85 [0] NCCL INFO NET/IB: ncclIbConnect: IbDev 1 Port 1 qp_num 2074 query_ece={supported=1, vendor_id=0x15b3, options=0x30000002, comp_mask=0x0}
srv4:74:85 [0] NCCL INFO NET/IB: ncclIbSenderQpsToRts: Set ECE: IbDev 1 Port 1 qp_num 2072 set_ece={supported=1, vendor_id=0x15b3, options=0x30000002, comp_mask=0x0}
srv4:74:85 [0] NCCL INFO NET/IB: ncclIbSenderQpsToRts: Set ECE: IbDev 0 Port 1 qp_num 1951 set_ece={supported=1, vendor_id=0x15b3, options=0x30000002, comp_mask=0x0}
srv4:74:85 [0] NCCL INFO NET/IB: ncclIbSenderQpsToRts: Set ECE: IbDev 1 Port 1 qp_num 2073 set_ece={supported=1, vendor_id=0x15b3, options=0x30000002, comp_mask=0x0}
srv4:74:85 [0] NCCL INFO NET/IB: ncclIbSenderQpsToRts: Set ECE: IbDev 0 Port 1 qp_num 1952 set_ece={supported=1, vendor_id=0x15b3, options=0x30000002, comp_mask=0x0}
srv4:74:85 [0] NCCL INFO NET/IB: ncclIbSenderQpsToRts: Set ECE: IbDev 1 Port 1 qp_num 2074 set_ece={supported=1, vendor_id=0x15b3, options=0x30000002, comp_mask=0x0}
srv4:74:85 [0] NCCL INFO NET/IB: ncclIbReceiverQpsCreateToRts: QP created: port=1 dev=0 devName=rocep1s0f0 ndevs=2 nmdevs=2 qp_num=1953 pkey=0 pd=0xe6faf408fdd0
srv4:74:85 [0] NCCL INFO NET/IB: ncclIbReceiverQpsCreateToRts: QP created: port=1 dev=0 devName=rocep1s0f0 ndevs=2 nmdevs=2 qp_num=1954 pkey=0 pd=0xe6faf408fdd0
srv4:74:85 [0] NCCL INFO NET/IB: ncclIbReceiverQpsCreateToRts: QP created: port=1 dev=1 devName=roceP2p1s0f0 ndevs=2 nmdevs=2 qp_num=2075 pkey=0 pd=0xe6faf40ccd50
srv4:74:85 [0] NCCL INFO NET/IB: ncclIbReceiverQpsCreateToRts: QP created: port=1 dev=1 devName=roceP2p1s0f0 ndevs=2 nmdevs=2 qp_num=2076 pkey=0 pd=0xe6faf40ccd50
srv4:74:85 [0] NCCL INFO NET/IB: ncclIbReceiverQpsCreateToRts: QP created: port=1 dev=0 devName=rocep1s0f0 ndevs=2 nmdevs=2 qp_num=1955 pkey=0 pd=0xe6faf408fdd0
srv4:74:85 [0] NCCL INFO NET/IB: ncclIbReceiverQpsCreateToRts: QP created: port=1 dev=0 devName=rocep1s0f0 ndevs=2 nmdevs=2 qp_num=1956 pkey=0 pd=0xe6faf408fdd0
srv4:74:85 [0] NCCL INFO NET/IB: ncclIbReceiverQpsCreateToRts: QP created: port=1 dev=1 devName=roceP2p1s0f0 ndevs=2 nmdevs=2 qp_num=2077 pkey=0 pd=0xe6faf40ccd50
srv4:74:85 [0] NCCL INFO NET/IB: ncclIbReceiverQpsCreateToRts: QP created: port=1 dev=1 devName=roceP2p1s0f0 ndevs=2 nmdevs=2 qp_num=2078 pkey=0 pd=0xe6faf40ccd50
srv4:74:85 [0] NCCL INFO NET/IB: ncclIbReceiverQpsCreateToRts: QP created: port=1 dev=0 devName=rocep1s0f0 ndevs=2 nmdevs=2 qp_num=1957 pkey=0 pd=0xe6faf408fdd0
srv4:74:85 [0] NCCL INFO NET/IB: ncclIbReceiverQpsCreateToRts: QP created: port=1 dev=0 devName=rocep1s0f0 ndevs=2 nmdevs=2 qp_num=1958 pkey=0 pd=0xe6faf408fdd0
srv4:74:85 [0] NCCL INFO NET/IB: ncclIbReceiverQpsCreateToRts: QP created: port=1 dev=1 devName=roceP2p1s0f0 ndevs=2 nmdevs=2 qp_num=2079 pkey=0 pd=0xe6faf40ccd50
srv4:74:85 [0] NCCL INFO NET/IB: ncclIbReceiverQpsCreateToRts: QP created: port=1 dev=1 devName=roceP2p1s0f0 ndevs=2 nmdevs=2 qp_num=2080 pkey=0 pd=0xe6faf40ccd50
srv4:74:85 [0] NCCL INFO NET/IB: ncclIbReceiverQpsCreateToRts: QP created: port=1 dev=0 devName=rocep1s0f0 ndevs=2 nmdevs=2 qp_num=1959 pkey=0 pd=0xe6faf408fdd0
srv4:74:85 [0] NCCL INFO NET/IB: ncclIbReceiverQpsCreateToRts: QP created: port=1 dev=0 devName=rocep1s0f0 ndevs=2 nmdevs=2 qp_num=1960 pkey=0 pd=0xe6faf408fdd0
srv4:74:85 [0] NCCL INFO NET/IB: ncclIbSenderQpsCreate: QP created: port=1 dev=0 devName=rocep1s0f0 ndevs=2 nmdevs=2 qp_num=1961 pkey=0 pd=0xe6faf408fdd0
srv4:74:85 [0] NCCL INFO NET/IB: ncclIbConnect: NCCL Dev 0 IbDev 0 Port 1 qp_num 1961 mtu 5 GID 3 (0/40A0A0AFFFF0000) ctsFifoRkey=0x17b372 ctsFifoLkey=0x17b372
srv4:74:85 [0] NCCL INFO NET/IB: ncclIbConnect: IbDev 0 Port 1 qp_num 1961 query_ece={supported=1, vendor_id=0x15b3, options=0x30000002, comp_mask=0x0}
srv4:74:85 [0] NCCL INFO NET/IB: ncclIbSenderQpsCreate: QP created: port=1 dev=1 devName=roceP2p1s0f0 ndevs=2 nmdevs=2 qp_num=2081 pkey=0 pd=0xe6faf40ccd50
srv4:74:85 [0] NCCL INFO NET/IB: ncclIbConnect: NCCL Dev 1 IbDev 1 Port 1 qp_num 2081 mtu 5 GID 3 (0/40B0A0AFFFF0000) ctsFifoRkey=0x18d7d1 ctsFifoLkey=0x18d7d1
srv4:74:85 [0] NCCL INFO NET/IB: ncclIbConnect: IbDev 1 Port 1 qp_num 2081 query_ece={supported=1, vendor_id=0x15b3, options=0x30000002, comp_mask=0x0}
srv4:74:85 [0] NCCL INFO NET/IB: ncclIbSenderQpsCreate: QP created: port=1 dev=0 devName=rocep1s0f0 ndevs=2 nmdevs=2 qp_num=1962 pkey=0 pd=0xe6faf408fdd0
srv4:74:85 [0] NCCL INFO NET/IB: ncclIbConnect: NCCL Dev 0 IbDev 0 Port 1 qp_num 1962 mtu 5 GID 3 (0/40A0A0AFFFF0000) ctsFifoRkey=0x172fea ctsFifoLkey=0x172fea
srv4:74:85 [0] NCCL INFO NET/IB: ncclIbConnect: IbDev 0 Port 1 qp_num 1962 query_ece={supported=1, vendor_id=0x15b3, options=0x30000002, comp_mask=0x0}
srv4:74:85 [0] NCCL INFO NET/IB: ncclIbSenderQpsCreate: QP created: port=1 dev=1 devName=roceP2p1s0f0 ndevs=2 nmdevs=2 qp_num=2082 pkey=0 pd=0xe6faf40ccd50
srv4:74:85 [0] NCCL INFO NET/IB: ncclIbConnect: NCCL Dev 1 IbDev 1 Port 1 qp_num 2082 mtu 5 GID 3 (0/40B0A0AFFFF0000) ctsFifoRkey=0x18b7b4 ctsFifoLkey=0x18b7b4
srv4:74:85 [0] NCCL INFO NET/IB: ncclIbConnect: IbDev 1 Port 1 qp_num 2082 query_ece={supported=1, vendor_id=0x15b3, options=0x30000002, comp_mask=0x0}
srv4:74:85 [0] NCCL INFO NET/IB: ncclIbSenderQpsCreate: QP created: port=1 dev=0 devName=rocep1s0f0 ndevs=2 nmdevs=2 qp_num=1963 pkey=0 pd=0xe6faf408fdd0
srv4:74:85 [0] NCCL INFO NET/IB: ncclIbConnect: NCCL Dev 0 IbDev 0 Port 1 qp_num 1963 mtu 5 GID 3 (0/40A0A0AFFFF0000) ctsFifoRkey=0x179655 ctsFifoLkey=0x179655
srv4:74:85 [0] NCCL INFO NET/IB: ncclIbConnect: IbDev 0 Port 1 qp_num 1963 query_ece={supported=1, vendor_id=0x15b3, options=0x30000002, comp_mask=0x0}
srv4:74:85 [0] NCCL INFO NET/IB: ncclIbSenderQpsToRts: Set ECE: IbDev 0 Port 1 qp_num 1961 set_ece={supported=1, vendor_id=0x15b3, options=0x30000002, comp_mask=0x0}
srv4:74:85 [0] NCCL INFO NET/IB: ncclIbSenderQpsToRts: Set ECE: IbDev 1 Port 1 qp_num 2081 set_ece={supported=1, vendor_id=0x15b3, options=0x30000002, comp_mask=0x0}
srv4:74:85 [0] NCCL INFO NET/IB: ncclIbSenderQpsToRts: Set ECE: IbDev 0 Port 1 qp_num 1962 set_ece={supported=1, vendor_id=0x15b3, options=0x30000002, comp_mask=0x0}
srv4:74:85 [0] NCCL INFO NET/IB: ncclIbSenderQpsToRts: Set ECE: IbDev 1 Port 1 qp_num 2082 set_ece={supported=1, vendor_id=0x15b3, options=0x30000002, comp_mask=0x0}
srv4:74:85 [0] NCCL INFO NET/IB: ncclIbSenderQpsToRts: Set ECE: IbDev 0 Port 1 qp_num 1963 set_ece={supported=1, vendor_id=0x15b3, options=0x30000002, comp_mask=0x0}
srv4:74:85 [0] NCCL INFO NET/IB: ncclIbReceiverQpsCreateToRts: QP created: port=1 dev=1 devName=roceP2p1s0f0 ndevs=2 nmdevs=2 qp_num=2083 pkey=0 pd=0xe6faf40ccd50
srv4:74:85 [0] NCCL INFO NET/IB: ncclIbReceiverQpsCreateToRts: QP created: port=1 dev=1 devName=roceP2p1s0f0 ndevs=2 nmdevs=2 qp_num=2084 pkey=0 pd=0xe6faf40ccd50
srv4:74:85 [0] NCCL INFO NET/IB: ncclIbSenderQpsCreate: QP created: port=1 dev=1 devName=roceP2p1s0f0 ndevs=2 nmdevs=2 qp_num=2085 pkey=0 pd=0xe6faf40ccd50
srv4:74:85 [0] NCCL INFO NET/IB: ncclIbConnect: NCCL Dev 1 IbDev 1 Port 1 qp_num 2085 mtu 5 GID 3 (0/40B0A0AFFFF0000) ctsFifoRkey=0x18453d ctsFifoLkey=0x18453d
srv4:74:85 [0] NCCL INFO NET/IB: ncclIbConnect: IbDev 1 Port 1 qp_num 2085 query_ece={supported=1, vendor_id=0x15b3, options=0x30000002, comp_mask=0x0}
srv4:74:85 [0] NCCL INFO NET/IB: ncclIbSenderQpsToRts: Set ECE: IbDev 1 Port 1 qp_num 2085 set_ece={supported=1, vendor_id=0x15b3, options=0x30000002, comp_mask=0x0}
srv4:74:74 [0] NCCL INFO Connected all rings, use ring PXN 0 GDR 0
srv4:74:85 [0] NCCL INFO New proxy recv connection 32 from local rank 0, transport 2
srv4:74:74 [0] NCCL INFO Connected to proxy localRank 0 -> connection 0xe6faf4006070
srv4:74:74 [0] NCCL INFO Channel 08/0 : 1[0] -> 3[0] [receive] via NET/IB/0
srv4:74:85 [0] NCCL INFO New proxy recv connection 33 from local rank 0, transport 2
srv4:74:74 [0] NCCL INFO Connected to proxy localRank 0 -> connection 0xe6faf40060f8
srv4:74:74 [0] NCCL INFO Channel 09/0 : 1[0] -> 3[0] [receive] via NET/IB/1
srv4:74:85 [0] NCCL INFO New proxy recv connection 34 from local rank 0, transport 2
srv4:74:74 [0] NCCL INFO Connected to proxy localRank 0 -> connection 0xe6faf4006180
srv4:74:74 [0] NCCL INFO Channel 10/0 : 1[0] -> 3[0] [receive] via NET/IB/0
srv4:74:85 [0] NCCL INFO New proxy recv connection 35 from local rank 0, transport 2
srv4:74:74 [0] NCCL INFO Connected to proxy localRank 0 -> connection 0xe6faf4006208
srv4:74:74 [0] NCCL INFO Channel 11/0 : 1[0] -> 3[0] [receive] via NET/IB/1
srv4:74:85 [0] NCCL INFO New proxy recv connection 36 from local rank 0, transport 2
srv4:74:74 [0] NCCL INFO Connected to proxy localRank 0 -> connection 0xe6faf4006290
srv4:74:74 [0] NCCL INFO Channel 12/0 : 1[0] -> 3[0] [receive] via NET/IB/0
srv4:74:85 [0] NCCL INFO New proxy recv connection 37 from local rank 0, transport 2
srv4:74:74 [0] NCCL INFO Connected to proxy localRank 0 -> connection 0xe6faf4006318
srv4:74:74 [0] NCCL INFO Channel 13/0 : 1[0] -> 3[0] [receive] via NET/IB/1
srv4:74:85 [0] NCCL INFO New proxy recv connection 38 from local rank 0, transport 2
srv4:74:74 [0] NCCL INFO Connected to proxy localRank 0 -> connection 0xe6faf40063a0
srv4:74:74 [0] NCCL INFO Channel 14/0 : 1[0] -> 3[0] [receive] via NET/IB/0
srv4:74:85 [0] NCCL INFO New proxy recv connection 39 from local rank 0, transport 2
srv4:74:74 [0] NCCL INFO Connected to proxy localRank 0 -> connection 0xe6faf4006428
srv4:74:74 [0] NCCL INFO Channel 15/0 : 1[0] -> 3[0] [receive] via NET/IB/1
srv4:74:85 [0] NCCL INFO New proxy send connection 40 from local rank 0, transport 2
srv4:74:74 [0] NCCL INFO Connected to proxy localRank 0 -> connection 0xe6faf40064b0
srv4:74:74 [0] NCCL INFO Channel 08/0 : 3[0] -> 1[0] [send] via NET/IB/0
srv4:74:85 [0] NCCL INFO New proxy send connection 41 from local rank 0, transport 2
srv4:74:74 [0] NCCL INFO Connected to proxy localRank 0 -> connection 0xe6faf4006538
srv4:74:74 [0] NCCL INFO Channel 09/0 : 3[0] -> 1[0] [send] via NET/IB/1
srv4:74:85 [0] NCCL INFO New proxy send connection 42 from local rank 0, transport 2
srv4:74:74 [0] NCCL INFO Connected to proxy localRank 0 -> connection 0xe6faf40065c0
srv4:74:74 [0] NCCL INFO Channel 10/0 : 3[0] -> 1[0] [send] via NET/IB/0
srv4:74:85 [0] NCCL INFO New proxy send connection 43 from local rank 0, transport 2
srv4:74:74 [0] NCCL INFO Connected to proxy localRank 0 -> connection 0xe6faf4006648
srv4:74:74 [0] NCCL INFO Channel 11/0 : 3[0] -> 1[0] [send] via NET/IB/1
srv4:74:85 [0] NCCL INFO New proxy send connection 44 from local rank 0, transport 2
srv4:74:74 [0] NCCL INFO Connected to proxy localRank 0 -> connection 0xe6faf40066d0
srv4:74:74 [0] NCCL INFO Channel 12/0 : 3[0] -> 1[0] [send] via NET/IB/0
srv4:74:85 [0] NCCL INFO New proxy send connection 45 from local rank 0, transport 2
srv4:74:74 [0] NCCL INFO Connected to proxy localRank 0 -> connection 0xe6faf4006758
srv4:74:74 [0] NCCL INFO Channel 13/0 : 3[0] -> 1[0] [send] via NET/IB/1
srv4:74:85 [0] NCCL INFO New proxy send connection 46 from local rank 0, transport 2
srv4:74:74 [0] NCCL INFO Connected to proxy localRank 0 -> connection 0xe6faf40067e0
srv4:74:74 [0] NCCL INFO Channel 14/0 : 3[0] -> 1[0] [send] via NET/IB/0
srv4:74:85 [0] NCCL INFO New proxy send connection 47 from local rank 0, transport 2
srv4:74:74 [0] NCCL INFO Connected to proxy localRank 0 -> connection 0xe6faf4006868
srv4:74:74 [0] NCCL INFO Channel 15/0 : 3[0] -> 1[0] [send] via NET/IB/1
srv4:74:85 [0] NCCL INFO New proxy send connection 48 from local rank 0, transport 2
srv4:74:74 [0] NCCL INFO Connected to proxy localRank 0 -> connection 0xe6faf40068f0
srv4:74:74 [0] NCCL INFO Channel 00/0 : 3[0] -> 2[0] [send] via NET/IB/0
srv4:74:85 [0] NCCL INFO New proxy send connection 49 from local rank 0, transport 2
srv4:74:74 [0] NCCL INFO Connected to proxy localRank 0 -> connection 0xe6faf4006978
srv4:74:74 [0] NCCL INFO Channel 01/0 : 3[0] -> 2[0] [send] via NET/IB/1
srv4:74:85 [0] NCCL INFO New proxy send connection 50 from local rank 0, transport 2
srv4:74:74 [0] NCCL INFO Connected to proxy localRank 0 -> connection 0xe6faf4006a00
srv4:74:74 [0] NCCL INFO Channel 02/0 : 3[0] -> 2[0] [send] via NET/IB/0
srv4:74:85 [0] NCCL INFO New proxy send connection 51 from local rank 0, transport 2
srv4:74:74 [0] NCCL INFO Connected to proxy localRank 0 -> connection 0xe6faf4006a88
srv4:74:74 [0] NCCL INFO Channel 03/0 : 3[0] -> 2[0] [send] via NET/IB/1
srv4:74:85 [0] NCCL INFO New proxy send connection 52 from local rank 0, transport 2
srv4:74:74 [0] NCCL INFO Connected to proxy localRank 0 -> connection 0xe6faf4006b10
srv4:74:74 [0] NCCL INFO Channel 04/0 : 3[0] -> 2[0] [send] via NET/IB/0
srv4:74:85 [0] NCCL INFO New proxy send connection 53 from local rank 0, transport 2
srv4:74:74 [0] NCCL INFO Connected to proxy localRank 0 -> connection 0xe6faf4006b98
srv4:74:74 [0] NCCL INFO Channel 05/0 : 3[0] -> 2[0] [send] via NET/IB/1
srv4:74:85 [0] NCCL INFO New proxy send connection 54 from local rank 0, transport 2
srv4:74:74 [0] NCCL INFO Connected to proxy localRank 0 -> connection 0xe6faf4006c20
srv4:74:74 [0] NCCL INFO Channel 06/0 : 3[0] -> 2[0] [send] via NET/IB/0
srv4:74:85 [0] NCCL INFO New proxy send connection 55 from local rank 0, transport 2
srv4:74:74 [0] NCCL INFO Connected to proxy localRank 0 -> connection 0xe6faf4006ca8
srv4:74:74 [0] NCCL INFO Channel 07/0 : 3[0] -> 2[0] [send] via NET/IB/1
srv4:74:85 [0] NCCL INFO NET/IB: ncclIbResiliencyInit: Resiliency is disabled on the send communicator (comm=0xe6faf4fbd000)
srv4:74:85 [0] NCCL INFO NET/IB: ncclIbResiliencyInit: Resiliency is disabled on the recv communicator (comm=0xe6faf4ff6000)
srv4:74:85 [0] NCCL INFO NET/IB: ncclIbRecvCommInit: Receive work requests will be posted on-demand
srv4:74:85 [0] NCCL INFO NET/IB: ncclIbResiliencyInit: Resiliency is disabled on the send communicator (comm=0xe6faf5033000)
srv4:74:85 [0] NCCL INFO NET/IB: ncclIbResiliencyInit: Resiliency is disabled on the recv communicator (comm=0xe6faf506c000)
srv4:74:85 [0] NCCL INFO NET/IB: ncclIbRecvCommInit: Receive work requests will be posted on-demand
srv4:74:85 [0] NCCL INFO NET/IB: ncclIbResiliencyInit: Resiliency is disabled on the send communicator (comm=0xe6faf50a9000)
srv4:74:85 [0] NCCL INFO NET/IB: ncclIbResiliencyInit: Resiliency is disabled on the recv communicator (comm=0xe6faf50e2000)
srv4:74:85 [0] NCCL INFO NET/IB: ncclIbRecvCommInit: Receive work requests will be posted on-demand
srv4:74:85 [0] NCCL INFO NET/IB: ncclIbResiliencyInit: Resiliency is disabled on the send communicator (comm=0xe6faf5121000)
srv4:74:85 [0] NCCL INFO NET/IB: ncclIbResiliencyInit: Resiliency is disabled on the recv communicator (comm=0xe6faf515c000)
srv4:74:85 [0] NCCL INFO NET/IB: ncclIbRecvCommInit: Receive work requests will be posted on-demand
srv4:74:85 [0] NCCL INFO NET/IB: ncclIbResiliencyInit: Resiliency is disabled on the send communicator (comm=0xe6faf519b000)
srv4:74:85 [0] NCCL INFO NET/IB: ncclIbResiliencyInit: Resiliency is disabled on the recv communicator (comm=0xe6faf51d6000)
srv4:74:85 [0] NCCL INFO NET/IB: ncclIbRecvCommInit: Receive work requests will be posted on-demand
srv4:74:85 [0] NCCL INFO NET/IB: ncclIbResiliencyInit: Resiliency is disabled on the send communicator (comm=0xe6faf5215000)
srv4:74:85 [0] NCCL INFO NET/IB: ncclIbResiliencyInit: Resiliency is disabled on the recv communicator (comm=0xe6faf5250000)
srv4:74:85 [0] NCCL INFO NET/IB: ncclIbRecvCommInit: Receive work requests will be posted on-demand
srv4:74:85 [0] NCCL INFO NET/IB: ncclIbResiliencyInit: Resiliency is disabled on the send communicator (comm=0xe6faf528f000)
srv4:74:85 [0] NCCL INFO NET/IB: ncclIbResiliencyInit: Resiliency is disabled on the recv communicator (comm=0xe6faf52ca000)
srv4:74:85 [0] NCCL INFO NET/IB: ncclIbRecvCommInit: Receive work requests will be posted on-demand
srv4:74:85 [0] NCCL INFO NET/IB: ncclIbResiliencyInit: Resiliency is disabled on the send communicator (comm=0xe6faf5309000)
srv4:74:85 [0] NCCL INFO NET/IB: ncclIbResiliencyInit: Resiliency is disabled on the recv communicator (comm=0xe6faf5344000)
srv4:74:85 [0] NCCL INFO NET/IB: ncclIbRecvCommInit: Receive work requests will be posted on-demand
srv4:74:85 [0] NCCL INFO NET/IB: ncclIbSenderQpsCreate: QP created: port=1 dev=0 devName=rocep1s0f0 ndevs=2 nmdevs=2 qp_num=1964 pkey=0 pd=0xe6faf408fdd0
srv4:74:85 [0] NCCL INFO NET/IB: ncclIbConnect: NCCL Dev 0 IbDev 0 Port 1 qp_num 1964 mtu 5 GID 3 (0/40A0A0AFFFF0000) ctsFifoRkey=0x178d4a ctsFifoLkey=0x178d4a
srv4:74:85 [0] NCCL INFO NET/IB: ncclIbConnect: IbDev 0 Port 1 qp_num 1964 query_ece={supported=1, vendor_id=0x15b3, options=0x30000002, comp_mask=0x0}
srv4:74:85 [0] NCCL INFO NET/IB: ncclIbResiliencyInit: Resiliency is disabled on the send communicator (comm=0xe6faf53b5000)
srv4:74:85 [0] NCCL INFO NET/IB: ncclIbSenderQpsCreate: QP created: port=1 dev=1 devName=roceP2p1s0f0 ndevs=2 nmdevs=2 qp_num=2086 pkey=0 pd=0xe6faf40ccd50
srv4:74:85 [0] NCCL INFO NET/IB: ncclIbConnect: NCCL Dev 1 IbDev 1 Port 1 qp_num 2086 mtu 5 GID 3 (0/40B0A0AFFFF0000) ctsFifoRkey=0x184948 ctsFifoLkey=0x184948
srv4:74:85 [0] NCCL INFO NET/IB: ncclIbConnect: IbDev 1 Port 1 qp_num 2086 query_ece={supported=1, vendor_id=0x15b3, options=0x30000002, comp_mask=0x0}
srv4:74:85 [0] NCCL INFO NET/IB: ncclIbSenderQpsCreate: QP created: port=1 dev=0 devName=rocep1s0f0 ndevs=2 nmdevs=2 qp_num=1965 pkey=0 pd=0xe6faf408fdd0
srv4:74:85 [0] NCCL INFO NET/IB: ncclIbConnect: NCCL Dev 0 IbDev 0 Port 1 qp_num 1965 mtu 5 GID 3 (0/40A0A0AFFFF0000) ctsFifoRkey=0x17823f ctsFifoLkey=0x17823f
srv4:74:85 [0] NCCL INFO NET/IB: ncclIbConnect: IbDev 0 Port 1 qp_num 1965 query_ece={supported=1, vendor_id=0x15b3, options=0x30000002, comp_mask=0x0}
srv4:74:85 [0] NCCL INFO NET/IB: ncclIbSenderQpsCreate: QP created: port=1 dev=1 devName=roceP2p1s0f0 ndevs=2 nmdevs=2 qp_num=2087 pkey=0 pd=0xe6faf40ccd50
srv4:74:85 [0] NCCL INFO NET/IB: ncclIbConnect: NCCL Dev 1 IbDev 1 Port 1 qp_num 2087 mtu 5 GID 3 (0/40B0A0AFFFF0000) ctsFifoRkey=0x18b3a9 ctsFifoLkey=0x18b3a9
srv4:74:85 [0] NCCL INFO NET/IB: ncclIbConnect: IbDev 1 Port 1 qp_num 2087 query_ece={supported=1, vendor_id=0x15b3, options=0x30000002, comp_mask=0x0}
srv4:74:85 [0] NCCL INFO NET/IB: ncclIbSenderQpsCreate: QP created: port=1 dev=0 devName=rocep1s0f0 ndevs=2 nmdevs=2 qp_num=1966 pkey=0 pd=0xe6faf408fdd0
srv4:74:85 [0] NCCL INFO NET/IB: ncclIbConnect: NCCL Dev 0 IbDev 0 Port 1 qp_num 1966 mtu 5 GID 3 (0/40A0A0AFFFF0000) ctsFifoRkey=0x17a05e ctsFifoLkey=0x17a05e
srv4:74:85 [0] NCCL INFO NET/IB: ncclIbConnect: IbDev 0 Port 1 qp_num 1966 query_ece={supported=1, vendor_id=0x15b3, options=0x30000002, comp_mask=0x0}
srv4:74:85 [0] NCCL INFO NET/IB: ncclIbSenderQpsCreate: QP created: port=1 dev=1 devName=roceP2p1s0f0 ndevs=2 nmdevs=2 qp_num=2088 pkey=0 pd=0xe6faf40ccd50
srv4:74:85 [0] NCCL INFO NET/IB: ncclIbConnect: NCCL Dev 1 IbDev 1 Port 1 qp_num 2088 mtu 5 GID 3 (0/40B0A0AFFFF0000) ctsFifoRkey=0x188c80 ctsFifoLkey=0x188c80
srv4:74:85 [0] NCCL INFO NET/IB: ncclIbConnect: IbDev 1 Port 1 qp_num 2088 query_ece={supported=1, vendor_id=0x15b3, options=0x30000002, comp_mask=0x0}
srv4:74:85 [0] NCCL INFO NET/IB: ncclIbResiliencyInit: Resiliency is disabled on the send communicator (comm=0xe6faf54ea000)
srv4:74:85 [0] NCCL INFO NET/IB: ncclIbSenderQpsToRts: Set ECE: IbDev 0 Port 1 qp_num 1964 set_ece={supported=1, vendor_id=0x15b3, options=0x30000002, comp_mask=0x0}
srv4:74:85 [0] NCCL INFO NET/IB: ncclIbReceiverQpsCreateToRts: QP created: port=1 dev=0 devName=rocep1s0f0 ndevs=2 nmdevs=2 qp_num=1967 pkey=0 pd=0xe6faf408fdd0
srv4:74:85 [0] NCCL INFO NET/IB: ncclIbReceiverQpsCreateToRts: QP created: port=1 dev=0 devName=rocep1s0f0 ndevs=2 nmdevs=2 qp_num=1968 pkey=0 pd=0xe6faf408fdd0
srv4:74:85 [0] NCCL INFO NET/IB: ncclIbSenderQpsCreate: QP created: port=1 dev=1 devName=roceP2p1s0f0 ndevs=2 nmdevs=2 qp_num=2089 pkey=0 pd=0xe6faf40ccd50
srv4:74:85 [0] NCCL INFO NET/IB: ncclIbConnect: NCCL Dev 1 IbDev 1 Port 1 qp_num 2089 mtu 5 GID 3 (0/40B0A0AFFFF0000) ctsFifoRkey=0x18736e ctsFifoLkey=0x18736e
srv4:74:85 [0] NCCL INFO NET/IB: ncclIbConnect: IbDev 1 Port 1 qp_num 2089 query_ece={supported=1, vendor_id=0x15b3, options=0x30000002, comp_mask=0x0}
srv4:74:85 [0] NCCL INFO NET/IB: ncclIbReceiverQpsCreateToRts: QP created: port=1 dev=1 devName=roceP2p1s0f0 ndevs=2 nmdevs=2 qp_num=2090 pkey=0 pd=0xe6faf40ccd50
srv4:74:85 [0] NCCL INFO NET/IB: ncclIbReceiverQpsCreateToRts: QP created: port=1 dev=1 devName=roceP2p1s0f0 ndevs=2 nmdevs=2 qp_num=2091 pkey=0 pd=0xe6faf40ccd50
srv4:74:85 [0] NCCL INFO NET/IB: ncclIbSenderQpsCreate: QP created: port=1 dev=0 devName=rocep1s0f0 ndevs=2 nmdevs=2 qp_num=1969 pkey=0 pd=0xe6faf408fdd0
srv4:74:85 [0] NCCL INFO NET/IB: ncclIbConnect: NCCL Dev 0 IbDev 0 Port 1 qp_num 1969 mtu 5 GID 3 (0/40A0A0AFFFF0000) ctsFifoRkey=0x175513 ctsFifoLkey=0x175513
srv4:74:85 [0] NCCL INFO NET/IB: ncclIbConnect: IbDev 0 Port 1 qp_num 1969 query_ece={supported=1, vendor_id=0x15b3, options=0x30000002, comp_mask=0x0}
srv4:74:85 [0] NCCL INFO NET/IB: ncclIbSenderQpsCreate: QP created: port=1 dev=0 devName=rocep1s0f0 ndevs=2 nmdevs=2 qp_num=1970 pkey=0 pd=0xe6faf408fdd0
srv4:74:85 [0] NCCL INFO NET/IB: ncclIbConnect: NCCL Dev 0 IbDev 0 Port 1 qp_num 1970 mtu 5 GID 3 (0/40A0A0AFFFF0000) ctsFifoRkey=0x174cf8 ctsFifoLkey=0x174cf8
srv4:74:85 [0] NCCL INFO NET/IB: ncclIbConnect: IbDev 0 Port 1 qp_num 1970 query_ece={supported=1, vendor_id=0x15b3, options=0x30000002, comp_mask=0x0}
srv4:74:85 [0] NCCL INFO NET/IB: ncclIbSenderQpsCreate: QP created: port=1 dev=1 devName=roceP2p1s0f0 ndevs=2 nmdevs=2 qp_num=2092 pkey=0 pd=0xe6faf40ccd50
srv4:74:85 [0] NCCL INFO NET/IB: ncclIbConnect: NCCL Dev 1 IbDev 1 Port 1 qp_num 2092 mtu 5 GID 3 (0/40B0A0AFFFF0000) ctsFifoRkey=0x175f5c ctsFifoLkey=0x175f5c
srv4:74:85 [0] NCCL INFO NET/IB: ncclIbConnect: IbDev 1 Port 1 qp_num 2092 query_ece={supported=1, vendor_id=0x15b3, options=0x30000002, comp_mask=0x0}
srv4:74:85 [0] NCCL INFO NET/IB: ncclIbResiliencyInit: Resiliency is disabled on the send communicator (comm=0xe6faf568b000)
srv4:74:85 [0] NCCL INFO NET/IB: ncclIbResiliencyInit: Resiliency is disabled on the send communicator (comm=0xe6faf56c6000)
srv4:74:85 [0] NCCL INFO NET/IB: ncclIbResiliencyInit: Resiliency is disabled on the send communicator (comm=0xe6faf56ff000)
srv4:74:85 [0] NCCL INFO NET/IB: ncclIbResiliencyInit: Resiliency is disabled on the send communicator (comm=0xe6faf573a000)
srv4:74:85 [0] NCCL INFO NET/IB: ncclIbResiliencyInit: Resiliency is disabled on the send communicator (comm=0xe6faf5775000)
srv4:74:85 [0] NCCL INFO NET/IB: ncclIbResiliencyInit: Resiliency is disabled on the send communicator (comm=0xe6faf57b0000)
srv4:74:85 [0] NCCL INFO NET/IB: ncclIbSenderQpsToRts: Set ECE: IbDev 1 Port 1 qp_num 2089 set_ece={supported=1, vendor_id=0x15b3, options=0x30000002, comp_mask=0x0}
srv4:74:85 [0] NCCL INFO NET/IB: ncclIbSenderQpsToRts: Set ECE: IbDev 0 Port 1 qp_num 1969 set_ece={supported=1, vendor_id=0x15b3, options=0x30000002, comp_mask=0x0}
srv4:74:85 [0] NCCL INFO NET/IB: ncclIbReceiverQpsCreateToRts: QP created: port=1 dev=0 devName=rocep1s0f0 ndevs=2 nmdevs=2 qp_num=1971 pkey=0 pd=0xe6faf408fdd0
srv4:74:85 [0] NCCL INFO NET/IB: ncclIbReceiverQpsCreateToRts: QP created: port=1 dev=0 devName=rocep1s0f0 ndevs=2 nmdevs=2 qp_num=1972 pkey=0 pd=0xe6faf408fdd0
srv4:74:85 [0] NCCL INFO NET/IB: ncclIbSenderQpsToRts: Set ECE: IbDev 1 Port 1 qp_num 2086 set_ece={supported=1, vendor_id=0x15b3, options=0x30000002, comp_mask=0x0}
srv4:74:85 [0] NCCL INFO NET/IB: ncclIbReceiverQpsCreateToRts: QP created: port=1 dev=1 devName=roceP2p1s0f0 ndevs=2 nmdevs=2 qp_num=2093 pkey=0 pd=0xe6faf40ccd50
srv4:74:85 [0] NCCL INFO NET/IB: ncclIbReceiverQpsCreateToRts: QP created: port=1 dev=1 devName=roceP2p1s0f0 ndevs=2 nmdevs=2 qp_num=2094 pkey=0 pd=0xe6faf40ccd50
srv4:74:85 [0] NCCL INFO NET/IB: ncclIbSenderQpsToRts: Set ECE: IbDev 0 Port 1 qp_num 1965 set_ece={supported=1, vendor_id=0x15b3, options=0x30000002, comp_mask=0x0}
srv4:74:85 [0] NCCL INFO NET/IB: ncclIbReceiverQpsCreateToRts: QP created: port=1 dev=0 devName=rocep1s0f0 ndevs=2 nmdevs=2 qp_num=1973 pkey=0 pd=0xe6faf408fdd0
srv4:74:85 [0] NCCL INFO NET/IB: ncclIbReceiverQpsCreateToRts: QP created: port=1 dev=0 devName=rocep1s0f0 ndevs=2 nmdevs=2 qp_num=1974 pkey=0 pd=0xe6faf408fdd0
srv4:74:85 [0] NCCL INFO NET/IB: ncclIbSenderQpsToRts: Set ECE: IbDev 1 Port 1 qp_num 2087 set_ece={supported=1, vendor_id=0x15b3, options=0x30000002, comp_mask=0x0}
srv4:74:85 [0] NCCL INFO NET/IB: ncclIbReceiverQpsCreateToRts: QP created: port=1 dev=1 devName=roceP2p1s0f0 ndevs=2 nmdevs=2 qp_num=2095 pkey=0 pd=0xe6faf40ccd50
srv4:74:85 [0] NCCL INFO NET/IB: ncclIbReceiverQpsCreateToRts: QP created: port=1 dev=1 devName=roceP2p1s0f0 ndevs=2 nmdevs=2 qp_num=2096 pkey=0 pd=0xe6faf40ccd50
srv4:74:85 [0] NCCL INFO NET/IB: ncclIbSenderQpsToRts: Set ECE: IbDev 0 Port 1 qp_num 1966 set_ece={supported=1, vendor_id=0x15b3, options=0x30000002, comp_mask=0x0}
srv4:74:85 [0] NCCL INFO NET/IB: ncclIbReceiverQpsCreateToRts: QP created: port=1 dev=0 devName=rocep1s0f0 ndevs=2 nmdevs=2 qp_num=1975 pkey=0 pd=0xe6faf408fdd0
srv4:74:85 [0] NCCL INFO NET/IB: ncclIbReceiverQpsCreateToRts: QP created: port=1 dev=0 devName=rocep1s0f0 ndevs=2 nmdevs=2 qp_num=1976 pkey=0 pd=0xe6faf408fdd0
srv4:74:85 [0] NCCL INFO NET/IB: ncclIbSenderQpsToRts: Set ECE: IbDev 1 Port 1 qp_num 2088 set_ece={supported=1, vendor_id=0x15b3, options=0x30000002, comp_mask=0x0}
srv4:74:85 [0] NCCL INFO NET/IB: ncclIbReceiverQpsCreateToRts: QP created: port=1 dev=1 devName=roceP2p1s0f0 ndevs=2 nmdevs=2 qp_num=2097 pkey=0 pd=0xe6faf40ccd50
srv4:74:85 [0] NCCL INFO NET/IB: ncclIbReceiverQpsCreateToRts: QP created: port=1 dev=1 devName=roceP2p1s0f0 ndevs=2 nmdevs=2 qp_num=2098 pkey=0 pd=0xe6faf40ccd50
srv4:74:85 [0] NCCL INFO NET/IB: ncclIbSenderQpsToRts: Set ECE: IbDev 0 Port 1 qp_num 1970 set_ece={supported=1, vendor_id=0x15b3, options=0x30000002, comp_mask=0x0}
srv4:74:85 [0] NCCL INFO NET/IB: ncclIbSenderQpsToRts: Set ECE: IbDev 1 Port 1 qp_num 2092 set_ece={supported=1, vendor_id=0x15b3, options=0x30000002, comp_mask=0x0}
srv4:74:85 [0] NCCL INFO NET/IB: ncclIbSenderQpsCreate: QP created: port=1 dev=0 devName=rocep1s0f0 ndevs=2 nmdevs=2 qp_num=1977 pkey=0 pd=0xe6faf408fdd0
srv4:74:85 [0] NCCL INFO NET/IB: ncclIbConnect: NCCL Dev 0 IbDev 0 Port 1 qp_num 1977 mtu 5 GID 3 (0/40A0A0AFFFF0000) ctsFifoRkey=0x14f0ad ctsFifoLkey=0x14f0ad
srv4:74:85 [0] NCCL INFO NET/IB: ncclIbConnect: IbDev 0 Port 1 qp_num 1977 query_ece={supported=1, vendor_id=0x15b3, options=0x30000002, comp_mask=0x0}
srv4:74:85 [0] NCCL INFO NET/IB: ncclIbSenderQpsCreate: QP created: port=1 dev=1 devName=roceP2p1s0f0 ndevs=2 nmdevs=2 qp_num=2099 pkey=0 pd=0xe6faf40ccd50
srv4:74:85 [0] NCCL INFO NET/IB: ncclIbConnect: NCCL Dev 1 IbDev 1 Port 1 qp_num 2099 mtu 5 GID 3 (0/40B0A0AFFFF0000) ctsFifoRkey=0x181312 ctsFifoLkey=0x181312
srv4:74:85 [0] NCCL INFO NET/IB: ncclIbConnect: IbDev 1 Port 1 qp_num 2099 query_ece={supported=1, vendor_id=0x15b3, options=0x30000002, comp_mask=0x0}
srv4:74:85 [0] NCCL INFO NET/IB: ncclIbSenderQpsCreate: QP created: port=1 dev=0 devName=rocep1s0f0 ndevs=2 nmdevs=2 qp_num=1978 pkey=0 pd=0xe6faf408fdd0
srv4:74:85 [0] NCCL INFO NET/IB: ncclIbConnect: NCCL Dev 0 IbDev 0 Port 1 qp_num 1978 mtu 5 GID 3 (0/40A0A0AFFFF0000) ctsFifoRkey=0x14d996 ctsFifoLkey=0x14d996
srv4:74:85 [0] NCCL INFO NET/IB: ncclIbConnect: IbDev 0 Port 1 qp_num 1978 query_ece={supported=1, vendor_id=0x15b3, options=0x30000002, comp_mask=0x0}
srv4:74:85 [0] NCCL INFO NET/IB: ncclIbSenderQpsCreate: QP created: port=1 dev=1 devName=roceP2p1s0f0 ndevs=2 nmdevs=2 qp_num=2100 pkey=0 pd=0xe6faf40ccd50
srv4:74:85 [0] NCCL INFO NET/IB: ncclIbConnect: NCCL Dev 1 IbDev 1 Port 1 qp_num 2100 mtu 5 GID 3 (0/40B0A0AFFFF0000) ctsFifoRkey=0x169391 ctsFifoLkey=0x169391
srv4:74:85 [0] NCCL INFO NET/IB: ncclIbConnect: IbDev 1 Port 1 qp_num 2100 query_ece={supported=1, vendor_id=0x15b3, options=0x30000002, comp_mask=0x0}
srv4:74:85 [0] NCCL INFO NET/IB: ncclIbSenderQpsCreate: QP created: port=1 dev=0 devName=rocep1s0f0 ndevs=2 nmdevs=2 qp_num=1979 pkey=0 pd=0xe6faf408fdd0
srv4:74:85 [0] NCCL INFO NET/IB: ncclIbConnect: NCCL Dev 0 IbDev 0 Port 1 qp_num 1979 mtu 5 GID 3 (0/40A0A0AFFFF0000) ctsFifoRkey=0x14cd8a ctsFifoLkey=0x14cd8a
srv4:74:85 [0] NCCL INFO NET/IB: ncclIbConnect: IbDev 0 Port 1 qp_num 1979 query_ece={supported=1, vendor_id=0x15b3, options=0x30000002, comp_mask=0x0}
srv4:74:85 [0] NCCL INFO NET/IB: ncclIbSenderQpsCreate: QP created: port=1 dev=1 devName=roceP2p1s0f0 ndevs=2 nmdevs=2 qp_num=2101 pkey=0 pd=0xe6faf40ccd50
srv4:74:85 [0] NCCL INFO NET/IB: ncclIbConnect: NCCL Dev 1 IbDev 1 Port 1 qp_num 2101 mtu 5 GID 3 (0/40B0A0AFFFF0000) ctsFifoRkey=0x113429 ctsFifoLkey=0x113429
srv4:74:85 [0] NCCL INFO NET/IB: ncclIbConnect: IbDev 1 Port 1 qp_num 2101 query_ece={supported=1, vendor_id=0x15b3, options=0x30000002, comp_mask=0x0}
srv4:74:85 [0] NCCL INFO NET/IB: ncclIbSenderQpsToRts: Set ECE: IbDev 0 Port 1 qp_num 1977 set_ece={supported=1, vendor_id=0x15b3, options=0x30000002, comp_mask=0x0}
srv4:74:85 [0] NCCL INFO NET/IB: ncclIbSenderQpsToRts: Set ECE: IbDev 1 Port 1 qp_num 2099 set_ece={supported=1, vendor_id=0x15b3, options=0x30000002, comp_mask=0x0}
srv4:74:85 [0] NCCL INFO NET/IB: ncclIbSenderQpsToRts: Set ECE: IbDev 0 Port 1 qp_num 1978 set_ece={supported=1, vendor_id=0x15b3, options=0x30000002, comp_mask=0x0}
srv4:74:85 [0] NCCL INFO NET/IB: ncclIbSenderQpsToRts: Set ECE: IbDev 1 Port 1 qp_num 2100 set_ece={supported=1, vendor_id=0x15b3, options=0x30000002, comp_mask=0x0}
srv4:74:85 [0] NCCL INFO NET/IB: ncclIbSenderQpsToRts: Set ECE: IbDev 0 Port 1 qp_num 1979 set_ece={supported=1, vendor_id=0x15b3, options=0x30000002, comp_mask=0x0}
srv4:74:85 [0] NCCL INFO NET/IB: ncclIbSenderQpsToRts: Set ECE: IbDev 1 Port 1 qp_num 2101 set_ece={supported=1, vendor_id=0x15b3, options=0x30000002, comp_mask=0x0}
srv4:74:74 [0] NCCL INFO Connected all trees
srv4:74:85 [0] NCCL INFO New proxy recv connection 56 from local rank 0, transport 2
srv4:74:74 [0] NCCL INFO Connected to proxy localRank 0 -> connection 0xe6faf4006d30
srv4:74:74 [0] NCCL INFO Channel 00/0 : 0[0] -> 3[0] [receive] via NET/IB/0
srv4:74:85 [0] NCCL INFO New proxy recv connection 57 from local rank 0, transport 2
srv4:74:74 [0] NCCL INFO Connected to proxy localRank 0 -> connection 0xe6faf4006db8
srv4:74:74 [0] NCCL INFO Channel 01/0 : 0[0] -> 3[0] [receive] via NET/IB/1
srv4:74:85 [0] NCCL INFO New proxy recv connection 58 from local rank 0, transport 2
srv4:74:74 [0] NCCL INFO Connected to proxy localRank 0 -> connection 0xe6faf4006e40
srv4:74:74 [0] NCCL INFO Channel 02/0 : 0[0] -> 3[0] [receive] via NET/IB/0
srv4:74:85 [0] NCCL INFO New proxy recv connection 59 from local rank 0, transport 2
srv4:74:74 [0] NCCL INFO Connected to proxy localRank 0 -> connection 0xe6faf4006ec8
srv4:74:74 [0] NCCL INFO Channel 03/0 : 0[0] -> 3[0] [receive] via NET/IB/1
srv4:74:85 [0] NCCL INFO New proxy recv connection 60 from local rank 0, transport 2
srv4:74:74 [0] NCCL INFO Connected to proxy localRank 0 -> connection 0xe6faf4006f50
srv4:74:74 [0] NCCL INFO Channel 04/0 : 0[0] -> 3[0] [receive] via NET/IB/0
srv4:74:85 [0] NCCL INFO New proxy recv connection 61 from local rank 0, transport 2
srv4:74:74 [0] NCCL INFO Connected to proxy localRank 0 -> connection 0xe6faf4006fd8
srv4:74:74 [0] NCCL INFO Channel 05/0 : 0[0] -> 3[0] [receive] via NET/IB/1
srv4:74:85 [0] NCCL INFO New proxy recv connection 62 from local rank 0, transport 2
srv4:74:74 [0] NCCL INFO Connected to proxy localRank 0 -> connection 0xe6faf4007060
srv4:74:74 [0] NCCL INFO Channel 06/0 : 0[0] -> 3[0] [receive] via NET/IB/0
srv4:74:85 [0] NCCL INFO New proxy recv connection 63 from local rank 0, transport 2
srv4:74:74 [0] NCCL INFO Connected to proxy localRank 0 -> connection 0xe6faf40070e8
srv4:74:74 [0] NCCL INFO Channel 07/0 : 0[0] -> 3[0] [receive] via NET/IB/1
srv4:74:85 [0] NCCL INFO New proxy recv connection 64 from local rank 0, transport 2
srv4:74:74 [0] NCCL INFO Connected to proxy localRank 0 -> connection 0xe6faf4007170
srv4:74:74 [0] NCCL INFO Channel 08/0 : 0[0] -> 3[0] [receive] via NET/IB/0
srv4:74:85 [0] NCCL INFO New proxy recv connection 65 from local rank 0, transport 2
srv4:74:74 [0] NCCL INFO Connected to proxy localRank 0 -> connection 0xe6faf40071f8
srv4:74:74 [0] NCCL INFO Channel 09/0 : 0[0] -> 3[0] [receive] via NET/IB/1
srv4:74:85 [0] NCCL INFO New proxy recv connection 66 from local rank 0, transport 2
srv4:74:74 [0] NCCL INFO Connected to proxy localRank 0 -> connection 0xe6faf4007280
srv4:74:74 [0] NCCL INFO Channel 10/0 : 0[0] -> 3[0] [receive] via NET/IB/0
srv4:74:85 [0] NCCL INFO New proxy recv connection 67 from local rank 0, transport 2
srv4:74:74 [0] NCCL INFO Connected to proxy localRank 0 -> connection 0xe6faf4007308
srv4:74:74 [0] NCCL INFO Channel 11/0 : 0[0] -> 3[0] [receive] via NET/IB/1
srv4:74:85 [0] NCCL INFO New proxy recv connection 68 from local rank 0, transport 2
srv4:74:74 [0] NCCL INFO Connected to proxy localRank 0 -> connection 0xe6faf4007390
srv4:74:74 [0] NCCL INFO Channel 12/0 : 0[0] -> 3[0] [receive] via NET/IB/0
srv4:74:85 [0] NCCL INFO New proxy recv connection 69 from local rank 0, transport 2
srv4:74:74 [0] NCCL INFO Connected to proxy localRank 0 -> connection 0xe6faf4007418
srv4:74:74 [0] NCCL INFO Channel 13/0 : 0[0] -> 3[0] [receive] via NET/IB/1
srv4:74:85 [0] NCCL INFO New proxy recv connection 70 from local rank 0, transport 2
srv4:74:74 [0] NCCL INFO Connected to proxy localRank 0 -> connection 0xe6faf40074a0
srv4:74:74 [0] NCCL INFO Channel 14/0 : 0[0] -> 3[0] [receive] via NET/IB/0
srv4:74:85 [0] NCCL INFO New proxy recv connection 71 from local rank 0, transport 2
srv4:74:74 [0] NCCL INFO Connected to proxy localRank 0 -> connection 0xe6faf4007528
srv4:74:74 [0] NCCL INFO Channel 15/0 : 0[0] -> 3[0] [receive] via NET/IB/1
srv4:74:85 [0] NCCL INFO New proxy send connection 72 from local rank 0, transport 2
srv4:74:74 [0] NCCL INFO Connected to proxy localRank 0 -> connection 0xe6faf40075b0
srv4:74:74 [0] NCCL INFO Channel 08/0 : 3[0] -> 2[0] [send] via NET/IB/0
srv4:74:85 [0] NCCL INFO New proxy send connection 73 from local rank 0, transport 2
srv4:74:74 [0] NCCL INFO Connected to proxy localRank 0 -> connection 0xe6faf4007638
srv4:74:74 [0] NCCL INFO Channel 09/0 : 3[0] -> 2[0] [send] via NET/IB/1
srv4:74:85 [0] NCCL INFO New proxy send connection 74 from local rank 0, transport 2
srv4:74:74 [0] NCCL INFO Connected to proxy localRank 0 -> connection 0xe6faf40076c0
srv4:74:74 [0] NCCL INFO Channel 10/0 : 3[0] -> 2[0] [send] via NET/IB/0
srv4:74:85 [0] NCCL INFO New proxy send connection 75 from local rank 0, transport 2
srv4:74:74 [0] NCCL INFO Connected to proxy localRank 0 -> connection 0xe6faf4007748
srv4:74:74 [0] NCCL INFO Channel 11/0 : 3[0] -> 2[0] [send] via NET/IB/1
srv4:74:85 [0] NCCL INFO New proxy send connection 76 from local rank 0, transport 2
srv4:74:74 [0] NCCL INFO Connected to proxy localRank 0 -> connection 0xe6faf40077d0
srv4:74:74 [0] NCCL INFO Channel 12/0 : 3[0] -> 2[0] [send] via NET/IB/0
srv4:74:85 [0] NCCL INFO New proxy send connection 77 from local rank 0, transport 2
srv4:74:74 [0] NCCL INFO Connected to proxy localRank 0 -> connection 0xe6faf4007858
srv4:74:74 [0] NCCL INFO Channel 13/0 : 3[0] -> 2[0] [send] via NET/IB/1
srv4:74:85 [0] NCCL INFO New proxy send connection 78 from local rank 0, transport 2
srv4:74:74 [0] NCCL INFO Connected to proxy localRank 0 -> connection 0xe6faf40078e0
srv4:74:74 [0] NCCL INFO Channel 14/0 : 3[0] -> 2[0] [send] via NET/IB/0
srv4:74:85 [0] NCCL INFO New proxy send connection 79 from local rank 0, transport 2
srv4:74:74 [0] NCCL INFO Connected to proxy localRank 0 -> connection 0xe6faf4007968
srv4:74:74 [0] NCCL INFO Channel 15/0 : 3[0] -> 2[0] [send] via NET/IB/1
srv4:74:85 [0] NCCL INFO NET/IB: ncclIbResiliencyInit: Resiliency is disabled on the recv communicator (comm=0xe6faf5ae9000)
srv4:74:85 [0] NCCL INFO NET/IB: ncclIbRecvCommInit: Receive work requests will be posted on-demand
srv4:74:85 [0] NCCL INFO NET/IB: ncclIbResiliencyInit: Resiliency is disabled on the recv communicator (comm=0xe6faf5b26000)
srv4:74:85 [0] NCCL INFO NET/IB: ncclIbRecvCommInit: Receive work requests will be posted on-demand
srv4:74:85 [0] NCCL INFO NET/IB: ncclIbResiliencyInit: Resiliency is disabled on the recv communicator (comm=0xe6faf5b63000)
srv4:74:85 [0] NCCL INFO NET/IB: ncclIbRecvCommInit: Receive work requests will be posted on-demand
srv4:74:85 [0] NCCL INFO NET/IB: ncclIbResiliencyInit: Resiliency is disabled on the recv communicator (comm=0xe6faf5ba0000)
srv4:74:85 [0] NCCL INFO NET/IB: ncclIbRecvCommInit: Receive work requests will be posted on-demand
srv4:74:85 [0] NCCL INFO NET/IB: ncclIbResiliencyInit: Resiliency is disabled on the recv communicator (comm=0xe6faf5bdd000)
srv4:74:85 [0] NCCL INFO NET/IB: ncclIbRecvCommInit: Receive work requests will be posted on-demand
srv4:74:85 [0] NCCL INFO NET/IB: ncclIbResiliencyInit: Resiliency is disabled on the recv communicator (comm=0xe6faf5c1a000)
srv4:74:85 [0] NCCL INFO NET/IB: ncclIbRecvCommInit: Receive work requests will be posted on-demand
srv4:74:85 [0] NCCL INFO NET/IB: ncclIbResiliencyInit: Resiliency is disabled on the recv communicator (comm=0xe6faf5c57000)
srv4:74:85 [0] NCCL INFO NET/IB: ncclIbRecvCommInit: Receive work requests will be posted on-demand
srv4:74:85 [0] NCCL INFO NET/IB: ncclIbResiliencyInit: Resiliency is disabled on the recv communicator (comm=0xe6faf5c94000)
srv4:74:85 [0] NCCL INFO NET/IB: ncclIbRecvCommInit: Receive work requests will be posted on-demand
srv4:74:85 [0] NCCL INFO NET/IB: ncclIbResiliencyInit: Resiliency is disabled on the send communicator (comm=0xe6faf5cd1000)
srv4:74:85 [0] NCCL INFO NET/IB: ncclIbResiliencyInit: Resiliency is disabled on the recv communicator (comm=0xe6faf5d0a000)
srv4:74:85 [0] NCCL INFO NET/IB: ncclIbRecvCommInit: Receive work requests will be posted on-demand
srv4:74:85 [0] NCCL INFO NET/IB: ncclIbResiliencyInit: Resiliency is disabled on the send communicator (comm=0xe6faf5d47000)
srv4:74:85 [0] NCCL INFO NET/IB: ncclIbSenderQpsCreate: QP created: port=1 dev=0 devName=rocep1s0f0 ndevs=2 nmdevs=2 qp_num=1980 pkey=0 pd=0xe6faf408fdd0
srv4:74:85 [0] NCCL INFO NET/IB: ncclIbConnect: NCCL Dev 0 IbDev 0 Port 1 qp_num 1980 mtu 5 GID 3 (0/40A0A0AFFFF0000) ctsFifoRkey=0x153dfa ctsFifoLkey=0x153dfa
srv4:74:85 [0] NCCL INFO NET/IB: ncclIbConnect: IbDev 0 Port 1 qp_num 1980 query_ece={supported=1, vendor_id=0x15b3, options=0x30000002, comp_mask=0x0}
srv4:74:85 [0] NCCL INFO NET/IB: ncclIbSenderQpsCreate: QP created: port=1 dev=1 devName=roceP2p1s0f0 ndevs=2 nmdevs=2 qp_num=2102 pkey=0 pd=0xe6faf40ccd50
srv4:74:85 [0] NCCL INFO NET/IB: ncclIbConnect: NCCL Dev 1 IbDev 1 Port 1 qp_num 2102 mtu 5 GID 3 (0/40B0A0AFFFF0000) ctsFifoRkey=0x181d1a ctsFifoLkey=0x181d1a
srv4:74:85 [0] NCCL INFO NET/IB: ncclIbConnect: IbDev 1 Port 1 qp_num 2102 query_ece={supported=1, vendor_id=0x15b3, options=0x30000002, comp_mask=0x0}
srv4:74:85 [0] NCCL INFO NET/IB: ncclIbResiliencyInit: Resiliency is disabled on the recv communicator (comm=0xe6faf5de2000)
srv4:74:85 [0] NCCL INFO NET/IB: ncclIbRecvCommInit: Receive work requests will be posted on-demand
srv4:74:85 [0] NCCL INFO NET/IB: ncclIbReceiverQpsCreateToRts: QP created: port=1 dev=0 devName=rocep1s0f0 ndevs=2 nmdevs=2 qp_num=1981 pkey=0 pd=0xe6faf408fdd0
srv4:74:85 [0] NCCL INFO NET/IB: ncclIbReceiverQpsCreateToRts: QP created: port=1 dev=0 devName=rocep1s0f0 ndevs=2 nmdevs=2 qp_num=1982 pkey=0 pd=0xe6faf408fdd0
srv4:74:85 [0] NCCL INFO NET/IB: ncclIbSenderQpsToRts: Set ECE: IbDev 0 Port 1 qp_num 1980 set_ece={supported=1, vendor_id=0x15b3, options=0x30000002, comp_mask=0x0}
srv4:74:85 [0] NCCL INFO NET/IB: ncclIbSenderQpsToRts: Set ECE: IbDev 1 Port 1 qp_num 2102 set_ece={supported=1, vendor_id=0x15b3, options=0x30000002, comp_mask=0x0}
srv4:74:85 [0] NCCL INFO NET/IB: ncclIbResiliencyInit: Resiliency is disabled on the send communicator (comm=0xe6faf5e71000)
srv4:74:85 [0] NCCL INFO NET/IB: ncclIbReceiverQpsCreateToRts: QP created: port=1 dev=1 devName=roceP2p1s0f0 ndevs=2 nmdevs=2 qp_num=2103 pkey=0 pd=0xe6faf40ccd50
srv4:74:85 [0] NCCL INFO NET/IB: ncclIbReceiverQpsCreateToRts: QP created: port=1 dev=1 devName=roceP2p1s0f0 ndevs=2 nmdevs=2 qp_num=2104 pkey=0 pd=0xe6faf40ccd50
srv4:74:85 [0] NCCL INFO NET/IB: ncclIbSenderQpsCreate: QP created: port=1 dev=0 devName=rocep1s0f0 ndevs=2 nmdevs=2 qp_num=1983 pkey=0 pd=0xe6faf408fdd0
srv4:74:85 [0] NCCL INFO NET/IB: ncclIbConnect: NCCL Dev 0 IbDev 0 Port 1 qp_num 1983 mtu 5 GID 3 (0/40A0A0AFFFF0000) ctsFifoRkey=0x1531ee ctsFifoLkey=0x1531ee
srv4:74:85 [0] NCCL INFO NET/IB: ncclIbConnect: IbDev 0 Port 1 qp_num 1983 query_ece={supported=1, vendor_id=0x15b3, options=0x30000002, comp_mask=0x0}
srv4:74:85 [0] NCCL INFO NET/IB: ncclIbResiliencyInit: Resiliency is disabled on the recv communicator (comm=0xe6faf5f28000)
srv4:74:85 [0] NCCL INFO NET/IB: ncclIbRecvCommInit: Receive work requests will be posted on-demand
srv4:74:85 [0] NCCL INFO NET/IB: ncclIbResiliencyInit: Resiliency is disabled on the send communicator (comm=0xe6faf5f67000)
srv4:74:85 [0] NCCL INFO NET/IB: ncclIbResiliencyInit: Resiliency is disabled on the recv communicator (comm=0xe6faf5fa2000)
srv4:74:85 [0] NCCL INFO NET/IB: ncclIbRecvCommInit: Receive work requests will be posted on-demand
srv4:74:85 [0] NCCL INFO NET/IB: ncclIbResiliencyInit: Resiliency is disabled on the send communicator (comm=0xe6faf5fe1000)
srv4:74:85 [0] NCCL INFO NET/IB: ncclIbSenderQpsToRts: Set ECE: IbDev 0 Port 1 qp_num 1983 set_ece={supported=1, vendor_id=0x15b3, options=0x30000002, comp_mask=0x0}
srv4:74:85 [0] NCCL INFO NET/IB: ncclIbSenderQpsCreate: QP created: port=1 dev=1 devName=roceP2p1s0f0 ndevs=2 nmdevs=2 qp_num=2105 pkey=0 pd=0xe6faf40ccd50
srv4:74:85 [0] NCCL INFO NET/IB: ncclIbConnect: NCCL Dev 1 IbDev 1 Port 1 qp_num 2105 mtu 5 GID 3 (0/40B0A0AFFFF0000) ctsFifoRkey=0x1605f8 ctsFifoLkey=0x1605f8
srv4:74:85 [0] NCCL INFO NET/IB: ncclIbConnect: IbDev 1 Port 1 qp_num 2105 query_ece={supported=1, vendor_id=0x15b3, options=0x30000002, comp_mask=0x0}
srv4:74:85 [0] NCCL INFO NET/IB: ncclIbSenderQpsCreate: QP created: port=1 dev=0 devName=rocep1s0f0 ndevs=2 nmdevs=2 qp_num=1984 pkey=0 pd=0xe6faf408fdd0
srv4:74:85 [0] NCCL INFO NET/IB: ncclIbConnect: NCCL Dev 0 IbDev 0 Port 1 qp_num 1984 mtu 5 GID 3 (0/40A0A0AFFFF0000) ctsFifoRkey=0x1722df ctsFifoLkey=0x1722df
srv4:74:85 [0] NCCL INFO NET/IB: ncclIbConnect: IbDev 0 Port 1 qp_num 1984 query_ece={supported=1, vendor_id=0x15b3, options=0x30000002, comp_mask=0x0}
srv4:74:85 [0] NCCL INFO NET/IB: ncclIbResiliencyInit: Resiliency is disabled on the recv communicator (comm=0xe6faf607c000)
srv4:74:85 [0] NCCL INFO NET/IB: ncclIbRecvCommInit: Receive work requests will be posted on-demand
srv4:74:85 [0] NCCL INFO NET/IB: ncclIbReceiverQpsCreateToRts: QP created: port=1 dev=0 devName=rocep1s0f0 ndevs=2 nmdevs=2 qp_num=1985 pkey=0 pd=0xe6faf408fdd0
srv4:74:85 [0] NCCL INFO NET/IB: ncclIbReceiverQpsCreateToRts: QP created: port=1 dev=0 devName=rocep1s0f0 ndevs=2 nmdevs=2 qp_num=1986 pkey=0 pd=0xe6faf408fdd0
srv4:74:85 [0] NCCL INFO NET/IB: ncclIbResiliencyInit: Resiliency is disabled on the send communicator (comm=0xe6faf610b000)
srv4:74:85 [0] NCCL INFO NET/IB: ncclIbResiliencyInit: Resiliency is disabled on the recv communicator (comm=0xe6faf6146000)
srv4:74:85 [0] NCCL INFO NET/IB: ncclIbRecvCommInit: Receive work requests will be posted on-demand
srv4:74:85 [0] NCCL INFO NET/IB: ncclIbSenderQpsToRts: Set ECE: IbDev 1 Port 1 qp_num 2105 set_ece={supported=1, vendor_id=0x15b3, options=0x30000002, comp_mask=0x0}
srv4:74:85 [0] NCCL INFO NET/IB: ncclIbSenderQpsToRts: Set ECE: IbDev 0 Port 1 qp_num 1984 set_ece={supported=1, vendor_id=0x15b3, options=0x30000002, comp_mask=0x0}
srv4:74:85 [0] NCCL INFO NET/IB: ncclIbSenderQpsCreate: QP created: port=1 dev=1 devName=roceP2p1s0f0 ndevs=2 nmdevs=2 qp_num=2106 pkey=0 pd=0xe6faf40ccd50
srv4:74:85 [0] NCCL INFO NET/IB: ncclIbConnect: NCCL Dev 1 IbDev 1 Port 1 qp_num 2106 mtu 5 GID 3 (0/40B0A0AFFFF0000) ctsFifoRkey=0x15e7e3 ctsFifoLkey=0x15e7e3
srv4:74:85 [0] NCCL INFO NET/IB: ncclIbConnect: IbDev 1 Port 1 qp_num 2106 query_ece={supported=1, vendor_id=0x15b3, options=0x30000002, comp_mask=0x0}
srv4:74:85 [0] NCCL INFO NET/IB: ncclIbResiliencyInit: Resiliency is disabled on the send communicator (comm=0xe6faf61b3000)
srv4:74:85 [0] NCCL INFO NET/IB: ncclIbReceiverQpsCreateToRts: QP created: port=1 dev=1 devName=roceP2p1s0f0 ndevs=2 nmdevs=2 qp_num=2107 pkey=0 pd=0xe6faf40ccd50
srv4:74:85 [0] NCCL INFO NET/IB: ncclIbReceiverQpsCreateToRts: QP created: port=1 dev=1 devName=roceP2p1s0f0 ndevs=2 nmdevs=2 qp_num=2108 pkey=0 pd=0xe6faf40ccd50
srv4:74:85 [0] NCCL INFO NET/IB: ncclIbReceiverQpsCreateToRts: QP created: port=1 dev=0 devName=rocep1s0f0 ndevs=2 nmdevs=2 qp_num=1987 pkey=0 pd=0xe6faf408fdd0
srv4:74:85 [0] NCCL INFO NET/IB: ncclIbReceiverQpsCreateToRts: QP created: port=1 dev=0 devName=rocep1s0f0 ndevs=2 nmdevs=2 qp_num=1988 pkey=0 pd=0xe6faf408fdd0
srv4:74:85 [0] NCCL INFO NET/IB: ncclIbReceiverQpsCreateToRts: QP created: port=1 dev=1 devName=roceP2p1s0f0 ndevs=2 nmdevs=2 qp_num=2109 pkey=0 pd=0xe6faf40ccd50
srv4:74:85 [0] NCCL INFO NET/IB: ncclIbReceiverQpsCreateToRts: QP created: port=1 dev=1 devName=roceP2p1s0f0 ndevs=2 nmdevs=2 qp_num=2110 pkey=0 pd=0xe6faf40ccd50
srv4:74:85 [0] NCCL INFO NET/IB: ncclIbReceiverQpsCreateToRts: QP created: port=1 dev=0 devName=rocep1s0f0 ndevs=2 nmdevs=2 qp_num=1989 pkey=0 pd=0xe6faf408fdd0
srv4:74:85 [0] NCCL INFO NET/IB: ncclIbReceiverQpsCreateToRts: QP created: port=1 dev=0 devName=rocep1s0f0 ndevs=2 nmdevs=2 qp_num=1990 pkey=0 pd=0xe6faf408fdd0
srv4:74:85 [0] NCCL INFO NET/IB: ncclIbSenderQpsToRts: Set ECE: IbDev 1 Port 1 qp_num 2106 set_ece={supported=1, vendor_id=0x15b3, options=0x30000002, comp_mask=0x0}
srv4:74:85 [0] NCCL INFO NET/IB: ncclIbSenderQpsCreate: QP created: port=1 dev=0 devName=rocep1s0f0 ndevs=2 nmdevs=2 qp_num=1991 pkey=0 pd=0xe6faf408fdd0
srv4:74:85 [0] NCCL INFO NET/IB: ncclIbConnect: NCCL Dev 0 IbDev 0 Port 1 qp_num 1991 mtu 5 GID 3 (0/40A0A0AFFFF0000) ctsFifoRkey=0x1716d3 ctsFifoLkey=0x1716d3
srv4:74:85 [0] NCCL INFO NET/IB: ncclIbConnect: IbDev 0 Port 1 qp_num 1991 query_ece={supported=1, vendor_id=0x15b3, options=0x30000002, comp_mask=0x0}
srv4:74:85 [0] NCCL INFO NET/IB: ncclIbResiliencyInit: Resiliency is disabled on the recv communicator (comm=0xe6faf635c000)
srv4:74:85 [0] NCCL INFO NET/IB: ncclIbRecvCommInit: Receive work requests will be posted on-demand
srv4:74:85 [0] NCCL INFO NET/IB: ncclIbSenderQpsToRts: Set ECE: IbDev 0 Port 1 qp_num 1991 set_ece={supported=1, vendor_id=0x15b3, options=0x30000002, comp_mask=0x0}
srv4:74:85 [0] NCCL INFO NET/IB: ncclIbResiliencyInit: Resiliency is disabled on the send communicator (comm=0xe6faf639b000)
srv4:74:85 [0] NCCL INFO NET/IB: ncclIbSenderQpsCreate: QP created: port=1 dev=1 devName=roceP2p1s0f0 ndevs=2 nmdevs=2 qp_num=2111 pkey=0 pd=0xe6faf40ccd50
srv4:74:85 [0] NCCL INFO NET/IB: ncclIbConnect: NCCL Dev 1 IbDev 1 Port 1 qp_num 2111 mtu 5 GID 3 (0/40B0A0AFFFF0000) ctsFifoRkey=0x162a29 ctsFifoLkey=0x162a29
srv4:74:85 [0] NCCL INFO NET/IB: ncclIbConnect: IbDev 1 Port 1 qp_num 2111 query_ece={supported=1, vendor_id=0x15b3, options=0x30000002, comp_mask=0x0}
srv4:74:85 [0] NCCL INFO NET/IB: ncclIbResiliencyInit: Resiliency is disabled on the recv communicator (comm=0xe6faf6402000)
srv4:74:85 [0] NCCL INFO NET/IB: ncclIbRecvCommInit: Receive work requests will be posted on-demand
srv4:74:85 [0] NCCL INFO NET/IB: ncclIbSenderQpsToRts: Set ECE: IbDev 1 Port 1 qp_num 2111 set_ece={supported=1, vendor_id=0x15b3, options=0x30000002, comp_mask=0x0}
srv4:74:85 [0] NCCL INFO NET/IB: ncclIbReceiverQpsCreateToRts: QP created: port=1 dev=1 devName=roceP2p1s0f0 ndevs=2 nmdevs=2 qp_num=2112 pkey=0 pd=0xe6faf40ccd50
srv4:74:85 [0] NCCL INFO NET/IB: ncclIbReceiverQpsCreateToRts: QP created: port=1 dev=1 devName=roceP2p1s0f0 ndevs=2 nmdevs=2 qp_num=2113 pkey=0 pd=0xe6faf40ccd50
srv4:74:85 [0] NCCL INFO NET/IB: ncclIbReceiverQpsCreateToRts: QP created: port=1 dev=0 devName=rocep1s0f0 ndevs=2 nmdevs=2 qp_num=1992 pkey=0 pd=0xe6faf408fdd0
srv4:74:85 [0] NCCL INFO NET/IB: ncclIbReceiverQpsCreateToRts: QP created: port=1 dev=0 devName=rocep1s0f0 ndevs=2 nmdevs=2 qp_num=1993 pkey=0 pd=0xe6faf408fdd0
srv4:74:85 [0] NCCL INFO NET/IB: ncclIbReceiverQpsCreateToRts: QP created: port=1 dev=1 devName=roceP2p1s0f0 ndevs=2 nmdevs=2 qp_num=2114 pkey=0 pd=0xe6faf40ccd50
srv4:74:85 [0] NCCL INFO NET/IB: ncclIbReceiverQpsCreateToRts: QP created: port=1 dev=1 devName=roceP2p1s0f0 ndevs=2 nmdevs=2 qp_num=2115 pkey=0 pd=0xe6faf40ccd50
srv4:74:85 [0] NCCL INFO NET/IB: ncclIbReceiverQpsCreateToRts: QP created: port=1 dev=0 devName=rocep1s0f0 ndevs=2 nmdevs=2 qp_num=1994 pkey=0 pd=0xe6faf408fdd0
srv4:74:85 [0] NCCL INFO NET/IB: ncclIbReceiverQpsCreateToRts: QP created: port=1 dev=0 devName=rocep1s0f0 ndevs=2 nmdevs=2 qp_num=1995 pkey=0 pd=0xe6faf408fdd0
srv4:74:85 [0] NCCL INFO NET/IB: ncclIbReceiverQpsCreateToRts: QP created: port=1 dev=1 devName=roceP2p1s0f0 ndevs=2 nmdevs=2 qp_num=2116 pkey=0 pd=0xe6faf40ccd50
srv4:74:85 [0] NCCL INFO NET/IB: ncclIbReceiverQpsCreateToRts: QP created: port=1 dev=1 devName=roceP2p1s0f0 ndevs=2 nmdevs=2 qp_num=2117 pkey=0 pd=0xe6faf40ccd50
srv4:74:85 [0] NCCL INFO NET/IB: ncclIbReceiverQpsCreateToRts: QP created: port=1 dev=0 devName=rocep1s0f0 ndevs=2 nmdevs=2 qp_num=1996 pkey=0 pd=0xe6faf408fdd0
srv4:74:85 [0] NCCL INFO NET/IB: ncclIbReceiverQpsCreateToRts: QP created: port=1 dev=0 devName=rocep1s0f0 ndevs=2 nmdevs=2 qp_num=1997 pkey=0 pd=0xe6faf408fdd0
srv4:74:85 [0] NCCL INFO NET/IB: ncclIbReceiverQpsCreateToRts: QP created: port=1 dev=1 devName=roceP2p1s0f0 ndevs=2 nmdevs=2 qp_num=2118 pkey=0 pd=0xe6faf40ccd50
srv4:74:85 [0] NCCL INFO NET/IB: ncclIbReceiverQpsCreateToRts: QP created: port=1 dev=1 devName=roceP2p1s0f0 ndevs=2 nmdevs=2 qp_num=2119 pkey=0 pd=0xe6faf40ccd50
srv4:74:85 [0] NCCL INFO NET/IB: ncclIbReceiverQpsCreateToRts: QP created: port=1 dev=0 devName=rocep1s0f0 ndevs=2 nmdevs=2 qp_num=1998 pkey=0 pd=0xe6faf408fdd0
srv4:74:85 [0] NCCL INFO NET/IB: ncclIbReceiverQpsCreateToRts: QP created: port=1 dev=0 devName=rocep1s0f0 ndevs=2 nmdevs=2 qp_num=1999 pkey=0 pd=0xe6faf408fdd0
srv4:74:85 [0] NCCL INFO NET/IB: ncclIbReceiverQpsCreateToRts: QP created: port=1 dev=1 devName=roceP2p1s0f0 ndevs=2 nmdevs=2 qp_num=2120 pkey=0 pd=0xe6faf40ccd50
srv4:74:85 [0] NCCL INFO NET/IB: ncclIbReceiverQpsCreateToRts: QP created: port=1 dev=1 devName=roceP2p1s0f0 ndevs=2 nmdevs=2 qp_num=2121 pkey=0 pd=0xe6faf40ccd50
srv4:74:85 [0] NCCL INFO New proxy recv connection 80 from local rank 0, transport 2
srv4:74:74 [0] NCCL INFO Connected to proxy localRank 0 -> connection 0xe6faf40079f0
srv4:74:74 [0] NCCL INFO Channel 00/0 : 1[0] -> 3[0] [receive] via NET/IB/0
srv4:74:85 [0] NCCL INFO New proxy recv connection 81 from local rank 0, transport 2
srv4:74:74 [0] NCCL INFO Connected to proxy localRank 0 -> connection 0xe6faf4007a78
srv4:74:74 [0] NCCL INFO Channel 01/0 : 1[0] -> 3[0] [receive] via NET/IB/1
srv4:74:85 [0] NCCL INFO New proxy recv connection 82 from local rank 0, transport 2
srv4:74:74 [0] NCCL INFO Connected to proxy localRank 0 -> connection 0xe6faf4007b00
srv4:74:74 [0] NCCL INFO Channel 02/0 : 1[0] -> 3[0] [receive] via NET/IB/0
srv4:74:85 [0] NCCL INFO New proxy recv connection 83 from local rank 0, transport 2
srv4:74:74 [0] NCCL INFO Connected to proxy localRank 0 -> connection 0xe6faf4007b88
srv4:74:74 [0] NCCL INFO Channel 03/0 : 1[0] -> 3[0] [receive] via NET/IB/1
srv4:74:85 [0] NCCL INFO New proxy recv connection 84 from local rank 0, transport 2
srv4:74:74 [0] NCCL INFO Connected to proxy localRank 0 -> connection 0xe6faf4007c10
srv4:74:74 [0] NCCL INFO Channel 04/0 : 1[0] -> 3[0] [receive] via NET/IB/0
srv4:74:85 [0] NCCL INFO New proxy recv connection 85 from local rank 0, transport 2
srv4:74:74 [0] NCCL INFO Connected to proxy localRank 0 -> connection 0xe6faf4007c98
srv4:74:74 [0] NCCL INFO Channel 05/0 : 1[0] -> 3[0] [receive] via NET/IB/1
srv4:74:85 [0] NCCL INFO New proxy recv connection 86 from local rank 0, transport 2
srv4:74:74 [0] NCCL INFO Connected to proxy localRank 0 -> connection 0xe6faf4007d20
srv4:74:74 [0] NCCL INFO Channel 06/0 : 1[0] -> 3[0] [receive] via NET/IB/0
srv4:74:85 [0] NCCL INFO New proxy recv connection 87 from local rank 0, transport 2
srv4:74:74 [0] NCCL INFO Connected to proxy localRank 0 -> connection 0xe6faf4007da8
srv4:74:74 [0] NCCL INFO Channel 07/0 : 1[0] -> 3[0] [receive] via NET/IB/1
srv4:74:85 [0] NCCL INFO New proxy send connection 88 from local rank 0, transport 2
srv4:74:74 [0] NCCL INFO Connected to proxy localRank 0 -> connection 0xe6faf4007e30
srv4:74:74 [0] NCCL INFO Channel 00/0 : 3[0] -> 1[0] [send] via NET/IB/0
srv4:74:85 [0] NCCL INFO New proxy send connection 89 from local rank 0, transport 2
srv4:74:74 [0] NCCL INFO Connected to proxy localRank 0 -> connection 0xe6faf4007eb8
srv4:74:74 [0] NCCL INFO Channel 01/0 : 3[0] -> 1[0] [send] via NET/IB/1
srv4:74:85 [0] NCCL INFO New proxy send connection 90 from local rank 0, transport 2
srv4:74:74 [0] NCCL INFO Connected to proxy localRank 0 -> connection 0xe6faf4007f40
srv4:74:74 [0] NCCL INFO Channel 02/0 : 3[0] -> 1[0] [send] via NET/IB/0
srv4:74:85 [0] NCCL INFO New proxy send connection 91 from local rank 0, transport 2
srv4:74:74 [0] NCCL INFO Connected to proxy localRank 0 -> connection 0xe6faf4007fc8
srv4:74:74 [0] NCCL INFO Channel 03/0 : 3[0] -> 1[0] [send] via NET/IB/1
srv4:74:85 [0] NCCL INFO New proxy send connection 92 from local rank 0, transport 2
srv4:74:74 [0] NCCL INFO Connected to proxy localRank 0 -> connection 0xe6faf4008050
srv4:74:74 [0] NCCL INFO Channel 04/0 : 3[0] -> 1[0] [send] via NET/IB/0
srv4:74:85 [0] NCCL INFO New proxy send connection 93 from local rank 0, transport 2
srv4:74:74 [0] NCCL INFO Connected to proxy localRank 0 -> connection 0xe6faf40080d8
srv4:74:74 [0] NCCL INFO Channel 05/0 : 3[0] -> 1[0] [send] via NET/IB/1
srv4:74:85 [0] NCCL INFO New proxy send connection 94 from local rank 0, transport 2
srv4:74:74 [0] NCCL INFO Connected to proxy localRank 0 -> connection 0xe6faf4008160
srv4:74:74 [0] NCCL INFO Channel 06/0 : 3[0] -> 1[0] [send] via NET/IB/0
srv4:74:85 [0] NCCL INFO New proxy send connection 95 from local rank 0, transport 2
srv4:74:74 [0] NCCL INFO Connected to proxy localRank 0 -> connection 0xe6faf40081e8
srv4:74:74 [0] NCCL INFO Channel 07/0 : 3[0] -> 1[0] [send] via NET/IB/1
srv4:74:85 [0] NCCL INFO NET/IB: ncclIbResiliencyInit: Resiliency is disabled on the send communicator (comm=0xe6faf6705000)
srv4:74:85 [0] NCCL INFO NET/IB: ncclIbResiliencyInit: Resiliency is disabled on the recv communicator (comm=0xe6faf673e000)
srv4:74:85 [0] NCCL INFO NET/IB: ncclIbRecvCommInit: Receive work requests will be posted on-demand
srv4:74:85 [0] NCCL INFO NET/IB: ncclIbResiliencyInit: Resiliency is disabled on the send communicator (comm=0xe6faf677b000)
srv4:74:85 [0] NCCL INFO NET/IB: ncclIbResiliencyInit: Resiliency is disabled on the recv communicator (comm=0xe6faf67b4000)
srv4:74:85 [0] NCCL INFO NET/IB: ncclIbRecvCommInit: Receive work requests will be posted on-demand
srv4:74:85 [0] NCCL INFO NET/IB: ncclIbResiliencyInit: Resiliency is disabled on the send communicator (comm=0xe6faf67f1000)
srv4:74:85 [0] NCCL INFO NET/IB: ncclIbResiliencyInit: Resiliency is disabled on the recv communicator (comm=0xe6faf682a000)
srv4:74:85 [0] NCCL INFO NET/IB: ncclIbRecvCommInit: Receive work requests will be posted on-demand
srv4:74:85 [0] NCCL INFO NET/IB: ncclIbResiliencyInit: Resiliency is disabled on the send communicator (comm=0xe6faf6867000)
srv4:74:85 [0] NCCL INFO NET/IB: ncclIbResiliencyInit: Resiliency is disabled on the recv communicator (comm=0xe6faf68a2000)
srv4:74:85 [0] NCCL INFO NET/IB: ncclIbRecvCommInit: Receive work requests will be posted on-demand
srv4:74:85 [0] NCCL INFO NET/IB: ncclIbResiliencyInit: Resiliency is disabled on the send communicator (comm=0xe6faf68e1000)
srv4:74:85 [0] NCCL INFO NET/IB: ncclIbResiliencyInit: Resiliency is disabled on the recv communicator (comm=0xe6faf691c000)
srv4:74:85 [0] NCCL INFO NET/IB: ncclIbRecvCommInit: Receive work requests will be posted on-demand
srv4:74:85 [0] NCCL INFO NET/IB: ncclIbResiliencyInit: Resiliency is disabled on the send communicator (comm=0xe6faf695b000)
srv4:74:85 [0] NCCL INFO NET/IB: ncclIbSenderQpsCreate: QP created: port=1 dev=0 devName=rocep1s0f0 ndevs=2 nmdevs=2 qp_num=2000 pkey=0 pd=0xe6faf408fdd0
srv4:74:85 [0] NCCL INFO NET/IB: ncclIbConnect: NCCL Dev 0 IbDev 0 Port 1 qp_num 2000 mtu 5 GID 3 (0/40A0A0AFFFF0000) ctsFifoRkey=0x180cc9 ctsFifoLkey=0x180cc9
srv4:74:85 [0] NCCL INFO NET/IB: ncclIbConnect: IbDev 0 Port 1 qp_num 2000 query_ece={supported=1, vendor_id=0x15b3, options=0x30000002, comp_mask=0x0}
srv4:74:85 [0] NCCL INFO NET/IB: ncclIbReceiverQpsCreateToRts: QP created: port=1 dev=0 devName=rocep1s0f0 ndevs=2 nmdevs=2 qp_num=2001 pkey=0 pd=0xe6faf408fdd0
srv4:74:85 [0] NCCL INFO NET/IB: ncclIbReceiverQpsCreateToRts: QP created: port=1 dev=0 devName=rocep1s0f0 ndevs=2 nmdevs=2 qp_num=2002 pkey=0 pd=0xe6faf408fdd0
srv4:74:85 [0] NCCL INFO NET/IB: ncclIbSenderQpsCreate: QP created: port=1 dev=1 devName=roceP2p1s0f0 ndevs=2 nmdevs=2 qp_num=2122 pkey=0 pd=0xe6faf40ccd50
srv4:74:85 [0] NCCL INFO NET/IB: ncclIbConnect: NCCL Dev 1 IbDev 1 Port 1 qp_num 2122 mtu 5 GID 3 (0/40B0A0AFFFF0000) ctsFifoRkey=0x15b4b1 ctsFifoLkey=0x15b4b1
srv4:74:85 [0] NCCL INFO NET/IB: ncclIbConnect: IbDev 1 Port 1 qp_num 2122 query_ece={supported=1, vendor_id=0x15b3, options=0x30000002, comp_mask=0x0}
srv4:74:85 [0] NCCL INFO NET/IB: ncclIbReceiverQpsCreateToRts: QP created: port=1 dev=1 devName=roceP2p1s0f0 ndevs=2 nmdevs=2 qp_num=2123 pkey=0 pd=0xe6faf40ccd50
srv4:74:85 [0] NCCL INFO NET/IB: ncclIbReceiverQpsCreateToRts: QP created: port=1 dev=1 devName=roceP2p1s0f0 ndevs=2 nmdevs=2 qp_num=2124 pkey=0 pd=0xe6faf40ccd50
srv4:74:85 [0] NCCL INFO NET/IB: ncclIbSenderQpsCreate: QP created: port=1 dev=0 devName=rocep1s0f0 ndevs=2 nmdevs=2 qp_num=2003 pkey=0 pd=0xe6faf408fdd0
srv4:74:85 [0] NCCL INFO NET/IB: ncclIbConnect: NCCL Dev 0 IbDev 0 Port 1 qp_num 2003 mtu 5 GID 3 (0/40A0A0AFFFF0000) ctsFifoRkey=0x1518d9 ctsFifoLkey=0x1518d9
srv4:74:85 [0] NCCL INFO NET/IB: ncclIbConnect: IbDev 0 Port 1 qp_num 2003 query_ece={supported=1, vendor_id=0x15b3, options=0x30000002, comp_mask=0x0}
srv4:74:85 [0] NCCL INFO NET/IB: ncclIbResiliencyInit: Resiliency is disabled on the recv communicator (comm=0xe6faf6acc000)
srv4:74:85 [0] NCCL INFO NET/IB: ncclIbRecvCommInit: Receive work requests will be posted on-demand
srv4:74:85 [0] NCCL INFO NET/IB: ncclIbSenderQpsToRts: Set ECE: IbDev 0 Port 1 qp_num 2000 set_ece={supported=1, vendor_id=0x15b3, options=0x30000002, comp_mask=0x0}
srv4:74:85 [0] NCCL INFO NET/IB: ncclIbReceiverQpsCreateToRts: QP created: port=1 dev=0 devName=rocep1s0f0 ndevs=2 nmdevs=2 qp_num=2004 pkey=0 pd=0xe6faf408fdd0
srv4:74:85 [0] NCCL INFO NET/IB: ncclIbReceiverQpsCreateToRts: QP created: port=1 dev=0 devName=rocep1s0f0 ndevs=2 nmdevs=2 qp_num=2005 pkey=0 pd=0xe6faf408fdd0
srv4:74:85 [0] NCCL INFO NET/IB: ncclIbResiliencyInit: Resiliency is disabled on the send communicator (comm=0xe6faf6b55000)
srv4:74:85 [0] NCCL INFO NET/IB: ncclIbSenderQpsToRts: Set ECE: IbDev 1 Port 1 qp_num 2122 set_ece={supported=1, vendor_id=0x15b3, options=0x30000002, comp_mask=0x0}
srv4:74:85 [0] NCCL INFO NET/IB: ncclIbSenderQpsToRts: Set ECE: IbDev 0 Port 1 qp_num 2003 set_ece={supported=1, vendor_id=0x15b3, options=0x30000002, comp_mask=0x0}
srv4:74:85 [0] NCCL INFO NET/IB: ncclIbSenderQpsCreate: QP created: port=1 dev=1 devName=roceP2p1s0f0 ndevs=2 nmdevs=2 qp_num=2125 pkey=0 pd=0xe6faf40ccd50
srv4:74:85 [0] NCCL INFO NET/IB: ncclIbConnect: NCCL Dev 1 IbDev 1 Port 1 qp_num 2125 mtu 5 GID 3 (0/40B0A0AFFFF0000) ctsFifoRkey=0x15f2f0 ctsFifoLkey=0x15f2f0
srv4:74:85 [0] NCCL INFO NET/IB: ncclIbConnect: IbDev 1 Port 1 qp_num 2125 query_ece={supported=1, vendor_id=0x15b3, options=0x30000002, comp_mask=0x0}
srv4:74:85 [0] NCCL INFO NET/IB: ncclIbSenderQpsCreate: QP created: port=1 dev=0 devName=rocep1s0f0 ndevs=2 nmdevs=2 qp_num=2006 pkey=0 pd=0xe6faf408fdd0
srv4:74:85 [0] NCCL INFO NET/IB: ncclIbConnect: NCCL Dev 0 IbDev 0 Port 1 qp_num 2006 mtu 5 GID 3 (0/40A0A0AFFFF0000) ctsFifoRkey=0x14c07e ctsFifoLkey=0x14c07e
srv4:74:85 [0] NCCL INFO NET/IB: ncclIbConnect: IbDev 0 Port 1 qp_num 2006 query_ece={supported=1, vendor_id=0x15b3, options=0x30000002, comp_mask=0x0}
srv4:74:85 [0] NCCL INFO NET/IB: ncclIbSenderQpsCreate: QP created: port=1 dev=1 devName=roceP2p1s0f0 ndevs=2 nmdevs=2 qp_num=2126 pkey=0 pd=0xe6faf40ccd50
srv4:74:85 [0] NCCL INFO NET/IB: ncclIbConnect: NCCL Dev 1 IbDev 1 Port 1 qp_num 2126 mtu 5 GID 3 (0/40B0A0AFFFF0000) ctsFifoRkey=0x15dad9 ctsFifoLkey=0x15dad9
srv4:74:85 [0] NCCL INFO NET/IB: ncclIbConnect: IbDev 1 Port 1 qp_num 2126 query_ece={supported=1, vendor_id=0x15b3, options=0x30000002, comp_mask=0x0}
srv4:74:85 [0] NCCL INFO NET/IB: ncclIbSenderQpsCreate: QP created: port=1 dev=0 devName=rocep1s0f0 ndevs=2 nmdevs=2 qp_num=2007 pkey=0 pd=0xe6faf408fdd0
srv4:74:85 [0] NCCL INFO NET/IB: ncclIbConnect: NCCL Dev 0 IbDev 0 Port 1 qp_num 2007 mtu 5 GID 3 (0/40A0A0AFFFF0000) ctsFifoRkey=0x1619cf ctsFifoLkey=0x1619cf
srv4:74:85 [0] NCCL INFO NET/IB: ncclIbConnect: IbDev 0 Port 1 qp_num 2007 query_ece={supported=1, vendor_id=0x15b3, options=0x30000002, comp_mask=0x0}
srv4:74:85 [0] NCCL INFO NET/IB: ncclIbResiliencyInit: Resiliency is disabled on the recv communicator (comm=0xe6faf6c54000)
srv4:74:85 [0] NCCL INFO NET/IB: ncclIbRecvCommInit: Receive work requests will be posted on-demand
srv4:74:85 [0] NCCL INFO NET/IB: ncclIbResiliencyInit: Resiliency is disabled on the send communicator (comm=0xe6faf6c93000)
srv4:74:85 [0] NCCL INFO NET/IB: ncclIbSenderQpsToRts: Set ECE: IbDev 1 Port 1 qp_num 2125 set_ece={supported=1, vendor_id=0x15b3, options=0x30000002, comp_mask=0x0}
srv4:74:85 [0] NCCL INFO NET/IB: ncclIbSenderQpsToRts: Set ECE: IbDev 0 Port 1 qp_num 2006 set_ece={supported=1, vendor_id=0x15b3, options=0x30000002, comp_mask=0x0}
srv4:74:85 [0] NCCL INFO NET/IB: ncclIbReceiverQpsCreateToRts: QP created: port=1 dev=0 devName=rocep1s0f0 ndevs=2 nmdevs=2 qp_num=2008 pkey=0 pd=0xe6faf408fdd0
srv4:74:85 [0] NCCL INFO NET/IB: ncclIbReceiverQpsCreateToRts: QP created: port=1 dev=0 devName=rocep1s0f0 ndevs=2 nmdevs=2 qp_num=2009 pkey=0 pd=0xe6faf408fdd0
srv4:74:85 [0] NCCL INFO NET/IB: ncclIbSenderQpsToRts: Set ECE: IbDev 1 Port 1 qp_num 2126 set_ece={supported=1, vendor_id=0x15b3, options=0x30000002, comp_mask=0x0}
srv4:74:85 [0] NCCL INFO NET/IB: ncclIbReceiverQpsCreateToRts: QP created: port=1 dev=1 devName=roceP2p1s0f0 ndevs=2 nmdevs=2 qp_num=2127 pkey=0 pd=0xe6faf40ccd50
srv4:74:85 [0] NCCL INFO NET/IB: ncclIbReceiverQpsCreateToRts: QP created: port=1 dev=1 devName=roceP2p1s0f0 ndevs=2 nmdevs=2 qp_num=2128 pkey=0 pd=0xe6faf40ccd50
srv4:74:85 [0] NCCL INFO NET/IB: ncclIbSenderQpsToRts: Set ECE: IbDev 0 Port 1 qp_num 2007 set_ece={supported=1, vendor_id=0x15b3, options=0x30000002, comp_mask=0x0}
srv4:74:85 [0] NCCL INFO NET/IB: ncclIbReceiverQpsCreateToRts: QP created: port=1 dev=0 devName=rocep1s0f0 ndevs=2 nmdevs=2 qp_num=2010 pkey=0 pd=0xe6faf408fdd0
srv4:74:85 [0] NCCL INFO NET/IB: ncclIbReceiverQpsCreateToRts: QP created: port=1 dev=0 devName=rocep1s0f0 ndevs=2 nmdevs=2 qp_num=2011 pkey=0 pd=0xe6faf408fdd0
srv4:74:85 [0] NCCL INFO NET/IB: ncclIbSenderQpsCreate: QP created: port=1 dev=1 devName=roceP2p1s0f0 ndevs=2 nmdevs=2 qp_num=2129 pkey=0 pd=0xe6faf40ccd50
srv4:74:85 [0] NCCL INFO NET/IB: ncclIbConnect: NCCL Dev 1 IbDev 1 Port 1 qp_num 2129 mtu 5 GID 3 (0/40B0A0AFFFF0000) ctsFifoRkey=0x164340 ctsFifoLkey=0x164340
srv4:74:85 [0] NCCL INFO NET/IB: ncclIbConnect: IbDev 1 Port 1 qp_num 2129 query_ece={supported=1, vendor_id=0x15b3, options=0x30000002, comp_mask=0x0}
srv4:74:85 [0] NCCL INFO NET/IB: ncclIbResiliencyInit: Resiliency is disabled on the recv communicator (comm=0xe6faf6de8000)
srv4:74:85 [0] NCCL INFO NET/IB: ncclIbRecvCommInit: Receive work requests will be posted on-demand
srv4:74:85 [0] NCCL INFO NET/IB: ncclIbReceiverQpsCreateToRts: QP created: port=1 dev=1 devName=roceP2p1s0f0 ndevs=2 nmdevs=2 qp_num=2130 pkey=0 pd=0xe6faf40ccd50
srv4:74:85 [0] NCCL INFO NET/IB: ncclIbReceiverQpsCreateToRts: QP created: port=1 dev=1 devName=roceP2p1s0f0 ndevs=2 nmdevs=2 qp_num=2131 pkey=0 pd=0xe6faf40ccd50
srv4:74:85 [0] NCCL INFO NET/IB: ncclIbReceiverQpsCreateToRts: QP created: port=1 dev=1 devName=roceP2p1s0f0 ndevs=2 nmdevs=2 qp_num=2132 pkey=0 pd=0xe6faf40ccd50
srv4:74:85 [0] NCCL INFO NET/IB: ncclIbReceiverQpsCreateToRts: QP created: port=1 dev=1 devName=roceP2p1s0f0 ndevs=2 nmdevs=2 qp_num=2133 pkey=0 pd=0xe6faf40ccd50
srv4:74:85 [0] NCCL INFO NET/IB: ncclIbSenderQpsToRts: Set ECE: IbDev 1 Port 1 qp_num 2129 set_ece={supported=1, vendor_id=0x15b3, options=0x30000002, comp_mask=0x0}
srv4:74:74 [0] NCCL INFO Connected binomial trees
srv4:74:85 [0] NCCL INFO New proxy send connection 96 from local rank 0, transport 2
srv4:74:74 [0] NCCL INFO Connected to proxy localRank 0 -> connection 0xe6faf4008270
srv4:74:74 [0] NCCL INFO TUNER/Plugin: Could not find: libnccl-tuner.so
srv4:74:74 [0] NCCL INFO threadThresholds 8/8/64 | 32/8/64 | 512 | 512
srv4:74:74 [0] NCCL INFO 16 coll channels, 16 collnet channels, 0 nvls channels, 16 p2p channels, 4 p2p channels per peer
srv4:74:74 [0] NCCL INFO Symmetric memory is not supported. cuMemEnable 0, globalGinSupport 0, globalNicFused 0 cuMemGdrSupport 0
srv4:74:74 [0] NCCL INFO ncclCommInitRankConfig comm 0x18d6ca80 rank 3 nranks 4 cudaDev 0 nvmlDev 0 busId f01000 commId 0x5b0c65046d7e5d07 - Init COMPLETE
srv4:74:74 [0] NCCL INFO Init timings - ncclCommInitRankConfig: rank 3 nranks 4 total 1.53 (kernels 0.19, alloc 0.03, bootstrap 0.05, allgathers 0.00, topo 0.01, graphs 0.00, connections 1.27, rest 0.00)
1 153880 random exact
1 153880 ties exact
1 153880 nonfinite exact
1 38710 random exact
1 38710 ties exact
1 38710 nonfinite exact
1 7 random exact
1 7 ties exact
1 7 nonfinite exact
5 153880 random exact
5 153880 ties exact
5 153880 nonfinite exact
5 38710 random exact
5 38710 ties exact
5 38710 nonfinite exact
5 7 random exact
5 7 ties exact
5 7 nonfinite exact
20 153880 random exact
20 153880 ties exact
20 153880 nonfinite exact
20 38710 random exact
20 38710 ties exact
20 38710 nonfinite exact
20 7 random exact
20 7 ties exact
20 7 nonfinite exact
srv4:74:74 [0] NCCL INFO comm 0x18d6ca80 rank 3 nranks 4 cudaDev 0 busId f01000 - Destroy COMPLETE
srv4:74:74 [0] NCCL INFO ENV/Plugin: Closing env plugin ncclEnvDefault
[W911 13:57:27.557466983 Utils.hpp:137] Warning: Environment variable NCCL_ASYNC_ERROR_HANDLING is deprecated; use TORCH_NCCL_ASYNC_ERROR_HANDLING instead (function operator())
