wait work: step_sim 재검증(최근 onepass 기록 3개, CPU) → /home/choiceoh/glm53-logs/wait-sim/wait-q38leave-0919b-20260919-172138.txt
waiting: pos 1/1, srv4: no room beside production -- MemAvailable 15.3 GiB, this check's budget 8.0 GiB, floor 16.0: 7.3 GiB would be left 2026-09-19_17:21:38
waiting: pos 1/1, srv4: no room beside production -- MemAvailable 14.7 GiB, this check's budget 8.0 GiB, floor 16.0: 6.7 GiB would be left 2026-09-19_17:21:59
waiting: pos 1/1, srv4: no room beside production -- MemAvailable 15.5 GiB, this check's budget 8.0 GiB, floor 16.0: 7.5 GiB would be left 2026-09-19_17:22:42
waiting: pos 1/1, srv4: no room beside production -- MemAvailable 15.4 GiB, this check's budget 8.0 GiB, floor 16.0: 7.4 GiB would be left 2026-09-19_17:23:03
waiting: pos 1/1, srv4: no room beside production -- MemAvailable 15.3 GiB, this check's budget 8.0 GiB, floor 16.0: 7.3 GiB would be left 2026-09-19_17:23:25
waiting: pos 1/1, srv4: no room beside production -- MemAvailable 15.1 GiB, this check's budget 8.0 GiB, floor 16.0: 7.1 GiB would be left 2026-09-19_17:23:46
waiting: pos 1/1, srv4: no room beside production -- MemAvailable 14.9 GiB, this check's budget 8.0 GiB, floor 16.0: 6.9 GiB would be left 2026-09-19_17:24:29
waiting: pos 1/1, srv4: no room beside production -- MemAvailable 15.1 GiB, this check's budget 8.0 GiB, floor 16.0: 7.1 GiB would be left 2026-09-19_17:24:50
waiting: pos 1/1, srv4: no room beside production -- MemAvailable 14.3 GiB, this check's budget 8.0 GiB, floor 16.0: 6.3 GiB would be left 2026-09-19_17:25:11
waiting: pos 1/1, srv4: no room beside production -- MemAvailable 14.8 GiB, this check's budget 8.0 GiB, floor 16.0: 6.8 GiB would be left 2026-09-19_17:25:32
waiting: pos 1/1, srv4: no room beside production -- MemAvailable 14.9 GiB, this check's budget 8.0 GiB, floor 16.0: 6.9 GiB would be left 2026-09-19_17:25:53
waiting: pos 1/1, srv4: no room beside production -- MemAvailable 14.7 GiB, this check's budget 8.0 GiB, floor 16.0: 6.7 GiB would be left 2026-09-19_17:26:15
waiting: pos 1/1, srv4: no room beside production -- MemAvailable 14.8 GiB, this check's budget 8.0 GiB, floor 16.0: 6.8 GiB would be left 2026-09-19_17:26:36
waiting: pos 1/1, srv4: no room beside production -- MemAvailable 15.2 GiB, this check's budget 8.0 GiB, floor 16.0: 7.2 GiB would be left 2026-09-19_17:28:01
waiting: pos 1/1, srv4: no room beside production -- MemAvailable 15.1 GiB, this check's budget 8.0 GiB, floor 16.0: 7.1 GiB would be left 2026-09-19_17:28:22
waiting: pos 1/1, srv4: no room beside production -- MemAvailable 15.2 GiB, this check's budget 8.0 GiB, floor 16.0: 7.2 GiB would be left 2026-09-19_17:28:44
waiting: pos 1/2, srv4: no room beside production -- MemAvailable 15.2 GiB, this check's budget 8.0 GiB, floor 16.0: 7.2 GiB would be left 2026-09-19_17:29:02
waiting: pos 1/3, srv4: no room beside production -- MemAvailable 15.2 GiB, this check's budget 8.0 GiB, floor 16.0: 7.2 GiB would be left 2026-09-19_17:29:03
waiting: pos 1/3, srv4: no room beside production -- MemAvailable 15.1 GiB, this check's budget 8.0 GiB, floor 16.0: 7.1 GiB would be left 2026-09-19_17:29:04
waiting: pos 1/3, srv4: no room beside production -- MemAvailable 15.2 GiB, this check's budget 8.0 GiB, floor 16.0: 7.2 GiB would be left 2026-09-19_17:29:24
waiting: pos 1/3, srv4: no room beside production -- MemAvailable 15.1 GiB, this check's budget 8.0 GiB, floor 16.0: 7.1 GiB would be left 2026-09-19_17:29:46
waiting: pos 1/3, srv4: no room beside production -- MemAvailable 14.8 GiB, this check's budget 8.0 GiB, floor 16.0: 6.8 GiB would be left 2026-09-19_17:30:48
waiting: pos 1/3, srv4: no room beside production -- MemAvailable 14.9 GiB, this check's budget 8.0 GiB, floor 16.0: 6.9 GiB would be left 2026-09-19_17:31:09
waiting: pos 1/3, srv4: no room beside production -- MemAvailable 14.8 GiB, this check's budget 8.0 GiB, floor 16.0: 6.8 GiB would be left 2026-09-19_17:31:29
waiting: pos 1/3, srv4: no room beside production -- MemAvailable 14.9 GiB, this check's budget 8.0 GiB, floor 16.0: 6.9 GiB would be left 2026-09-19_17:32:11
waiting: pos 1/3, srv4: no room beside production -- MemAvailable 15.0 GiB, this check's budget 8.0 GiB, floor 16.0: 7.0 GiB would be left 2026-09-19_17:32:31
waiting: pos 1/4, srv4: no room beside production -- MemAvailable 15.0 GiB, this check's budget 8.0 GiB, floor 16.0: 7.0 GiB would be left 2026-09-19_17:32:42
waiting: pos 1/4, srv4: no room beside production -- MemAvailable 14.9 GiB, this check's budget 8.0 GiB, floor 16.0: 6.9 GiB would be left 2026-09-19_17:32:52
waiting: pos 1/4, srv4: no room beside production -- MemAvailable 13.4 GiB, this check's budget 8.0 GiB, floor 16.0: 5.4 GiB would be left 2026-09-19_17:33:54
waiting: pos 1/4, srv4: no room beside production -- MemAvailable 15.3 GiB, this check's budget 8.0 GiB, floor 16.0: 7.3 GiB would be left 2026-09-19_17:34:15
waiting: pos 1/4, srv4: no room beside production -- MemAvailable 15.4 GiB, this check's budget 8.0 GiB, floor 16.0: 7.4 GiB would be left 2026-09-19_17:35:17
waiting: pos 1/4, srv4: no room beside production -- MemAvailable 15.3 GiB, this check's budget 8.0 GiB, floor 16.0: 7.3 GiB would be left 2026-09-19_17:35:37
waiting: pos 1/4, srv4: no room beside production -- MemAvailable 15.2 GiB, this check's budget 8.0 GiB, floor 16.0: 7.2 GiB would be left 2026-09-19_17:35:38
waiting: pos 1/4, srv4: no room beside production -- MemAvailable 16.0 GiB, this check's budget 8.0 GiB, floor 16.0: 8.0 GiB would be left 2026-09-19_17:35:58
waiting: pos 1/5, srv4: no room beside production -- MemAvailable 16.1 GiB, this check's budget 8.0 GiB, floor 16.0: 8.1 GiB would be left 2026-09-19_17:36:19
waiting: pos 1/5, srv4: no room beside production -- MemAvailable 15.9 GiB, this check's budget 8.0 GiB, floor 16.0: 7.9 GiB would be left 2026-09-19_17:37:21
waiting: pos 1/5, srv4: no room beside production -- MemAvailable 15.8 GiB, this check's budget 8.0 GiB, floor 16.0: 7.8 GiB would be left 2026-09-19_17:38:02
waiting: pos 1/5, srv4: no room beside production -- MemAvailable 16.1 GiB, this check's budget 8.0 GiB, floor 16.0: 8.1 GiB would be left 2026-09-19_17:38:23
waiting: pos 1/5, srv4: no room beside production -- MemAvailable 15.8 GiB, this check's budget 8.0 GiB, floor 16.0: 7.8 GiB would be left 2026-09-19_17:39:04
waiting: pos 1/5, srv4: no room beside production -- MemAvailable 15.3 GiB, this check's budget 8.0 GiB, floor 16.0: 7.3 GiB would be left 2026-09-19_17:39:25
waiting: pos 1/5, srv4: no room beside production -- MemAvailable 16.0 GiB, this check's budget 8.0 GiB, floor 16.0: 8.0 GiB would be left 2026-09-19_17:39:46
waiting: pos 1/5, srv4: no room beside production -- MemAvailable 15.7 GiB, this check's budget 8.0 GiB, floor 16.0: 7.7 GiB would be left 2026-09-19_17:40:48
waiting: pos 1/5, srv4: no room beside production -- MemAvailable 15.8 GiB, this check's budget 8.0 GiB, floor 16.0: 7.8 GiB would be left 2026-09-19_17:41:08
waiting: pos 1/5, srv4: no room beside production -- MemAvailable 15.9 GiB, this check's budget 8.0 GiB, floor 16.0: 7.9 GiB would be left 2026-09-19_17:41:29
waiting: pos 1/5, srv4: no room beside production -- MemAvailable 15.2 GiB, this check's budget 8.0 GiB, floor 16.0: 7.2 GiB would be left 2026-09-19_17:42:10
waiting: pos 1/5, srv4: no room beside production -- MemAvailable 15.6 GiB, this check's budget 8.0 GiB, floor 16.0: 7.6 GiB would be left 2026-09-19_17:42:31
waiting: pos 1/5, srv4: no room beside production -- MemAvailable 16.0 GiB, this check's budget 8.0 GiB, floor 16.0: 8.0 GiB would be left 2026-09-19_17:42:51
waiting: pos 1/5, srv4: no room beside production -- MemAvailable 15.4 GiB, this check's budget 8.0 GiB, floor 16.0: 7.4 GiB would be left 2026-09-19_17:44:14
waiting: pos 1/5, srv4: no room beside production -- MemAvailable 14.7 GiB, this check's budget 8.0 GiB, floor 16.0: 6.7 GiB would be left 2026-09-19_17:44:34
waiting: pos 1/5, srv4: no room beside production -- MemAvailable 14.6 GiB, this check's budget 8.0 GiB, floor 16.0: 6.6 GiB would be left 2026-09-19_17:45:16
waiting: pos 1/5, srv4: no room beside production -- MemAvailable 13.6 GiB, this check's budget 8.0 GiB, floor 16.0: 5.6 GiB would be left 2026-09-19_17:45:57
waiting: pos 1/5, srv4: no room beside production -- MemAvailable 14.1 GiB, this check's budget 8.0 GiB, floor 16.0: 6.1 GiB would be left 2026-09-19_17:46:18
waiting: pos 1/5, srv4: no room beside production -- MemAvailable 14.0 GiB, this check's budget 8.0 GiB, floor 16.0: 6.0 GiB would be left 2026-09-19_17:47:19
waiting: pos 1/5, srv4: no room beside production -- MemAvailable 14.5 GiB, this check's budget 8.0 GiB, floor 16.0: 6.5 GiB would be left 2026-09-19_17:47:40
waiting: pos 1/5, srv4: no room beside production -- MemAvailable 14.8 GiB, this check's budget 8.0 GiB, floor 16.0: 6.8 GiB would be left 2026-09-19_17:48:21
waiting: pos 1/5, srv4: no room beside production -- MemAvailable 13.3 GiB, this check's budget 8.0 GiB, floor 16.0: 5.3 GiB would be left 2026-09-19_17:49:02
waiting: pos 1/5, srv4: no room beside production -- MemAvailable 14.3 GiB, this check's budget 8.0 GiB, floor 16.0: 6.3 GiB would be left 2026-09-19_17:49:23
waiting: pos 1/5, srv4: no room beside production -- MemAvailable 14.2 GiB, this check's budget 8.0 GiB, floor 16.0: 6.2 GiB would be left 2026-09-19_17:49:44
waiting: pos 1/6, srv4: no room beside production -- MemAvailable 14.2 GiB, this check's budget 8.0 GiB, floor 16.0: 6.2 GiB would be left 2026-09-19_17:49:56
waiting: pos 1/6, srv4: no room beside production -- MemAvailable 13.9 GiB, this check's budget 8.0 GiB, floor 16.0: 5.9 GiB would be left 2026-09-19_17:50:25
waiting: pos 1/6, srv4: no room beside production -- MemAvailable 14.0 GiB, this check's budget 8.0 GiB, floor 16.0: 6.0 GiB would be left 2026-09-19_17:50:46
waiting: pos 1/8, srv4: no room beside production -- MemAvailable 14.0 GiB, this check's budget 8.0 GiB, floor 16.0: 6.0 GiB would be left 2026-09-19_17:50:51
waiting: pos 1/8, srv4: no room beside production -- MemAvailable 13.9 GiB, this check's budget 8.0 GiB, floor 16.0: 5.9 GiB would be left 2026-09-19_17:51:06
waiting: pos 1/8, srv4: no room beside production -- MemAvailable 14.0 GiB, this check's budget 8.0 GiB, floor 16.0: 6.0 GiB would be left 2026-09-19_17:51:27
waiting: pos 1/8, srv4: no room beside production -- MemAvailable 13.9 GiB, this check's budget 8.0 GiB, floor 16.0: 5.9 GiB would be left 2026-09-19_17:51:48
waiting: pos 1/8, srv4: no room beside production -- MemAvailable 14.0 GiB, this check's budget 8.0 GiB, floor 16.0: 6.0 GiB would be left 2026-09-19_17:52:08
waiting: pos 1/8, srv4: no room beside production -- MemAvailable 13.5 GiB, this check's budget 8.0 GiB, floor 16.0: 5.5 GiB would be left 2026-09-19_17:53:31
waiting: pos 1/8, srv4: no room beside production -- MemAvailable 14.0 GiB, this check's budget 8.0 GiB, floor 16.0: 6.0 GiB would be left 2026-09-19_17:53:52
waiting: pos 1/8, srv4: no room beside production -- MemAvailable 14.2 GiB, this check's budget 8.0 GiB, floor 16.0: 6.2 GiB would be left 2026-09-19_17:54:12
waiting: pos 1/9, srv4: no room beside production -- MemAvailable 14.2 GiB, this check's budget 8.0 GiB, floor 16.0: 6.2 GiB would be left 2026-09-19_17:54:55
waiting: pos 1/10, srv4: no room beside production -- MemAvailable 14.2 GiB, this check's budget 8.0 GiB, floor 16.0: 6.2 GiB would be left 2026-09-19_17:55:12
waiting: pos 1/10, srv4: no room beside production -- MemAvailable 14.1 GiB, this check's budget 8.0 GiB, floor 16.0: 6.1 GiB would be left 2026-09-19_17:55:14
waiting: pos 1/10, srv4: no room beside production -- MemAvailable 13.9 GiB, this check's budget 8.0 GiB, floor 16.0: 5.9 GiB would be left 2026-09-19_17:55:35
waiting: pos 1/10, srv4: no room beside production -- MemAvailable 15.0 GiB, this check's budget 8.0 GiB, floor 16.0: 7.0 GiB would be left 2026-09-19_17:55:56
waiting: pos 1/12, srv4: no room beside production -- MemAvailable 13.0 GiB, this check's budget 8.0 GiB, floor 16.0: 5.0 GiB would be left 2026-09-19_17:56:17
waiting: pos 1/12, srv4: no room beside production -- MemAvailable 12.7 GiB, this check's budget 8.0 GiB, floor 16.0: 4.7 GiB would be left 2026-09-19_17:56:37
waiting: pos 1/12, srv4: no room beside production -- MemAvailable 13.0 GiB, this check's budget 8.0 GiB, floor 16.0: 5.0 GiB would be left 2026-09-19_17:57:40
waiting: pos 1/12, srv4: no room beside production -- MemAvailable 13.2 GiB, this check's budget 8.0 GiB, floor 16.0: 5.2 GiB would be left 2026-09-19_17:58:00
waiting: pos 1/12, srv4: no room beside production -- MemAvailable 11.6 GiB, this check's budget 8.0 GiB, floor 16.0: 3.6 GiB would be left 2026-09-19_17:58:21
waiting: pos 1/12, srv4: no room beside production -- MemAvailable 13.1 GiB, this check's budget 8.0 GiB, floor 16.0: 5.1 GiB would be left 2026-09-19_17:58:42
waiting: pos 1/12, srv4: no room beside production -- MemAvailable 13.0 GiB, this check's budget 8.0 GiB, floor 16.0: 5.0 GiB would be left 2026-09-19_17:59:03
waiting: pos 1/12, srv4: no room beside production -- MemAvailable 12.8 GiB, this check's budget 8.0 GiB, floor 16.0: 4.8 GiB would be left 2026-09-19_17:59:24
waiting: pos 1/12, srv4: no room beside production -- MemAvailable 13.2 GiB, this check's budget 8.0 GiB, floor 16.0: 5.2 GiB would be left 2026-09-19_17:59:44
waiting: pos 1/12, srv4: no room beside production -- MemAvailable 13.1 GiB, this check's budget 8.0 GiB, floor 16.0: 5.1 GiB would be left 2026-09-19_18:01:09
waiting: pos 1/12, srv4: no room beside production -- MemAvailable 13.2 GiB, this check's budget 8.0 GiB, floor 16.0: 5.2 GiB would be left 2026-09-19_18:01:50
waiting: pos 1/12, srv4: no room beside production -- MemAvailable 13.4 GiB, this check's budget 8.0 GiB, floor 16.0: 5.4 GiB would be left 2026-09-19_18:02:12
waiting: pos 1/12, srv4: no room beside production -- MemAvailable 13.3 GiB, this check's budget 8.0 GiB, floor 16.0: 5.3 GiB would be left 2026-09-19_18:02:32
waiting: pos 1/12, srv4: no room beside production -- MemAvailable 13.1 GiB, this check's budget 8.0 GiB, floor 16.0: 5.1 GiB would be left 2026-09-19_18:02:53
waiting: pos 1/12, srv4: no room beside production -- MemAvailable 13.5 GiB, this check's budget 8.0 GiB, floor 16.0: 5.5 GiB would be left 2026-09-19_18:03:34
waiting: pos 1/12, srv4: no room beside production -- MemAvailable 13.4 GiB, this check's budget 8.0 GiB, floor 16.0: 5.4 GiB would be left 2026-09-19_18:03:35
waiting: pos 1/12, srv4: no room beside production -- MemAvailable 12.6 GiB, this check's budget 8.0 GiB, floor 16.0: 4.6 GiB would be left 2026-09-19_18:04:15
waiting: pos 1/12, srv4: no room beside production -- MemAvailable 13.1 GiB, this check's budget 8.0 GiB, floor 16.0: 5.1 GiB would be left 2026-09-19_18:04:36
waiting: pos 1/12, srv4: no room beside production -- MemAvailable 12.4 GiB, this check's budget 8.0 GiB, floor 16.0: 4.4 GiB would be left 2026-09-19_18:04:57
waiting: pos 1/12, srv4: no room beside production -- MemAvailable 13.0 GiB, this check's budget 8.0 GiB, floor 16.0: 5.0 GiB would be left 2026-09-19_18:05:18
waiting: pos 1/12, srv4: no room beside production -- MemAvailable 13.1 GiB, this check's budget 8.0 GiB, floor 16.0: 5.1 GiB would be left 2026-09-19_18:05:38
waiting: pos 1/12, srv4: no room beside production -- MemAvailable 13.4 GiB, this check's budget 8.0 GiB, floor 16.0: 5.4 GiB would be left 2026-09-19_18:05:59
waiting: pos 1/12, srv4: no room beside production -- MemAvailable 13.6 GiB, this check's budget 8.0 GiB, floor 16.0: 5.6 GiB would be left 2026-09-19_18:06:41
waiting: pos 1/11, srv4: no room beside production -- MemAvailable 13.6 GiB, this check's budget 8.0 GiB, floor 16.0: 5.6 GiB would be left 2026-09-19_18:06:44
waiting: pos 1/12, srv4: no room beside production -- MemAvailable 13.6 GiB, this check's budget 8.0 GiB, floor 16.0: 5.6 GiB would be left 2026-09-19_18:06:45
waiting: pos 1/11, srv4: no room beside production -- MemAvailable 13.6 GiB, this check's budget 8.0 GiB, floor 16.0: 5.6 GiB would be left 2026-09-19_18:06:51
waiting: pos 1/10, srv4: no room beside production -- MemAvailable 13.6 GiB, this check's budget 8.0 GiB, floor 16.0: 5.6 GiB would be left 2026-09-19_18:06:53
waiting: pos 1/8, srv4: no room beside production -- MemAvailable 13.6 GiB, this check's budget 8.0 GiB, floor 16.0: 5.6 GiB would be left 2026-09-19_18:06:54
waiting: pos 1/7, srv4: no room beside production -- MemAvailable 13.6 GiB, this check's budget 8.0 GiB, floor 16.0: 5.6 GiB would be left 2026-09-19_18:06:55
wait work: 끝났다 — 4줄 → /home/choiceoh/glm53-logs/wait-sim/wait-q38leave-0919b-20260919-172138.txt
GO q38leave-0919b 2026-09-19_18:07:02
  single GPU: probes/engine_kernel_check.py on srv4 (tree ~/st-probe-tree, image st-engine:glm53, budget 8 GiB beside production, no fleet lease)
{"qualify": {"enter": [0.00625, 0.001094], "inject": [0.004854, 0.001396], "leave_norm": [0.004975, 0.002485], "leave": [0.004975, 0.002485], "close": [0.005587, 0.002717]}, "gpu_busy_percent": {"start": 0}}
{"checks rows 1": {"off": {"eager_equal_off": true, "replay_equal_off": true, "finite": true}, "pdl": {"eager_equal_off": true, "replay_equal_off": true, "finite": true}, "prefetch 2 MB": {"eager_equal_off": true, "replay_equal_off": true, "finite": true}, "prefetch 4 MB": {"eager_equal_off": true, "replay_equal_off": true, "finite": true}, "prefetch all": {"eager_equal_off": true, "replay_equal_off": true, "finite": true}}}
{"rows 1 wait 0 us": {"us_a_site": {"off": {"min": 65.88, "p25": 66.34, "median": 66.45}, "pdl": {"min": 65.24, "p25": 65.35, "median": 65.52}, "prefetch 2 MB": {"min": 63.48, "p25": 63.78, "median": 63.9}, "prefetch 4 MB": {"min": 64.1, "p25": 64.14, "median": 64.28}, "prefetch all": {"min": 65.15, "p25": 65.69, "median": 65.89}}, "gpu_busy_percent": 95, "saved_us_a_site": {"off": {"min": 0.0, "p25": 0.0, "median": 0.0}, "pdl": {"min": 0.64, "p25": 0.99, "median": 0.93}, "prefetch 2 MB": {"min": 2.4, "p25": 2.56, "median": 2.55}, "prefetch 4 MB": {"min": 1.78, "p25": 2.2, "median": 2.17}, "prefetch all": {"min": 0.73, "p25": 0.65, "median": 0.56}}}}
{"rows 1 wait 10 us": {"us_a_site": {"off": {"min": 76.02, "p25": 76.25, "median": 76.34}, "pdl": {"min": 75.02, "p25": 75.19, "median": 75.38}, "prefetch 2 MB": {"min": 67.48, "p25": 67.83, "median": 68.01}, "prefetch 4 MB": {"min": 65.97, "p25": 66.22, "median": 66.54}, "prefetch all": {"min": 65.2, "p25": 65.45, "median": 65.63}}, "gpu_busy_percent": 95, "saved_us_a_site": {"off": {"min": 0.0, "p25": 0.0, "median": 0.0}, "pdl": {"min": 1.0, "p25": 1.06, "median": 0.96}, "prefetch 2 MB": {"min": 8.54, "p25": 8.42, "median": 8.33}, "prefetch 4 MB": {"min": 10.05, "p25": 10.03, "median": 9.8}, "prefetch all": {"min": 10.82, "p25": 10.8, "median": 10.71}}}}
{"rows 1 wait 20 us": {"us_a_site": {"off": {"min": 86.12, "p25": 86.3, "median": 86.52}, "pdl": {"min": 85.12, "p25": 85.28, "median": 85.4}, "prefetch 2 MB": {"min": 77.86, "p25": 78.08, "median": 78.3}, "prefetch 4 MB": {"min": 73.44, "p25": 73.62, "median": 73.69}, "prefetch all": {"min": 68.87, "p25": 68.98, "median": 69.1}}, "gpu_busy_percent": 95, "saved_us_a_site": {"off": {"min": 0.0, "p25": 0.0, "median": 0.0}, "pdl": {"min": 1.0, "p25": 1.02, "median": 1.12}, "prefetch 2 MB": {"min": 8.26, "p25": 8.22, "median": 8.22}, "prefetch 4 MB": {"min": 12.68, "p25": 12.68, "median": 12.83}, "prefetch all": {"min": 17.25, "p25": 17.32, "median": 17.42}}}}
{"rows 1 wait 30 us": {"us_a_site": {"off": {"min": 96.03, "p25": 96.23, "median": 96.34}, "pdl": {"min": 95.06, "p25": 95.23, "median": 95.28}, "prefetch 2 MB": {"min": 87.71, "p25": 87.91, "median": 88.22}, "prefetch 4 MB": {"min": 83.26, "p25": 83.51, "median": 83.6}, "prefetch all": {"min": 78.89, "p25": 79.08, "median": 79.24}}, "gpu_busy_percent": 96, "saved_us_a_site": {"off": {"min": 0.0, "p25": 0.0, "median": 0.0}, "pdl": {"min": 0.97, "p25": 1.0, "median": 1.06}, "prefetch 2 MB": {"min": 8.32, "p25": 8.32, "median": 8.12}, "prefetch 4 MB": {"min": 12.77, "p25": 12.72, "median": 12.74}, "prefetch all": {"min": 17.14, "p25": 17.15, "median": 17.1}}}}
{"checks rows 2": {"off": {"eager_equal_off": true, "replay_equal_off": true, "finite": true}, "pdl": {"eager_equal_off": true, "replay_equal_off": true, "finite": true}, "prefetch 2 MB": {"eager_equal_off": true, "replay_equal_off": true, "finite": true}, "prefetch 4 MB": {"eager_equal_off": true, "replay_equal_off": true, "finite": true}, "prefetch all": {"eager_equal_off": true, "replay_equal_off": true, "finite": true}}}
{"rows 2 wait 0 us": {"us_a_site": {"off": {"min": 65.84, "p25": 66.11, "median": 66.26}, "pdl": {"min": 65.22, "p25": 65.4, "median": 65.48}, "prefetch 2 MB": {"min": 63.69, "p25": 63.78, "median": 63.91}, "prefetch 4 MB": {"min": 63.92, "p25": 64.1, "median": 64.3}, "prefetch all": {"min": 64.25, "p25": 64.5, "median": 64.61}}, "gpu_busy_percent": 96, "saved_us_a_site": {"off": {"min": 0.0, "p25": 0.0, "median": 0.0}, "pdl": {"min": 0.62, "p25": 0.71, "median": 0.78}, "prefetch 2 MB": {"min": 2.15, "p25": 2.33, "median": 2.35}, "prefetch 4 MB": {"min": 1.92, "p25": 2.01, "median": 1.96}, "prefetch all": {"min": 1.59, "p25": 1.61, "median": 1.65}}}}
{"rows 2 wait 10 us": {"us_a_site": {"off": {"min": 76.7, "p25": 76.96, "median": 77.11}, "pdl": {"min": 75.47, "p25": 75.63, "median": 75.78}, "prefetch 2 MB": {"min": 70.29, "p25": 70.53, "median": 70.67}, "prefetch 4 MB": {"min": 67.87, "p25": 68.0, "median": 68.13}, "prefetch all": {"min": 67.45, "p25": 67.6, "median": 67.82}}, "gpu_busy_percent": 88, "saved_us_a_site": {"off": {"min": 0.0, "p25": 0.0, "median": 0.0}, "pdl": {"min": 1.23, "p25": 1.33, "median": 1.33}, "prefetch 2 MB": {"min": 6.41, "p25": 6.43, "median": 6.44}, "prefetch 4 MB": {"min": 8.83, "p25": 8.96, "median": 8.98}, "prefetch all": {"min": 9.25, "p25": 9.36, "median": 9.29}}}}
{"rows 2 wait 20 us": {"us_a_site": {"off": {"min": 86.08, "p25": 86.24, "median": 86.36}, "pdl": {"min": 84.95, "p25": 85.15, "median": 85.52}, "prefetch 2 MB": {"min": 79.87, "p25": 80.07, "median": 80.29}, "prefetch 4 MB": {"min": 77.26, "p25": 77.43, "median": 77.62}, "prefetch all": {"min": 74.82, "p25": 75.04, "median": 75.13}}, "gpu_busy_percent": 96, "saved_us_a_site": {"off": {"min": 0.0, "p25": 0.0, "median": 0.0}, "pdl": {"min": 1.13, "p25": 1.09, "median": 0.84}, "prefetch 2 MB": {"min": 6.21, "p25": 6.17, "median": 6.07}, "prefetch 4 MB": {"min": 8.82, "p25": 8.81, "median": 8.74}, "prefetch all": {"min": 11.26, "p25": 11.2, "median": 11.23}}}}
{"rows 2 wait 30 us": {"us_a_site": {"off": {"min": 96.4, "p25": 96.64, "median": 97.08}, "pdl": {"min": 95.3, "p25": 95.73, "median": 95.96}, "prefetch 2 MB": {"min": 90.5, "p25": 90.74, "median": 91.15}, "prefetch 4 MB": {"min": 87.81, "p25": 88.27, "median": 88.62}, "prefetch all": {"min": 85.41, "p25": 85.65, "median": 85.9}}, "gpu_busy_percent": 95, "saved_us_a_site": {"off": {"min": 0.0, "p25": 0.0, "median": 0.0}, "pdl": {"min": 1.1, "p25": 0.91, "median": 1.12}, "prefetch 2 MB": {"min": 5.9, "p25": 5.9, "median": 5.93}, "prefetch 4 MB": {"min": 8.59, "p25": 8.37, "median": 8.46}, "prefetch all": {"min": 10.99, "p25": 10.99, "median": 11.18}}}}
{"checks rows 4": {"off": {"eager_equal_off": true, "replay_equal_off": true, "finite": true}, "pdl": {"eager_equal_off": true, "replay_equal_off": true, "finite": true}, "prefetch 2 MB": {"eager_equal_off": true, "replay_equal_off": true, "finite": true}, "prefetch 4 MB": {"eager_equal_off": true, "replay_equal_off": true, "finite": true}, "prefetch all": {"eager_equal_off": true, "replay_equal_off": true, "finite": true}}}
{"rows 4 wait 0 us": {"us_a_site": {"off": {"min": 66.77, "p25": 66.9, "median": 66.96}, "pdl": {"min": 65.56, "p25": 65.76, "median": 65.87}, "prefetch 2 MB": {"min": 64.44, "p25": 64.72, "median": 64.81}, "prefetch 4 MB": {"min": 64.53, "p25": 64.7, "median": 64.82}, "prefetch all": {"min": 64.92, "p25": 65.04, "median": 65.12}}, "gpu_busy_percent": 79, "saved_us_a_site": {"off": {"min": 0.0, "p25": 0.0, "median": 0.0}, "pdl": {"min": 1.21, "p25": 1.14, "median": 1.09}, "prefetch 2 MB": {"min": 2.33, "p25": 2.18, "median": 2.15}, "prefetch 4 MB": {"min": 2.24, "p25": 2.2, "median": 2.14}, "prefetch all": {"min": 1.85, "p25": 1.86, "median": 1.84}}}}
{"rows 4 wait 10 us": {"us_a_site": {"off": {"min": 76.56, "p25": 76.75, "median": 77.01}, "pdl": {"min": 75.98, "p25": 76.12, "median": 76.18}, "prefetch 2 MB": {"min": 71.92, "p25": 72.13, "median": 72.23}, "prefetch 4 MB": {"min": 70.79, "p25": 70.88, "median": 71.08}, "prefetch all": {"min": 69.34, "p25": 69.52, "median": 69.78}}, "gpu_busy_percent": 95, "saved_us_a_site": {"off": {"min": 0.0, "p25": 0.0, "median": 0.0}, "pdl": {"min": 0.58, "p25": 0.63, "median": 0.83}, "prefetch 2 MB": {"min": 4.64, "p25": 4.62, "median": 4.78}, "prefetch 4 MB": {"min": 5.77, "p25": 5.87, "median": 5.93}, "prefetch all": {"min": 7.22, "p25": 7.23, "median": 7.23}}}}
{"rows 4 wait 20 us": {"us_a_site": {"off": {"min": 86.86, "p25": 87.1, "median": 87.24}, "pdl": {"min": 85.73, "p25": 86.09, "median": 86.17}, "prefetch 2 MB": {"min": 82.15, "p25": 82.19, "median": 82.32}, "prefetch 4 MB": {"min": 80.5, "p25": 80.81, "median": 81.03}, "prefetch all": {"min": 79.76, "p25": 79.92, "median": 80.0}}, "gpu_busy_percent": 95, "saved_us_a_site": {"off": {"min": 0.0, "p25": 0.0, "median": 0.0}, "pdl": {"min": 1.13, "p25": 1.01, "median": 1.07}, "prefetch 2 MB": {"min": 4.71, "p25": 4.91, "median": 4.92}, "prefetch 4 MB": {"min": 6.36, "p25": 6.29, "median": 6.21}, "prefetch all": {"min": 7.1, "p25": 7.18, "median": 7.24}}}}
{"rows 4 wait 30 us": {"us_a_site": {"off": {"min": 97.02, "p25": 97.43, "median": 97.54}, "pdl": {"min": 96.19, "p25": 96.32, "median": 96.47}, "prefetch 2 MB": {"min": 92.07, "p25": 92.37, "median": 92.6}, "prefetch 4 MB": {"min": 90.71, "p25": 90.93, "median": 91.08}, "prefetch all": {"min": 89.41, "p25": 89.75, "median": 89.87}}, "gpu_busy_percent": 93, "saved_us_a_site": {"off": {"min": 0.0, "p25": 0.0, "median": 0.0}, "pdl": {"min": 0.83, "p25": 1.11, "median": 1.07}, "prefetch 2 MB": {"min": 4.95, "p25": 5.06, "median": 4.94}, "prefetch 4 MB": {"min": 6.31, "p25": 6.5, "median": 6.46}, "prefetch all": {"min": 7.61, "p25": 7.68, "median": 7.67}}}}
{"checks rows 8": {"off": {"eager_equal_off": true, "replay_equal_off": true, "finite": true}, "pdl": {"eager_equal_off": true, "replay_equal_off": true, "finite": true}, "prefetch 2 MB": {"eager_equal_off": true, "replay_equal_off": true, "finite": true}, "prefetch 4 MB": {"eager_equal_off": true, "replay_equal_off": true, "finite": true}, "prefetch all": {"eager_equal_off": true, "replay_equal_off": true, "finite": true}}}
{"rows 8 wait 0 us": {"us_a_site": {"off": {"min": 67.81, "p25": 67.84, "median": 67.96}, "pdl": {"min": 66.96, "p25": 67.25, "median": 67.33}, "prefetch 2 MB": {"min": 65.63, "p25": 65.77, "median": 66.01}, "prefetch 4 MB": {"min": 65.65, "p25": 65.72, "median": 65.94}, "prefetch all": {"min": 65.8, "p25": 65.99, "median": 66.19}}, "gpu_busy_percent": 96, "saved_us_a_site": {"off": {"min": 0.0, "p25": 0.0, "median": 0.0}, "pdl": {"min": 0.85, "p25": 0.59, "median": 0.63}, "prefetch 2 MB": {"min": 2.18, "p25": 2.07, "median": 1.95}, "prefetch 4 MB": {"min": 2.16, "p25": 2.12, "median": 2.02}, "prefetch all": {"min": 2.01, "p25": 1.85, "median": 1.77}}}}
{"rows 8 wait 10 us": {"us_a_site": {"off": {"min": 78.08, "p25": 78.24, "median": 78.63}, "pdl": {"min": 77.0, "p25": 77.33, "median": 77.54}, "prefetch 2 MB": {"min": 73.75, "p25": 73.91, "median": 74.21}, "prefetch 4 MB": {"min": 72.85, "p25": 73.33, "median": 73.45}, "prefetch all": {"min": 72.27, "p25": 72.41, "median": 72.65}}, "gpu_busy_percent": 90, "saved_us_a_site": {"off": {"min": 0.0, "p25": 0.0, "median": 0.0}, "pdl": {"min": 1.08, "p25": 0.91, "median": 1.09}, "prefetch 2 MB": {"min": 4.33, "p25": 4.33, "median": 4.42}, "prefetch 4 MB": {"min": 5.23, "p25": 4.91, "median": 5.18}, "prefetch all": {"min": 5.81, "p25": 5.83, "median": 5.98}}}}
{"rows 8 wait 20 us": {"us_a_site": {"off": {"min": 88.11, "p25": 88.43, "median": 88.72}, "pdl": {"min": 87.4, "p25": 87.45, "median": 87.58}, "prefetch 2 MB": {"min": 83.91, "p25": 84.11, "median": 84.2}, "prefetch 4 MB": {"min": 83.11, "p25": 83.52, "median": 83.78}, "prefetch all": {"min": 82.5, "p25": 82.55, "median": 82.63}}, "gpu_busy_percent": 95, "saved_us_a_site": {"off": {"min": 0.0, "p25": 0.0, "median": 0.0}, "pdl": {"min": 0.71, "p25": 0.98, "median": 1.14}, "prefetch 2 MB": {"min": 4.2, "p25": 4.32, "median": 4.52}, "prefetch 4 MB": {"min": 5.0, "p25": 4.91, "median": 4.94}, "prefetch all": {"min": 5.61, "p25": 5.88, "median": 6.09}}}}
{"rows 8 wait 30 us": {"us_a_site": {"off": {"min": 98.5, "p25": 98.65, "median": 98.69}, "pdl": {"min": 97.2, "p25": 97.67, "median": 97.84}, "prefetch 2 MB": {"min": 93.63, "p25": 93.86, "median": 94.03}, "prefetch 4 MB": {"min": 93.04, "p25": 93.28, "median": 93.42}, "prefetch all": {"min": 92.52, "p25": 92.68, "median": 92.8}}, "gpu_busy_percent": 96, "saved_us_a_site": {"off": {"min": 0.0, "p25": 0.0, "median": 0.0}, "pdl": {"min": 1.3, "p25": 0.98, "median": 0.85}, "prefetch 2 MB": {"min": 4.87, "p25": 4.79, "median": 4.66}, "prefetch 4 MB": {"min": 5.46, "p25": 5.37, "median": 5.27}, "prefetch all": {"min": 5.98, "p25": 5.97, "median": 5.89}}}}
{"checks rows 16": {"off": {"eager_equal_off": true, "replay_equal_off": true, "finite": true}, "pdl": {"eager_equal_off": true, "replay_equal_off": true, "finite": true}, "prefetch 2 MB": {"eager_equal_off": true, "replay_equal_off": true, "finite": true}, "prefetch 4 MB": {"eager_equal_off": true, "replay_equal_off": true, "finite": true}, "prefetch all": {"eager_equal_off": true, "replay_equal_off": true, "finite": true}}}
{"rows 16 wait 0 us": {"us_a_site": {"off": {"min": 70.34, "p25": 70.68, "median": 70.83}, "pdl": {"min": 69.91, "p25": 70.21, "median": 70.43}, "prefetch 2 MB": {"min": 67.97, "p25": 68.2, "median": 68.37}, "prefetch 4 MB": {"min": 68.34, "p25": 68.62, "median": 68.85}, "prefetch all": {"min": 68.64, "p25": 68.91, "median": 69.17}}, "gpu_busy_percent": 89, "saved_us_a_site": {"off": {"min": 0.0, "p25": 0.0, "median": 0.0}, "pdl": {"min": 0.43, "p25": 0.47, "median": 0.4}, "prefetch 2 MB": {"min": 2.37, "p25": 2.48, "median": 2.46}, "prefetch 4 MB": {"min": 2.0, "p25": 2.06, "median": 1.98}, "prefetch all": {"min": 1.7, "p25": 1.77, "median": 1.66}}}}
{"rows 16 wait 10 us": {"us_a_site": {"off": {"min": 80.83, "p25": 80.96, "median": 81.09}, "pdl": {"min": 79.91, "p25": 80.14, "median": 80.44}, "prefetch 2 MB": {"min": 75.14, "p25": 75.28, "median": 75.66}, "prefetch 4 MB": {"min": 72.71, "p25": 72.92, "median": 73.04}, "prefetch all": {"min": 72.26, "p25": 72.36, "median": 72.55}}, "gpu_busy_percent": 95, "saved_us_a_site": {"off": {"min": 0.0, "p25": 0.0, "median": 0.0}, "pdl": {"min": 0.92, "p25": 0.82, "median": 0.65}, "prefetch 2 MB": {"min": 5.69, "p25": 5.68, "median": 5.43}, "prefetch 4 MB": {"min": 8.12, "p25": 8.04, "median": 8.05}, "prefetch all": {"min": 8.57, "p25": 8.6, "median": 8.54}}}}
{"rows 16 wait 20 us": {"us_a_site": {"off": {"min": 90.7, "p25": 90.93, "median": 91.07}, "pdl": {"min": 89.36, "p25": 89.85, "median": 90.13}, "prefetch 2 MB": {"min": 85.06, "p25": 85.32, "median": 85.53}, "prefetch 4 MB": {"min": 82.61, "p25": 82.85, "median": 83.01}, "prefetch all": {"min": 80.4, "p25": 80.58, "median": 80.74}}, "gpu_busy_percent": 96, "saved_us_a_site": {"off": {"min": 0.0, "p25": 0.0, "median": 0.0}, "pdl": {"min": 1.34, "p25": 1.08, "median": 0.94}, "prefetch 2 MB": {"min": 5.64, "p25": 5.61, "median": 5.54}, "prefetch 4 MB": {"min": 8.09, "p25": 8.08, "median": 8.06}, "prefetch all": {"min": 10.3, "p25": 10.35, "median": 10.33}}}}
{"rows 16 wait 30 us": {"us_a_site": {"off": {"min": 100.39, "p25": 100.42, "median": 100.48}, "pdl": {"min": 99.42, "p25": 99.72, "median": 99.85}, "prefetch 2 MB": {"min": 94.65, "p25": 94.71, "median": 94.97}, "prefetch 4 MB": {"min": 92.63, "p25": 92.88, "median": 93.02}, "prefetch all": {"min": 90.31, "p25": 90.62, "median": 90.72}}, "gpu_busy_percent": 96, "saved_us_a_site": {"off": {"min": 0.0, "p25": 0.0, "median": 0.0}, "pdl": {"min": 0.97, "p25": 0.7, "median": 0.63}, "prefetch 2 MB": {"min": 5.74, "p25": 5.71, "median": 5.51}, "prefetch 4 MB": {"min": 7.76, "p25": 7.54, "median": 7.46}, "prefetch all": {"min": 10.08, "p25": 9.8, "median": 9.76}}}}
