test_device_pipeline_keeps_independent_inputs_and_does_not_touch_host_staging (tests.test_engine_replay_metadata.ReplayMetadataTests.test_device_pipeline_keeps_independent_inputs_and_does_not_touch_host_staging) ... ok
test_packed_sampling_matches_independent_fields_across_widths_and_modes (tests.test_engine_replay_metadata.ReplayMetadataTests.test_packed_sampling_matches_independent_fields_across_widths_and_modes) ... ok
test_target_width_churn_preserves_contexts_owners_and_static_addresses (tests.test_engine_replay_metadata.ReplayMetadataTests.test_target_width_churn_preserves_contexts_owners_and_static_addresses) ... ok
test_a_capture_that_raises_still_ends_its_capture (tests.test_engine_graph_contracts.AllocatorFlushTests.test_a_capture_that_raises_still_ends_its_capture) ... ok
test_capture_end_failure_is_not_suppressed_after_a_successful_body (tests.test_engine_graph_contracts.AllocatorFlushTests.test_capture_end_failure_is_not_suppressed_after_a_successful_body) ... ok
test_capture_failure_survives_end_reset_and_close_failures (tests.test_engine_graph_contracts.AllocatorFlushTests.test_capture_failure_survives_end_reset_and_close_failures) ... ok
test_the_allocator_is_flushed_once_for_the_instance_not_once_per_shape (tests.test_engine_graph_contracts.AllocatorFlushTests.test_the_allocator_is_flushed_once_for_the_instance_not_once_per_shape) ... ok
test_pool_rows_is_pool_slots_run_once_per_segment (tests.test_engine_graph_contracts.BatchedPoolTests.test_pool_rows_is_pool_slots_run_once_per_segment) ... ok
test_the_batched_pass_pools_the_same_windows_and_writes_the_same_rows (tests.test_engine_graph_contracts.BatchedPoolTests.test_the_batched_pass_pools_the_same_windows_and_writes_the_same_rows) ... ok
test_every_admitted_context_lands_in_a_bucket (tests.test_engine_graph_contracts.CapacityLadderTests.test_every_admitted_context_lands_in_a_bucket) ... ok
test_the_ladder_stops_at_the_served_ceiling (tests.test_engine_graph_contracts.CapacityLadderTests.test_the_ladder_stops_at_the_served_ceiling) ... ok
test_the_pool_and_the_trained_positions_also_bound_it (tests.test_engine_graph_contracts.CapacityLadderTests.test_the_pool_and_the_trained_positions_also_bound_it) ... ok
test_one_warmup_pass_is_the_declared_default (tests.test_engine_graph_contracts.CaptureOrderTests.test_one_warmup_pass_is_the_declared_default) ... ok
test_the_bucket_lookup_still_reads_the_ladder_upwards (tests.test_engine_graph_contracts.CaptureOrderTests.test_the_bucket_lookup_still_reads_the_ladder_upwards) ... ok
test_the_target_shapes_run_largest_first (tests.test_engine_graph_contracts.CaptureOrderTests.test_the_target_shapes_run_largest_first) ... ok
test_capture_refuses_a_host_barrier_comm_before_touching_the_device (tests.test_engine_graph_contracts.CaptureSafetyTests.test_capture_refuses_a_host_barrier_comm_before_touching_the_device) ... ok
test_device_step_runs_the_same_embedding_prologue_as_eager_decode (tests.test_engine_graph_contracts.CaptureSafetyTests.test_device_step_runs_the_same_embedding_prologue_as_eager_decode) ... ok
test_fused_moe_refuses_oversized_capture_before_device_allocation (tests.test_engine_graph_contracts.CaptureSafetyTests.test_fused_moe_refuses_oversized_capture_before_device_allocation) ... ok
test_localtp_is_marked_unsafe_and_the_fleet_comm_safe (tests.test_engine_graph_contracts.CaptureSafetyTests.test_localtp_is_marked_unsafe_and_the_fleet_comm_safe) ... ok
test_a_cached_segment_still_reads_what_replay_wrote (tests.test_engine_graph_contracts.DeviceStepTests.test_a_cached_segment_still_reads_what_replay_wrote) ... ok
test_the_same_tuple_comes_back_every_time (tests.test_engine_graph_contracts.DeviceStepTests.test_the_same_tuple_comes_back_every_time) ... ok
test_the_capture_loop_is_inside_the_guard (tests.test_engine_graph_contracts.FrozenCollectorTests.test_the_capture_loop_is_inside_the_guard) ... ok
test_the_capture_runs_with_collection_off (tests.test_engine_graph_contracts.FrozenCollectorTests.test_the_capture_runs_with_collection_off) ... ok
test_the_collector_comes_back_after_a_failed_capture (tests.test_engine_graph_contracts.FrozenCollectorTests.test_the_collector_comes_back_after_a_failed_capture) ... ok
test_distinct_pools_pass_and_a_shared_pool_is_refused (tests.test_engine_graph_contracts.GraphPoolSeparationTests.test_distinct_pools_pass_and_a_shared_pool_is_refused) ... ok
test_the_base_class_gives_every_instance_its_own_pool (tests.test_engine_graph_contracts.GraphPoolSeparationTests.test_the_base_class_gives_every_instance_its_own_pool) ... ok
test_a_new_constant_is_refused_while_a_graph_is_recording (tests.test_engine_graph_contracts.KeptConstantTests.test_a_new_constant_is_refused_while_a_graph_is_recording) ... ok
test_one_already_built_is_handed_out_during_a_capture (tests.test_engine_graph_contracts.KeptConstantTests.test_one_already_built_is_handed_out_during_a_capture) ... ok
test_the_captured_decode_path_builds_no_index_of_its_own (tests.test_engine_graph_contracts.KeptConstantTests.test_the_captured_decode_path_builds_no_index_of_its_own) ... ok
test_the_same_length_comes_back_as_the_same_tensor (tests.test_engine_graph_contracts.KeptConstantTests.test_the_same_length_comes_back_as_the_same_tensor) ... ok
test_a_capture_without_a_ledger_asks_for_nothing (tests.test_engine_graph_contracts.LedgerRowTests.test_a_capture_without_a_ledger_asks_for_nothing) ... ok
test_detail_restores_the_split_that_priced_the_warmup_policy (tests.test_engine_graph_contracts.LedgerRowTests.test_detail_restores_the_split_that_priced_the_warmup_policy) ... ok
test_one_row_per_shape_by_default (tests.test_engine_graph_contracts.LedgerRowTests.test_one_row_per_shape_by_default) ... ok
test_pinned_staging_round_trips_through_its_numpy_view (tests.test_engine_graph_contracts.ReplayStagingTests.test_pinned_staging_round_trips_through_its_numpy_view)
The replay path writes the staging block through numpy and copies the torch ... ok
test_the_decode_step_asks_for_its_shape_once (tests.test_engine_graph_contracts.ReplayStagingTests.test_the_decode_step_asks_for_its_shape_once) ... ok
test_the_replay_path_stages_through_pinned_memory (tests.test_engine_graph_contracts.ReplayStagingTests.test_the_replay_path_stages_through_pinned_memory) ... ok
test_a_declared_count_per_shape_is_honoured_and_replays_what_eager_computes (tests.test_engine_graph_contracts.WarmupPolicyTests.test_a_declared_count_per_shape_is_honoured_and_replays_what_eager_computes) ... skipped 'requires CUDA'
test_a_policy_that_asks_for_no_warmup_is_refused (tests.test_engine_graph_contracts.WarmupPolicyTests.test_a_policy_that_asks_for_no_warmup_is_refused) ... skipped 'requires CUDA'
test_the_default_is_one_pass_per_shape (tests.test_engine_graph_contracts.WarmupPolicyTests.test_the_default_is_one_pass_per_shape) ... skipped 'requires CUDA'
test_boot_failure_survives_bounded_graph_teardown_failure (tests.test_engine_burst_decode.ServedBurstTests.test_boot_failure_survives_bounded_graph_teardown_failure) ... ok
test_every_iteration_matches_the_existing_pipeline_at_c1_and_c4 (tests.test_engine_burst_decode.ServedBurstTests.test_every_iteration_matches_the_existing_pipeline_at_c1_and_c4) ... ok
test_large_end_set_keeps_the_existing_single_step_path (tests.test_engine_burst_decode.ServedBurstTests.test_large_end_set_keeps_the_existing_single_step_path) ... ok
test_logs_reach_the_host_through_contiguous_copies_below_max_seqs (tests.test_engine_burst_decode.ServedBurstTests.test_logs_reach_the_host_through_contiguous_copies_below_max_seqs)
A device copy into a non-contiguous host tensor stages a pageable temporary and waits for the stream: below ... ok
test_new_row_and_slot_reuse_do_not_keep_old_device_identity (tests.test_engine_burst_decode.ServedBurstTests.test_new_row_and_slot_reuse_do_not_keep_old_device_identity) ... ok
test_per_stage_device_nanoseconds_are_reported_as_microseconds_and_seconds (tests.test_engine_burst_decode.ServedBurstTests.test_per_stage_device_nanoseconds_are_reported_as_microseconds_and_seconds) ... ok
test_prefix_and_eos_stop_before_another_iteration (tests.test_engine_burst_decode.ServedBurstTests.test_prefix_and_eos_stop_before_another_iteration) ... ok
test_reservation_upload_reuses_host_storage_and_cannot_overwrite_a_live_burst (tests.test_engine_burst_decode.ServedBurstTests.test_reservation_upload_reuses_host_storage_and_cannot_overwrite_a_live_burst) ... ok
test_reserved_end_and_bucket_limit_even_when_loop_allows_four (tests.test_engine_burst_decode.ServedBurstTests.test_reserved_end_and_bucket_limit_even_when_loop_allows_four) ... ok
test_runner_records_real_iterations_without_inventing_host_timings (tests.test_engine_burst_decode.ServedBurstTests.test_runner_records_real_iterations_without_inventing_host_timings) ... ok
test_shared_results_publish_in_order_and_hold_rows_until_retirement (tests.test_engine_burst_decode.ServedBurstTests.test_shared_results_publish_in_order_and_hold_rows_until_retirement) ... ok
test_survivor_returns_to_bursts_after_a_large_stop_set_leaves (tests.test_engine_burst_decode.ServedBurstTests.test_survivor_returns_to_bursts_after_a_large_stop_set_leaves) ... ok
test_text_stops_keep_the_ordinary_host_verification_cadence (tests.test_engine_burst_decode.ServedBurstTests.test_text_stops_keep_the_ordinary_host_verification_cadence) ... ok
test_whole_burst_horizon_and_reasoning_cap_cover_every_iteration (tests.test_engine_burst_decode.ServedBurstTests.test_whole_burst_horizon_and_reasoning_cap_cover_every_iteration) ... ok
test_zero_progress_cannot_silently_schedule_bursts_forever (tests.test_engine_burst_decode.ServedBurstTests.test_zero_progress_cannot_silently_schedule_bursts_forever) ... ok
test_a_sampled_survivor_keeps_its_own_draft_when_a_row_joins (tests.test_engine_pipeline.BatchTransitionTests.test_a_sampled_survivor_keeps_its_own_draft_when_a_row_joins)
`_merge` only invents a point mass for the side that has none. A survivor that was already sampling ... ok
test_finished_rows_do_not_add_rejection_buckets (tests.test_engine_pipeline.BatchTransitionTests.test_finished_rows_do_not_add_rejection_buckets) ... ok
test_first_sampled_request_uses_the_real_drafter_candidate_width (tests.test_engine_pipeline.BatchTransitionTests.test_first_sampled_request_uses_the_real_drafter_candidate_width) ... ok
test_invalidating_an_outstanding_row_requires_a_drain (tests.test_engine_pipeline.BatchTransitionTests.test_invalidating_an_outstanding_row_requires_a_drain) ... ok
test_joining_keeps_survivors_ahead_of_the_host (tests.test_engine_pipeline.BatchTransitionTests.test_joining_keeps_survivors_ahead_of_the_host) ... ok
test_mixed_join_preserves_greedy_drafts_and_pads_end_token_sets (tests.test_engine_pipeline.BatchTransitionTests.test_mixed_join_preserves_greedy_drafts_and_pads_end_token_sets) ... ok
test_new_request_rebuilds_after_the_previous_batch_has_drained (tests.test_engine_pipeline.BatchTransitionTests.test_new_request_rebuilds_after_the_previous_batch_has_drained) ... ok
test_prefill_invalidates_only_its_row_and_keeps_survivor_proposals (tests.test_engine_pipeline.BatchTransitionTests.test_prefill_invalidates_only_its_row_and_keeps_survivor_proposals) ... ok
test_replacing_an_inflight_slot_is_refused_and_rebuilds_after_drain (tests.test_engine_pipeline.BatchTransitionTests.test_replacing_an_inflight_slot_is_refused_and_rebuilds_after_drain) ... ok
test_shrinking_keeps_device_progress_ahead_of_the_host (tests.test_engine_pipeline.BatchTransitionTests.test_shrinking_keeps_device_progress_ahead_of_the_host) ... ok
test_a_row_that_asks_for_top_k_gets_it_without_leaving_this_path (tests.test_engine_pipeline.DistributionBatchTests.test_a_row_that_asks_for_top_k_gets_it_without_leaving_this_path) ... ok
test_greedy_rows_are_one_hot_and_nucleus_rows_keep_the_smallest_prefix (tests.test_engine_pipeline.DistributionBatchTests.test_greedy_rows_are_one_hot_and_nucleus_rows_keep_the_smallest_prefix) ... ok
test_prefill_is_not_a_rejected_draft_and_terminal_prefix_is_clipped (tests.test_engine_pipeline.ResolveTests.test_prefill_is_not_a_rejected_draft_and_terminal_prefix_is_clipped) ... ok
test_resolve_applies_counts_in_launch_order_and_ignores_released_rows (tests.test_engine_pipeline.ResolveTests.test_resolve_applies_counts_in_launch_order_and_ignores_released_rows) ... ok
test_every_row_array_follows_the_surviving_rows (tests.test_engine_pipeline.ShrinkTests.test_every_row_array_follows_the_surviving_rows) ... ok
test_a_cuda_device_arms_it_and_anything_else_does_not (tests.test_engine_pipeline.StageClockTests.test_a_cuda_device_arms_it_and_anything_else_does_not) ... ok
test_a_drained_round_is_not_counted_twice (tests.test_engine_pipeline.StageClockTests.test_a_drained_round_is_not_counted_twice) ... ok
test_a_sampled_step_is_read_back_a_round_later_not_now (tests.test_engine_pipeline.StageClockTests.test_a_sampled_step_is_read_back_a_round_later_not_now)
Reading an event on the step that recorded it would synchronise. The whole design is that it does not. ... ok
test_an_unfinished_round_is_left_alone_rather_than_waited_on (tests.test_engine_pipeline.StageClockTests.test_an_unfinished_round_is_left_alone_rather_than_waited_on) ... ok
test_an_unsampled_step_records_nothing_and_costs_nothing (tests.test_engine_pipeline.StageClockTests.test_an_unsampled_step_records_nothing_and_costs_nothing) ... ok
test_both_ends_of_a_span_are_recorded (tests.test_engine_pipeline.StageClockTests.test_both_ends_of_a_span_are_recorded)
A start that is never recorded, or an end recorded outside the span, times something else entirely. ... ok
test_it_measures_one_step_in_every (tests.test_engine_pipeline.StageClockTests.test_it_measures_one_step_in_every) ... ok
test_marking_before_the_first_step_is_inert_rather_than_an_error (tests.test_engine_pipeline.StageClockTests.test_marking_before_the_first_step_is_inert_rather_than_an_error) ... ok
test_shares_are_the_shape_of_a_step (tests.test_engine_pipeline.StageClockTests.test_shares_are_the_shape_of_a_step) ... ok
test_without_a_cuda_device_it_is_inert (tests.test_engine_pipeline.StageClockTests.test_without_a_cuda_device_it_is_inert) ... ok
test_graph_matches_seeded_eager_sampling_and_preserves_greedy_rng (tests.test_engine_sampling.GraphSamplingTests.test_graph_matches_seeded_eager_sampling_and_preserves_greedy_rng) ... skipped 'requires CUDA'
test_a_target_that_does_not_share_its_buffer_is_refused (tests.test_engine_sampling.SamplerSharingTests.test_a_target_that_does_not_share_its_buffer_is_refused) ... skipped 'requires CUDA'
test_capacity_buckets_of_one_row_capture_a_single_sampler (tests.test_engine_sampling.SamplerSharingTests.test_capacity_buckets_of_one_row_capture_a_single_sampler) ... skipped 'requires CUDA'
test_a_row_s_draws_key_on_what_they_are_for_and_never_on_what_came_before (tests.test_engine_sampling.SamplingTests.test_a_row_s_draws_key_on_what_they_are_for_and_never_on_what_came_before)
The engine holds no stream: a uniform is a hash of (seed, the row's admission nonce, its generation ... ok
test_greedy_excludes_orphans_preserves_ties_and_does_not_modify_logits (tests.test_engine_sampling.SamplingTests.test_greedy_excludes_orphans_preserves_ties_and_does_not_modify_logits) ... ok
test_greedy_with_unpadded_or_unbounded_vocabulary (tests.test_engine_sampling.SamplingTests.test_greedy_with_unpadded_or_unbounded_vocabulary) ... ok
test_stochastic_and_mixed_steps_match_the_base_sampler_at_the_same_uniforms (tests.test_engine_sampling.SamplingTests.test_stochastic_and_mixed_steps_match_the_base_sampler_at_the_same_uniforms) ... ok

----------------------------------------------------------------------
Ran 86 tests in 3.462s

OK (skipped=6)
