preflight mhcreusev2 [probe]:
  PASS /home/choiceoh/glm53-logs/ab-lever2.sh == repo
  SYNC /home/choiceoh/glm53-logs/fleet.sh <- repo (was stale)
  PASS syntax probes/run_mk_probe.sh
  SKIP declared-knob check (probe: no launcher in the path)
  -> PASS
GO mhcreusev2 2026-09-07_08:11:38
/home/choiceoh/stkernel-mhc-reuse/build/glm53  (56 overlays from 9 modules)
profile=glm53 image=sha256:a3dd4c0f6cbb053097d65d10cd8ff8f6ae0cb9115cf0ff142e1cafe124c09211 probe=probes/mhc_reuse_bench.py files=23 args=--reps 18
forwarded: VLLM_GLM53_MK_BUILD_DIR=/cache/mk_build
{"source_sha256": "b3b8c7f891b09792200c477b38b247ed9c720c0469b1b34957ac30f9dcde2cdd", "prototype_sha256": "94aab445ac7c1eecfe100c5602cefa6f53c9832100cda2541253dae755e6a051", "device": "NVIDIA GB10", "torch": "2.13.0+cu130", "cuda": "13.0"}
WARNING 09-06 23:12:28 [glm53_megakernel.py:1873] [megakernel] selftest mhc sinkhorn=20 rel_errs=['0.00e+00', '1.17e-07', '1.65e-07', '1.07e-08'] -> ARM
WARNING 09-06 23:12:28 [glm53_megakernel.py:1873] [megakernel] selftest mhc sinkhorn=20 rel_errs=['0.00e+00', '1.38e-07', '1.30e-07', '1.07e-08'] -> ARM
WARNING 09-06 23:12:28 [glm53_megakernel.py:1929] [megakernel] selftest mhc-pre T=[8] identity=True rel=2.23e-05 -> ARM
WARNING 09-06 23:12:28 [glm53_megakernel.py:1873] [megakernel] selftest mhc sinkhorn=20 rel_errs=['0.00e+00', '8.95e-08', '1.08e-07', '0.00e+00'] -> ARM
WARNING 09-06 23:12:28 [glm53_megakernel.py:1929] [megakernel] selftest mhc-pre T=[8] identity=True rel=3.09e-06 -> ARM
{"gate": "baseline differential", "T": 1, "seed": 53, "mode": 1, "errors": [0.0, 0.0, 0.0, 0.0]}
{"gate": "baseline differential", "T": 1, "seed": 53, "mode": 2, "errors": [0.0, 0.0, 0.0, 0.0]}
{"gate": "baseline differential", "T": 1, "seed": 97, "mode": 1, "errors": [0.0, 0.0, 0.0, 0.0]}
{"gate": "baseline differential", "T": 1, "seed": 97, "mode": 2, "errors": [0.0, 0.0, 0.0, 0.0]}
{"gate": "baseline differential", "T": 1, "seed": 0, "mode": 1, "errors": [0.0, 0.0, 0.0, 0.0]}
{"gate": "baseline differential", "T": 1, "seed": 0, "mode": 2, "errors": [0.0, 0.0, 0.0, 0.0]}
{"gate": "baseline differential", "T": 2, "seed": 53, "mode": 1, "errors": [0.0, 7.815653573437073e-08, 1.7142340025781915e-07, 4.556068274906184e-08]}
{"gate": "baseline differential", "T": 2, "seed": 53, "mode": 2, "errors": [0.0, 1.0528546876663465e-07, 1.788110451529774e-07, 6.533630582368686e-07]}
{"gate": "baseline differential", "T": 2, "seed": 97, "mode": 1, "errors": [0.0, 9.087063777005474e-08, 1.6728243268840835e-07, 0.0]}
{"gate": "baseline differential", "T": 2, "seed": 97, "mode": 2, "errors": [0.0, 3.660670899169149e-08, 2.055084833298574e-07, 0.0]}
{"gate": "baseline differential", "T": 2, "seed": 0, "mode": 1, "errors": [0.0, 0.0, 0.0, 0.0]}
{"gate": "baseline differential", "T": 2, "seed": 0, "mode": 2, "errors": [0.0, 0.0, 0.0, 0.0]}
{"gate": "baseline differential", "T": 6, "seed": 53, "mode": 1, "errors": [0.0, 9.969158067791704e-08, 1.7646747281162068e-07, 2.661224090148474e-08]}
{"gate": "baseline differential", "T": 6, "seed": 53, "mode": 2, "errors": [0.0, 1.0322807781968615e-07, 1.7053999629694185e-07, 3.8159558140922956e-07]}
{"gate": "baseline differential", "T": 6, "seed": 97, "mode": 1, "errors": [0.0, 9.274671120968973e-08, 1.5152236923783715e-07, 0.0]}
{"gate": "baseline differential", "T": 6, "seed": 97, "mode": 2, "errors": [0.0, 6.293330505115632e-08, 1.672837163926863e-07, 0.0]}
{"gate": "baseline differential", "T": 6, "seed": 0, "mode": 1, "errors": [0.0, 0.0, 0.0, 0.0]}
{"gate": "baseline differential", "T": 6, "seed": 0, "mode": 2, "errors": [0.0, 0.0, 0.0, 0.0]}
{"gate": "baseline differential", "T": 8, "seed": 53, "mode": 1, "errors": [0.0, 9.429033649693939e-08, 1.6473699510446294e-07, 4.2356064145534444e-05]}
{"gate": "baseline differential", "T": 8, "seed": 53, "mode": 2, "errors": [0.0, 1.0676684274362478e-07, 1.5876408099925835e-07, 3.3159269769803526e-07]}
{"gate": "baseline differential", "T": 8, "seed": 97, "mode": 1, "errors": [0.0, 8.655833930790476e-08, 1.4707362052165086e-07, 0.0]}
{"gate": "baseline differential", "T": 8, "seed": 97, "mode": 2, "errors": [0.0, 5.491138776789783e-08, 1.4857688477499094e-07, 0.0]}
{"gate": "baseline differential", "T": 8, "seed": 0, "mode": 1, "errors": [0.0, 0.0, 0.0, 0.0]}
{"gate": "baseline differential", "T": 8, "seed": 0, "mode": 2, "errors": [0.0, 0.0, 0.0, 0.0]}
{"gate": "baseline differential", "T": 12, "seed": 53, "mode": 1, "errors": [0.0, 0.0, 0.0, 0.0]}
{"gate": "baseline differential", "T": 12, "seed": 53, "mode": 2, "errors": [0.0, 0.0, 0.0, 0.0]}
{"gate": "baseline differential", "T": 12, "seed": 97, "mode": 1, "errors": [0.0, 0.0, 0.0, 0.0]}
{"gate": "baseline differential", "T": 12, "seed": 97, "mode": 2, "errors": [0.0, 0.0, 0.0, 0.0]}
{"gate": "baseline differential", "T": 12, "seed": 0, "mode": 1, "errors": [0.0, 0.0, 0.0, 0.0]}
{"gate": "baseline differential", "T": 12, "seed": 0, "mode": 2, "errors": [0.0, 0.0, 0.0, 0.0]}
{"gate": "baseline differential", "T": 32, "seed": 53, "mode": 1, "errors": [0.0, 0.0, 0.0, 0.0]}
{"gate": "baseline differential", "T": 32, "seed": 53, "mode": 2, "errors": [0.0, 0.0, 0.0, 0.0]}
{"gate": "baseline differential", "T": 32, "seed": 97, "mode": 1, "errors": [0.0, 0.0, 0.0, 0.0]}
{"gate": "baseline differential", "T": 32, "seed": 97, "mode": 2, "errors": [0.0, 0.0, 0.0, 0.0]}
{"gate": "baseline differential", "T": 32, "seed": 0, "mode": 1, "errors": [0.0, 0.0, 0.0, 0.0]}
{"gate": "baseline differential", "T": 32, "seed": 0, "mode": 2, "errors": [0.0, 0.0, 0.0, 0.0]}
{"T": 2, "regime": "warm", "modes": ["baseline", "reuse64", "reuse128"], "median_us": [13.47499992698431, 12.171499896794558, 13.204500079154968], "samples_us": [[13.56399990618229, 13.539000414311886, 13.4680001065135, 13.45799956470728, 13.477000407874584, 13.427999801933765, 13.473999686539173, 13.470999896526337, 13.438000343739986, 13.48899956792593, 13.484999537467957, 13.44200037419796, 13.492999598383904, 13.427999801933765, 13.48199974745512, 13.482999987900257, 13.476000167429447, 13.465000316500664], [12.350000441074371, 12.186000123620033, 12.164000421762466, 12.174000032246113, 12.179000303149223, 12.164999730885029, 12.171999551355839, 12.180999852716923, 12.129000388085842, 12.171000242233276, 12.191000394523144, 12.136000208556652, 12.164999730885029, 12.16800045222044, 12.171000242233276, 12.164000421762466, 12.190000154078007, 12.18200009316206], [13.218999840319157, 13.21600005030632, 13.20900022983551, 13.160999864339828, 13.225000351667404, 13.218999840319157, 13.206000439822674, 13.2020004093647, 13.206999748945236, 13.190999627113342, 13.202999718487263, 13.212000019848347, 13.21799959987402, 13.193000108003616, 13.199999928474426, 13.17100040614605, 13.194999657571316, 13.195999898016453]], "changes_pct": [0.0, -9.673469664214496, -2.007420031874385]}
{"T": 2, "regime": "cold", "modes": ["baseline", "reuse64", "reuse128"], "median_us": [21.247999742627144, 25.34399926662445, 26.623999699950218], "samples_us": [[21.247999742627144, 20.959999412298203, 21.247999742627144, 21.247999742627144, 21.247999742627144, 21.247999742627144, 21.183999255299568, 20.927999168634415, 21.088000386953354, 21.27999998629093, 21.27999998629093, 19.711999222636223, 21.247999742627144, 21.215999498963356, 21.247999742627144, 21.247999742627144, 20.927999168634415, 21.088000386953354], [26.91200003027916, 25.34399926662445, 25.34399926662445, 24.512000381946564, 25.34399926662445, 41.85599833726883, 25.472000241279602, 25.34399926662445, 25.34399926662445, 25.34399926662445, 30.7839997112751, 25.34399926662445, 25.34399926662445, 25.34399926662445, 24.831999093294144, 24.992000311613083, 25.37599951028824, 25.34399926662445], [26.655999943614006, 26.59199945628643, 26.016000658273697, 26.655999943614006, 26.75200067460537, 26.944000273942947, 26.623999699950218, 26.688000187277794, 26.655999943614006, 26.30399912595749, 26.367999613285065, 27.936000376939774, 26.496000587940216, 26.496000587940216, 26.623999699950218, 26.655999943614006, 26.623999699950218, 26.240000501275063]], "changes_pct": [0.0, 19.277106427011237, 25.301204924894137]}
{"T": 6, "regime": "warm", "modes": ["baseline", "reuse64", "reuse128"], "median_us": [15.6269995495677, 17.85999909043312, 17.161499708890915], "samples_us": [[15.704000368714333, 15.735000371932983, 15.585999935865402, 15.654999762773514, 15.568999573588371, 15.623999759554863, 15.641000121831894, 15.61800017952919, 15.642000362277031, 15.598000027239323, 15.635000541806221, 15.583000145852566, 15.59900026768446, 15.636000782251358, 15.622000209987164, 15.615000389516354, 15.63199982047081, 15.629999339580536], [18.03700067102909, 17.813999205827713, 17.885999754071236, 17.88399927318096, 17.873000353574753, 17.822999507188797, 17.83600077033043, 17.859000712633133, 17.858000472187996, 17.867999151349068, 17.867999151349068, 17.85999909043312, 17.82499998807907, 17.860999330878258, 17.829999327659607, 17.878999933600426, 17.83199980854988, 17.85999909043312], [17.246000468730927, 17.136000096797943, 17.17199943959713, 17.11600087583065, 17.170000821352005, 17.11300015449524, 17.13000051677227, 17.138000577688217, 17.177000641822815, 17.170000821352005, 17.162999138236046, 17.183000221848488, 17.131000757217407, 17.18199998140335, 17.208000645041466, 17.121000215411186, 17.160000279545784, 17.139000818133354]], "changes_pct": [0.0, 14.289368434308258, 9.81954440105981]}
{"T": 6, "regime": "cold", "modes": ["baseline", "reuse64", "reuse128"], "median_us": [23.584000766277313, 26.271999813616276, 26.623999699950218], "samples_us": [[25.631999596953392, 25.631999596953392, 23.584000766277313, 23.584000766277313, 23.520000278949738, 23.455999791622162, 23.584000766277313, 23.584000766277313, 23.520000278949738, 23.615999147295952, 23.391999304294586, 23.584000766277313, 23.520000278949738, 23.552000522613525, 23.584000766277313, 23.520000278949738, 23.584000766277313, 23.520000278949738], [28.672000393271446, 26.464000344276428, 25.599999353289604, 25.631999596953392, 26.623999699950218, 25.567999109625816, 26.464000344276428, 26.399999856948853, 25.631999596953392, 28.511999174952507, 26.176000013947487, 26.367999613285065, 25.631999596953392, 26.623999699950218, 25.567999109625816, 26.623999699950218, 25.855999439954758, 26.079999282956123], [26.240000501275063, 26.240000501275063, 26.623999699950218, 26.464000344276428, 26.464000344276428, 26.976000517606735, 26.623999699950218, 26.559999212622643, 26.623999699950218, 26.784000918269157, 28.76799926161766, 26.623999699950218, 26.623999699950218, 26.623999699950218, 26.623999699950218, 26.623999699950218, 26.623999699950218, 26.815999299287796]], "changes_pct": [0.0, 11.397553256453952, 12.890090039429559]}
{"T": 8, "regime": "warm", "modes": ["baseline", "reuse64", "reuse128"], "median_us": [17.343999817967415, 20.320500247180462, 19.690999761223793], "samples_us": [[17.396999523043633, 17.40100048482418, 17.317000776529312, 17.33900047838688, 17.361000180244446, 17.311999574303627, 17.323000356554985, 17.364000901579857, 17.36699976027012, 17.357999458909035, 17.302999272942543, 17.34199933707714, 17.31099933385849, 17.34600029885769, 17.381999641656876, 17.35600084066391, 17.316000536084175, 17.317000776529312], [20.594000816345215, 20.30700072646141, 20.313000306487083, 20.38400061428547, 20.313000306487083, 20.318999886512756, 20.323999226093292, 20.306000486016273, 20.357999950647354, 20.305000245571136, 20.322000607848167, 20.306000486016273, 20.31099982559681, 20.35300061106682, 20.306000486016273, 20.354999229311943, 20.362000912427902, 20.380999892950058], [19.731000065803528, 19.679000601172447, 19.72300000488758, 19.7369996458292, 19.68899928033352, 19.690999761223793, 19.69200000166893, 19.690999761223793, 19.731000065803528, 19.682999700307846, 19.677000120282173, 19.673999398946762, 19.72699910402298, 19.677000120282173, 19.670000299811363, 19.725000485777855, 19.693000242114067, 19.68199945986271]], "changes_pct": [0.0, 17.161557082868264, 13.532057010430876]}
{"T": 8, "regime": "cold", "modes": ["baseline", "reuse64", "reuse128"], "median_us": [23.552000522613525, 27.648000046610832, 24.671999737620354], "samples_us": [[25.18399991095066, 25.567999109625816, 23.552000522613525, 23.360000923275948, 23.552000522613525, 23.552000522613525, 24.57600086927414, 23.552000522613525, 23.552000522613525, 23.552000522613525, 23.552000522613525, 23.552000522613525, 23.552000522613525, 23.552000522613525, 23.520000278949738, 23.552000522613525, 23.552000522613525, 23.104000836610794], [30.432000756263733, 28.672000393271446, 27.456000447273254, 27.648000046610832, 28.192000463604927, 27.648000046610832, 27.648000046610832, 27.648000046610832, 27.648000046610832, 28.16000021994114, 28.224000707268715, 26.623999699950218, 27.648000046610832, 27.648000046610832, 27.648000046610832, 27.648000046610832, 27.39199995994568, 27.648000046610832], [24.831999093294144, 24.639999493956566, 24.927999824285507, 24.639999493956566, 24.671999737620354, 24.671999737620354, 24.639999493956566, 24.671999737620354, 24.57600086927414, 24.607999250292778, 24.70399998128414, 24.607999250292778, 24.73600022494793, 24.768000468611717, 26.11199952661991, 24.639999493956566, 24.992000311613083, 24.57600086927414]], "changes_pct": [0.0, 17.39130194084584, 4.755431344065486]}
PASS: stock and baseline oracles, exact residuals and repeated CUDA graphs
