preflight mhcintegrated [probe]:
  PASS /home/choiceoh/glm53-logs/ab-lever2.sh == repo
  PASS /home/choiceoh/glm53-logs/fleet.sh == repo
  PASS syntax probes/run_mk_probe.sh
  SKIP declared-knob check (probe: no launcher in the path)
  -> PASS
GO mhcintegrated 2026-09-07_08:49:33
/home/choiceoh/stkernel-mhc-reuse/build/glm53  (56 overlays from 9 modules)
profile=glm53 image=sha256:a3dd4c0f6cbb053097d65d10cd8ff8f6ae0cb9115cf0ff142e1cafe124c09211 probe=probes/mhc_packed_bench.py files=23 args=--integrated --reps 18
forwarded: VLLM_GLM53_MK_BUILD_DIR=/cache/mk_build
{"source_sha256": "490570583b2af29382fb80f03be4a488edfc8dbb7e6a4d6cc04dcca64f59e0c2", "prototype_sha256": "490570583b2af29382fb80f03be4a488edfc8dbb7e6a4d6cc04dcca64f59e0c2", "device": "NVIDIA GB10", "torch": "2.13.0+cu130", "cuda": "13.0", "projection": "integrated-exact-bf16-storage"}
WARNING 09-06 23:50:09 [glm53_megakernel.py:1903] [megakernel] selftest mhc-bf16 all outputs bit equal -> ARM
PASS: driver cache mutation, retained graph pointers, nonrepresentable/NaN/inference fallback, capture miss and capacity
WARNING 09-06 23:50:12 [glm53_megakernel.py:1955] [megakernel] selftest mhc sinkhorn=20 rel_errs=['0.00e+00', '1.17e-07', '1.65e-07', '1.07e-08'] -> ARM
WARNING 09-06 23:50:12 [glm53_megakernel.py:2011] [megakernel] selftest mhc-pre T=[8] identity=True rel=1.65e-07 -> ARM
{"fixtures": [{"name": "model.language_model.layers.0.hc_attn", "fn": {"file": "layer0-attn-fn.bf16", "shape": [24, 16384], "sha256": "ced298d9ac5f1d3ff25507129c35335cffb45fae14197df6ec2be4cf647b0301", "dtype": "BF16", "checkpoint_key": "model.language_model.layers.0.hc_attn_fn", "shard": "model-00001-of-00010.safetensors"}, "scale": {"file": "layer0-attn-scale.bf16", "shape": [3], "sha256": "57b391bfcdb585822e9b1a76ffc59c89de1caa27531e8c765db85e897c2077fe", "dtype": "BF16", "checkpoint_key": "model.language_model.layers.0.hc_attn_scale", "shard": "model-00001-of-00010.safetensors"}, "base": {"file": "layer0-attn-base.bf16", "shape": [24], "sha256": "266b0e8366e500105bd81c3cd924c712a3b670ecb1593886e54e5aeb54015a0e", "dtype": "BF16", "checkpoint_key": "model.language_model.layers.0.hc_attn_base", "shard": "model-00001-of-00010.safetensors"}}, {"name": "model.language_model.layers.0.hc_ffn", "fn": {"file": "layer0-ffn-fn.bf16", "shape": [24, 16384], "sha256": "a4a782a14db0b2442e3da8ec62f9ecc52860d7e3cc1fa60564b23138550bbb0c", "dtype": "BF16", "checkpoint_key": "model.language_model.layers.0.hc_ffn_fn", "shard": "model-00001-of-00010.safetensors"}, "scale": {"file": "layer0-ffn-scale.bf16", "shape": [3], "sha256": "58c3a2598073eba471676eb18c3d4f10fc12040783d8083e1d60d5d1b16e6595", "dtype": "BF16", "checkpoint_key": "model.language_model.layers.0.hc_ffn_scale", "shard": "model-00001-of-00010.safetensors"}, "base": {"file": "layer0-ffn-base.bf16", "shape": [24], "sha256": "41016f508c4a5217a722a6ced4f95a1a17c11c98b1babda799426276a0952941", "dtype": "BF16", "checkpoint_key": "model.language_model.layers.0.hc_ffn_base", "shard": "model-00001-of-00010.safetensors"}}, {"name": "model.language_model.layers.1.hc_attn", "fn": {"file": "layer1-attn-fn.bf16", "shape": [24, 16384], "sha256": "4c2f51129c57d4535fd6c844180d4f866a2c5fef188cec325644f645b75f89e3", "dtype": "BF16", "checkpoint_key": "model.language_model.layers.1.hc_attn_fn", "shard": "model-00001-of-00010.safetensors"}, "scale": {"file": "layer1-attn-scale.bf16", "shape": [3], "sha256": "1628e2ecf8ee4f7a70a66f8f63c9f18b9c5326b5bb6c0209dc46b4857752ef71", "dtype": "BF16", "checkpoint_key": "model.language_model.layers.1.hc_attn_scale", "shard": "model-00001-of-00010.safetensors"}, "base": {"file": "layer1-attn-base.bf16", "shape": [24], "sha256": "16a633062d4b345409c48a70bdc6a0c76a8627852ec59e8355a2a3cf02e54f1f", "dtype": "BF16", "checkpoint_key": "model.language_model.layers.1.hc_attn_base", "shard": "model-00001-of-00010.safetensors"}}, {"name": "model.language_model.layers.1.hc_ffn", "fn": {"file": "layer1-ffn-fn.bf16", "shape": [24, 16384], "sha256": "57a77af9e736c3df696f743c63fccdaf794cb5d1d98e1a42b91f097b4ba070bd", "dtype": "BF16", "checkpoint_key": "model.language_model.layers.1.hc_ffn_fn", "shard": "model-00001-of-00010.safetensors"}, "scale": {"file": "layer1-ffn-scale.bf16", "shape": [3], "sha256": "5913393df751d20d056c4a3026ec884e273946f363fdc6e3113a381006786bde", "dtype": "BF16", "checkpoint_key": "model.language_model.layers.1.hc_ffn_scale", "shard": "model-00001-of-00010.safetensors"}, "base": {"file": "layer1-ffn-base.bf16", "shape": [24], "sha256": "efc908a665587a9b63d62e30b11d192980a10523a6779165027e80a4c430c7d4", "dtype": "BF16", "checkpoint_key": "model.language_model.layers.1.hc_ffn_base", "shard": "model-00001-of-00010.safetensors"}}, {"name": "model.language_model.layers.23.hc_attn", "fn": {"file": "layer23-attn-fn.bf16", "shape": [24, 16384], "sha256": "5fb57d53345976305645544fa7e3b7b476234282cf0fb8391842cfb2627ef7c3", "dtype": "BF16", "checkpoint_key": "model.language_model.layers.23.hc_attn_fn", "shard": "model-00005-of-00010.safetensors"}, "scale": {"file": "layer23-attn-scale.bf16", "shape": [3], "sha256": "efea56d08e17237816f5b86e4bb278786e3d25c9de72487c2c1d3454bd5ceff6", "dtype": "BF16", "checkpoint_key": "model.language_model.layers.23.hc_attn_scale", "shard": "model-00005-of-00010.safetensors"}, "base": {"file": "layer23-attn-base.bf16", "shape": [24], "sha256": "86a9037107a4fdfdf50184eb97a195563554f4c886f1c6adb62bd64e52e3b83b", "dtype": "BF16", "checkpoint_key": "model.language_model.layers.23.hc_attn_base", "shard": "model-00005-of-00010.safetensors"}}, {"name": "model.language_model.layers.23.hc_ffn", "fn": {"file": "layer23-ffn-fn.bf16", "shape": [24, 16384], "sha256": "37674fc0f5a410b3964a717d7e475c1f822b61b974e3ef4c2e3104f0aa203297", "dtype": "BF16", "checkpoint_key": "model.language_model.layers.23.hc_ffn_fn", "shard": "model-00005-of-00010.safetensors"}, "scale": {"file": "layer23-ffn-scale.bf16", "shape": [3], "sha256": "ddf948cdcb90354df8144c75436457eb53250f6fc92d7461477ce8c96afb398a", "dtype": "BF16", "checkpoint_key": "model.language_model.layers.23.hc_ffn_scale", "shard": "model-00005-of-00010.safetensors"}, "base": {"file": "layer23-ffn-base.bf16", "shape": [24], "sha256": "1b4329318be2109c5e8264f61240fe26e4069d9b5d59868e3bee4765aa769ad2", "dtype": "BF16", "checkpoint_key": "model.language_model.layers.23.hc_ffn_base", "shard": "model-00005-of-00010.safetensors"}}, {"name": "model.language_model.layers.44.hc_attn", "fn": {"file": "layer44-attn-fn.bf16", "shape": [24, 16384], "sha256": "b5f3e569fc060345c3f4c9d1e7ec35d106587766325848717adea09e236d12ac", "dtype": "BF16", "checkpoint_key": "model.language_model.layers.44.hc_attn_fn", "shard": "model-00010-of-00010.safetensors"}, "scale": {"file": "layer44-attn-scale.bf16", "shape": [3], "sha256": "633a81e275b109574808c5f133b77e912168d8fd4b618c5b524c66fe6ed631f8", "dtype": "BF16", "checkpoint_key": "model.language_model.layers.44.hc_attn_scale", "shard": "model-00010-of-00010.safetensors"}, "base": {"file": "layer44-attn-base.bf16", "shape": [24], "sha256": "6ca1409f45efc4b1b454d8187a43096472106598be5e7b147fc68d77ca863f04", "dtype": "BF16", "checkpoint_key": "model.language_model.layers.44.hc_attn_base", "shard": "model-00010-of-00010.safetensors"}}, {"name": "model.language_model.layers.44.hc_ffn", "fn": {"file": "layer44-ffn-fn.bf16", "shape": [24, 16384], "sha256": "a4d59b06a0258af0f2c3026722c1a441edb9198967d1641e19e0a3f9d80c4dfd", "dtype": "BF16", "checkpoint_key": "model.language_model.layers.44.hc_ffn_fn", "shard": "model-00010-of-00010.safetensors"}, "scale": {"file": "layer44-ffn-scale.bf16", "shape": [3], "sha256": "75ea916ac5829e24bee3ec9843d648881680950263a0b8588e762490980e9aeb", "dtype": "BF16", "checkpoint_key": "model.language_model.layers.44.hc_ffn_scale", "shard": "model-00010-of-00010.safetensors"}, "base": {"file": "layer44-ffn-base.bf16", "shape": [24], "sha256": "e6fdaa1e4a53c536cbba628025510337ddb352831584bd68aa2f3755d423483f", "dtype": "BF16", "checkpoint_key": "model.language_model.layers.44.hc_ffn_base", "shard": "model-00010-of-00010.safetensors"}}]}
{"gate": "all four outputs bit equal", "weight": "model.language_model.layers.0.hc_attn", "T": 1, "seed": 53, "fp64_errors": [2.2415288428885248e-10, 4.829354138696788e-08, 5.976995532337024e-08, 0.0]}
{"gate": "all four outputs bit equal", "weight": "model.language_model.layers.0.hc_attn", "T": 1, "seed": 0, "fp64_errors": [0.0, 4.805433665326485e-08, 5.1675795156483345e-08, 0.0]}
{"gate": "all four outputs bit equal", "weight": "model.language_model.layers.0.hc_attn", "T": 2, "seed": 53, "fp64_errors": [9.840753543401645e-06, 4.988763581973794e-08, 6.679262805736514e-08, 0.0]}
{"gate": "all four outputs bit equal", "weight": "model.language_model.layers.0.hc_attn", "T": 2, "seed": 0, "fp64_errors": [0.0, 4.805433696393817e-08, 5.167579413701757e-08, 0.0]}
{"gate": "all four outputs bit equal", "weight": "model.language_model.layers.0.hc_attn", "T": 6, "seed": 53, "fp64_errors": [6.947103212340525e-06, 5.313986712866791e-08, 5.7160568366744665e-08, 0.0]}
{"gate": "all four outputs bit equal", "weight": "model.language_model.layers.0.hc_attn", "T": 6, "seed": 0, "fp64_errors": [0.0, 4.805433610897947e-08, 5.167579271547574e-08, 0.0]}
{"gate": "all four outputs bit equal", "weight": "model.language_model.layers.0.hc_attn", "T": 8, "seed": 53, "fp64_errors": [6.012017522025068e-06, 5.537973735022717e-08, 5.8775866596528154e-08, 0.0]}
{"gate": "all four outputs bit equal", "weight": "model.language_model.layers.0.hc_attn", "T": 8, "seed": 0, "fp64_errors": [0.0, 4.805433696393817e-08, 5.167579413701757e-08, 0.0]}
{"gate": "all four outputs bit equal", "weight": "model.language_model.layers.0.hc_attn", "T": 12, "seed": 53, "fp64_errors": [4.820981554522824e-06, 5.145113233292144e-08, 5.719681453001994e-08, 0.0]}
{"gate": "all four outputs bit equal", "weight": "model.language_model.layers.0.hc_attn", "T": 12, "seed": 0, "fp64_errors": [0.0, 4.8054339734978635e-08, 5.1675794919159834e-08, 0.0]}
{"gate": "all four outputs bit equal", "weight": "model.language_model.layers.0.hc_attn", "T": 32, "seed": 53, "fp64_errors": [1.3072160572819297e-05, 4.490323386304361e-08, 5.947802890551631e-08, 2.4707955923310454e-05]}
{"gate": "all four outputs bit equal", "weight": "model.language_model.layers.0.hc_attn", "T": 32, "seed": 0, "fp64_errors": [0.0, 4.805433696393817e-08, 5.167579413701757e-08, 0.0]}
{"gate": "all four outputs bit equal", "weight": "model.language_model.layers.0.hc_ffn", "T": 1, "seed": 53, "fp64_errors": [2.2415288428885248e-10, 3.9897317072995574e-08, 5.179799669075905e-08, 0.0]}
{"gate": "all four outputs bit equal", "weight": "model.language_model.layers.0.hc_ffn", "T": 1, "seed": 0, "fp64_errors": [0.0, 8.333811254335725e-08, 4.2213287302171584e-08, 0.0]}
{"gate": "all four outputs bit equal", "weight": "model.language_model.layers.0.hc_ffn", "T": 2, "seed": 53, "fp64_errors": [9.840753543401645e-06, 9.747512550475736e-08, 6.333827475092448e-08, 0.0]}
{"gate": "all four outputs bit equal", "weight": "model.language_model.layers.0.hc_ffn", "T": 2, "seed": 0, "fp64_errors": [0.0, 8.333810690188254e-08, 4.2213287297041495e-08, 0.0]}
{"gate": "all four outputs bit equal", "weight": "model.language_model.layers.0.hc_ffn", "T": 6, "seed": 53, "fp64_errors": [6.947103212340525e-06, 6.781934203983644e-08, 5.720092782550569e-08, 0.0]}
{"gate": "all four outputs bit equal", "weight": "model.language_model.layers.0.hc_ffn", "T": 6, "seed": 0, "fp64_errors": [0.0, 8.333810301628292e-08, 4.221329076558247e-08, 0.0]}
{"gate": "all four outputs bit equal", "weight": "model.language_model.layers.0.hc_ffn", "T": 8, "seed": 53, "fp64_errors": [6.012017522025068e-06, 6.470969075229135e-08, 5.284102908286289e-08, 0.0]}
{"gate": "all four outputs bit equal", "weight": "model.language_model.layers.0.hc_ffn", "T": 8, "seed": 0, "fp64_errors": [0.0, 8.333810690188254e-08, 4.2213287297041495e-08, 0.0]}
{"gate": "all four outputs bit equal", "weight": "model.language_model.layers.0.hc_ffn", "T": 12, "seed": 53, "fp64_errors": [4.820981554522824e-06, 6.484699815769673e-08, 5.456290658472793e-08, 3.539698199247676e-05]}
{"gate": "all four outputs bit equal", "weight": "model.language_model.layers.0.hc_ffn", "T": 12, "seed": 0, "fp64_errors": [0.0, 8.333810665435294e-08, 4.2213289300869304e-08, 0.0]}
{"gate": "all four outputs bit equal", "weight": "model.language_model.layers.0.hc_ffn", "T": 32, "seed": 53, "fp64_errors": [1.3072160572819297e-05, 5.105737128824959e-08, 6.359916678256137e-08, 1.09282359790572e-05]}
{"gate": "all four outputs bit equal", "weight": "model.language_model.layers.0.hc_ffn", "T": 32, "seed": 0, "fp64_errors": [0.0, 8.333810690188254e-08, 4.2213287297041495e-08, 0.0]}
{"gate": "all four outputs bit equal", "weight": "model.language_model.layers.1.hc_attn", "T": 1, "seed": 53, "fp64_errors": [2.2415288428885248e-10, 0.0, 5.971382825353565e-08, 3.06977864677562e-05]}
{"gate": "all four outputs bit equal", "weight": "model.language_model.layers.1.hc_attn", "T": 1, "seed": 0, "fp64_errors": [0.0, 3.277623350732706e-08, 5.17573054198837e-08, 0.0]}
{"gate": "all four outputs bit equal", "weight": "model.language_model.layers.1.hc_attn", "T": 2, "seed": 53, "fp64_errors": [9.840753543401645e-06, 2.3281716216367233e-08, 5.584664213107978e-08, 2.175478700916293e-05]}
{"gate": "all four outputs bit equal", "weight": "model.language_model.layers.1.hc_attn", "T": 2, "seed": 0, "fp64_errors": [0.0, 3.277623244290915e-08, 5.175730551892453e-08, 0.0]}
{"gate": "all four outputs bit equal", "weight": "model.language_model.layers.1.hc_attn", "T": 6, "seed": 53, "fp64_errors": [6.947103212340525e-06, 5.6381685063634624e-08, 5.860254741350187e-08, 2.8085636499684532e-05]}
{"gate": "all four outputs bit equal", "weight": "model.language_model.layers.1.hc_attn", "T": 6, "seed": 0, "fp64_errors": [0.0, 3.277623667247304e-08, 5.1757304636806426e-08, 0.0]}
{"gate": "all four outputs bit equal", "weight": "model.language_model.layers.1.hc_attn", "T": 8, "seed": 53, "fp64_errors": [6.012017522025068e-06, 5.457940434073885e-08, 5.985171232007853e-08, 2.4338757474548532e-05]}
{"gate": "all four outputs bit equal", "weight": "model.language_model.layers.1.hc_attn", "T": 8, "seed": 0, "fp64_errors": [0.0, 3.277623244290915e-08, 5.1757301145392846e-08, 0.0]}
{"gate": "all four outputs bit equal", "weight": "model.language_model.layers.1.hc_attn", "T": 12, "seed": 53, "fp64_errors": [4.820981554522824e-06, 6.045526975334049e-08, 5.533158869598135e-08, 1.9882499019115442e-05]}
{"gate": "all four outputs bit equal", "weight": "model.language_model.layers.1.hc_attn", "T": 12, "seed": 0, "fp64_errors": [0.0, 3.277623398490075e-08, 5.1757305697839124e-08, 0.0]}
{"gate": "all four outputs bit equal", "weight": "model.language_model.layers.1.hc_attn", "T": 32, "seed": 53, "fp64_errors": [1.3072160572819297e-05, 6.220361950779085e-08, 5.9190552049058084e-08, 2.720390752016322e-06]}
{"gate": "all four outputs bit equal", "weight": "model.language_model.layers.1.hc_attn", "T": 32, "seed": 0, "fp64_errors": [0.0, 3.277623244290915e-08, 5.1757301145392846e-08, 0.0]}
{"gate": "all four outputs bit equal", "weight": "model.language_model.layers.1.hc_ffn", "T": 1, "seed": 53, "fp64_errors": [2.2415288428885248e-10, 3.7837461917540514e-08, 6.685997898327808e-08, 0.0]}
{"gate": "all four outputs bit equal", "weight": "model.language_model.layers.1.hc_ffn", "T": 1, "seed": 0, "fp64_errors": [0.0, 5.11911340414402e-08, 5.169921455022081e-08, 0.0]}
{"gate": "all four outputs bit equal", "weight": "model.language_model.layers.1.hc_ffn", "T": 2, "seed": 53, "fp64_errors": [9.840753543401645e-06, 4.4973024674449206e-08, 5.59453587311096e-08, 0.0]}
{"gate": "all four outputs bit equal", "weight": "model.language_model.layers.1.hc_ffn", "T": 2, "seed": 0, "fp64_errors": [0.0, 5.119113582482639e-08, 5.169921338400083e-08, 0.0]}
{"gate": "all four outputs bit equal", "weight": "model.language_model.layers.1.hc_ffn", "T": 6, "seed": 53, "fp64_errors": [6.947103212340525e-06, 4.723333312397619e-08, 5.726843343967211e-08, 0.0]}
{"gate": "all four outputs bit equal", "weight": "model.language_model.layers.1.hc_ffn", "T": 6, "seed": 0, "fp64_errors": [0.0, 5.119113359151277e-08, 5.169921320565929e-08, 0.0]}
{"gate": "all four outputs bit equal", "weight": "model.language_model.layers.1.hc_ffn", "T": 8, "seed": 53, "fp64_errors": [6.012017522025068e-06, 4.662682920999263e-08, 5.7932922761948165e-08, 0.0]}
{"gate": "all four outputs bit equal", "weight": "model.language_model.layers.1.hc_ffn", "T": 8, "seed": 0, "fp64_errors": [0.0, 5.119113582482639e-08, 5.169921338400083e-08, 0.0]}
{"gate": "all four outputs bit equal", "weight": "model.language_model.layers.1.hc_ffn", "T": 12, "seed": 53, "fp64_errors": [4.820981554522824e-06, 5.069388882006458e-08, 6.462626359458625e-08, 0.0]}
{"gate": "all four outputs bit equal", "weight": "model.language_model.layers.1.hc_ffn", "T": 12, "seed": 0, "fp64_errors": [0.0, 5.119113845059671e-08, 5.169921384494979e-08, 0.0]}
{"gate": "all four outputs bit equal", "weight": "model.language_model.layers.1.hc_ffn", "T": 32, "seed": 53, "fp64_errors": [1.3072160572819297e-05, 5.245714919796644e-08, 5.747738785684362e-08, 5.440708434645275e-06]}
{"gate": "all four outputs bit equal", "weight": "model.language_model.layers.1.hc_ffn", "T": 32, "seed": 0, "fp64_errors": [0.0, 5.119113582482639e-08, 5.169921338400083e-08, 0.0]}
{"gate": "all four outputs bit equal", "weight": "model.language_model.layers.23.hc_attn", "T": 1, "seed": 53, "fp64_errors": [2.2415288428885248e-10, 9.152286986685853e-08, 4.22626089689562e-08, 0.0]}
{"gate": "all four outputs bit equal", "weight": "model.language_model.layers.23.hc_attn", "T": 1, "seed": 0, "fp64_errors": [0.0, 7.330151739781671e-08, 2.995369479126846e-08, 0.0]}
{"gate": "all four outputs bit equal", "weight": "model.language_model.layers.23.hc_attn", "T": 2, "seed": 53, "fp64_errors": [9.840753543401645e-06, 9.18738582950472e-08, 3.723969264133907e-08, 2.1787680921795928e-05]}
{"gate": "all four outputs bit equal", "weight": "model.language_model.layers.23.hc_attn", "T": 2, "seed": 0, "fp64_errors": [0.0, 7.330151680098656e-08, 2.995369500015781e-08, 0.0]}
{"gate": "all four outputs bit equal", "weight": "model.language_model.layers.23.hc_attn", "T": 6, "seed": 53, "fp64_errors": [6.947103212340525e-06, 8.472122339924293e-08, 5.385459162626557e-08, 1.2927660202092861e-05]}
{"gate": "all four outputs bit equal", "weight": "model.language_model.layers.23.hc_attn", "T": 6, "seed": 0, "fp64_errors": [0.0, 7.330151591444325e-08, 2.995369589420118e-08, 0.0]}
{"gate": "all four outputs bit equal", "weight": "model.language_model.layers.23.hc_attn", "T": 8, "seed": 53, "fp64_errors": [6.012017522025068e-06, 7.278061437180397e-08, 4.910550187870105e-08, 1.121396426737252e-05]}
{"gate": "all four outputs bit equal", "weight": "model.language_model.layers.23.hc_attn", "T": 8, "seed": 0, "fp64_errors": [0.0, 7.330151680098656e-08, 2.995369500015781e-08, 0.0]}
{"gate": "all four outputs bit equal", "weight": "model.language_model.layers.23.hc_attn", "T": 12, "seed": 53, "fp64_errors": [4.820981554522824e-06, 7.760341330557512e-08, 5.306026483978327e-08, 0.00014613788404240388]}
{"gate": "all four outputs bit equal", "weight": "model.language_model.layers.23.hc_attn", "T": 12, "seed": 0, "fp64_errors": [0.0, 7.330151197568466e-08, 2.995369509620648e-08, 0.0]}
{"gate": "all four outputs bit equal", "weight": "model.language_model.layers.23.hc_attn", "T": 32, "seed": 53, "fp64_errors": [1.3072160572819297e-05, 6.844190109729069e-08, 6.412851292660511e-08, 1.274840670930625e-05]}
{"gate": "all four outputs bit equal", "weight": "model.language_model.layers.23.hc_attn", "T": 32, "seed": 0, "fp64_errors": [0.0, 7.330151680098656e-08, 2.995369500015781e-08, 0.0]}
{"gate": "all four outputs bit equal", "weight": "model.language_model.layers.23.hc_ffn", "T": 1, "seed": 53, "fp64_errors": [2.2415288428885248e-10, 6.971630747602212e-08, 9.975037976777437e-08, 0.0]}
{"gate": "all four outputs bit equal", "weight": "model.language_model.layers.23.hc_ffn", "T": 1, "seed": 0, "fp64_errors": [0.0, 5.956170211143852e-08, 5.988139168316069e-08, 0.0]}
{"gate": "all four outputs bit equal", "weight": "model.language_model.layers.23.hc_ffn", "T": 2, "seed": 53, "fp64_errors": [9.840753543401645e-06, 8.340299847546808e-08, 9.018780531220231e-08, 2.1793048613396e-05]}
{"gate": "all four outputs bit equal", "weight": "model.language_model.layers.23.hc_ffn", "T": 2, "seed": 0, "fp64_errors": [0.0, 5.956169791456288e-08, 5.988139785186971e-08, 0.0]}
{"gate": "all four outputs bit equal", "weight": "model.language_model.layers.23.hc_ffn", "T": 6, "seed": 53, "fp64_errors": [6.947103212340525e-06, 6.389995338325126e-08, 6.615040927029308e-08, 1.2543922102243745e-05]}
{"gate": "all four outputs bit equal", "weight": "model.language_model.layers.23.hc_ffn", "T": 6, "seed": 0, "fp64_errors": [0.0, 5.9561703601749427e-08, 5.9881394657479e-08, 0.0]}
{"gate": "all four outputs bit equal", "weight": "model.language_model.layers.23.hc_ffn", "T": 8, "seed": 53, "fp64_errors": [6.012017522025068e-06, 6.118305431471902e-08, 6.138375712302556e-08, 1.0881023741118683e-05]}
{"gate": "all four outputs bit equal", "weight": "model.language_model.layers.23.hc_ffn", "T": 8, "seed": 0, "fp64_errors": [0.0, 5.956169791456288e-08, 5.988139785186971e-08, 0.0]}
{"gate": "all four outputs bit equal", "weight": "model.language_model.layers.23.hc_ffn", "T": 12, "seed": 53, "fp64_errors": [4.820981554522824e-06, 6.468311473589995e-08, 6.235693915211258e-08, 8.8455017030355e-06]}
{"gate": "all four outputs bit equal", "weight": "model.language_model.layers.23.hc_ffn", "T": 12, "seed": 0, "fp64_errors": [0.0, 5.9561695733720406e-08, 5.988139702496385e-08, 0.0]}
{"gate": "all four outputs bit equal", "weight": "model.language_model.layers.23.hc_ffn", "T": 32, "seed": 53, "fp64_errors": [1.3072160572819297e-05, 5.335319860524796e-08, 6.390697194799575e-08, 1.5935792709286442e-06]}
{"gate": "all four outputs bit equal", "weight": "model.language_model.layers.23.hc_ffn", "T": 32, "seed": 0, "fp64_errors": [0.0, 5.956169791456288e-08, 5.988139785186971e-08, 0.0]}
{"gate": "all four outputs bit equal", "weight": "model.language_model.layers.44.hc_attn", "T": 1, "seed": 53, "fp64_errors": [2.2415288428885248e-10, 6.673488012470687e-08, 4.354424378552142e-08, 0.0]}
{"gate": "all four outputs bit equal", "weight": "model.language_model.layers.44.hc_attn", "T": 1, "seed": 0, "fp64_errors": [0.0, 0.0, 5.966781237583046e-08, 0.0]}
{"gate": "all four outputs bit equal", "weight": "model.language_model.layers.44.hc_attn", "T": 2, "seed": 53, "fp64_errors": [9.840753543401645e-06, 9.054051960693399e-08, 4.302146944977124e-08, 0.0]}
{"gate": "all four outputs bit equal", "weight": "model.language_model.layers.44.hc_attn", "T": 2, "seed": 0, "fp64_errors": [0.0, 0.0, 5.966781423470215e-08, 0.0]}
{"gate": "all four outputs bit equal", "weight": "model.language_model.layers.44.hc_attn", "T": 6, "seed": 53, "fp64_errors": [6.947103212340525e-06, 6.654006434328085e-08, 6.73666503381494e-08, 0.0]}
{"gate": "all four outputs bit equal", "weight": "model.language_model.layers.44.hc_attn", "T": 6, "seed": 0, "fp64_errors": [0.0, 0.0, 5.966781260986397e-08, 0.0]}
{"gate": "all four outputs bit equal", "weight": "model.language_model.layers.44.hc_attn", "T": 8, "seed": 53, "fp64_errors": [6.012017522025068e-06, 6.964466982556755e-08, 6.404461982098622e-08, 0.0]}
{"gate": "all four outputs bit equal", "weight": "model.language_model.layers.44.hc_attn", "T": 8, "seed": 0, "fp64_errors": [0.0, 0.0, 5.966781423470215e-08, 0.0]}
{"gate": "all four outputs bit equal", "weight": "model.language_model.layers.44.hc_attn", "T": 12, "seed": 53, "fp64_errors": [4.820981554522824e-06, 7.441369970538526e-08, 5.8660470163496505e-08, 0.0]}
{"gate": "all four outputs bit equal", "weight": "model.language_model.layers.44.hc_attn", "T": 12, "seed": 0, "fp64_errors": [0.0, 0.0, 5.966781507410354e-08, 0.0]}
{"gate": "all four outputs bit equal", "weight": "model.language_model.layers.44.hc_attn", "T": 32, "seed": 53, "fp64_errors": [1.3072160572819297e-05, 5.856353060600309e-08, 6.322635602659872e-08, 1.2214495135471574e-05]}
{"gate": "all four outputs bit equal", "weight": "model.language_model.layers.44.hc_attn", "T": 32, "seed": 0, "fp64_errors": [0.0, 0.0, 5.966781423470215e-08, 0.0]}
{"gate": "all four outputs bit equal", "weight": "model.language_model.layers.44.hc_ffn", "T": 1, "seed": 53, "fp64_errors": [2.2415288428885248e-10, 4.290989336862683e-08, 6.010493350316496e-08, 0.00012262113207565245]}
{"gate": "all four outputs bit equal", "weight": "model.language_model.layers.44.hc_ffn", "T": 1, "seed": 0, "fp64_errors": [0.0, 3.01804355447303e-08, 5.516318413490362e-10, 0.0]}
{"gate": "all four outputs bit equal", "weight": "model.language_model.layers.44.hc_ffn", "T": 2, "seed": 53, "fp64_errors": [9.840753543401645e-06, 8.47694693005379e-08, 6.794961907631914e-08, 8.709907843391094e-05]}
{"gate": "all four outputs bit equal", "weight": "model.language_model.layers.44.hc_ffn", "T": 2, "seed": 0, "fp64_errors": [0.0, 3.018043506551966e-08, 5.516318783383342e-10, 0.0]}
{"gate": "all four outputs bit equal", "weight": "model.language_model.layers.44.hc_ffn", "T": 6, "seed": 53, "fp64_errors": [6.947103212340525e-06, 6.377902068517891e-08, 6.537627766871351e-08, 5.0210969429659285e-05]}
{"gate": "all four outputs bit equal", "weight": "model.language_model.layers.44.hc_ffn", "T": 6, "seed": 0, "fp64_errors": [0.0, 3.018043616442777e-08, 5.516318619784601e-10, 0.0]}
{"gate": "all four outputs bit equal", "weight": "model.language_model.layers.44.hc_ffn", "T": 8, "seed": 53, "fp64_errors": [6.012017522025068e-06, 5.8457215465482533e-08, 7.152050566091961e-08, 4.350598041534106e-05]}
{"gate": "all four outputs bit equal", "weight": "model.language_model.layers.44.hc_ffn", "T": 8, "seed": 0, "fp64_errors": [0.0, 3.018043506551966e-08, 5.516318783383342e-10, 0.0]}
{"gate": "all four outputs bit equal", "weight": "model.language_model.layers.44.hc_ffn", "T": 12, "seed": 53, "fp64_errors": [4.820981554522824e-06, 6.208986539413901e-08, 7.21578508016168e-08, 4.6839911216466577e-05]}
{"gate": "all four outputs bit equal", "weight": "model.language_model.layers.44.hc_ffn", "T": 12, "seed": 0, "fp64_errors": [0.0, 3.018043426492703e-08, 5.516318359237165e-10, 0.0]}
{"gate": "all four outputs bit equal", "weight": "model.language_model.layers.44.hc_ffn", "T": 32, "seed": 53, "fp64_errors": [1.3072160572819297e-05, 4.9740566830456263e-08, 6.828345154556753e-08, 4.374752023601653e-05]}
{"gate": "all four outputs bit equal", "weight": "model.language_model.layers.44.hc_ffn", "T": 32, "seed": 0, "fp64_errors": [0.0, 3.018043506551966e-08, 5.516318783383342e-10, 0.0]}
WARNING 09-06 23:50:13 [glm53_megakernel.py:1658] [megakernel] mhc-bf16 CAPTURED T=2 cached=15
{"T": 2, "regime": "warm", "modes": ["baseline", "bf16"], "median_us": [13.286500237882137, 11.869000270962715], "samples_us": [[13.33799958229065, 13.34800012409687, 13.233000412583351, 13.326000422239304, 13.26099969446659, 13.346999883651733, 13.22299987077713, 13.148000463843346, 13.306000269949436, 13.274000026285648, 13.272999785840511, 13.29800020903349, 13.278000056743622, 13.244000263512135, 13.244999572634697, 13.411000370979309, 13.295000419020653, 13.330000452697277], [11.982000432908535, 11.861000210046768, 11.91100012511015, 11.955000460147858, 11.912000365555286, 11.857000179588795, 11.865000240504742, 11.864000000059605, 11.868000030517578, 11.92300021648407, 11.869000270962715, 11.885000392794609, 11.905999854207039, 11.869000270962715, 11.862999759614468, 11.920999735593796, 11.807000264525414, 11.854000389575958]], "changes_pct": [0.0, -10.668723452680807]}
{"T": 2, "regime": "cold", "modes": ["baseline", "bf16"], "median_us": [21.247999742627144, 18.17600056529045], "samples_us": [[22.304000332951546, 20.99199965596199, 21.247999742627144, 21.247999742627144, 21.247999742627144, 20.927999168634415, 21.247999742627144, 21.247999742627144, 21.247999742627144, 20.767999812960625, 21.247999742627144, 21.376000717282295, 21.43999934196472, 21.344000473618507, 21.023999899625778, 20.959999412298203, 21.247999742627144, 21.247999742627144], [18.17600056529045, 17.823999747633934, 18.17600056529045, 17.75999926030636, 17.920000478625298, 18.17600056529045, 18.17600056529045, 18.20800080895424, 16.575999557971954, 17.664000391960144, 18.17600056529045, 17.952000722289085, 18.303999677300453, 50.4320003092289, 17.855999991297722, 18.17600056529045, 18.303999677300453, 18.17600056529045]], "changes_pct": [0.0, -14.4578276287049]}
WARNING 09-06 23:50:13 [glm53_megakernel.py:1658] [megakernel] mhc-bf16 CAPTURED T=6 cached=15
{"T": 6, "regime": "warm", "modes": ["baseline", "bf16"], "median_us": [15.254999976605177, 13.641000259667635], "samples_us": [[15.437000431120396, 15.297000296413898, 15.26699960231781, 15.193000435829163, 15.2580002322793, 15.27199987322092, 15.23900032043457, 15.236999839544296, 16.313999891281128, 15.266000293195248, 17.01200008392334, 15.254000201821327, 15.181000344455242, 15.236999839544296, 15.220999717712402, 15.255999751389027, 15.22700022906065, 15.212000347673893], [13.7339998036623, 13.580000028014183, 13.586999848484993, 13.648999854922295, 13.598999939858913, 13.629999943077564, 13.724000193178654, 13.629999943077564, 14.883000403642654, 14.804000034928322, 14.030000194907188, 13.639000244438648, 13.597999699413776, 13.643000274896622, 13.589000329375267, 13.577999547123909, 13.655000366270542, 13.651999644935131]], "changes_pct": [0.0, -10.580135820470316]}
{"T": 6, "regime": "cold", "modes": ["baseline", "bf16"], "median_us": [23.34399987012148, 20.255999639630318], "samples_us": [[23.552000522613525, 23.520000278949738, 23.48800003528595, 23.520000278949738, 23.19999970495701, 23.584000766277313, 22.52800017595291, 23.520000278949738, 22.655999287962914, 22.495999932289124, 23.135999217629433, 23.552000522613525, 23.552000522613525, 23.135999217629433, 21.95199951529503, 23.744000121951103, 22.5600004196167, 22.52800017595291], [22.336000576615334, 20.255999639630318, 20.287999883294106, 20.287999883294106, 19.90400068461895, 20.255999639630318, 20.255999639630318, 20.255999639630318, 19.872000440955162, 20.287999883294106, 20.255999639630318, 20.255999639630318, 20.128000527620316, 20.287999883294106, 20.255999639630318, 19.999999552965164, 20.128000527620316, 20.128000527620316]], "changes_pct": [0.0, -13.228239580499501]}
WARNING 09-06 23:50:13 [glm53_megakernel.py:1658] [megakernel] mhc-bf16 CAPTURED T=8 cached=15
{"T": 8, "regime": "warm", "modes": ["baseline", "bf16"], "median_us": [17.09599979221821, 15.430999919772148], "samples_us": [[17.291000112891197, 17.179999500513077, 17.03299954533577, 17.13000051677227, 17.11600087583065, 17.057999968528748, 17.0460008084774, 17.139999195933342, 17.107000574469566, 17.09599979221821, 17.097000032663345, 17.09599979221821, 17.05699972808361, 17.048999667167664, 17.059000208973885, 17.0460008084774, 17.023999243974686, 17.12300069630146], [15.644000843167305, 15.449999831616879, 15.386000275611877, 15.500999987125397, 15.376999974250793, 15.424000099301338, 15.428000129759312, 15.424000099301338, 15.433999709784985, 15.443000011146069, 15.494000166654587, 15.428000129759312, 15.433999709784985, 15.424000099301338, 15.37999976426363, 15.445999801158905, 15.390999615192413, 15.443000011146069]], "changes_pct": [0.0, -9.739119634313154]}
{"T": 8, "regime": "cold", "modes": ["baseline", "bf16"], "median_us": [23.296000435948372, 20.22399939596653], "samples_us": [[24.12799932062626, 26.1439997702837, 23.552000522613525, 25.248000398278236, 31.007999554276466, 51.7439991235733, 65.37599861621857, 23.264000192284584, 23.296000435948372, 23.296000435948372, 23.296000435948372, 23.296000435948372, 23.296000435948372, 23.296000435948372, 23.296000435948372, 23.296000435948372, 23.296000435948372, 23.231999948620796], [24.351999163627625, 22.272000089287758, 20.191999152302742, 42.847998440265656, 19.872000440955162, 27.936000376939774, 22.016000002622604, 23.072000592947006, 20.191999152302742, 20.255999639630318, 20.22399939596653, 19.807999953627586, 20.22399939596653, 20.22399939596653, 19.90400068461895, 20.22399939596653, 20.22399939596653, 20.06400004029274]], "changes_pct": [0.0, -13.186817404250196]}
PASS: checkpoint fixtures, FP64 oracle, all four outputs bit equal and repeated CUDA graphs
NOTE: queue empty and production: no serving container -- restore with: LEGS=none bash /home/choiceoh/glm53-logs/ab-lever2.sh PRODRESTORE "" (FLEET_AUTO_RESTORE=1 does it)
