From /tmp/mhc-packed.bundle
 * branch              HEAD       -> FETCH_HEAD
Updating 561c821d..8e51205a
Fast-forward
 probes/mhc_packed_bench.py | 172 +++++++++++++++++++++++++++++++++++++++++++++
 1 file changed, 172 insertions(+)
 create mode 100644 probes/mhc_packed_bench.py
preflight mhcpacked [probe]:
  PASS /home/choiceoh/glm53-logs/ab-lever2.sh == repo
  PASS /home/choiceoh/glm53-logs/fleet.sh == repo
  PASS syntax probes/run_mk_probe.sh
  SKIP declared-knob check (probe: no launcher in the path)
  -> PASS
GO mhcpacked 2026-09-07_08:41:48
/home/choiceoh/stkernel-mhc-reuse/build/glm53  (56 overlays from 9 modules)
profile=glm53 image=sha256:a3dd4c0f6cbb053097d65d10cd8ff8f6ae0cb9115cf0ff142e1cafe124c09211 probe=probes/mhc_packed_bench.py files=23 args=--reps 18
forwarded: VLLM_GLM53_MK_BUILD_DIR=/cache/mk_build
{"source_sha256": "b3b8c7f891b09792200c477b38b247ed9c720c0469b1b34957ac30f9dcde2cdd", "prototype_sha256": "820f4d192e6f72c3eedf2304ac9c9cca7aa6301d112b69c1135bd9658e8d660f", "device": "NVIDIA GB10", "torch": "2.13.0+cu130", "cuda": "13.0", "projection": "exact-bf16-storage"}
WARNING 09-06 23:42:23 [glm53_megakernel.py:1873] [megakernel] selftest mhc sinkhorn=20 rel_errs=['0.00e+00', '1.17e-07', '1.65e-07', '1.07e-08'] -> ARM
WARNING 09-06 23:42:23 [glm53_megakernel.py:1929] [megakernel] selftest mhc-pre T=[8] identity=True rel=1.65e-07 -> ARM
{"fixtures": [{"name": "model.language_model.layers.0.hc_attn", "fn": {"file": "layer0-attn-fn.bf16", "shape": [24, 16384], "sha256": "ced298d9ac5f1d3ff25507129c35335cffb45fae14197df6ec2be4cf647b0301", "dtype": "BF16", "checkpoint_key": "model.language_model.layers.0.hc_attn_fn", "shard": "model-00001-of-00010.safetensors"}, "scale": {"file": "layer0-attn-scale.bf16", "shape": [3], "sha256": "57b391bfcdb585822e9b1a76ffc59c89de1caa27531e8c765db85e897c2077fe", "dtype": "BF16", "checkpoint_key": "model.language_model.layers.0.hc_attn_scale", "shard": "model-00001-of-00010.safetensors"}, "base": {"file": "layer0-attn-base.bf16", "shape": [24], "sha256": "266b0e8366e500105bd81c3cd924c712a3b670ecb1593886e54e5aeb54015a0e", "dtype": "BF16", "checkpoint_key": "model.language_model.layers.0.hc_attn_base", "shard": "model-00001-of-00010.safetensors"}}, {"name": "model.language_model.layers.0.hc_ffn", "fn": {"file": "layer0-ffn-fn.bf16", "shape": [24, 16384], "sha256": "a4a782a14db0b2442e3da8ec62f9ecc52860d7e3cc1fa60564b23138550bbb0c", "dtype": "BF16", "checkpoint_key": "model.language_model.layers.0.hc_ffn_fn", "shard": "model-00001-of-00010.safetensors"}, "scale": {"file": "layer0-ffn-scale.bf16", "shape": [3], "sha256": "58c3a2598073eba471676eb18c3d4f10fc12040783d8083e1d60d5d1b16e6595", "dtype": "BF16", "checkpoint_key": "model.language_model.layers.0.hc_ffn_scale", "shard": "model-00001-of-00010.safetensors"}, "base": {"file": "layer0-ffn-base.bf16", "shape": [24], "sha256": "41016f508c4a5217a722a6ced4f95a1a17c11c98b1babda799426276a0952941", "dtype": "BF16", "checkpoint_key": "model.language_model.layers.0.hc_ffn_base", "shard": "model-00001-of-00010.safetensors"}}, {"name": "model.language_model.layers.1.hc_attn", "fn": {"file": "layer1-attn-fn.bf16", "shape": [24, 16384], "sha256": "4c2f51129c57d4535fd6c844180d4f866a2c5fef188cec325644f645b75f89e3", "dtype": "BF16", "checkpoint_key": "model.language_model.layers.1.hc_attn_fn", "shard": "model-00001-of-00010.safetensors"}, "scale": {"file": "layer1-attn-scale.bf16", "shape": [3], "sha256": "1628e2ecf8ee4f7a70a66f8f63c9f18b9c5326b5bb6c0209dc46b4857752ef71", "dtype": "BF16", "checkpoint_key": "model.language_model.layers.1.hc_attn_scale", "shard": "model-00001-of-00010.safetensors"}, "base": {"file": "layer1-attn-base.bf16", "shape": [24], "sha256": "16a633062d4b345409c48a70bdc6a0c76a8627852ec59e8355a2a3cf02e54f1f", "dtype": "BF16", "checkpoint_key": "model.language_model.layers.1.hc_attn_base", "shard": "model-00001-of-00010.safetensors"}}, {"name": "model.language_model.layers.1.hc_ffn", "fn": {"file": "layer1-ffn-fn.bf16", "shape": [24, 16384], "sha256": "57a77af9e736c3df696f743c63fccdaf794cb5d1d98e1a42b91f097b4ba070bd", "dtype": "BF16", "checkpoint_key": "model.language_model.layers.1.hc_ffn_fn", "shard": "model-00001-of-00010.safetensors"}, "scale": {"file": "layer1-ffn-scale.bf16", "shape": [3], "sha256": "5913393df751d20d056c4a3026ec884e273946f363fdc6e3113a381006786bde", "dtype": "BF16", "checkpoint_key": "model.language_model.layers.1.hc_ffn_scale", "shard": "model-00001-of-00010.safetensors"}, "base": {"file": "layer1-ffn-base.bf16", "shape": [24], "sha256": "efc908a665587a9b63d62e30b11d192980a10523a6779165027e80a4c430c7d4", "dtype": "BF16", "checkpoint_key": "model.language_model.layers.1.hc_ffn_base", "shard": "model-00001-of-00010.safetensors"}}, {"name": "model.language_model.layers.23.hc_attn", "fn": {"file": "layer23-attn-fn.bf16", "shape": [24, 16384], "sha256": "5fb57d53345976305645544fa7e3b7b476234282cf0fb8391842cfb2627ef7c3", "dtype": "BF16", "checkpoint_key": "model.language_model.layers.23.hc_attn_fn", "shard": "model-00005-of-00010.safetensors"}, "scale": {"file": "layer23-attn-scale.bf16", "shape": [3], "sha256": "efea56d08e17237816f5b86e4bb278786e3d25c9de72487c2c1d3454bd5ceff6", "dtype": "BF16", "checkpoint_key": "model.language_model.layers.23.hc_attn_scale", "shard": "model-00005-of-00010.safetensors"}, "base": {"file": "layer23-attn-base.bf16", "shape": [24], "sha256": "86a9037107a4fdfdf50184eb97a195563554f4c886f1c6adb62bd64e52e3b83b", "dtype": "BF16", "checkpoint_key": "model.language_model.layers.23.hc_attn_base", "shard": "model-00005-of-00010.safetensors"}}, {"name": "model.language_model.layers.23.hc_ffn", "fn": {"file": "layer23-ffn-fn.bf16", "shape": [24, 16384], "sha256": "37674fc0f5a410b3964a717d7e475c1f822b61b974e3ef4c2e3104f0aa203297", "dtype": "BF16", "checkpoint_key": "model.language_model.layers.23.hc_ffn_fn", "shard": "model-00005-of-00010.safetensors"}, "scale": {"file": "layer23-ffn-scale.bf16", "shape": [3], "sha256": "ddf948cdcb90354df8144c75436457eb53250f6fc92d7461477ce8c96afb398a", "dtype": "BF16", "checkpoint_key": "model.language_model.layers.23.hc_ffn_scale", "shard": "model-00005-of-00010.safetensors"}, "base": {"file": "layer23-ffn-base.bf16", "shape": [24], "sha256": "1b4329318be2109c5e8264f61240fe26e4069d9b5d59868e3bee4765aa769ad2", "dtype": "BF16", "checkpoint_key": "model.language_model.layers.23.hc_ffn_base", "shard": "model-00005-of-00010.safetensors"}}, {"name": "model.language_model.layers.44.hc_attn", "fn": {"file": "layer44-attn-fn.bf16", "shape": [24, 16384], "sha256": "b5f3e569fc060345c3f4c9d1e7ec35d106587766325848717adea09e236d12ac", "dtype": "BF16", "checkpoint_key": "model.language_model.layers.44.hc_attn_fn", "shard": "model-00010-of-00010.safetensors"}, "scale": {"file": "layer44-attn-scale.bf16", "shape": [3], "sha256": "633a81e275b109574808c5f133b77e912168d8fd4b618c5b524c66fe6ed631f8", "dtype": "BF16", "checkpoint_key": "model.language_model.layers.44.hc_attn_scale", "shard": "model-00010-of-00010.safetensors"}, "base": {"file": "layer44-attn-base.bf16", "shape": [24], "sha256": "6ca1409f45efc4b1b454d8187a43096472106598be5e7b147fc68d77ca863f04", "dtype": "BF16", "checkpoint_key": "model.language_model.layers.44.hc_attn_base", "shard": "model-00010-of-00010.safetensors"}}, {"name": "model.language_model.layers.44.hc_ffn", "fn": {"file": "layer44-ffn-fn.bf16", "shape": [24, 16384], "sha256": "a4d59b06a0258af0f2c3026722c1a441edb9198967d1641e19e0a3f9d80c4dfd", "dtype": "BF16", "checkpoint_key": "model.language_model.layers.44.hc_ffn_fn", "shard": "model-00010-of-00010.safetensors"}, "scale": {"file": "layer44-ffn-scale.bf16", "shape": [3], "sha256": "75ea916ac5829e24bee3ec9843d648881680950263a0b8588e762490980e9aeb", "dtype": "BF16", "checkpoint_key": "model.language_model.layers.44.hc_ffn_scale", "shard": "model-00010-of-00010.safetensors"}, "base": {"file": "layer44-ffn-base.bf16", "shape": [24], "sha256": "e6fdaa1e4a53c536cbba628025510337ddb352831584bd68aa2f3755d423483f", "dtype": "BF16", "checkpoint_key": "model.language_model.layers.44.hc_ffn_base", "shard": "model-00010-of-00010.safetensors"}}]}
{"gate": "all four outputs bit equal", "weight": "model.language_model.layers.0.hc_attn", "T": 1, "seed": 53, "fp64_errors": [2.2415288428885248e-10, 4.829354138696788e-08, 5.976995532337024e-08, 0.0]}
{"gate": "all four outputs bit equal", "weight": "model.language_model.layers.0.hc_attn", "T": 1, "seed": 0, "fp64_errors": [0.0, 4.805433665326485e-08, 5.1675795156483345e-08, 0.0]}
{"gate": "all four outputs bit equal", "weight": "model.language_model.layers.0.hc_attn", "T": 2, "seed": 53, "fp64_errors": [9.840753543401645e-06, 4.988763581973794e-08, 6.679262805736514e-08, 0.0]}
{"gate": "all four outputs bit equal", "weight": "model.language_model.layers.0.hc_attn", "T": 2, "seed": 0, "fp64_errors": [0.0, 4.805433696393817e-08, 5.167579413701757e-08, 0.0]}
{"gate": "all four outputs bit equal", "weight": "model.language_model.layers.0.hc_attn", "T": 6, "seed": 53, "fp64_errors": [6.947103212340525e-06, 5.313986712866791e-08, 5.7160568366744665e-08, 0.0]}
{"gate": "all four outputs bit equal", "weight": "model.language_model.layers.0.hc_attn", "T": 6, "seed": 0, "fp64_errors": [0.0, 4.805433610897947e-08, 5.167579271547574e-08, 0.0]}
{"gate": "all four outputs bit equal", "weight": "model.language_model.layers.0.hc_attn", "T": 8, "seed": 53, "fp64_errors": [6.012017522025068e-06, 5.537973735022717e-08, 5.8775866596528154e-08, 0.0]}
{"gate": "all four outputs bit equal", "weight": "model.language_model.layers.0.hc_attn", "T": 8, "seed": 0, "fp64_errors": [0.0, 4.805433696393817e-08, 5.167579413701757e-08, 0.0]}
{"gate": "all four outputs bit equal", "weight": "model.language_model.layers.0.hc_attn", "T": 12, "seed": 53, "fp64_errors": [4.820981554522824e-06, 5.145113233292144e-08, 5.719681453001994e-08, 0.0]}
{"gate": "all four outputs bit equal", "weight": "model.language_model.layers.0.hc_attn", "T": 12, "seed": 0, "fp64_errors": [0.0, 4.8054339734978635e-08, 5.1675794919159834e-08, 0.0]}
{"gate": "all four outputs bit equal", "weight": "model.language_model.layers.0.hc_attn", "T": 32, "seed": 53, "fp64_errors": [1.3072160572819297e-05, 4.490323386304361e-08, 5.947802890551631e-08, 2.4707955923310454e-05]}
{"gate": "all four outputs bit equal", "weight": "model.language_model.layers.0.hc_attn", "T": 32, "seed": 0, "fp64_errors": [0.0, 4.805433696393817e-08, 5.167579413701757e-08, 0.0]}
{"gate": "all four outputs bit equal", "weight": "model.language_model.layers.0.hc_ffn", "T": 1, "seed": 53, "fp64_errors": [2.2415288428885248e-10, 3.9897317072995574e-08, 5.179799669075905e-08, 0.0]}
{"gate": "all four outputs bit equal", "weight": "model.language_model.layers.0.hc_ffn", "T": 1, "seed": 0, "fp64_errors": [0.0, 8.333811254335725e-08, 4.2213287302171584e-08, 0.0]}
{"gate": "all four outputs bit equal", "weight": "model.language_model.layers.0.hc_ffn", "T": 2, "seed": 53, "fp64_errors": [9.840753543401645e-06, 9.747512550475736e-08, 6.333827475092448e-08, 0.0]}
{"gate": "all four outputs bit equal", "weight": "model.language_model.layers.0.hc_ffn", "T": 2, "seed": 0, "fp64_errors": [0.0, 8.333810690188254e-08, 4.2213287297041495e-08, 0.0]}
{"gate": "all four outputs bit equal", "weight": "model.language_model.layers.0.hc_ffn", "T": 6, "seed": 53, "fp64_errors": [6.947103212340525e-06, 6.781934203983644e-08, 5.720092782550569e-08, 0.0]}
{"gate": "all four outputs bit equal", "weight": "model.language_model.layers.0.hc_ffn", "T": 6, "seed": 0, "fp64_errors": [0.0, 8.333810301628292e-08, 4.221329076558247e-08, 0.0]}
{"gate": "all four outputs bit equal", "weight": "model.language_model.layers.0.hc_ffn", "T": 8, "seed": 53, "fp64_errors": [6.012017522025068e-06, 6.470969075229135e-08, 5.284102908286289e-08, 0.0]}
{"gate": "all four outputs bit equal", "weight": "model.language_model.layers.0.hc_ffn", "T": 8, "seed": 0, "fp64_errors": [0.0, 8.333810690188254e-08, 4.2213287297041495e-08, 0.0]}
{"gate": "all four outputs bit equal", "weight": "model.language_model.layers.0.hc_ffn", "T": 12, "seed": 53, "fp64_errors": [4.820981554522824e-06, 6.484699815769673e-08, 5.456290658472793e-08, 3.539698199247676e-05]}
{"gate": "all four outputs bit equal", "weight": "model.language_model.layers.0.hc_ffn", "T": 12, "seed": 0, "fp64_errors": [0.0, 8.333810665435294e-08, 4.2213289300869304e-08, 0.0]}
{"gate": "all four outputs bit equal", "weight": "model.language_model.layers.0.hc_ffn", "T": 32, "seed": 53, "fp64_errors": [1.3072160572819297e-05, 5.105737128824959e-08, 6.359916678256137e-08, 1.09282359790572e-05]}
{"gate": "all four outputs bit equal", "weight": "model.language_model.layers.0.hc_ffn", "T": 32, "seed": 0, "fp64_errors": [0.0, 8.333810690188254e-08, 4.2213287297041495e-08, 0.0]}
{"gate": "all four outputs bit equal", "weight": "model.language_model.layers.1.hc_attn", "T": 1, "seed": 53, "fp64_errors": [2.2415288428885248e-10, 0.0, 5.971382825353565e-08, 3.06977864677562e-05]}
{"gate": "all four outputs bit equal", "weight": "model.language_model.layers.1.hc_attn", "T": 1, "seed": 0, "fp64_errors": [0.0, 3.277623350732706e-08, 5.17573054198837e-08, 0.0]}
{"gate": "all four outputs bit equal", "weight": "model.language_model.layers.1.hc_attn", "T": 2, "seed": 53, "fp64_errors": [9.840753543401645e-06, 2.3281716216367233e-08, 5.584664213107978e-08, 2.175478700916293e-05]}
{"gate": "all four outputs bit equal", "weight": "model.language_model.layers.1.hc_attn", "T": 2, "seed": 0, "fp64_errors": [0.0, 3.277623244290915e-08, 5.175730551892453e-08, 0.0]}
{"gate": "all four outputs bit equal", "weight": "model.language_model.layers.1.hc_attn", "T": 6, "seed": 53, "fp64_errors": [6.947103212340525e-06, 5.6381685063634624e-08, 5.860254741350187e-08, 2.8085636499684532e-05]}
{"gate": "all four outputs bit equal", "weight": "model.language_model.layers.1.hc_attn", "T": 6, "seed": 0, "fp64_errors": [0.0, 3.277623667247304e-08, 5.1757304636806426e-08, 0.0]}
{"gate": "all four outputs bit equal", "weight": "model.language_model.layers.1.hc_attn", "T": 8, "seed": 53, "fp64_errors": [6.012017522025068e-06, 5.457940434073885e-08, 5.985171232007853e-08, 2.4338757474548532e-05]}
{"gate": "all four outputs bit equal", "weight": "model.language_model.layers.1.hc_attn", "T": 8, "seed": 0, "fp64_errors": [0.0, 3.277623244290915e-08, 5.1757301145392846e-08, 0.0]}
{"gate": "all four outputs bit equal", "weight": "model.language_model.layers.1.hc_attn", "T": 12, "seed": 53, "fp64_errors": [4.820981554522824e-06, 6.045526975334049e-08, 5.533158869598135e-08, 1.9882499019115442e-05]}
{"gate": "all four outputs bit equal", "weight": "model.language_model.layers.1.hc_attn", "T": 12, "seed": 0, "fp64_errors": [0.0, 3.277623398490075e-08, 5.1757305697839124e-08, 0.0]}
{"gate": "all four outputs bit equal", "weight": "model.language_model.layers.1.hc_attn", "T": 32, "seed": 53, "fp64_errors": [1.3072160572819297e-05, 6.220361950779085e-08, 5.9190552049058084e-08, 2.720390752016322e-06]}
{"gate": "all four outputs bit equal", "weight": "model.language_model.layers.1.hc_attn", "T": 32, "seed": 0, "fp64_errors": [0.0, 3.277623244290915e-08, 5.1757301145392846e-08, 0.0]}
{"gate": "all four outputs bit equal", "weight": "model.language_model.layers.1.hc_ffn", "T": 1, "seed": 53, "fp64_errors": [2.2415288428885248e-10, 3.7837461917540514e-08, 6.685997898327808e-08, 0.0]}
{"gate": "all four outputs bit equal", "weight": "model.language_model.layers.1.hc_ffn", "T": 1, "seed": 0, "fp64_errors": [0.0, 5.11911340414402e-08, 5.169921455022081e-08, 0.0]}
{"gate": "all four outputs bit equal", "weight": "model.language_model.layers.1.hc_ffn", "T": 2, "seed": 53, "fp64_errors": [9.840753543401645e-06, 4.4973024674449206e-08, 5.59453587311096e-08, 0.0]}
{"gate": "all four outputs bit equal", "weight": "model.language_model.layers.1.hc_ffn", "T": 2, "seed": 0, "fp64_errors": [0.0, 5.119113582482639e-08, 5.169921338400083e-08, 0.0]}
{"gate": "all four outputs bit equal", "weight": "model.language_model.layers.1.hc_ffn", "T": 6, "seed": 53, "fp64_errors": [6.947103212340525e-06, 4.723333312397619e-08, 5.726843343967211e-08, 0.0]}
{"gate": "all four outputs bit equal", "weight": "model.language_model.layers.1.hc_ffn", "T": 6, "seed": 0, "fp64_errors": [0.0, 5.119113359151277e-08, 5.169921320565929e-08, 0.0]}
{"gate": "all four outputs bit equal", "weight": "model.language_model.layers.1.hc_ffn", "T": 8, "seed": 53, "fp64_errors": [6.012017522025068e-06, 4.662682920999263e-08, 5.7932922761948165e-08, 0.0]}
{"gate": "all four outputs bit equal", "weight": "model.language_model.layers.1.hc_ffn", "T": 8, "seed": 0, "fp64_errors": [0.0, 5.119113582482639e-08, 5.169921338400083e-08, 0.0]}
{"gate": "all four outputs bit equal", "weight": "model.language_model.layers.1.hc_ffn", "T": 12, "seed": 53, "fp64_errors": [4.820981554522824e-06, 5.069388882006458e-08, 6.462626359458625e-08, 0.0]}
{"gate": "all four outputs bit equal", "weight": "model.language_model.layers.1.hc_ffn", "T": 12, "seed": 0, "fp64_errors": [0.0, 5.119113845059671e-08, 5.169921384494979e-08, 0.0]}
{"gate": "all four outputs bit equal", "weight": "model.language_model.layers.1.hc_ffn", "T": 32, "seed": 53, "fp64_errors": [1.3072160572819297e-05, 5.245714919796644e-08, 5.747738785684362e-08, 5.440708434645275e-06]}
{"gate": "all four outputs bit equal", "weight": "model.language_model.layers.1.hc_ffn", "T": 32, "seed": 0, "fp64_errors": [0.0, 5.119113582482639e-08, 5.169921338400083e-08, 0.0]}
{"gate": "all four outputs bit equal", "weight": "model.language_model.layers.23.hc_attn", "T": 1, "seed": 53, "fp64_errors": [2.2415288428885248e-10, 9.152286986685853e-08, 4.22626089689562e-08, 0.0]}
{"gate": "all four outputs bit equal", "weight": "model.language_model.layers.23.hc_attn", "T": 1, "seed": 0, "fp64_errors": [0.0, 7.330151739781671e-08, 2.995369479126846e-08, 0.0]}
{"gate": "all four outputs bit equal", "weight": "model.language_model.layers.23.hc_attn", "T": 2, "seed": 53, "fp64_errors": [9.840753543401645e-06, 9.18738582950472e-08, 3.723969264133907e-08, 2.1787680921795928e-05]}
{"gate": "all four outputs bit equal", "weight": "model.language_model.layers.23.hc_attn", "T": 2, "seed": 0, "fp64_errors": [0.0, 7.330151680098656e-08, 2.995369500015781e-08, 0.0]}
{"gate": "all four outputs bit equal", "weight": "model.language_model.layers.23.hc_attn", "T": 6, "seed": 53, "fp64_errors": [6.947103212340525e-06, 8.472122339924293e-08, 5.385459162626557e-08, 1.2927660202092861e-05]}
{"gate": "all four outputs bit equal", "weight": "model.language_model.layers.23.hc_attn", "T": 6, "seed": 0, "fp64_errors": [0.0, 7.330151591444325e-08, 2.995369589420118e-08, 0.0]}
{"gate": "all four outputs bit equal", "weight": "model.language_model.layers.23.hc_attn", "T": 8, "seed": 53, "fp64_errors": [6.012017522025068e-06, 7.278061437180397e-08, 4.910550187870105e-08, 1.121396426737252e-05]}
{"gate": "all four outputs bit equal", "weight": "model.language_model.layers.23.hc_attn", "T": 8, "seed": 0, "fp64_errors": [0.0, 7.330151680098656e-08, 2.995369500015781e-08, 0.0]}
{"gate": "all four outputs bit equal", "weight": "model.language_model.layers.23.hc_attn", "T": 12, "seed": 53, "fp64_errors": [4.820981554522824e-06, 7.760341330557512e-08, 5.306026483978327e-08, 0.00014613788404240388]}
{"gate": "all four outputs bit equal", "weight": "model.language_model.layers.23.hc_attn", "T": 12, "seed": 0, "fp64_errors": [0.0, 7.330151197568466e-08, 2.995369509620648e-08, 0.0]}
{"gate": "all four outputs bit equal", "weight": "model.language_model.layers.23.hc_attn", "T": 32, "seed": 53, "fp64_errors": [1.3072160572819297e-05, 6.844190109729069e-08, 6.412851292660511e-08, 1.274840670930625e-05]}
{"gate": "all four outputs bit equal", "weight": "model.language_model.layers.23.hc_attn", "T": 32, "seed": 0, "fp64_errors": [0.0, 7.330151680098656e-08, 2.995369500015781e-08, 0.0]}
{"gate": "all four outputs bit equal", "weight": "model.language_model.layers.23.hc_ffn", "T": 1, "seed": 53, "fp64_errors": [2.2415288428885248e-10, 6.971630747602212e-08, 9.975037976777437e-08, 0.0]}
{"gate": "all four outputs bit equal", "weight": "model.language_model.layers.23.hc_ffn", "T": 1, "seed": 0, "fp64_errors": [0.0, 5.956170211143852e-08, 5.988139168316069e-08, 0.0]}
{"gate": "all four outputs bit equal", "weight": "model.language_model.layers.23.hc_ffn", "T": 2, "seed": 53, "fp64_errors": [9.840753543401645e-06, 8.340299847546808e-08, 9.018780531220231e-08, 2.1793048613396e-05]}
{"gate": "all four outputs bit equal", "weight": "model.language_model.layers.23.hc_ffn", "T": 2, "seed": 0, "fp64_errors": [0.0, 5.956169791456288e-08, 5.988139785186971e-08, 0.0]}
{"gate": "all four outputs bit equal", "weight": "model.language_model.layers.23.hc_ffn", "T": 6, "seed": 53, "fp64_errors": [6.947103212340525e-06, 6.389995338325126e-08, 6.615040927029308e-08, 1.2543922102243745e-05]}
{"gate": "all four outputs bit equal", "weight": "model.language_model.layers.23.hc_ffn", "T": 6, "seed": 0, "fp64_errors": [0.0, 5.9561703601749427e-08, 5.9881394657479e-08, 0.0]}
{"gate": "all four outputs bit equal", "weight": "model.language_model.layers.23.hc_ffn", "T": 8, "seed": 53, "fp64_errors": [6.012017522025068e-06, 6.118305431471902e-08, 6.138375712302556e-08, 1.0881023741118683e-05]}
{"gate": "all four outputs bit equal", "weight": "model.language_model.layers.23.hc_ffn", "T": 8, "seed": 0, "fp64_errors": [0.0, 5.956169791456288e-08, 5.988139785186971e-08, 0.0]}
{"gate": "all four outputs bit equal", "weight": "model.language_model.layers.23.hc_ffn", "T": 12, "seed": 53, "fp64_errors": [4.820981554522824e-06, 6.468311473589995e-08, 6.235693915211258e-08, 8.8455017030355e-06]}
{"gate": "all four outputs bit equal", "weight": "model.language_model.layers.23.hc_ffn", "T": 12, "seed": 0, "fp64_errors": [0.0, 5.9561695733720406e-08, 5.988139702496385e-08, 0.0]}
{"gate": "all four outputs bit equal", "weight": "model.language_model.layers.23.hc_ffn", "T": 32, "seed": 53, "fp64_errors": [1.3072160572819297e-05, 5.335319860524796e-08, 6.390697194799575e-08, 1.5935792709286442e-06]}
{"gate": "all four outputs bit equal", "weight": "model.language_model.layers.23.hc_ffn", "T": 32, "seed": 0, "fp64_errors": [0.0, 5.956169791456288e-08, 5.988139785186971e-08, 0.0]}
{"gate": "all four outputs bit equal", "weight": "model.language_model.layers.44.hc_attn", "T": 1, "seed": 53, "fp64_errors": [2.2415288428885248e-10, 6.673488012470687e-08, 4.354424378552142e-08, 0.0]}
{"gate": "all four outputs bit equal", "weight": "model.language_model.layers.44.hc_attn", "T": 1, "seed": 0, "fp64_errors": [0.0, 0.0, 5.966781237583046e-08, 0.0]}
{"gate": "all four outputs bit equal", "weight": "model.language_model.layers.44.hc_attn", "T": 2, "seed": 53, "fp64_errors": [9.840753543401645e-06, 9.054051960693399e-08, 4.302146944977124e-08, 0.0]}
{"gate": "all four outputs bit equal", "weight": "model.language_model.layers.44.hc_attn", "T": 2, "seed": 0, "fp64_errors": [0.0, 0.0, 5.966781423470215e-08, 0.0]}
{"gate": "all four outputs bit equal", "weight": "model.language_model.layers.44.hc_attn", "T": 6, "seed": 53, "fp64_errors": [6.947103212340525e-06, 6.654006434328085e-08, 6.73666503381494e-08, 0.0]}
{"gate": "all four outputs bit equal", "weight": "model.language_model.layers.44.hc_attn", "T": 6, "seed": 0, "fp64_errors": [0.0, 0.0, 5.966781260986397e-08, 0.0]}
{"gate": "all four outputs bit equal", "weight": "model.language_model.layers.44.hc_attn", "T": 8, "seed": 53, "fp64_errors": [6.012017522025068e-06, 6.964466982556755e-08, 6.404461982098622e-08, 0.0]}
{"gate": "all four outputs bit equal", "weight": "model.language_model.layers.44.hc_attn", "T": 8, "seed": 0, "fp64_errors": [0.0, 0.0, 5.966781423470215e-08, 0.0]}
{"gate": "all four outputs bit equal", "weight": "model.language_model.layers.44.hc_attn", "T": 12, "seed": 53, "fp64_errors": [4.820981554522824e-06, 7.441369970538526e-08, 5.8660470163496505e-08, 0.0]}
{"gate": "all four outputs bit equal", "weight": "model.language_model.layers.44.hc_attn", "T": 12, "seed": 0, "fp64_errors": [0.0, 0.0, 5.966781507410354e-08, 0.0]}
{"gate": "all four outputs bit equal", "weight": "model.language_model.layers.44.hc_attn", "T": 32, "seed": 53, "fp64_errors": [1.3072160572819297e-05, 5.856353060600309e-08, 6.322635602659872e-08, 1.2214495135471574e-05]}
{"gate": "all four outputs bit equal", "weight": "model.language_model.layers.44.hc_attn", "T": 32, "seed": 0, "fp64_errors": [0.0, 0.0, 5.966781423470215e-08, 0.0]}
{"gate": "all four outputs bit equal", "weight": "model.language_model.layers.44.hc_ffn", "T": 1, "seed": 53, "fp64_errors": [2.2415288428885248e-10, 4.290989336862683e-08, 6.010493350316496e-08, 0.00012262113207565245]}
{"gate": "all four outputs bit equal", "weight": "model.language_model.layers.44.hc_ffn", "T": 1, "seed": 0, "fp64_errors": [0.0, 3.01804355447303e-08, 5.516318413490362e-10, 0.0]}
{"gate": "all four outputs bit equal", "weight": "model.language_model.layers.44.hc_ffn", "T": 2, "seed": 53, "fp64_errors": [9.840753543401645e-06, 8.47694693005379e-08, 6.794961907631914e-08, 8.709907843391094e-05]}
{"gate": "all four outputs bit equal", "weight": "model.language_model.layers.44.hc_ffn", "T": 2, "seed": 0, "fp64_errors": [0.0, 3.018043506551966e-08, 5.516318783383342e-10, 0.0]}
{"gate": "all four outputs bit equal", "weight": "model.language_model.layers.44.hc_ffn", "T": 6, "seed": 53, "fp64_errors": [6.947103212340525e-06, 6.377902068517891e-08, 6.537627766871351e-08, 5.0210969429659285e-05]}
{"gate": "all four outputs bit equal", "weight": "model.language_model.layers.44.hc_ffn", "T": 6, "seed": 0, "fp64_errors": [0.0, 3.018043616442777e-08, 5.516318619784601e-10, 0.0]}
{"gate": "all four outputs bit equal", "weight": "model.language_model.layers.44.hc_ffn", "T": 8, "seed": 53, "fp64_errors": [6.012017522025068e-06, 5.8457215465482533e-08, 7.152050566091961e-08, 4.350598041534106e-05]}
{"gate": "all four outputs bit equal", "weight": "model.language_model.layers.44.hc_ffn", "T": 8, "seed": 0, "fp64_errors": [0.0, 3.018043506551966e-08, 5.516318783383342e-10, 0.0]}
{"gate": "all four outputs bit equal", "weight": "model.language_model.layers.44.hc_ffn", "T": 12, "seed": 53, "fp64_errors": [4.820981554522824e-06, 6.208986539413901e-08, 7.21578508016168e-08, 4.6839911216466577e-05]}
{"gate": "all four outputs bit equal", "weight": "model.language_model.layers.44.hc_ffn", "T": 12, "seed": 0, "fp64_errors": [0.0, 3.018043426492703e-08, 5.516318359237165e-10, 0.0]}
{"gate": "all four outputs bit equal", "weight": "model.language_model.layers.44.hc_ffn", "T": 32, "seed": 53, "fp64_errors": [1.3072160572819297e-05, 4.9740566830456263e-08, 6.828345154556753e-08, 4.374752023601653e-05]}
{"gate": "all four outputs bit equal", "weight": "model.language_model.layers.44.hc_ffn", "T": 32, "seed": 0, "fp64_errors": [0.0, 3.018043506551966e-08, 5.516318783383342e-10, 0.0]}
{"T": 2, "regime": "warm", "modes": ["baseline", "bf16", "bf16pair"], "median_us": [13.341499958187342, 11.923500336706638, 11.878999881446362], "samples_us": [[13.353999704122543, 13.36199976503849, 13.314000330865383, 13.357000425457954, 13.340000063180923, 13.33799958229065, 13.300999999046326, 13.34299985319376, 13.291999697685242, 13.284999877214432, 13.29800020903349, 13.333999551832676, 13.340000063180923, 13.395000249147415, 15.457999892532825, 13.694999739527702, 13.403999619185925, 13.395999558269978], [11.955000460147858, 11.877999641001225, 11.927000246942043, 11.880000121891499, 11.920000426471233, 11.932999826967716, 11.862999759614468, 11.881000362336636, 11.876000091433525, 11.932999826967716, 11.95599976927042, 11.893999762833118, 11.931000277400017, 11.912000365555286, 12.443000450730324, 11.934000067412853, 11.935999616980553, 11.803999543190002], [11.927999556064606, 11.846000328660011, 11.93500030785799, 11.920000426471233, 11.876000091433525, 11.873000301420689, 11.973000131547451, 11.889999732375145, 11.8429996073246, 11.843999847769737, 11.881999671459198, 11.877999641001225, 11.880000121891499, 12.028999626636505, 11.869999580085278, 13.592000119388103, 11.865000240504742, 11.877999641001225]], "changes_pct": [0.0, -10.628487245997498, -10.962036362661609]}
{"T": 2, "regime": "cold", "modes": ["baseline", "bf16", "bf16pair"], "median_us": [21.47199958562851, 18.464000895619392, 18.432000651955605], "samples_us": [[20.800000056624413, 21.47199958562851, 21.47199958562851, 19.7759997099638, 19.967999309301376, 21.536000072956085, 22.143999114632607, 20.99199965596199, 21.47199958562851, 21.503999829292297, 21.536000072956085, 25.599999353289604, 21.247999742627144, 21.503999829292297, 21.183999255299568, 21.47199958562851, 21.536000072956085, 21.023999899625778], [18.464000895619392, 18.464000895619392, 18.432000651955605, 18.432000651955605, 18.432000651955605, 18.52799952030182, 40.16000032424927, 18.015999346971512, 16.992000862956047, 18.464000895619392, 19.071999937295914, 18.624000251293182, 18.464000895619392, 18.464000895619392, 18.464000895619392, 18.432000651955605, 18.432000651955605, 18.464000895619392], [18.36800016462803, 18.464000895619392, 18.432000651955605, 17.88800023496151, 18.079999834299088, 18.432000651955605, 18.464000895619392, 18.688000738620758, 18.464000895619392, 18.432000651955605, 18.464000895619392, 17.88800023496151, 18.464000895619392, 18.400000408291817, 18.271999433636665, 18.432000651955605, 18.432000651955605, 18.239999189972878]], "changes_pct": [0.0, -14.008936047215691, -14.157968481461857]}
{"T": 6, "regime": "warm", "modes": ["baseline", "bf16", "bf16pair"], "median_us": [15.337999910116196, 13.66250030696392, 13.611499685794115], "samples_us": [[15.51899965852499, 15.38500003516674, 15.371999703347683, 15.323000028729439, 15.274000354111195, 15.313000418245792, 15.320000238716602, 15.382999554276466, 15.336999669671059, 15.348999761044979, 15.343000181019306, 15.318999998271465, 15.317000448703766, 15.286000445485115, 15.316000208258629, 15.344999730587006, 15.351999551057816, 15.339000150561333], [13.779000379145145, 13.659000396728516, 13.72000016272068, 13.652999885380268, 13.788999989628792, 13.710999861359596, 13.670000247657299, 13.654000125825405, 13.690000399947166, 13.655999675393105, 13.647999614477158, 13.648999854922295, 13.647999614477158, 13.632000423967838, 13.648999854922295, 13.666000217199326, 13.669000007212162, 13.709000311791897], [13.674000278115273, 13.60899955034256, 13.58299981802702, 13.56399990618229, 13.655000366270542, 13.651000335812569, 13.612999580800533, 13.60899955034256, 13.659000396728516, 13.590999878942966, 13.643000274896622, 13.597999699413776, 13.663000427186489, 13.609999790787697, 13.605999760329723, 13.662000186741352, 13.601000420749187, 13.655999675393105]], "changes_pct": [0.0, -10.923846739933785, -11.25635828947531]}
{"T": 6, "regime": "cold", "modes": ["baseline", "bf16", "bf16pair"], "median_us": [23.264000192284584, 20.191999152302742, 20.191999152302742], "samples_us": [[24.288000538945198, 24.288000538945198, 23.00800010561943, 23.296000435948372, 23.296000435948372, 23.264000192284584, 23.104000836610794, 23.264000192284584, 23.455999791622162, 23.04000034928322, 23.104000836610794, 23.264000192284584, 23.264000192284584, 23.32800067961216, 23.296000435948372, 23.19999970495701, 22.943999618291855, 22.84800074994564], [22.23999984562397, 19.807999953627586, 20.031999796628952, 20.191999152302742, 20.22399939596653, 20.22399939596653, 59.808000922203064, 20.096000283956528, 19.711999222636223, 20.22399939596653, 20.22399939596653, 20.191999152302742, 20.191999152302742, 20.22399939596653, 20.191999152302742, 20.22399939596653, 19.711999222636223, 20.191999152302742], [20.191999152302742, 19.807999953627586, 20.22399939596653, 20.191999152302742, 20.22399939596653, 20.191999152302742, 19.7759997099638, 20.22399939596653, 20.128000527620316, 20.22399939596653, 19.936000928282738, 20.160000771284103, 20.22399939596653, 20.191999152302742, 20.191999152302742, 20.22399939596653, 20.22399939596653, 20.22399939596653]], "changes_pct": [0.0, -13.20495621815142, -13.20495621815142]}
{"T": 8, "regime": "warm", "modes": ["baseline", "bf16", "bf16pair"], "median_us": [17.225000075995922, 15.388499945402145, 15.45350020751357], "samples_us": [[17.364999279379845, 17.302000895142555, 17.22699962556362, 17.24199950695038, 17.170999199151993, 17.217999324202538, 17.23100058734417, 17.18599908053875, 17.193999141454697, 17.193999141454697, 17.21999980509281, 17.187999561429024, 17.254000529646873, 17.223000526428223, 17.24500022828579, 17.093999311327934, 17.240000888705254, 17.242999747395515], [15.518000349402428, 15.455000102519989, 15.430999919772148, 15.379000455141068, 15.44100046157837, 15.37800021469593, 15.348999761044979, 15.318999998271465, 15.36799967288971, 15.379000455141068, 15.456000342965126, 15.317999757826328, 15.36799967288971, 15.383999794721603, 15.398000366985798, 15.393000096082687, 15.445999801158905, 15.436000190675259], [15.51899965852499, 15.405000187456608, 15.44100046157837, 15.39700012654066, 15.479999594390392, 15.4600003734231, 15.49299992620945, 15.456000342965126, 15.41099976748228, 15.51199983805418, 15.405000187456608, 15.472999773919582, 15.456999652087688, 15.416000038385391, 15.437999740242958, 15.463000163435936, 15.449999831616879, 15.451000072062016]], "changes_pct": [0.0, -10.661829448425086, -10.284469437832067]}
{"T": 8, "regime": "cold", "modes": ["baseline", "bf16", "bf16pair"], "median_us": [23.552000522613525, 20.447999238967896, 20.447999238967896], "samples_us": [[23.744000121951103, 24.54400062561035, 23.552000522613525, 23.520000278949738, 23.552000522613525, 23.423999547958374, 23.552000522613525, 23.552000522613525, 23.520000278949738, 23.520000278949738, 23.520000278949738, 23.552000522613525, 23.552000522613525, 23.552000522613525, 23.16799946129322, 23.552000522613525, 23.552000522613525, 23.552000522613525], [22.71999977529049, 20.320000126957893, 20.479999482631683, 20.35200037062168, 20.191999152302742, 20.447999238967896, 20.447999238967896, 20.479999482631683, 20.447999238967896, 20.320000126957893, 20.447999238967896, 20.479999482631683, 20.35200037062168, 20.191999152302742, 20.479999482631683, 20.447999238967896, 20.38400061428547, 20.479999482631683], [22.36800082027912, 20.447999238967896, 20.479999482631683, 20.447999238967896, 20.479999482631683, 20.51199972629547, 20.479999482631683, 20.447999238967896, 20.447999238967896, 20.447999238967896, 20.447999238967896, 20.320000126957893, 20.447999238967896, 20.447999238967896, 20.447999238967896, 20.479999482631683, 20.479999482631683, 20.128000527620316]], "changes_pct": [0.0, -13.179352983901783, -13.179352983901783]}
PASS: checkpoint fixtures, FP64 oracle, all four outputs bit equal and repeated CUDA graphs
NOTE: queue empty and production: no serving container -- restore with: LEGS=none bash /home/choiceoh/glm53-logs/ab-lever2.sh PRODRESTORE "" (FLEET_AUTO_RESTORE=1 does it)
