preflight mhcreuseprobe [probe]:
  PASS /home/choiceoh/glm53-logs/ab-lever2.sh == repo
  PASS /home/choiceoh/glm53-logs/fleet.sh == repo
  PASS syntax probes/run_mk_probe.sh
  SKIP declared-knob check (probe: no launcher in the path)
  -> PASS
waiting: pos 1/1, held by b12xq6 [probe] (pid 3831450@srv2, since 08:06, est 10m, cell q take 4: second barrier after the expansion writes) 2026-09-07_08:06:42
GO mhcreuseprobe 2026-09-07_08:07:12
/home/choiceoh/stkernel-mhc-reuse/build/glm53  (56 overlays from 9 modules)
profile=glm53 image=sha256:a3dd4c0f6cbb053097d65d10cd8ff8f6ae0cb9115cf0ff142e1cafe124c09211 probe=probes/mhc_reuse_bench.py files=23 args=--reps 18
forwarded: VLLM_GLM53_MK_BUILD_DIR=/cache/mk_build
{"source_sha256": "b3b8c7f891b09792200c477b38b247ed9c720c0469b1b34957ac30f9dcde2cdd", "prototype_sha256": "dac84fc0f6b6255828553ee99a28bb72ae2db92e2fdf2f95e4f6349b6367c81a", "device": "NVIDIA GB10", "torch": "2.13.0+cu130", "cuda": "13.0"}
2026-09-06 23:07:54  [TileLang:tilelang.jit.kernel:INFO] (kernel.py:129): TileLang begins to compile kernel `mhc_fused_tilelang` with `out_idx=None`
2026-09-06 23:07:55  [TileLang:tilelang.jit.kernel:INFO] (kernel.py:137): TileLang completes to compile kernel `mhc_fused_tilelang`
2026-09-06 23:07:56  [TileLang:tilelang.jit.kernel:INFO] (kernel.py:129): TileLang begins to compile kernel `mhc_pre_big_fuse_with_norm_tilelang` with `out_idx=None`
2026-09-06 23:08:06  [TileLang:tilelang.jit.kernel:INFO] (kernel.py:137): TileLang completes to compile kernel `mhc_pre_big_fuse_with_norm_tilelang`
WARNING 09-06 23:08:06 [glm53_megakernel.py:1873] [megakernel] selftest mhc sinkhorn=20 rel_errs=['0.00e+00', '1.17e-07', '1.65e-07', '1.07e-08'] -> ARM
WARNING 09-06 23:08:06 [glm53_megakernel.py:1873] [megakernel] selftest mhc sinkhorn=20 rel_errs=['0.00e+00', '1.18e-07', '1.71e-07', '1.10e-05'] -> ARM
WARNING 09-06 23:08:06 [glm53_megakernel.py:1929] [megakernel] selftest mhc-pre T=[8] identity=True rel=1.56e-07 -> ARM
WARNING 09-06 23:08:06 [glm53_megakernel.py:1873] [megakernel] selftest mhc sinkhorn=20 rel_errs=['0.00e+00', '1.22e-07', '1.88e-07', '1.07e-08'] -> ARM
WARNING 09-06 23:08:06 [glm53_megakernel.py:1929] [megakernel] selftest mhc-pre T=[8] identity=True rel=3.09e-06 -> ARM
{"gate": "baseline differential", "T": 1, "seed": 53, "mode": 1, "errors": [0.0, 0.0, 0.0, 0.0]}
{"gate": "baseline differential", "T": 1, "seed": 53, "mode": 2, "errors": [0.0, 0.0, 0.0, 0.0]}
{"gate": "baseline differential", "T": 1, "seed": 97, "mode": 1, "errors": [0.0, 0.0, 0.0, 0.0]}
{"gate": "baseline differential", "T": 1, "seed": 97, "mode": 2, "errors": [0.0, 0.0, 0.0, 0.0]}
{"gate": "baseline differential", "T": 1, "seed": 0, "mode": 1, "errors": [0.0, 0.0, 0.0, 0.0]}
{"gate": "baseline differential", "T": 1, "seed": 0, "mode": 2, "errors": [0.0, 0.0, 0.0, 0.0]}
{"gate": "baseline differential", "T": 2, "seed": 53, "mode": 1, "errors": [0.0, 1.226276965936764e-07, 2.976039743576742e-07, 6.533630582368686e-07]}
{"gate": "baseline differential", "T": 2, "seed": 53, "mode": 2, "errors": [0.0, 1.3734740912618847e-07, 1.9277318513286438e-07, 4.668580766399745e-08]}
{"gate": "baseline differential", "T": 2, "seed": 97, "mode": 1, "errors": [0.0, 4.078684311134908e-08, 1.5159213664398574e-07, 0.0]}
{"gate": "baseline differential", "T": 2, "seed": 97, "mode": 2, "errors": [0.0, 5.4439848466900443e-08, 2.0583685787274824e-07, 0.0]}
{"gate": "baseline differential", "T": 2, "seed": 0, "mode": 1, "errors": [0.0, 0.0, 0.0, 0.0]}
{"gate": "baseline differential", "T": 2, "seed": 0, "mode": 2, "errors": [0.0, 0.0, 0.0, 0.0]}
{"gate": "baseline differential", "T": 6, "seed": 53, "mode": 1, "errors": [0.0, 1.07913359146981e-07, 2.2498880343495478e-07, 5.024477896804591e-05]}
{"gate": "baseline differential", "T": 6, "seed": 53, "mode": 2, "errors": [0.0, 1.1953085708193244e-07, 2.0944182294241687e-07, 2.7266774966425645e-08]}
{"gate": "baseline differential", "T": 6, "seed": 97, "mode": 1, "errors": [0.0, 8.404732593941563e-08, 1.8188647623215267e-07, 0.0]}
{"gate": "baseline differential", "T": 6, "seed": 97, "mode": 2, "errors": [0.0, 5.544418303544608e-08, 1.9434663196118554e-07, 0.0]}
{"gate": "baseline differential", "T": 6, "seed": 0, "mode": 1, "errors": [0.0, 0.0, 0.0, 0.0]}
{"gate": "baseline differential", "T": 6, "seed": 0, "mode": 2, "errors": [0.0, 0.0, 0.0, 0.0]}
{"gate": "baseline differential", "T": 8, "seed": 53, "mode": 1, "errors": [0.0, 1.0347676880739314e-07, 2.1985801577201556e-07, 4.366088763849842e-05]}
{"gate": "baseline differential", "T": 8, "seed": 53, "mode": 2, "errors": [0.0, 1.202046098658944e-07, 2.0843531280371205e-07, 4.766889749690935e-08]}
{"gate": "baseline differential", "T": 8, "seed": 97, "mode": 1, "errors": [0.0, 9.203814681714777e-08, 1.8777380556757338e-07, 0.0]}
{"gate": "baseline differential", "T": 8, "seed": 97, "mode": 2, "errors": [0.0, 8.523321529496974e-08, 1.7178538063288462e-07, 2.1079910314256773e-08]}
{"gate": "baseline differential", "T": 8, "seed": 0, "mode": 1, "errors": [0.0, 0.0, 0.0, 0.0]}
{"gate": "baseline differential", "T": 8, "seed": 0, "mode": 2, "errors": [0.0, 0.0, 0.0, 0.0]}
{"gate": "baseline differential", "T": 12, "seed": 53, "mode": 1, "errors": [0.0, 0.0, 0.0, 0.0]}
{"gate": "baseline differential", "T": 12, "seed": 53, "mode": 2, "errors": [0.0, 0.0, 0.0, 0.0]}
{"gate": "baseline differential", "T": 12, "seed": 97, "mode": 1, "errors": [0.0, 0.0, 0.0, 0.0]}
{"gate": "baseline differential", "T": 12, "seed": 97, "mode": 2, "errors": [0.0, 0.0, 0.0, 0.0]}
{"gate": "baseline differential", "T": 12, "seed": 0, "mode": 1, "errors": [0.0, 0.0, 0.0, 0.0]}
{"gate": "baseline differential", "T": 12, "seed": 0, "mode": 2, "errors": [0.0, 0.0, 0.0, 0.0]}
{"gate": "baseline differential", "T": 32, "seed": 53, "mode": 1, "errors": [0.0, 0.0, 0.0, 0.0]}
{"gate": "baseline differential", "T": 32, "seed": 53, "mode": 2, "errors": [0.0, 0.0, 0.0, 0.0]}
{"gate": "baseline differential", "T": 32, "seed": 97, "mode": 1, "errors": [0.0, 0.0, 0.0, 0.0]}
{"gate": "baseline differential", "T": 32, "seed": 97, "mode": 2, "errors": [0.0, 0.0, 0.0, 0.0]}
{"gate": "baseline differential", "T": 32, "seed": 0, "mode": 1, "errors": [0.0, 0.0, 0.0, 0.0]}
{"gate": "baseline differential", "T": 32, "seed": 0, "mode": 2, "errors": [0.0, 0.0, 0.0, 0.0]}
{"T": 2, "regime": "warm", "modes": ["baseline", "reuse64", "reuse128"], "median_us": [13.40549997985363, 12.500500306487083, 12.95100012794137], "samples_us": [[13.399000279605389, 13.349000364542007, 13.392999768257141, 13.333000242710114, 13.45600001513958, 13.410000130534172, 13.395000249147415, 13.400999829173088, 13.44900019466877, 13.394000008702278, 13.45600001513958, 13.422000221908092, 13.414000160992146, 13.470999896526337, 13.46299983561039, 13.394000008702278, 13.334999792277813, 13.465999625623226], [12.68799975514412, 12.489000335335732, 12.488000094890594, 12.49799970537424, 12.496000155806541, 12.501000426709652, 12.508999556303024, 12.500000186264515, 12.555999681353569, 12.494999915361404, 12.501000426709652, 12.552999891340733, 12.488000094890594, 12.516000308096409, 12.502999976277351, 12.501000426709652, 12.500000186264515, 12.500000186264515], [12.95899972319603, 12.955999933183193, 12.947999872267246, 12.94500008225441, 12.97600008547306, 12.9380002617836, 12.942999601364136, 12.941000051796436, 12.942000292241573, 12.95000035315752, 13.012000359594822, 12.966999784111977, 12.96599954366684, 12.95199990272522, 12.955999933183193, 12.923000380396843, 12.962999753654003, 12.93299999088049]], "changes_pct": [0.0, -6.750958000273166, -3.390398363323277]}
{"T": 2, "regime": "cold", "modes": ["baseline", "reuse64", "reuse128"], "median_us": [21.12000063061714, 23.552000522613525, 24.57600086927414], "samples_us": [[21.15200087428093, 21.27999998629093, 21.43999934196472, 19.711999222636223, 21.503999829292297, 19.936000928282738, 21.247999742627144, 19.807999953627586, 21.503999829292297, 19.936000928282738, 21.503999829292297, 19.7759997099638, 21.503999829292297, 19.936000928282738, 19.936000928282738, 21.088000386953354, 21.503999829292297, 20.479999482631683], [24.57600086927414, 23.552000522613525, 23.552000522613525, 23.552000522613525, 23.552000522613525, 23.552000522613525, 23.552000522613525, 23.552000522613525, 24.57600086927414, 23.552000522613525, 23.16799946129322, 23.552000522613525, 23.552000522613525, 22.84800074994564, 23.16799946129322, 23.552000522613525, 23.552000522613525, 23.744000121951103], [24.480000138282776, 24.607999250292778, 24.57600086927414, 24.57600086927414, 24.57600086927414, 24.57600086927414, 24.57600086927414, 24.57600086927414, 24.607999250292778, 24.12799932062626, 24.57600086927414, 24.57600086927414, 24.57600086927414, 24.54400062561035, 24.57600086927414, 24.57600086927414, 24.320000782608986, 24.159999564290047]], "changes_pct": [0.0, 11.515150659942574, 16.363637005043085]}
{"T": 6, "regime": "warm", "modes": ["baseline", "reuse64", "reuse128"], "median_us": [15.470500104129314, 17.24899932742119, 25.057499296963215], "samples_us": [[15.567000024020672, 15.560000203549862, 15.46700019389391, 15.51199983805418, 15.5239999294281, 15.451000072062016, 15.461999922990799, 15.451000072062016, 15.496999956667423, 15.463000163435936, 15.460999682545662, 15.514999628067017, 15.460999682545662, 15.494000166654587, 15.519999898970127, 15.449999831616879, 15.459000132977962, 15.47400001436472], [17.427999526262283, 17.240000888705254, 17.24899932742119, 17.24899932742119, 17.243999987840652, 17.312999814748764, 17.24899932742119, 17.24799908697605, 17.243999987840652, 17.311999574303627, 17.246000468730927, 17.242999747395515, 17.254000529646873, 17.255999147892, 17.263000831007957, 17.2520000487566, 17.246000468730927, 17.247000709176064], [25.046000257134438, 25.039000436663628, 25.057999417185783, 25.056999176740646, 25.116000324487686, 25.074999779462814, 25.049999356269836, 24.981999769806862, 25.12199990451336, 25.09400062263012, 25.110999122262, 25.107000023126602, 24.99699965119362, 24.992000311613083, 25.033000856637955, 25.107000023126602, 25.05500055849552, 25.124000385403633]], "changes_pct": [0.0, 11.496068073566445, 61.96954932487917]}
{"T": 6, "regime": "cold", "modes": ["baseline", "reuse64", "reuse128"], "median_us": [23.552000522613525, 28.672000393271446, 40.95999896526337], "samples_us": [[25.407999753952026, 25.599999353289604, 23.552000522613525, 23.296000435948372, 23.32800067961216, 23.48800003528595, 23.32800067961216, 23.584000766277313, 23.16799946129322, 23.64799939095974, 23.584000766277313, 23.552000522613525, 23.552000522613525, 24.12799932062626, 23.423999547958374, 24.383999407291412, 23.552000522613525, 22.84800074994564], [30.688000842928886, 28.672000393271446, 28.672000393271446, 37.05599904060364, 27.583999559283257, 26.91200003027916, 28.672000393271446, 27.135999873280525, 28.672000393271446, 28.672000393271446, 28.960000723600388, 28.351999819278717, 28.672000393271446, 28.64000014960766, 28.575999662280083, 28.672000393271446, 29.56799976527691, 28.672000393271446], [40.800001472234726, 40.863998234272, 40.64000025391579, 40.863998234272, 40.800001472234726, 40.95999896526337, 40.95999896526337, 40.95999896526337, 40.95999896526337, 40.832001715898514, 40.92799872159958, 40.95999896526337, 40.95999896526337, 43.168000876903534, 42.688000947237015, 40.95999896526337, 40.95999896526337, 104.44799810647964]], "changes_pct": [0.0, 21.73912940321965, 73.91303522575714]}
{"T": 8, "regime": "warm", "modes": ["baseline", "reuse64", "reuse128"], "median_us": [17.36300066113472, 20.43900080025196, 30.571499839425087], "samples_us": [[17.297999933362007, 17.349999397993088, 17.309999093413353, 17.304999753832817, 17.362000420689583, 17.37000048160553, 17.311999574303627, 17.369000241160393, 17.30399951338768, 17.38400012254715, 17.36599951982498, 17.37000048160553, 17.381999641656876, 17.364000901579857, 17.30399951338768, 17.315000295639038, 17.374999821186066, 17.374999821186066], [20.63800022006035, 20.392000675201416, 20.385000854730606, 20.438000559806824, 20.43900080025196, 20.437000319361687, 20.45699954032898, 20.43900080025196, 20.43999917805195, 20.433999598026276, 20.43999917805195, 20.510999485850334, 20.440999418497086, 20.452000200748444, 20.399000495672226, 20.462000742554665, 20.385999232530594, 20.43900080025196], [30.57599999010563, 30.67700006067753, 30.554000288248062, 30.61399981379509, 30.68399988114834, 30.616000294685364, 30.5550005286932, 30.626000836491585, 30.566999688744545, 30.6170005351305, 30.489999800920486, 30.63100017607212, 30.48899956047535, 30.554000288248062, 30.55799938738346, 30.489999800920486, 30.618000775575638, 30.56200034916401]], "changes_pct": [0.0, 17.71583264408063, 76.07267566288944]}
{"T": 8, "regime": "cold", "modes": ["baseline", "reuse64", "reuse128"], "median_us": [23.280000314116478, 30.447999946773052, 45.104000717401505], "samples_us": [[25.312000885605812, 25.34399926662445, 23.296000435948372, 23.679999634623528, 23.296000435948372, 23.360000923275948, 22.943999618291855, 23.104000836610794, 23.264000192284584, 23.296000435948372, 23.264000192284584, 23.072000592947006, 23.296000435948372, 23.264000192284584, 23.296000435948372, 23.135999217629433, 23.264000192284584, 23.16799946129322], [34.55999866127968, 29.888000339269638, 30.432000756263733, 30.46399913728237, 30.432000756263733, 30.46399913728237, 30.46399913728237, 30.46399913728237, 30.46399913728237, 30.208000913262367, 30.239999294281006, 30.01599945127964, 30.46399913728237, 30.46399913728237, 30.432000756263733, 30.432000756263733, 30.432000756263733, 30.46399913728237], [45.343998819589615, 45.40799930691719, 45.1200008392334, 57.11999908089638, 45.1200008392334, 45.08800059556961, 45.08800059556961, 46.62400111556053, 45.343998819589615, 45.05600035190582, 45.05600035190582, 45.05600035190582, 45.152001082897186, 45.05600035190582, 45.05600035190582, 44.89599913358688, 45.05600035190582, 45.152001082897186]], "changes_pct": [0.0, 30.790376013483378, 93.7457049347694]}
PASS: stock and baseline oracles, exact residuals and repeated CUDA graphs
NOTE: queue empty and production: no serving container -- restore with: LEGS=none bash /home/choiceoh/glm53-logs/ab-lever2.sh PRODRESTORE "" (FLEET_AUTO_RESTORE=1 does it)
