preflight m8deepprofile [probe]:
  PASS /home/choiceoh/glm53-logs/ab-lever2.sh == repo
  PASS /home/choiceoh/glm53-logs/fleet.sh == repo
  SKIP declared-knob check (probe: no launcher in the path)
  -> PASS
GO m8deepprofile 2026-09-07_07:59:14
decode 600 tok in 21.3s over 286 steps
Traceback (most recent call last):
  File "/home/choiceoh/stkernel-glm53-m8-next/bench/profile-step.py", line 291, in <module>
    main()
  File "/home/choiceoh/stkernel-glm53-m8-next/bench/profile-step.py", line 223, in main
    post("/stop_profile", timeout=600)
  File "/home/choiceoh/stkernel-glm53-m8-next/bench/profile-step.py", line 69, in post
    urllib.request.urlopen(req, timeout=timeout).read()
    ^^^^^^^^^^^^^^^^^^^^^^^^^^^^^^^^^^^^^^^^^^^^
  File "/usr/lib/python3.12/urllib/request.py", line 215, in urlopen
    return opener.open(url, data, timeout)
           ^^^^^^^^^^^^^^^^^^^^^^^^^^^^^^^
  File "/usr/lib/python3.12/urllib/request.py", line 521, in open
    response = meth(req, response)
               ^^^^^^^^^^^^^^^^^^^
  File "/usr/lib/python3.12/urllib/request.py", line 630, in http_response
    response = self.parent.error(
               ^^^^^^^^^^^^^^^^^^
  File "/usr/lib/python3.12/urllib/request.py", line 559, in error
    return self._call_chain(*args)
           ^^^^^^^^^^^^^^^^^^^^^^^
  File "/usr/lib/python3.12/urllib/request.py", line 492, in _call_chain
    result = func(*args)
             ^^^^^^^^^^^
  File "/usr/lib/python3.12/urllib/request.py", line 639, in http_error_default
    raise HTTPError(req.full_url, code, msg, hdrs, fp)
urllib.error.HTTPError: HTTP Error 500: Internal Server Error
