[W911 19:47:54.456889307 Utils.hpp:137] Warning: Environment variable NCCL_ASYNC_ERROR_HANDLING is deprecated; use TORCH_NCCL_ASYNC_ERROR_HANDLING instead (function operator())
{"rank": 1, "seconds": 1.129, "stage": "load/begin"}
{"rank": 1, "seconds": 19.391, "stage": "load/done", "layers": [0, 1, 2, 3, 4, 5, 6, 7, 8, 9, 10, 11, 12, 13, 14, 15, 16, 17, 18, 19, 20, 21, 22, 23, 24, 25, 26, 27, 28, 29, 30, 31, 32, 33, 34, 35, 36, 37, 38, 39, 40, 41, 42, 43, 44]}
[transformers] You are using a model of type `glm5_next` to instantiate a model of type ``. This may be expected if you are loading a checkpoint that shares a subset of the architecture (e.g., loading a `sam2_video` checkpoint into `Sam2Model`), but is otherwise not supported and can yield errors. Please verify that the checkpoint is compatible with the model you are instantiating.
{"rank": 1, "seconds": 27.367, "stage": "capture/begin"}
2026-09-11 19:48:24  [TileLang:tilelang.jit.kernel:INFO] (kernel.py:129): TileLang begins to compile kernel `mhc_pre_big_fuse_with_norm_tilelang` with `out_idx=None`
2026-09-11 19:48:34  [TileLang:tilelang.jit.kernel:INFO] (kernel.py:137): TileLang completes to compile kernel `mhc_pre_big_fuse_with_norm_tilelang`
[megakernel] selftest mla rel=3.07e-03 pair_prefill=False group=2 prefill32=False -> ARM
{"rank": 1, "seconds": 54.602, "stage": "workspace/new", "owner": 278660707294896, "rows": 1024, "backend": "dynamic"}
2026-09-11 19:48:49,517 - INFO - cute_dsl_core.py:177 - flashinfer.jit: Compiling CuTe-DSL kernel st_b12x_moe_sm121a_cute_dsl/dynamic_e288_k4096_n512_t8_850c120ba5fc9387
2026-09-11 19:48:52,698 - INFO - cute_dsl_core.py:246 - flashinfer.jit: Persisted CuTe-DSL kernel to /cache/.cache/flashinfer/0.6.18.dev20260819/121a/cached_ops/st_b12x_moe_sm121a_cute_dsl/dynamic_e288_k4096_n512_t8_850c120ba5fc9387.o
[b12x-bounds] state_E=288 n=512 tile_m=16 routed_rows=1024 -> rows 5616/5616 tiles 351/351 tasks 1404/1404
/usr/local/lib/python3.12/dist-packages/triton/language/core.py:2284: UserWarning: tl.make_block_ptr is deprecated. Use TensorDescriptor or tl.make_tensor_descriptor instead.
  warn("tl.make_block_ptr is deprecated. Use TensorDescriptor or tl.make_tensor_descriptor instead.")
{"rank": 1, "seconds": 73.225, "stage": "workspace/new", "owner": 278660705910368, "rows": 48, "backend": "static"}
{"rank": 1, "seconds": 75.636, "stage": "workspace/freed", "owner": 278660705910368, "rows": 48}
{"rank": 1, "seconds": 75.636, "stage": "workspace/new", "owner": 278660701694688, "rows": 96, "backend": "static"}
{"rank": 1, "seconds": 78.688, "stage": "workspace/freed", "owner": 278660701694688, "rows": 96}
{"rank": 1, "seconds": 78.688, "stage": "workspace/new", "owner": 278657476850176, "rows": 144, "backend": "static"}
{"rank": 1, "seconds": 80.762, "stage": "workspace/freed", "owner": 278657476850176, "rows": 144}
{"rank": 1, "seconds": 80.762, "stage": "workspace/new", "owner": 278657477057264, "rows": 192, "backend": "static"}
{"rank": 1, "seconds": 82.307, "stage": "capture/done", "shapes": [[1, 6, 4096], [2, 6, 4096], [3, 6, 4096], [4, 6, 4096]]}
{"rank": 1, "seconds": 82.307, "stage": "runner/begin", "batch": 1, "step": 0}
{"rank": 1, "seconds": 82.35, "stage": "workspace/freed", "owner": 278657477057264, "rows": 192}
{"rank": 1, "seconds": 82.35, "stage": "workspace/new", "owner": 278657477311136, "rows": 240, "backend": "static"}
{"rank": 1, "seconds": 82.602, "stage": "runner/done", "batch": 1, "step": 0, "generated": [[785]]}
{"rank": 1, "seconds": 82.602, "stage": "runner/begin", "batch": 1, "step": 1}
{"rank": 1, "seconds": 82.602, "stage": "draft/begin"}
{"rank": 1, "seconds": 82.621, "stage": "draft/done"}
{"rank": 1, "seconds": 82.621, "stage": "target/begin"}
