[W911 19:53:36.023863190 Utils.hpp:137] Warning: Environment variable NCCL_ASYNC_ERROR_HANDLING is deprecated; use TORCH_NCCL_ASYNC_ERROR_HANDLING instead (function operator())
{"rank": 1, "seconds": 1.127, "stage": "load/begin"}
{"rank": 1, "seconds": 18.8, "stage": "load/done", "layers": [0, 1, 2, 3, 4, 5, 6, 7, 8, 9, 10, 11, 12, 13, 14, 15, 16, 17, 18, 19, 20, 21, 22, 23, 24, 25, 26, 27, 28, 29, 30, 31, 32, 33, 34, 35, 36, 37, 38, 39, 40, 41, 42, 43, 44]}
[transformers] You are using a model of type `glm5_next` to instantiate a model of type ``. This may be expected if you are loading a checkpoint that shares a subset of the architecture (e.g., loading a `sam2_video` checkpoint into `Sam2Model`), but is otherwise not supported and can yield errors. Please verify that the checkpoint is compatible with the model you are instantiating.
{"rank": 1, "seconds": 26.561, "stage": "capture/begin"}
2026-09-11 19:54:04  [TileLang:tilelang.jit.kernel:INFO] (kernel.py:129): TileLang begins to compile kernel `mhc_pre_big_fuse_with_norm_tilelang` with `out_idx=None`
2026-09-11 19:54:15  [TileLang:tilelang.jit.kernel:INFO] (kernel.py:137): TileLang completes to compile kernel `mhc_pre_big_fuse_with_norm_tilelang`
[megakernel] selftest mla rel=3.07e-03 pair_prefill=False group=2 prefill32=False -> ARM
{"rank": 1, "seconds": 54.844, "stage": "workspace/new", "owner": 251226081475856, "rows": 55296, "backend": "dynamic"}
2026-09-11 19:54:31,254 - INFO - cute_dsl_core.py:177 - flashinfer.jit: Compiling CuTe-DSL kernel st_b12x_moe_sm121a_cute_dsl/dynamic_e288_k4096_n512_t8_dc39d84bc40c0b93
2026-09-11 19:54:35,161 - INFO - cute_dsl_core.py:246 - flashinfer.jit: Persisted CuTe-DSL kernel to /cache/.cache/flashinfer/0.6.18.dev20260819/121a/cached_ops/st_b12x_moe_sm121a_cute_dsl/dynamic_e288_k4096_n512_t8_dc39d84bc40c0b93.o
[b12x-bounds] state_E=288 n=512 tile_m=128 routed_rows=55296 -> rows 92032/92032 tiles 719/719 tasks 2876/2876
{"rank": 1, "seconds": 77.014, "stage": "workspace/new", "owner": 251226097385696, "rows": 48, "backend": "static"}
{"rank": 1, "seconds": 79.118, "stage": "workspace/new", "owner": 251226096691264, "rows": 96, "backend": "static"}
{"rank": 1, "seconds": 80.905, "stage": "workspace/new", "owner": 251226101198304, "rows": 144, "backend": "static"}
{"rank": 1, "seconds": 81.83, "stage": "workspace/new", "owner": 251226100897584, "rows": 192, "backend": "static"}
2026-09-11 19:54:59,270 - INFO - cute_dsl_core.py:177 - flashinfer.jit: Compiling CuTe-DSL kernel st_b12x_moe_sm121a_cute_dsl/static_m6_k4096_n512_t8_r192_2bf6a140adfdf6eb
2026-09-11 19:55:00,504 - INFO - cute_dsl_core.py:246 - flashinfer.jit: Persisted CuTe-DSL kernel to /cache/.cache/flashinfer/0.6.18.dev20260819/121a/cached_ops/st_b12x_moe_sm121a_cute_dsl/static_m6_k4096_n512_t8_r192_2bf6a140adfdf6eb.o
2026-09-11 19:55:02,773 - INFO - cute_dsl_core.py:177 - flashinfer.jit: Compiling CuTe-DSL kernel st_b12x_moe_sm121a_cute_dsl/static_m12_k4096_n512_t8_r192_1f23278698e8211b
2026-09-11 19:55:03,988 - INFO - cute_dsl_core.py:246 - flashinfer.jit: Persisted CuTe-DSL kernel to /cache/.cache/flashinfer/0.6.18.dev20260819/121a/cached_ops/st_b12x_moe_sm121a_cute_dsl/static_m12_k4096_n512_t8_r192_1f23278698e8211b.o
2026-09-11 19:55:05,971 - INFO - cute_dsl_core.py:177 - flashinfer.jit: Compiling CuTe-DSL kernel st_b12x_moe_sm121a_cute_dsl/static_m18_k4096_n512_t8_r192_7002a8ffd35a90df
2026-09-11 19:55:10,071 - INFO - cute_dsl_core.py:246 - flashinfer.jit: Persisted CuTe-DSL kernel to /cache/.cache/flashinfer/0.6.18.dev20260819/121a/cached_ops/st_b12x_moe_sm121a_cute_dsl/static_m18_k4096_n512_t8_r192_7002a8ffd35a90df.o
{"rank": 1, "seconds": 121.435, "stage": "capture/done", "shapes": [[1, 6, 4096], [2, 6, 4096], [3, 6, 4096], [4, 6, 4096], [1, 6, 8192], [2, 6, 8192], [3, 6, 8192], [4, 6, 8192], [1, 6, 16384], [2, 6, 16384], [3, 6, 16384], [4, 6, 16384], [1, 6, 32768], [2, 6, 32768], [3, 6, 32768], [4, 6, 32768], [1, 6, 65536], [2, 6, 65536], [3, 6, 65536], [4, 6, 65536], [1, 6, 131072], [2, 6, 131072], [3, 6, 131072], [4, 6, 131072], [1, 6, 262144], [2, 6, 262144], [3, 6, 262144], [4, 6, 262144], [1, 6, 524288], [2, 6, 524288], [3, 6, 524288], [4, 6, 524288], [1, 6, 1048576], [2, 6, 1048576], [3, 6, 1048576], [4, 6, 1048576]], "workspace_owners": 5}
{"rank": 1, "seconds": 121.437, "stage": "runner/begin", "batch": 1, "step": 0}
{"rank": 1, "seconds": 121.583, "stage": "workspace/new", "owner": 251226103587152, "rows": 248, "backend": "static"}
2026-09-11 19:55:37,924 - INFO - cute_dsl_core.py:177 - flashinfer.jit: Compiling CuTe-DSL kernel st_b12x_moe_sm121a_cute_dsl/static_m31_k4096_n512_t8_r248_4490e7b66150b20a
2026-09-11 19:55:41,998 - INFO - cute_dsl_core.py:246 - flashinfer.jit: Persisted CuTe-DSL kernel to /cache/.cache/flashinfer/0.6.18.dev20260819/121a/cached_ops/st_b12x_moe_sm121a_cute_dsl/static_m31_k4096_n512_t8_r248_4490e7b66150b20a.o
{"rank": 1, "seconds": 125.911, "stage": "runner/done", "batch": 1, "step": 0, "kind": "prefill", "seqs": [0], "generated": [[26612]]}
{"rank": 1, "seconds": 125.911, "stage": "runner/begin", "batch": 1, "step": 1}
{"rank": 1, "seconds": 126.0, "stage": "runner/done", "batch": 1, "step": 1, "kind": "decode", "seqs": [0], "generated": [[26612, 139966, 154827]]}
{"rank": 1, "seconds": 126.001, "stage": "result", "batch": 1, "seq": 0, "ids": [26612, 139966, 154827], "text": "서울<|user|>"}
{"rank": 1, "seconds": 126.001, "stage": "runner/begin", "batch": 4, "step": 0}
{"rank": 1, "seconds": 126.279, "stage": "runner/done", "batch": 4, "step": 0, "kind": "prefill", "seqs": [0], "generated": [[26612], [], [], []]}
{"rank": 1, "seconds": 126.279, "stage": "runner/begin", "batch": 4, "step": 1}
{"rank": 1, "seconds": 126.543, "stage": "runner/done", "batch": 4, "step": 1, "kind": "prefill", "seqs": [1], "generated": [[26612], [26612], [], []]}
{"rank": 1, "seconds": 126.543, "stage": "runner/begin", "batch": 4, "step": 2}
{"rank": 1, "seconds": 126.669, "stage": "runner/done", "batch": 4, "step": 2, "kind": "decode", "seqs": [0, 1], "generated": [[26612, 139966, 154842], [26612, 139966, 154842], [], []]}
{"rank": 1, "seconds": 126.669, "stage": "runner/begin", "batch": 4, "step": 3}
{"rank": 1, "seconds": 126.936, "stage": "runner/done", "batch": 4, "step": 3, "kind": "prefill", "seqs": [2], "generated": [[26612, 139966, 154842], [26612, 139966, 154842], [26612], []]}
{"rank": 1, "seconds": 126.936, "stage": "runner/begin", "batch": 4, "step": 4}
{"rank": 1, "seconds": 127.102, "stage": "runner/done", "batch": 4, "step": 4, "kind": "decode", "seqs": [0, 1, 2], "generated": [[26612, 139966, 154842, 26612], [26612, 139966, 154842, 26612], [26612, 139966, 154842], []]}
{"rank": 1, "seconds": 127.102, "stage": "runner/begin", "batch": 4, "step": 5}
{"rank": 1, "seconds": 127.368, "stage": "runner/done", "batch": 4, "step": 5, "kind": "prefill", "seqs": [3], "generated": [[26612, 139966, 154842, 26612], [26612, 139966, 154842, 26612], [26612, 139966, 154842], [26612]]}
{"rank": 1, "seconds": 127.368, "stage": "runner/begin", "batch": 4, "step": 6}
{"rank": 1, "seconds": 127.571, "stage": "runner/done", "batch": 4, "step": 6, "kind": "decode", "seqs": [0, 1, 2, 3], "generated": [[26612, 139966, 154842, 26612, 139966, 78318], [26612, 139966, 154842, 26612, 139966, 78318], [26612, 139966, 154842, 26612], [26612, 139966, 154842]]}
{"rank": 1, "seconds": 127.571, "stage": "runner/begin", "batch": 4, "step": 7}
{"rank": 1, "seconds": 127.791, "stage": "runner/done", "batch": 4, "step": 7, "kind": "decode", "seqs": [0, 1, 2, 3], "generated": [[26612, 139966, 154842, 26612, 139966, 78318, 13, 11157], [26612, 139966, 154842, 26612, 139966, 78318, 13, 11157], [26612, 139966, 154842, 26612, 139966, 78318], [26612, 139966, 154842, 26612]]}
{"rank": 1, "seconds": 127.791, "stage": "runner/begin", "batch": 4, "step": 8}
{"rank": 1, "seconds": 127.999, "stage": "runner/done", "batch": 4, "step": 8, "kind": "decode", "seqs": [0, 1, 2, 3], "generated": [[26612, 139966, 154842, 26612, 139966, 78318, 13, 11157, 237], [26612, 139966, 154842, 26612, 139966, 78318, 13, 11157, 237], [26612, 139966, 154842, 26612, 139966, 78318, 13, 320], [26612, 139966, 154842, 26612, 139966, 78318]]}
{"rank": 1, "seconds": 127.999, "stage": "runner/begin", "batch": 4, "step": 9}
{"rank": 1, "seconds": 128.213, "stage": "runner/done", "batch": 4, "step": 9, "kind": "decode", "seqs": [0, 1, 2, 3], "generated": [[26612, 139966, 154842, 26612, 139966, 78318, 13, 11157, 237, 247, 30423, 271], [26612, 139966, 154842, 26612, 139966, 78318, 13, 11157, 237, 247, 30423, 271], [26612, 139966, 154842, 26612, 139966, 78318, 13, 320, 23508], [26612, 139966, 154842, 26612, 139966, 78318, 13, 320]]}
{"rank": 1, "seconds": 128.214, "stage": "runner/begin", "batch": 4, "step": 10}
{"rank": 1, "seconds": 128.431, "stage": "runner/done", "batch": 4, "step": 10, "kind": "decode", "seqs": [0, 1, 2, 3], "generated": [[26612, 139966, 154842, 26612, 139966, 78318, 13, 11157, 237, 247, 30423, 271, 66358], [26612, 139966, 154842, 26612, 139966, 78318, 13, 11157, 237, 247, 30423, 271, 66358], [26612, 139966, 154842, 26612, 139966, 78318, 13, 320, 23508, 142090], [26612, 139966, 154842, 26612, 139966, 78318, 13, 320, 1514]]}
{"rank": 1, "seconds": 128.431, "stage": "runner/begin", "batch": 4, "step": 11}
{"rank": 1, "seconds": 128.646, "stage": "runner/done", "batch": 4, "step": 11, "kind": "decode", "seqs": [0, 1, 2, 3], "generated": [[26612, 139966, 154842, 26612, 139966, 78318, 13, 11157, 237, 247, 30423, 271, 66358, 23508, 134910, 130419, 20360, 28630, 47683], [26612, 139966, 154842, 26612, 139966, 78318, 13, 11157, 237, 247, 30423, 271, 66358, 23508, 134910, 130419, 20360, 28630, 47683], [26612, 139966, 154842, 26612, 139966, 78318, 13, 320, 23508, 142090, 30953, 25, 3070, 26612], [26612, 139966, 154842, 26612, 139966, 78318, 13, 320, 1514, 10960, 8, 11157]]}
{"rank": 1, "seconds": 128.646, "stage": "runner/begin", "batch": 4, "step": 12}
{"rank": 1, "seconds": 128.863, "stage": "runner/done", "batch": 4, "step": 12, "kind": "decode", "seqs": [0, 1, 2, 3], "generated": [[26612, 139966, 154842, 26612, 139966, 78318, 13, 11157, 237, 247, 30423, 271, 66358, 23508, 134910, 130419, 20360, 28630, 47683, 16544, 3070, 26612, 139966, 334], [26612, 139966, 154842, 26612, 139966, 78318, 13, 11157, 237, 247, 30423, 271, 66358, 23508, 134910, 130419, 20360, 28630, 47683, 16544, 3070, 26612, 139966, 334], [26612, 139966, 154842, 26612, 139966, 78318, 13, 320, 23508, 142090, 30953, 25, 3070, 26612, 139966, 41705, 11157], [26612, 139966, 154842, 26612, 139966, 78318, 13, 320, 1514, 10960, 8, 11157, 237]]}
{"rank": 1, "seconds": 128.863, "stage": "runner/begin", "batch": 4, "step": 13}
{"rank": 1, "seconds": 128.992, "stage": "runner/done", "batch": 4, "step": 13, "kind": "decode", "seqs": [2, 3], "generated": [[26612, 139966, 154842, 26612, 139966, 78318, 13, 11157, 237, 247, 30423, 271, 66358, 23508, 134910, 130419, 20360, 28630, 47683, 16544, 3070, 26612, 139966, 334], [26612, 139966, 154842, 26612, 139966, 78318, 13, 11157, 237, 247, 30423, 271, 66358, 23508, 134910, 130419, 20360, 28630, 47683, 16544, 3070, 26612, 139966, 334], [26612, 139966, 154842, 26612, 139966, 78318, 13, 320, 23508, 142090, 30953, 25, 3070, 26612, 139966, 41705, 11157, 237], [26612, 139966, 154842, 26612, 139966, 78318, 13, 320, 1514, 10960, 8, 11157, 237, 247, 30423, 271]]}
{"rank": 1, "seconds": 128.992, "stage": "runner/begin", "batch": 4, "step": 14}
{"rank": 1, "seconds": 129.121, "stage": "runner/done", "batch": 4, "step": 14, "kind": "decode", "seqs": [2, 3], "generated": [[26612, 139966, 154842, 26612, 139966, 78318, 13, 11157, 237, 247, 30423, 271, 66358, 23508, 134910, 130419, 20360, 28630, 47683, 16544, 3070, 26612, 139966, 334], [26612, 139966, 154842, 26612, 139966, 78318, 13, 11157, 237, 247, 30423, 271, 66358, 23508, 134910, 130419, 20360, 28630, 47683, 16544, 3070, 26612, 139966, 334], [26612, 139966, 154842, 26612, 139966, 78318, 13, 320, 23508, 142090, 30953, 25, 3070, 26612, 139966, 41705, 11157, 237, 247, 30423, 271], [26612, 139966, 154842, 26612, 139966, 78318, 13, 320, 1514, 10960, 8, 11157, 237, 247, 30423, 271, 66358]]}
{"rank": 1, "seconds": 129.121, "stage": "runner/begin", "batch": 4, "step": 15}
{"rank": 1, "seconds": 129.254, "stage": "runner/done", "batch": 4, "step": 15, "kind": "decode", "seqs": [2, 3], "generated": [[26612, 139966, 154842, 26612, 139966, 78318, 13, 11157, 237, 247, 30423, 271, 66358, 23508, 134910, 130419, 20360, 28630, 47683, 16544, 3070, 26612, 139966, 334], [26612, 139966, 154842, 26612, 139966, 78318, 13, 11157, 237, 247, 30423, 271, 66358, 23508, 134910, 130419, 20360, 28630, 47683, 16544, 3070, 26612, 139966, 334], [26612, 139966, 154842, 26612, 139966, 78318, 13, 320, 23508, 142090, 30953, 25, 3070, 26612, 139966, 41705, 11157, 237, 247, 30423, 271, 66358], [26612, 139966, 154842, 26612, 139966, 78318, 13, 320, 1514, 10960, 8, 11157, 237, 247, 30423, 271, 66358, 23508, 134910, 130419, 20360, 28630, 47683]]}
{"rank": 1, "seconds": 129.254, "stage": "runner/begin", "batch": 4, "step": 16}
{"rank": 1, "seconds": 129.384, "stage": "runner/done", "batch": 4, "step": 16, "kind": "decode", "seqs": [2, 3], "generated": [[26612, 139966, 154842, 26612, 139966, 78318, 13, 11157, 237, 247, 30423, 271, 66358, 23508, 134910, 130419, 20360, 28630, 47683, 16544, 3070, 26612, 139966, 334], [26612, 139966, 154842, 26612, 139966, 78318, 13, 11157, 237, 247, 30423, 271, 66358, 23508, 134910, 130419, 20360, 28630, 47683, 16544, 3070, 26612, 139966, 334], [26612, 139966, 154842, 26612, 139966, 78318, 13, 320, 23508, 142090, 30953, 25, 3070, 26612, 139966, 41705, 11157, 237, 247, 30423, 271, 66358, 23508, 134910], [26612, 139966, 154842, 26612, 139966, 78318, 13, 320, 1514, 10960, 8, 11157, 237, 247, 30423, 271, 66358, 23508, 134910, 130419, 20360, 28630, 47683, 31197]]}
{"rank": 1, "seconds": 129.384, "stage": "result", "batch": 4, "seq": 0, "ids": [26612, 139966, 154842, 26612, 139966, 78318, 13, 11157, 237, 247, 30423, 271, 66358, 23508, 134910, 130419, 20360, 28630, 47683, 16544, 3070, 26612, 139966, 334], "text": "서울</think>서울입니다. 🏙️\n\n대한민국의 수도는 **서울**"}
{"rank": 1, "seconds": 129.384, "stage": "result", "batch": 4, "seq": 1, "ids": [26612, 139966, 154842, 26612, 139966, 78318, 13, 11157, 237, 247, 30423, 271, 66358, 23508, 134910, 130419, 20360, 28630, 47683, 16544, 3070, 26612, 139966, 334], "text": "서울</think>서울입니다. 🏙️\n\n대한민국의 수도는 **서울**"}
{"rank": 1, "seconds": 129.384, "stage": "result", "batch": 4, "seq": 2, "ids": [26612, 139966, 154842, 26612, 139966, 78318, 13, 320, 23508, 142090, 30953, 25, 3070, 26612, 139966, 41705, 11157, 237, 247, 30423, 271, 66358, 23508, 134910], "text": "서울</think>서울입니다. (한 단어: **서울**) 🏙️\n\n대한민"}
{"rank": 1, "seconds": 129.384, "stage": "result", "batch": 4, "seq": 3, "ids": [26612, 139966, 154842, 26612, 139966, 78318, 13, 320, 1514, 10960, 8, 11157, 237, 247, 30423, 271, 66358, 23508, 134910, 130419, 20360, 28630, 47683, 31197], "text": "서울</think>서울입니다. (Seoul) 🏙️\n\n대한민국의 수도인"}
{"rank": 1, "seconds": 129.385, "stage": "PASS", "decode_widths": [1, 2, 3, 4]}
{"rank": 1, "seconds": 129.517, "stage": "workspace/freed", "owner": 251226097385696, "rows": 48}
{"rank": 1, "seconds": 129.518, "stage": "workspace/freed", "owner": 251226096691264, "rows": 96}
{"rank": 1, "seconds": 129.518, "stage": "workspace/freed", "owner": 251226101198304, "rows": 144}
{"rank": 1, "seconds": 129.518, "stage": "workspace/freed", "owner": 251226100897584, "rows": 192}
{"rank": 1, "seconds": 130.028, "stage": "workspace/freed", "owner": 251226103587152, "rows": 248}
{"rank": 1, "seconds": 130.028, "stage": "workspace/freed", "owner": 251226081475856, "rows": 55296}
