{"rank": 1, "stage": "target capture begin"}
[W911 19:36:49.237751355 Utils.hpp:137] Warning: Environment variable NCCL_ASYNC_ERROR_HANDLING is deprecated; use TORCH_NCCL_ASYNC_ERROR_HANDLING instead (function operator())
{"rank": 1, "stage": "target captured"}
{"rank": 1, "stage": "draft captured"}
{"rank": 1, "stage": "samplers captured"}
{"rank": 1, "stage": "step 0 eager"}
{"rank": 1, "stage": "step 0 draft"}
{"rank": 1, "stage": "step 0 target"}
{"rank": 1, "stage": "step 0 sampler"}
{"rank": 1, "stage": "step 0 done"}
{"rank": 1, "stage": "step 1 eager"}
{"rank": 1, "stage": "step 1 draft"}
{"rank": 1, "stage": "step 1 target"}
{"rank": 1, "stage": "step 1 sampler"}
{"rank": 1, "stage": "step 1 done"}
{"rank": 1, "stage": "step 2 eager"}
{"rank": 1, "stage": "step 2 draft"}
{"rank": 1, "stage": "step 2 target"}
{"rank": 1, "stage": "step 2 sampler"}
{"rank": 1, "stage": "step 2 done"}
{"rank": 1, "stage": "step 3 eager"}
{"rank": 1, "stage": "step 3 draft"}
{"rank": 1, "stage": "step 3 target"}
{"rank": 1, "stage": "step 3 sampler"}
{"rank": 1, "stage": "step 3 done"}
{"rank": 1, "stage": "step 4 eager"}
{"rank": 1, "stage": "step 4 draft"}
{"rank": 1, "stage": "step 4 target"}
{"rank": 1, "stage": "step 4 sampler"}
{"rank": 1, "stage": "step 4 done"}
{"rank": 1, "stage": "step 5 eager"}
{"rank": 1, "stage": "step 5 draft"}
{"rank": 1, "stage": "step 5 target"}
{"rank": 1, "stage": "step 5 sampler"}
{"rank": 1, "stage": "step 5 done"}
{"rank": 1, "stage": "step 6 eager"}
{"rank": 1, "stage": "step 6 draft"}
{"rank": 1, "stage": "step 6 target"}
{"rank": 1, "stage": "step 6 sampler"}
{"rank": 1, "stage": "step 6 done"}
{"rank": 1, "stage": "step 7 eager"}
{"rank": 1, "stage": "step 7 draft"}
{"rank": 1, "stage": "step 7 target"}
{"rank": 1, "stage": "step 7 sampler"}
{"rank": 1, "stage": "step 7 done"}
{"rank": 1, "stage": "PASS"}
