
Resource usage:
 Common:
  GLOBAL:0
 Function kernel_cutlass_kernel_flashinferfused_moecute_dslblackwell_sm12xmoe_dynamic_ep_localMoEGatedEPLocalKernel_object_at__tensorptrbf16gmemalign16o409640961_tensorptri32gmemo1_tensorptrf32gmem_0:
  REG:168 STACK:1040 SHARED:1024 LOCAL:0 CONSTANT[0]:2160 TEXTURE:0 SURFACE:0 SAMPLER:0

test_apply_defers_the_capture_query_until_candidate_admission (test_glm53_ep_prefill_local.AdmissionTests.test_apply_defers_the_capture_query_until_candidate_admission) ... ok
test_dispatch_never_silently_falls_back_with_sentinel_geometry (test_glm53_ep_prefill_local.AdmissionTests.test_dispatch_never_silently_falls_back_with_sentinel_geometry) ... ok
test_ep_and_stock_artifacts_have_distinct_keys (test_glm53_ep_prefill_local.AdmissionTests.test_ep_and_stock_artifacts_have_distinct_keys) ... ok
test_sp_reduction_gate_requires_opt_in_for_ep (test_glm53_ep_prefill_local.AdmissionTests.test_sp_reduction_gate_requires_opt_in_for_ep) ... ok
test_wide_workspace_covers_concentrated_and_tail_routes (test_glm53_ep_prefill_local.AdmissionTests.test_wide_workspace_covers_concentrated_and_tail_routes) ... ok
test_wrapper_admits_only_exact_eager_local_geometry (test_glm53_ep_prefill_local.AdmissionTests.test_wrapper_admits_only_exact_eager_local_geometry) ... ok
test_wrapper_passes_original_token_and_output_storage (test_glm53_ep_prefill_local.AdmissionTests.test_wrapper_passes_original_token_and_output_storage) ... ok
test_failed_probe_preserves_phase_and_partial_results (test_glm53_ep_local_probe.EvidenceTests.test_failed_probe_preserves_phase_and_partial_results) ... ok
test_incomplete_remap_compile_matrix_is_rejected (test_glm53_ep_local_probe.EvidenceTests.test_incomplete_remap_compile_matrix_is_rejected) ... ok
test_matching_evidence_passes_and_changed_overlay_fails (test_glm53_ep_local_probe.EvidenceTests.test_matching_evidence_passes_and_changed_overlay_fails) ... ok
test_missing_mount_skips_and_changed_test_are_rejected (test_glm53_ep_local_probe.EvidenceTests.test_missing_mount_skips_and_changed_test_are_rejected) ... ok
test_stale_receipt_is_rejected_before_service_inventory_or_pause (test_glm53_ep_local_probe.EvidenceTests.test_stale_receipt_is_rejected_before_service_inventory_or_pause) ... ok
test_corrupt_small_row_cannot_hide_behind_a_large_row (test_glm53_ep_local_probe.NumericalTests.test_corrupt_small_row_cannot_hide_behind_a_large_row) ... ok
test_large_stock_noise_cannot_authorize_a_bad_candidate (test_glm53_ep_local_probe.NumericalTests.test_large_stock_noise_cannot_authorize_a_bad_candidate) ... ok
test_nonfinite_and_broadcastable_shapes_are_rejected (test_glm53_ep_local_probe.NumericalTests.test_nonfinite_and_broadcastable_shapes_are_rejected) ... ok
test_small_stock_noise_preserves_existing_candidate_floor (test_glm53_ep_local_probe.NumericalTests.test_small_stock_noise_preserves_existing_candidate_floor) ... ok
test_generated_transition_executes_stop_and_start_with_unordered_mounts (test_glm53_probe_lifecycle.OfflineTests.test_generated_transition_executes_stop_and_start_with_unordered_mounts) ... ok
test_generated_transition_refuses_real_source_change_before_docker_mutation (test_glm53_probe_lifecycle.OfflineTests.test_generated_transition_refuses_real_source_change_before_docker_mutation) ... ok
test_lost_hold_refuses_before_remote_mutation (test_glm53_probe_lifecycle.OfflineTests.test_lost_hold_refuses_before_remote_mutation) ... ok
test_no_partial_or_automatically_deleted_or_wrong_image_fleet (test_glm53_probe_lifecycle.OfflineTests.test_no_partial_or_automatically_deleted_or_wrong_image_fleet) ... ok
test_partial_stop_error_restores_without_running_gpu (test_glm53_probe_lifecycle.OfflineTests.test_partial_stop_error_restores_without_running_gpu) ... ok
test_probe_error_restores_before_propagating (test_glm53_probe_lifecycle.OfflineTests.test_probe_error_restores_before_propagating) ... ok
test_public_restore_uses_actual_fleet_decision_and_refuses_errors (test_glm53_probe_lifecycle.OfflineTests.test_public_restore_uses_actual_fleet_decision_and_refuses_errors) ... ok
test_restore_failure_is_not_success (test_glm53_probe_lifecycle.OfflineTests.test_restore_failure_is_not_success) ... ok
test_launch_failure_propagates_instead_of_requesting_fallback (test_glm53_ep_route_remap.AdmissionTests.test_launch_failure_propagates_instead_of_requesting_fallback) ... ok
test_one_launch_reuses_scratch_and_preserves_dtype_for_each_arm (test_glm53_ep_route_remap.AdmissionTests.test_one_launch_reuses_scratch_and_preserves_dtype_for_each_arm) ... ok
test_unsupported_metadata_returns_before_any_launch (test_glm53_ep_route_remap.AdmissionTests.test_unsupported_metadata_returns_before_any_launch) ... ok
test_actual_remap_preserves_local_bits_and_zeros_remote_nonfinite_weights (test_glm53_ep_route_remap.ReferenceTests.test_actual_remap_preserves_local_bits_and_zeros_remote_nonfinite_weights) ... ok
test_actual_tensor_remap_matches_scalar_conversion_and_range_oracle (test_glm53_ep_route_remap.ReferenceTests.test_actual_tensor_remap_matches_scalar_conversion_and_range_oracle) ... ok
test_changed_executable_cannot_reuse_successful_preflight (test_glm53_ep_sanitizer.PreflightTests.test_changed_executable_cannot_reuse_successful_preflight) ... ok
test_missing_executable_and_wrong_hash_fail_before_container (test_glm53_ep_sanitizer.PreflightTests.test_missing_executable_and_wrong_hash_fail_before_container) ... ok
test_nonzero_exit_or_missing_version_cannot_pass (test_glm53_ep_sanitizer.PreflightTests.test_nonzero_exit_or_missing_version_cannot_pass) ... ok
test_outer_timeout_removes_only_its_preflight_container (test_glm53_ep_sanitizer.PreflightTests.test_outer_timeout_removes_only_its_preflight_container) ... ok
test_pinned_version_runs_in_bounded_no_device_container_and_records_identity (test_glm53_ep_sanitizer.PreflightTests.test_pinned_version_runs_in_bounded_no_device_container_and_records_identity) ... ok
test_failed_preflight_never_reaches_service_inventory_or_pause (test_glm53_ep_sanitizer.RunnerOrderTests.test_failed_preflight_never_reaches_service_inventory_or_pause) ... ok
test_absent_errors_ignored_errors_and_warnings_are_rejected (test_glm53_ep_sanitizer.SummaryTests.test_absent_errors_ignored_errors_and_warnings_are_rejected) ... ok
test_tool_specific_clean_summaries_are_required (test_glm53_ep_sanitizer.SummaryTests.test_tool_specific_clean_summaries_are_required) ... ok

----------------------------------------------------------------------
Ran 37 tests in 0.791s

OK
COMPILE PASS arm=local m=6912
