  fleet reserved by production/srv2/381911
  box: GB10 (DGX Spark): SM121, unified 120 GiB (83 free)
boot rendezvous arena-admission: rank 2 prepared; waiting for 4 ranks (deadline 1800s)
boot rendezvous weights-loaded: rank 2 prepared; waiting for 4 ranks (deadline 1800s)
[W912 19:53:01.900703701 Utils.hpp:137] Warning: Environment variable NCCL_ASYNC_ERROR_HANDLING is deprecated; use TORCH_NCCL_ASYNC_ERROR_HANDLING instead (function operator())
[b12x sf6] prepared FC1+FC2; packed bytes=85819392
[b12x sf6] prepared FC1+FC2; packed bytes=85819392
[b12x sf6] prepared FC1+FC2; packed bytes=85819392
[b12x sf6] prepared FC1+FC2; packed bytes=85819392
[b12x sf6] prepared FC1+FC2; packed bytes=85819392
[b12x sf6] prepared FC1+FC2; packed bytes=85819392
[b12x sf6] prepared FC1+FC2; packed bytes=85819392
[b12x sf6] prepared FC1+FC2; packed bytes=85819392
[b12x sf6] prepared FC1+FC2; packed bytes=85819392
[b12x sf6] prepared FC1+FC2; packed bytes=85819392
[b12x sf6] prepared FC1+FC2; packed bytes=85819392
[b12x sf6] prepared FC1+FC2; packed bytes=85819392
[b12x sf6] prepared FC1+FC2; packed bytes=85819392
[b12x sf6] prepared FC1+FC2; packed bytes=85819392
[b12x sf6] prepared FC1+FC2; packed bytes=85819392
[b12x sf6] prepared FC1+FC2; packed bytes=85819392
[b12x sf6] prepared FC1+FC2; packed bytes=85819392
[b12x sf6] prepared FC1+FC2; packed bytes=85819392
[b12x sf6] prepared FC1+FC2; packed bytes=85819392
[b12x sf6] prepared FC1+FC2; packed bytes=85819392
[b12x sf6] prepared FC1+FC2; packed bytes=85819392
[b12x sf6] prepared FC1+FC2; packed bytes=85819392
[b12x sf6] prepared FC1+FC2; packed bytes=85819392
[b12x sf6] prepared FC1+FC2; packed bytes=85819392
[b12x sf6] prepared FC1+FC2; packed bytes=85819392
[b12x sf6] prepared FC1+FC2; packed bytes=85819392
[b12x sf6] prepared FC1+FC2; packed bytes=85819392
[b12x sf6] prepared FC1+FC2; packed bytes=85819392
[b12x sf6] prepared FC1+FC2; packed bytes=85819392
[b12x sf6] prepared FC1+FC2; packed bytes=85819392
[b12x sf6] prepared FC1+FC2; packed bytes=85819392
[b12x sf6] prepared FC1+FC2; packed bytes=85819392
[b12x sf6] prepared FC1+FC2; packed bytes=85819392
[b12x sf6] prepared FC1+FC2; packed bytes=85819392
[b12x sf6] prepared FC1+FC2; packed bytes=85819392
[b12x sf6] prepared FC1+FC2; packed bytes=85819392
[b12x sf6] prepared FC1+FC2; packed bytes=85819392
[b12x sf6] prepared FC1+FC2; packed bytes=85819392
[b12x sf6] prepared FC1+FC2; packed bytes=85819392
[b12x sf6] prepared FC1+FC2; packed bytes=85819392
[b12x sf6] prepared FC1+FC2; packed bytes=85819392
[b12x sf6] prepared FC1+FC2; packed bytes=85819392
/usr/local/lib/python3.12/dist-packages/torch/distributed/c10d_logger.py:83: FutureWarning: `torch.distributed.all_gather_into_tensor` is deprecated. Please use `torch.distributed.all_gather_single` instead.
  return func(*args, **kwargs)
[tp-sf6-q0] LAUNCHED E288/H4096/I512/top8 T=128
DECODE_REFORM_LAYOUT_PASS 1024
REFORM_SF6_LAYOUT_PASS FC1=2048 FC2=2048
DECODE_REFORM_LAYOUT_PASS 1024
REFORM_SF6_LAYOUT_PASS FC1=2048 FC2=2048
REFORM_SF6_LAYOUT_PASS FC1=4096 FC2=1024
REFORM_SF6_LAYOUT_PASS FC1=4096 FC2=1024
REFORM_SF6_LAYOUT_PASS FC1=4096 FC2=1024
REFORM_SF6_LAYOUT_PASS FC1=4096 FC2=1024
DECODE_REFORM_LAYOUT_PASS 1024
REFORM_SF6_LAYOUT_PASS FC1=2048 FC2=2048
/usr/local/lib/python3.12/dist-packages/torch/distributed/c10d_logger.py:83: FutureWarning: `torch.distributed.reduce_scatter_tensor` is deprecated. Please use `torch.distributed.reduce_scatter_single` instead.
  return func(*args, **kwargs)
[megakernel] selftest mla rel=3.13e-03 prefill32=True -> ARM
/usr/local/lib/python3.12/dist-packages/torch/distributed/c10d_logger.py:83: FutureWarning: `torch.distributed.reduce_scatter_tensor` is deprecated. Please use `torch.distributed.reduce_scatter_single` instead.
  return func(*args, **kwargs)
/usr/local/lib/python3.12/dist-packages/torch/distributed/c10d_logger.py:83: FutureWarning: `torch.distributed.all_gather_into_tensor` is deprecated. Please use `torch.distributed.all_gather_single` instead.
  return func(*args, **kwargs)
2026-09-12 19:54:17,773 - INFO - cute_dsl_core.py:174 - flashinfer.jit: Invalidating stale CuTe-DSL module st_b12x_moe_sm121a_cute_dsl
2026-09-12 19:54:17,773 - INFO - cute_dsl_core.py:177 - flashinfer.jit: Compiling CuTe-DSL kernel st_b12x_moe_sm121a_cute_dsl/dynamic_e288_k4096_n512_t8_tiled_d279bbfc7515c28d
2026-09-12 19:54:21,321 - INFO - cute_dsl_core.py:246 - flashinfer.jit: Persisted CuTe-DSL kernel to /cache/.cache/flashinfer/0.6.18.dev20260819/121a/cached_ops/st_b12x_moe_sm121a_cute_dsl/dynamic_e288_k4096_n512_t8_tiled_d279bbfc7515c28d.o
[b12x-bounds] state_E=288 n=512 tile_m=128 routed_rows=1024 -> rows 37760/37760 tiles 295/295 tasks 1180/1180
/usr/local/lib/python3.12/dist-packages/torch/distributed/c10d_logger.py:83: FutureWarning: `torch.distributed.all_gather_into_tensor` is deprecated. Please use `torch.distributed.all_gather_single` instead.
  return func(*args, **kwargs)
/usr/local/lib/python3.12/dist-packages/torch/distributed/c10d_logger.py:83: FutureWarning: `torch.distributed.reduce_scatter_tensor` is deprecated. Please use `torch.distributed.reduce_scatter_single` instead.
  return func(*args, **kwargs)
/usr/local/lib/python3.12/dist-packages/torch/distributed/c10d_logger.py:83: FutureWarning: `torch.distributed.all_gather_into_tensor` is deprecated. Please use `torch.distributed.all_gather_single` instead.
  return func(*args, **kwargs)
/usr/local/lib/python3.12/dist-packages/torch/distributed/c10d_logger.py:83: FutureWarning: `torch.distributed.reduce_scatter_tensor` is deprecated. Please use `torch.distributed.reduce_scatter_single` instead.
  return func(*args, **kwargs)
[b12x-bounds] state_E=288 n=512 tile_m=128 routed_rows=8192 -> rows 44928/44928 tiles 351/351 tasks 1404/1404
/usr/local/lib/python3.12/dist-packages/torch/distributed/c10d_logger.py:83: FutureWarning: `torch.distributed.all_gather_into_tensor` is deprecated. Please use `torch.distributed.all_gather_single` instead.
  return func(*args, **kwargs)
[megakernel] mla prefill32 LAUNCHED T=9216 W=2051 register-Q tile=32
2026-09-12 19:54:27,449 - INFO - cute_dsl_core.py:174 - flashinfer.jit: Invalidating stale CuTe-DSL module st_b12x_moe_sm121a_cute_dsl
2026-09-12 19:54:27,449 - INFO - cute_dsl_core.py:177 - flashinfer.jit: Compiling CuTe-DSL kernel st_b12x_moe_sm121a_cute_dsl/dynamic_e288_k4096_n512_t8_tiled_b992da48e5369332
2026-09-12 19:54:36,205 - INFO - cute_dsl_core.py:246 - flashinfer.jit: Persisted CuTe-DSL kernel to /cache/.cache/flashinfer/0.6.18.dev20260819/121a/cached_ops/st_b12x_moe_sm121a_cute_dsl/dynamic_e288_k4096_n512_t8_tiled_b992da48e5369332.o
[b12x-bounds] state_E=288 n=512 tile_m=128 routed_rows=73728 -> rows 110464/110464 tiles 863/863 tasks 3452/3452
2026-09-12 19:54:50,950 - INFO - cute_dsl_core.py:177 - flashinfer.jit: Compiling CuTe-DSL kernel st_b12x_moe_sm121a_cute_dsl/static2_m1_k4096_n512_t8_r8_tm32f2g2a32wutr16n128k256d256sf6v1_99d2213b325520ff
2026-09-12 19:54:53,275 - INFO - cute_dsl_core.py:246 - flashinfer.jit: Persisted CuTe-DSL kernel to /cache/.cache/flashinfer/0.6.18.dev20260819/121a/cached_ops/st_b12x_moe_sm121a_cute_dsl/static2_m1_k4096_n512_t8_r8_tm32f2g2a32wutr16n128k256d256sf6v1_99d2213b325520ff.o
[b12x static v2] lane serving: static2_m1_k4096_n512_t8_r8_tm32f2g2a32wutr16n128k256d256sf6v1 (mac=48, m=1, routed=8, smem=98304 B)
2026-09-12 19:54:56,260 - INFO - cute_dsl_core.py:177 - flashinfer.jit: Compiling CuTe-DSL kernel st_b12x_moe_sm121a_cute_dsl/static2_m8_k4096_n512_t8_r64_tm32f2g2a32wutr16n128k256d256sf6v1_c7b815ca2d5d4289
2026-09-12 19:54:58,342 - INFO - cute_dsl_core.py:246 - flashinfer.jit: Persisted CuTe-DSL kernel to /cache/.cache/flashinfer/0.6.18.dev20260819/121a/cached_ops/st_b12x_moe_sm121a_cute_dsl/static2_m8_k4096_n512_t8_r64_tm32f2g2a32wutr16n128k256d256sf6v1_c7b815ca2d5d4289.o
[b12x static v2] lane serving: static2_m8_k4096_n512_t8_r64_tm32f2g2a32wutr16n128k256d256sf6v1 (mac=48, m=8, routed=64, smem=98304 B)
2026-09-12 19:55:01,330 - INFO - cute_dsl_core.py:177 - flashinfer.jit: Compiling CuTe-DSL kernel st_b12x_moe_sm121a_cute_dsl/static2_m64_k4096_n512_t8_r512_tm32f2g2a32wutsf6v1_c77ac2a564f71fd3
2026-09-12 19:55:03,450 - INFO - cute_dsl_core.py:246 - flashinfer.jit: Persisted CuTe-DSL kernel to /cache/.cache/flashinfer/0.6.18.dev20260819/121a/cached_ops/st_b12x_moe_sm121a_cute_dsl/static2_m64_k4096_n512_t8_r512_tm32f2g2a32wutsf6v1_c77ac2a564f71fd3.o
[b12x static v2] lane serving: static2_m64_k4096_n512_t8_r512_tm32f2g2a32wutsf6v1 (mac=48, m=64, routed=512, smem=101376 B)
/usr/local/lib/python3.12/dist-packages/torch/distributed/c10d_logger.py:83: FutureWarning: `torch.distributed.all_gather_into_tensor` is deprecated. Please use `torch.distributed.all_gather_single` instead.
  return func(*args, **kwargs)
/usr/local/lib/python3.12/dist-packages/torch/distributed/c10d_logger.py:83: FutureWarning: `torch.distributed.reduce_scatter_tensor` is deprecated. Please use `torch.distributed.reduce_scatter_single` instead.
  return func(*args, **kwargs)
[b12x-bounds] state_E=288 n=512 tile_m=128 routed_rows=4096 -> rows 40832/110464 tiles 319/863 tasks 1276/3452
2026-09-12 19:55:07,330 - INFO - cute_dsl_core.py:177 - flashinfer.jit: Compiling CuTe-DSL kernel st_b12x_moe_sm121a_cute_dsl/static2_m28_k4096_n512_t8_r512_tm32f2g2a32wutsf6v1_d7bbdb97ffdecbeb
2026-09-12 19:55:09,511 - INFO - cute_dsl_core.py:246 - flashinfer.jit: Persisted CuTe-DSL kernel to /cache/.cache/flashinfer/0.6.18.dev20260819/121a/cached_ops/st_b12x_moe_sm121a_cute_dsl/static2_m28_k4096_n512_t8_r512_tm32f2g2a32wutsf6v1_d7bbdb97ffdecbeb.o
[b12x static v2] lane serving: static2_m28_k4096_n512_t8_r512_tm32f2g2a32wutsf6v1 (mac=48, m=28, routed=224, smem=101376 B)
2026-09-12 19:55:15,476 - INFO - cute_dsl_core.py:177 - flashinfer.jit: Compiling CuTe-DSL kernel st_b12x_moe_sm121a_cute_dsl/static2_m21_k4096_n512_t8_r512_tm32f2g2a32wutsf6v1_55501d9399a7708c
2026-09-12 19:55:17,631 - INFO - cute_dsl_core.py:246 - flashinfer.jit: Persisted CuTe-DSL kernel to /cache/.cache/flashinfer/0.6.18.dev20260819/121a/cached_ops/st_b12x_moe_sm121a_cute_dsl/static2_m21_k4096_n512_t8_r512_tm32f2g2a32wutsf6v1_55501d9399a7708c.o
[b12x static v2] lane serving: static2_m21_k4096_n512_t8_r512_tm32f2g2a32wutsf6v1 (mac=48, m=21, routed=168, smem=101376 B)
2026-09-12 19:55:22,747 - INFO - cute_dsl_core.py:177 - flashinfer.jit: Compiling CuTe-DSL kernel st_b12x_moe_sm121a_cute_dsl/static2_m14_k4096_n512_t8_r512_tm32f2g2a32wutsf6v1_f20d98d05ad9f491
2026-09-12 19:55:24,904 - INFO - cute_dsl_core.py:246 - flashinfer.jit: Persisted CuTe-DSL kernel to /cache/.cache/flashinfer/0.6.18.dev20260819/121a/cached_ops/st_b12x_moe_sm121a_cute_dsl/static2_m14_k4096_n512_t8_r512_tm32f2g2a32wutsf6v1_f20d98d05ad9f491.o
[b12x static v2] lane serving: static2_m14_k4096_n512_t8_r512_tm32f2g2a32wutsf6v1 (mac=48, m=14, routed=112, smem=101376 B)
2026-09-12 19:55:27,699 - INFO - cute_dsl_core.py:177 - flashinfer.jit: Compiling CuTe-DSL kernel st_b12x_moe_sm121a_cute_dsl/static2_m7_k4096_n512_t8_r512_tm32f2g2a32wutr16n128k256d256sf6v1_b2a485c76ae56c90
2026-09-12 19:55:29,781 - INFO - cute_dsl_core.py:246 - flashinfer.jit: Persisted CuTe-DSL kernel to /cache/.cache/flashinfer/0.6.18.dev20260819/121a/cached_ops/st_b12x_moe_sm121a_cute_dsl/static2_m7_k4096_n512_t8_r512_tm32f2g2a32wutr16n128k256d256sf6v1_b2a485c76ae56c90.o
[b12x static v2] lane serving: static2_m7_k4096_n512_t8_r512_tm32f2g2a32wutr16n128k256d256sf6v1 (mac=48, m=7, routed=56, smem=98304 B)
[oneshot] STALL rank=2 phase=wait(peer-flags) seq=2755 slot=3 missing_peer_mask=0x7 tx_seq=2755 ack_seq=2755 rxf[slot]={2751,2755,2755} beat=14964990951
/usr/local/lib/python3.12/dist-packages/torch/distributed/c10d_logger.py:83: FutureWarning: `torch.distributed.all_gather_into_tensor` is deprecated. Please use `torch.distributed.all_gather_single` instead.
  return func(*args, **kwargs)
/usr/local/lib/python3.12/dist-packages/torch/distributed/c10d_logger.py:83: FutureWarning: `torch.distributed.all_gather_into_tensor` is deprecated. Please use `torch.distributed.all_gather_single` instead.
  return func(*args, **kwargs)
/usr/local/lib/python3.12/dist-packages/torch/distributed/c10d_logger.py:83: FutureWarning: `torch.distributed.all_gather_into_tensor` is deprecated. Please use `torch.distributed.all_gather_single` instead.
  return func(*args, **kwargs)
/usr/local/lib/python3.12/dist-packages/torch/distributed/c10d_logger.py:83: FutureWarning: `torch.distributed.all_gather_into_tensor` is deprecated. Please use `torch.distributed.all_gather_single` instead.
  return func(*args, **kwargs)
/usr/local/lib/python3.12/dist-packages/torch/distributed/c10d_logger.py:83: FutureWarning: `torch.distributed.all_gather_into_tensor` is deprecated. Please use `torch.distributed.all_gather_single` instead.
  return func(*args, **kwargs)
/usr/local/lib/python3.12/dist-packages/torch/distributed/c10d_logger.py:83: FutureWarning: `torch.distributed.all_gather_into_tensor` is deprecated. Please use `torch.distributed.all_gather_single` instead.
  return func(*args, **kwargs)
/usr/local/lib/python3.12/dist-packages/torch/distributed/c10d_logger.py:83: FutureWarning: `torch.distributed.all_gather_into_tensor` is deprecated. Please use `torch.distributed.all_gather_single` instead.
  return func(*args, **kwargs)
/usr/local/lib/python3.12/dist-packages/torch/distributed/c10d_logger.py:83: FutureWarning: `torch.distributed.all_gather_into_tensor` is deprecated. Please use `torch.distributed.all_gather_single` instead.
  return func(*args, **kwargs)
/usr/local/lib/python3.12/dist-packages/torch/distributed/c10d_logger.py:83: FutureWarning: `torch.distributed.all_gather_into_tensor` is deprecated. Please use `torch.distributed.all_gather_single` instead.
  return func(*args, **kwargs)
/usr/local/lib/python3.12/dist-packages/torch/distributed/c10d_logger.py:83: FutureWarning: `torch.distributed.all_gather_into_tensor` is deprecated. Please use `torch.distributed.all_gather_single` instead.
  return func(*args, **kwargs)
/usr/local/lib/python3.12/dist-packages/torch/distributed/c10d_logger.py:83: FutureWarning: `torch.distributed.all_gather_into_tensor` is deprecated. Please use `torch.distributed.all_gather_single` instead.
  return func(*args, **kwargs)
/usr/local/lib/python3.12/dist-packages/torch/distributed/c10d_logger.py:83: FutureWarning: `torch.distributed.all_gather_into_tensor` is deprecated. Please use `torch.distributed.all_gather_single` instead.
  return func(*args, **kwargs)
/usr/local/lib/python3.12/dist-packages/torch/distributed/c10d_logger.py:83: FutureWarning: `torch.distributed.all_gather_into_tensor` is deprecated. Please use `torch.distributed.all_gather_single` instead.
  return func(*args, **kwargs)
/usr/local/lib/python3.12/dist-packages/torch/distributed/c10d_logger.py:83: FutureWarning: `torch.distributed.all_gather_into_tensor` is deprecated. Please use `torch.distributed.all_gather_single` instead.
  return func(*args, **kwargs)
/usr/local/lib/python3.12/dist-packages/torch/distributed/c10d_logger.py:83: FutureWarning: `torch.distributed.all_gather_into_tensor` is deprecated. Please use `torch.distributed.all_gather_single` instead.
  return func(*args, **kwargs)
/usr/local/lib/python3.12/dist-packages/torch/distributed/c10d_logger.py:83: FutureWarning: `torch.distributed.all_gather_into_tensor` is deprecated. Please use `torch.distributed.all_gather_single` instead.
ST_NATIVE_EXECUTION {"rank": 2, "target_w4": 202, "target_fp8": 202, "head_fp8": true, "drafter_w4": 31, "drafter_context_fp8": true, "mhc": 89, "prefill_collectives": ["fp8_all_gather", "fp8_reduce_scatter"]}
  calibration: rank 2 summing the inputs of 162 uncalibrated pack tiles (0 deferred) -> /cache/mkcalib/rank2/ (filed on its own at 32K rows, at shutdown, or on POST /v1/engine/calibration; the next boot packs GPTQ from them)
  return func(*args, **kwargs)
/usr/local/lib/python3.12/dist-packages/torch/distributed/c10d_logger.py:83: FutureWarning: `torch.distributed.reduce_scatter_tensor` is deprecated. Please use `torch.distributed.reduce_scatter_single` instead.
  return func(*args, **kwargs)
[b12x-bounds] state_E=288 n=512 tile_m=128 routed_rows=2048 -> rows 38784/110464 tiles 303/863 tasks 1212/3452
/usr/local/lib/python3.12/dist-packages/torch/distributed/c10d_logger.py:83: FutureWarning: `torch.distributed.all_gather_into_tensor` is deprecated. Please use `torch.distributed.all_gather_single` instead.
  return func(*args, **kwargs)
/usr/local/lib/python3.12/dist-packages/torch/distributed/c10d_logger.py:83: FutureWarning: `torch.distributed.reduce_scatter_tensor` is deprecated. Please use `torch.distributed.reduce_scatter_single` instead.
  return func(*args, **kwargs)
[b12x-bounds] state_E=288 n=512 tile_m=128 routed_rows=16384 -> rows 53120/110464 tiles 415/863 tasks 1660/3452
/usr/local/lib/python3.12/dist-packages/torch/distributed/c10d_logger.py:83: FutureWarning: `torch.distributed.all_gather_into_tensor` is deprecated. Please use `torch.distributed.all_gather_single` instead.
  return func(*args, **kwargs)
/usr/local/lib/python3.12/dist-packages/torch/distributed/c10d_logger.py:83: FutureWarning: `torch.distributed.reduce_scatter_tensor` is deprecated. Please use `torch.distributed.reduce_scatter_single` instead.
  return func(*args, **kwargs)
[b12x-bounds] state_E=288 n=512 tile_m=128 routed_rows=18432 -> rows 55168/110464 tiles 431/863 tasks 1724/3452
/usr/local/lib/python3.12/dist-packages/torch/distributed/c10d_logger.py:83: FutureWarning: `torch.distributed.all_gather_into_tensor` is deprecated. Please use `torch.distributed.all_gather_single` instead.
  return func(*args, **kwargs)
[b12x-bounds] state_E=288 n=512 tile_m=128 routed_rows=32768 -> rows 69504/110464 tiles 543/863 tasks 2172/3452
[transformers] You are using a model of type `glm5_next` to instantiate a model of type ``. This may be expected if you are loading a checkpoint that shares a subset of the architecture (e.g., loading a `sam2_video` checkpoint into `Sam2Model`), but is otherwise not supported and can yield errors. Please verify that the checkpoint is compatible with the model you are instantiating.
/usr/local/lib/python3.12/dist-packages/torch/distributed/c10d_logger.py:83: FutureWarning: `torch.distributed.all_gather_into_tensor` is deprecated. Please use `torch.distributed.all_gather_single` instead.
  return func(*args, **kwargs)
[oneshot] STALL rank=2 phase=wait(peer-flags) seq=5518 slot=2 missing_peer_mask=0x7 tx_seq=5518 ack_seq=5518 rxf[slot]={5514,5514,5518} beat=22673126475
[oneshot] STALL rank=2 phase=wait(peer-flags) seq=5518 slot=2 missing_peer_mask=0x7 tx_seq=5518 ack_seq=5518 rxf[slot]={5514,5514,5518} beat=22929667890
[oneshot] STALL rank=2 phase=wait(peer-flags) seq=5518 slot=2 missing_peer_mask=0x7 tx_seq=5518 ack_seq=5518 rxf[slot]={5514,5514,5518} beat=23234825258
[oneshot] STALL rank=2 phase=wait(peer-flags) seq=5518 slot=2 missing_peer_mask=0x7 tx_seq=5518 ack_seq=5518 rxf[slot]={5514,5514,5518} beat=23539950098
[oneshot] STALL rank=2 phase=wait(peer-flags) seq=5518 slot=2 missing_peer_mask=0x7 tx_seq=5518 ack_seq=5518 rxf[slot]={5514,5514,5518} beat=23845050622
[oneshot] STALL rank=2 phase=wait(peer-flags) seq=5518 slot=2 missing_peer_mask=0x7 tx_seq=5518 ack_seq=5518 rxf[slot]={5514,5514,5518} beat=24150160478
[rank2]:[E912 19:57:17.566992430 ProcessGroupNCCL.cpp:2174] [PG ID 0 PG GUID 0(default_pg) Rank 2] Process group watchdog thread terminated with exception: CUDA error: unspecified launch failure
Search for `cudaErrorLaunchFailure' in https://docs.nvidia.com/cuda/cuda-runtime-api/group__CUDART__TYPES.html for more information.
CUDA kernel errors might be asynchronously reported at some other API call, so the stacktrace below might be incorrect.
For debugging consider passing CUDA_LAUNCH_BLOCKING=1

Exception raised from query at /__w/pytorch/pytorch/c10/cuda/CUDAEvent.h:111 (most recent call first):
frame #0: c10::Error::Error(c10::SourceLocation, std::__cxx11::basic_string<char, std::char_traits<char>, std::allocator<char> >) + 0xc8 (0xed9ab4c8e158 in /usr/local/lib/python3.12/dist-packages/torch/lib/libc10.so)
frame #1: c10::cuda::c10_cuda_check_implementation(int, char const*, char const*, unsigned int, bool) + 0x834 (0xed9ab4dc9b54 in /usr/local/lib/python3.12/dist-packages/torch/lib/libc10_cuda.so)
frame #2: c10d::ProcessGroupNCCL::WorkNCCL::finishedGPUExecutionInternal() const + 0x4c (0xed9ab5bb90fc in /usr/local/lib/python3.12/dist-packages/torch/lib/libtorch_cuda.so)
frame #3: c10d::ProcessGroupNCCL::WorkNCCL::isCompleted() + 0x74 (0xed9ab5bcf864 in /usr/local/lib/python3.12/dist-packages/torch/lib/libtorch_cuda.so)
frame #4: c10d::ProcessGroupNCCL::Watchdog::runLoop() + 0x7b8 (0xed9ab5be2f78 in /usr/local/lib/python3.12/dist-packages/torch/lib/libtorch_cuda.so)
frame #5: c10d::ProcessGroupNCCL::Watchdog::run() + 0x108 (0xed9ab5be4958 in /usr/local/lib/python3.12/dist-packages/torch/lib/libtorch_cuda.so)
frame #6: <unknown function> + 0xe1ae0 (0xed9b658a1ae0 in /lib/aarch64-linux-gnu/libstdc++.so.6)
frame #7: <unknown function> + 0x8582c (0xed9b6665582c in /lib/aarch64-linux-gnu/libc.so.6)
frame #8: <unknown function> + 0xeb79c (0xed9b666bb79c in /lib/aarch64-linux-gnu/libc.so.6)

terminate called after throwing an instance of 'c10::DistBackendError'
  what():  [PG ID 0 PG GUID 0(default_pg) Rank 2] Process group watchdog thread terminated with exception: CUDA error: unspecified launch failure
Search for `cudaErrorLaunchFailure' in https://docs.nvidia.com/cuda/cuda-runtime-api/group__CUDART__TYPES.html for more information.
CUDA kernel errors might be asynchronously reported at some other API call, so the stacktrace below might be incorrect.
For debugging consider passing CUDA_LAUNCH_BLOCKING=1

Exception raised from query at /__w/pytorch/pytorch/c10/cuda/CUDAEvent.h:111 (most recent call first):
frame #0: c10::Error::Error(c10::SourceLocation, std::__cxx11::basic_string<char, std::char_traits<char>, std::allocator<char> >) + 0xc8 (0xed9ab4c8e158 in /usr/local/lib/python3.12/dist-packages/torch/lib/libc10.so)
frame #1: c10::cuda::c10_cuda_check_implementation(int, char const*, char const*, unsigned int, bool) + 0x834 (0xed9ab4dc9b54 in /usr/local/lib/python3.12/dist-packages/torch/lib/libc10_cuda.so)
frame #2: c10d::ProcessGroupNCCL::WorkNCCL::finishedGPUExecutionInternal() const + 0x4c (0xed9ab5bb90fc in /usr/local/lib/python3.12/dist-packages/torch/lib/libtorch_cuda.so)
frame #3: c10d::ProcessGroupNCCL::WorkNCCL::isCompleted() + 0x74 (0xed9ab5bcf864 in /usr/local/lib/python3.12/dist-packages/torch/lib/libtorch_cuda.so)
frame #4: c10d::ProcessGroupNCCL::Watchdog::runLoop() + 0x7b8 (0xed9ab5be2f78 in /usr/local/lib/python3.12/dist-packages/torch/lib/libtorch_cuda.so)
frame #5: c10d::ProcessGroupNCCL::Watchdog::run() + 0x108 (0xed9ab5be4958 in /usr/local/lib/python3.12/dist-packages/torch/lib/libtorch_cuda.so)
frame #6: <unknown function> + 0xe1ae0 (0xed9b658a1ae0 in /lib/aarch64-linux-gnu/libstdc++.so.6)
frame #7: <unknown function> + 0x8582c (0xed9b6665582c in /lib/aarch64-linux-gnu/libc.so.6)
frame #8: <unknown function> + 0xeb79c (0xed9b666bb79c in /lib/aarch64-linux-gnu/libc.so.6)

Exception raised from run at /__w/pytorch/pytorch/torch/csrc/distributed/c10d/ProcessGroupNCCL.cpp:2180 (most recent call first):
frame #0: c10::Error::Error(c10::SourceLocation, std::__cxx11::basic_string<char, std::char_traits<char>, std::allocator<char> >) + 0xc8 (0xed9ab4c8e158 in /usr/local/lib/python3.12/dist-packages/torch/lib/libc10.so)
frame #1: c10::DistError::DistError(c10::SourceLocation, std::__cxx11::basic_string<char, std::char_traits<char>, std::allocator<char> >) + 0x78 (0xed9ab4c8ed48 in /usr/local/lib/python3.12/dist-packages/torch/lib/libc10.so)
frame #2: c10::DistBackendError::DistBackendError(c10::SourceLocation, std::__cxx11::basic_string<char, std::char_traits<char>, std::allocator<char> >) + 0x78 (0xed9ab4c8ee28 in /usr/local/lib/python3.12/dist-packages/torch/lib/libc10.so)
frame #3: c10d::ProcessGroupNCCL::Watchdog::run() + 0x5b8 (0xed9ab5be4e08 in /usr/local/lib/python3.12/dist-packages/torch/lib/libtorch_cuda.so)
frame #4: <unknown function> + 0xe1ae0 (0xed9b658a1ae0 in /lib/aarch64-linux-gnu/libstdc++.so.6)
frame #5: <unknown function> + 0x8582c (0xed9b6665582c in /lib/aarch64-linux-gnu/libc.so.6)
frame #6: <unknown function> + 0xeb79c (0xed9b666bb79c in /lib/aarch64-linux-gnu/libc.so.6)

