{"status": "FAIL", "gpu_used": true, "numerics_only": false, "scope": "packed model weight; synthetic inputs; no serving or acceptance verdict", "device": "NVIDIA GeForce RTX 5050", "capability": [12, 0], "sms": 20, "timing_target": "sm120-probe", "gb10_admission": false, "torch": "2.13.0+cu132", "cuda": "13.2", "cublaslt": 130400, "cells": [], "source_sha256": {"engine/kernels/dense/cublaslt.cpp": "ada91b1fd3409612537e9528fb9fb224bfe750f2ea1a5ae32a1b43b2a592e3a0", "engine/kernels/dense/cublaslt.py": "73c11e7910ebc7e90d1b3f61a025b33ecca57889a70bdab5e72cc358a7b34804", "engine/kernels/dense/mxfp8.py": "81600338eb0d865c38d0fc663abac11aa9b3ad8ff158279d7b333b011ef69299", "engine/kernels/dense/fp8.py": "e2735f882ded060a7db99dd265c7f809d3024840500bcb26a0636f96498ade1f", "engine/kernels/prefill_collectives/consumer.py": "3cabd1112ff9f91cb4455692366d975857ab82cf055b9f4ae58d3faaae8a55eb", "probes/engine_cublaslt_check.py": "780f7c950312a665dabb651c0fdf316cd220ac8b54c4aaf15245ee82ea8b7611"}, "error": "RuntimeError: it->second->use_count > 0 INTERNAL ASSERT FAILED at \"/__w/pytorch/pytorch/c10/cuda/CUDACachingAllocator.cpp\":3332, please report a bug to PyTorch. "}
Traceback (most recent call last):
  File "/work/probes/engine_cublaslt_check.py", line 224, in <module>
    main()
  File "/work/probes/engine_cublaslt_check.py", line 160, in main
    prepared = PreparedProjection(weight, m, producer, args.producer, mx_weight=mx_weight,
               ^^^^^^^^^^^^^^^^^^^^^^^^^^^^^^^^^^^^^^^^^^^^^^^^^^^^^^^^^^^^^^^^^^^^^^^^^^^
  File "/work/engine/kernels/dense/cublaslt.py", line 344, in __init__
    self.choice, self.record = self.owner.prepare(self.key, weight, self.mx_weight, producer)
                               ^^^^^^^^^^^^^^^^^^^^^^^^^^^^^^^^^^^^^^^^^^^^^^^^^^^^^^^^^^^^^^
  File "/work/engine/kernels/dense/cublaslt.py", line 219, in prepare
    choice = self._search(plan, candidates, weight, mx_weight, producer, record)
             ^^^^^^^^^^^^^^^^^^^^^^^^^^^^^^^^^^^^^^^^^^^^^^^^^^^^^^^^^^^^^^^^^^^
  File "/work/engine/kernels/dense/cublaslt.py", line 267, in _search
    milliseconds = _measure(fn, pool, repeats=2)
                   ^^^^^^^^^^^^^^^^^^^^^^^^^^^^^
  File "/work/engine/kernels/dense/cublaslt.py", line 122, in _measure
    graph.capture_begin(pool, capture_error_mode='thread_local')
  File "/usr/local/lib/python3.12/site-packages/torch/cuda/graphs.py", line 153, in capture_begin
    super().capture_begin(pool=pool, capture_error_mode=capture_error_mode)
RuntimeError: it->second->use_count > 0 INTERNAL ASSERT FAILED at "/__w/pytorch/pytorch/c10/cuda/CUDACachingAllocator.cpp":3332, please report a bug to PyTorch.
