  box: GB10 (DGX Spark): SM121, unified 122 GiB (108 free)
  kernel shape (record): hidden 2560 hc 4 gated_residual tp 4 | gqa 6x256 no sink | linear 4/12x128x128 conv 4 decay/head | indexer qsa 4x128 pool 4 top 2048 | moe 512(128 local) I640/640 top10 nvfp4 silu | spec 1
[W919 04:48:16.635493371 Utils.hpp:137] Warning: Environment variable NCCL_ASYNC_ERROR_HANDLING is deprecated; use TORCH_NCCL_ASYNC_ERROR_HANDLING instead (function operator())
[oneshot] inline proxy serving peers=3 inline_bytes=8 wr_reuse=1
/usr/local/lib/python3.12/dist-packages/torch/distributed/c10d_logger.py:83: FutureWarning: `torch.distributed.all_gather_into_tensor` is deprecated. Please use `torch.distributed.all_gather_single` instead.
  return func(*args, **kwargs)
  collectives: one-shot RDMA (NCCL where ineligible)
  lanes qualified: {'gated_residual': {'enter': (0.0062500000931322575, 0.0010940515203401446), 'inject': (0.004854368977248669, 0.0013956144684925675), 'leave_norm': (0.004975124262273312, 0.0024845092557370663), 'leave': (0.004975124262273312, 0.0024845092557370663), 'close': (0.005586592014878988, 0.0027172171976417303)}, 'gdn': {'decay': (1.8527525469380635e-07, 1.2093259726952965e-07), 'beta': (0.0, 0.0), 'raw_beta': (0.0, 0.0), 'norm': (7.038288458716124e-05, 2.438618139422033e-06)}, 'qsa_norm_rope': {'norm_rope_6x256': (0.006172839552164078, 0.0015349400928243995), 'norm_rope_4x128': (0.006896551698446274, 0.002324720611795783)}, 'skinny_gemv': {'513x2560': 0.002813, '324x10240': 0.002272, '320x10240': 0.002349}, 'fp8_rows': {1: 0.002073, 4: 0.001935, 16: 0.002006}}
boot rendezvous arena-admission: rank 1 prepared; waiting for 4 ranks (deadline 1800s)
boot rendezvous weights-loaded: rank 1 prepared; waiting for 4 ranks (deadline 1800s)
[b12x-bounds] state_E=128 n=640 tile_m=128 routed_rows=124385 -> rows 140672/140672 tiles 1099/1099 tasks 5495/5495
[b12x-bounds] state_E=128 n=640 tile_m=128 routed_rows=139289 -> rows 155648/155648 tiles 1216/1216 tasks 6080/6080
[b12x-bounds] state_E=128 n=640 tile_m=128 routed_rows=105106 -> rows 121472/155648 tiles 949/1216 tasks 4745/6080
/usr/local/lib/python3.12/dist-packages/torch/distributed/c10d_logger.py:83: FutureWarning: `torch.distributed.all_gather_into_tensor` is deprecated. Please use `torch.distributed.all_gather_single` instead.
  return func(*args, **kwargs)
[b12x-bounds] state_E=128 n=640 tile_m=128 routed_rows=87668 -> rows 103936/155648 tiles 812/1216 tasks 4060/6080
[b12x-bounds] state_E=128 n=640 tile_m=128 routed_rows=142518 -> rows 158848/158848 tiles 1241/1241 tasks 6205/6205
[b12x-bounds] state_E=128 n=640 tile_m=128 routed_rows=101405 -> rows 117760/158848 tiles 920/1241 tasks 4600/6205
[b12x-bounds] state_E=128 n=640 tile_m=128 routed_rows=56850 -> rows 73216/158848 tiles 572/1241 tasks 2860/6205
[b12x-bounds] state_E=128 n=640 tile_m=128 routed_rows=61637 -> rows 77952/158848 tiles 609/1241 tasks 3045/6205
[b12x-bounds] state_E=128 n=640 tile_m=128 routed_rows=131005 -> rows 147328/158848 tiles 1151/1241 tasks 5755/6205
[b12x-bounds] state_E=128 n=640 tile_m=128 routed_rows=123075 -> rows 139392/158848 tiles 1089/1241 tasks 5445/6205
[b12x-bounds] state_E=128 n=640 tile_m=128 routed_rows=36404 -> rows 52736/158848 tiles 412/1241 tasks 2060/6205
[b12x-bounds] state_E=128 n=640 tile_m=128 routed_rows=73071 -> rows 89344/158848 tiles 698/1241 tasks 3490/6205
[b12x-bounds] state_E=128 n=640 tile_m=128 routed_rows=124606 -> rows 140928/158848 tiles 1101/1241 tasks 5505/6205
[b12x-bounds] state_E=128 n=640 tile_m=128 routed_rows=83758 -> rows 100096/158848 tiles 782/1241 tasks 3910/6205
[b12x-bounds] state_E=128 n=640 tile_m=128 routed_rows=74108 -> rows 90368/158848 tiles 706/1241 tasks 3530/6205
[b12x-bounds] state_E=128 n=640 tile_m=128 routed_rows=62879 -> rows 79232/158848 tiles 619/1241 tasks 3095/6205
[b12x-bounds] state_E=128 n=640 tile_m=128 routed_rows=90474 -> rows 106752/158848 tiles 834/1241 tasks 4170/6205
[b12x-bounds] state_E=128 n=640 tile_m=128 routed_rows=72618 -> rows 88960/158848 tiles 695/1241 tasks 3475/6205
[b12x-bounds] state_E=128 n=640 tile_m=128 routed_rows=69993 -> rows 86272/158848 tiles 674/1241 tasks 3370/6205
[b12x-bounds] state_E=128 n=640 tile_m=128 routed_rows=65876 -> rows 82176/158848 tiles 642/1241 tasks 3210/6205
[b12x-bounds] state_E=128 n=640 tile_m=128 routed_rows=96184 -> rows 112512/158848 tiles 879/1241 tasks 4395/6205
[b12x-bounds] state_E=128 n=640 tile_m=128 routed_rows=104523 -> rows 120832/158848 tiles 944/1241 tasks 4720/6205
[b12x-bounds] state_E=128 n=640 tile_m=128 routed_rows=47744 -> rows 64000/158848 tiles 500/1241 tasks 2500/6205
[b12x-bounds] state_E=128 n=640 tile_m=128 routed_rows=78859 -> rows 95232/158848 tiles 744/1241 tasks 3720/6205
[b12x-bounds] state_E=128 n=640 tile_m=128 routed_rows=58620 -> rows 74880/158848 tiles 585/1241 tasks 2925/6205
  drafter: MTP head, K=1 (verify step 2 tokens a row)
  rank 1: ready in 62.1 s, door on port 8000
/usr/local/lib/python3.12/dist-packages/torch/distributed/c10d_logger.py:83: FutureWarning: `torch.distributed.all_gather_into_tensor` is deprecated. Please use `torch.distributed.all_gather_single` instead.
  return func(*args, **kwargs)
