  box: GB10 (DGX Spark): SM121, unified 122 GiB (103 free)
  kernel shape (record): hidden 2560 hc 4 gated_residual tp 4 | gqa 6x256 no sink | linear 4/12x128x128 conv 4 decay/head | indexer qsa 4x128 pool 4 top 2048 | moe 512(128 local) I640/640 top10 nvfp4 silu | spec 1
[W919 04:45:29.776688563 Utils.hpp:137] Warning: Environment variable NCCL_ASYNC_ERROR_HANDLING is deprecated; use TORCH_NCCL_ASYNC_ERROR_HANDLING instead (function operator())
[oneshot] inline proxy serving peers=3 inline_bytes=8 wr_reuse=1
/usr/local/lib/python3.12/dist-packages/torch/distributed/c10d_logger.py:83: FutureWarning: `torch.distributed.all_gather_into_tensor` is deprecated. Please use `torch.distributed.all_gather_single` instead.
  return func(*args, **kwargs)
  collectives: one-shot RDMA (NCCL where ineligible)
  lanes qualified: {'gated_residual': {'enter': (0.0062500000931322575, 0.0010940515203401446), 'inject': (0.004854368977248669, 0.0013956144684925675), 'leave_norm': (0.004975124262273312, 0.0024845092557370663), 'leave': (0.004975124262273312, 0.0024845092557370663), 'close': (0.005586592014878988, 0.0027172171976417303)}, 'gdn': {'decay': (1.8527525469380635e-07, 1.2093259726952965e-07), 'beta': (0.0, 0.0), 'raw_beta': (0.0, 0.0), 'norm': (7.038288458716124e-05, 2.438618139422033e-06)}, 'qsa_norm_rope': {'norm_rope_6x256': (0.006172839552164078, 0.0015349400928243995), 'norm_rope_4x128': (0.006896551698446274, 0.002324720611795783)}, 'skinny_gemv': {'513x2560': 0.002813, '324x10240': 0.002272, '320x10240': 0.002349}, 'fp8_rows': {1: 0.002073, 4: 0.001935, 16: 0.002006}}
boot rendezvous arena-admission: rank 3 prepared; waiting for 4 ranks (deadline 1800s)
boot rendezvous weights-loaded: rank 3 prepared; waiting for 4 ranks (deadline 1800s)
[b12x-bounds] state_E=128 n=640 tile_m=128 routed_rows=128015 -> rows 144384/144384 tiles 1128/1128 tasks 5640/5640
[b12x-bounds] state_E=128 n=640 tile_m=128 routed_rows=54227 -> rows 70528/144384 tiles 551/1128 tasks 2755/5640
[b12x-bounds] state_E=128 n=640 tile_m=128 routed_rows=66874 -> rows 83200/144384 tiles 650/1128 tasks 3250/5640
/usr/local/lib/python3.12/dist-packages/torch/distributed/c10d_logger.py:83: FutureWarning: `torch.distributed.all_gather_into_tensor` is deprecated. Please use `torch.distributed.all_gather_single` instead.
  return func(*args, **kwargs)
[b12x-bounds] state_E=128 n=640 tile_m=128 routed_rows=29527 -> rows 45824/144384 tiles 358/1128 tasks 1790/5640
[b12x-bounds] state_E=128 n=640 tile_m=128 routed_rows=78132 -> rows 94464/144384 tiles 738/1128 tasks 3690/5640
[b12x-bounds] state_E=128 n=640 tile_m=128 routed_rows=142232 -> rows 158592/158592 tiles 1239/1239 tasks 6195/6195
[b12x-bounds] state_E=128 n=640 tile_m=128 routed_rows=89808 -> rows 106112/158592 tiles 829/1239 tasks 4145/6195
[b12x-bounds] state_E=128 n=640 tile_m=128 routed_rows=76962 -> rows 93312/158592 tiles 729/1239 tasks 3645/6195
[b12x-bounds] state_E=128 n=640 tile_m=128 routed_rows=31547 -> rows 47872/158592 tiles 374/1239 tasks 1870/6195
[b12x-bounds] state_E=128 n=640 tile_m=128 routed_rows=105648 -> rows 121984/158592 tiles 953/1239 tasks 4765/6195
[b12x-bounds] state_E=128 n=640 tile_m=128 routed_rows=86719 -> rows 103040/158592 tiles 805/1239 tasks 4025/6195
[b12x-bounds] state_E=128 n=640 tile_m=128 routed_rows=88804 -> rows 105088/158592 tiles 821/1239 tasks 4105/6195
[b12x-bounds] state_E=128 n=640 tile_m=128 routed_rows=33969 -> rows 50304/158592 tiles 393/1239 tasks 1965/6195
[b12x-bounds] state_E=128 n=640 tile_m=128 routed_rows=53704 -> rows 70016/158592 tiles 547/1239 tasks 2735/6195
[b12x-bounds] state_E=128 n=640 tile_m=128 routed_rows=96939 -> rows 113280/158592 tiles 885/1239 tasks 4425/6195
[b12x-bounds] state_E=128 n=640 tile_m=128 routed_rows=70175 -> rows 86528/158592 tiles 676/1239 tasks 3380/6195
[b12x-bounds] state_E=128 n=640 tile_m=128 routed_rows=106547 -> rows 122880/158592 tiles 960/1239 tasks 4800/6195
[b12x-bounds] state_E=128 n=640 tile_m=128 routed_rows=86258 -> rows 102528/158592 tiles 801/1239 tasks 4005/6195
[b12x-bounds] state_E=128 n=640 tile_m=128 routed_rows=72906 -> rows 89216/158592 tiles 697/1239 tasks 3485/6195
[b12x-bounds] state_E=128 n=640 tile_m=128 routed_rows=102181 -> rows 118528/158592 tiles 926/1239 tasks 4630/6195
[b12x-bounds] state_E=128 n=640 tile_m=128 routed_rows=58337 -> rows 74624/158592 tiles 583/1239 tasks 2915/6195
[b12x-bounds] state_E=128 n=640 tile_m=128 routed_rows=76308 -> rows 92672/158592 tiles 724/1239 tasks 3620/6195
[b12x-bounds] state_E=128 n=640 tile_m=128 routed_rows=99505 -> rows 115840/158592 tiles 905/1239 tasks 4525/6195
[b12x-bounds] state_E=128 n=640 tile_m=128 routed_rows=68913 -> rows 85248/158592 tiles 666/1239 tasks 3330/6195
[b12x-bounds] state_E=128 n=640 tile_m=128 routed_rows=109639 -> rows 125952/158592 tiles 984/1239 tasks 4920/6195
2026-09-19 04:46:16,249 - INFO - cute_dsl_core.py:177 - flashinfer.jit: Compiling CuTe-DSL kernel st_b12x_moe_e96383066039_sm121a_cute_dsl/micro_m6_k2560_n640_t1_r6_ebca9aabb5be7438
2026-09-19 04:46:19,139 - INFO - cute_dsl_core.py:246 - flashinfer.jit: Persisted CuTe-DSL kernel to /cache/cu132/.cache/flashinfer/0.6.18.dev20260819/121a/cached_ops/st_b12x_moe_e96383066039_sm121a_cute_dsl/micro_m6_k2560_n640_t1_r6_ebca9aabb5be7438.o
2026-09-19 04:46:20,559 - INFO - cute_dsl_core.py:177 - flashinfer.jit: Compiling CuTe-DSL kernel st_b12x_moe_e96383066039_sm121a_cute_dsl/micro_m5_k2560_n640_t1_r6_f543194c57ec5934
2026-09-19 04:46:22,930 - INFO - cute_dsl_core.py:246 - flashinfer.jit: Persisted CuTe-DSL kernel to /cache/cu132/.cache/flashinfer/0.6.18.dev20260819/121a/cached_ops/st_b12x_moe_e96383066039_sm121a_cute_dsl/micro_m5_k2560_n640_t1_r6_f543194c57ec5934.o
2026-09-19 04:46:30,587 - INFO - cute_dsl_core.py:177 - flashinfer.jit: Compiling CuTe-DSL kernel st_b12x_moe_e96383066039_sm121a_cute_dsl/micro_m8_k2560_n640_t1_r8_cf135b06e68c75e9
2026-09-19 04:46:32,969 - INFO - cute_dsl_core.py:246 - flashinfer.jit: Persisted CuTe-DSL kernel to /cache/cu132/.cache/flashinfer/0.6.18.dev20260819/121a/cached_ops/st_b12x_moe_e96383066039_sm121a_cute_dsl/micro_m8_k2560_n640_t1_r8_cf135b06e68c75e9.o
2026-09-19 04:46:32,974 - INFO - cute_dsl_core.py:177 - flashinfer.jit: Compiling CuTe-DSL kernel st_b12x_moe_e96383066039_sm121a_cute_dsl/micro_m1_k2560_n640_t1_r8_cb12f4faae52a0bf
2026-09-19 04:46:35,241 - INFO - cute_dsl_core.py:246 - flashinfer.jit: Persisted CuTe-DSL kernel to /cache/cu132/.cache/flashinfer/0.6.18.dev20260819/121a/cached_ops/st_b12x_moe_e96383066039_sm121a_cute_dsl/micro_m1_k2560_n640_t1_r8_cb12f4faae52a0bf.o
2026-09-19 04:46:35,251 - INFO - cute_dsl_core.py:177 - flashinfer.jit: Compiling CuTe-DSL kernel st_b12x_moe_e96383066039_sm121a_cute_dsl/micro_m2_k2560_n640_t1_r8_3626c981811faeea
2026-09-19 04:46:37,615 - INFO - cute_dsl_core.py:246 - flashinfer.jit: Persisted CuTe-DSL kernel to /cache/cu132/.cache/flashinfer/0.6.18.dev20260819/121a/cached_ops/st_b12x_moe_e96383066039_sm121a_cute_dsl/micro_m2_k2560_n640_t1_r8_3626c981811faeea.o
2026-09-19 04:46:37,623 - INFO - cute_dsl_core.py:177 - flashinfer.jit: Compiling CuTe-DSL kernel st_b12x_moe_e96383066039_sm121a_cute_dsl/micro_m3_k2560_n640_t1_r8_99c7a75d46db78d6
2026-09-19 04:46:39,986 - INFO - cute_dsl_core.py:246 - flashinfer.jit: Persisted CuTe-DSL kernel to /cache/cu132/.cache/flashinfer/0.6.18.dev20260819/121a/cached_ops/st_b12x_moe_e96383066039_sm121a_cute_dsl/micro_m3_k2560_n640_t1_r8_99c7a75d46db78d6.o
2026-09-19 04:46:39,991 - INFO - cute_dsl_core.py:177 - flashinfer.jit: Compiling CuTe-DSL kernel st_b12x_moe_e96383066039_sm121a_cute_dsl/micro_m4_k2560_n640_t1_r8_f2b28d9a02373429
2026-09-19 04:46:42,494 - INFO - cute_dsl_core.py:246 - flashinfer.jit: Persisted CuTe-DSL kernel to /cache/cu132/.cache/flashinfer/0.6.18.dev20260819/121a/cached_ops/st_b12x_moe_e96383066039_sm121a_cute_dsl/micro_m4_k2560_n640_t1_r8_f2b28d9a02373429.o
2026-09-19 04:46:42,499 - INFO - cute_dsl_core.py:177 - flashinfer.jit: Compiling CuTe-DSL kernel st_b12x_moe_e96383066039_sm121a_cute_dsl/micro_m5_k2560_n640_t1_r8_45f234a3a7e0ea9c
2026-09-19 04:46:44,858 - INFO - cute_dsl_core.py:246 - flashinfer.jit: Persisted CuTe-DSL kernel to /cache/cu132/.cache/flashinfer/0.6.18.dev20260819/121a/cached_ops/st_b12x_moe_e96383066039_sm121a_cute_dsl/micro_m5_k2560_n640_t1_r8_45f234a3a7e0ea9c.o
2026-09-19 04:46:44,863 - INFO - cute_dsl_core.py:177 - flashinfer.jit: Compiling CuTe-DSL kernel st_b12x_moe_e96383066039_sm121a_cute_dsl/micro_m6_k2560_n640_t1_r8_c33b5d2a174191fd
2026-09-19 04:46:47,214 - INFO - cute_dsl_core.py:246 - flashinfer.jit: Persisted CuTe-DSL kernel to /cache/cu132/.cache/flashinfer/0.6.18.dev20260819/121a/cached_ops/st_b12x_moe_e96383066039_sm121a_cute_dsl/micro_m6_k2560_n640_t1_r8_c33b5d2a174191fd.o
2026-09-19 04:46:47,219 - INFO - cute_dsl_core.py:177 - flashinfer.jit: Compiling CuTe-DSL kernel st_b12x_moe_e96383066039_sm121a_cute_dsl/micro_m7_k2560_n640_t1_r8_aed1e9196b2b5d92
2026-09-19 04:46:49,585 - INFO - cute_dsl_core.py:246 - flashinfer.jit: Persisted CuTe-DSL kernel to /cache/cu132/.cache/flashinfer/0.6.18.dev20260819/121a/cached_ops/st_b12x_moe_e96383066039_sm121a_cute_dsl/micro_m7_k2560_n640_t1_r8_aed1e9196b2b5d92.o
2026-09-19 04:46:56,342 - INFO - cute_dsl_core.py:177 - flashinfer.jit: Compiling CuTe-DSL kernel st_b12x_moe_e96383066039_sm121a_cute_dsl/micro_m3_k2560_n640_t10_r80_12f6c9f2c66a1d0e
2026-09-19 04:46:58,785 - INFO - cute_dsl_core.py:246 - flashinfer.jit: Persisted CuTe-DSL kernel to /cache/cu132/.cache/flashinfer/0.6.18.dev20260819/121a/cached_ops/st_b12x_moe_e96383066039_sm121a_cute_dsl/micro_m3_k2560_n640_t10_r80_12f6c9f2c66a1d0e.o
2026-09-19 04:46:58,943 - INFO - cute_dsl_core.py:177 - flashinfer.jit: Compiling CuTe-DSL kernel st_b12x_moe_e96383066039_sm121a_cute_dsl/micro_m1_k2560_n640_t10_r80_abcf4bd2697c7a67
2026-09-19 04:47:01,284 - INFO - cute_dsl_core.py:246 - flashinfer.jit: Persisted CuTe-DSL kernel to /cache/cu132/.cache/flashinfer/0.6.18.dev20260819/121a/cached_ops/st_b12x_moe_e96383066039_sm121a_cute_dsl/micro_m1_k2560_n640_t10_r80_abcf4bd2697c7a67.o
  drafter: MTP head, K=1 (verify step 2 tokens a row)
  rank 3: ready in 92.5 s, door on port 8000
/usr/local/lib/python3.12/dist-packages/torch/distributed/c10d_logger.py:83: FutureWarning: `torch.distributed.all_gather_into_tensor` is deprecated. Please use `torch.distributed.all_gather_single` instead.
  return func(*args, **kwargs)
