revision=9193d7c2d9ff98e4eb8c78ca8770246645ddb85a
test_default_off_and_explicit_experimental_plan (tests.test_engine_prefill_absorb_tiles.AbsorbRoutingTests.test_default_off_and_explicit_experimental_plan) ... ok
test_only_bounded_single_segment_eager_prefill_uses_lane (tests.test_engine_prefill_absorb_tiles.AbsorbRoutingTests.test_only_bounded_single_segment_eager_prefill_uses_lane) ... ok
test_runtime_marker_requires_both_contractions_on_every_dsa_layer (tests.test_engine_prefill_absorb_tiles.AbsorbRoutingTests.test_runtime_marker_requires_both_contractions_on_every_dsa_layer) ... ok
test_tp4_reference_handoff_preserves_aux_cache_and_following_seven_token_decode (tests.test_engine_prefill_absorb_tiles.AbsorbModelTests.test_tp4_reference_handoff_preserves_aux_cache_and_following_seven_token_decode) ... ok
test_missing_native_implementation_cannot_pass_coverage (tests.test_engine_native_execution.NativeQualificationTests.test_missing_native_implementation_cannot_pass_coverage) ... ok
test_nonfinite_prefill_releases_slots_and_refuses_readiness (tests.test_engine_native_execution.NativeQualificationTests.test_nonfinite_prefill_releases_slots_and_refuses_readiness) ... ok
test_acceptance_defaults_are_on_and_cannot_override_production (tests.test_engine_knobs.KnobDeclarationTests.test_acceptance_defaults_are_on_and_cannot_override_production) ... ok
test_adopted_execution_cannot_be_changed_by_stale_bisect_environment (tests.test_engine_knobs.KnobDeclarationTests.test_adopted_execution_cannot_be_changed_by_stale_bisect_environment) ... ok
test_gb10_serving_defaults_are_on_and_production_refuses_overrides (tests.test_engine_knobs.KnobDeclarationTests.test_gb10_serving_defaults_are_on_and_production_refuses_overrides) ... ok
test_indexer_shards_are_explicit_and_cannot_change_production (tests.test_engine_knobs.KnobDeclarationTests.test_indexer_shards_are_explicit_and_cannot_change_production) ... ok
test_only_declared_precision_mla_context_and_execution_experiments_remain (tests.test_engine_knobs.KnobDeclarationTests.test_only_declared_precision_mla_context_and_execution_experiments_remain) ... ok
test_production_remains_restartable_after_experiment_expiry (tests.test_engine_knobs.KnobDeclarationTests.test_production_remains_restartable_after_experiment_expiry) ... ok
test_unqualified_tuning_requires_an_explicit_profile (tests.test_engine_knobs.KnobDeclarationTests.test_unqualified_tuning_requires_an_explicit_profile) ... ok
test_configure_prefill_modes (tests.test_engine_knobs.MlaPrefillModeTests.test_configure_prefill_modes) ... ok
test_dispatcher_spec_is_applied_once_and_refused_after_views_exist (tests.test_engine_knobs.MoeStaticSpecTests.test_dispatcher_spec_is_applied_once_and_refused_after_views_exist) ... ok
test_parse_moe_static (tests.test_engine_knobs.MoeStaticSpecTests.test_parse_moe_static) ... ok
test_the_timing_cells_reach_the_served_recipe_but_never_serving (tests.test_engine_knobs.MoeStaticSpecTests.test_the_timing_cells_reach_the_served_recipe_but_never_serving)
xs/xa drop a TMA issue at compile time, which is the only way to ask which of the served recipe's ... ok
test_tile_major_relayout_reads_back_row_major (tests.test_engine_knobs.MoeStaticSpecTests.test_tile_major_relayout_reads_back_row_major) ... ok
test_dynamic_tile_m_override_is_validated (tests.test_engine_knobs.ProbeHookTests.test_dynamic_tile_m_override_is_validated) ... ok
test_mhc_pass_hook_is_fixed_before_the_kernels_compile (tests.test_engine_knobs.ProbeHookTests.test_mhc_pass_hook_is_fixed_before_the_kernels_compile) ... ok
test_mla_probe_instruments_are_arguments_not_env (tests.test_engine_knobs.ProbeHookTests.test_mla_probe_instruments_are_arguments_not_env) ... ok
test_probe_runner_and_launcher_forward_declared_knobs (tests.test_engine_knobs.ProbeRunnerTests.test_probe_runner_and_launcher_forward_declared_knobs) ... ok
test_collect_masks_ghost_rows_and_fits_the_correction_sign (tests.test_engine_draft_precision.BiasFitTests.test_collect_masks_ghost_rows_and_fits_the_correction_sign) ... ok
test_cpu_cli_merges_rank_bundles_and_records_input_hashes (tests.test_engine_draft_precision.BiasFitTests.test_cpu_cli_merges_rank_bundles_and_records_input_hashes) ... ok
test_fit_requires_finite_paired_rows_and_complete_distinct_ranks (tests.test_engine_draft_precision.BiasFitTests.test_fit_requires_finite_paired_rows_and_complete_distinct_ranks) ... ok
test_normalized_error_can_veto_improved_fc_error (tests.test_engine_draft_precision.BiasFitTests.test_normalized_error_can_veto_improved_fc_error) ... ok
test_validation_can_veto_but_cannot_fit_the_vector (tests.test_engine_draft_precision.BiasFitTests.test_validation_can_veto_but_cannot_fit_the_vector) ... ok
test_binding_uses_own_rank_and_peer_errors_are_reported (tests.test_engine_draft_precision.BindingTests.test_binding_uses_own_rank_and_peer_errors_are_reported) ... ok
test_default_does_no_preparation_and_identity_pins_each_reader_input (tests.test_engine_draft_precision.BindingTests.test_default_does_no_preparation_and_identity_pins_each_reader_input) ... ok
test_profile_rejects_malformed_corrections (tests.test_engine_draft_precision.BindingTests.test_profile_rejects_malformed_corrections) ... ok
test_w4_bias_is_refused_even_if_the_vector_is_well_formed (tests.test_engine_draft_precision.BindingTests.test_w4_bias_is_refused_even_if_the_vector_is_well_formed) ... ok
test_empty_strided_and_invalid_inputs (tests.test_engine_draft_precision.ProjectionTests.test_empty_strided_and_invalid_inputs) ... ok
test_fp32_projection_graph_replay_preserves_changed_close_scores (tests.test_engine_draft_precision.ProjectionTests.test_fp32_projection_graph_replay_preserves_changed_close_scores) ... skipped 'CUDA graph numerics; no GPU is used in CPU CI'
test_output_rounding_can_hide_a_real_score_difference (tests.test_engine_draft_precision.ProjectionTests.test_output_rounding_can_hide_a_real_score_difference) ... ok
test_cuda_controlled_walk_and_trace_match_cpu_and_replay_changed_packets (tests.test_engine_draft_tuning_integration.WalkTests.test_cuda_controlled_walk_and_trace_match_cpu_and_replay_changed_packets) ... skipped 'CUDA selector numerics; CPU CI never launches GPUs'
test_fc_bias_norm_cuda_graph_reads_the_owned_vector (tests.test_engine_draft_tuning_integration.WalkTests.test_fc_bias_norm_cuda_graph_reads_the_owned_vector) ... skipped 'CUDA fused norm numerics; CPU CI never launches GPUs'
test_fc_bias_norm_preserves_fp32_addition_and_signed_weight (tests.test_engine_draft_tuning_integration.WalkTests.test_fc_bias_norm_preserves_fp32_addition_and_signed_weight) ... ok
test_position_alpha_and_forced_predecessor_are_used_in_the_actual_walk (tests.test_engine_draft_tuning_integration.WalkTests.test_position_alpha_and_forced_predecessor_are_used_in_the_actual_walk) ... ok
test_actual_proposal_masks_before_topk_and_sampled_q_matches_the_forced_pick (tests.test_engine_draft_tuning_integration.WiringTests.test_actual_proposal_masks_before_topk_and_sampled_q_matches_the_forced_pick) ... ok
test_capture_construction_binds_boundary_input_only_when_enabled (tests.test_engine_draft_tuning_integration.WiringTests.test_capture_construction_binds_boundary_input_only_when_enabled) ... ok
test_fc_bias_follows_decode_phase_even_with_shared_calibration (tests.test_engine_draft_tuning_integration.WiringTests.test_fc_bias_follows_decode_phase_even_with_shared_calibration) ... ok
test_packet_reuse_resets_to_empty_on_both_graph_entry_points (tests.test_engine_draft_tuning_integration.WiringTests.test_packet_reuse_resets_to_empty_on_both_graph_entry_points) ... ok
test_preparation_requires_real_statistics_and_binds_only_draft_names (tests.test_engine_draft_tuning_integration.WiringTests.test_preparation_requires_real_statistics_and_binds_only_draft_names) ... ok
test_projection_precision_reaches_greedy_sampled_and_batched_paths (tests.test_engine_draft_tuning_integration.WiringTests.test_projection_precision_reaches_greedy_sampled_and_batched_paths) ... ok
test_trace_collection_cannot_run_ahead_and_overwrite_its_proposal (tests.test_engine_draft_tuning_integration.WiringTests.test_trace_collection_cannot_run_ahead_and_overwrite_its_proposal) ... ok

----------------------------------------------------------------------
Ran 45 tests in 6.687s

OK (skipped=3)
