=== pass0 vs pass4 (off2)
split                docs positions   nll off  nll off2  off2-off                95% CI off2 better |  bf16 off bf16 off2      diff                95% CI |    kl off   kl off2
fit                   108     27631   2.86189   2.86298  +0.00109 [ -0.00078, +0.00416]     0.023 |   2.86371   2.86486  +0.00115 [ -0.00080, +0.00436] |  5.81e-04  5.83e-04
heldout                25      6400   3.01138   3.01511  +0.00373 [ +0.00000, +0.01115]     0.037 |   3.01226   3.01590  +0.00364 [ -0.00009, +0.01099] |  5.77e-04  5.79e-04
heldout-no-onepass     22      5632   3.03675   3.04093  +0.00419 [ +0.00000, +0.01257]     0.022 |   3.03754   3.04170  +0.00416 [ +0.00000, +0.01249] |  5.92e-04  5.96e-04
=== pass0 vs pass1 (skip10)
split                docs positions   nll off nll skip10 skip10-off                95% CI skip10 better |  bf16 off bf16 skip10      diff                95% CI |    kl off kl skip10
fit                   108     27631   2.86189   2.89419  +0.03231 [ +0.00846, +0.05516]     0.449 |   2.86371   2.89580  +0.03209 [ +0.00816, +0.05489] |  5.81e-04  6.04e-04
heldout                25      6400   3.01138   3.08084  +0.06946 [ +0.01670, +0.12609]     0.447 |   3.01226   3.08116  +0.06890 [ +0.01586, +0.12533] |  5.77e-04  6.30e-04
heldout-no-onepass     22      5632   3.03675   3.08337  +0.04663 [ -0.00321, +0.09616]     0.450 |   3.03754   3.08347  +0.04593 [ -0.00322, +0.09529] |  5.92e-04  6.46e-04
=== pass0 vs pass2 (skip15)
split                docs positions   nll off nll skip15 skip15-off                95% CI skip15 better |  bf16 off bf16 skip15      diff                95% CI |    kl off kl skip15
fit                   108     27631   2.86189   2.86888  +0.00699 [ -0.03056, +0.04056]     0.446 |   2.86371   2.86999  +0.00628 [ -0.03129, +0.03991] |  5.81e-04  6.16e-04
heldout                25      6400   3.01138   3.01301  +0.00163 [ -0.05177, +0.05820]     0.448 |   3.01226   3.01406  +0.00180 [ -0.05134, +0.05800] |  5.77e-04  6.38e-04
heldout-no-onepass     22      5632   3.03675   3.03266  -0.00408 [ -0.06133, +0.05423]     0.454 |   3.03754   3.03351  -0.00403 [ -0.06074, +0.05401] |  5.92e-04  6.55e-04
=== pass0 vs pass3 (layer10)
split                docs positions   nll off nll layer10 layer10-off                95% CI layer10 better |  bf16 off bf16 layer10      diff                95% CI |    kl off kl layer10
fit                   108     27631   2.86189   2.88624  +0.02435 [ +0.00084, +0.04578]     0.448 |   2.86371   2.88814  +0.02443 [ +0.00113, +0.04577] |  5.81e-04  6.16e-04
heldout                25      6400   3.01138   3.03972  +0.02834 [ -0.00817, +0.06505]     0.452 |   3.01226   3.04050  +0.02824 [ -0.00797, +0.06469] |  5.77e-04  6.30e-04
heldout-no-onepass     22      5632   3.03675   3.06981  +0.03307 [ -0.00160, +0.07215]     0.456 |   3.03754   3.07018  +0.03264 [ -0.00156, +0.07151] |  5.92e-04  6.46e-04
